Starting fresh run
Running with t_p=0.2 U=-4.0 L=100 chi_max=300 E_p=1.476 mu_init=-2.65
After sweep 1 energy=-17.426514  maxlinkdim=16 maxerr=2.34E-07 time=18.348
After sweep 2 energy=-18.436367  maxlinkdim=126 maxerr=8.26E-08 time=1.140
After sweep 3 energy=-18.490696  maxlinkdim=132 maxerr=7.30E-08 time=1.477
After sweep 4 energy=-18.505995  maxlinkdim=108 maxerr=6.25E-10 time=1.301
After sweep 5 energy=-18.510769  maxlinkdim=100 maxerr=5.77E-10 time=1.180
After sweep 6 energy=-18.512108  maxlinkdim=91 maxerr=9.83E-08 time=1.153
After sweep 7 energy=-18.512447  maxlinkdim=87 maxerr=2.37E-07 time=1.080
After sweep 8 energy=-18.51226  maxlinkdim=86 maxerr=4.01E-10 time=1.069
After sweep 9 energy=-18.512238  maxlinkdim=76 maxerr=1.25E-08 time=1.085
After sweep 10 energy=-18.512226  maxlinkdim=81 maxerr=1.90E-09 time=1.046
After sweep 11 energy=-18.512222  maxlinkdim=77 maxerr=3.45E-09 time=1.043
After sweep 12 energy=-18.512188  maxlinkdim=76 maxerr=3.20E-10 time=1.051
After sweep 13 energy=-18.512234  maxlinkdim=76 maxerr=6.49E-09 time=1.085
After sweep 14 energy=-18.512291  maxlinkdim=77 maxerr=2.52E-07 time=1.052
After sweep 15 energy=-18.512268  maxlinkdim=77 maxerr=2.12E-07 time=1.044
After sweep 16 energy=-18.512314  maxlinkdim=78 maxerr=2.77E-07 time=1.050
After sweep 17 energy=-18.512335  maxlinkdim=77 maxerr=7.37E-10 time=1.048
After sweep 18 energy=-18.512226  maxlinkdim=77 maxerr=7.83E-08 time=1.095
After sweep 19 energy=-18.512241  maxlinkdim=76 maxerr=4.10E-08 time=1.047
After sweep 20 energy=-18.51236  maxlinkdim=76 maxerr=5.44E-08 time=1.063
After sweep 21 energy=-18.512234  maxlinkdim=77 maxerr=2.13E-08 time=1.049
After sweep 22 energy=-18.512325  maxlinkdim=78 maxerr=3.67E-10 time=1.053
After sweep 23 energy=-18.512268  maxlinkdim=76 maxerr=2.04E-10 time=1.048
After sweep 24 energy=-18.512314  maxlinkdim=77 maxerr=1.57E-10 time=1.049
After sweep 25 energy=-18.512262  maxlinkdim=77 maxerr=1.83E-07 time=1.090
After sweep 26 energy=-18.512291  maxlinkdim=77 maxerr=4.84E-10 time=1.039
After sweep 27 energy=-18.512337  maxlinkdim=77 maxerr=3.04E-08 time=1.045
After sweep 28 energy=-18.512169  maxlinkdim=76 maxerr=1.10E-07 time=1.047
After sweep 29 energy=-18.512291  maxlinkdim=78 maxerr=3.57E-10 time=1.047
After sweep 30 energy=-18.51234  maxlinkdim=76 maxerr=8.76E-10 time=1.040
Not same mu, searching again
After sweep 1 energy=-16.94709  maxlinkdim=16 maxerr=2.79E-07 time=0.547
After sweep 2 energy=-17.935255  maxlinkdim=136 maxerr=4.75E-07 time=1.107
After sweep 3 energy=-17.987171  maxlinkdim=128 maxerr=3.17E-08 time=1.340
After sweep 4 energy=-18.002796  maxlinkdim=125 maxerr=2.23E-08 time=1.339
After sweep 5 energy=-18.008118  maxlinkdim=98 maxerr=2.12E-10 time=1.170
After sweep 6 energy=-18.009365  maxlinkdim=95 maxerr=3.73E-10 time=1.111
After sweep 7 energy=-18.009514  maxlinkdim=84 maxerr=1.59E-07 time=1.069
After sweep 8 energy=-18.009552  maxlinkdim=81 maxerr=7.56E-10 time=1.059
After sweep 9 energy=-18.009544  maxlinkdim=76 maxerr=3.12E-08 time=1.050
After sweep 10 energy=-18.009495  maxlinkdim=78 maxerr=2.38E-10 time=1.047
After sweep 11 energy=-18.009487  maxlinkdim=76 maxerr=1.88E-07 time=1.040
After sweep 12 energy=-18.009514  maxlinkdim=76 maxerr=9.11E-08 time=1.088
After sweep 13 energy=-18.009521  maxlinkdim=77 maxerr=9.80E-10 time=1.048
After sweep 14 energy=-18.009548  maxlinkdim=76 maxerr=1.65E-07 time=1.031
After sweep 15 energy=-18.009533  maxlinkdim=78 maxerr=8.62E-10 time=1.037
After sweep 16 energy=-18.00956  maxlinkdim=75 maxerr=4.85E-08 time=1.031
After sweep 17 energy=-18.009598  maxlinkdim=76 maxerr=1.85E-07 time=1.040
After sweep 18 energy=-18.009516  maxlinkdim=77 maxerr=1.53E-07 time=1.032
After sweep 19 energy=-18.009466  maxlinkdim=76 maxerr=1.81E-10 time=1.032
After sweep 20 energy=-18.009596  maxlinkdim=77 maxerr=1.37E-07 time=1.036
After sweep 21 energy=-18.009567  maxlinkdim=77 maxerr=1.19E-07 time=1.035
After sweep 22 energy=-18.009502  maxlinkdim=75 maxerr=6.47E-10 time=1.037
After sweep 23 energy=-18.00954  maxlinkdim=75 maxerr=2.11E-10 time=1.048
After sweep 24 energy=-18.009499  maxlinkdim=77 maxerr=2.72E-07 time=1.036
After sweep 25 energy=-18.00954  maxlinkdim=76 maxerr=1.15E-07 time=1.032
After sweep 26 energy=-18.00951  maxlinkdim=76 maxerr=1.02E-07 time=1.045
After sweep 27 energy=-18.009583  maxlinkdim=78 maxerr=1.42E-10 time=1.037
After sweep 28 energy=-18.009521  maxlinkdim=76 maxerr=7.04E-08 time=1.031
After sweep 29 energy=-18.009441  maxlinkdim=76 maxerr=1.40E-09 time=1.036
After sweep 30 energy=-18.009546  maxlinkdim=75 maxerr=9.99E-11 time=1.035
n0: 0.49800113; n1: 0.5075502; mu0: -2.6599999999999997; mu1: -2.65

Range found between mu0: -2.6599999999999997 (n0: 0.49800113) and mu1: -2.65 (n1: 0.5075502); refining...
n0: 0.49800113; n1: 0.5075502; mu0: -2.6599999999999997; mu1: -2.65
Trying secant step...
After sweep 1 energy=-17.044065  maxlinkdim=16 maxerr=2.68E-07 time=0.560
After sweep 2 energy=-18.03934  maxlinkdim=138 maxerr=9.15E-09 time=1.084
After sweep 3 energy=-18.092339  maxlinkdim=133 maxerr=6.99E-08 time=1.347
After sweep 4 energy=-18.107296  maxlinkdim=113 maxerr=2.01E-09 time=1.251
After sweep 5 energy=-18.112617  maxlinkdim=98 maxerr=5.82E-08 time=1.156
After sweep 6 energy=-18.113808  maxlinkdim=104 maxerr=1.96E-08 time=1.107
After sweep 7 energy=-18.113987  maxlinkdim=84 maxerr=1.41E-08 time=1.079
After sweep 8 energy=-18.113976  maxlinkdim=79 maxerr=3.85E-10 time=1.058
After sweep 9 energy=-18.114035  maxlinkdim=76 maxerr=8.13E-10 time=1.040
After sweep 10 energy=-18.113914  maxlinkdim=77 maxerr=2.32E-08 time=1.033
After sweep 11 energy=-18.11401  maxlinkdim=78 maxerr=2.04E-10 time=1.039
After sweep 12 energy=-18.113983  maxlinkdim=75 maxerr=1.00E-10 time=1.030
After sweep 13 energy=-18.113949  maxlinkdim=77 maxerr=1.52E-10 time=1.036
After sweep 14 energy=-18.11398  maxlinkdim=75 maxerr=1.41E-07 time=1.031
After sweep 15 energy=-18.11393  maxlinkdim=77 maxerr=4.04E-09 time=1.033
After sweep 16 energy=-18.113949  maxlinkdim=76 maxerr=1.32E-07 time=1.034
After sweep 17 energy=-18.114016  maxlinkdim=77 maxerr=9.99E-11 time=1.033
After sweep 18 energy=-18.113934  maxlinkdim=76 maxerr=6.06E-08 time=1.035
After sweep 19 energy=-18.113958  maxlinkdim=77 maxerr=1.24E-08 time=1.038
After sweep 20 energy=-18.113909  maxlinkdim=75 maxerr=1.13E-10 time=1.040
After sweep 21 energy=-18.113949  maxlinkdim=78 maxerr=3.49E-10 time=1.048
After sweep 22 energy=-18.11396  maxlinkdim=75 maxerr=2.68E-08 time=1.037
After sweep 23 energy=-18.113857  maxlinkdim=75 maxerr=2.33E-07 time=0.984
After sweep 24 energy=-18.113976  maxlinkdim=75 maxerr=1.71E-08 time=1.040
After sweep 25 energy=-18.114017  maxlinkdim=75 maxerr=8.16E-10 time=1.028
After sweep 26 energy=-18.113995  maxlinkdim=76 maxerr=2.84E-10 time=1.033
After sweep 27 energy=-18.113876  maxlinkdim=79 maxerr=4.28E-08 time=1.035
After sweep 28 energy=-18.11391  maxlinkdim=76 maxerr=1.29E-07 time=1.036
After sweep 29 energy=-18.1139  maxlinkdim=77 maxerr=5.23E-08 time=1.038
After sweep 30 energy=-18.113993  maxlinkdim=76 maxerr=6.73E-09 time=1.038
n0: 0.49800113; n1: 0.50000554; mu0: -2.6599999999999997; mu1: -2.6579067328728856
Trying secant step...
After sweep 1 energy=-17.045462  maxlinkdim=16 maxerr=3.21E-07 time=0.542
After sweep 2 energy=-18.037825  maxlinkdim=142 maxerr=1.07E-08 time=1.085
After sweep 3 energy=-18.09093  maxlinkdim=128 maxerr=5.41E-08 time=1.359
After sweep 4 energy=-18.10664  maxlinkdim=114 maxerr=6.89E-10 time=1.277
After sweep 5 energy=-18.11205  maxlinkdim=98 maxerr=1.09E-08 time=1.166
After sweep 6 energy=-18.113525  maxlinkdim=95 maxerr=2.11E-08 time=1.122
After sweep 7 energy=-18.113653  maxlinkdim=89 maxerr=3.43E-10 time=1.082
After sweep 8 energy=-18.113705  maxlinkdim=82 maxerr=8.86E-10 time=1.066
After sweep 9 energy=-18.113678  maxlinkdim=75 maxerr=1.21E-07 time=1.055
After sweep 10 energy=-18.113678  maxlinkdim=76 maxerr=4.47E-08 time=1.048
After sweep 11 energy=-18.113613  maxlinkdim=75 maxerr=4.98E-10 time=1.041
After sweep 12 energy=-18.113617  maxlinkdim=76 maxerr=9.96E-11 time=1.047
After sweep 13 energy=-18.113625  maxlinkdim=77 maxerr=9.99E-11 time=1.042
After sweep 14 energy=-18.113647  maxlinkdim=77 maxerr=2.87E-08 time=1.045
After sweep 15 energy=-18.113655  maxlinkdim=75 maxerr=1.75E-07 time=1.046
After sweep 16 energy=-18.113695  maxlinkdim=77 maxerr=1.73E-08 time=1.000
After sweep 17 energy=-18.113703  maxlinkdim=77 maxerr=5.88E-10 time=1.045
After sweep 18 energy=-18.113663  maxlinkdim=78 maxerr=9.99E-11 time=1.044
After sweep 19 energy=-18.113651  maxlinkdim=76 maxerr=1.44E-10 time=1.038
After sweep 20 energy=-18.113613  maxlinkdim=76 maxerr=6.44E-10 time=1.042
After sweep 21 energy=-18.113636  maxlinkdim=76 maxerr=1.98E-07 time=1.044
After sweep 22 energy=-18.113579  maxlinkdim=77 maxerr=4.43E-10 time=1.042
After sweep 23 energy=-18.1137  maxlinkdim=79 maxerr=2.02E-07 time=1.041
After sweep 24 energy=-18.113667  maxlinkdim=78 maxerr=1.86E-10 time=1.048
After sweep 25 energy=-18.11356  maxlinkdim=76 maxerr=3.24E-10 time=1.045
After sweep 26 energy=-18.113646  maxlinkdim=77 maxerr=9.99E-11 time=1.044
After sweep 27 energy=-18.11364  maxlinkdim=76 maxerr=5.62E-08 time=1.039
After sweep 28 energy=-18.113628  maxlinkdim=77 maxerr=3.06E-10 time=1.044
After sweep 29 energy=-18.113617  maxlinkdim=76 maxerr=1.08E-08 time=1.050
After sweep 30 energy=-18.113628  maxlinkdim=75 maxerr=3.42E-07 time=0.990
FOUND MU (secant); mu: -2.6579125218269817  n: 0.4999992
Target density achieved with mu=-2.6579125218269817, n=0.4999992
Checking {alpha,beta} vs measured
Alpha not converged.
NOT CONVERGED; updating alpha, beta and continuing...
After sweep 1 energy=-6.1772275  maxlinkdim=16 maxerr=1.50E-07 time=0.578
After sweep 2 energy=-7.3475657  maxlinkdim=140 maxerr=2.94E-08 time=1.129
After sweep 3 energy=-7.4915543  maxlinkdim=177 maxerr=3.39E-08 time=1.831
After sweep 4 energy=-7.5517793  maxlinkdim=170 maxerr=6.85E-08 time=1.710
After sweep 5 energy=-7.580022  maxlinkdim=149 maxerr=2.64E-08 time=1.554
After sweep 6 energy=-7.5934067  maxlinkdim=133 maxerr=6.70E-10 time=1.429
After sweep 7 energy=-7.6005783  maxlinkdim=117 maxerr=1.09E-07 time=1.379
After sweep 8 energy=-7.603784  maxlinkdim=122 maxerr=2.68E-07 time=1.386
After sweep 9 energy=-7.6043463  maxlinkdim=100 maxerr=7.91E-10 time=1.312
After sweep 10 energy=-7.6044874  maxlinkdim=103 maxerr=1.66E-07 time=1.278
After sweep 11 energy=-7.6045036  maxlinkdim=97 maxerr=6.07E-10 time=1.223
After sweep 12 energy=-7.6044607  maxlinkdim=93 maxerr=1.40E-07 time=1.269
After sweep 13 energy=-7.6044846  maxlinkdim=91 maxerr=2.22E-07 time=1.241
After sweep 14 energy=-7.604467  maxlinkdim=90 maxerr=9.21E-10 time=1.244
After sweep 15 energy=-7.6044793  maxlinkdim=95 maxerr=1.65E-07 time=1.238
After sweep 16 energy=-7.604507  maxlinkdim=92 maxerr=2.58E-08 time=1.175
After sweep 17 energy=-7.6044908  maxlinkdim=92 maxerr=2.52E-07 time=1.244
After sweep 18 energy=-7.6044464  maxlinkdim=92 maxerr=6.72E-10 time=1.241
After sweep 19 energy=-7.6044607  maxlinkdim=90 maxerr=3.80E-07 time=1.242
After sweep 20 energy=-7.604437  maxlinkdim=91 maxerr=1.24E-07 time=1.243
After sweep 21 energy=-7.6044416  maxlinkdim=92 maxerr=2.63E-07 time=1.182
After sweep 22 energy=-7.604537  maxlinkdim=89 maxerr=2.91E-10 time=1.241
After sweep 23 energy=-7.6044683  maxlinkdim=93 maxerr=6.92E-10 time=1.239
After sweep 24 energy=-7.6044545  maxlinkdim=89 maxerr=2.17E-07 time=1.239
After sweep 25 energy=-7.60445  maxlinkdim=94 maxerr=2.07E-07 time=1.170
After sweep 26 energy=-7.604504  maxlinkdim=94 maxerr=1.98E-07 time=1.243
After sweep 27 energy=-7.6044726  maxlinkdim=89 maxerr=5.78E-10 time=1.239
After sweep 28 energy=-7.6044497  maxlinkdim=90 maxerr=1.96E-07 time=1.238
After sweep 29 energy=-7.6044703  maxlinkdim=90 maxerr=1.97E-07 time=1.240
After sweep 30 energy=-7.6044683  maxlinkdim=90 maxerr=1.10E-09 time=1.168
Not same mu, searching again
After sweep 1 energy=-6.5625424  maxlinkdim=16 maxerr=1.97E-07 time=0.563
After sweep 2 energy=-7.755935  maxlinkdim=146 maxerr=1.01E-07 time=1.199
After sweep 3 energy=-7.913563  maxlinkdim=169 maxerr=5.82E-08 time=1.668
After sweep 4 energy=-7.9790654  maxlinkdim=165 maxerr=1.59E-09 time=1.679
After sweep 5 energy=-8.010123  maxlinkdim=161 maxerr=6.28E-08 time=1.539
After sweep 6 energy=-8.025128  maxlinkdim=113 maxerr=5.57E-08 time=1.420
After sweep 7 energy=-8.032623  maxlinkdim=122 maxerr=8.13E-10 time=1.372
After sweep 8 energy=-8.035948  maxlinkdim=117 maxerr=5.26E-10 time=1.355
After sweep 9 energy=-8.036888  maxlinkdim=98 maxerr=1.23E-07 time=1.326
After sweep 10 energy=-8.037078  maxlinkdim=98 maxerr=8.94E-10 time=1.281
After sweep 11 energy=-8.037077  maxlinkdim=111 maxerr=1.89E-07 time=1.293
After sweep 12 energy=-8.037098  maxlinkdim=95 maxerr=1.69E-10 time=1.290
After sweep 13 energy=-8.037068  maxlinkdim=95 maxerr=4.38E-08 time=1.206
After sweep 14 energy=-8.037083  maxlinkdim=92 maxerr=1.89E-08 time=1.276
After sweep 15 energy=-8.037055  maxlinkdim=91 maxerr=2.65E-07 time=1.268
After sweep 16 energy=-8.037111  maxlinkdim=94 maxerr=7.54E-08 time=1.271
After sweep 17 energy=-8.037122  maxlinkdim=91 maxerr=1.62E-09 time=1.277
After sweep 18 energy=-8.037112  maxlinkdim=92 maxerr=3.39E-07 time=1.282
After sweep 19 energy=-8.037129  maxlinkdim=91 maxerr=4.44E-10 time=1.206
After sweep 20 energy=-8.037103  maxlinkdim=92 maxerr=9.05E-08 time=1.273
After sweep 21 energy=-8.037127  maxlinkdim=92 maxerr=1.37E-08 time=1.269
After sweep 22 energy=-8.037074  maxlinkdim=91 maxerr=1.78E-07 time=1.257
After sweep 23 energy=-8.03706  maxlinkdim=92 maxerr=6.03E-08 time=1.261
After sweep 24 energy=-8.037112  maxlinkdim=94 maxerr=1.39E-09 time=1.197
After sweep 25 energy=-8.037043  maxlinkdim=92 maxerr=6.12E-10 time=1.257
After sweep 26 energy=-8.037075  maxlinkdim=97 maxerr=1.90E-07 time=1.271
After sweep 27 energy=-8.037116  maxlinkdim=91 maxerr=1.61E-07 time=1.263
After sweep 28 energy=-8.037077  maxlinkdim=92 maxerr=4.86E-08 time=1.271
After sweep 29 energy=-8.037063  maxlinkdim=91 maxerr=5.56E-10 time=1.196
After sweep 30 energy=-8.037102  maxlinkdim=91 maxerr=2.29E-07 time=1.258
n0: 0.4256397; n1: 0.4395243; mu0: -2.6579125218269817; mu1: -2.647912521826982
n_target > n1 and n_target > n0 triggered
After sweep 1 energy=-6.968748  maxlinkdim=16 maxerr=1.54E-07 time=0.569
After sweep 2 energy=-8.20191  maxlinkdim=147 maxerr=2.15E-07 time=1.144
After sweep 3 energy=-8.361009  maxlinkdim=182 maxerr=1.76E-08 time=1.856
After sweep 4 energy=-8.425075  maxlinkdim=165 maxerr=1.64E-07 time=1.770
After sweep 5 energy=-8.456259  maxlinkdim=148 maxerr=3.56E-07 time=1.599
After sweep 6 energy=-8.471383  maxlinkdim=121 maxerr=1.21E-08 time=1.524
After sweep 7 energy=-8.478772  maxlinkdim=125 maxerr=1.40E-08 time=1.399
After sweep 8 energy=-8.482013  maxlinkdim=118 maxerr=2.65E-07 time=1.303
After sweep 9 energy=-8.483215  maxlinkdim=112 maxerr=3.87E-08 time=1.349
After sweep 10 energy=-8.483401  maxlinkdim=105 maxerr=8.22E-10 time=1.328
After sweep 11 energy=-8.48338  maxlinkdim=100 maxerr=4.51E-07 time=1.317
After sweep 12 energy=-8.483418  maxlinkdim=98 maxerr=2.05E-07 time=1.304
After sweep 13 energy=-8.483398  maxlinkdim=95 maxerr=1.05E-09 time=1.284
After sweep 14 energy=-8.483428  maxlinkdim=93 maxerr=7.15E-10 time=1.277
After sweep 15 energy=-8.483399  maxlinkdim=94 maxerr=1.04E-09 time=1.277
After sweep 16 energy=-8.4834385  maxlinkdim=95 maxerr=1.75E-08 time=1.222
After sweep 17 energy=-8.483443  maxlinkdim=93 maxerr=2.07E-07 time=1.280
After sweep 18 energy=-8.483389  maxlinkdim=92 maxerr=2.14E-07 time=1.281
After sweep 19 energy=-8.483432  maxlinkdim=97 maxerr=2.17E-08 time=1.280
After sweep 20 energy=-8.483417  maxlinkdim=96 maxerr=8.49E-10 time=1.286
After sweep 21 energy=-8.483391  maxlinkdim=92 maxerr=9.08E-08 time=1.279
After sweep 22 energy=-8.48339  maxlinkdim=93 maxerr=1.92E-07 time=1.213
After sweep 23 energy=-8.483429  maxlinkdim=93 maxerr=2.18E-07 time=1.275
After sweep 24 energy=-8.48343  maxlinkdim=94 maxerr=8.31E-10 time=1.273
After sweep 25 energy=-8.483393  maxlinkdim=94 maxerr=3.58E-10 time=1.281
After sweep 26 energy=-8.483421  maxlinkdim=95 maxerr=1.05E-07 time=1.283
After sweep 27 energy=-8.483415  maxlinkdim=92 maxerr=6.07E-08 time=1.279
After sweep 28 energy=-8.483404  maxlinkdim=94 maxerr=1.91E-07 time=1.279
After sweep 29 energy=-8.483417  maxlinkdim=97 maxerr=1.49E-07 time=1.217
After sweep 30 energy=-8.483427  maxlinkdim=94 maxerr=1.41E-08 time=1.284
n0: 0.4395243; n1: 0.45308563; mu0: -2.647912521826982; mu1: -2.637912521826982
n_target > n1 and n_target > n0 triggered
After sweep 1 energy=-7.361582  maxlinkdim=16 maxerr=1.42E-07 time=0.554
After sweep 2 energy=-8.645949  maxlinkdim=147 maxerr=2.55E-07 time=1.208
After sweep 3 energy=-8.811161  maxlinkdim=166 maxerr=1.64E-07 time=1.724
After sweep 4 energy=-8.880475  maxlinkdim=159 maxerr=9.20E-09 time=1.754
After sweep 5 energy=-8.913412  maxlinkdim=149 maxerr=1.12E-09 time=1.647
After sweep 6 energy=-8.929886  maxlinkdim=126 maxerr=5.74E-08 time=1.497
After sweep 7 energy=-8.937933  maxlinkdim=127 maxerr=2.02E-08 time=1.432
After sweep 8 energy=-8.941624  maxlinkdim=119 maxerr=7.44E-08 time=1.407
After sweep 9 energy=-8.942817  maxlinkdim=116 maxerr=9.81E-08 time=1.385
After sweep 10 energy=-8.943121  maxlinkdim=100 maxerr=8.73E-08 time=1.347
After sweep 11 energy=-8.94314  maxlinkdim=107 maxerr=1.66E-09 time=1.333
After sweep 12 energy=-8.943107  maxlinkdim=99 maxerr=1.31E-08 time=1.344
After sweep 13 energy=-8.943148  maxlinkdim=94 maxerr=8.17E-10 time=1.312
After sweep 14 energy=-8.943138  maxlinkdim=99 maxerr=3.14E-07 time=1.309
After sweep 15 energy=-8.943123  maxlinkdim=95 maxerr=2.23E-07 time=1.242
After sweep 16 energy=-8.94313  maxlinkdim=96 maxerr=8.59E-10 time=1.309
After sweep 17 energy=-8.943123  maxlinkdim=95 maxerr=1.06E-09 time=1.303
After sweep 18 energy=-8.943141  maxlinkdim=96 maxerr=1.41E-09 time=1.297
After sweep 19 energy=-8.943126  maxlinkdim=95 maxerr=1.01E-09 time=1.313
After sweep 20 energy=-8.9431305  maxlinkdim=97 maxerr=3.61E-07 time=1.320
After sweep 21 energy=-8.943052  maxlinkdim=96 maxerr=1.36E-09 time=1.300
After sweep 22 energy=-8.94315  maxlinkdim=95 maxerr=2.49E-07 time=1.316
After sweep 23 energy=-8.943129  maxlinkdim=95 maxerr=1.19E-09 time=1.242
After sweep 24 energy=-8.9431  maxlinkdim=96 maxerr=1.08E-09 time=1.301
After sweep 25 energy=-8.943131  maxlinkdim=95 maxerr=2.70E-07 time=1.303
After sweep 26 energy=-8.943146  maxlinkdim=95 maxerr=9.96E-08 time=1.300
After sweep 27 energy=-8.943127  maxlinkdim=94 maxerr=9.29E-10 time=1.297
After sweep 28 energy=-8.943111  maxlinkdim=95 maxerr=1.44E-09 time=1.302
After sweep 29 energy=-8.943157  maxlinkdim=95 maxerr=3.63E-07 time=1.297
After sweep 30 energy=-8.943108  maxlinkdim=101 maxerr=8.49E-10 time=1.302
n0: 0.45308563; n1: 0.46633184; mu0: -2.637912521826982; mu1: -2.6279125218269823
n_target > n1 and n_target > n0 triggered
After sweep 1 energy=-7.7714067  maxlinkdim=16 maxerr=1.79E-07 time=0.546
After sweep 2 energy=-9.100413  maxlinkdim=155 maxerr=1.39E-07 time=1.209
After sweep 3 energy=-9.272504  maxlinkdim=168 maxerr=6.25E-09 time=1.762
After sweep 4 energy=-9.347191  maxlinkdim=160 maxerr=1.61E-09 time=1.713
After sweep 5 energy=-9.383688  maxlinkdim=153 maxerr=2.57E-08 time=1.643
After sweep 6 energy=-9.40106  maxlinkdim=132 maxerr=1.87E-07 time=1.475
After sweep 7 energy=-9.409749  maxlinkdim=113 maxerr=1.45E-07 time=1.422
After sweep 8 energy=-9.413955  maxlinkdim=117 maxerr=1.41E-07 time=1.393
After sweep 9 energy=-9.41554  maxlinkdim=124 maxerr=1.26E-07 time=1.394
After sweep 10 energy=-9.415876  maxlinkdim=105 maxerr=9.07E-08 time=1.379
After sweep 11 energy=-9.41597  maxlinkdim=104 maxerr=1.49E-07 time=1.355
After sweep 12 energy=-9.415941  maxlinkdim=101 maxerr=1.55E-07 time=1.351
After sweep 13 energy=-9.415942  maxlinkdim=97 maxerr=1.15E-09 time=1.326
After sweep 14 energy=-9.415988  maxlinkdim=100 maxerr=2.78E-07 time=1.313
After sweep 15 energy=-9.415945  maxlinkdim=100 maxerr=3.10E-07 time=1.314
After sweep 16 energy=-9.41594  maxlinkdim=95 maxerr=1.71E-07 time=1.250
After sweep 17 energy=-9.415926  maxlinkdim=99 maxerr=1.87E-07 time=1.310
After sweep 18 energy=-9.415955  maxlinkdim=96 maxerr=5.73E-08 time=1.306
After sweep 19 energy=-9.415941  maxlinkdim=97 maxerr=3.13E-07 time=1.305
After sweep 20 energy=-9.41597  maxlinkdim=96 maxerr=5.03E-08 time=1.312
After sweep 21 energy=-9.41593  maxlinkdim=95 maxerr=1.38E-09 time=1.306
After sweep 22 energy=-9.415937  maxlinkdim=98 maxerr=9.72E-08 time=1.307
After sweep 23 energy=-9.415952  maxlinkdim=96 maxerr=1.11E-08 time=1.309
After sweep 24 energy=-9.415935  maxlinkdim=98 maxerr=9.63E-10 time=1.256
After sweep 25 energy=-9.4159355  maxlinkdim=98 maxerr=1.06E-09 time=1.323
After sweep 26 energy=-9.415983  maxlinkdim=96 maxerr=7.18E-10 time=1.313
After sweep 27 energy=-9.415964  maxlinkdim=98 maxerr=6.90E-10 time=1.313
After sweep 28 energy=-9.4159775  maxlinkdim=97 maxerr=6.56E-08 time=1.309
After sweep 29 energy=-9.416008  maxlinkdim=99 maxerr=8.13E-10 time=1.317
After sweep 30 energy=-9.416  maxlinkdim=97 maxerr=2.67E-08 time=1.311
n0: 0.46633184; n1: 0.47927344; mu0: -2.6279125218269823; mu1: -2.6179125218269825
n_target > n1 and n_target > n0 triggered
After sweep 1 energy=-8.166376  maxlinkdim=16 maxerr=3.91E-07 time=0.549
After sweep 2 energy=-9.562892  maxlinkdim=153 maxerr=1.50E-08 time=1.226
After sweep 3 energy=-9.747399  maxlinkdim=186 maxerr=4.64E-08 time=1.765
After sweep 4 energy=-9.827052  maxlinkdim=177 maxerr=1.27E-07 time=1.803
After sweep 5 energy=-9.866079  maxlinkdim=145 maxerr=7.44E-10 time=1.687
After sweep 6 energy=-9.885161  maxlinkdim=128 maxerr=7.50E-08 time=1.521
After sweep 7 energy=-9.894678  maxlinkdim=129 maxerr=4.59E-08 time=1.447
After sweep 8 energy=-9.899389  maxlinkdim=121 maxerr=4.31E-09 time=1.406
After sweep 9 energy=-9.900985  maxlinkdim=103 maxerr=2.32E-07 time=1.386
After sweep 10 energy=-9.901474  maxlinkdim=118 maxerr=1.05E-07 time=1.383
After sweep 11 energy=-9.90156  maxlinkdim=108 maxerr=1.34E-07 time=1.380
After sweep 12 energy=-9.901588  maxlinkdim=103 maxerr=2.58E-07 time=1.362
After sweep 13 energy=-9.901523  maxlinkdim=102 maxerr=2.32E-10 time=1.358
After sweep 14 energy=-9.901568  maxlinkdim=98 maxerr=9.38E-10 time=1.334
After sweep 15 energy=-9.901568  maxlinkdim=97 maxerr=1.68E-07 time=1.327
After sweep 16 energy=-9.901541  maxlinkdim=97 maxerr=1.07E-09 time=1.323
After sweep 17 energy=-9.9016075  maxlinkdim=98 maxerr=1.29E-07 time=1.327
After sweep 18 energy=-9.90157  maxlinkdim=97 maxerr=4.96E-08 time=1.276
After sweep 19 energy=-9.901542  maxlinkdim=96 maxerr=9.57E-08 time=1.334
After sweep 20 energy=-9.901634  maxlinkdim=99 maxerr=2.92E-08 time=1.332
After sweep 21 energy=-9.901592  maxlinkdim=99 maxerr=9.77E-08 time=1.326
After sweep 22 energy=-9.901577  maxlinkdim=98 maxerr=1.39E-07 time=1.331
After sweep 23 energy=-9.901511  maxlinkdim=99 maxerr=8.06E-08 time=1.331
After sweep 24 energy=-9.901632  maxlinkdim=96 maxerr=5.78E-08 time=1.322
After sweep 25 energy=-9.901539  maxlinkdim=96 maxerr=9.62E-08 time=1.318
After sweep 26 energy=-9.901522  maxlinkdim=101 maxerr=1.70E-09 time=1.332
After sweep 27 energy=-9.901527  maxlinkdim=98 maxerr=1.34E-07 time=1.334
After sweep 28 energy=-9.901561  maxlinkdim=97 maxerr=1.59E-07 time=1.334
After sweep 29 energy=-9.901575  maxlinkdim=99 maxerr=6.70E-10 time=1.274
After sweep 30 energy=-9.901593  maxlinkdim=100 maxerr=2.16E-07 time=1.331
n0: 0.47927344; n1: 0.4919177; mu0: -2.6179125218269825; mu1: -2.6079125218269827
n_target > n1 and n_target > n0 triggered
After sweep 1 energy=-8.594291  maxlinkdim=16 maxerr=1.99E-07 time=0.563
After sweep 2 energy=-10.013521  maxlinkdim=141 maxerr=1.69E-08 time=1.146
After sweep 3 energy=-10.224841  maxlinkdim=169 maxerr=2.53E-09 time=1.809
After sweep 4 energy=-10.316569  maxlinkdim=166 maxerr=1.80E-09 time=1.778
After sweep 5 energy=-10.360877  maxlinkdim=158 maxerr=1.73E-07 time=1.663
After sweep 6 energy=-10.382297  maxlinkdim=142 maxerr=2.01E-09 time=1.571
After sweep 7 energy=-10.392323  maxlinkdim=130 maxerr=1.53E-09 time=1.463
After sweep 8 energy=-10.397301  maxlinkdim=117 maxerr=1.09E-09 time=1.416
After sweep 9 energy=-10.399128  maxlinkdim=110 maxerr=4.40E-07 time=1.418
After sweep 10 energy=-10.399611  maxlinkdim=112 maxerr=6.23E-09 time=1.417
After sweep 11 energy=-10.399666  maxlinkdim=105 maxerr=2.66E-08 time=1.414
After sweep 12 energy=-10.399693  maxlinkdim=101 maxerr=3.72E-07 time=1.386
After sweep 13 energy=-10.399709  maxlinkdim=99 maxerr=1.29E-09 time=1.392
After sweep 14 energy=-10.399712  maxlinkdim=98 maxerr=3.01E-07 time=1.309
After sweep 15 energy=-10.399694  maxlinkdim=98 maxerr=1.29E-09 time=1.360
After sweep 16 energy=-10.399701  maxlinkdim=98 maxerr=4.13E-07 time=1.363
After sweep 17 energy=-10.399671  maxlinkdim=102 maxerr=3.71E-07 time=1.352
After sweep 18 energy=-10.399731  maxlinkdim=100 maxerr=1.43E-09 time=1.339
After sweep 19 energy=-10.399718  maxlinkdim=98 maxerr=1.61E-09 time=1.343
After sweep 20 energy=-10.3997  maxlinkdim=99 maxerr=1.40E-09 time=1.356
After sweep 21 energy=-10.399727  maxlinkdim=101 maxerr=7.50E-10 time=1.342
After sweep 22 energy=-10.399649  maxlinkdim=98 maxerr=1.76E-07 time=1.342
After sweep 23 energy=-10.399712  maxlinkdim=100 maxerr=2.84E-07 time=1.342
After sweep 24 energy=-10.399727  maxlinkdim=98 maxerr=2.15E-07 time=1.342
After sweep 25 energy=-10.399642  maxlinkdim=99 maxerr=1.55E-07 time=1.334
After sweep 26 energy=-10.399691  maxlinkdim=99 maxerr=2.63E-08 time=1.336
After sweep 27 energy=-10.399696  maxlinkdim=99 maxerr=2.37E-07 time=1.340
After sweep 28 energy=-10.3997  maxlinkdim=98 maxerr=1.06E-07 time=1.352
After sweep 29 energy=-10.399727  maxlinkdim=98 maxerr=1.72E-09 time=1.283
After sweep 30 energy=-10.399708  maxlinkdim=100 maxerr=1.20E-07 time=1.338
n0: 0.4919177; n1: 0.5042769; mu0: -2.6079125218269827; mu1: -2.597912521826983

Range found between mu0: -2.6079125218269827 (n0: 0.4919177) and mu1: -2.597912521826983 (n1: 0.5042769); refining...
n0: 0.4919177; n1: 0.5042769; mu0: -2.6079125218269827; mu1: -2.597912521826983
Trying secant step...
After sweep 1 energy=-8.441782  maxlinkdim=16 maxerr=2.12E-07 time=0.556
After sweep 2 energy=-9.852231  maxlinkdim=142 maxerr=1.73E-07 time=1.143
After sweep 3 energy=-10.058149  maxlinkdim=168 maxerr=9.19E-08 time=1.819
After sweep 4 energy=-10.146297  maxlinkdim=168 maxerr=2.87E-07 time=1.773
After sweep 5 energy=-10.187819  maxlinkdim=157 maxerr=4.54E-08 time=1.674
After sweep 6 energy=-10.208202  maxlinkdim=131 maxerr=5.04E-07 time=1.501
After sweep 7 energy=-10.21842  maxlinkdim=118 maxerr=1.01E-08 time=1.418
After sweep 8 energy=-10.223294  maxlinkdim=115 maxerr=1.34E-09 time=1.390
After sweep 9 energy=-10.225278  maxlinkdim=110 maxerr=1.30E-07 time=1.383
After sweep 10 energy=-10.225777  maxlinkdim=105 maxerr=6.83E-10 time=1.366
After sweep 11 energy=-10.225906  maxlinkdim=104 maxerr=9.49E-08 time=1.364
After sweep 12 energy=-10.225934  maxlinkdim=103 maxerr=2.11E-08 time=1.365
After sweep 13 energy=-10.22588  maxlinkdim=100 maxerr=2.00E-07 time=1.350
After sweep 14 energy=-10.225874  maxlinkdim=98 maxerr=2.27E-07 time=1.330
After sweep 15 energy=-10.225925  maxlinkdim=102 maxerr=1.13E-07 time=1.331
After sweep 16 energy=-10.22587  maxlinkdim=103 maxerr=2.96E-08 time=1.332
After sweep 17 energy=-10.22591  maxlinkdim=97 maxerr=3.57E-08 time=1.322
After sweep 18 energy=-10.225861  maxlinkdim=98 maxerr=1.06E-07 time=1.267
After sweep 19 energy=-10.225875  maxlinkdim=101 maxerr=9.46E-10 time=1.332
After sweep 20 energy=-10.225967  maxlinkdim=100 maxerr=3.14E-10 time=1.328
After sweep 21 energy=-10.225894  maxlinkdim=98 maxerr=2.05E-08 time=1.321
After sweep 22 energy=-10.225946  maxlinkdim=103 maxerr=2.49E-08 time=1.332
After sweep 23 energy=-10.225904  maxlinkdim=99 maxerr=4.25E-08 time=1.322
After sweep 24 energy=-10.225893  maxlinkdim=100 maxerr=1.84E-08 time=1.327
After sweep 25 energy=-10.225905  maxlinkdim=99 maxerr=2.22E-07 time=1.334
After sweep 26 energy=-10.225872  maxlinkdim=98 maxerr=2.36E-07 time=1.323
After sweep 27 energy=-10.225874  maxlinkdim=99 maxerr=5.50E-07 time=1.322
After sweep 28 energy=-10.22588  maxlinkdim=98 maxerr=2.63E-07 time=1.321
After sweep 29 energy=-10.225886  maxlinkdim=98 maxerr=1.13E-08 time=1.325
After sweep 30 energy=-10.22587  maxlinkdim=97 maxerr=1.73E-07 time=1.334
n0: 0.50003153; n1: 0.5042769; mu0: -2.6013730057854594; mu1: -2.597912521826983
Trying secant step...
After sweep 1 energy=-8.449757  maxlinkdim=16 maxerr=2.52E-07 time=0.564
After sweep 2 energy=-9.860707  maxlinkdim=140 maxerr=1.69E-08 time=1.137
After sweep 3 energy=-10.057327  maxlinkdim=168 maxerr=1.45E-07 time=1.801
After sweep 4 energy=-10.145886  maxlinkdim=161 maxerr=2.13E-07 time=1.747
After sweep 5 energy=-10.1879  maxlinkdim=147 maxerr=9.95E-08 time=1.597
After sweep 6 energy=-10.208329  maxlinkdim=127 maxerr=1.79E-09 time=1.548
After sweep 7 energy=-10.218374  maxlinkdim=130 maxerr=7.73E-08 time=1.436
After sweep 8 energy=-10.222948  maxlinkdim=121 maxerr=5.54E-08 time=1.416
After sweep 9 energy=-10.224267  maxlinkdim=107 maxerr=5.87E-08 time=1.400
After sweep 10 energy=-10.224576  maxlinkdim=104 maxerr=5.80E-08 time=1.373
After sweep 11 energy=-10.2245865  maxlinkdim=107 maxerr=1.47E-07 time=1.358
After sweep 12 energy=-10.224608  maxlinkdim=101 maxerr=4.76E-07 time=1.371
After sweep 13 energy=-10.224596  maxlinkdim=101 maxerr=2.06E-07 time=1.351
After sweep 14 energy=-10.224665  maxlinkdim=99 maxerr=2.26E-07 time=1.336
After sweep 15 energy=-10.2246275  maxlinkdim=97 maxerr=2.32E-07 time=1.343
After sweep 16 energy=-10.224596  maxlinkdim=97 maxerr=2.99E-07 time=1.332
After sweep 17 energy=-10.224551  maxlinkdim=98 maxerr=1.42E-07 time=1.270
After sweep 18 energy=-10.224623  maxlinkdim=101 maxerr=1.80E-09 time=1.332
After sweep 19 energy=-10.224611  maxlinkdim=98 maxerr=2.30E-08 time=1.328
After sweep 20 energy=-10.224602  maxlinkdim=98 maxerr=6.82E-10 time=1.331
After sweep 21 energy=-10.224619  maxlinkdim=103 maxerr=2.81E-08 time=1.330
After sweep 22 energy=-10.224596  maxlinkdim=100 maxerr=3.66E-07 time=1.320
After sweep 23 energy=-10.224625  maxlinkdim=99 maxerr=4.06E-07 time=1.331
After sweep 24 energy=-10.224619  maxlinkdim=98 maxerr=1.42E-09 time=1.340
After sweep 25 energy=-10.224616  maxlinkdim=97 maxerr=1.57E-07 time=1.323
After sweep 26 energy=-10.224592  maxlinkdim=97 maxerr=1.17E-09 time=1.329
After sweep 27 energy=-10.224643  maxlinkdim=102 maxerr=1.55E-07 time=1.333
After sweep 28 energy=-10.224597  maxlinkdim=99 maxerr=1.67E-07 time=1.333
After sweep 29 energy=-10.224573  maxlinkdim=101 maxerr=1.27E-09 time=1.331
After sweep 30 energy=-10.224581  maxlinkdim=99 maxerr=2.04E-09 time=1.328
FOUND MU (secant); mu: -2.601398707379198  n: 0.49999976
Target density achieved with mu=-2.601398707379198, n=0.49999976
Checking {alpha,beta} vs measured
Alpha not converged.
NOT CONVERGED; updating alpha, beta and continuing...
After sweep 1 energy=-7.6181145  maxlinkdim=16 maxerr=2.07E-07 time=0.571
After sweep 2 energy=-9.100544  maxlinkdim=144 maxerr=1.04E-07 time=1.139
After sweep 3 energy=-9.343252  maxlinkdim=194 maxerr=1.43E-07 time=2.046
After sweep 4 energy=-9.451009  maxlinkdim=184 maxerr=1.83E-07 time=1.879
After sweep 5 energy=-9.504762  maxlinkdim=176 maxerr=1.64E-09 time=1.743
After sweep 6 energy=-9.531791  maxlinkdim=148 maxerr=4.46E-08 time=1.580
After sweep 7 energy=-9.545449  maxlinkdim=130 maxerr=1.98E-07 time=1.531
After sweep 8 energy=-9.552446  maxlinkdim=133 maxerr=9.04E-10 time=1.463
After sweep 9 energy=-9.555594  maxlinkdim=116 maxerr=1.79E-09 time=1.460
After sweep 10 energy=-9.556425  maxlinkdim=109 maxerr=1.80E-08 time=1.446
After sweep 11 energy=-9.556627  maxlinkdim=110 maxerr=1.17E-07 time=1.431
After sweep 12 energy=-9.556673  maxlinkdim=106 maxerr=1.23E-07 time=1.418
After sweep 13 energy=-9.556612  maxlinkdim=103 maxerr=9.56E-08 time=1.424
After sweep 14 energy=-9.556641  maxlinkdim=101 maxerr=6.16E-08 time=1.414
After sweep 15 energy=-9.556654  maxlinkdim=99 maxerr=2.63E-07 time=1.402
After sweep 16 energy=-9.556669  maxlinkdim=103 maxerr=2.07E-09 time=1.391
After sweep 17 energy=-9.556652  maxlinkdim=99 maxerr=7.57E-08 time=1.394
After sweep 18 energy=-9.556679  maxlinkdim=102 maxerr=6.62E-08 time=1.397
After sweep 19 energy=-9.55671  maxlinkdim=100 maxerr=1.89E-09 time=1.379
After sweep 20 energy=-9.5566845  maxlinkdim=103 maxerr=1.28E-09 time=1.384
After sweep 21 energy=-9.556673  maxlinkdim=100 maxerr=9.52E-09 time=1.384
After sweep 22 energy=-9.556701  maxlinkdim=100 maxerr=7.93E-10 time=1.388
After sweep 23 energy=-9.556663  maxlinkdim=100 maxerr=5.36E-08 time=1.405
After sweep 24 energy=-9.556664  maxlinkdim=103 maxerr=6.93E-08 time=1.398
After sweep 25 energy=-9.556668  maxlinkdim=100 maxerr=6.61E-08 time=1.400
After sweep 26 energy=-9.556699  maxlinkdim=103 maxerr=1.55E-08 time=1.394
After sweep 27 energy=-9.556699  maxlinkdim=100 maxerr=2.07E-08 time=1.394
After sweep 28 energy=-9.556659  maxlinkdim=100 maxerr=4.10E-07 time=1.386
After sweep 29 energy=-9.556606  maxlinkdim=100 maxerr=5.78E-08 time=1.394
After sweep 30 energy=-9.556657  maxlinkdim=103 maxerr=2.51E-07 time=1.389
Not same mu, searching again
After sweep 1 energy=-8.061084  maxlinkdim=16 maxerr=1.75E-07 time=0.573
After sweep 2 energy=-9.583117  maxlinkdim=146 maxerr=9.65E-08 time=1.221
After sweep 3 energy=-9.833196  maxlinkdim=185 maxerr=4.88E-08 time=1.868
After sweep 4 energy=-9.948809  maxlinkdim=174 maxerr=2.49E-07 time=1.917
After sweep 5 energy=-10.005954  maxlinkdim=173 maxerr=2.46E-07 time=1.773
After sweep 6 energy=-10.034063  maxlinkdim=145 maxerr=8.80E-10 time=1.621
After sweep 7 energy=-10.048579  maxlinkdim=144 maxerr=9.11E-10 time=1.581
After sweep 8 energy=-10.056084  maxlinkdim=145 maxerr=1.41E-08 time=1.508
After sweep 9 energy=-10.059301  maxlinkdim=121 maxerr=9.46E-10 time=1.496
After sweep 10 energy=-10.060184  maxlinkdim=110 maxerr=1.72E-09 time=1.473
After sweep 11 energy=-10.060335  maxlinkdim=114 maxerr=1.18E-09 time=1.479
After sweep 12 energy=-10.060418  maxlinkdim=108 maxerr=8.10E-08 time=1.488
After sweep 13 energy=-10.060445  maxlinkdim=107 maxerr=1.19E-07 time=1.488
After sweep 14 energy=-10.060433  maxlinkdim=102 maxerr=1.13E-08 time=1.459
After sweep 15 energy=-10.060439  maxlinkdim=103 maxerr=1.86E-07 time=1.436
After sweep 16 energy=-10.060429  maxlinkdim=103 maxerr=3.68E-10 time=1.438
After sweep 17 energy=-10.060434  maxlinkdim=101 maxerr=6.21E-08 time=1.447
After sweep 18 energy=-10.060422  maxlinkdim=104 maxerr=8.48E-08 time=1.457
After sweep 19 energy=-10.060444  maxlinkdim=102 maxerr=2.48E-07 time=1.452
After sweep 20 energy=-10.06039  maxlinkdim=102 maxerr=2.05E-09 time=1.445
After sweep 21 energy=-10.060398  maxlinkdim=101 maxerr=4.37E-08 time=1.439
After sweep 22 energy=-10.060378  maxlinkdim=103 maxerr=7.58E-09 time=1.447
After sweep 23 energy=-10.060416  maxlinkdim=101 maxerr=1.05E-09 time=1.447
After sweep 24 energy=-10.060402  maxlinkdim=100 maxerr=1.90E-09 time=1.444
After sweep 25 energy=-10.060406  maxlinkdim=101 maxerr=2.11E-09 time=1.491
After sweep 26 energy=-10.060412  maxlinkdim=102 maxerr=1.81E-08 time=1.444
After sweep 27 energy=-10.060403  maxlinkdim=102 maxerr=2.29E-08 time=1.447
After sweep 28 energy=-10.060392  maxlinkdim=102 maxerr=5.99E-08 time=1.451
After sweep 29 energy=-10.060431  maxlinkdim=103 maxerr=2.83E-09 time=1.451
After sweep 30 energy=-10.060461  maxlinkdim=102 maxerr=1.45E-09 time=1.440
n0: 0.49747288; n1: 0.5099774; mu0: -2.601398707379198; mu1: -2.591398707379198

Range found between mu0: -2.601398707379198 (n0: 0.49747288) and mu1: -2.591398707379198 (n1: 0.5099774); refining...
n0: 0.49747288; n1: 0.5099774; mu0: -2.601398707379198; mu1: -2.591398707379198
Trying secant step...
After sweep 1 energy=-7.708942  maxlinkdim=16 maxerr=2.43E-07 time=0.546
After sweep 2 energy=-9.199015  maxlinkdim=144 maxerr=7.83E-08 time=1.193
After sweep 3 energy=-9.444608  maxlinkdim=177 maxerr=1.67E-07 time=1.881
After sweep 4 energy=-9.554555  maxlinkdim=187 maxerr=2.27E-08 time=1.867
After sweep 5 energy=-9.606591  maxlinkdim=162 maxerr=2.00E-07 time=1.778
After sweep 6 energy=-9.633107  maxlinkdim=137 maxerr=2.29E-07 time=1.594
After sweep 7 energy=-9.6471195  maxlinkdim=160 maxerr=1.38E-09 time=1.556
After sweep 8 energy=-9.653892  maxlinkdim=122 maxerr=3.73E-07 time=1.487
After sweep 9 energy=-9.65636  maxlinkdim=114 maxerr=3.42E-07 time=1.462
After sweep 10 energy=-9.657108  maxlinkdim=107 maxerr=1.96E-07 time=1.455
After sweep 11 energy=-9.657445  maxlinkdim=118 maxerr=1.96E-07 time=1.465
After sweep 12 energy=-9.657505  maxlinkdim=107 maxerr=4.43E-10 time=1.451
After sweep 13 energy=-9.657473  maxlinkdim=106 maxerr=1.37E-09 time=1.447
After sweep 14 energy=-9.65748  maxlinkdim=104 maxerr=7.79E-10 time=1.435
After sweep 15 energy=-9.657487  maxlinkdim=101 maxerr=9.99E-11 time=1.440
After sweep 16 energy=-9.657491  maxlinkdim=102 maxerr=1.19E-07 time=1.420
After sweep 17 energy=-9.657495  maxlinkdim=101 maxerr=1.67E-08 time=1.419
After sweep 18 energy=-9.657436  maxlinkdim=101 maxerr=1.46E-08 time=1.425
After sweep 19 energy=-9.6574955  maxlinkdim=100 maxerr=1.41E-07 time=1.424
After sweep 20 energy=-9.657494  maxlinkdim=101 maxerr=7.72E-10 time=1.417
After sweep 21 energy=-9.657515  maxlinkdim=99 maxerr=1.72E-09 time=1.409
After sweep 22 energy=-9.65748  maxlinkdim=102 maxerr=9.41E-08 time=1.403
After sweep 23 energy=-9.6574745  maxlinkdim=99 maxerr=1.08E-09 time=1.428
After sweep 24 energy=-9.657467  maxlinkdim=105 maxerr=6.10E-07 time=1.421
After sweep 25 energy=-9.657473  maxlinkdim=102 maxerr=7.68E-10 time=1.422
After sweep 26 energy=-9.657456  maxlinkdim=100 maxerr=2.02E-07 time=1.421
After sweep 27 energy=-9.657458  maxlinkdim=101 maxerr=1.76E-07 time=1.420
After sweep 28 energy=-9.657507  maxlinkdim=106 maxerr=1.77E-07 time=1.417
After sweep 29 energy=-9.657498  maxlinkdim=100 maxerr=5.74E-10 time=1.429
After sweep 30 energy=-9.657452  maxlinkdim=100 maxerr=2.59E-07 time=1.411
n0: 0.49747288; n1: 0.5000247; mu0: -2.601398707379198; mu1: -2.5993777436581613
Trying secant step...
After sweep 1 energy=-7.6965904  maxlinkdim=16 maxerr=2.09E-07 time=0.552
After sweep 2 energy=-9.188498  maxlinkdim=143 maxerr=1.62E-08 time=1.220
After sweep 3 energy=-9.446025  maxlinkdim=195 maxerr=3.69E-08 time=1.871
After sweep 4 energy=-9.554058  maxlinkdim=188 maxerr=2.09E-07 time=1.898
After sweep 5 energy=-9.605998  maxlinkdim=164 maxerr=4.42E-07 time=1.737
After sweep 6 energy=-9.631456  maxlinkdim=138 maxerr=1.09E-09 time=1.574
After sweep 7 energy=-9.645837  maxlinkdim=141 maxerr=2.73E-07 time=1.497
After sweep 8 energy=-9.65336  maxlinkdim=125 maxerr=6.70E-08 time=1.524
After sweep 9 energy=-9.655814  maxlinkdim=114 maxerr=1.41E-09 time=1.481
After sweep 10 energy=-9.656384  maxlinkdim=107 maxerr=1.35E-09 time=1.454
After sweep 11 energy=-9.65645  maxlinkdim=109 maxerr=1.03E-07 time=1.456
After sweep 12 energy=-9.656517  maxlinkdim=106 maxerr=7.12E-08 time=1.460
After sweep 13 energy=-9.656531  maxlinkdim=103 maxerr=1.63E-07 time=1.442
After sweep 14 energy=-9.656494  maxlinkdim=99 maxerr=5.14E-09 time=1.418
After sweep 15 energy=-9.6565075  maxlinkdim=102 maxerr=3.67E-08 time=1.418
After sweep 16 energy=-9.656503  maxlinkdim=100 maxerr=2.16E-07 time=1.412
After sweep 17 energy=-9.65646  maxlinkdim=104 maxerr=2.29E-07 time=1.422
After sweep 18 energy=-9.6565275  maxlinkdim=99 maxerr=1.07E-07 time=1.419
After sweep 19 energy=-9.656509  maxlinkdim=105 maxerr=3.86E-09 time=1.419
After sweep 20 energy=-9.656469  maxlinkdim=102 maxerr=8.98E-10 time=1.411
After sweep 21 energy=-9.656522  maxlinkdim=101 maxerr=1.85E-07 time=1.423
After sweep 22 energy=-9.656508  maxlinkdim=100 maxerr=1.22E-09 time=1.426
After sweep 23 energy=-9.656525  maxlinkdim=101 maxerr=1.21E-07 time=1.427
After sweep 24 energy=-9.656565  maxlinkdim=104 maxerr=1.20E-09 time=1.416
After sweep 25 energy=-9.656506  maxlinkdim=100 maxerr=1.00E-10 time=1.408
After sweep 26 energy=-9.656472  maxlinkdim=100 maxerr=8.76E-10 time=1.414
After sweep 27 energy=-9.656529  maxlinkdim=101 maxerr=1.10E-09 time=1.418
After sweep 28 energy=-9.656539  maxlinkdim=101 maxerr=1.46E-07 time=1.412
After sweep 29 energy=-9.656536  maxlinkdim=101 maxerr=4.36E-08 time=1.421
After sweep 30 energy=-9.656509  maxlinkdim=100 maxerr=5.95E-10 time=1.414
FOUND MU (secant); mu: -2.5993972867530997  n: 0.4999999
Target density achieved with mu=-2.5993972867530997, n=0.4999999
Checking {alpha,beta} vs measured
Alpha not converged.
NOT CONVERGED; updating alpha, beta and continuing...
After sweep 1 energy=-7.6349998  maxlinkdim=16 maxerr=1.49E-07 time=0.595
After sweep 2 energy=-9.104357  maxlinkdim=141 maxerr=3.42E-07 time=1.149
After sweep 3 energy=-9.357282  maxlinkdim=188 maxerr=1.46E-08 time=1.893
After sweep 4 energy=-9.471064  maxlinkdim=184 maxerr=2.73E-07 time=1.900
After sweep 5 energy=-9.527992  maxlinkdim=170 maxerr=9.36E-08 time=1.794
After sweep 6 energy=-9.5564165  maxlinkdim=139 maxerr=1.17E-09 time=1.606
After sweep 7 energy=-9.570834  maxlinkdim=142 maxerr=4.22E-07 time=1.504
After sweep 8 energy=-9.579122  maxlinkdim=122 maxerr=2.33E-07 time=1.482
After sweep 9 energy=-9.582167  maxlinkdim=125 maxerr=1.98E-08 time=1.527
After sweep 10 energy=-9.5830765  maxlinkdim=116 maxerr=7.35E-08 time=1.476
After sweep 11 energy=-9.583197  maxlinkdim=114 maxerr=2.80E-08 time=1.460
After sweep 12 energy=-9.583211  maxlinkdim=111 maxerr=1.06E-07 time=1.460
After sweep 13 energy=-9.583177  maxlinkdim=103 maxerr=7.22E-10 time=1.452
After sweep 14 energy=-9.583196  maxlinkdim=99 maxerr=1.37E-09 time=1.428
After sweep 15 energy=-9.583168  maxlinkdim=100 maxerr=4.42E-10 time=1.423
After sweep 16 energy=-9.58322  maxlinkdim=103 maxerr=2.95E-07 time=1.414
After sweep 17 energy=-9.583189  maxlinkdim=101 maxerr=1.27E-09 time=1.414
After sweep 18 energy=-9.583193  maxlinkdim=100 maxerr=5.42E-08 time=1.419
After sweep 19 energy=-9.583213  maxlinkdim=101 maxerr=1.39E-09 time=1.365
After sweep 20 energy=-9.5831585  maxlinkdim=100 maxerr=1.09E-09 time=1.423
After sweep 21 energy=-9.583138  maxlinkdim=100 maxerr=1.60E-09 time=1.433
After sweep 22 energy=-9.583184  maxlinkdim=103 maxerr=8.11E-08 time=1.420
After sweep 23 energy=-9.583175  maxlinkdim=105 maxerr=2.09E-07 time=1.423
After sweep 24 energy=-9.5831995  maxlinkdim=100 maxerr=3.08E-07 time=1.417
After sweep 25 energy=-9.583176  maxlinkdim=100 maxerr=7.08E-08 time=1.417
After sweep 26 energy=-9.583206  maxlinkdim=100 maxerr=1.08E-09 time=1.415
After sweep 27 energy=-9.583218  maxlinkdim=101 maxerr=1.28E-07 time=1.418
After sweep 28 energy=-9.583209  maxlinkdim=102 maxerr=1.89E-07 time=1.413
After sweep 29 energy=-9.583214  maxlinkdim=104 maxerr=1.87E-08 time=1.430
After sweep 30 energy=-9.58319  maxlinkdim=101 maxerr=6.44E-10 time=1.435
Not same mu, searching again
After sweep 1 energy=-8.0768175  maxlinkdim=16 maxerr=2.45E-07 time=0.587
After sweep 2 energy=-9.579474  maxlinkdim=140 maxerr=3.18E-08 time=1.244
After sweep 3 energy=-9.844727  maxlinkdim=199 maxerr=1.04E-07 time=1.891
After sweep 4 energy=-9.96906  maxlinkdim=179 maxerr=2.56E-07 time=1.963
After sweep 5 energy=-10.030025  maxlinkdim=177 maxerr=2.99E-07 time=1.834
After sweep 6 energy=-10.060156  maxlinkdim=147 maxerr=1.97E-08 time=1.644
After sweep 7 energy=-10.075829  maxlinkdim=140 maxerr=3.30E-07 time=1.530
After sweep 8 energy=-10.084717  maxlinkdim=121 maxerr=3.10E-10 time=1.554
After sweep 9 energy=-10.087955  maxlinkdim=117 maxerr=6.46E-08 time=1.494
After sweep 10 energy=-10.089021  maxlinkdim=111 maxerr=3.94E-08 time=1.496
After sweep 11 energy=-10.089315  maxlinkdim=113 maxerr=1.04E-09 time=1.478
After sweep 12 energy=-10.089364  maxlinkdim=113 maxerr=7.15E-10 time=1.457
After sweep 13 energy=-10.08935  maxlinkdim=106 maxerr=8.47E-08 time=1.450
After sweep 14 energy=-10.089329  maxlinkdim=101 maxerr=1.48E-07 time=1.468
After sweep 15 energy=-10.08938  maxlinkdim=102 maxerr=1.99E-09 time=1.454
After sweep 16 energy=-10.089296  maxlinkdim=102 maxerr=1.39E-07 time=1.457
After sweep 17 energy=-10.08938  maxlinkdim=103 maxerr=1.34E-07 time=1.451
After sweep 18 energy=-10.089332  maxlinkdim=101 maxerr=9.23E-08 time=1.442
After sweep 19 energy=-10.089346  maxlinkdim=108 maxerr=8.68E-10 time=1.447
After sweep 20 energy=-10.089353  maxlinkdim=105 maxerr=5.77E-08 time=1.461
After sweep 21 energy=-10.089367  maxlinkdim=105 maxerr=1.17E-09 time=1.447
After sweep 22 energy=-10.089369  maxlinkdim=105 maxerr=2.44E-08 time=1.460
After sweep 23 energy=-10.08933  maxlinkdim=104 maxerr=3.50E-08 time=1.453
After sweep 24 energy=-10.089367  maxlinkdim=101 maxerr=3.49E-08 time=1.462
After sweep 25 energy=-10.089329  maxlinkdim=105 maxerr=9.62E-10 time=1.456
After sweep 26 energy=-10.089357  maxlinkdim=101 maxerr=2.27E-08 time=1.455
After sweep 27 energy=-10.089332  maxlinkdim=102 maxerr=1.05E-07 time=1.449
After sweep 28 energy=-10.089347  maxlinkdim=102 maxerr=6.69E-10 time=1.444
After sweep 29 energy=-10.089343  maxlinkdim=103 maxerr=9.21E-10 time=1.478
After sweep 30 energy=-10.089346  maxlinkdim=103 maxerr=5.13E-08 time=1.452
n0: 0.49990672; n1: 0.5123808; mu0: -2.5993972867530997; mu1: -2.5893972867531

Range found between mu0: -2.5993972867530997 (n0: 0.49990672) and mu1: -2.5893972867531 (n1: 0.5123808); refining...
n0: 0.49990672; n1: 0.5123808; mu0: -2.5993972867530997; mu1: -2.5893972867531
Trying secant step...
After sweep 1 energy=-7.6343193  maxlinkdim=16 maxerr=2.06E-07 time=0.558
After sweep 2 energy=-9.0962305  maxlinkdim=138 maxerr=1.79E-08 time=1.234
After sweep 3 energy=-9.351209  maxlinkdim=199 maxerr=3.70E-09 time=1.843
After sweep 4 energy=-9.469047  maxlinkdim=185 maxerr=2.58E-07 time=1.951
After sweep 5 energy=-9.5289955  maxlinkdim=178 maxerr=1.74E-09 time=1.774
After sweep 6 energy=-9.558587  maxlinkdim=138 maxerr=4.17E-07 time=1.662
After sweep 7 energy=-9.573961  maxlinkdim=145 maxerr=1.68E-09 time=1.525
After sweep 8 energy=-9.582036  maxlinkdim=122 maxerr=2.21E-09 time=1.502
After sweep 9 energy=-9.585334  maxlinkdim=123 maxerr=1.54E-08 time=1.522
After sweep 10 energy=-9.586488  maxlinkdim=105 maxerr=1.09E-09 time=1.460
After sweep 11 energy=-9.586916  maxlinkdim=111 maxerr=2.01E-08 time=1.460
After sweep 12 energy=-9.586941  maxlinkdim=113 maxerr=1.58E-09 time=1.449
After sweep 13 energy=-9.586895  maxlinkdim=103 maxerr=3.26E-08 time=1.455
After sweep 14 energy=-9.586938  maxlinkdim=106 maxerr=5.95E-10 time=1.459
After sweep 15 energy=-9.586936  maxlinkdim=100 maxerr=2.35E-07 time=1.431
After sweep 16 energy=-9.586905  maxlinkdim=103 maxerr=2.91E-07 time=1.421
After sweep 17 energy=-9.586912  maxlinkdim=101 maxerr=1.53E-10 time=1.436
After sweep 18 energy=-9.586935  maxlinkdim=101 maxerr=8.33E-08 time=1.407
After sweep 19 energy=-9.586964  maxlinkdim=100 maxerr=3.60E-07 time=1.417
After sweep 20 energy=-9.586939  maxlinkdim=100 maxerr=8.23E-08 time=1.424
After sweep 21 energy=-9.586879  maxlinkdim=101 maxerr=8.70E-10 time=1.414
After sweep 22 energy=-9.586966  maxlinkdim=101 maxerr=5.58E-10 time=1.361
After sweep 23 energy=-9.586956  maxlinkdim=100 maxerr=1.78E-07 time=1.420
After sweep 24 energy=-9.586939  maxlinkdim=103 maxerr=1.73E-08 time=1.431
After sweep 25 energy=-9.586946  maxlinkdim=101 maxerr=1.47E-09 time=1.425
After sweep 26 energy=-9.586918  maxlinkdim=101 maxerr=1.81E-10 time=1.438
After sweep 27 energy=-9.58696  maxlinkdim=104 maxerr=1.18E-09 time=1.427
After sweep 28 energy=-9.58692  maxlinkdim=106 maxerr=1.03E-07 time=1.420
After sweep 29 energy=-9.586938  maxlinkdim=103 maxerr=2.15E-09 time=1.420
After sweep 30 energy=-9.586938  maxlinkdim=101 maxerr=1.38E-07 time=1.415
FOUND MU (secant); mu: -2.599322506554323  n: 0.50000006
Target density achieved with mu=-2.599322506554323, n=0.50000006
Checking {alpha,beta} vs measured
Alpha not converged.
NOT CONVERGED; updating alpha, beta and continuing...
After sweep 1 energy=-7.6246176  maxlinkdim=16 maxerr=1.71E-07 time=0.568
After sweep 2 energy=-9.100422  maxlinkdim=147 maxerr=2.78E-08 time=1.233
After sweep 3 energy=-9.34668  maxlinkdim=189 maxerr=3.22E-08 time=1.799
After sweep 4 energy=-9.461233  maxlinkdim=176 maxerr=2.90E-07 time=1.855
After sweep 5 energy=-9.520309  maxlinkdim=162 maxerr=3.04E-09 time=1.751
After sweep 6 energy=-9.549397  maxlinkdim=134 maxerr=6.39E-08 time=1.623
After sweep 7 energy=-9.564029  maxlinkdim=170 maxerr=1.13E-09 time=1.507
After sweep 8 energy=-9.571663  maxlinkdim=133 maxerr=2.85E-08 time=1.471
After sweep 9 energy=-9.575199  maxlinkdim=136 maxerr=2.18E-07 time=1.466
After sweep 10 energy=-9.576174  maxlinkdim=112 maxerr=5.81E-10 time=1.464
After sweep 11 energy=-9.576395  maxlinkdim=112 maxerr=1.70E-09 time=1.450
After sweep 12 energy=-9.576423  maxlinkdim=108 maxerr=8.24E-08 time=1.452
After sweep 13 energy=-9.576389  maxlinkdim=105 maxerr=7.71E-10 time=1.462
After sweep 14 energy=-9.576418  maxlinkdim=103 maxerr=1.58E-07 time=1.433
After sweep 15 energy=-9.576432  maxlinkdim=101 maxerr=1.23E-07 time=1.424
After sweep 16 energy=-9.576463  maxlinkdim=101 maxerr=3.27E-08 time=1.427
After sweep 17 energy=-9.576376  maxlinkdim=101 maxerr=3.52E-08 time=1.434
After sweep 18 energy=-9.576401  maxlinkdim=102 maxerr=1.03E-08 time=1.421
After sweep 19 energy=-9.576406  maxlinkdim=101 maxerr=1.45E-08 time=1.419
After sweep 20 energy=-9.576454  maxlinkdim=101 maxerr=2.01E-07 time=1.425
After sweep 21 energy=-9.576428  maxlinkdim=100 maxerr=2.51E-07 time=1.427
After sweep 22 energy=-9.576364  maxlinkdim=101 maxerr=1.22E-09 time=1.432
After sweep 23 energy=-9.576431  maxlinkdim=101 maxerr=9.04E-08 time=1.430
After sweep 24 energy=-9.5764475  maxlinkdim=103 maxerr=1.97E-07 time=1.430
After sweep 25 energy=-9.57646  maxlinkdim=102 maxerr=2.05E-07 time=1.428
After sweep 26 energy=-9.576441  maxlinkdim=101 maxerr=1.24E-09 time=1.420
After sweep 27 energy=-9.576443  maxlinkdim=102 maxerr=1.64E-07 time=1.424
After sweep 28 energy=-9.576433  maxlinkdim=100 maxerr=2.15E-08 time=1.426
After sweep 29 energy=-9.576452  maxlinkdim=100 maxerr=2.58E-10 time=1.425
After sweep 30 energy=-9.576467  maxlinkdim=101 maxerr=9.37E-10 time=1.423
Not same mu, searching again
After sweep 1 energy=-8.068961  maxlinkdim=16 maxerr=1.56E-07 time=0.564
After sweep 2 energy=-9.574865  maxlinkdim=142 maxerr=1.61E-07 time=1.248
After sweep 3 energy=-9.844501  maxlinkdim=195 maxerr=2.40E-09 time=1.899
After sweep 4 energy=-9.966435  maxlinkdim=204 maxerr=3.14E-09 time=1.998
After sweep 5 energy=-10.024997  maxlinkdim=181 maxerr=1.82E-09 time=1.851
After sweep 6 energy=-10.0541315  maxlinkdim=146 maxerr=6.53E-10 time=1.640
After sweep 7 energy=-10.069293  maxlinkdim=149 maxerr=5.02E-08 time=1.573
After sweep 8 energy=-10.077359  maxlinkdim=124 maxerr=2.64E-08 time=1.474
After sweep 9 energy=-10.0809965  maxlinkdim=130 maxerr=2.90E-07 time=1.467
After sweep 10 energy=-10.082251  maxlinkdim=113 maxerr=4.76E-08 time=1.456
After sweep 11 energy=-10.082586  maxlinkdim=114 maxerr=8.12E-10 time=1.455
After sweep 12 energy=-10.08272  maxlinkdim=115 maxerr=9.69E-08 time=1.465
After sweep 13 energy=-10.082701  maxlinkdim=107 maxerr=1.42E-07 time=1.466
After sweep 14 energy=-10.082659  maxlinkdim=103 maxerr=1.01E-09 time=1.459
After sweep 15 energy=-10.082688  maxlinkdim=102 maxerr=1.00E-10 time=1.448
After sweep 16 energy=-10.082646  maxlinkdim=104 maxerr=1.43E-09 time=1.454
After sweep 17 energy=-10.082656  maxlinkdim=102 maxerr=1.83E-07 time=1.444
After sweep 18 energy=-10.082678  maxlinkdim=101 maxerr=8.99E-10 time=1.442
After sweep 19 energy=-10.08264  maxlinkdim=106 maxerr=1.07E-09 time=1.442
After sweep 20 energy=-10.08268  maxlinkdim=104 maxerr=1.57E-09 time=1.434
After sweep 21 energy=-10.082612  maxlinkdim=102 maxerr=9.99E-11 time=1.433
After sweep 22 energy=-10.08267  maxlinkdim=101 maxerr=6.78E-10 time=1.447
After sweep 23 energy=-10.082705  maxlinkdim=101 maxerr=1.60E-07 time=1.450
After sweep 24 energy=-10.082646  maxlinkdim=102 maxerr=1.62E-09 time=1.442
After sweep 25 energy=-10.082629  maxlinkdim=106 maxerr=4.25E-08 time=1.492
After sweep 26 energy=-10.082703  maxlinkdim=101 maxerr=5.13E-10 time=1.439
After sweep 27 energy=-10.082628  maxlinkdim=102 maxerr=1.15E-08 time=1.445
After sweep 28 energy=-10.082727  maxlinkdim=102 maxerr=5.34E-08 time=1.451
After sweep 29 energy=-10.082645  maxlinkdim=107 maxerr=1.40E-09 time=1.446
After sweep 30 energy=-10.082695  maxlinkdim=106 maxerr=7.65E-10 time=1.440
n0: 0.49998826; n1: 0.5124649; mu0: -2.599322506554323; mu1: -2.589322506554323

Range found between mu0: -2.599322506554323 (n0: 0.49998826) and mu1: -2.589322506554323 (n1: 0.5124649); refining...
n0: 0.49998826; n1: 0.5124649; mu0: -2.599322506554323; mu1: -2.589322506554323
Trying secant step...
After sweep 1 energy=-7.628134  maxlinkdim=16 maxerr=2.36E-07 time=0.561
After sweep 2 energy=-9.107239  maxlinkdim=139 maxerr=1.32E-08 time=1.212
After sweep 3 energy=-9.357466  maxlinkdim=172 maxerr=3.03E-07 time=1.811
After sweep 4 energy=-9.468914  maxlinkdim=152 maxerr=3.48E-09 time=1.860
After sweep 5 energy=-9.524379  maxlinkdim=155 maxerr=3.43E-08 time=1.694
After sweep 6 energy=-9.551779  maxlinkdim=136 maxerr=1.73E-09 time=1.614
After sweep 7 energy=-9.565506  maxlinkdim=148 maxerr=5.57E-10 time=1.488
After sweep 8 energy=-9.572462  maxlinkdim=122 maxerr=5.57E-10 time=1.458
After sweep 9 energy=-9.575563  maxlinkdim=139 maxerr=2.72E-07 time=1.452
After sweep 10 energy=-9.576572  maxlinkdim=110 maxerr=2.22E-07 time=1.461
After sweep 11 energy=-9.57689  maxlinkdim=113 maxerr=9.57E-08 time=1.454
After sweep 12 energy=-9.576915  maxlinkdim=109 maxerr=1.21E-07 time=1.506
After sweep 13 energy=-9.576911  maxlinkdim=105 maxerr=8.28E-10 time=1.442
After sweep 14 energy=-9.576827  maxlinkdim=103 maxerr=1.51E-07 time=1.430
After sweep 15 energy=-9.576881  maxlinkdim=100 maxerr=1.72E-09 time=1.405
After sweep 16 energy=-9.576906  maxlinkdim=102 maxerr=1.82E-07 time=1.410
After sweep 17 energy=-9.576927  maxlinkdim=102 maxerr=3.52E-08 time=1.413
After sweep 18 energy=-9.576853  maxlinkdim=101 maxerr=1.80E-07 time=1.409
After sweep 19 energy=-9.576879  maxlinkdim=100 maxerr=1.51E-07 time=1.408
After sweep 20 energy=-9.576899  maxlinkdim=102 maxerr=1.01E-09 time=1.422
After sweep 21 energy=-9.576871  maxlinkdim=101 maxerr=5.52E-08 time=1.403
After sweep 22 energy=-9.576926  maxlinkdim=102 maxerr=1.56E-09 time=1.410
After sweep 23 energy=-9.5769  maxlinkdim=101 maxerr=6.54E-10 time=1.406
After sweep 24 energy=-9.576938  maxlinkdim=101 maxerr=1.91E-09 time=1.401
After sweep 25 energy=-9.57692  maxlinkdim=102 maxerr=1.64E-08 time=1.422
After sweep 26 energy=-9.576892  maxlinkdim=101 maxerr=9.39E-10 time=1.417
After sweep 27 energy=-9.576889  maxlinkdim=103 maxerr=2.30E-08 time=1.409
After sweep 28 energy=-9.576883  maxlinkdim=103 maxerr=1.72E-08 time=1.404
After sweep 29 energy=-9.576905  maxlinkdim=103 maxerr=3.74E-07 time=1.402
After sweep 30 energy=-9.57689  maxlinkdim=100 maxerr=9.52E-09 time=1.416
FOUND MU (secant); mu: -2.5993130952617274  n: 0.49999928
Target density achieved with mu=-2.5993130952617274, n=0.49999928
Checking {alpha,beta} vs measured
Alpha not converged.
NOT CONVERGED; updating alpha, beta and continuing...
After sweep 1 energy=-7.6136703  maxlinkdim=16 maxerr=2.17E-07 time=0.551
After sweep 2 energy=-9.095084  maxlinkdim=138 maxerr=2.00E-07 time=1.130
After sweep 3 energy=-9.353918  maxlinkdim=188 maxerr=3.54E-08 time=1.882
After sweep 4 energy=-9.466565  maxlinkdim=183 maxerr=1.96E-07 time=1.926
After sweep 5 energy=-9.522387  maxlinkdim=185 maxerr=4.32E-08 time=1.738
After sweep 6 energy=-9.549559  maxlinkdim=141 maxerr=3.48E-07 time=1.593
After sweep 7 energy=-9.563681  maxlinkdim=137 maxerr=1.55E-09 time=1.567
After sweep 8 energy=-9.571139  maxlinkdim=137 maxerr=4.08E-08 time=1.498
After sweep 9 energy=-9.574081  maxlinkdim=110 maxerr=2.55E-07 time=1.465
After sweep 10 energy=-9.575215  maxlinkdim=107 maxerr=4.21E-10 time=1.462
After sweep 11 energy=-9.575414  maxlinkdim=112 maxerr=1.84E-07 time=1.452
After sweep 12 energy=-9.575427  maxlinkdim=108 maxerr=3.23E-08 time=1.446
After sweep 13 energy=-9.575467  maxlinkdim=104 maxerr=1.22E-09 time=1.455
After sweep 14 energy=-9.575459  maxlinkdim=101 maxerr=3.19E-07 time=1.455
After sweep 15 energy=-9.575428  maxlinkdim=100 maxerr=1.74E-07 time=1.430
After sweep 16 energy=-9.575451  maxlinkdim=101 maxerr=1.12E-09 time=1.436
After sweep 17 energy=-9.575459  maxlinkdim=102 maxerr=5.58E-08 time=1.427
After sweep 18 energy=-9.575449  maxlinkdim=100 maxerr=2.80E-08 time=1.440
After sweep 19 energy=-9.575442  maxlinkdim=100 maxerr=2.23E-07 time=1.435
After sweep 20 energy=-9.57544  maxlinkdim=100 maxerr=1.50E-07 time=1.440
After sweep 21 energy=-9.575423  maxlinkdim=100 maxerr=1.33E-09 time=1.424
After sweep 22 energy=-9.575439  maxlinkdim=100 maxerr=2.82E-08 time=1.416
After sweep 23 energy=-9.575472  maxlinkdim=101 maxerr=5.97E-10 time=1.433
After sweep 24 energy=-9.5754  maxlinkdim=101 maxerr=5.17E-08 time=1.432
After sweep 25 energy=-9.575412  maxlinkdim=100 maxerr=2.10E-07 time=1.425
After sweep 26 energy=-9.575448  maxlinkdim=100 maxerr=5.69E-10 time=1.427
After sweep 27 energy=-9.5754795  maxlinkdim=100 maxerr=1.77E-07 time=1.419
After sweep 28 energy=-9.575462  maxlinkdim=100 maxerr=1.97E-09 time=1.426
After sweep 29 energy=-9.575447  maxlinkdim=102 maxerr=1.16E-09 time=1.418
After sweep 30 energy=-9.575441  maxlinkdim=102 maxerr=2.17E-07 time=1.424
Same mu: -2.5993130952617274 and continuing
Target density achieved with mu=-2.5993130952617274, n=0.4999975
Checking {alpha,beta} vs measured
Beta not converged.
NOT CONVERGED; updating alpha, beta and continuing...
After sweep 1 energy=-7.6149597  maxlinkdim=16 maxerr=2.21E-07 time=0.555
After sweep 2 energy=-9.08663  maxlinkdim=136 maxerr=1.80E-07 time=1.195
After sweep 3 energy=-9.343421  maxlinkdim=191 maxerr=8.87E-08 time=1.853
After sweep 4 energy=-9.459807  maxlinkdim=195 maxerr=4.82E-07 time=1.939
After sweep 5 energy=-9.517944  maxlinkdim=176 maxerr=3.97E-09 time=1.780
After sweep 6 energy=-9.547634  maxlinkdim=145 maxerr=2.12E-09 time=1.608
After sweep 7 energy=-9.562714  maxlinkdim=125 maxerr=2.79E-07 time=1.567
After sweep 8 energy=-9.570005  maxlinkdim=136 maxerr=2.72E-07 time=1.468
After sweep 9 energy=-9.573853  maxlinkdim=117 maxerr=7.54E-08 time=1.468
After sweep 10 energy=-9.574982  maxlinkdim=113 maxerr=2.48E-07 time=1.458
After sweep 11 energy=-9.575166  maxlinkdim=108 maxerr=6.49E-10 time=1.467
After sweep 12 energy=-9.5752945  maxlinkdim=110 maxerr=7.26E-08 time=1.465
After sweep 13 energy=-9.575239  maxlinkdim=107 maxerr=1.14E-08 time=1.455
After sweep 14 energy=-9.575228  maxlinkdim=102 maxerr=4.29E-10 time=1.438
After sweep 15 energy=-9.5752735  maxlinkdim=101 maxerr=4.63E-10 time=1.434
After sweep 16 energy=-9.575256  maxlinkdim=100 maxerr=1.38E-09 time=1.433
After sweep 17 energy=-9.575218  maxlinkdim=102 maxerr=1.55E-07 time=1.427
After sweep 18 energy=-9.57528  maxlinkdim=101 maxerr=1.48E-07 time=1.500
After sweep 19 energy=-9.575232  maxlinkdim=101 maxerr=7.25E-10 time=1.436
After sweep 20 energy=-9.575207  maxlinkdim=103 maxerr=1.12E-09 time=1.443
After sweep 21 energy=-9.575205  maxlinkdim=102 maxerr=3.32E-08 time=1.429
After sweep 22 energy=-9.575279  maxlinkdim=102 maxerr=8.13E-08 time=1.423
After sweep 23 energy=-9.575228  maxlinkdim=101 maxerr=1.39E-07 time=1.429
After sweep 24 energy=-9.57521  maxlinkdim=101 maxerr=1.86E-07 time=1.435
After sweep 25 energy=-9.575232  maxlinkdim=103 maxerr=2.02E-07 time=1.418
After sweep 26 energy=-9.575219  maxlinkdim=104 maxerr=6.54E-08 time=1.430
After sweep 27 energy=-9.575216  maxlinkdim=100 maxerr=9.14E-10 time=1.428
After sweep 28 energy=-9.575252  maxlinkdim=101 maxerr=2.46E-07 time=1.426
After sweep 29 energy=-9.575226  maxlinkdim=103 maxerr=3.28E-10 time=1.431
After sweep 30 energy=-9.575203  maxlinkdim=100 maxerr=2.30E-08 time=1.429
Same mu: -2.5993130952617274 and continuing
Target density achieved with mu=-2.5993130952617274, n=0.499996
Checking {alpha,beta} vs measured
Beta not converged.
NOT CONVERGED; updating alpha, beta and continuing...
After sweep 1 energy=-7.6214533  maxlinkdim=16 maxerr=2.53E-07 time=0.575
After sweep 2 energy=-9.104237  maxlinkdim=148 maxerr=2.88E-08 time=1.155
After sweep 3 energy=-9.354169  maxlinkdim=199 maxerr=2.31E-09 time=1.904
After sweep 4 energy=-9.466957  maxlinkdim=193 maxerr=1.46E-07 time=1.877
After sweep 5 energy=-9.52299  maxlinkdim=191 maxerr=1.75E-07 time=1.783
After sweep 6 energy=-9.550134  maxlinkdim=147 maxerr=2.57E-09 time=1.654
After sweep 7 energy=-9.564049  maxlinkdim=152 maxerr=9.31E-10 time=1.515
After sweep 8 energy=-9.571085  maxlinkdim=128 maxerr=8.68E-10 time=1.483
After sweep 9 energy=-9.574165  maxlinkdim=129 maxerr=2.61E-07 time=1.535
After sweep 10 energy=-9.574934  maxlinkdim=108 maxerr=1.78E-09 time=1.470
After sweep 11 energy=-9.575178  maxlinkdim=110 maxerr=5.24E-08 time=1.465
After sweep 12 energy=-9.575176  maxlinkdim=109 maxerr=1.19E-09 time=1.468
After sweep 13 energy=-9.575199  maxlinkdim=103 maxerr=1.05E-07 time=1.460
After sweep 14 energy=-9.575217  maxlinkdim=100 maxerr=1.27E-09 time=1.440
After sweep 15 energy=-9.575151  maxlinkdim=101 maxerr=1.19E-07 time=1.430
After sweep 16 energy=-9.57521  maxlinkdim=101 maxerr=1.73E-08 time=1.429
After sweep 17 energy=-9.5752535  maxlinkdim=105 maxerr=7.23E-09 time=1.428
After sweep 18 energy=-9.575216  maxlinkdim=100 maxerr=6.78E-10 time=1.420
After sweep 19 energy=-9.575206  maxlinkdim=101 maxerr=1.81E-07 time=1.433
After sweep 20 energy=-9.575232  maxlinkdim=102 maxerr=6.93E-08 time=1.432
After sweep 21 energy=-9.575237  maxlinkdim=102 maxerr=5.86E-10 time=1.436
After sweep 22 energy=-9.5752125  maxlinkdim=104 maxerr=6.74E-10 time=1.437
After sweep 23 energy=-9.575169  maxlinkdim=104 maxerr=2.44E-07 time=1.438
After sweep 24 energy=-9.57523  maxlinkdim=102 maxerr=4.28E-08 time=1.425
After sweep 25 energy=-9.575235  maxlinkdim=102 maxerr=1.76E-07 time=1.431
After sweep 26 energy=-9.575208  maxlinkdim=100 maxerr=2.59E-07 time=1.420
After sweep 27 energy=-9.575243  maxlinkdim=101 maxerr=3.52E-07 time=1.417
After sweep 28 energy=-9.575217  maxlinkdim=102 maxerr=8.62E-10 time=1.428
After sweep 29 energy=-9.575165  maxlinkdim=100 maxerr=6.57E-10 time=1.426
After sweep 30 energy=-9.575226  maxlinkdim=102 maxerr=3.03E-07 time=1.436
Same mu: -2.5993130952617274 and continuing
Target density achieved with mu=-2.5993130952617274, n=0.49999794
Checking {alpha,beta} vs measured
Converged {alpha,beta}. mu=-2.5993130952617274, n=0.49999794
Exiting loop
After sweep 1 energy=-7.595242709443757  maxlinkdim=16 maxerr=9.27E-11 time=18.792
After sweep 2 energy=-8.890767774014577  maxlinkdim=100 maxerr=9.99E-11 time=1.322
After sweep 3 energy=-9.094309431974898  maxlinkdim=118 maxerr=9.99E-11 time=2.005
After sweep 4 energy=-9.13243363947223  maxlinkdim=112 maxerr=1.00E-10 time=1.838
After sweep 5 energy=-9.171792230625243  maxlinkdim=192 maxerr=1.00E-10 time=2.012
After sweep 6 energy=-9.195255795849107  maxlinkdim=155 maxerr=9.99E-11 time=2.111
After sweep 7 energy=-9.211259300524201  maxlinkdim=149 maxerr=9.99E-11 time=1.983
After sweep 8 energy=-9.222994755447504  maxlinkdim=153 maxerr=1.00E-10 time=1.954
After sweep 9 energy=-9.23058370402679  maxlinkdim=145 maxerr=1.00E-10 time=1.951
After sweep 10 energy=-9.235966806033478  maxlinkdim=147 maxerr=9.99E-11 time=1.940
After sweep 11 energy=-9.241119401390238  maxlinkdim=175 maxerr=1.00E-10 time=1.958
After sweep 12 energy=-9.243804670573825  maxlinkdim=167 maxerr=1.00E-10 time=1.973
After sweep 13 energy=-9.245252013993648  maxlinkdim=143 maxerr=1.00E-10 time=1.847
After sweep 14 energy=-9.246210691105476  maxlinkdim=126 maxerr=9.99E-11 time=1.755
After sweep 15 energy=-9.247056353294651  maxlinkdim=135 maxerr=1.00E-10 time=1.696
After sweep 16 energy=-9.247727359921344  maxlinkdim=130 maxerr=1.00E-10 time=1.652
After sweep 17 energy=-9.248069194217397  maxlinkdim=130 maxerr=1.00E-10 time=1.595
After sweep 18 energy=-9.24836849004504  maxlinkdim=132 maxerr=9.99E-11 time=1.589
After sweep 19 energy=-9.24855359080187  maxlinkdim=130 maxerr=1.00E-10 time=1.527
After sweep 20 energy=-9.248701004121992  maxlinkdim=124 maxerr=9.99E-11 time=1.554
After sweep 21 energy=-9.24879240937169  maxlinkdim=122 maxerr=9.98E-11 time=1.502
After sweep 22 energy=-9.248862620748474  maxlinkdim=129 maxerr=9.98E-11 time=1.522
After sweep 23 energy=-9.248915679970121  maxlinkdim=129 maxerr=9.99E-11 time=1.470
After sweep 24 energy=-9.248949719948309  maxlinkdim=132 maxerr=9.99E-11 time=1.508
After sweep 25 energy=-9.248978292291657  maxlinkdim=133 maxerr=1.00E-10 time=1.445
After sweep 26 energy=-9.248998124281648  maxlinkdim=118 maxerr=9.99E-11 time=1.455
After sweep 27 energy=-9.249013058882301  maxlinkdim=123 maxerr=1.00E-10 time=1.528
After sweep 28 energy=-9.249021641453558  maxlinkdim=124 maxerr=9.99E-11 time=1.447
After sweep 29 energy=-9.24902735609424  maxlinkdim=123 maxerr=1.00E-10 time=1.445
After sweep 30 energy=-9.249031206785313  maxlinkdim=123 maxerr=1.00E-10 time=1.492
Calculation finished. Saving results to results_U_-4.0_t_p_0.2_gpu.h5
