Starting fresh run
Running with t_p=0.025 U=-4.0 L=100 chi_max=300 E_p=1.476 mu_init=-2.65
After sweep 1 energy=-4.95968423757944  maxlinkdim=16 maxerr=7.47E-11 time=30.361
After sweep 2 energy=-6.028112365638558  maxlinkdim=103 maxerr=9.98E-11 time=3.328
After sweep 3 energy=-6.115489860545726  maxlinkdim=117 maxerr=9.99E-11 time=5.778
After sweep 4 energy=-6.1627710739577  maxlinkdim=106 maxerr=9.99E-11 time=6.238
After sweep 5 energy=-6.196104919904781  maxlinkdim=101 maxerr=1.00E-10 time=5.811
After sweep 6 energy=-6.224917540425329  maxlinkdim=128 maxerr=1.00E-10 time=5.968
After sweep 7 energy=-6.251284411727454  maxlinkdim=147 maxerr=1.00E-10 time=6.990
After sweep 8 energy=-6.26634093527766  maxlinkdim=176 maxerr=9.99E-11 time=7.127
After sweep 9 energy=-6.276270390081702  maxlinkdim=183 maxerr=1.00E-10 time=6.656
After sweep 10 energy=-6.284717380955663  maxlinkdim=172 maxerr=1.00E-10 time=7.224
After sweep 11 energy=-6.29032416362305  maxlinkdim=214 maxerr=1.00E-10 time=7.140
After sweep 12 energy=-6.29470961800577  maxlinkdim=185 maxerr=9.99E-11 time=7.579
After sweep 13 energy=-6.298103188238622  maxlinkdim=158 maxerr=1.00E-10 time=7.793
After sweep 14 energy=-6.299946924884036  maxlinkdim=168 maxerr=1.00E-10 time=7.633
After sweep 15 energy=-6.301277424836684  maxlinkdim=157 maxerr=9.98E-11 time=7.802
After sweep 16 energy=-6.302302770011013  maxlinkdim=191 maxerr=9.99E-11 time=8.183
After sweep 17 energy=-6.303379778009085  maxlinkdim=234 maxerr=9.98E-11 time=10.238
After sweep 18 energy=-6.3040681872830096  maxlinkdim=227 maxerr=9.99E-11 time=12.566
After sweep 19 energy=-6.304209638468377  maxlinkdim=240 maxerr=1.00E-10 time=17.230
After sweep 20 energy=-6.30423784945245  maxlinkdim=214 maxerr=9.99E-11 time=20.701
After sweep 21 energy=-6.304245906543959  maxlinkdim=226 maxerr=1.00E-10 time=27.851
After sweep 22 energy=-6.3042476405855465  maxlinkdim=222 maxerr=1.00E-10 time=26.343
After sweep 23 energy=-6.304247938753814  maxlinkdim=203 maxerr=1.00E-10 time=21.743
After sweep 24 energy=-6.30424796098765  maxlinkdim=189 maxerr=1.00E-10 time=19.574
After sweep 25 energy=-6.304247961675049  maxlinkdim=187 maxerr=1.00E-10 time=19.852
After sweep 26 energy=-6.304247962215603  maxlinkdim=187 maxerr=9.99E-11 time=20.731
After sweep 27 energy=-6.304247962307699  maxlinkdim=187 maxerr=1.00E-10 time=20.460
After sweep 28 energy=-6.3042479624595815  maxlinkdim=188 maxerr=9.99E-11 time=18.392
After sweep 29 energy=-6.304247962493421  maxlinkdim=188 maxerr=9.99E-11 time=20.654
After sweep 30 energy=-6.304247962589401  maxlinkdim=188 maxerr=1.00E-10 time=17.490
Not same mu, searching again
After sweep 1 energy=-4.461037915140581  maxlinkdim=16 maxerr=7.67E-11 time=0.901
After sweep 2 energy=-5.530294398430891  maxlinkdim=103 maxerr=9.99E-11 time=3.490
After sweep 3 energy=-5.618525832600348  maxlinkdim=112 maxerr=1.00E-10 time=5.670
After sweep 4 energy=-5.668871791919542  maxlinkdim=113 maxerr=1.00E-10 time=6.125
After sweep 5 energy=-5.701692349178614  maxlinkdim=103 maxerr=9.99E-11 time=6.312
After sweep 6 energy=-5.726510746569635  maxlinkdim=120 maxerr=9.99E-11 time=5.792
After sweep 7 energy=-5.748357200496269  maxlinkdim=121 maxerr=1.00E-10 time=6.208
After sweep 8 energy=-5.764315960790327  maxlinkdim=114 maxerr=9.99E-11 time=6.479
After sweep 9 energy=-5.77436598154676  maxlinkdim=112 maxerr=9.99E-11 time=6.468
After sweep 10 energy=-5.782666962653294  maxlinkdim=114 maxerr=1.00E-10 time=6.249
After sweep 11 energy=-5.789869032290874  maxlinkdim=118 maxerr=1.00E-10 time=6.551
After sweep 12 energy=-5.795791832678445  maxlinkdim=157 maxerr=1.00E-10 time=7.115
After sweep 13 energy=-5.801136562762891  maxlinkdim=189 maxerr=1.00E-10 time=8.358
After sweep 14 energy=-5.803185322487773  maxlinkdim=214 maxerr=1.00E-10 time=8.668
After sweep 15 energy=-5.804320623993719  maxlinkdim=256 maxerr=1.00E-10 time=9.503
After sweep 16 energy=-5.805316864407888  maxlinkdim=206 maxerr=1.00E-10 time=8.729
After sweep 17 energy=-5.805726040016266  maxlinkdim=218 maxerr=9.99E-11 time=8.562
After sweep 18 energy=-5.806013533233366  maxlinkdim=259 maxerr=9.99E-11 time=9.878
After sweep 19 energy=-5.806226604548681  maxlinkdim=213 maxerr=1.00E-10 time=10.110
After sweep 20 energy=-5.806360407566267  maxlinkdim=218 maxerr=1.00E-10 time=12.559
After sweep 21 energy=-5.806459239210996  maxlinkdim=223 maxerr=1.00E-10 time=12.292
After sweep 22 energy=-5.806530560262122  maxlinkdim=256 maxerr=1.00E-10 time=18.922
After sweep 23 energy=-5.806566597050459  maxlinkdim=224 maxerr=1.00E-10 time=20.263
After sweep 24 energy=-5.806570376219036  maxlinkdim=218 maxerr=1.00E-10 time=20.353
After sweep 25 energy=-5.806571204844987  maxlinkdim=207 maxerr=1.00E-10 time=20.525
After sweep 26 energy=-5.806571380448534  maxlinkdim=192 maxerr=1.00E-10 time=22.956
After sweep 27 energy=-5.806571390104876  maxlinkdim=181 maxerr=1.00E-10 time=17.287
After sweep 28 energy=-5.80657139026744  maxlinkdim=181 maxerr=9.99E-11 time=18.316
After sweep 29 energy=-5.80657139079894  maxlinkdim=181 maxerr=1.00E-10 time=17.216
After sweep 30 energy=-5.806571390979386  maxlinkdim=181 maxerr=1.00E-10 time=19.475
n0: 0.4913831939967072; n1: 0.5038981870988899; mu0: -2.6599999999999997; mu1: -2.65

Range found between mu0: -2.6599999999999997 (n0: 0.4913831939967072) and mu1: -2.65 (n1: 0.5038981870988899); refining...
n0: 0.4913831939967072; n1: 0.5038981870988899; mu0: -2.6599999999999997; mu1: -2.65
Trying secant step...
After sweep 1 energy=-4.804318101311832  maxlinkdim=16 maxerr=7.55E-11 time=0.886
After sweep 2 energy=-5.873869807422734  maxlinkdim=103 maxerr=9.98E-11 time=3.389
After sweep 3 energy=-5.962424064866139  maxlinkdim=117 maxerr=1.00E-10 time=5.613
After sweep 4 energy=-6.0093119773491095  maxlinkdim=115 maxerr=9.99E-11 time=5.889
After sweep 5 energy=-6.041108283408825  maxlinkdim=104 maxerr=1.00E-10 time=6.044
After sweep 6 energy=-6.066139465790499  maxlinkdim=150 maxerr=9.99E-11 time=5.816
After sweep 7 energy=-6.086936425140083  maxlinkdim=123 maxerr=9.99E-11 time=6.090
After sweep 8 energy=-6.103256082389415  maxlinkdim=111 maxerr=9.99E-11 time=6.383
After sweep 9 energy=-6.116574457124492  maxlinkdim=155 maxerr=9.99E-11 time=6.376
After sweep 10 energy=-6.124688576112894  maxlinkdim=144 maxerr=1.00E-10 time=6.505
After sweep 11 energy=-6.130751131441351  maxlinkdim=117 maxerr=9.99E-11 time=6.687
After sweep 12 energy=-6.136232818522588  maxlinkdim=195 maxerr=9.99E-11 time=6.665
After sweep 13 energy=-6.139822215366296  maxlinkdim=176 maxerr=9.99E-11 time=7.067
After sweep 14 energy=-6.14395283421626  maxlinkdim=226 maxerr=1.00E-10 time=8.320
After sweep 15 energy=-6.145848059948676  maxlinkdim=227 maxerr=1.00E-10 time=10.406
After sweep 16 energy=-6.146640700356752  maxlinkdim=250 maxerr=9.99E-11 time=12.126
After sweep 17 energy=-6.1470800608815725  maxlinkdim=200 maxerr=9.99E-11 time=10.084
After sweep 18 energy=-6.147478630925221  maxlinkdim=233 maxerr=1.00E-10 time=10.899
After sweep 19 energy=-6.147695261678044  maxlinkdim=185 maxerr=1.00E-10 time=13.306
After sweep 20 energy=-6.147843898911487  maxlinkdim=242 maxerr=1.00E-10 time=19.412
After sweep 21 energy=-6.147882371540139  maxlinkdim=230 maxerr=1.00E-10 time=19.396
After sweep 22 energy=-6.147889885528777  maxlinkdim=244 maxerr=9.99E-11 time=19.957
After sweep 23 energy=-6.147891672782073  maxlinkdim=219 maxerr=9.99E-11 time=26.179
After sweep 24 energy=-6.1478920949088876  maxlinkdim=205 maxerr=1.00E-10 time=21.147
After sweep 25 energy=-6.147892124960488  maxlinkdim=189 maxerr=9.99E-11 time=19.759
After sweep 26 energy=-6.147892124949152  maxlinkdim=186 maxerr=9.99E-11 time=18.815
After sweep 27 energy=-6.147892125928437  maxlinkdim=186 maxerr=1.00E-10 time=19.486
After sweep 28 energy=-6.147892126345656  maxlinkdim=186 maxerr=9.99E-11 time=20.283
After sweep 29 energy=-6.147892126490498  maxlinkdim=186 maxerr=1.00E-10 time=19.810
After sweep 30 energy=-6.1478921267647255  maxlinkdim=186 maxerr=1.00E-10 time=17.983
n0: 0.5000453700403591; n1: 0.5038981870988899; mu0: -2.653114813621599; mu1: -2.65
Trying secant step...
After sweep 1 energy=-4.802488723212566  maxlinkdim=16 maxerr=7.55E-11 time=0.879
After sweep 2 energy=-5.8720540808280015  maxlinkdim=103 maxerr=9.98E-11 time=3.378
After sweep 3 energy=-5.960683115562788  maxlinkdim=117 maxerr=1.00E-10 time=5.647
After sweep 4 energy=-6.007776635749294  maxlinkdim=118 maxerr=1.00E-10 time=6.406
After sweep 5 energy=-6.040503510721578  maxlinkdim=105 maxerr=9.97E-11 time=5.835
After sweep 6 energy=-6.065784925631668  maxlinkdim=132 maxerr=1.00E-10 time=5.735
After sweep 7 energy=-6.08692046186765  maxlinkdim=116 maxerr=1.00E-10 time=6.542
After sweep 8 energy=-6.104484455109119  maxlinkdim=126 maxerr=1.00E-10 time=6.522
After sweep 9 energy=-6.113486245853122  maxlinkdim=111 maxerr=9.98E-11 time=6.594
After sweep 10 energy=-6.121627976533714  maxlinkdim=140 maxerr=9.99E-11 time=6.504
After sweep 11 energy=-6.1303003635598845  maxlinkdim=167 maxerr=9.99E-11 time=6.859
After sweep 12 energy=-6.134266178614769  maxlinkdim=123 maxerr=9.98E-11 time=7.275
After sweep 13 energy=-6.137975370998297  maxlinkdim=176 maxerr=9.99E-11 time=6.978
After sweep 14 energy=-6.141449663511239  maxlinkdim=181 maxerr=1.00E-10 time=7.657
After sweep 15 energy=-6.143595924286244  maxlinkdim=192 maxerr=1.00E-10 time=8.306
After sweep 16 energy=-6.144731072388135  maxlinkdim=248 maxerr=1.00E-10 time=9.866
After sweep 17 energy=-6.145435149312892  maxlinkdim=281 maxerr=1.00E-10 time=14.291
After sweep 18 energy=-6.145857368247  maxlinkdim=201 maxerr=9.99E-11 time=10.825
After sweep 19 energy=-6.145986375810488  maxlinkdim=224 maxerr=1.00E-10 time=12.418
After sweep 20 energy=-6.1460374089085  maxlinkdim=207 maxerr=1.00E-10 time=14.463
After sweep 21 energy=-6.146054233146503  maxlinkdim=245 maxerr=1.00E-10 time=20.337
After sweep 22 energy=-6.146057526870267  maxlinkdim=206 maxerr=1.00E-10 time=21.014
After sweep 23 energy=-6.146058028811559  maxlinkdim=207 maxerr=1.00E-10 time=22.788
After sweep 24 energy=-6.146058069162208  maxlinkdim=189 maxerr=1.00E-10 time=18.866
After sweep 25 energy=-6.146058069793915  maxlinkdim=186 maxerr=1.00E-10 time=19.772
After sweep 26 energy=-6.14605807019234  maxlinkdim=186 maxerr=1.00E-10 time=19.859
After sweep 27 energy=-6.146058070543681  maxlinkdim=186 maxerr=1.00E-10 time=20.278
After sweep 28 energy=-6.146058070767189  maxlinkdim=186 maxerr=9.99E-11 time=18.568
After sweep 29 energy=-6.146058070826058  maxlinkdim=186 maxerr=1.00E-10 time=15.886
After sweep 30 energy=-6.146058070841602  maxlinkdim=186 maxerr=9.99E-11 time=15.840
FOUND MU (secant); mu: -2.6531514930739517  n: 0.4999997720811681
Target density achieved with mu=-2.6531514930739517, n=0.4999997720811681
Checking {alpha,beta} vs measured
NOT CONVERGED; updating alpha, beta and continuing...
After sweep 1 energy=-4.680747849489471  maxlinkdim=16 maxerr=6.38E-11 time=1.067
After sweep 2 energy=-5.792893468453138  maxlinkdim=99 maxerr=1.00E-10 time=4.542
After sweep 3 energy=-5.880938931513911  maxlinkdim=116 maxerr=9.99E-11 time=8.726
After sweep 4 energy=-5.925009228865762  maxlinkdim=138 maxerr=1.00E-10 time=9.595
After sweep 5 energy=-5.951323522484883  maxlinkdim=127 maxerr=9.99E-11 time=9.659
After sweep 6 energy=-5.972434945911166  maxlinkdim=166 maxerr=9.99E-11 time=9.416
After sweep 7 energy=-5.991731642299457  maxlinkdim=171 maxerr=9.97E-11 time=11.169
After sweep 8 energy=-6.002483705196247  maxlinkdim=147 maxerr=9.99E-11 time=11.554
After sweep 9 energy=-6.0084227491344375  maxlinkdim=186 maxerr=1.00E-10 time=14.308
After sweep 10 energy=-6.013014030680688  maxlinkdim=161 maxerr=1.00E-10 time=11.827
After sweep 11 energy=-6.016765443450057  maxlinkdim=187 maxerr=9.99E-11 time=13.660
After sweep 12 energy=-6.02028266310127  maxlinkdim=186 maxerr=9.99E-11 time=15.645
After sweep 13 energy=-6.023281874838373  maxlinkdim=187 maxerr=1.00E-10 time=16.870
After sweep 14 energy=-6.025423379172129  maxlinkdim=213 maxerr=1.00E-10 time=20.448
After sweep 15 energy=-6.0272954260098714  maxlinkdim=210 maxerr=9.99E-11 time=19.992
After sweep 16 energy=-6.028921253487605  maxlinkdim=253 maxerr=1.00E-10 time=26.105
After sweep 17 energy=-6.029885393104584  maxlinkdim=285 maxerr=1.64E-10 time=31.085
After sweep 18 energy=-6.0307967865055  maxlinkdim=287 maxerr=1.00E-10 time=33.178
After sweep 19 energy=-6.03140439740101  maxlinkdim=300 maxerr=3.68E-10 time=33.861
After sweep 20 energy=-6.031750942204985  maxlinkdim=279 maxerr=1.00E-10 time=46.108
After sweep 21 energy=-6.032071228792532  maxlinkdim=300 maxerr=3.93E-10 time=61.883
After sweep 22 energy=-6.032258743260595  maxlinkdim=300 maxerr=2.50E-10 time=66.423
After sweep 23 energy=-6.032360667888651  maxlinkdim=300 maxerr=2.80E-10 time=91.426
After sweep 24 energy=-6.032422386736412  maxlinkdim=300 maxerr=1.61E-10 time=112.423
After sweep 25 energy=-6.032444029815426  maxlinkdim=300 maxerr=3.42E-10 time=138.402
After sweep 26 energy=-6.032454274939488  maxlinkdim=300 maxerr=4.58E-10 time=188.970
After sweep 27 energy=-6.032458251859688  maxlinkdim=300 maxerr=2.87E-10 time=216.927
After sweep 28 energy=-6.03245958367461  maxlinkdim=300 maxerr=2.91E-10 time=285.631
After sweep 29 energy=-6.032460023111311  maxlinkdim=300 maxerr=3.97E-10 time=393.268
After sweep 30 energy=-6.032460128306617  maxlinkdim=300 maxerr=1.98E-10 time=332.414
Not same mu, searching again
After sweep 1 energy=-4.185660815878629  maxlinkdim=16 maxerr=9.10E-11 time=1.112
After sweep 2 energy=-5.298493841359378  maxlinkdim=99 maxerr=9.99E-11 time=4.686
After sweep 3 energy=-5.386822611866669  maxlinkdim=118 maxerr=1.00E-10 time=8.873
After sweep 4 energy=-5.431420421730871  maxlinkdim=126 maxerr=1.00E-10 time=10.195
After sweep 5 energy=-5.457524177603522  maxlinkdim=134 maxerr=9.99E-11 time=9.833
After sweep 6 energy=-5.474049808576191  maxlinkdim=118 maxerr=9.99E-11 time=8.999
After sweep 7 energy=-5.49049114987037  maxlinkdim=148 maxerr=1.00E-10 time=10.086
After sweep 8 energy=-5.501148973331378  maxlinkdim=145 maxerr=1.00E-10 time=10.783
After sweep 9 energy=-5.5079408454794505  maxlinkdim=183 maxerr=1.00E-10 time=11.619
After sweep 10 energy=-5.515301939855134  maxlinkdim=214 maxerr=1.93E-10 time=15.737
After sweep 11 energy=-5.5202145477924764  maxlinkdim=271 maxerr=2.25E-10 time=16.102
After sweep 12 energy=-5.523346823499263  maxlinkdim=216 maxerr=7.65E-10 time=16.013
After sweep 13 energy=-5.526791818038792  maxlinkdim=253 maxerr=1.00E-10 time=19.264
After sweep 14 energy=-5.529417541928142  maxlinkdim=248 maxerr=9.99E-11 time=21.038
After sweep 15 energy=-5.531708677185405  maxlinkdim=232 maxerr=1.00E-10 time=20.446
After sweep 16 energy=-5.533019872452975  maxlinkdim=300 maxerr=1.35E-10 time=27.944
After sweep 17 energy=-5.534054144156947  maxlinkdim=259 maxerr=1.00E-10 time=27.052
After sweep 18 energy=-5.534872140287854  maxlinkdim=268 maxerr=7.43E-10 time=30.745
After sweep 19 energy=-5.535450602827127  maxlinkdim=266 maxerr=3.97E-10 time=27.697
After sweep 20 energy=-5.5362085338572475  maxlinkdim=296 maxerr=1.19E-10 time=34.884
After sweep 21 energy=-5.536652436760939  maxlinkdim=205 maxerr=1.00E-10 time=33.357
After sweep 22 energy=-5.536944656758308  maxlinkdim=221 maxerr=9.99E-11 time=35.768
After sweep 23 energy=-5.5371570246244985  maxlinkdim=265 maxerr=9.99E-11 time=27.795
After sweep 24 energy=-5.537348287956653  maxlinkdim=243 maxerr=9.98E-11 time=30.362
After sweep 25 energy=-5.537520710722763  maxlinkdim=300 maxerr=1.39E-10 time=32.551
After sweep 26 energy=-5.537658816020724  maxlinkdim=300 maxerr=2.13E-10 time=40.403
After sweep 27 energy=-5.537935284609584  maxlinkdim=286 maxerr=4.26E-10 time=66.510
After sweep 28 energy=-5.538025103137623  maxlinkdim=300 maxerr=1.19E-10 time=68.681
After sweep 29 energy=-5.5380813676604435  maxlinkdim=257 maxerr=1.00E-10 time=74.380
After sweep 30 energy=-5.538138442509824  maxlinkdim=264 maxerr=2.13E-09 time=103.452
n0: 0.48770449740779603; n1: 0.5000051862074387; mu0: -2.6631514930739515; mu1: -2.6531514930739517

Range found between mu0: -2.6631514930739515 (n0: 0.48770449740779603) and mu1: -2.6531514930739517 (n1: 0.5000051862074387); refining...
n0: 0.48770449740779603; n1: 0.5000051862074387; mu0: -2.6631514930739515; mu1: -2.6531514930739517
Trying secant step...
After sweep 1 energy=-4.68054396720364  maxlinkdim=16 maxerr=6.38E-11 time=1.200
After sweep 2 energy=-5.792586208580667  maxlinkdim=99 maxerr=9.98E-11 time=4.824
After sweep 3 energy=-5.881313286064868  maxlinkdim=116 maxerr=9.99E-11 time=8.402
After sweep 4 energy=-5.925638543251745  maxlinkdim=140 maxerr=1.00E-10 time=10.105
After sweep 5 energy=-5.953172226635291  maxlinkdim=128 maxerr=9.99E-11 time=10.221
After sweep 6 energy=-5.973169292968578  maxlinkdim=148 maxerr=1.00E-10 time=10.210
After sweep 7 energy=-5.990434987779142  maxlinkdim=145 maxerr=1.00E-10 time=11.409
After sweep 8 energy=-6.002685527834229  maxlinkdim=209 maxerr=1.00E-10 time=12.066
After sweep 9 energy=-6.008159073016758  maxlinkdim=172 maxerr=1.00E-10 time=12.547
After sweep 10 energy=-6.012800924315006  maxlinkdim=202 maxerr=9.99E-11 time=12.141
After sweep 11 energy=-6.018008994539277  maxlinkdim=257 maxerr=9.99E-11 time=16.034
After sweep 12 energy=-6.021253491268753  maxlinkdim=281 maxerr=1.00E-10 time=18.425
After sweep 13 energy=-6.023771294304134  maxlinkdim=278 maxerr=1.00E-10 time=22.518
After sweep 14 energy=-6.025763036730266  maxlinkdim=246 maxerr=9.99E-11 time=27.377
After sweep 15 energy=-6.028257600940487  maxlinkdim=299 maxerr=1.00E-10 time=28.057
After sweep 16 energy=-6.0298147825825605  maxlinkdim=289 maxerr=1.00E-10 time=29.032
After sweep 17 energy=-6.03061074785739  maxlinkdim=284 maxerr=2.12E-10 time=38.719
After sweep 18 energy=-6.031341406843729  maxlinkdim=300 maxerr=5.03E-10 time=53.632
After sweep 19 energy=-6.031684074394618  maxlinkdim=300 maxerr=2.27E-10 time=58.899
After sweep 20 energy=-6.03187265046746  maxlinkdim=269 maxerr=9.34E-10 time=71.187
After sweep 21 energy=-6.032095216596972  maxlinkdim=275 maxerr=1.43E-09 time=83.020
After sweep 22 energy=-6.032192361395502  maxlinkdim=300 maxerr=4.85E-10 time=112.673
After sweep 23 energy=-6.032227155393576  maxlinkdim=300 maxerr=1.80E-09 time=125.606
After sweep 24 energy=-6.032239856309503  maxlinkdim=300 maxerr=3.41E-10 time=174.721
After sweep 25 energy=-6.0322454553576526  maxlinkdim=300 maxerr=3.40E-10 time=210.472
After sweep 26 energy=-6.032248023768199  maxlinkdim=300 maxerr=4.30E-10 time=266.857
After sweep 27 energy=-6.032249089597769  maxlinkdim=300 maxerr=4.12E-10 time=355.638
After sweep 28 energy=-6.032249304974806  maxlinkdim=300 maxerr=3.07E-10 time=427.297
After sweep 29 energy=-6.0322493332272975  maxlinkdim=300 maxerr=1.89E-10 time=328.222
After sweep 30 energy=-6.032249336674514  maxlinkdim=300 maxerr=1.48E-10 time=470.261
FOUND MU (secant); mu: -2.653155709266657  n: 0.5000022278250773
Target density achieved with mu=-2.653155709266657, n=0.5000022278250773
Checking {alpha,beta} vs measured
NOT CONVERGED; updating alpha, beta and continuing...
After sweep 1 energy=-4.684206159019406  maxlinkdim=16 maxerr=9.65E-11 time=1.306
After sweep 2 energy=-5.807126268076596  maxlinkdim=98 maxerr=9.98E-11 time=4.777
After sweep 3 energy=-5.897007095701236  maxlinkdim=116 maxerr=9.99E-11 time=8.793
After sweep 4 energy=-5.939223943786726  maxlinkdim=158 maxerr=9.99E-11 time=9.964
After sweep 5 energy=-5.962981304667916  maxlinkdim=128 maxerr=9.99E-11 time=10.579
After sweep 6 energy=-5.981028810216209  maxlinkdim=203 maxerr=9.98E-11 time=10.340
After sweep 7 energy=-5.996717738767849  maxlinkdim=183 maxerr=1.00E-10 time=12.278
After sweep 8 energy=-6.005052712686892  maxlinkdim=200 maxerr=1.00E-10 time=14.002
After sweep 9 energy=-6.009641703379756  maxlinkdim=254 maxerr=9.98E-11 time=13.961
After sweep 10 energy=-6.013369055759471  maxlinkdim=216 maxerr=1.00E-10 time=13.443
After sweep 11 energy=-6.016982120732238  maxlinkdim=237 maxerr=1.00E-10 time=17.099
After sweep 12 energy=-6.0192346913672266  maxlinkdim=276 maxerr=1.00E-10 time=18.864
After sweep 13 energy=-6.021296506481033  maxlinkdim=188 maxerr=1.00E-10 time=17.789
After sweep 14 energy=-6.022710443203727  maxlinkdim=218 maxerr=9.98E-11 time=18.431
After sweep 15 energy=-6.023949168488479  maxlinkdim=224 maxerr=1.00E-10 time=20.213
After sweep 16 energy=-6.024867808238417  maxlinkdim=288 maxerr=1.00E-10 time=27.317
After sweep 17 energy=-6.025670652824123  maxlinkdim=259 maxerr=1.00E-10 time=24.803
After sweep 18 energy=-6.026309743926314  maxlinkdim=300 maxerr=2.25E-10 time=31.317
After sweep 19 energy=-6.026798605489518  maxlinkdim=282 maxerr=1.00E-10 time=42.340
After sweep 20 energy=-6.027314390338626  maxlinkdim=300 maxerr=2.57E-10 time=61.740
After sweep 21 energy=-6.0277969899887704  maxlinkdim=300 maxerr=4.36E-10 time=76.403
After sweep 22 energy=-6.028071329735437  maxlinkdim=300 maxerr=1.71E-09 time=97.352
After sweep 23 energy=-6.028208935859801  maxlinkdim=300 maxerr=9.27E-10 time=124.305
After sweep 24 energy=-6.028293023830911  maxlinkdim=300 maxerr=3.28E-10 time=123.319
After sweep 25 energy=-6.028350331383027  maxlinkdim=300 maxerr=5.31E-10 time=162.147
After sweep 26 energy=-6.028385764645521  maxlinkdim=300 maxerr=4.14E-10 time=122.619
After sweep 27 energy=-6.028408344389153  maxlinkdim=300 maxerr=9.92E-10 time=185.534
After sweep 28 energy=-6.02842629633528  maxlinkdim=300 maxerr=1.82E-09 time=300.162
After sweep 29 energy=-6.028432074658545  maxlinkdim=300 maxerr=9.20E-10 time=303.650
After sweep 30 energy=-6.028434288842871  maxlinkdim=300 maxerr=4.01E-10 time=441.419
Not same mu, searching again
After sweep 1 energy=-4.184220947006487  maxlinkdim=16 maxerr=9.90E-11 time=1.256
After sweep 2 energy=-5.30706519916588  maxlinkdim=98 maxerr=9.99E-11 time=4.878
After sweep 3 energy=-5.396015514111054  maxlinkdim=112 maxerr=1.00E-10 time=8.691
After sweep 4 energy=-5.438115754333925  maxlinkdim=127 maxerr=1.00E-10 time=9.512
After sweep 5 energy=-5.464144335611191  maxlinkdim=170 maxerr=9.98E-11 time=10.443
After sweep 6 energy=-5.480409386066788  maxlinkdim=193 maxerr=9.99E-11 time=10.064
After sweep 7 energy=-5.497825218561615  maxlinkdim=178 maxerr=9.98E-11 time=13.282
After sweep 8 energy=-5.505905536807532  maxlinkdim=187 maxerr=9.99E-11 time=17.541
After sweep 9 energy=-5.510113324590408  maxlinkdim=175 maxerr=9.99E-11 time=12.479
After sweep 10 energy=-5.513576681223101  maxlinkdim=249 maxerr=9.99E-11 time=13.317
After sweep 11 energy=-5.516522129940752  maxlinkdim=286 maxerr=9.99E-11 time=15.925
After sweep 12 energy=-5.5190224363988225  maxlinkdim=300 maxerr=1.74E-10 time=17.326
After sweep 13 energy=-5.522103341247227  maxlinkdim=286 maxerr=1.00E-10 time=22.385
After sweep 14 energy=-5.524087362904896  maxlinkdim=194 maxerr=1.00E-10 time=20.597
After sweep 15 energy=-5.525783505684648  maxlinkdim=291 maxerr=9.97E-11 time=31.604
After sweep 16 energy=-5.526869959936717  maxlinkdim=274 maxerr=9.99E-11 time=24.383
After sweep 17 energy=-5.527782702462352  maxlinkdim=207 maxerr=9.99E-11 time=22.788
After sweep 18 energy=-5.528560905208147  maxlinkdim=227 maxerr=9.99E-11 time=27.225
After sweep 19 energy=-5.529676045785141  maxlinkdim=300 maxerr=8.90E-10 time=41.802
After sweep 20 energy=-5.53049669656793  maxlinkdim=269 maxerr=9.99E-11 time=51.765
After sweep 21 energy=-5.530970617500384  maxlinkdim=221 maxerr=1.00E-10 time=44.552
After sweep 22 energy=-5.531400687905093  maxlinkdim=300 maxerr=1.57E-10 time=49.515
After sweep 23 energy=-5.531857923323539  maxlinkdim=300 maxerr=1.00E-10 time=81.524
After sweep 24 energy=-5.532181454945623  maxlinkdim=300 maxerr=1.32E-10 time=75.834
After sweep 25 energy=-5.532509963699169  maxlinkdim=300 maxerr=4.16E-10 time=82.778
After sweep 26 energy=-5.532825493230244  maxlinkdim=300 maxerr=4.53E-10 time=125.253
After sweep 27 energy=-5.5330151909698975  maxlinkdim=300 maxerr=6.51E-10 time=94.739
After sweep 28 energy=-5.533172682917633  maxlinkdim=300 maxerr=2.37E-09 time=139.119
After sweep 29 energy=-5.533265281550689  maxlinkdim=268 maxerr=1.41E-10 time=118.072
After sweep 30 energy=-5.5333493852391635  maxlinkdim=300 maxerr=1.40E-09 time=146.487
n0: 0.48811313156731223; n1: 0.5000214286064626; mu0: -2.6631557092666567; mu1: -2.653155709266657

Range found between mu0: -2.6631557092666567 (n0: 0.48811313156731223) and mu1: -2.653155709266657 (n1: 0.5000214286064626); refining...
n0: 0.48811313156731223; n1: 0.5000214286064626; mu0: -2.6631557092666567; mu1: -2.653155709266657
Trying secant step...
After sweep 1 energy=-4.683306464887248  maxlinkdim=16 maxerr=9.65E-11 time=1.204
After sweep 2 energy=-5.806226450266314  maxlinkdim=98 maxerr=9.98E-11 time=4.828
After sweep 3 energy=-5.89610691327105  maxlinkdim=116 maxerr=9.99E-11 time=8.749
After sweep 4 energy=-5.93832214001547  maxlinkdim=158 maxerr=1.00E-10 time=9.871
After sweep 5 energy=-5.962071280747102  maxlinkdim=128 maxerr=9.98E-11 time=10.461
After sweep 6 energy=-5.980117743831007  maxlinkdim=203 maxerr=1.00E-10 time=10.145
After sweep 7 energy=-5.995222306658267  maxlinkdim=195 maxerr=1.00E-10 time=11.403
After sweep 8 energy=-6.003514029777351  maxlinkdim=166 maxerr=1.00E-10 time=12.543
After sweep 9 energy=-6.008287493493506  maxlinkdim=231 maxerr=1.00E-10 time=12.383
After sweep 10 energy=-6.011961196579199  maxlinkdim=233 maxerr=9.99E-11 time=13.584
After sweep 11 energy=-6.014747670100765  maxlinkdim=177 maxerr=1.00E-10 time=13.282
After sweep 12 energy=-6.017475330941389  maxlinkdim=162 maxerr=1.00E-10 time=13.432
After sweep 13 energy=-6.019594472251724  maxlinkdim=157 maxerr=9.98E-11 time=14.238
After sweep 14 energy=-6.021216932181057  maxlinkdim=235 maxerr=1.00E-10 time=17.951
After sweep 15 energy=-6.023157765228104  maxlinkdim=300 maxerr=1.00E-10 time=43.716
After sweep 16 energy=-6.024752694324687  maxlinkdim=300 maxerr=1.44E-10 time=41.964
After sweep 17 energy=-6.025591509909804  maxlinkdim=266 maxerr=9.99E-11 time=39.440
After sweep 18 energy=-6.026131031769591  maxlinkdim=300 maxerr=2.09E-09 time=43.994
After sweep 19 energy=-6.026526202982163  maxlinkdim=299 maxerr=8.79E-10 time=63.961
After sweep 20 energy=-6.026943277884093  maxlinkdim=300 maxerr=1.89E-10 time=74.490
After sweep 21 energy=-6.0271423555608346  maxlinkdim=270 maxerr=9.99E-11 time=90.606
After sweep 22 energy=-6.027303245494288  maxlinkdim=300 maxerr=1.79E-09 time=106.299
After sweep 23 energy=-6.027410643513092  maxlinkdim=300 maxerr=2.40E-10 time=97.178
After sweep 24 energy=-6.027466915200671  maxlinkdim=300 maxerr=1.02E-09 time=157.050
After sweep 25 energy=-6.027504399807807  maxlinkdim=300 maxerr=3.15E-10 time=249.301
After sweep 26 energy=-6.02752329009292  maxlinkdim=300 maxerr=4.74E-10 time=300.707
After sweep 27 energy=-6.027531082649349  maxlinkdim=300 maxerr=5.42E-10 time=271.093
After sweep 28 energy=-6.027534273268919  maxlinkdim=300 maxerr=4.01E-10 time=387.723
After sweep 29 energy=-6.027535417406261  maxlinkdim=300 maxerr=4.62E-10 time=314.640
After sweep 30 energy=-6.027535655353496  maxlinkdim=300 maxerr=4.48E-10 time=439.376
n0: 0.5000130991019595; n1: 0.5000214286064626; mu0: -2.6531737039525405; mu1: -2.653155709266657
Trying secant step...
After sweep 1 energy=-4.681891592245332  maxlinkdim=16 maxerr=9.65E-11 time=1.299
After sweep 2 energy=-5.804818554147437  maxlinkdim=98 maxerr=9.97E-11 time=4.951
After sweep 3 energy=-5.8946756422127375  maxlinkdim=117 maxerr=1.00E-10 time=8.654
After sweep 4 energy=-5.9369883623011  maxlinkdim=153 maxerr=9.99E-11 time=9.884
After sweep 5 energy=-5.962646482901312  maxlinkdim=141 maxerr=1.00E-10 time=10.542
After sweep 6 energy=-5.9786852467913665  maxlinkdim=183 maxerr=1.00E-10 time=10.439
After sweep 7 energy=-5.993417592248972  maxlinkdim=230 maxerr=1.00E-10 time=12.754
After sweep 8 energy=-6.0017173455404595  maxlinkdim=227 maxerr=9.99E-11 time=13.587
After sweep 9 energy=-6.006536540061094  maxlinkdim=174 maxerr=1.00E-10 time=12.391
After sweep 10 energy=-6.010520116838741  maxlinkdim=184 maxerr=9.98E-11 time=12.844
After sweep 11 energy=-6.013825064522682  maxlinkdim=264 maxerr=9.98E-11 time=14.655
After sweep 12 energy=-6.016666104415884  maxlinkdim=204 maxerr=9.99E-11 time=17.723
After sweep 13 energy=-6.018468379585101  maxlinkdim=214 maxerr=1.00E-10 time=15.932
After sweep 14 energy=-6.0199816159039985  maxlinkdim=242 maxerr=1.00E-10 time=20.705
After sweep 15 energy=-6.021482797993352  maxlinkdim=291 maxerr=1.00E-10 time=24.286
After sweep 16 energy=-6.023167501595896  maxlinkdim=271 maxerr=9.99E-11 time=26.527
After sweep 17 energy=-6.024322840940097  maxlinkdim=290 maxerr=1.00E-10 time=36.509
After sweep 18 energy=-6.02486411552821  maxlinkdim=222 maxerr=9.99E-11 time=32.644
After sweep 19 energy=-6.0251910148536245  maxlinkdim=279 maxerr=1.00E-10 time=36.509
After sweep 20 energy=-6.025447032409163  maxlinkdim=263 maxerr=1.00E-10 time=40.897
After sweep 21 energy=-6.025661012819309  maxlinkdim=300 maxerr=4.78E-10 time=82.381
After sweep 22 energy=-6.025882782308835  maxlinkdim=300 maxerr=4.97E-10 time=136.326
After sweep 23 energy=-6.025993720798575  maxlinkdim=290 maxerr=1.16E-10 time=100.542
After sweep 24 energy=-6.02604376512158  maxlinkdim=274 maxerr=3.79E-10 time=88.519
After sweep 25 energy=-6.026092049090733  maxlinkdim=300 maxerr=2.77E-09 time=145.813
After sweep 26 energy=-6.026109858348956  maxlinkdim=300 maxerr=7.84E-10 time=176.046
After sweep 27 energy=-6.026117813058609  maxlinkdim=300 maxerr=1.60E-09 time=218.958
After sweep 28 energy=-6.026120129469172  maxlinkdim=300 maxerr=1.24E-09 time=285.490
After sweep 29 energy=-6.026120655542163  maxlinkdim=300 maxerr=7.70E-10 time=341.606
After sweep 30 energy=-6.026120725798778  maxlinkdim=300 maxerr=3.60E-10 time=278.305
FOUND MU (secant); mu: -2.653202002661669  n: 0.4999987000429575
Target density achieved with mu=-2.653202002661669, n=0.4999987000429575
Checking {alpha,beta} vs measured
NOT CONVERGED; updating alpha, beta and continuing...
After sweep 1 energy=-4.682442015321554  maxlinkdim=16 maxerr=8.65E-11 time=1.302
After sweep 2 energy=-5.799583439688597  maxlinkdim=98 maxerr=1.00E-10 time=4.959
After sweep 3 energy=-5.887378341719495  maxlinkdim=107 maxerr=1.00E-10 time=8.485
After sweep 4 energy=-5.930460266543043  maxlinkdim=117 maxerr=9.99E-11 time=9.242
After sweep 5 energy=-5.955831476567932  maxlinkdim=174 maxerr=9.99E-11 time=9.413
After sweep 6 energy=-5.971845360186233  maxlinkdim=152 maxerr=1.00E-10 time=9.302
After sweep 7 energy=-5.99018394392597  maxlinkdim=165 maxerr=9.99E-11 time=10.682
After sweep 8 energy=-6.0002126712331005  maxlinkdim=224 maxerr=9.99E-11 time=12.442
After sweep 9 energy=-6.005366680353384  maxlinkdim=281 maxerr=9.97E-11 time=13.839
After sweep 10 energy=-6.0092552256148855  maxlinkdim=217 maxerr=9.99E-11 time=12.837
After sweep 11 energy=-6.012604031862442  maxlinkdim=242 maxerr=9.99E-11 time=15.259
After sweep 12 energy=-6.016045291990402  maxlinkdim=224 maxerr=1.00E-10 time=20.064
After sweep 13 energy=-6.018667567134947  maxlinkdim=234 maxerr=9.99E-11 time=19.098
After sweep 14 energy=-6.020001765423434  maxlinkdim=183 maxerr=9.99E-11 time=18.514
After sweep 15 energy=-6.021340014556018  maxlinkdim=203 maxerr=1.00E-10 time=18.682
After sweep 16 energy=-6.022245608528189  maxlinkdim=300 maxerr=1.01E-10 time=28.089
After sweep 17 energy=-6.023073042188467  maxlinkdim=300 maxerr=6.58E-10 time=44.862
After sweep 18 energy=-6.023840694755603  maxlinkdim=300 maxerr=6.84E-10 time=79.360
After sweep 19 energy=-6.024206222643606  maxlinkdim=300 maxerr=2.90E-10 time=68.940
After sweep 20 energy=-6.0244318170620454  maxlinkdim=299 maxerr=9.35E-10 time=73.177
After sweep 21 energy=-6.024617054263334  maxlinkdim=300 maxerr=1.23E-09 time=136.154
After sweep 22 energy=-6.024760003039683  maxlinkdim=300 maxerr=9.27E-10 time=145.046
After sweep 23 energy=-6.0248517329364875  maxlinkdim=300 maxerr=2.01E-10 time=115.251
After sweep 24 energy=-6.02494415356784  maxlinkdim=300 maxerr=2.12E-09 time=149.703
After sweep 25 energy=-6.025002970673768  maxlinkdim=300 maxerr=2.60E-10 time=147.738
After sweep 26 energy=-6.025033356276872  maxlinkdim=300 maxerr=2.00E-09 time=152.701
After sweep 27 energy=-6.0250525731806075  maxlinkdim=300 maxerr=1.30E-09 time=189.112
After sweep 28 energy=-6.025062319954191  maxlinkdim=300 maxerr=2.91E-09 time=137.833
After sweep 29 energy=-6.025066337202727  maxlinkdim=300 maxerr=1.56E-09 time=280.111
After sweep 30 energy=-6.025067813704914  maxlinkdim=300 maxerr=1.25E-09 time=291.088
Same mu: -2.653202002661669 and continuing
Target density achieved with mu=-2.653202002661669, n=0.5000021588332434
Checking {alpha,beta} vs measured
NOT CONVERGED; updating alpha, beta and continuing...
After sweep 1 energy=-4.681879020616618  maxlinkdim=16 maxerr=8.59E-11 time=1.305
After sweep 2 energy=-5.797304848401847  maxlinkdim=97 maxerr=9.98E-11 time=5.076
After sweep 3 energy=-5.8879586427730795  maxlinkdim=109 maxerr=9.99E-11 time=8.763
After sweep 4 energy=-5.933152506779734  maxlinkdim=170 maxerr=1.00E-10 time=9.731
After sweep 5 energy=-5.957931832485245  maxlinkdim=137 maxerr=9.99E-11 time=9.943
After sweep 6 energy=-5.975839309271544  maxlinkdim=165 maxerr=1.00E-10 time=10.584
After sweep 7 energy=-5.992157646072392  maxlinkdim=197 maxerr=1.00E-10 time=12.018
After sweep 8 energy=-6.000508602400318  maxlinkdim=169 maxerr=1.00E-10 time=12.798
After sweep 9 energy=-6.005833015008085  maxlinkdim=215 maxerr=9.98E-11 time=12.561
After sweep 10 energy=-6.010756305253204  maxlinkdim=219 maxerr=9.99E-11 time=14.480
After sweep 11 energy=-6.01395560966617  maxlinkdim=223 maxerr=9.99E-11 time=14.835
After sweep 12 energy=-6.01612085648682  maxlinkdim=280 maxerr=1.00E-10 time=19.330
After sweep 13 energy=-6.01791731680569  maxlinkdim=200 maxerr=9.99E-11 time=17.721
After sweep 14 energy=-6.019535263009345  maxlinkdim=276 maxerr=1.00E-10 time=27.690
After sweep 15 energy=-6.020733638686455  maxlinkdim=266 maxerr=1.00E-10 time=25.595
After sweep 16 energy=-6.021501395471391  maxlinkdim=280 maxerr=9.99E-11 time=32.609
After sweep 17 energy=-6.022287407600797  maxlinkdim=220 maxerr=1.23E-10 time=37.368
After sweep 18 energy=-6.023484566738897  maxlinkdim=300 maxerr=2.50E-10 time=49.368
After sweep 19 energy=-6.023882766155697  maxlinkdim=237 maxerr=9.99E-11 time=71.819
After sweep 20 energy=-6.024130126844237  maxlinkdim=290 maxerr=1.00E-10 time=65.436
After sweep 21 energy=-6.024308822230056  maxlinkdim=300 maxerr=3.15E-09 time=81.510
After sweep 22 energy=-6.024423944714514  maxlinkdim=300 maxerr=5.80E-10 time=94.359
After sweep 23 energy=-6.024517533915901  maxlinkdim=300 maxerr=1.14E-09 time=149.335
After sweep 24 energy=-6.024558701647211  maxlinkdim=300 maxerr=2.67E-09 time=171.149
After sweep 25 energy=-6.024584158240797  maxlinkdim=300 maxerr=2.13E-09 time=174.937
After sweep 26 energy=-6.024595777920936  maxlinkdim=300 maxerr=1.47E-09 time=185.351
After sweep 27 energy=-6.024600099915186  maxlinkdim=300 maxerr=7.45E-10 time=249.630
After sweep 28 energy=-6.024601753003871  maxlinkdim=300 maxerr=9.08E-10 time=347.068
After sweep 29 energy=-6.024602321053435  maxlinkdim=300 maxerr=6.69E-10 time=368.678
After sweep 30 energy=-6.024602443017666  maxlinkdim=300 maxerr=4.76E-10 time=416.616
Same mu: -2.653202002661669 and continuing
Target density achieved with mu=-2.653202002661669, n=0.5000024587032879
Checking {alpha,beta} vs measured
NOT CONVERGED; updating alpha, beta and continuing...
After sweep 1 energy=-4.6814421966108135  maxlinkdim=16 maxerr=8.54E-11 time=1.256
After sweep 2 energy=-5.798440717734065  maxlinkdim=97 maxerr=1.00E-10 time=4.726
After sweep 3 energy=-5.888177785997493  maxlinkdim=108 maxerr=9.99E-11 time=7.862
After sweep 4 energy=-5.930449259163219  maxlinkdim=113 maxerr=1.00E-10 time=8.921
After sweep 5 energy=-5.955278968327653  maxlinkdim=115 maxerr=9.99E-11 time=8.952
After sweep 6 energy=-5.973830200635749  maxlinkdim=154 maxerr=1.00E-10 time=9.015
After sweep 7 energy=-5.98646600291595  maxlinkdim=197 maxerr=9.98E-11 time=9.931
After sweep 8 energy=-5.994433625602326  maxlinkdim=180 maxerr=1.00E-10 time=10.166
After sweep 9 energy=-6.000147525616351  maxlinkdim=171 maxerr=9.99E-11 time=10.251
After sweep 10 energy=-6.005497771083868  maxlinkdim=217 maxerr=1.00E-10 time=12.715
After sweep 11 energy=-6.009373228442062  maxlinkdim=171 maxerr=1.00E-10 time=11.670
After sweep 12 energy=-6.0121781457030234  maxlinkdim=224 maxerr=9.98E-11 time=13.148
After sweep 13 energy=-6.014664743566838  maxlinkdim=281 maxerr=1.00E-10 time=19.775
After sweep 14 energy=-6.017695502939763  maxlinkdim=232 maxerr=1.00E-10 time=20.776
After sweep 15 energy=-6.01943806169688  maxlinkdim=300 maxerr=1.37E-10 time=26.286
After sweep 16 energy=-6.020532370641674  maxlinkdim=300 maxerr=2.19E-10 time=28.925
After sweep 17 energy=-6.021429559478838  maxlinkdim=300 maxerr=1.26E-10 time=35.961
After sweep 18 energy=-6.022081066891933  maxlinkdim=300 maxerr=8.18E-10 time=36.591
Resuming from checkpoint results_U_-4.0_t_p_0.025.h5
Resuming with mu_init=-2.653202002661669
Running with t_p=0.025 U=-4.0 L=100 chi_max=300 E_p=1.476 mu_init=-2.653202002661669
After sweep 1 energy=-4.6814421966108135  maxlinkdim=16 maxerr=8.54E-11 time=29.556
After sweep 2 energy=-5.798440717734065  maxlinkdim=97 maxerr=1.00E-10 time=5.049
After sweep 3 energy=-5.888177785997493  maxlinkdim=108 maxerr=9.99E-11 time=8.673
After sweep 4 energy=-5.930449259163219  maxlinkdim=113 maxerr=1.00E-10 time=10.105
After sweep 5 energy=-5.955278968327653  maxlinkdim=115 maxerr=9.99E-11 time=10.007
After sweep 6 energy=-5.973830200635749  maxlinkdim=154 maxerr=1.00E-10 time=10.126
After sweep 7 energy=-5.98646600291595  maxlinkdim=197 maxerr=9.98E-11 time=10.663
After sweep 8 energy=-5.994433625602326  maxlinkdim=180 maxerr=1.00E-10 time=11.688
After sweep 9 energy=-6.000147525616351  maxlinkdim=171 maxerr=9.99E-11 time=11.306
After sweep 10 energy=-6.005497771083868  maxlinkdim=217 maxerr=1.00E-10 time=13.056
After sweep 11 energy=-6.009373228442062  maxlinkdim=171 maxerr=1.00E-10 time=13.214
After sweep 12 energy=-6.0121781457030234  maxlinkdim=224 maxerr=9.98E-11 time=13.188
After sweep 13 energy=-6.014664743566838  maxlinkdim=281 maxerr=1.00E-10 time=17.346
After sweep 14 energy=-6.017695502939763  maxlinkdim=232 maxerr=1.00E-10 time=19.918
After sweep 15 energy=-6.01943806169688  maxlinkdim=300 maxerr=1.37E-10 time=25.929
After sweep 16 energy=-6.020532370641674  maxlinkdim=300 maxerr=2.19E-10 time=30.257
After sweep 17 energy=-6.021429559478838  maxlinkdim=300 maxerr=1.26E-10 time=33.978
After sweep 18 energy=-6.022081066891933  maxlinkdim=300 maxerr=8.18E-10 time=39.865
After sweep 19 energy=-6.022645422746781  maxlinkdim=300 maxerr=2.51E-10 time=57.733
After sweep 20 energy=-6.0230990661864485  maxlinkdim=300 maxerr=2.45E-10 time=66.207
After sweep 21 energy=-6.023418608976014  maxlinkdim=300 maxerr=4.73E-10 time=67.958
After sweep 22 energy=-6.023666695638931  maxlinkdim=300 maxerr=1.86E-09 time=90.410
After sweep 23 energy=-6.023889649179491  maxlinkdim=300 maxerr=1.30E-10 time=98.160
After sweep 24 energy=-6.024105090991444  maxlinkdim=300 maxerr=9.23E-10 time=112.701
After sweep 25 energy=-6.024220175600533  maxlinkdim=300 maxerr=3.89E-10 time=101.398
After sweep 26 energy=-6.024290087866028  maxlinkdim=300 maxerr=9.58E-10 time=137.011
After sweep 27 energy=-6.024319614007775  maxlinkdim=300 maxerr=8.05E-10 time=144.735
After sweep 28 energy=-6.024337011044872  maxlinkdim=300 maxerr=7.98E-10 time=238.170
After sweep 29 energy=-6.0243432004311295  maxlinkdim=300 maxerr=4.31E-10 time=212.452
After sweep 30 energy=-6.024345902708651  maxlinkdim=300 maxerr=5.22E-10 time=311.039
Same mu: -2.653202002661669 and continuing
Target density achieved with mu=-2.653202002661669, n=0.5000037396535959
Checking {alpha,beta} vs measured
Alpha not converged.
NOT CONVERGED; updating alpha, beta and continuing...
After sweep 1 energy=-4.681081760811166  maxlinkdim=16 maxerr=8.50E-11 time=1.087
After sweep 2 energy=-5.799732708423202  maxlinkdim=97 maxerr=1.00E-10 time=4.567
After sweep 3 energy=-5.8881206096410095  maxlinkdim=112 maxerr=9.99E-11 time=8.700
After sweep 4 energy=-5.932386925732915  maxlinkdim=122 maxerr=1.00E-10 time=9.669
After sweep 5 energy=-5.95576657774122  maxlinkdim=174 maxerr=9.99E-11 time=10.509
After sweep 6 energy=-5.972582457842264  maxlinkdim=168 maxerr=9.99E-11 time=11.007
After sweep 7 energy=-5.988290218555919  maxlinkdim=164 maxerr=9.99E-11 time=12.613
After sweep 8 energy=-5.99763793949908  maxlinkdim=179 maxerr=9.99E-11 time=12.999
After sweep 9 energy=-6.003359984452543  maxlinkdim=196 maxerr=1.00E-10 time=12.435
After sweep 10 energy=-6.008119739577931  maxlinkdim=263 maxerr=9.98E-11 time=14.134
After sweep 11 energy=-6.012037126523367  maxlinkdim=262 maxerr=9.99E-11 time=19.434
After sweep 12 energy=-6.014442984750017  maxlinkdim=185 maxerr=9.98E-11 time=17.505
After sweep 13 energy=-6.016691081242831  maxlinkdim=267 maxerr=1.00E-10 time=18.201
After sweep 14 energy=-6.018795100783656  maxlinkdim=200 maxerr=1.00E-10 time=20.148
After sweep 15 energy=-6.020209724801383  maxlinkdim=258 maxerr=1.00E-10 time=25.848
After sweep 16 energy=-6.020963859217273  maxlinkdim=219 maxerr=9.99E-11 time=24.400
After sweep 17 energy=-6.022098790442546  maxlinkdim=234 maxerr=9.99E-11 time=31.997
After sweep 18 energy=-6.022491540521687  maxlinkdim=300 maxerr=1.26E-10 time=34.538
After sweep 19 energy=-6.022896573684695  maxlinkdim=266 maxerr=4.14E-10 time=43.323
After sweep 20 energy=-6.023168911348836  maxlinkdim=298 maxerr=1.00E-10 time=47.969
After sweep 21 energy=-6.023382785870421  maxlinkdim=300 maxerr=1.39E-10 time=47.596
After sweep 22 energy=-6.023653339043861  maxlinkdim=299 maxerr=1.00E-10 time=54.752
After sweep 23 energy=-6.02389253244891  maxlinkdim=287 maxerr=8.28E-10 time=87.918
After sweep 24 energy=-6.024079242462158  maxlinkdim=300 maxerr=2.40E-09 time=124.035
After sweep 25 energy=-6.0241375354630495  maxlinkdim=300 maxerr=4.22E-09 time=172.055
After sweep 26 energy=-6.024173192460793  maxlinkdim=300 maxerr=2.95E-09 time=204.257
After sweep 27 energy=-6.024184991141565  maxlinkdim=300 maxerr=7.27E-10 time=199.768
After sweep 28 energy=-6.024192483652691  maxlinkdim=300 maxerr=1.00E-09 time=312.156
After sweep 29 energy=-6.0241943480869145  maxlinkdim=300 maxerr=1.32E-09 time=263.090
After sweep 30 energy=-6.024194927163456  maxlinkdim=300 maxerr=5.47E-10 time=348.142
Same mu: -2.653202002661669 and continuing
Target density achieved with mu=-2.653202002661669, n=0.5000013976881208
Checking {alpha,beta} vs measured
Alpha not converged.
NOT CONVERGED; updating alpha, beta and continuing...
After sweep 1 energy=-4.6808530072403585  maxlinkdim=16 maxerr=8.46E-11 time=1.155
After sweep 2 energy=-5.8014505349689705  maxlinkdim=97 maxerr=1.00E-10 time=4.657
After sweep 3 energy=-5.890365861562981  maxlinkdim=113 maxerr=1.00E-10 time=8.400
After sweep 4 energy=-5.933617030994344  maxlinkdim=135 maxerr=1.00E-10 time=10.041
After sweep 5 energy=-5.959966307788562  maxlinkdim=154 maxerr=9.98E-11 time=10.032
After sweep 6 energy=-5.976538413971773  maxlinkdim=151 maxerr=1.00E-10 time=11.091
After sweep 7 energy=-5.99028337853043  maxlinkdim=171 maxerr=1.00E-10 time=11.342
After sweep 8 energy=-5.9987257332492225  maxlinkdim=143 maxerr=9.99E-11 time=12.194
After sweep 9 energy=-6.003835336656567  maxlinkdim=235 maxerr=9.97E-11 time=11.548
After sweep 10 energy=-6.007659489347663  maxlinkdim=272 maxerr=9.98E-11 time=14.620
After sweep 11 energy=-6.010720958047781  maxlinkdim=201 maxerr=9.97E-11 time=12.918
After sweep 12 energy=-6.014162102376494  maxlinkdim=257 maxerr=1.00E-10 time=15.506
After sweep 13 energy=-6.016254469036386  maxlinkdim=260 maxerr=1.00E-10 time=18.343
After sweep 14 energy=-6.0180146755098844  maxlinkdim=203 maxerr=1.00E-10 time=19.345
After sweep 15 energy=-6.0193702668341  maxlinkdim=207 maxerr=1.00E-10 time=20.215
After sweep 16 energy=-6.0201862631094745  maxlinkdim=299 maxerr=9.97E-11 time=23.672
After sweep 17 energy=-6.0209448898069775  maxlinkdim=218 maxerr=1.00E-10 time=23.435
After sweep 18 energy=-6.021660459832356  maxlinkdim=228 maxerr=1.00E-10 time=31.441
After sweep 19 energy=-6.022652809885263  maxlinkdim=292 maxerr=9.99E-11 time=38.675
After sweep 20 energy=-6.023203030716305  maxlinkdim=300 maxerr=8.58E-10 time=48.498
After sweep 21 energy=-6.023508926233713  maxlinkdim=300 maxerr=3.19E-10 time=71.000
After sweep 22 energy=-6.023697863140329  maxlinkdim=300 maxerr=3.69E-09 time=66.782
After sweep 23 energy=-6.023921067591011  maxlinkdim=300 maxerr=2.01E-09 time=131.059
After sweep 24 energy=-6.023998883071771  maxlinkdim=271 maxerr=1.55E-10 time=149.177
After sweep 25 energy=-6.024046195886171  maxlinkdim=300 maxerr=1.34E-09 time=160.982
After sweep 26 energy=-6.024075029185446  maxlinkdim=300 maxerr=5.63E-09 time=135.604
After sweep 27 energy=-6.0240873771989785  maxlinkdim=300 maxerr=1.14E-09 time=265.533
After sweep 28 energy=-6.024092752111907  maxlinkdim=300 maxerr=1.15E-09 time=331.218
After sweep 29 energy=-6.02409546538124  maxlinkdim=300 maxerr=2.06E-09 time=339.511
After sweep 30 energy=-6.024096182206402  maxlinkdim=300 maxerr=8.52E-10 time=447.295
Same mu: -2.653202002661669 and continuing
Target density achieved with mu=-2.653202002661669, n=0.5000010129894078
Checking {alpha,beta} vs measured
Alpha not converged.
NOT CONVERGED; updating alpha, beta and continuing...
After sweep 1 energy=-4.680740252266532  maxlinkdim=16 maxerr=8.40E-11 time=1.220
After sweep 2 energy=-5.80203455499651  maxlinkdim=96 maxerr=9.99E-11 time=4.816
After sweep 3 energy=-5.892344088052351  maxlinkdim=116 maxerr=1.00E-10 time=8.791
After sweep 4 energy=-5.933220609298771  maxlinkdim=148 maxerr=1.00E-10 time=10.066
After sweep 5 energy=-5.956867532594593  maxlinkdim=169 maxerr=1.00E-10 time=10.196
After sweep 6 energy=-5.972988760998911  maxlinkdim=125 maxerr=1.00E-10 time=10.630
After sweep 7 energy=-5.987759183085784  maxlinkdim=126 maxerr=1.00E-10 time=10.916
After sweep 8 energy=-5.996589261264269  maxlinkdim=166 maxerr=9.99E-11 time=11.326
After sweep 9 energy=-6.004925232662782  maxlinkdim=171 maxerr=1.00E-10 time=12.736
After sweep 10 energy=-6.009930551019529  maxlinkdim=187 maxerr=9.98E-11 time=15.020
After sweep 11 energy=-6.012673327478809  maxlinkdim=184 maxerr=9.99E-11 time=14.400
After sweep 12 energy=-6.014958101904889  maxlinkdim=240 maxerr=1.00E-10 time=15.046
After sweep 13 energy=-6.017222301789276  maxlinkdim=278 maxerr=1.00E-10 time=16.938
After sweep 14 energy=-6.018893980264135  maxlinkdim=271 maxerr=1.00E-10 time=19.931
After sweep 15 energy=-6.0203429103701405  maxlinkdim=300 maxerr=2.78E-10 time=30.460
After sweep 16 energy=-6.021375563947482  maxlinkdim=278 maxerr=1.00E-10 time=40.088
After sweep 17 energy=-6.021894787664933  maxlinkdim=250 maxerr=5.77E-10 time=36.839
After sweep 18 energy=-6.022308732731024  maxlinkdim=289 maxerr=1.00E-10 time=43.011
After sweep 19 energy=-6.0226693933384166  maxlinkdim=300 maxerr=3.07E-10 time=47.345
After sweep 20 energy=-6.023030736839434  maxlinkdim=300 maxerr=2.99E-10 time=55.247
After sweep 21 energy=-6.023273023601674  maxlinkdim=300 maxerr=1.79E-10 time=52.008
After sweep 22 energy=-6.02373437247389  maxlinkdim=300 maxerr=1.33E-09 time=92.285
After sweep 23 energy=-6.023860339675042  maxlinkdim=300 maxerr=3.25E-10 time=104.091
After sweep 24 energy=-6.023946852202595  maxlinkdim=300 maxerr=1.16E-09 time=115.777
After sweep 25 energy=-6.023990758197407  maxlinkdim=300 maxerr=5.78E-10 time=167.520
After sweep 26 energy=-6.02400988192296  maxlinkdim=300 maxerr=8.66E-10 time=195.796
After sweep 27 energy=-6.024020264374372  maxlinkdim=300 maxerr=6.70E-10 time=277.568
After sweep 28 energy=-6.024026544650119  maxlinkdim=300 maxerr=8.99E-10 time=288.124
After sweep 29 energy=-6.024028728585549  maxlinkdim=300 maxerr=8.21E-10 time=430.134
After sweep 30 energy=-6.024029661729562  maxlinkdim=300 maxerr=8.48E-10 time=318.892
Same mu: -2.653202002661669 and continuing
Target density achieved with mu=-2.653202002661669, n=0.500000803064629
Checking {alpha,beta} vs measured
Alpha not converged.
NOT CONVERGED; updating alpha, beta and continuing...
After sweep 1 energy=-4.680683850118653  maxlinkdim=16 maxerr=8.34E-11 time=1.159
After sweep 2 energy=-5.80286597706169  maxlinkdim=96 maxerr=9.99E-11 time=4.617
After sweep 3 energy=-5.893482675780588  maxlinkdim=120 maxerr=9.99E-11 time=8.541
After sweep 4 energy=-5.932508512393117  maxlinkdim=111 maxerr=1.00E-10 time=9.385
After sweep 5 energy=-5.957474302222546  maxlinkdim=127 maxerr=9.98E-11 time=9.221
After sweep 6 energy=-5.973475304236316  maxlinkdim=187 maxerr=1.00E-10 time=9.194
After sweep 7 energy=-5.986997270506045  maxlinkdim=150 maxerr=9.99E-11 time=10.247
After sweep 8 energy=-5.995442378418862  maxlinkdim=187 maxerr=9.98E-11 time=11.063
After sweep 9 energy=-6.002522804358485  maxlinkdim=182 maxerr=1.00E-10 time=10.865
After sweep 10 energy=-6.007897843892541  maxlinkdim=153 maxerr=1.00E-10 time=11.986
After sweep 11 energy=-6.011174671496167  maxlinkdim=201 maxerr=9.99E-11 time=12.442
After sweep 12 energy=-6.013303185206855  maxlinkdim=153 maxerr=9.97E-11 time=12.627
After sweep 13 energy=-6.015181124817442  maxlinkdim=223 maxerr=9.97E-11 time=14.766
After sweep 14 energy=-6.016834734058922  maxlinkdim=174 maxerr=1.00E-10 time=13.963
After sweep 15 energy=-6.018105658429428  maxlinkdim=213 maxerr=1.00E-10 time=15.022
After sweep 16 energy=-6.019938447976163  maxlinkdim=265 maxerr=1.00E-10 time=22.625
After sweep 17 energy=-6.021403627097992  maxlinkdim=224 maxerr=9.99E-11 time=30.418
After sweep 18 energy=-6.022116691018444  maxlinkdim=300 maxerr=3.03E-10 time=34.221
After sweep 19 energy=-6.022570771691081  maxlinkdim=300 maxerr=4.54E-10 time=51.272
After sweep 20 energy=-6.022901753431584  maxlinkdim=300 maxerr=4.15E-10 time=46.252
After sweep 21 energy=-6.023155449880248  maxlinkdim=300 maxerr=1.55E-10 time=64.691
After sweep 22 energy=-6.0233451169141325  maxlinkdim=300 maxerr=2.01E-10 time=60.710
After sweep 23 energy=-6.0235930168100005  maxlinkdim=300 maxerr=7.51E-10 time=77.691
After sweep 24 energy=-6.023713335312129  maxlinkdim=300 maxerr=1.18E-09 time=93.939
After sweep 25 energy=-6.02380040909146  maxlinkdim=300 maxerr=2.18E-09 time=97.572
After sweep 26 energy=-6.023857301985074  maxlinkdim=300 maxerr=1.49E-09 time=113.567
After sweep 27 energy=-6.023899297122047  maxlinkdim=300 maxerr=3.44E-10 time=147.356
After sweep 28 energy=-6.023956930021675  maxlinkdim=300 maxerr=2.36E-09 time=252.969
After sweep 29 energy=-6.0239767001223345  maxlinkdim=300 maxerr=9.82E-10 time=256.649
After sweep 30 energy=-6.023981861901168  maxlinkdim=300 maxerr=6.29E-10 time=364.937
Same mu: -2.653202002661669 and continuing
Target density achieved with mu=-2.653202002661669, n=0.5000006263846953
Checking {alpha,beta} vs measured
Alpha not converged.
NOT CONVERGED; updating alpha, beta and continuing...
After sweep 1 energy=-4.680635660177482  maxlinkdim=16 maxerr=8.30E-11 time=1.215
After sweep 2 energy=-5.802636663471003  maxlinkdim=96 maxerr=1.00E-10 time=4.653
After sweep 3 energy=-5.892902285015547  maxlinkdim=120 maxerr=1.00E-10 time=8.283
After sweep 4 energy=-5.93193115278375  maxlinkdim=117 maxerr=9.99E-11 time=9.428
After sweep 5 energy=-5.957116665674762  maxlinkdim=139 maxerr=1.00E-10 time=9.221
After sweep 6 energy=-5.975896382410387  maxlinkdim=168 maxerr=9.99E-11 time=9.766
After sweep 7 energy=-5.988254511385601  maxlinkdim=181 maxerr=1.00E-10 time=10.474
After sweep 8 energy=-5.996704712195875  maxlinkdim=242 maxerr=1.00E-10 time=11.890
After sweep 9 energy=-6.004478205297763  maxlinkdim=251 maxerr=1.00E-10 time=13.106
After sweep 10 energy=-6.0085524215022925  maxlinkdim=180 maxerr=1.00E-10 time=12.699
After sweep 11 energy=-6.010938486360626  maxlinkdim=161 maxerr=9.99E-11 time=11.934
After sweep 12 energy=-6.013060617601025  maxlinkdim=208 maxerr=9.99E-11 time=12.268
After sweep 13 energy=-6.014828533653238  maxlinkdim=202 maxerr=1.00E-10 time=12.462
After sweep 14 energy=-6.016450901919205  maxlinkdim=300 maxerr=2.24E-10 time=17.200
After sweep 15 energy=-6.017576826102882  maxlinkdim=256 maxerr=9.99E-11 time=22.790
After sweep 16 energy=-6.018633253158742  maxlinkdim=272 maxerr=9.98E-11 time=20.754
After sweep 17 energy=-6.0199925357734205  maxlinkdim=278 maxerr=1.00E-10 time=20.006
After sweep 18 energy=-6.021097866369321  maxlinkdim=300 maxerr=2.92E-10 time=31.714
After sweep 19 energy=-6.022362957668058  maxlinkdim=300 maxerr=1.48E-09 time=40.788
After sweep 20 energy=-6.022856504653739  maxlinkdim=300 maxerr=7.36E-10 time=52.212
After sweep 21 energy=-6.023198560661726  maxlinkdim=300 maxerr=5.25E-10 time=69.827
After sweep 22 energy=-6.023434289330159  maxlinkdim=300 maxerr=4.87E-09 time=76.825
After sweep 23 energy=-6.023615730314633  maxlinkdim=300 maxerr=2.60E-10 time=120.655
After sweep 24 energy=-6.023731724150239  maxlinkdim=300 maxerr=3.38E-10 time=138.153
After sweep 25 energy=-6.023809057524032  maxlinkdim=300 maxerr=1.00E-09 time=207.509
After sweep 26 energy=-6.023863580081647  maxlinkdim=293 maxerr=1.52E-10 time=140.851
After sweep 27 energy=-6.023904254428057  maxlinkdim=300 maxerr=1.44E-09 time=178.080
After sweep 28 energy=-6.0239389768811415  maxlinkdim=300 maxerr=3.85E-09 time=205.749
After sweep 29 energy=-6.023948045451856  maxlinkdim=300 maxerr=9.66E-10 time=316.276
After sweep 30 energy=-6.023950992714229  maxlinkdim=300 maxerr=9.44E-10 time=346.393
Same mu: -2.653202002661669 and continuing
Target density achieved with mu=-2.653202002661669, n=0.5000005611152282
Checking {alpha,beta} vs measured
Alpha not converged.
NOT CONVERGED; updating alpha, beta and continuing...
After sweep 1 energy=-4.680596394216309  maxlinkdim=16 maxerr=8.28E-11 time=1.216
After sweep 2 energy=-5.803933109283269  maxlinkdim=96 maxerr=1.00E-10 time=4.659
After sweep 3 energy=-5.892842855250194  maxlinkdim=119 maxerr=1.00E-10 time=8.103
After sweep 4 energy=-5.934173340735307  maxlinkdim=133 maxerr=1.00E-10 time=8.686
After sweep 5 energy=-5.95842264318213  maxlinkdim=163 maxerr=1.00E-10 time=8.783
After sweep 6 energy=-5.979146915669873  maxlinkdim=179 maxerr=9.99E-11 time=9.718
After sweep 7 energy=-5.993535330948575  maxlinkdim=181 maxerr=9.99E-11 time=11.425
After sweep 8 energy=-6.000761631340753  maxlinkdim=237 maxerr=9.99E-11 time=12.036
After sweep 9 energy=-6.00606916400255  maxlinkdim=190 maxerr=1.00E-10 time=11.304
After sweep 10 energy=-6.011333170369532  maxlinkdim=161 maxerr=9.98E-11 time=13.004
After sweep 11 energy=-6.014489223296234  maxlinkdim=195 maxerr=1.00E-10 time=14.052
After sweep 12 energy=-6.0162866581585766  maxlinkdim=205 maxerr=9.99E-11 time=14.094
After sweep 13 energy=-6.018333809544027  maxlinkdim=236 maxerr=1.00E-10 time=15.862
After sweep 14 energy=-6.020267013661272  maxlinkdim=300 maxerr=4.31E-10 time=25.517
After sweep 15 energy=-6.021271554496866  maxlinkdim=300 maxerr=1.22E-10 time=34.519
After sweep 16 energy=-6.021770719111809  maxlinkdim=246 maxerr=9.99E-11 time=29.559
After sweep 17 energy=-6.02232436231727  maxlinkdim=297 maxerr=1.00E-10 time=31.302
After sweep 18 energy=-6.022741132332732  maxlinkdim=285 maxerr=1.25E-10 time=45.792
After sweep 19 energy=-6.023016971561671  maxlinkdim=300 maxerr=9.21E-10 time=50.490
After sweep 20 energy=-6.023250601654991  maxlinkdim=300 maxerr=2.61E-10 time=60.287
After sweep 21 energy=-6.0234277764853354  maxlinkdim=275 maxerr=1.00E-10 time=65.180
After sweep 22 energy=-6.023617836177329  maxlinkdim=300 maxerr=1.02E-09 time=109.862
After sweep 23 energy=-6.02370377687698  maxlinkdim=279 maxerr=1.00E-10 time=92.289
After sweep 24 energy=-6.023844154075983  maxlinkdim=300 maxerr=3.25E-09 time=127.562
After sweep 25 energy=-6.023894159378682  maxlinkdim=297 maxerr=2.25E-09 time=191.670
After sweep 26 energy=-6.023913737221419  maxlinkdim=300 maxerr=5.49E-10 time=286.931
After sweep 27 energy=-6.023923493549836  maxlinkdim=300 maxerr=7.13E-10 time=270.946
After sweep 28 energy=-6.023928071288672  maxlinkdim=300 maxerr=1.95E-09 time=431.746
After sweep 29 energy=-6.023929984949563  maxlinkdim=300 maxerr=1.12E-09 time=316.851
After sweep 30 energy=-6.023930238104486  maxlinkdim=300 maxerr=5.77E-10 time=510.375
Same mu: -2.653202002661669 and continuing
Target density achieved with mu=-2.653202002661669, n=0.5000003219877108
Checking {alpha,beta} vs measured
Alpha not converged.
NOT CONVERGED; updating alpha, beta and continuing...
After sweep 1 energy=-4.680556274124864  maxlinkdim=16 maxerr=8.28E-11 time=1.231
After sweep 2 energy=-5.804386390525642  maxlinkdim=96 maxerr=9.99E-11 time=4.679
After sweep 3 energy=-5.894478092296373  maxlinkdim=125 maxerr=1.00E-10 time=8.081
After sweep 4 energy=-5.932719545941351  maxlinkdim=114 maxerr=1.00E-10 time=8.922
After sweep 5 energy=-5.957259853225918  maxlinkdim=136 maxerr=9.99E-11 time=8.833
After sweep 6 energy=-5.9765557854818905  maxlinkdim=177 maxerr=1.00E-10 time=9.156
After sweep 7 energy=-5.990745555220897  maxlinkdim=188 maxerr=1.00E-10 time=10.720
After sweep 8 energy=-5.999535265355643  maxlinkdim=193 maxerr=9.99E-11 time=11.193
After sweep 9 energy=-6.005230408948565  maxlinkdim=215 maxerr=9.99E-11 time=12.270
After sweep 10 energy=-6.0106817070500975  maxlinkdim=187 maxerr=1.00E-10 time=13.476
After sweep 11 energy=-6.014711857143824  maxlinkdim=255 maxerr=9.99E-11 time=18.115
After sweep 12 energy=-6.017211189411662  maxlinkdim=221 maxerr=1.00E-10 time=16.936
After sweep 13 energy=-6.019128712790117  maxlinkdim=221 maxerr=1.00E-10 time=19.720
After sweep 14 energy=-6.020480102735316  maxlinkdim=203 maxerr=9.99E-11 time=22.529
After sweep 15 energy=-6.021454077433906  maxlinkdim=238 maxerr=9.99E-11 time=27.180
After sweep 16 energy=-6.021980748711359  maxlinkdim=247 maxerr=1.00E-10 time=32.453
After sweep 17 energy=-6.02250720840146  maxlinkdim=300 maxerr=1.76E-10 time=48.549
After sweep 18 energy=-6.023025014268098  maxlinkdim=300 maxerr=8.37E-10 time=77.730
After sweep 19 energy=-6.023315695483882  maxlinkdim=300 maxerr=1.49E-09 time=84.800
After sweep 20 energy=-6.023505414591675  maxlinkdim=297 maxerr=3.06E-10 time=98.242
After sweep 21 energy=-6.023631324620114  maxlinkdim=274 maxerr=1.00E-10 time=78.618
After sweep 22 energy=-6.023734252783968  maxlinkdim=300 maxerr=3.25E-09 time=126.355
After sweep 23 energy=-6.02381438115656  maxlinkdim=300 maxerr=1.86E-09 time=164.524
After sweep 24 energy=-6.0238598531786165  maxlinkdim=300 maxerr=2.72E-10 time=199.897
After sweep 25 energy=-6.0238870130871325  maxlinkdim=300 maxerr=1.53E-09 time=205.745
After sweep 26 energy=-6.023903842313783  maxlinkdim=300 maxerr=1.71E-09 time=298.023
After sweep 27 energy=-6.023910674075623  maxlinkdim=300 maxerr=7.75E-10 time=278.614
After sweep 28 energy=-6.023913205797262  maxlinkdim=300 maxerr=5.07E-10 time=457.527
After sweep 29 energy=-6.023913853719515  maxlinkdim=300 maxerr=6.68E-10 time=432.221
After sweep 30 energy=-6.02391394733583  maxlinkdim=300 maxerr=4.38E-10 time=449.776
Same mu: -2.653202002661669 and continuing
Target density achieved with mu=-2.653202002661669, n=0.5000002603530647
Checking {alpha,beta} vs measured
Alpha not converged.
NOT CONVERGED; updating alpha, beta and continuing...
After sweep 1 energy=-4.680516416787603  maxlinkdim=16 maxerr=8.28E-11 time=1.216
After sweep 2 energy=-5.803850292862246  maxlinkdim=96 maxerr=9.98E-11 time=4.781
After sweep 3 energy=-5.8962674526424905  maxlinkdim=124 maxerr=1.00E-10 time=8.431
After sweep 4 energy=-5.936389772349125  maxlinkdim=127 maxerr=1.00E-10 time=9.508
After sweep 5 energy=-5.959178707201393  maxlinkdim=164 maxerr=9.97E-11 time=9.337
After sweep 6 energy=-5.975010723006588  maxlinkdim=156 maxerr=9.99E-11 time=9.387
After sweep 7 energy=-5.988534586238959  maxlinkdim=150 maxerr=9.99E-11 time=9.937
After sweep 8 energy=-5.997472617572136  maxlinkdim=137 maxerr=1.00E-10 time=10.558
After sweep 9 energy=-6.002982399019711  maxlinkdim=159 maxerr=9.98E-11 time=10.477
After sweep 10 energy=-6.007656807691408  maxlinkdim=244 maxerr=1.00E-10 time=13.463
After sweep 11 energy=-6.010737079844148  maxlinkdim=224 maxerr=1.00E-10 time=12.844
After sweep 12 energy=-6.013091265290561  maxlinkdim=231 maxerr=1.00E-10 time=14.467
After sweep 13 energy=-6.015242614778957  maxlinkdim=220 maxerr=1.00E-10 time=17.311
After sweep 14 energy=-6.016938226578875  maxlinkdim=229 maxerr=9.99E-11 time=21.607
After sweep 15 energy=-6.018435936163859  maxlinkdim=268 maxerr=1.00E-10 time=29.337
After sweep 16 energy=-6.020451146331026  maxlinkdim=300 maxerr=4.28E-10 time=45.235
After sweep 17 energy=-6.021534987816847  maxlinkdim=289 maxerr=1.00E-10 time=57.302
After sweep 18 energy=-6.0221455864483024  maxlinkdim=300 maxerr=6.14E-10 time=67.984
After sweep 19 energy=-6.022598738489319  maxlinkdim=300 maxerr=3.42E-10 time=91.142
After sweep 20 energy=-6.022925879706132  maxlinkdim=283 maxerr=1.06E-10 time=88.546
After sweep 21 energy=-6.023235006323785  maxlinkdim=282 maxerr=1.00E-10 time=85.101
After sweep 22 energy=-6.023473547981859  maxlinkdim=300 maxerr=7.16E-10 time=119.322
After sweep 23 energy=-6.023620950222145  maxlinkdim=300 maxerr=6.27E-10 time=157.684
After sweep 24 energy=-6.023754026756694  maxlinkdim=300 maxerr=9.88E-10 time=198.497
After sweep 25 energy=-6.023858284187701  maxlinkdim=300 maxerr=2.03E-09 time=331.112
After sweep 26 energy=-6.023886368453257  maxlinkdim=300 maxerr=5.47E-10 time=303.547
After sweep 27 energy=-6.023896205307623  maxlinkdim=300 maxerr=9.82E-10 time=240.740
After sweep 28 energy=-6.023900320093354  maxlinkdim=300 maxerr=4.68E-10 time=299.585
After sweep 29 energy=-6.023901645982329  maxlinkdim=300 maxerr=5.71E-10 time=346.678
After sweep 30 energy=-6.0239019500100675  maxlinkdim=300 maxerr=6.41E-10 time=683.094
Same mu: -2.653202002661669 and continuing
Target density achieved with mu=-2.653202002661669, n=0.5000001847173569
Checking {alpha,beta} vs measured
Alpha not converged.
NOT CONVERGED; updating alpha, beta and continuing...
After sweep 1 energy=-4.680482172829196  maxlinkdim=16 maxerr=8.29E-11 time=1.216
After sweep 2 energy=-5.803603969969333  maxlinkdim=96 maxerr=1.00E-10 time=4.632
After sweep 3 energy=-5.896642289252374  maxlinkdim=126 maxerr=9.99E-11 time=7.966
After sweep 4 energy=-5.936848434866773  maxlinkdim=126 maxerr=1.00E-10 time=8.991
After sweep 5 energy=-5.96177208754198  maxlinkdim=175 maxerr=9.99E-11 time=9.091
After sweep 6 energy=-5.977601216884778  maxlinkdim=122 maxerr=9.99E-11 time=9.151
After sweep 7 energy=-5.99217767876815  maxlinkdim=152 maxerr=9.99E-11 time=10.450
After sweep 8 energy=-5.999891890158601  maxlinkdim=167 maxerr=9.99E-11 time=11.053
After sweep 9 energy=-6.004917792443815  maxlinkdim=145 maxerr=9.99E-11 time=10.718
After sweep 10 energy=-6.009795302173968  maxlinkdim=159 maxerr=9.99E-11 time=12.159
After sweep 11 energy=-6.013099180291406  maxlinkdim=224 maxerr=9.99E-11 time=16.274
After sweep 12 energy=-6.015434166833138  maxlinkdim=247 maxerr=1.00E-10 time=16.238
After sweep 13 energy=-6.017765036744204  maxlinkdim=227 maxerr=3.92E-10 time=22.221
After sweep 14 energy=-6.019535068100128  maxlinkdim=278 maxerr=1.00E-10 time=25.555
After sweep 15 energy=-6.020357313361128  maxlinkdim=267 maxerr=1.00E-10 time=35.593
After sweep 16 energy=-6.021040677332606  maxlinkdim=275 maxerr=5.13E-10 time=34.510
After sweep 17 energy=-6.021760850882461  maxlinkdim=226 maxerr=1.00E-10 time=37.696
After sweep 18 energy=-6.022358926562057  maxlinkdim=240 maxerr=1.60E-10 time=54.624
After sweep 19 energy=-6.02276712859736  maxlinkdim=225 maxerr=9.99E-11 time=61.790
After sweep 20 energy=-6.023181256820956  maxlinkdim=243 maxerr=6.49E-10 time=83.378
After sweep 21 energy=-6.0233900905321685  maxlinkdim=300 maxerr=5.15E-10 time=124.304
After sweep 22 energy=-6.023669310635361  maxlinkdim=300 maxerr=2.00E-09 time=151.853
After sweep 23 energy=-6.0237757544145465  maxlinkdim=300 maxerr=1.93E-09 time=258.401
After sweep 24 energy=-6.023830195661163  maxlinkdim=300 maxerr=6.27E-09 time=276.080
After sweep 25 energy=-6.023857495505715  maxlinkdim=300 maxerr=2.40E-09 time=210.556
After sweep 26 energy=-6.023873861670168  maxlinkdim=300 maxerr=1.81E-09 time=210.751
After sweep 27 energy=-6.023883916569225  maxlinkdim=300 maxerr=5.17E-10 time=255.608
After sweep 28 energy=-6.023889789636649  maxlinkdim=300 maxerr=1.00E-09 time=418.555
After sweep 29 energy=-6.0238919767684065  maxlinkdim=300 maxerr=8.94E-10 time=356.086
After sweep 30 energy=-6.023893173879423  maxlinkdim=300 maxerr=8.90E-10 time=516.203
Same mu: -2.653202002661669 and continuing
Target density achieved with mu=-2.653202002661669, n=0.5000001181935885
Checking {alpha,beta} vs measured
Alpha not converged.
NOT CONVERGED; updating alpha, beta and continuing...
After sweep 1 energy=-4.680454729337783  maxlinkdim=16 maxerr=8.29E-11 time=1.242
After sweep 2 energy=-5.803282848045875  maxlinkdim=96 maxerr=1.00E-10 time=4.750
After sweep 3 energy=-5.895720263209878  maxlinkdim=126 maxerr=1.00E-10 time=8.016
After sweep 4 energy=-5.935461493045404  maxlinkdim=125 maxerr=9.98E-11 time=8.862
After sweep 5 energy=-5.958037770250217  maxlinkdim=117 maxerr=1.00E-10 time=8.913
After sweep 6 energy=-5.97572166284762  maxlinkdim=147 maxerr=9.99E-11 time=9.027
After sweep 7 energy=-5.992184384441744  maxlinkdim=163 maxerr=9.99E-11 time=10.510
After sweep 8 energy=-6.000333804598911  maxlinkdim=140 maxerr=9.98E-11 time=11.405
After sweep 9 energy=-6.005051686807758  maxlinkdim=140 maxerr=1.00E-10 time=11.024
After sweep 10 energy=-6.008801298976959  maxlinkdim=159 maxerr=9.99E-11 time=11.532
After sweep 11 energy=-6.011878841334072  maxlinkdim=213 maxerr=1.00E-10 time=12.177
After sweep 12 energy=-6.014807073910037  maxlinkdim=221 maxerr=1.00E-10 time=14.062
After sweep 13 energy=-6.016756822383662  maxlinkdim=244 maxerr=1.00E-10 time=15.556
After sweep 14 energy=-6.018234762937954  maxlinkdim=216 maxerr=2.14E-10 time=21.881
After sweep 15 energy=-6.019793906894653  maxlinkdim=220 maxerr=9.99E-11 time=21.513
After sweep 16 energy=-6.020818881346518  maxlinkdim=259 maxerr=1.00E-10 time=37.274
After sweep 17 energy=-6.021773507222845  maxlinkdim=257 maxerr=9.99E-11 time=65.361
After sweep 18 energy=-6.022348478054925  maxlinkdim=300 maxerr=2.49E-10 time=56.484
After sweep 19 energy=-6.022687539387149  maxlinkdim=300 maxerr=3.81E-10 time=52.724
After sweep 20 energy=-6.022939037060182  maxlinkdim=300 maxerr=3.16E-10 time=56.264
After sweep 21 energy=-6.023162323216584  maxlinkdim=300 maxerr=1.21E-09 time=66.026
After sweep 22 energy=-6.023342158570321  maxlinkdim=266 maxerr=1.00E-10 time=60.332
After sweep 23 energy=-6.023574340783131  maxlinkdim=300 maxerr=2.04E-09 time=104.879
After sweep 24 energy=-6.02370001965252  maxlinkdim=300 maxerr=5.03E-10 time=120.779
After sweep 25 energy=-6.023798685702901  maxlinkdim=290 maxerr=5.65E-10 time=207.651
After sweep 26 energy=-6.023858607953986  maxlinkdim=300 maxerr=3.52E-09 time=159.613
After sweep 27 energy=-6.023876236504856  maxlinkdim=300 maxerr=2.12E-09 time=256.355
After sweep 28 energy=-6.023883952261297  maxlinkdim=300 maxerr=2.01E-09 time=413.080
After sweep 29 energy=-6.023886182361142  maxlinkdim=300 maxerr=1.40E-09 time=361.108
After sweep 30 energy=-6.023886878690279  maxlinkdim=300 maxerr=1.00E-09 time=429.109
Same mu: -2.653202002661669 and continuing
Target density achieved with mu=-2.653202002661669, n=0.500000084202925
Checking {alpha,beta} vs measured
Alpha not converged.
NOT CONVERGED; updating alpha, beta and continuing...
After sweep 1 energy=-4.680433168079067  maxlinkdim=16 maxerr=8.30E-11 time=1.325
After sweep 2 energy=-5.8031606243582  maxlinkdim=96 maxerr=9.99E-11 time=4.725
After sweep 3 energy=-5.896581460952598  maxlinkdim=128 maxerr=1.00E-10 time=8.046
After sweep 4 energy=-5.936302362511434  maxlinkdim=121 maxerr=1.00E-10 time=9.116
After sweep 5 energy=-5.959009101053605  maxlinkdim=109 maxerr=9.99E-11 time=8.935
After sweep 6 energy=-5.9745397992578955  maxlinkdim=109 maxerr=9.99E-11 time=8.991
After sweep 7 energy=-5.988312728288025  maxlinkdim=160 maxerr=1.00E-10 time=9.898
After sweep 8 energy=-5.996680507716575  maxlinkdim=193 maxerr=1.00E-10 time=10.458
After sweep 9 energy=-6.002535396097346  maxlinkdim=184 maxerr=1.00E-10 time=10.616
After sweep 10 energy=-6.007657474138738  maxlinkdim=223 maxerr=1.00E-10 time=11.698
After sweep 11 energy=-6.011364611806949  maxlinkdim=195 maxerr=9.96E-11 time=12.322
After sweep 12 energy=-6.01417968035793  maxlinkdim=275 maxerr=1.00E-10 time=16.218
After sweep 13 energy=-6.016116408002245  maxlinkdim=224 maxerr=1.00E-10 time=15.480
After sweep 14 energy=-6.018081636287291  maxlinkdim=253 maxerr=1.00E-10 time=17.980
After sweep 15 energy=-6.020085267898065  maxlinkdim=212 maxerr=1.30E-10 time=26.558
After sweep 16 energy=-6.020976843309397  maxlinkdim=242 maxerr=1.37E-10 time=35.116
After sweep 17 energy=-6.022332773465489  maxlinkdim=251 maxerr=1.00E-10 time=36.011
After sweep 18 energy=-6.022998016302106  maxlinkdim=227 maxerr=1.00E-10 time=49.191
After sweep 19 energy=-6.0233718031573105  maxlinkdim=295 maxerr=1.34E-10 time=81.808
After sweep 20 energy=-6.023604066368777  maxlinkdim=265 maxerr=1.50E-10 time=106.233
After sweep 21 energy=-6.023741355437673  maxlinkdim=300 maxerr=2.56E-09 time=143.476
After sweep 22 energy=-6.02382424960328  maxlinkdim=300 maxerr=3.81E-09 time=198.150
After sweep 23 energy=-6.023858018856843  maxlinkdim=300 maxerr=4.94E-10 time=175.063
After sweep 24 energy=-6.023873285270333  maxlinkdim=300 maxerr=2.68E-09 time=198.859
After sweep 25 energy=-6.023879726709908  maxlinkdim=300 maxerr=1.35E-09 time=326.131
After sweep 26 energy=-6.023881825874931  maxlinkdim=300 maxerr=5.78E-10 time=390.971
After sweep 27 energy=-6.02388232351043  maxlinkdim=300 maxerr=5.88E-10 time=456.356
After sweep 28 energy=-6.023882393356108  maxlinkdim=300 maxerr=4.92E-10 time=407.282
After sweep 29 energy=-6.023882400536953  maxlinkdim=300 maxerr=3.66E-10 time=386.917
After sweep 30 energy=-6.023882402138352  maxlinkdim=300 maxerr=3.61E-10 time=463.058
Same mu: -2.653202002661669 and continuing
Target density achieved with mu=-2.653202002661669, n=0.5000000722634715
Checking {alpha,beta} vs measured
Alpha not converged.
NOT CONVERGED; updating alpha, beta and continuing...
After sweep 1 energy=-4.680417384739862  maxlinkdim=16 maxerr=8.30E-11 time=1.216
After sweep 2 energy=-5.803152251572772  maxlinkdim=96 maxerr=9.99E-11 time=4.827
After sweep 3 energy=-5.897389638092092  maxlinkdim=128 maxerr=1.00E-10 time=7.998
After sweep 4 energy=-5.937653382755203  maxlinkdim=123 maxerr=1.00E-10 time=9.214
After sweep 5 energy=-5.961082591985581  maxlinkdim=162 maxerr=9.99E-11 time=9.049
After sweep 6 energy=-5.978481014601337  maxlinkdim=230 maxerr=9.99E-11 time=9.460
After sweep 7 energy=-5.992826651384906  maxlinkdim=206 maxerr=9.99E-11 time=12.324
After sweep 8 energy=-6.000826905352948  maxlinkdim=228 maxerr=9.99E-11 time=12.191
After sweep 9 energy=-6.005599927227537  maxlinkdim=206 maxerr=1.00E-10 time=12.817
After sweep 10 energy=-6.009995859992995  maxlinkdim=257 maxerr=1.00E-10 time=15.097
After sweep 11 energy=-6.014160698471449  maxlinkdim=252 maxerr=1.00E-10 time=16.481
After sweep 12 energy=-6.0172904590861  maxlinkdim=300 maxerr=1.19E-10 time=19.520
After sweep 13 energy=-6.0196274732049835  maxlinkdim=289 maxerr=1.00E-10 time=26.697
After sweep 14 energy=-6.021218889974695  maxlinkdim=300 maxerr=1.16E-10 time=34.313
After sweep 15 energy=-6.021839480271188  maxlinkdim=283 maxerr=9.99E-11 time=33.400
After sweep 16 energy=-6.022340516671899  maxlinkdim=300 maxerr=2.91E-10 time=35.649
After sweep 17 energy=-6.023109041625673  maxlinkdim=267 maxerr=2.48E-10 time=57.837
After sweep 18 energy=-6.023401035119456  maxlinkdim=243 maxerr=4.97E-10 time=68.073
After sweep 19 energy=-6.023560563924415  maxlinkdim=300 maxerr=1.03E-09 time=93.321
After sweep 20 energy=-6.023660722009256  maxlinkdim=300 maxerr=1.47E-09 time=77.265
After sweep 21 energy=-6.023742414178154  maxlinkdim=300 maxerr=1.28E-09 time=120.010
After sweep 22 energy=-6.023812451285128  maxlinkdim=284 maxerr=4.38E-10 time=181.413
After sweep 23 energy=-6.023838773001084  maxlinkdim=299 maxerr=1.88E-09 time=163.971
After sweep 24 energy=-6.02385676810982  maxlinkdim=300 maxerr=1.52E-09 time=189.391
After sweep 25 energy=-6.023867124097725  maxlinkdim=300 maxerr=7.37E-10 time=244.559
After sweep 26 energy=-6.02387472186901  maxlinkdim=300 maxerr=1.33E-09 time=329.740
After sweep 27 energy=-6.02387833199153  maxlinkdim=300 maxerr=1.14E-09 time=349.025
After sweep 28 energy=-6.023878979773098  maxlinkdim=300 maxerr=7.11E-10 time=500.720
After sweep 29 energy=-6.023879089530856  maxlinkdim=300 maxerr=5.84E-10 time=507.658
After sweep 30 energy=-6.023879100038788  maxlinkdim=300 maxerr=3.60E-10 time=468.366
Same mu: -2.653202002661669 and continuing
Target density achieved with mu=-2.653202002661669, n=0.5000000535428193
Checking {alpha,beta} vs measured
Alpha not converged.
NOT CONVERGED; updating alpha, beta and continuing...
After sweep 1 energy=-4.680404872390815  maxlinkdim=16 maxerr=8.31E-11 time=1.341
After sweep 2 energy=-5.803022379792385  maxlinkdim=96 maxerr=9.98E-11 time=4.752
After sweep 3 energy=-5.89632158815189  maxlinkdim=129 maxerr=1.00E-10 time=7.955
After sweep 4 energy=-5.93609800813367  maxlinkdim=124 maxerr=9.97E-11 time=9.025
After sweep 5 energy=-5.961631094548846  maxlinkdim=127 maxerr=9.99E-11 time=8.989
After sweep 6 energy=-5.981161634881605  maxlinkdim=133 maxerr=1.00E-10 time=9.949
After sweep 7 energy=-5.995006594734599  maxlinkdim=180 maxerr=9.97E-11 time=12.882
After sweep 8 energy=-6.00130808323585  maxlinkdim=210 maxerr=9.98E-11 time=15.526
After sweep 9 energy=-6.007831005622458  maxlinkdim=201 maxerr=1.00E-10 time=12.158
After sweep 10 energy=-6.012588632647964  maxlinkdim=219 maxerr=1.00E-10 time=14.536
After sweep 11 energy=-6.015438312277486  maxlinkdim=239 maxerr=1.00E-10 time=16.999
After sweep 12 energy=-6.017526622958668  maxlinkdim=272 maxerr=9.99E-11 time=28.685
After sweep 13 energy=-6.019614125985206  maxlinkdim=281 maxerr=1.00E-10 time=33.241
After sweep 14 energy=-6.020682644107287  maxlinkdim=300 maxerr=1.07E-10 time=37.493
After sweep 15 energy=-6.021383418356313  maxlinkdim=300 maxerr=1.70E-10 time=45.386
After sweep 16 energy=-6.021978644615151  maxlinkdim=294 maxerr=1.00E-10 time=57.674
After sweep 17 energy=-6.022632207087347  maxlinkdim=294 maxerr=6.55E-10 time=72.545
After sweep 18 energy=-6.022954907070139  maxlinkdim=300 maxerr=8.10E-10 time=63.218
After sweep 19 energy=-6.023209915960952  maxlinkdim=300 maxerr=2.46E-10 time=76.774
After sweep 20 energy=-6.023392946985831  maxlinkdim=294 maxerr=1.11E-10 time=105.150
After sweep 21 energy=-6.023554163763572  maxlinkdim=262 maxerr=2.45E-10 time=122.807
After sweep 22 energy=-6.023664251931108  maxlinkdim=300 maxerr=2.46E-10 time=128.466
After sweep 23 energy=-6.0237393129633015  maxlinkdim=300 maxerr=4.41E-09 time=108.443
After sweep 24 energy=-6.023785791512238  maxlinkdim=300 maxerr=1.20E-09 time=153.589
After sweep 25 energy=-6.023820513353205  maxlinkdim=300 maxerr=1.99E-09 time=178.170
After sweep 26 energy=-6.023840867832949  maxlinkdim=300 maxerr=4.53E-10 time=184.387
After sweep 27 energy=-6.023856927048923  maxlinkdim=300 maxerr=1.05E-09 time=251.371
After sweep 28 energy=-6.023866090583754  maxlinkdim=300 maxerr=1.53E-09 time=291.369
After sweep 29 energy=-6.023871600955149  maxlinkdim=300 maxerr=5.41E-10 time=527.905
After sweep 30 energy=-6.023874635024109  maxlinkdim=300 maxerr=8.20E-10 time=667.448
Same mu: -2.653202002661669 and continuing
Target density achieved with mu=-2.653202002661669, n=0.500000044593852
Checking {alpha,beta} vs measured
Alpha not converged.
NOT CONVERGED; updating alpha, beta and continuing...
After sweep 1 energy=-4.68039392919419  maxlinkdim=16 maxerr=8.31E-11 time=1.218
After sweep 2 energy=-5.803030890231787  maxlinkdim=96 maxerr=9.98E-11 time=4.795
After sweep 3 energy=-5.896887156054183  maxlinkdim=130 maxerr=1.00E-10 time=7.843
After sweep 4 energy=-5.936800925676677  maxlinkdim=128 maxerr=1.00E-10 time=9.020
After sweep 5 energy=-5.960987960686199  maxlinkdim=129 maxerr=1.00E-10 time=8.927
After sweep 6 energy=-5.979352123073228  maxlinkdim=124 maxerr=9.98E-11 time=9.324
After sweep 7 energy=-5.992576220830704  maxlinkdim=137 maxerr=9.99E-11 time=10.378
After sweep 8 energy=-5.999556728585945  maxlinkdim=176 maxerr=1.00E-10 time=10.101
After sweep 9 energy=-6.004829647011619  maxlinkdim=160 maxerr=1.00E-10 time=10.719
After sweep 10 energy=-6.008696648258511  maxlinkdim=175 maxerr=9.98E-11 time=11.146
After sweep 11 energy=-6.011514531588363  maxlinkdim=142 maxerr=1.00E-10 time=11.193
After sweep 12 energy=-6.013544462757025  maxlinkdim=168 maxerr=9.99E-11 time=11.142
After sweep 13 energy=-6.016308511352545  maxlinkdim=252 maxerr=9.99E-11 time=21.997
After sweep 14 energy=-6.0192203733760685  maxlinkdim=292 maxerr=9.99E-11 time=35.912
After sweep 15 energy=-6.02036286104016  maxlinkdim=296 maxerr=9.99E-11 time=33.624
After sweep 16 energy=-6.021177596052048  maxlinkdim=300 maxerr=5.49E-10 time=23.901
After sweep 17 energy=-6.021880104779822  maxlinkdim=300 maxerr=1.25E-10 time=29.779
After sweep 18 energy=-6.022484633870189  maxlinkdim=300 maxerr=1.21E-10 time=33.037
After sweep 19 energy=-6.023046866802869  maxlinkdim=272 maxerr=1.00E-10 time=66.165
After sweep 20 energy=-6.023497113147827  maxlinkdim=300 maxerr=9.24E-10 time=80.402
After sweep 21 energy=-6.023637019930711  maxlinkdim=300 maxerr=3.24E-09 time=87.508
After sweep 22 energy=-6.023735118448621  maxlinkdim=300 maxerr=6.51E-10 time=144.926
After sweep 23 energy=-6.023801104510922  maxlinkdim=300 maxerr=2.23E-10 time=190.313
After sweep 24 energy=-6.023835822464965  maxlinkdim=300 maxerr=2.97E-09 time=232.502
After sweep 25 energy=-6.023854329670678  maxlinkdim=300 maxerr=1.76E-10 time=257.436
After sweep 26 energy=-6.023867293711632  maxlinkdim=300 maxerr=2.74E-09 time=324.412
After sweep 27 energy=-6.023872311605034  maxlinkdim=300 maxerr=1.21E-09 time=492.790
After sweep 28 energy=-6.0238741044744275  maxlinkdim=300 maxerr=6.68E-10 time=401.139
Resuming from checkpoint results_U_-4.0_t_p_0.025.h5
Resuming with mu_init=-2.653202002661669
Running with t_p=0.025 U=-4.0 L=100 chi_max=300 E_p=1.476 mu_init=-2.653202002661669
After sweep 1 energy=-4.680374493643626  maxlinkdim=16 maxerr=8.32E-11 time=29.561
After sweep 2 energy=-5.803049123987488  maxlinkdim=96 maxerr=9.99E-11 time=4.775
After sweep 3 energy=-5.895920015000284  maxlinkdim=128 maxerr=9.99E-11 time=9.082
After sweep 4 energy=-5.936534826179931  maxlinkdim=173 maxerr=9.97E-11 time=10.270
After sweep 5 energy=-5.963745003911711  maxlinkdim=166 maxerr=1.00E-10 time=10.627
After sweep 6 energy=-5.984360275028913  maxlinkdim=239 maxerr=9.99E-11 time=11.692
After sweep 7 energy=-5.996078085897014  maxlinkdim=157 maxerr=1.00E-10 time=13.155
After sweep 8 energy=-6.002211879736831  maxlinkdim=176 maxerr=1.00E-10 time=12.446
After sweep 9 energy=-6.0068388923883065  maxlinkdim=208 maxerr=1.00E-10 time=12.354
After sweep 10 energy=-6.0102575438427825  maxlinkdim=245 maxerr=1.00E-10 time=14.066
After sweep 11 energy=-6.013021895749726  maxlinkdim=253 maxerr=9.99E-11 time=15.943
After sweep 12 energy=-6.015502217779771  maxlinkdim=226 maxerr=9.99E-11 time=16.467
After sweep 13 energy=-6.017605653069428  maxlinkdim=241 maxerr=1.00E-10 time=18.764
After sweep 14 energy=-6.019008161394435  maxlinkdim=262 maxerr=1.00E-10 time=23.650
After sweep 15 energy=-6.020142204279556  maxlinkdim=277 maxerr=1.00E-10 time=29.516
After sweep 16 energy=-6.020982081647906  maxlinkdim=235 maxerr=1.00E-10 time=30.532
After sweep 17 energy=-6.021667310786942  maxlinkdim=247 maxerr=1.00E-10 time=33.549
After sweep 18 energy=-6.022731935789603  maxlinkdim=300 maxerr=3.46E-10 time=59.968
After sweep 19 energy=-6.0230765819851815  maxlinkdim=246 maxerr=1.00E-10 time=61.494
After sweep 20 energy=-6.02354704960982  maxlinkdim=288 maxerr=1.48E-09 time=63.573
After sweep 21 energy=-6.0236768289543265  maxlinkdim=300 maxerr=1.08E-10 time=92.757
After sweep 22 energy=-6.023795687783463  maxlinkdim=298 maxerr=3.56E-09 time=128.733
After sweep 23 energy=-6.023833389829663  maxlinkdim=300 maxerr=7.05E-10 time=178.384
After sweep 24 energy=-6.023853976837968  maxlinkdim=300 maxerr=1.91E-09 time=222.546
After sweep 25 energy=-6.023864436153162  maxlinkdim=300 maxerr=9.30E-10 time=215.231
After sweep 26 energy=-6.023869067989003  maxlinkdim=300 maxerr=2.27E-09 time=308.793
After sweep 27 energy=-6.02387063979124  maxlinkdim=300 maxerr=6.74E-10 time=321.784
After sweep 28 energy=-6.0238709511854545  maxlinkdim=300 maxerr=6.22E-10 time=331.637
After sweep 29 energy=-6.02387098079143  maxlinkdim=300 maxerr=4.11E-10 time=322.712
After sweep 30 energy=-6.023870985256627  maxlinkdim=300 maxerr=3.58E-10 time=296.465
Same mu: -2.653202002661669 and continuing
Target density achieved with mu=-2.653202002661669, n=0.5000000063091297
Checking {alpha,beta} vs measured
Alpha not converged.
NOT CONVERGED; updating alpha, beta and continuing...
After sweep 1 energy=-4.680375533816055  maxlinkdim=16 maxerr=8.31E-11 time=1.090
After sweep 2 energy=-5.803215826323139  maxlinkdim=96 maxerr=1.00E-10 time=4.705
After sweep 3 energy=-5.8958869177022155  maxlinkdim=132 maxerr=9.98E-11 time=8.096
After sweep 4 energy=-5.93695440065441  maxlinkdim=121 maxerr=9.99E-11 time=9.875
After sweep 5 energy=-5.96492096981066  maxlinkdim=154 maxerr=9.99E-11 time=9.210
After sweep 6 energy=-5.985277772937499  maxlinkdim=200 maxerr=1.00E-10 time=11.158
After sweep 7 energy=-5.997017322466046  maxlinkdim=198 maxerr=1.00E-10 time=12.961
After sweep 8 energy=-6.004507177366391  maxlinkdim=231 maxerr=9.99E-11 time=13.887
After sweep 9 energy=-6.010795171360113  maxlinkdim=223 maxerr=9.99E-11 time=18.570
After sweep 10 energy=-6.01464477821474  maxlinkdim=193 maxerr=9.99E-11 time=19.797
After sweep 11 energy=-6.016909325817321  maxlinkdim=232 maxerr=9.99E-11 time=20.303
After sweep 12 energy=-6.018771925523769  maxlinkdim=248 maxerr=1.00E-10 time=22.000
After sweep 13 energy=-6.020724266718699  maxlinkdim=224 maxerr=1.00E-10 time=29.638
After sweep 14 energy=-6.021748407045539  maxlinkdim=223 maxerr=1.00E-10 time=36.557
After sweep 15 energy=-6.022404062033732  maxlinkdim=238 maxerr=1.00E-10 time=36.670
After sweep 16 energy=-6.022851581235736  maxlinkdim=238 maxerr=1.00E-10 time=43.637
After sweep 17 energy=-6.023268910662995  maxlinkdim=300 maxerr=6.87E-10 time=54.592
After sweep 18 energy=-6.023490888611851  maxlinkdim=300 maxerr=2.36E-10 time=63.186
After sweep 19 energy=-6.023601292188839  maxlinkdim=263 maxerr=2.21E-10 time=73.461
After sweep 20 energy=-6.023683835068085  maxlinkdim=280 maxerr=4.30E-10 time=82.064
After sweep 21 energy=-6.023766729208123  maxlinkdim=300 maxerr=1.79E-09 time=136.205
After sweep 22 energy=-6.023824521161154  maxlinkdim=300 maxerr=1.40E-09 time=152.968
After sweep 23 energy=-6.023854852725843  maxlinkdim=300 maxerr=1.76E-09 time=160.036
After sweep 24 energy=-6.023865783178955  maxlinkdim=300 maxerr=2.19E-09 time=183.723
After sweep 25 energy=-6.023870115850227  maxlinkdim=300 maxerr=7.87E-10 time=231.383
After sweep 26 energy=-6.023871291988679  maxlinkdim=300 maxerr=6.01E-10 time=263.342
After sweep 27 energy=-6.023871603355716  maxlinkdim=300 maxerr=7.62E-10 time=199.399
After sweep 28 energy=-6.023871630048193  maxlinkdim=300 maxerr=4.18E-10 time=181.430
After sweep 29 energy=-6.02387163341794  maxlinkdim=300 maxerr=3.59E-10 time=161.122
After sweep 30 energy=-6.023871634062161  maxlinkdim=300 maxerr=3.64E-10 time=149.798
Same mu: -2.653202002661669 and continuing
Target density achieved with mu=-2.653202002661669, n=0.49999999999998124
Checking {alpha,beta} vs measured
Converged {alpha,beta}. mu=-2.653202002661669, n=0.49999999999998124
Exiting loop
After sweep 1 energy=-4.652506935751514  maxlinkdim=16 maxerr=9.74E-11 time=2.323
After sweep 2 energy=-5.742319966607324  maxlinkdim=142 maxerr=9.98E-11 time=6.585
After sweep 3 energy=-5.911884371885637  maxlinkdim=213 maxerr=1.00E-10 time=25.508
After sweep 4 energy=-5.950778051061655  maxlinkdim=217 maxerr=1.00E-10 time=27.900
After sweep 5 energy=-5.9682448113490265  maxlinkdim=221 maxerr=1.00E-10 time=28.877
After sweep 6 energy=-5.978005265248045  maxlinkdim=228 maxerr=1.00E-10 time=34.178
After sweep 7 energy=-5.984127788190815  maxlinkdim=244 maxerr=1.00E-10 time=50.155
After sweep 8 energy=-5.989860092779366  maxlinkdim=296 maxerr=1.73E-10 time=110.017
After sweep 9 energy=-5.994238574114121  maxlinkdim=300 maxerr=8.46E-09 time=73.180
After sweep 10 energy=-5.9964930518409725  maxlinkdim=300 maxerr=1.11E-08 time=188.996
After sweep 11 energy=-5.997774139199957  maxlinkdim=281 maxerr=1.15E-10 time=127.808
After sweep 12 energy=-5.998730068169997  maxlinkdim=285 maxerr=3.53E-10 time=151.010
After sweep 13 energy=-5.999454393072536  maxlinkdim=294 maxerr=9.99E-11 time=80.465
After sweep 14 energy=-6.000090281063114  maxlinkdim=300 maxerr=2.46E-09 time=86.033
After sweep 15 energy=-6.000700026636995  maxlinkdim=300 maxerr=2.18E-09 time=230.933
After sweep 16 energy=-6.0011148155041685  maxlinkdim=300 maxerr=1.48E-08 time=226.984
After sweep 17 energy=-6.001274301750608  maxlinkdim=300 maxerr=2.91E-09 time=160.879
After sweep 18 energy=-6.0013763785585725  maxlinkdim=300 maxerr=2.30E-08 time=242.692
After sweep 19 energy=-6.001430356970871  maxlinkdim=300 maxerr=1.39E-08 time=326.670
After sweep 20 energy=-6.001454729344216  maxlinkdim=300 maxerr=1.87E-08 time=180.425
After sweep 21 energy=-6.001465332265598  maxlinkdim=300 maxerr=8.49E-09 time=232.195
After sweep 22 energy=-6.001467325813612  maxlinkdim=300 maxerr=4.98E-09 time=160.430
After sweep 23 energy=-6.001467520389602  maxlinkdim=300 maxerr=2.53E-09 time=240.637
After sweep 24 energy=-6.001467539895597  maxlinkdim=300 maxerr=2.42E-09 time=158.075
After sweep 25 energy=-6.001467549365762  maxlinkdim=300 maxerr=2.43E-09 time=153.439
After sweep 26 energy=-6.0014675642831055  maxlinkdim=300 maxerr=2.44E-09 time=240.358
After sweep 27 energy=-6.001467597953514  maxlinkdim=300 maxerr=2.47E-09 time=219.295
After sweep 28 energy=-6.001467684103078  maxlinkdim=300 maxerr=2.51E-09 time=145.935
After sweep 29 energy=-6.001467923785246  maxlinkdim=300 maxerr=2.66E-09 time=175.363
After sweep 30 energy=-6.0014687430928095  maxlinkdim=300 maxerr=3.16E-09 time=198.163
Calculation finished. Saving results to results_U_-4.0_t_p_0.025.h5
