Starting fresh run
Running with t0=1.0 t_p=0.08 U=8.0 L=32 chi_max=600 E_p=0.134 mu_init=0.0
After sweep 1 energy=-4.131770770797037  maxlinkdim=16 maxerr=2.19E-11 time=27.089
After sweep 2 energy=-10.104200472941907  maxlinkdim=23 maxerr=9.32E-11 time=0.253
After sweep 3 energy=-18.74059026051433  maxlinkdim=39 maxerr=9.85E-11 time=1.005
After sweep 4 energy=-24.47656038141398  maxlinkdim=123 maxerr=9.91E-11 time=1.385
After sweep 5 energy=-28.826034501145244  maxlinkdim=412 maxerr=9.99E-11 time=4.202
After sweep 6 energy=-31.69159815523927  maxlinkdim=600 maxerr=6.40E-10 time=39.105
After sweep 7 energy=-35.28834457066038  maxlinkdim=600 maxerr=6.91E-09 time=118.880
After sweep 8 energy=-36.83213916856707  maxlinkdim=600 maxerr=8.20E-09 time=98.983
After sweep 9 energy=-37.76646499291811  maxlinkdim=600 maxerr=3.40E-08 time=83.099
After sweep 10 energy=-39.46985255754274  maxlinkdim=600 maxerr=1.75E-07 time=114.888
After sweep 11 energy=-40.93399311946391  maxlinkdim=600 maxerr=1.77E-07 time=213.543
After sweep 12 energy=-42.60729204995284  maxlinkdim=600 maxerr=3.64E-07 time=259.134
After sweep 13 energy=-43.88199207307426  maxlinkdim=600 maxerr=2.27E-07 time=248.648
After sweep 14 energy=-44.919777195990946  maxlinkdim=600 maxerr=1.46E-07 time=470.346
After sweep 15 energy=-45.942457641558995  maxlinkdim=600 maxerr=2.04E-07 time=393.729
After sweep 16 energy=-46.89029833011425  maxlinkdim=600 maxerr=1.99E-07 time=539.654
After sweep 17 energy=-47.51593851939223  maxlinkdim=600 maxerr=1.27E-07 time=471.186
After sweep 18 energy=-48.05302590197511  maxlinkdim=600 maxerr=1.33E-07 time=628.831
After sweep 19 energy=-48.55454340162482  maxlinkdim=600 maxerr=1.38E-07 time=717.140
After sweep 20 energy=-49.19293693490937  maxlinkdim=600 maxerr=1.58E-07 time=756.688
After sweep 21 energy=-49.71314538777732  maxlinkdim=600 maxerr=9.03E-08 time=755.840
After sweep 22 energy=-50.13058403274701  maxlinkdim=600 maxerr=4.00E-08 time=742.919
After sweep 23 energy=-50.502267783042164  maxlinkdim=600 maxerr=2.94E-08 time=855.017
After sweep 24 energy=-50.80937753371757  maxlinkdim=600 maxerr=2.99E-08 time=760.867
After sweep 25 energy=-51.101000537836654  maxlinkdim=600 maxerr=3.51E-08 time=1019.221
After sweep 26 energy=-51.387286746562935  maxlinkdim=600 maxerr=4.48E-08 time=855.356
After sweep 27 energy=-51.658256990645334  maxlinkdim=600 maxerr=5.74E-08 time=894.355
After sweep 28 energy=-51.956209388992136  maxlinkdim=600 maxerr=5.62E-08 time=861.549
After sweep 29 energy=-52.249089669856815  maxlinkdim=600 maxerr=7.71E-08 time=1056.345
After sweep 30 energy=-52.569038971604236  maxlinkdim=600 maxerr=7.80E-08 time=994.276
Not same mu, searching again
After sweep 1 energy=-4.752165140393612  maxlinkdim=16 maxerr=2.46E-11 time=0.075
After sweep 2 energy=-10.088379208624987  maxlinkdim=23 maxerr=9.57E-11 time=0.243
After sweep 3 energy=-17.686083639444483  maxlinkdim=39 maxerr=9.70E-11 time=0.585
After sweep 4 energy=-25.356847486560092  maxlinkdim=118 maxerr=9.96E-11 time=1.283
After sweep 5 energy=-29.302082577975877  maxlinkdim=363 maxerr=9.94E-11 time=15.830
After sweep 6 energy=-33.16167992263011  maxlinkdim=600 maxerr=2.43E-09 time=97.705
After sweep 7 energy=-35.38335296123162  maxlinkdim=600 maxerr=8.74E-09 time=98.447
After sweep 8 energy=-37.31520204247602  maxlinkdim=600 maxerr=1.04E-08 time=115.342
After sweep 9 energy=-38.54220560162997  maxlinkdim=600 maxerr=2.34E-08 time=149.348
After sweep 10 energy=-40.12081924512474  maxlinkdim=600 maxerr=2.66E-08 time=205.866
After sweep 11 energy=-41.047531450847956  maxlinkdim=600 maxerr=3.82E-08 time=284.838
After sweep 12 energy=-42.374613731256964  maxlinkdim=600 maxerr=9.98E-08 time=233.629
After sweep 13 energy=-43.63141921919993  maxlinkdim=600 maxerr=8.36E-08 time=275.021
After sweep 14 energy=-44.81513237127436  maxlinkdim=600 maxerr=1.08E-07 time=389.779
After sweep 15 energy=-45.83079027876424  maxlinkdim=600 maxerr=1.25E-07 time=402.902
After sweep 16 energy=-46.73884990965563  maxlinkdim=600 maxerr=1.16E-07 time=585.665
After sweep 17 energy=-47.429999079251516  maxlinkdim=600 maxerr=1.13E-07 time=588.239
After sweep 18 energy=-47.97270867390033  maxlinkdim=600 maxerr=1.45E-07 time=482.530
After sweep 19 energy=-48.544113389184346  maxlinkdim=600 maxerr=2.14E-07 time=497.934
After sweep 20 energy=-49.300796928221736  maxlinkdim=600 maxerr=1.87E-07 time=796.304
After sweep 21 energy=-49.80547279510645  maxlinkdim=600 maxerr=5.96E-08 time=479.690
After sweep 22 energy=-50.23420017518847  maxlinkdim=600 maxerr=3.93E-08 time=702.088
After sweep 23 energy=-50.589644813920955  maxlinkdim=600 maxerr=2.35E-08 time=684.573
After sweep 24 energy=-50.88588761016243  maxlinkdim=600 maxerr=1.93E-08 time=831.173
After sweep 25 energy=-51.15056794035687  maxlinkdim=600 maxerr=1.79E-08 time=576.766
After sweep 26 energy=-51.42065327645147  maxlinkdim=600 maxerr=2.48E-08 time=919.350
After sweep 27 energy=-51.68954239712507  maxlinkdim=600 maxerr=3.30E-08 time=1088.259
After sweep 28 energy=-51.958592641415215  maxlinkdim=600 maxerr=3.61E-08 time=847.527
After sweep 29 energy=-52.22672882554033  maxlinkdim=600 maxerr=4.14E-08 time=696.453
After sweep 30 energy=-52.50007969566835  maxlinkdim=600 maxerr=5.15E-08 time=835.762
n0: 0.5891171005179587; n1: 0.5924460765068501; mu0: 0.0; mu1: 0.01
n_target > n1 and n_target > n0 triggered
After sweep 1 energy=-5.372548648431331  maxlinkdim=16 maxerr=2.75E-11 time=0.083
After sweep 2 energy=-11.487770822390853  maxlinkdim=23 maxerr=9.98E-11 time=0.272
After sweep 3 energy=-20.358168498772837  maxlinkdim=39 maxerr=9.90E-11 time=0.632
After sweep 4 energy=-24.55770796089006  maxlinkdim=102 maxerr=9.90E-11 time=1.321
After sweep 5 energy=-29.961413132961273  maxlinkdim=410 maxerr=9.99E-11 time=16.500
After sweep 6 energy=-33.4127579262092  maxlinkdim=600 maxerr=1.88E-09 time=68.054
After sweep 7 energy=-36.25504299906061  maxlinkdim=600 maxerr=6.04E-09 time=89.017
After sweep 8 energy=-37.786138242032806  maxlinkdim=600 maxerr=7.33E-09 time=54.677
After sweep 9 energy=-39.561175526170125  maxlinkdim=600 maxerr=3.72E-08 time=158.687
After sweep 10 energy=-40.84326390191354  maxlinkdim=600 maxerr=4.76E-08 time=202.555
After sweep 11 energy=-41.97138642620689  maxlinkdim=600 maxerr=7.31E-08 time=157.525
After sweep 12 energy=-43.27032828972022  maxlinkdim=600 maxerr=1.32E-07 time=196.266
After sweep 13 energy=-44.564316077115464  maxlinkdim=600 maxerr=1.65E-07 time=462.913
After sweep 14 energy=-45.546987762506205  maxlinkdim=600 maxerr=1.50E-07 time=397.901
After sweep 15 energy=-46.33943908786667  maxlinkdim=600 maxerr=1.22E-07 time=393.720
After sweep 16 energy=-47.07802093485304  maxlinkdim=600 maxerr=1.36E-07 time=600.986
After sweep 17 energy=-47.81891729089506  maxlinkdim=600 maxerr=1.83E-07 time=664.601
After sweep 18 energy=-48.399594701683945  maxlinkdim=600 maxerr=1.67E-07 time=681.877
After sweep 19 energy=-48.936509222156126  maxlinkdim=600 maxerr=1.63E-07 time=1110.494
After sweep 20 energy=-49.50462427691091  maxlinkdim=600 maxerr=1.43E-07 time=847.911
After sweep 21 energy=-49.98212051153337  maxlinkdim=600 maxerr=8.92E-08 time=861.451
After sweep 22 energy=-50.359815519826654  maxlinkdim=600 maxerr=5.14E-08 time=1077.846
After sweep 23 energy=-50.72460118809981  maxlinkdim=600 maxerr=4.24E-08 time=1285.645
After sweep 24 energy=-51.06191734784814  maxlinkdim=600 maxerr=3.91E-08 time=977.583
After sweep 25 energy=-51.360823316238495  maxlinkdim=600 maxerr=3.56E-08 time=1199.175
After sweep 26 energy=-51.635334272098774  maxlinkdim=600 maxerr=3.53E-08 time=1407.337
After sweep 27 energy=-51.91414960427149  maxlinkdim=600 maxerr=3.90E-08 time=638.039
After sweep 28 energy=-52.19436948288896  maxlinkdim=600 maxerr=4.22E-08 time=1043.114
After sweep 29 energy=-52.4687796090075  maxlinkdim=600 maxerr=4.92E-08 time=1315.298
After sweep 30 energy=-52.73715088715792  maxlinkdim=600 maxerr=6.11E-08 time=1327.242
n0: 0.5924460765068501; n1: 0.592883107144276; mu0: 0.01; mu1: 0.02
n_target > n1 and n_target > n0 triggered
After sweep 1 energy=-5.992921831560591  maxlinkdim=16 maxerr=3.04E-11 time=0.075
After sweep 2 energy=-11.858144223985972  maxlinkdim=23 maxerr=9.76E-11 time=0.276
After sweep 3 energy=-20.843628445722807  maxlinkdim=43 maxerr=9.99E-11 time=0.669
After sweep 4 energy=-26.769399526365213  maxlinkdim=130 maxerr=9.92E-11 time=1.301
After sweep 5 energy=-29.931476311838487  maxlinkdim=327 maxerr=1.00E-10 time=15.496
After sweep 6 energy=-33.783526615117054  maxlinkdim=600 maxerr=4.84E-10 time=77.204
After sweep 7 energy=-36.18314224118337  maxlinkdim=600 maxerr=4.12E-09 time=139.783
After sweep 8 energy=-38.26311864699159  maxlinkdim=600 maxerr=9.02E-09 time=89.107
After sweep 9 energy=-40.04670550960688  maxlinkdim=600 maxerr=3.55E-08 time=178.130
After sweep 10 energy=-41.54180508772348  maxlinkdim=600 maxerr=7.31E-08 time=251.134
After sweep 11 energy=-43.05536679963193  maxlinkdim=600 maxerr=1.98E-07 time=114.977
After sweep 12 energy=-44.267537763285176  maxlinkdim=600 maxerr=1.81E-07 time=376.781
After sweep 13 energy=-45.29211192725942  maxlinkdim=600 maxerr=1.38E-07 time=260.217
After sweep 14 energy=-46.28280855835671  maxlinkdim=600 maxerr=1.89E-07 time=339.480
After sweep 15 energy=-47.147891421998864  maxlinkdim=600 maxerr=1.83E-07 time=680.555
After sweep 16 energy=-47.925130347510176  maxlinkdim=600 maxerr=1.71E-07 time=990.145
After sweep 17 energy=-48.62205283472223  maxlinkdim=600 maxerr=2.06E-07 time=726.843
After sweep 18 energy=-49.23251365286692  maxlinkdim=600 maxerr=2.10E-07 time=1129.670
After sweep 19 energy=-49.85400378984492  maxlinkdim=600 maxerr=1.96E-07 time=924.520
After sweep 20 energy=-50.40038755338991  maxlinkdim=600 maxerr=1.21E-07 time=850.744
After sweep 21 energy=-50.83073716467938  maxlinkdim=600 maxerr=5.75E-08 time=936.103
After sweep 22 energy=-51.236797080830826  maxlinkdim=600 maxerr=4.48E-08 time=1073.270
After sweep 23 energy=-51.59428663581901  maxlinkdim=600 maxerr=4.26E-08 time=861.215
After sweep 24 energy=-51.89483728914617  maxlinkdim=600 maxerr=3.64E-08 time=845.872
After sweep 25 energy=-52.17581011106129  maxlinkdim=600 maxerr=3.80E-08 time=833.918
After sweep 26 energy=-52.45830703259147  maxlinkdim=600 maxerr=4.01E-08 time=664.995
After sweep 27 energy=-52.734115973686734  maxlinkdim=600 maxerr=4.78E-08 time=973.635
After sweep 28 energy=-53.003645946489065  maxlinkdim=600 maxerr=5.29E-08 time=1182.831
After sweep 29 energy=-53.27574266959063  maxlinkdim=600 maxerr=6.35E-08 time=898.769
After sweep 30 energy=-53.555549698277204  maxlinkdim=600 maxerr=7.61E-08 time=1074.656
n0: 0.592883107144276; n1: 0.591703271949281; mu0: 0.02; mu1: 0.03
n_target > n1 and n_target > n0 triggered
After sweep 1 energy=-6.6132852199766035  maxlinkdim=16 maxerr=3.35E-11 time=0.098
After sweep 2 energy=-11.951940645049396  maxlinkdim=23 maxerr=9.31E-11 time=0.248
After sweep 3 energy=-20.47186920487198  maxlinkdim=43 maxerr=9.92E-11 time=0.641
After sweep 4 energy=-24.07842115267422  maxlinkdim=100 maxerr=9.97E-11 time=1.312
After sweep 5 energy=-31.29803552002939  maxlinkdim=416 maxerr=9.99E-11 time=13.952
After sweep 6 energy=-33.46123816923549  maxlinkdim=600 maxerr=4.63E-10 time=89.883
After sweep 7 energy=-36.46666404402442  maxlinkdim=600 maxerr=4.69E-09 time=96.554
After sweep 8 energy=-38.656261466736446  maxlinkdim=600 maxerr=1.22E-08 time=134.885
After sweep 9 energy=-40.55466775284485  maxlinkdim=600 maxerr=2.33E-08 time=182.353
After sweep 10 energy=-41.79441213853677  maxlinkdim=600 maxerr=3.65E-08 time=111.213
After sweep 11 energy=-42.92018188512243  maxlinkdim=600 maxerr=1.22E-07 time=283.207
After sweep 12 energy=-44.31132075609444  maxlinkdim=600 maxerr=1.60E-07 time=614.892
After sweep 13 energy=-45.193991373682096  maxlinkdim=600 maxerr=1.16E-07 time=551.719
After sweep 14 energy=-46.23133451097812  maxlinkdim=600 maxerr=1.52E-07 time=632.277
After sweep 15 energy=-47.103460305131286  maxlinkdim=600 maxerr=1.45E-07 time=650.046
After sweep 16 energy=-47.76876239337194  maxlinkdim=600 maxerr=1.26E-07 time=864.752
After sweep 17 energy=-48.387461720539086  maxlinkdim=600 maxerr=1.36E-07 time=940.895
After sweep 18 energy=-48.90580477360741  maxlinkdim=600 maxerr=1.13E-07 time=941.382
After sweep 19 energy=-49.38933158920619  maxlinkdim=600 maxerr=1.14E-07 time=665.937
After sweep 20 energy=-49.872658657947085  maxlinkdim=600 maxerr=1.29E-07 time=880.489
After sweep 21 energy=-50.29794620809744  maxlinkdim=600 maxerr=1.05E-07 time=631.545
After sweep 22 energy=-50.718985613788874  maxlinkdim=600 maxerr=8.29E-08 time=1268.302
After sweep 23 energy=-51.11797199209169  maxlinkdim=600 maxerr=5.40E-08 time=1008.864
After sweep 24 energy=-51.515199301234674  maxlinkdim=600 maxerr=3.74E-08 time=1082.344
After sweep 25 energy=-51.85487788565097  maxlinkdim=600 maxerr=3.41E-08 time=1021.029
After sweep 26 energy=-52.145822694950596  maxlinkdim=600 maxerr=3.11E-08 time=961.269
After sweep 27 energy=-52.422723378511876  maxlinkdim=600 maxerr=3.62E-08 time=1069.387
After sweep 28 energy=-52.71730909826588  maxlinkdim=600 maxerr=4.39E-08 time=1270.042
After sweep 29 energy=-53.02118236587228  maxlinkdim=600 maxerr=6.93E-08 time=1324.648
After sweep 30 energy=-53.315945991974104  maxlinkdim=600 maxerr=7.05E-08 time=1068.704
n0: 0.591703271949281; n1: 0.5937592094807173; mu0: 0.03; mu1: 0.04
n_target > n1 and n_target > n0 triggered
After sweep 1 energy=-7.233639335846468  maxlinkdim=16 maxerr=3.68E-11 time=0.077
After sweep 2 energy=-11.203225880718854  maxlinkdim=23 maxerr=9.28E-11 time=0.242
After sweep 3 energy=-22.340027899988748  maxlinkdim=55 maxerr=9.98E-11 time=0.653
After sweep 4 energy=-28.288105255128833  maxlinkdim=132 maxerr=9.93E-11 time=1.324
After sweep 5 energy=-32.061936505762816  maxlinkdim=402 maxerr=1.00E-10 time=7.641
After sweep 6 energy=-34.87082478967478  maxlinkdim=600 maxerr=6.05E-10 time=68.731
After sweep 7 energy=-37.5385046566777  maxlinkdim=600 maxerr=5.06E-09 time=131.624
After sweep 8 energy=-39.27640080537891  maxlinkdim=600 maxerr=9.09E-09 time=148.411
After sweep 9 energy=-41.28007664199115  maxlinkdim=600 maxerr=2.93E-08 time=123.657
After sweep 10 energy=-42.181636837944865  maxlinkdim=600 maxerr=2.33E-08 time=164.378
After sweep 11 energy=-42.847041213150554  maxlinkdim=600 maxerr=4.64E-08 time=231.836
After sweep 12 energy=-44.129348292887926  maxlinkdim=600 maxerr=1.47E-07 time=314.163
After sweep 13 energy=-45.24085082827311  maxlinkdim=600 maxerr=1.52E-07 time=519.045
After sweep 14 energy=-46.11484874161727  maxlinkdim=600 maxerr=1.55E-07 time=674.572
After sweep 15 energy=-47.025524414062374  maxlinkdim=600 maxerr=1.99E-07 time=727.400
After sweep 16 energy=-47.781263041141464  maxlinkdim=600 maxerr=1.30E-07 time=887.426
After sweep 17 energy=-48.40407451982698  maxlinkdim=600 maxerr=1.17E-07 time=914.598
After sweep 18 energy=-49.01166973527101  maxlinkdim=600 maxerr=1.15E-07 time=909.349
After sweep 19 energy=-49.541476057425875  maxlinkdim=600 maxerr=1.13E-07 time=1026.982
