Starting fresh run
Running with t0=1.0 t_p=0.1 U=8.0 L=32 chi_max=600 E_p=0.134 mu_init=0.0
After sweep 1 energy=-4.15634860788733  maxlinkdim=16 maxerr=3.69E-11 time=27.115
After sweep 2 energy=-10.368516715558494  maxlinkdim=21 maxerr=9.50E-11 time=0.262
After sweep 3 energy=-17.369124124199242  maxlinkdim=35 maxerr=9.98E-11 time=0.973
After sweep 4 energy=-21.793824523516523  maxlinkdim=99 maxerr=9.96E-11 time=1.335
After sweep 5 energy=-27.220060322366464  maxlinkdim=366 maxerr=1.00E-10 time=5.588
After sweep 6 energy=-31.102102467547795  maxlinkdim=539 maxerr=1.00E-10 time=13.874
After sweep 7 energy=-33.7061994672878  maxlinkdim=600 maxerr=1.31E-09 time=76.446
After sweep 8 energy=-35.376489384885204  maxlinkdim=600 maxerr=6.62E-09 time=129.819
After sweep 9 energy=-37.14793438369062  maxlinkdim=600 maxerr=1.23E-08 time=133.456
After sweep 10 energy=-39.21471756593229  maxlinkdim=600 maxerr=2.73E-08 time=81.542
After sweep 11 energy=-40.18315259881311  maxlinkdim=600 maxerr=2.28E-08 time=141.463
After sweep 12 energy=-41.451977609193946  maxlinkdim=600 maxerr=4.84E-08 time=141.055
After sweep 13 energy=-42.608113972220146  maxlinkdim=600 maxerr=4.32E-08 time=174.189
After sweep 14 energy=-43.52865429714379  maxlinkdim=600 maxerr=3.90E-08 time=152.357
After sweep 15 energy=-44.30197624321671  maxlinkdim=600 maxerr=5.58E-08 time=202.199
After sweep 16 energy=-45.07289457558559  maxlinkdim=600 maxerr=8.81E-08 time=226.309
After sweep 17 energy=-46.0098240314875  maxlinkdim=600 maxerr=1.24E-07 time=336.387
After sweep 18 energy=-46.765556347269346  maxlinkdim=600 maxerr=1.09E-07 time=315.146
After sweep 19 energy=-47.38290886851357  maxlinkdim=600 maxerr=1.16E-07 time=461.871
After sweep 20 energy=-47.91545939315763  maxlinkdim=600 maxerr=1.41E-07 time=448.609
After sweep 21 energy=-48.581853629937186  maxlinkdim=600 maxerr=1.43E-07 time=691.376
After sweep 22 energy=-49.10216848987674  maxlinkdim=600 maxerr=6.17E-08 time=626.707
After sweep 23 energy=-49.50893410838794  maxlinkdim=600 maxerr=3.49E-08 time=682.519
After sweep 24 energy=-49.87367504448745  maxlinkdim=600 maxerr=2.63E-08 time=597.646
After sweep 25 energy=-50.22791898150613  maxlinkdim=600 maxerr=2.31E-08 time=442.775
After sweep 26 energy=-50.53792148425656  maxlinkdim=600 maxerr=2.10E-08 time=573.853
After sweep 27 energy=-50.80883285780898  maxlinkdim=600 maxerr=2.24E-08 time=591.205
After sweep 28 energy=-51.073674749720844  maxlinkdim=600 maxerr=2.26E-08 time=615.496
After sweep 29 energy=-51.34106125132444  maxlinkdim=600 maxerr=2.99E-08 time=567.885
After sweep 30 energy=-51.60647922629734  maxlinkdim=600 maxerr=3.57E-08 time=641.984
Not same mu, searching again
After sweep 1 energy=-4.7756726145189266  maxlinkdim=16 maxerr=4.45E-12 time=0.081
After sweep 2 energy=-8.579692854553175  maxlinkdim=21 maxerr=8.56E-11 time=0.233
After sweep 3 energy=-19.138760255956367  maxlinkdim=63 maxerr=9.89E-11 time=0.654
After sweep 4 energy=-25.93125799537988  maxlinkdim=109 maxerr=9.83E-11 time=1.326
After sweep 5 energy=-28.68251731827487  maxlinkdim=353 maxerr=9.97E-11 time=13.925
After sweep 6 energy=-32.672912606204655  maxlinkdim=600 maxerr=8.81E-10 time=12.976
After sweep 7 energy=-35.15279763765599  maxlinkdim=600 maxerr=2.51E-09 time=28.983
After sweep 8 energy=-37.33011273476316  maxlinkdim=600 maxerr=8.28E-09 time=31.963
After sweep 9 energy=-39.013447779193896  maxlinkdim=600 maxerr=3.77E-08 time=35.046
After sweep 10 energy=-40.78444960372626  maxlinkdim=600 maxerr=1.00E-07 time=186.226
After sweep 11 energy=-42.33175198998213  maxlinkdim=600 maxerr=1.53E-07 time=232.776
After sweep 12 energy=-43.775830376501766  maxlinkdim=600 maxerr=2.07E-07 time=173.098
After sweep 13 energy=-45.02550484699626  maxlinkdim=600 maxerr=1.83E-07 time=342.281
After sweep 14 energy=-46.007546641493406  maxlinkdim=600 maxerr=1.27E-07 time=381.311
After sweep 15 energy=-46.93019392156226  maxlinkdim=600 maxerr=1.34E-07 time=234.777
After sweep 16 energy=-47.659245559407736  maxlinkdim=600 maxerr=1.41E-07 time=425.390
After sweep 17 energy=-48.2211880308154  maxlinkdim=600 maxerr=1.53E-07 time=580.884
After sweep 18 energy=-48.829263387301744  maxlinkdim=600 maxerr=1.75E-07 time=502.987
After sweep 19 energy=-49.44950276204203  maxlinkdim=600 maxerr=1.40E-07 time=364.405
After sweep 20 energy=-49.91624696379971  maxlinkdim=600 maxerr=6.50E-08 time=405.297
After sweep 21 energy=-50.339203702509735  maxlinkdim=600 maxerr=3.81E-08 time=366.697
After sweep 22 energy=-50.73899525120933  maxlinkdim=600 maxerr=3.88E-08 time=827.073
After sweep 23 energy=-51.064890901158996  maxlinkdim=600 maxerr=3.16E-08 time=853.392
After sweep 24 energy=-51.35972664515127  maxlinkdim=600 maxerr=3.48E-08 time=750.075
After sweep 25 energy=-51.65405824253271  maxlinkdim=600 maxerr=4.07E-08 time=666.820
After sweep 26 energy=-51.93941288897719  maxlinkdim=600 maxerr=4.82E-08 time=842.220
After sweep 27 energy=-52.21282771533233  maxlinkdim=600 maxerr=5.34E-08 time=741.028
After sweep 28 energy=-52.48680060390354  maxlinkdim=600 maxerr=5.76E-08 time=596.736
After sweep 29 energy=-52.7713767325719  maxlinkdim=600 maxerr=6.11E-08 time=911.029
After sweep 30 energy=-53.09757090507965  maxlinkdim=600 maxerr=8.32E-08 time=909.655
n0: 0.5936503325993174; n1: 0.58554386133869; mu0: 0.0; mu1: 0.01
n_target > n1 and n_target > n0 triggered
After sweep 1 energy=-5.391343769304908  maxlinkdim=14 maxerr=7.13E-11 time=0.094
After sweep 2 energy=-13.292887749620569  maxlinkdim=23 maxerr=8.60E-11 time=0.289
After sweep 3 energy=-19.11866507124454  maxlinkdim=49 maxerr=9.83E-11 time=0.640
After sweep 4 energy=-26.093128594293713  maxlinkdim=86 maxerr=9.98E-11 time=1.206
After sweep 5 energy=-30.087288709167655  maxlinkdim=297 maxerr=9.97E-11 time=8.491
After sweep 6 energy=-31.9405924780848  maxlinkdim=600 maxerr=1.48E-10 time=19.382
After sweep 7 energy=-35.608444600439725  maxlinkdim=600 maxerr=5.99E-09 time=107.409
After sweep 8 energy=-37.7482889779756  maxlinkdim=600 maxerr=6.80E-09 time=99.378
After sweep 9 energy=-39.546915696033025  maxlinkdim=600 maxerr=2.87E-08 time=95.735
After sweep 10 energy=-41.01977408000486  maxlinkdim=600 maxerr=5.79E-08 time=171.032
After sweep 11 energy=-42.52028516822313  maxlinkdim=600 maxerr=1.30E-07 time=224.219
After sweep 12 energy=-43.91305753604819  maxlinkdim=600 maxerr=1.56E-07 time=299.869
After sweep 13 energy=-44.98765246696368  maxlinkdim=600 maxerr=1.36E-07 time=408.120
After sweep 14 energy=-45.851226325353025  maxlinkdim=600 maxerr=1.41E-07 time=470.052
After sweep 15 energy=-47.0280125175074  maxlinkdim=600 maxerr=2.43E-07 time=349.551
After sweep 16 energy=-47.91451591310832  maxlinkdim=600 maxerr=1.99E-07 time=387.599
After sweep 17 energy=-48.48750890717306  maxlinkdim=600 maxerr=1.41E-07 time=555.762
After sweep 18 energy=-48.994426628136004  maxlinkdim=600 maxerr=1.50E-07 time=517.931
After sweep 19 energy=-49.41873594661277  maxlinkdim=600 maxerr=1.37E-07 time=502.168
After sweep 20 energy=-49.94045059676952  maxlinkdim=600 maxerr=1.63E-07 time=615.255
After sweep 21 energy=-50.58337277479808  maxlinkdim=600 maxerr=1.46E-07 time=930.669
After sweep 22 energy=-51.03063339110529  maxlinkdim=600 maxerr=6.10E-08 time=976.796
After sweep 23 energy=-51.367225908247825  maxlinkdim=600 maxerr=3.44E-08 time=845.124
After sweep 24 energy=-51.667490776500166  maxlinkdim=600 maxerr=3.16E-08 time=934.963
After sweep 25 energy=-51.95605990925356  maxlinkdim=600 maxerr=3.57E-08 time=1004.291
After sweep 26 energy=-52.22678241540907  maxlinkdim=600 maxerr=4.23E-08 time=1044.386
After sweep 27 energy=-52.485949963783796  maxlinkdim=600 maxerr=4.88E-08 time=1361.306
After sweep 28 energy=-52.74174707806656  maxlinkdim=600 maxerr=5.31E-08 time=1271.490
After sweep 29 energy=-53.014752967428635  maxlinkdim=600 maxerr=5.82E-08 time=1353.753
After sweep 30 energy=-53.27888791342189  maxlinkdim=600 maxerr=5.19E-08 time=1139.806
n0: 0.58554386133869; n1: 0.5925406892787691; mu0: 0.01; mu1: 0.02
n_target > n1 and n_target > n0 triggered
After sweep 1 energy=-6.011240673192865  maxlinkdim=14 maxerr=8.40E-11 time=0.076
After sweep 2 energy=-13.55539044005154  maxlinkdim=23 maxerr=8.29E-11 time=0.337
After sweep 3 energy=-18.176065836209496  maxlinkdim=45 maxerr=9.96E-11 time=0.913
After sweep 4 energy=-23.035503451743292  maxlinkdim=93 maxerr=9.94E-11 time=1.121
After sweep 5 energy=-27.63664886131567  maxlinkdim=332 maxerr=9.99E-11 time=14.403
After sweep 6 energy=-31.283565931115596  maxlinkdim=600 maxerr=1.14E-09 time=61.195
After sweep 7 energy=-34.76556743708837  maxlinkdim=600 maxerr=9.74E-09 time=108.428
After sweep 8 energy=-37.56138895581332  maxlinkdim=600 maxerr=1.56E-08 time=118.535
After sweep 9 energy=-38.68376181397597  maxlinkdim=600 maxerr=9.72E-09 time=93.301
After sweep 10 energy=-40.47772269654028  maxlinkdim=600 maxerr=3.06E-08 time=148.213
After sweep 11 energy=-41.55255236864243  maxlinkdim=600 maxerr=1.80E-08 time=272.160
After sweep 12 energy=-42.564506860841945  maxlinkdim=600 maxerr=2.80E-08 time=96.223
After sweep 13 energy=-43.66709788238695  maxlinkdim=600 maxerr=4.61E-08 time=185.620
After sweep 14 energy=-44.72492627360097  maxlinkdim=600 maxerr=1.09E-07 time=225.308
After sweep 15 energy=-45.868527956608496  maxlinkdim=600 maxerr=1.50E-07 time=306.393
After sweep 16 energy=-46.77614671936987  maxlinkdim=600 maxerr=1.10E-07 time=449.358
After sweep 17 energy=-47.44662072343636  maxlinkdim=600 maxerr=9.59E-08 time=500.456
After sweep 18 energy=-48.221308336341245  maxlinkdim=600 maxerr=1.84E-07 time=600.236
After sweep 19 energy=-48.87426834337753  maxlinkdim=600 maxerr=1.76E-07 time=498.344
After sweep 20 energy=-49.40395538625654  maxlinkdim=600 maxerr=1.22E-07 time=538.884
After sweep 21 energy=-49.892452681976316  maxlinkdim=600 maxerr=8.54E-08 time=587.078
After sweep 22 energy=-50.31435036854539  maxlinkdim=600 maxerr=5.84E-08 time=740.190
After sweep 23 energy=-50.66468432334629  maxlinkdim=600 maxerr=4.06E-08 time=989.878
After sweep 24 energy=-51.00910070161701  maxlinkdim=600 maxerr=3.45E-08 time=1270.506
After sweep 25 energy=-51.336808201170115  maxlinkdim=600 maxerr=3.30E-08 time=1476.579
After sweep 26 energy=-51.647417185911685  maxlinkdim=600 maxerr=2.98E-08 time=756.051
After sweep 27 energy=-51.92377489420843  maxlinkdim=600 maxerr=3.79E-08 time=798.099
After sweep 28 energy=-52.18647441274238  maxlinkdim=600 maxerr=3.49E-08 time=1290.690
After sweep 29 energy=-52.459247995810905  maxlinkdim=600 maxerr=4.10E-08 time=873.991
After sweep 30 energy=-52.72702479863753  maxlinkdim=600 maxerr=4.70E-08 time=907.781
n0: 0.5925406892787691; n1: 0.594543662952828; mu0: 0.02; mu1: 0.03
n_target > n1 and n_target > n0 triggered
After sweep 1 energy=-6.630993186055539  maxlinkdim=14 maxerr=9.63E-11 time=0.088
After sweep 2 energy=-14.20661866462429  maxlinkdim=23 maxerr=7.70E-11 time=0.263
After sweep 3 energy=-21.304375416407186  maxlinkdim=48 maxerr=9.95E-11 time=0.649
After sweep 4 energy=-26.762993666053763  maxlinkdim=126 maxerr=9.99E-11 time=1.249
After sweep 5 energy=-30.862380444125357  maxlinkdim=450 maxerr=9.98E-11 time=10.823
After sweep 6 energy=-33.54216005379642  maxlinkdim=600 maxerr=1.32E-09 time=51.358
After sweep 7 energy=-36.397930695206064  maxlinkdim=600 maxerr=1.19E-08 time=154.067
After sweep 8 energy=-38.639686994116474  maxlinkdim=600 maxerr=1.35E-08 time=184.681
After sweep 9 energy=-40.1200861051271  maxlinkdim=600 maxerr=4.09E-08 time=134.513
After sweep 10 energy=-41.73605675773187  maxlinkdim=600 maxerr=9.31E-08 time=115.721
After sweep 11 energy=-42.847557321285635  maxlinkdim=600 maxerr=1.87E-07 time=183.461
After sweep 12 energy=-44.43162775896874  maxlinkdim=600 maxerr=3.49E-07 time=321.972
After sweep 13 energy=-45.359915370078475  maxlinkdim=600 maxerr=1.98E-07 time=335.610
After sweep 14 energy=-46.25758875633922  maxlinkdim=600 maxerr=2.39E-07 time=490.252
After sweep 15 energy=-47.06100717227965  maxlinkdim=600 maxerr=2.46E-07 time=506.581
After sweep 16 energy=-47.88366901951107  maxlinkdim=600 maxerr=2.87E-07 time=555.425
After sweep 17 energy=-48.67865939910767  maxlinkdim=600 maxerr=2.83E-07 time=941.115
After sweep 18 energy=-49.32454780401376  maxlinkdim=600 maxerr=2.18E-07 time=692.329
After sweep 19 energy=-49.84621112726368  maxlinkdim=600 maxerr=1.41E-07 time=746.699
After sweep 20 energy=-50.30187115890797  maxlinkdim=600 maxerr=1.23E-07 time=985.916
After sweep 21 energy=-50.77658097342344  maxlinkdim=600 maxerr=1.19E-07 time=1496.225
After sweep 22 energy=-51.213334417656625  maxlinkdim=600 maxerr=9.98E-08 time=961.901
After sweep 23 energy=-51.615529793452346  maxlinkdim=600 maxerr=7.32E-08 time=866.279
After sweep 24 energy=-51.9830341183475  maxlinkdim=600 maxerr=5.68E-08 time=917.394
After sweep 25 energy=-52.291635674651864  maxlinkdim=600 maxerr=4.58E-08 time=1186.917
After sweep 26 energy=-52.5719414716755  maxlinkdim=600 maxerr=4.28E-08 time=930.790
After sweep 27 energy=-52.85651912021994  maxlinkdim=600 maxerr=4.65E-08 time=1132.908
After sweep 28 energy=-53.145049912534944  maxlinkdim=600 maxerr=4.94E-08 time=1907.775
After sweep 29 energy=-53.40524128920766  maxlinkdim=600 maxerr=5.11E-08 time=1159.210
After sweep 30 energy=-53.65848294651994  maxlinkdim=600 maxerr=5.51E-08 time=1096.599
n0: 0.594543662952828; n1: 0.5935505022861836; mu0: 0.03; mu1: 0.04
n_target > n1 and n_target > n0 triggered
After sweep 1 energy=-7.247783158759155  maxlinkdim=14 maxerr=2.05E-11 time=0.092
After sweep 2 energy=-14.897181440646026  maxlinkdim=23 maxerr=9.36E-11 time=0.272
After sweep 3 energy=-19.566246474466986  maxlinkdim=52 maxerr=9.97E-11 time=0.679
After sweep 4 energy=-27.603864861043956  maxlinkdim=122 maxerr=9.97E-11 time=1.355
After sweep 5 energy=-31.37474118969475  maxlinkdim=371 maxerr=9.99E-11 time=16.197
After sweep 6 energy=-34.41311125192633  maxlinkdim=600 maxerr=1.36E-09 time=54.671
After sweep 7 energy=-36.6676177596478  maxlinkdim=600 maxerr=5.04E-09 time=101.643
After sweep 8 energy=-38.79529909658905  maxlinkdim=600 maxerr=2.03E-08 time=150.112
After sweep 9 energy=-41.156324681274945  maxlinkdim=600 maxerr=1.89E-08 time=148.912
After sweep 10 energy=-42.26071176033646  maxlinkdim=600 maxerr=3.66E-08 time=233.722
After sweep 11 energy=-43.73115671181905  maxlinkdim=600 maxerr=8.77E-08 time=146.810
After sweep 12 energy=-44.727815567826255  maxlinkdim=600 maxerr=6.08E-08 time=287.652
After sweep 13 energy=-45.571380628733756  maxlinkdim=600 maxerr=1.20E-07 time=456.133
After sweep 14 energy=-46.37747698802113  maxlinkdim=600 maxerr=1.41E-07 time=483.755
After sweep 15 energy=-47.26761379042447  maxlinkdim=600 maxerr=1.39E-07 time=605.007
After sweep 16 energy=-48.01526743528606  maxlinkdim=600 maxerr=1.43E-07 time=470.502
After sweep 17 energy=-48.665109206321844  maxlinkdim=600 maxerr=1.48E-07 time=724.227
After sweep 18 energy=-49.258940595101436  maxlinkdim=600 maxerr=1.43E-07 time=817.074
After sweep 19 energy=-49.801896496379264  maxlinkdim=600 maxerr=1.42E-07 time=800.289
After sweep 20 energy=-50.318075752944424  maxlinkdim=600 maxerr=1.19E-07 time=1088.879
After sweep 21 energy=-50.76194019740434  maxlinkdim=600 maxerr=9.09E-08 time=1204.196
After sweep 22 energy=-51.19949882394316  maxlinkdim=600 maxerr=6.37E-08 time=985.266
After sweep 23 energy=-51.63420519466573  maxlinkdim=600 maxerr=5.33E-08 time=911.146
After sweep 24 energy=-52.046182975823896  maxlinkdim=600 maxerr=5.34E-08 time=699.660
After sweep 25 energy=-52.39530825896222  maxlinkdim=600 maxerr=5.16E-08 time=1005.965
After sweep 26 energy=-52.69329354415987  maxlinkdim=600 maxerr=4.58E-08 time=660.942
After sweep 27 energy=-52.9937823369514  maxlinkdim=600 maxerr=4.81E-08 time=796.072
After sweep 28 energy=-53.30566522380668  maxlinkdim=600 maxerr=5.18E-08 time=937.395
After sweep 29 energy=-53.60921106370259  maxlinkdim=600 maxerr=5.06E-08 time=1208.625
After sweep 30 energy=-53.904556182953115  maxlinkdim=600 maxerr=7.33E-08 time=1735.288
Time limit exceeded, exiting loop
Starting fresh run
Running with t0=1.0 t_p=0.1 U=8.0 L=32 chi_max=600 E_p=0.134 mu_init=0.0
After sweep 1 energy=-4.15634860788733  maxlinkdim=16 maxerr=3.69E-11 time=27.145
After sweep 2 energy=-10.368516715558494  maxlinkdim=21 maxerr=9.50E-11 time=0.260
After sweep 3 energy=-17.369124124199242  maxlinkdim=35 maxerr=9.98E-11 time=0.960
After sweep 4 energy=-21.793824523516523  maxlinkdim=99 maxerr=9.96E-11 time=1.348
After sweep 5 energy=-27.220060322366464  maxlinkdim=366 maxerr=1.00E-10 time=4.301
After sweep 6 energy=-31.102102467547795  maxlinkdim=539 maxerr=1.00E-10 time=41.595
After sweep 7 energy=-33.7061994672878  maxlinkdim=600 maxerr=1.31E-09 time=58.976
After sweep 8 energy=-35.376489384885204  maxlinkdim=600 maxerr=6.62E-09 time=90.481
After sweep 9 energy=-37.14793438369062  maxlinkdim=600 maxerr=1.23E-08 time=172.262
After sweep 10 energy=-39.21471756593229  maxlinkdim=600 maxerr=2.73E-08 time=207.941
After sweep 11 energy=-40.18315259881311  maxlinkdim=600 maxerr=2.28E-08 time=230.511
After sweep 12 energy=-41.451977609193946  maxlinkdim=600 maxerr=4.84E-08 time=221.173
After sweep 13 energy=-42.608113972220146  maxlinkdim=600 maxerr=4.32E-08 time=210.031
After sweep 14 energy=-43.52865429714379  maxlinkdim=600 maxerr=3.90E-08 time=293.657
After sweep 15 energy=-44.30197624321671  maxlinkdim=600 maxerr=5.58E-08 time=252.098
After sweep 16 energy=-45.07289457558559  maxlinkdim=600 maxerr=8.81E-08 time=387.299
After sweep 17 energy=-46.0098240314875  maxlinkdim=600 maxerr=1.24E-07 time=347.655
After sweep 18 energy=-46.765556347269346  maxlinkdim=600 maxerr=1.09E-07 time=457.959
After sweep 19 energy=-47.38290886851357  maxlinkdim=600 maxerr=1.16E-07 time=371.468
After sweep 20 energy=-47.91545939315763  maxlinkdim=600 maxerr=1.41E-07 time=453.546
After sweep 21 energy=-48.581853629937186  maxlinkdim=600 maxerr=1.43E-07 time=573.995
After sweep 22 energy=-49.10216848987674  maxlinkdim=600 maxerr=6.17E-08 time=602.865
After sweep 23 energy=-49.50893410838794  maxlinkdim=600 maxerr=3.49E-08 time=838.605
After sweep 24 energy=-49.87367504448745  maxlinkdim=600 maxerr=2.63E-08 time=891.346
After sweep 25 energy=-50.22791898150613  maxlinkdim=600 maxerr=2.31E-08 time=709.737
After sweep 26 energy=-50.53792148425656  maxlinkdim=600 maxerr=2.10E-08 time=763.583
After sweep 27 energy=-50.80883285780898  maxlinkdim=600 maxerr=2.24E-08 time=737.022
After sweep 28 energy=-51.073674749720844  maxlinkdim=600 maxerr=2.26E-08 time=959.725
After sweep 29 energy=-51.34106125132444  maxlinkdim=600 maxerr=2.99E-08 time=984.769
After sweep 30 energy=-51.60647922629734  maxlinkdim=600 maxerr=3.57E-08 time=1107.466
Not same mu, searching again
After sweep 1 energy=-4.7756726145189266  maxlinkdim=16 maxerr=4.45E-12 time=0.076
After sweep 2 energy=-8.579692854553175  maxlinkdim=21 maxerr=8.56E-11 time=0.228
After sweep 3 energy=-19.138760255956367  maxlinkdim=63 maxerr=9.89E-11 time=0.645
After sweep 4 energy=-25.93125799537988  maxlinkdim=109 maxerr=9.83E-11 time=1.294
After sweep 5 energy=-28.68251731827487  maxlinkdim=353 maxerr=9.97E-11 time=13.663
After sweep 6 energy=-32.672912606204655  maxlinkdim=600 maxerr=8.81E-10 time=75.886
After sweep 7 energy=-35.15279763765599  maxlinkdim=600 maxerr=2.51E-09 time=126.017
After sweep 8 energy=-37.33011273476316  maxlinkdim=600 maxerr=8.28E-09 time=133.868
After sweep 9 energy=-39.013447779193896  maxlinkdim=600 maxerr=3.77E-08 time=183.631
After sweep 10 energy=-40.78444960372626  maxlinkdim=600 maxerr=1.00E-07 time=178.011
After sweep 11 energy=-42.33175198998213  maxlinkdim=600 maxerr=1.53E-07 time=208.388
After sweep 12 energy=-43.775830376501766  maxlinkdim=600 maxerr=2.07E-07 time=280.409
After sweep 13 energy=-45.02550484699626  maxlinkdim=600 maxerr=1.83E-07 time=213.473
After sweep 14 energy=-46.007546641493406  maxlinkdim=600 maxerr=1.27E-07 time=517.061
After sweep 15 energy=-46.93019392156226  maxlinkdim=600 maxerr=1.34E-07 time=515.970
After sweep 16 energy=-47.659245559407736  maxlinkdim=600 maxerr=1.41E-07 time=643.053
After sweep 17 energy=-48.2211880308154  maxlinkdim=600 maxerr=1.53E-07 time=635.564
After sweep 18 energy=-48.829263387301744  maxlinkdim=600 maxerr=1.75E-07 time=857.271
After sweep 19 energy=-49.44950276204203  maxlinkdim=600 maxerr=1.40E-07 time=949.776
After sweep 20 energy=-49.91624696379971  maxlinkdim=600 maxerr=6.50E-08 time=705.958
After sweep 21 energy=-50.339203702509735  maxlinkdim=600 maxerr=3.81E-08 time=631.831
After sweep 22 energy=-50.73899525120933  maxlinkdim=600 maxerr=3.88E-08 time=620.064
After sweep 23 energy=-51.064890901158996  maxlinkdim=600 maxerr=3.16E-08 time=1097.785
After sweep 24 energy=-51.35972664515127  maxlinkdim=600 maxerr=3.48E-08 time=1052.022
After sweep 25 energy=-51.65405824253271  maxlinkdim=600 maxerr=4.07E-08 time=1200.664
After sweep 26 energy=-51.93941288897719  maxlinkdim=600 maxerr=4.82E-08 time=980.886
After sweep 27 energy=-52.21282771533233  maxlinkdim=600 maxerr=5.34E-08 time=1002.345
After sweep 28 energy=-52.48680060390354  maxlinkdim=600 maxerr=5.76E-08 time=1154.126
After sweep 29 energy=-52.7713767325719  maxlinkdim=600 maxerr=6.11E-08 time=1365.087
After sweep 30 energy=-53.09757090507965  maxlinkdim=600 maxerr=8.32E-08 time=1209.713
n0: 0.5936503325993174; n1: 0.58554386133869; mu0: 0.0; mu1: 0.01
n_target > n1 and n_target > n0 triggered
After sweep 1 energy=-5.391343769304908  maxlinkdim=14 maxerr=7.13E-11 time=0.090
After sweep 2 energy=-13.292887749620569  maxlinkdim=23 maxerr=8.60E-11 time=0.246
After sweep 3 energy=-19.11866507124454  maxlinkdim=49 maxerr=9.83E-11 time=0.633
After sweep 4 energy=-26.093128594293713  maxlinkdim=86 maxerr=9.98E-11 time=1.180
After sweep 5 energy=-30.087288709167655  maxlinkdim=297 maxerr=9.97E-11 time=8.499
After sweep 6 energy=-31.9405924780848  maxlinkdim=600 maxerr=1.48E-10 time=39.581
After sweep 7 energy=-35.608444600439725  maxlinkdim=600 maxerr=5.99E-09 time=93.402
After sweep 8 energy=-37.7482889779756  maxlinkdim=600 maxerr=6.80E-09 time=177.951
After sweep 9 energy=-39.546915696033025  maxlinkdim=600 maxerr=2.87E-08 time=198.331
After sweep 10 energy=-41.01977408000486  maxlinkdim=600 maxerr=5.79E-08 time=242.118
After sweep 11 energy=-42.52028516822313  maxlinkdim=600 maxerr=1.30E-07 time=299.744
After sweep 12 energy=-43.91305753604819  maxlinkdim=600 maxerr=1.56E-07 time=274.948
After sweep 13 energy=-44.98765246696368  maxlinkdim=600 maxerr=1.36E-07 time=465.629
After sweep 14 energy=-45.851226325353025  maxlinkdim=600 maxerr=1.41E-07 time=512.190
After sweep 15 energy=-47.0280125175074  maxlinkdim=600 maxerr=2.43E-07 time=689.613
After sweep 16 energy=-47.91451591310832  maxlinkdim=600 maxerr=1.99E-07 time=940.470
After sweep 17 energy=-48.48750890717306  maxlinkdim=600 maxerr=1.41E-07 time=739.076
After sweep 18 energy=-48.994426628136004  maxlinkdim=600 maxerr=1.50E-07 time=614.514
After sweep 19 energy=-49.41873594661277  maxlinkdim=600 maxerr=1.37E-07 time=838.132
After sweep 20 energy=-49.94045059676952  maxlinkdim=600 maxerr=1.63E-07 time=1132.833
After sweep 21 energy=-50.58337277479808  maxlinkdim=600 maxerr=1.46E-07 time=1059.336
After sweep 22 energy=-51.03063339110529  maxlinkdim=600 maxerr=6.10E-08 time=1071.760
After sweep 23 energy=-51.367225908247825  maxlinkdim=600 maxerr=3.44E-08 time=1354.763
After sweep 24 energy=-51.667490776500166  maxlinkdim=600 maxerr=3.16E-08 time=1363.223
After sweep 25 energy=-51.95605990925356  maxlinkdim=600 maxerr=3.57E-08 time=1280.594
After sweep 26 energy=-52.22678241540907  maxlinkdim=600 maxerr=4.23E-08 time=958.344
After sweep 27 energy=-52.485949963783796  maxlinkdim=600 maxerr=4.88E-08 time=1261.425
After sweep 28 energy=-52.74174707806656  maxlinkdim=600 maxerr=5.31E-08 time=1476.187
After sweep 29 energy=-53.014752967428635  maxlinkdim=600 maxerr=5.82E-08 time=1148.465
After sweep 30 energy=-53.27888791342189  maxlinkdim=600 maxerr=5.19E-08 time=1119.615
n0: 0.58554386133869; n1: 0.5925406892787691; mu0: 0.01; mu1: 0.02
n_target > n1 and n_target > n0 triggered
After sweep 1 energy=-6.011240673192865  maxlinkdim=14 maxerr=8.40E-11 time=0.081
After sweep 2 energy=-13.55539044005154  maxlinkdim=23 maxerr=8.29E-11 time=0.270
After sweep 3 energy=-18.176065836209496  maxlinkdim=45 maxerr=9.96E-11 time=0.655
After sweep 4 energy=-23.035503451743292  maxlinkdim=93 maxerr=9.94E-11 time=1.205
After sweep 5 energy=-27.63664886131567  maxlinkdim=332 maxerr=9.99E-11 time=12.735
After sweep 6 energy=-31.283565931115596  maxlinkdim=600 maxerr=1.14E-09 time=98.613
After sweep 7 energy=-34.76556743708837  maxlinkdim=600 maxerr=9.74E-09 time=198.269
After sweep 8 energy=-37.56138895581332  maxlinkdim=600 maxerr=1.56E-08 time=216.934
After sweep 9 energy=-38.68376181397597  maxlinkdim=600 maxerr=9.72E-09 time=194.760
After sweep 10 energy=-40.47772269654028  maxlinkdim=600 maxerr=3.06E-08 time=189.119
After sweep 11 energy=-41.55255236864243  maxlinkdim=600 maxerr=1.80E-08 time=244.677
After sweep 12 energy=-42.564506860841945  maxlinkdim=600 maxerr=2.80E-08 time=362.287
After sweep 13 energy=-43.66709788238695  maxlinkdim=600 maxerr=4.61E-08 time=312.006
After sweep 14 energy=-44.72492627360097  maxlinkdim=600 maxerr=1.09E-07 time=470.439
After sweep 15 energy=-45.868527956608496  maxlinkdim=600 maxerr=1.50E-07 time=768.407
After sweep 16 energy=-46.77614671936987  maxlinkdim=600 maxerr=1.10E-07 time=422.252
After sweep 17 energy=-47.44662072343636  maxlinkdim=600 maxerr=9.59E-08 time=552.435
After sweep 18 energy=-48.221308336341245  maxlinkdim=600 maxerr=1.84E-07 time=912.504
After sweep 19 energy=-48.87426834337753  maxlinkdim=600 maxerr=1.76E-07 time=1010.881
After sweep 20 energy=-49.40395538625654  maxlinkdim=600 maxerr=1.22E-07 time=530.439
After sweep 21 energy=-49.892452681976316  maxlinkdim=600 maxerr=8.54E-08 time=850.843
After sweep 22 energy=-50.31435036854539  maxlinkdim=600 maxerr=5.84E-08 time=920.096
After sweep 23 energy=-50.66468432334629  maxlinkdim=600 maxerr=4.06E-08 time=1019.832
After sweep 24 energy=-51.00910070161701  maxlinkdim=600 maxerr=3.45E-08 time=1113.847
After sweep 25 energy=-51.336808201170115  maxlinkdim=600 maxerr=3.30E-08 time=979.905
After sweep 26 energy=-51.647417185911685  maxlinkdim=600 maxerr=2.98E-08 time=1005.905
After sweep 27 energy=-51.92377489420843  maxlinkdim=600 maxerr=3.79E-08 time=931.570
After sweep 28 energy=-52.18647441274238  maxlinkdim=600 maxerr=3.49E-08 time=1036.377
After sweep 29 energy=-52.459247995810905  maxlinkdim=600 maxerr=4.10E-08 time=879.543
After sweep 30 energy=-52.72702479863753  maxlinkdim=600 maxerr=4.70E-08 time=989.811
n0: 0.5925406892787691; n1: 0.594543662952828; mu0: 0.02; mu1: 0.03
n_target > n1 and n_target > n0 triggered
After sweep 1 energy=-6.630993186055539  maxlinkdim=14 maxerr=9.63E-11 time=0.079
After sweep 2 energy=-14.20661866462429  maxlinkdim=23 maxerr=7.70E-11 time=0.287
After sweep 3 energy=-21.304375416407186  maxlinkdim=48 maxerr=9.95E-11 time=0.700
After sweep 4 energy=-26.762993666053763  maxlinkdim=126 maxerr=9.99E-11 time=1.278
After sweep 5 energy=-30.862380444125357  maxlinkdim=450 maxerr=9.98E-11 time=12.398
After sweep 6 energy=-33.54216005379642  maxlinkdim=600 maxerr=1.32E-09 time=91.160
After sweep 7 energy=-36.397930695206064  maxlinkdim=600 maxerr=1.19E-08 time=179.940
After sweep 8 energy=-38.639686994116474  maxlinkdim=600 maxerr=1.35E-08 time=224.009
After sweep 9 energy=-40.1200861051271  maxlinkdim=600 maxerr=4.09E-08 time=200.569
After sweep 10 energy=-41.73605675773187  maxlinkdim=600 maxerr=9.31E-08 time=244.149
After sweep 11 energy=-42.847557321285635  maxlinkdim=600 maxerr=1.87E-07 time=321.826
After sweep 12 energy=-44.43162775896874  maxlinkdim=600 maxerr=3.49E-07 time=342.088
After sweep 13 energy=-45.359915370078475  maxlinkdim=600 maxerr=1.98E-07 time=327.905
After sweep 14 energy=-46.25758875633922  maxlinkdim=600 maxerr=2.39E-07 time=741.128
After sweep 15 energy=-47.06100717227965  maxlinkdim=600 maxerr=2.46E-07 time=397.412
After sweep 16 energy=-47.88366901951107  maxlinkdim=600 maxerr=2.87E-07 time=554.923
After sweep 17 energy=-48.67865939910767  maxlinkdim=600 maxerr=2.83E-07 time=664.275
After sweep 18 energy=-49.32454780401376  maxlinkdim=600 maxerr=2.18E-07 time=651.670
After sweep 19 energy=-49.84621112726368  maxlinkdim=600 maxerr=1.41E-07 time=783.338
After sweep 20 energy=-50.30187115890797  maxlinkdim=600 maxerr=1.23E-07 time=1014.466
After sweep 21 energy=-50.77658097342344  maxlinkdim=600 maxerr=1.19E-07 time=1106.760
After sweep 22 energy=-51.213334417656625  maxlinkdim=600 maxerr=9.98E-08 time=1300.864
After sweep 23 energy=-51.615529793452346  maxlinkdim=600 maxerr=7.32E-08 time=1078.150
After sweep 24 energy=-51.9830341183475  maxlinkdim=600 maxerr=5.68E-08 time=1294.813
After sweep 25 energy=-52.291635674651864  maxlinkdim=600 maxerr=4.58E-08 time=668.152
After sweep 26 energy=-52.5719414716755  maxlinkdim=600 maxerr=4.28E-08 time=711.103
After sweep 27 energy=-52.85651912021994  maxlinkdim=600 maxerr=4.65E-08 time=985.619
After sweep 28 energy=-53.145049912534944  maxlinkdim=600 maxerr=4.94E-08 time=911.953
After sweep 29 energy=-53.40524128920766  maxlinkdim=600 maxerr=5.11E-08 time=1089.644
After sweep 30 energy=-53.65848294651994  maxlinkdim=600 maxerr=5.51E-08 time=1058.258
n0: 0.594543662952828; n1: 0.5935505022861836; mu0: 0.03; mu1: 0.04
n_target > n1 and n_target > n0 triggered
After sweep 1 energy=-7.247783158759155  maxlinkdim=14 maxerr=2.05E-11 time=0.090
After sweep 2 energy=-14.897181440646026  maxlinkdim=23 maxerr=9.36E-11 time=0.270
After sweep 3 energy=-19.566246474466986  maxlinkdim=52 maxerr=9.97E-11 time=0.681
After sweep 4 energy=-27.603864861043956  maxlinkdim=122 maxerr=9.97E-11 time=1.313
After sweep 5 energy=-31.37474118969475  maxlinkdim=371 maxerr=9.99E-11 time=12.229
After sweep 6 energy=-34.41311125192633  maxlinkdim=600 maxerr=1.36E-09 time=52.494
After sweep 7 energy=-36.6676177596478  maxlinkdim=600 maxerr=5.04E-09 time=88.809
After sweep 8 energy=-38.79529909658905  maxlinkdim=600 maxerr=2.03E-08 time=157.467
After sweep 9 energy=-41.156324681274945  maxlinkdim=600 maxerr=1.89E-08 time=136.104
After sweep 10 energy=-42.26071176033646  maxlinkdim=600 maxerr=3.66E-08 time=127.885
After sweep 11 energy=-43.73115671181905  maxlinkdim=600 maxerr=8.77E-08 time=242.612
After sweep 12 energy=-44.727815567826255  maxlinkdim=600 maxerr=6.08E-08 time=239.175
After sweep 13 energy=-45.571380628733756  maxlinkdim=600 maxerr=1.20E-07 time=210.035
After sweep 14 energy=-46.37747698802113  maxlinkdim=600 maxerr=1.41E-07 time=514.215
After sweep 15 energy=-47.26761379042447  maxlinkdim=600 maxerr=1.39E-07 time=425.446
After sweep 16 energy=-48.01526743528606  maxlinkdim=600 maxerr=1.43E-07 time=666.979
After sweep 17 energy=-48.665109206321844  maxlinkdim=600 maxerr=1.48E-07 time=875.207
After sweep 18 energy=-49.258940595101436  maxlinkdim=600 maxerr=1.43E-07 time=547.593
After sweep 19 energy=-49.801896496379264  maxlinkdim=600 maxerr=1.42E-07 time=835.441
