Starting fresh run
Running with t_p=0.05 U=-4.0 L=100 chi_max=300 E_p=1.476 mu_init=-2.65
After sweep 1 energy=-5.045025  maxlinkdim=16 maxerr=1.59E-07 time=18.181
After sweep 2 energy=-6.142339  maxlinkdim=163 maxerr=8.97E-09 time=1.287
After sweep 3 energy=-6.3169365  maxlinkdim=202 maxerr=1.05E-07 time=2.195
After sweep 4 energy=-6.4272213  maxlinkdim=226 maxerr=5.76E-08 time=1.911
After sweep 5 energy=-6.5030613  maxlinkdim=213 maxerr=1.54E-09 time=1.745
After sweep 6 energy=-6.553826  maxlinkdim=193 maxerr=1.32E-07 time=1.658
After sweep 7 energy=-6.590336  maxlinkdim=185 maxerr=7.32E-10 time=1.563
After sweep 8 energy=-6.6153364  maxlinkdim=159 maxerr=4.35E-08 time=1.485
After sweep 9 energy=-6.632646  maxlinkdim=192 maxerr=1.26E-09 time=1.492
After sweep 10 energy=-6.6438093  maxlinkdim=157 maxerr=1.85E-08 time=1.478
After sweep 11 energy=-6.650893  maxlinkdim=143 maxerr=1.26E-07 time=1.461
After sweep 12 energy=-6.6556134  maxlinkdim=166 maxerr=9.41E-10 time=1.499
After sweep 13 energy=-6.658463  maxlinkdim=154 maxerr=4.13E-07 time=1.492
After sweep 14 energy=-6.6600165  maxlinkdim=164 maxerr=9.51E-10 time=1.511
After sweep 15 energy=-6.660891  maxlinkdim=165 maxerr=9.99E-11 time=1.552
After sweep 16 energy=-6.6612577  maxlinkdim=158 maxerr=7.36E-08 time=1.541
After sweep 17 energy=-6.661389  maxlinkdim=158 maxerr=1.02E-07 time=1.576
After sweep 18 energy=-6.6614075  maxlinkdim=158 maxerr=3.22E-08 time=1.648
After sweep 19 energy=-6.6614566  maxlinkdim=156 maxerr=2.01E-09 time=1.651
After sweep 20 energy=-6.6614723  maxlinkdim=156 maxerr=1.00E-10 time=1.659
After sweep 21 energy=-6.6614814  maxlinkdim=157 maxerr=2.78E-08 time=1.690
After sweep 22 energy=-6.661462  maxlinkdim=156 maxerr=9.69E-10 time=1.644
After sweep 23 energy=-6.661426  maxlinkdim=156 maxerr=1.34E-09 time=1.685
After sweep 24 energy=-6.6614385  maxlinkdim=155 maxerr=3.20E-07 time=1.644
After sweep 25 energy=-6.6614656  maxlinkdim=155 maxerr=4.70E-09 time=1.645
After sweep 26 energy=-6.6614237  maxlinkdim=155 maxerr=7.55E-08 time=1.680
After sweep 27 energy=-6.661483  maxlinkdim=155 maxerr=5.89E-08 time=1.647
After sweep 28 energy=-6.6614447  maxlinkdim=156 maxerr=2.94E-08 time=1.645
After sweep 29 energy=-6.6614475  maxlinkdim=155 maxerr=9.02E-08 time=1.680
After sweep 30 energy=-6.661418  maxlinkdim=157 maxerr=2.75E-09 time=1.647
Not same mu, searching again
After sweep 1 energy=-4.55094  maxlinkdim=16 maxerr=3.11E-07 time=0.560
After sweep 2 energy=-5.665093  maxlinkdim=172 maxerr=1.33E-08 time=1.184
After sweep 3 energy=-5.84051  maxlinkdim=221 maxerr=1.28E-09 time=1.714
After sweep 4 energy=-5.9485245  maxlinkdim=237 maxerr=1.06E-09 time=1.764
After sweep 5 energy=-6.0202837  maxlinkdim=200 maxerr=1.34E-07 time=1.729
After sweep 6 energy=-6.0691833  maxlinkdim=191 maxerr=1.33E-07 time=1.625
After sweep 7 energy=-6.1024346  maxlinkdim=162 maxerr=2.56E-07 time=1.525
After sweep 8 energy=-6.125355  maxlinkdim=145 maxerr=6.04E-10 time=1.515
After sweep 9 energy=-6.140598  maxlinkdim=140 maxerr=1.49E-07 time=1.449
After sweep 10 energy=-6.1511006  maxlinkdim=193 maxerr=1.49E-07 time=1.452
After sweep 11 energy=-6.158332  maxlinkdim=185 maxerr=2.29E-07 time=1.480
After sweep 12 energy=-6.162656  maxlinkdim=165 maxerr=1.73E-07 time=1.482
After sweep 13 energy=-6.1647773  maxlinkdim=160 maxerr=8.60E-10 time=1.491
After sweep 14 energy=-6.1659513  maxlinkdim=156 maxerr=1.23E-07 time=1.540
After sweep 15 energy=-6.1665354  maxlinkdim=157 maxerr=1.00E-10 time=1.535
After sweep 16 energy=-6.1667933  maxlinkdim=156 maxerr=2.00E-07 time=1.572
After sweep 17 energy=-6.1668453  maxlinkdim=156 maxerr=1.13E-07 time=1.600
After sweep 18 energy=-6.1668777  maxlinkdim=155 maxerr=2.22E-07 time=1.616
After sweep 19 energy=-6.1668396  maxlinkdim=150 maxerr=2.57E-07 time=1.619
After sweep 20 energy=-6.1668377  maxlinkdim=150 maxerr=9.06E-08 time=1.651
After sweep 21 energy=-6.166832  maxlinkdim=151 maxerr=9.65E-10 time=1.610
After sweep 22 energy=-6.166854  maxlinkdim=151 maxerr=2.72E-08 time=1.610
After sweep 23 energy=-6.166858  maxlinkdim=150 maxerr=9.98E-11 time=1.610
After sweep 24 energy=-6.1668863  maxlinkdim=152 maxerr=3.60E-08 time=1.612
After sweep 25 energy=-6.166878  maxlinkdim=154 maxerr=8.64E-10 time=1.651
After sweep 26 energy=-6.1668587  maxlinkdim=150 maxerr=1.42E-09 time=1.609
After sweep 27 energy=-6.16684  maxlinkdim=153 maxerr=1.89E-10 time=1.607
After sweep 28 energy=-6.1668677  maxlinkdim=150 maxerr=6.25E-09 time=1.605
After sweep 29 energy=-6.166872  maxlinkdim=151 maxerr=3.61E-07 time=1.606
After sweep 30 energy=-6.1668763  maxlinkdim=152 maxerr=1.98E-08 time=1.607
n0: 0.48825794; n1: 0.50084347; mu0: -2.6599999999999997; mu1: -2.65

Range found between mu0: -2.6599999999999997 (n0: 0.48825794) and mu1: -2.65 (n1: 0.50084347); refining...
n0: 0.48825794; n1: 0.50084347; mu0: -2.6599999999999997; mu1: -2.65
Trying secant step...
After sweep 1 energy=-5.001491  maxlinkdim=16 maxerr=2.44E-07 time=0.574
After sweep 2 energy=-6.0965433  maxlinkdim=169 maxerr=5.90E-08 time=1.195
After sweep 3 energy=-6.278535  maxlinkdim=190 maxerr=2.15E-09 time=1.691
After sweep 4 energy=-6.3929267  maxlinkdim=216 maxerr=3.09E-08 time=1.781
After sweep 5 energy=-6.4659653  maxlinkdim=197 maxerr=3.60E-08 time=1.712
After sweep 6 energy=-6.5180707  maxlinkdim=184 maxerr=6.25E-10 time=1.618
After sweep 7 energy=-6.5554028  maxlinkdim=171 maxerr=3.58E-08 time=1.547
After sweep 8 energy=-6.5812116  maxlinkdim=189 maxerr=1.82E-09 time=1.558
After sweep 9 energy=-6.598925  maxlinkdim=196 maxerr=3.47E-08 time=1.540
After sweep 10 energy=-6.610146  maxlinkdim=188 maxerr=5.58E-10 time=1.516
After sweep 11 energy=-6.6179647  maxlinkdim=182 maxerr=2.94E-07 time=1.510
After sweep 12 energy=-6.6224613  maxlinkdim=178 maxerr=2.56E-07 time=1.504
After sweep 13 energy=-6.625175  maxlinkdim=171 maxerr=1.73E-10 time=1.518
After sweep 14 energy=-6.6267357  maxlinkdim=169 maxerr=1.47E-08 time=1.553
After sweep 15 energy=-6.6275477  maxlinkdim=160 maxerr=4.17E-10 time=1.576
After sweep 16 energy=-6.6277885  maxlinkdim=157 maxerr=1.43E-07 time=1.586
After sweep 17 energy=-6.627883  maxlinkdim=163 maxerr=2.47E-07 time=1.626
After sweep 18 energy=-6.6279354  maxlinkdim=159 maxerr=1.05E-09 time=1.690
After sweep 19 energy=-6.6279235  maxlinkdim=157 maxerr=1.31E-09 time=1.658
After sweep 20 energy=-6.627903  maxlinkdim=154 maxerr=2.62E-09 time=1.654
After sweep 21 energy=-6.6279426  maxlinkdim=156 maxerr=1.43E-07 time=1.650
After sweep 22 energy=-6.627932  maxlinkdim=155 maxerr=9.67E-08 time=1.653
After sweep 23 energy=-6.627927  maxlinkdim=159 maxerr=1.08E-07 time=1.649
After sweep 24 energy=-6.6278963  maxlinkdim=154 maxerr=6.55E-10 time=1.644
After sweep 25 energy=-6.627889  maxlinkdim=154 maxerr=7.75E-10 time=1.642
After sweep 26 energy=-6.627899  maxlinkdim=154 maxerr=1.18E-07 time=1.689
After sweep 27 energy=-6.627904  maxlinkdim=156 maxerr=1.27E-07 time=1.658
After sweep 28 energy=-6.6279116  maxlinkdim=156 maxerr=6.13E-08 time=1.653
After sweep 29 energy=-6.6278944  maxlinkdim=153 maxerr=5.15E-10 time=1.648
After sweep 30 energy=-6.6279173  maxlinkdim=159 maxerr=4.62E-08 time=1.649
n0: 0.50001603; n1: 0.50084347; mu0: -2.6506701870708027; mu1: -2.65
Trying secant step...
After sweep 1 energy=-5.002203  maxlinkdim=16 maxerr=2.73E-07 time=0.577
After sweep 2 energy=-6.1108766  maxlinkdim=166 maxerr=1.61E-08 time=1.177
After sweep 3 energy=-6.290916  maxlinkdim=202 maxerr=5.45E-08 time=1.677
After sweep 4 energy=-6.3961506  maxlinkdim=224 maxerr=1.44E-07 time=1.728
After sweep 5 energy=-6.4695063  maxlinkdim=207 maxerr=1.32E-08 time=1.695
After sweep 6 energy=-6.5211716  maxlinkdim=193 maxerr=6.06E-08 time=1.615
After sweep 7 energy=-6.557889  maxlinkdim=178 maxerr=6.84E-08 time=1.534
After sweep 8 energy=-6.5822706  maxlinkdim=149 maxerr=2.16E-07 time=1.491
After sweep 9 energy=-6.598718  maxlinkdim=155 maxerr=1.01E-09 time=1.472
After sweep 10 energy=-6.6101365  maxlinkdim=192 maxerr=5.62E-10 time=1.496
After sweep 11 energy=-6.617752  maxlinkdim=160 maxerr=1.13E-07 time=1.508
After sweep 12 energy=-6.6222405  maxlinkdim=189 maxerr=7.98E-08 time=1.523
After sweep 13 energy=-6.6246915  maxlinkdim=161 maxerr=1.03E-07 time=1.486
After sweep 14 energy=-6.6260815  maxlinkdim=155 maxerr=6.60E-10 time=1.506
After sweep 15 energy=-6.6267943  maxlinkdim=171 maxerr=8.13E-10 time=1.543
After sweep 16 energy=-6.6271095  maxlinkdim=158 maxerr=1.36E-08 time=1.566
After sweep 17 energy=-6.6272078  maxlinkdim=164 maxerr=2.03E-07 time=1.618
After sweep 18 energy=-6.627265  maxlinkdim=158 maxerr=2.18E-07 time=1.642
After sweep 19 energy=-6.6272593  maxlinkdim=154 maxerr=1.88E-07 time=1.655
After sweep 20 energy=-6.6272593  maxlinkdim=155 maxerr=2.76E-08 time=1.652
After sweep 21 energy=-6.627263  maxlinkdim=155 maxerr=9.99E-11 time=1.649
After sweep 22 energy=-6.6272554  maxlinkdim=155 maxerr=7.07E-10 time=1.648
After sweep 23 energy=-6.6273127  maxlinkdim=157 maxerr=2.38E-09 time=1.704
After sweep 24 energy=-6.62725  maxlinkdim=154 maxerr=6.48E-08 time=1.653
After sweep 25 energy=-6.627263  maxlinkdim=156 maxerr=8.59E-10 time=1.650
After sweep 26 energy=-6.6272554  maxlinkdim=154 maxerr=1.54E-07 time=1.646
After sweep 27 energy=-6.627288  maxlinkdim=156 maxerr=1.49E-07 time=1.653
After sweep 28 energy=-6.6272755  maxlinkdim=154 maxerr=2.01E-07 time=1.648
After sweep 29 energy=-6.627252  maxlinkdim=155 maxerr=1.69E-07 time=1.663
After sweep 30 energy=-6.6272655  maxlinkdim=156 maxerr=2.32E-08 time=1.656
FOUND MU (secant); mu: -2.6506831736953558  n: 0.4999987
Target density achieved with mu=-2.6506831736953558, n=0.4999987
Checking {alpha,beta} vs measured
Alpha not converged.
NOT CONVERGED; updating alpha, beta and continuing...
After sweep 1 energy=-4.754111  maxlinkdim=16 maxerr=2.88E-07 time=0.561
After sweep 2 energy=-5.7955623  maxlinkdim=185 maxerr=8.24E-09 time=1.265
After sweep 3 energy=-5.883265  maxlinkdim=191 maxerr=6.17E-08 time=2.112
After sweep 4 energy=-5.937677  maxlinkdim=216 maxerr=1.16E-07 time=2.083
After sweep 5 energy=-5.972712  maxlinkdim=198 maxerr=2.72E-09 time=2.034
After sweep 6 energy=-6.002286  maxlinkdim=261 maxerr=2.30E-09 time=1.998
After sweep 7 energy=-6.022825  maxlinkdim=213 maxerr=1.38E-08 time=1.953
After sweep 8 energy=-6.0385866  maxlinkdim=203 maxerr=5.07E-09 time=1.890
After sweep 9 energy=-6.0506597  maxlinkdim=266 maxerr=2.25E-09 time=1.833
After sweep 10 energy=-6.0599604  maxlinkdim=232 maxerr=1.78E-09 time=1.877
After sweep 11 energy=-6.0676064  maxlinkdim=219 maxerr=1.59E-09 time=1.947
After sweep 12 energy=-6.0725646  maxlinkdim=207 maxerr=1.65E-09 time=1.916
After sweep 13 energy=-6.076378  maxlinkdim=281 maxerr=3.95E-10 time=1.936
After sweep 14 energy=-6.0793953  maxlinkdim=220 maxerr=1.49E-09 time=1.974
After sweep 15 energy=-6.0818796  maxlinkdim=252 maxerr=1.68E-09 time=2.223
After sweep 16 energy=-6.0828695  maxlinkdim=263 maxerr=3.57E-08 time=2.260
After sweep 17 energy=-6.0832415  maxlinkdim=220 maxerr=3.92E-08 time=2.234
After sweep 18 energy=-6.0833883  maxlinkdim=243 maxerr=1.16E-07 time=2.264
After sweep 19 energy=-6.0834703  maxlinkdim=238 maxerr=6.80E-10 time=2.371
After sweep 20 energy=-6.083477  maxlinkdim=226 maxerr=1.51E-10 time=2.627
After sweep 21 energy=-6.0835  maxlinkdim=223 maxerr=1.57E-09 time=2.801
After sweep 22 energy=-6.083505  maxlinkdim=222 maxerr=1.32E-07 time=2.909
After sweep 23 energy=-6.083479  maxlinkdim=215 maxerr=1.35E-07 time=2.870
After sweep 24 energy=-6.0834603  maxlinkdim=216 maxerr=1.50E-07 time=2.845
After sweep 25 energy=-6.0835123  maxlinkdim=221 maxerr=3.32E-07 time=2.863
After sweep 26 energy=-6.083498  maxlinkdim=219 maxerr=1.44E-07 time=2.868
After sweep 27 energy=-6.083486  maxlinkdim=218 maxerr=1.47E-09 time=2.875
After sweep 28 energy=-6.0834975  maxlinkdim=217 maxerr=8.58E-08 time=2.915
After sweep 29 energy=-6.0834575  maxlinkdim=215 maxerr=3.97E-08 time=2.872
After sweep 30 energy=-6.0834956  maxlinkdim=216 maxerr=5.21E-08 time=2.863
Not same mu, searching again
After sweep 1 energy=-5.245536  maxlinkdim=16 maxerr=2.47E-07 time=0.562
After sweep 2 energy=-6.2836895  maxlinkdim=177 maxerr=1.48E-08 time=1.249
After sweep 3 energy=-6.3751273  maxlinkdim=197 maxerr=2.97E-09 time=2.066
After sweep 4 energy=-6.4304156  maxlinkdim=229 maxerr=2.88E-10 time=2.112
After sweep 5 energy=-6.4665813  maxlinkdim=209 maxerr=5.43E-08 time=1.964
After sweep 6 energy=-6.495264  maxlinkdim=279 maxerr=1.46E-09 time=1.891
After sweep 7 energy=-6.519039  maxlinkdim=227 maxerr=1.24E-09 time=1.927
After sweep 8 energy=-6.5357966  maxlinkdim=197 maxerr=3.03E-08 time=1.859
After sweep 9 energy=-6.5494585  maxlinkdim=263 maxerr=1.82E-07 time=1.844
After sweep 10 energy=-6.5612803  maxlinkdim=275 maxerr=1.41E-07 time=1.939
After sweep 11 energy=-6.5700946  maxlinkdim=232 maxerr=1.72E-07 time=1.966
After sweep 12 energy=-6.5758  maxlinkdim=192 maxerr=8.94E-10 time=1.894
After sweep 13 energy=-6.5801296  maxlinkdim=247 maxerr=7.17E-08 time=1.900
After sweep 14 energy=-6.58353  maxlinkdim=266 maxerr=1.81E-07 time=2.006
After sweep 15 energy=-6.5865664  maxlinkdim=237 maxerr=6.93E-10 time=2.101
After sweep 16 energy=-6.58805  maxlinkdim=244 maxerr=6.88E-08 time=2.173
After sweep 17 energy=-6.5887966  maxlinkdim=223 maxerr=1.15E-09 time=2.202
After sweep 18 energy=-6.589147  maxlinkdim=220 maxerr=2.98E-09 time=2.280
After sweep 19 energy=-6.589348  maxlinkdim=215 maxerr=1.38E-09 time=2.356
After sweep 20 energy=-6.5894146  maxlinkdim=229 maxerr=1.05E-09 time=2.462
After sweep 21 energy=-6.58942  maxlinkdim=228 maxerr=5.44E-10 time=2.667
After sweep 22 energy=-6.5894303  maxlinkdim=232 maxerr=6.14E-08 time=2.871
After sweep 23 energy=-6.5893674  maxlinkdim=228 maxerr=1.53E-09 time=2.946
After sweep 24 energy=-6.589422  maxlinkdim=223 maxerr=9.76E-10 time=2.986
After sweep 25 energy=-6.589415  maxlinkdim=222 maxerr=4.91E-08 time=2.950
After sweep 26 energy=-6.5894184  maxlinkdim=227 maxerr=1.77E-09 time=2.944
After sweep 27 energy=-6.5894084  maxlinkdim=224 maxerr=1.73E-07 time=2.963
After sweep 28 energy=-6.5894117  maxlinkdim=223 maxerr=4.30E-08 time=2.969
After sweep 29 energy=-6.589426  maxlinkdim=224 maxerr=1.26E-07 time=3.021
After sweep 30 energy=-6.5894127  maxlinkdim=223 maxerr=3.22E-08 time=4.594
n0: 0.4997232; n1: 0.5120863; mu0: -2.6506831736953558; mu1: -2.640683173695356

Range found between mu0: -2.6506831736953558 (n0: 0.4997232) and mu1: -2.640683173695356 (n1: 0.5120863); refining...
n0: 0.4997232; n1: 0.5120863; mu0: -2.6506831736953558; mu1: -2.640683173695356
Trying secant step...
After sweep 1 energy=-4.744483  maxlinkdim=16 maxerr=2.13E-07 time=0.594
After sweep 2 energy=-5.797393  maxlinkdim=181 maxerr=3.11E-08 time=1.208
After sweep 3 energy=-5.8887935  maxlinkdim=203 maxerr=1.73E-07 time=2.104
After sweep 4 energy=-5.9451537  maxlinkdim=260 maxerr=2.96E-09 time=2.126
After sweep 5 energy=-5.9806266  maxlinkdim=209 maxerr=1.62E-07 time=2.067
After sweep 6 energy=-6.0084114  maxlinkdim=258 maxerr=7.40E-08 time=1.907
After sweep 7 energy=-6.0304985  maxlinkdim=235 maxerr=6.76E-08 time=1.910
After sweep 8 energy=-6.0463967  maxlinkdim=169 maxerr=4.25E-09 time=1.826
After sweep 9 energy=-6.059588  maxlinkdim=210 maxerr=1.60E-08 time=1.768
After sweep 10 energy=-6.070421  maxlinkdim=231 maxerr=6.38E-08 time=1.872
After sweep 11 energy=-6.0783176  maxlinkdim=200 maxerr=1.42E-08 time=1.920
After sweep 12 energy=-6.083827  maxlinkdim=214 maxerr=1.16E-07 time=1.947
After sweep 13 energy=-6.087602  maxlinkdim=272 maxerr=4.34E-08 time=2.006
After sweep 14 energy=-6.0901494  maxlinkdim=199 maxerr=1.04E-09 time=2.004
After sweep 15 energy=-6.091946  maxlinkdim=209 maxerr=1.60E-07 time=2.012
After sweep 16 energy=-6.0930967  maxlinkdim=200 maxerr=1.26E-09 time=2.039
After sweep 17 energy=-6.093877  maxlinkdim=215 maxerr=7.97E-08 time=2.090
After sweep 18 energy=-6.094407  maxlinkdim=219 maxerr=5.46E-08 time=2.245
After sweep 19 energy=-6.0946136  maxlinkdim=203 maxerr=6.86E-10 time=2.322
After sweep 20 energy=-6.0946283  maxlinkdim=213 maxerr=1.00E-10 time=2.419
After sweep 21 energy=-6.094682  maxlinkdim=222 maxerr=6.16E-08 time=2.573
After sweep 22 energy=-6.0946817  maxlinkdim=224 maxerr=1.00E-10 time=2.753
After sweep 23 energy=-6.094685  maxlinkdim=221 maxerr=1.06E-07 time=2.863
After sweep 24 energy=-6.0946627  maxlinkdim=215 maxerr=1.03E-09 time=2.861
After sweep 25 energy=-6.0946884  maxlinkdim=221 maxerr=1.00E-10 time=2.865
After sweep 26 energy=-6.0946493  maxlinkdim=228 maxerr=2.21E-09 time=2.888
After sweep 27 energy=-6.0946856  maxlinkdim=220 maxerr=1.00E-10 time=2.873
After sweep 28 energy=-6.0946617  maxlinkdim=216 maxerr=1.86E-09 time=2.867
After sweep 29 energy=-6.094702  maxlinkdim=217 maxerr=2.43E-08 time=2.878
After sweep 30 energy=-6.094667  maxlinkdim=216 maxerr=9.99E-11 time=2.862
FOUND MU (secant); mu: -2.6504592779871725  n: 0.50000185
Target density achieved with mu=-2.6504592779871725, n=0.50000185
Checking {alpha,beta} vs measured
Alpha not converged.
NOT CONVERGED; updating alpha, beta and continuing...
After sweep 1 energy=-4.729099  maxlinkdim=16 maxerr=3.00E-07 time=0.603
After sweep 2 energy=-5.78623  maxlinkdim=168 maxerr=1.25E-08 time=1.210
After sweep 3 energy=-5.875996  maxlinkdim=182 maxerr=2.59E-07 time=2.061
After sweep 4 energy=-5.9292755  maxlinkdim=230 maxerr=1.39E-09 time=2.037
After sweep 5 energy=-5.9624662  maxlinkdim=206 maxerr=1.39E-09 time=2.013
After sweep 6 energy=-5.987449  maxlinkdim=214 maxerr=9.98E-11 time=1.935
After sweep 7 energy=-6.0085354  maxlinkdim=271 maxerr=1.82E-07 time=1.920
After sweep 8 energy=-6.022856  maxlinkdim=216 maxerr=1.60E-07 time=1.909
After sweep 9 energy=-6.0341845  maxlinkdim=206 maxerr=8.34E-09 time=1.871
After sweep 10 energy=-6.0435686  maxlinkdim=228 maxerr=1.13E-09 time=1.927
After sweep 11 energy=-6.050836  maxlinkdim=264 maxerr=1.21E-09 time=1.962
After sweep 12 energy=-6.055914  maxlinkdim=300 maxerr=3.22E-09 time=2.005
After sweep 13 energy=-6.059965  maxlinkdim=292 maxerr=1.69E-07 time=2.014
After sweep 14 energy=-6.0633836  maxlinkdim=250 maxerr=9.23E-10 time=2.111
After sweep 15 energy=-6.066067  maxlinkdim=207 maxerr=7.19E-08 time=2.209
After sweep 16 energy=-6.0671763  maxlinkdim=201 maxerr=1.01E-07 time=2.197
After sweep 17 energy=-6.0677423  maxlinkdim=232 maxerr=1.48E-07 time=2.226
After sweep 18 energy=-6.068148  maxlinkdim=243 maxerr=4.58E-08 time=2.348
After sweep 19 energy=-6.0683217  maxlinkdim=214 maxerr=1.48E-09 time=2.462
After sweep 20 energy=-6.068405  maxlinkdim=237 maxerr=8.26E-08 time=2.528
After sweep 21 energy=-6.0684204  maxlinkdim=236 maxerr=1.17E-07 time=2.727
After sweep 22 energy=-6.0683913  maxlinkdim=243 maxerr=9.65E-10 time=2.889
After sweep 23 energy=-6.068396  maxlinkdim=240 maxerr=1.92E-10 time=3.026
After sweep 24 energy=-6.0683656  maxlinkdim=241 maxerr=1.00E-10 time=3.473
After sweep 25 energy=-6.0684047  maxlinkdim=237 maxerr=1.35E-07 time=3.066
After sweep 26 energy=-6.068362  maxlinkdim=241 maxerr=9.72E-10 time=3.074
After sweep 27 energy=-6.068366  maxlinkdim=238 maxerr=6.43E-09 time=3.072
After sweep 28 energy=-6.0683746  maxlinkdim=238 maxerr=2.22E-07 time=3.076
After sweep 29 energy=-6.0684037  maxlinkdim=238 maxerr=3.76E-08 time=3.071
After sweep 30 energy=-6.0683784  maxlinkdim=241 maxerr=9.36E-08 time=3.072
Not same mu, searching again
After sweep 1 energy=-4.213455  maxlinkdim=16 maxerr=2.84E-07 time=0.573
After sweep 2 energy=-5.2915726  maxlinkdim=174 maxerr=1.73E-08 time=1.265
After sweep 3 energy=-5.3785443  maxlinkdim=190 maxerr=6.69E-08 time=2.047
After sweep 4 energy=-5.4307413  maxlinkdim=258 maxerr=2.12E-09 time=2.125
After sweep 5 energy=-5.464537  maxlinkdim=209 maxerr=4.65E-08 time=2.044
After sweep 6 energy=-5.4903603  maxlinkdim=255 maxerr=5.75E-08 time=1.935
After sweep 7 energy=-5.510354  maxlinkdim=205 maxerr=2.48E-07 time=1.900
After sweep 8 energy=-5.5259504  maxlinkdim=265 maxerr=2.90E-09 time=1.849
After sweep 9 energy=-5.5389977  maxlinkdim=292 maxerr=8.12E-09 time=1.870
After sweep 10 energy=-5.548888  maxlinkdim=262 maxerr=6.86E-08 time=1.952
After sweep 11 energy=-5.556352  maxlinkdim=197 maxerr=9.14E-10 time=1.907
After sweep 12 energy=-5.561791  maxlinkdim=270 maxerr=4.78E-10 time=1.909
After sweep 13 energy=-5.566275  maxlinkdim=278 maxerr=5.97E-09 time=2.003
After sweep 14 energy=-5.5691013  maxlinkdim=290 maxerr=3.17E-08 time=2.015
After sweep 15 energy=-5.5712237  maxlinkdim=229 maxerr=1.29E-07 time=2.078
After sweep 16 energy=-5.57305  maxlinkdim=230 maxerr=1.07E-07 time=2.215
After sweep 17 energy=-5.57378  maxlinkdim=203 maxerr=6.19E-10 time=2.236
After sweep 18 energy=-5.5741134  maxlinkdim=236 maxerr=7.27E-09 time=2.226
After sweep 19 energy=-5.5743265  maxlinkdim=210 maxerr=7.46E-10 time=2.367
After sweep 20 energy=-5.574416  maxlinkdim=229 maxerr=1.89E-07 time=2.465
After sweep 21 energy=-5.5744205  maxlinkdim=235 maxerr=2.41E-07 time=2.618
After sweep 22 energy=-5.5743933  maxlinkdim=236 maxerr=2.86E-10 time=2.756
After sweep 23 energy=-5.5743837  maxlinkdim=242 maxerr=6.82E-10 time=2.902
After sweep 24 energy=-5.574394  maxlinkdim=237 maxerr=8.83E-10 time=2.959
After sweep 25 energy=-5.5743866  maxlinkdim=233 maxerr=7.53E-08 time=2.942
After sweep 26 energy=-5.5743876  maxlinkdim=230 maxerr=5.13E-08 time=2.945
After sweep 27 energy=-5.574417  maxlinkdim=229 maxerr=6.30E-10 time=2.937
After sweep 28 energy=-5.574413  maxlinkdim=232 maxerr=4.04E-08 time=2.957
After sweep 29 energy=-5.5743685  maxlinkdim=230 maxerr=9.84E-10 time=2.939
After sweep 30 energy=-5.574438  maxlinkdim=231 maxerr=7.57E-10 time=2.955
n0: 0.48755562; n1: 0.5003596; mu0: -2.6604592779871723; mu1: -2.6504592779871725

Range found between mu0: -2.6604592779871723 (n0: 0.48755562) and mu1: -2.6504592779871725 (n1: 0.5003596); refining...
n0: 0.48755562; n1: 0.5003596; mu0: -2.6604592779871723; mu1: -2.6504592779871725
Trying secant step...
After sweep 1 energy=-4.707895  maxlinkdim=16 maxerr=2.64E-07 time=0.567
After sweep 2 energy=-5.7730675  maxlinkdim=173 maxerr=3.74E-08 time=1.297
After sweep 3 energy=-5.8627276  maxlinkdim=195 maxerr=9.37E-10 time=2.040
After sweep 4 energy=-5.91658  maxlinkdim=242 maxerr=1.19E-09 time=2.102
After sweep 5 energy=-5.948861  maxlinkdim=211 maxerr=2.46E-09 time=2.014
After sweep 6 energy=-5.976117  maxlinkdim=247 maxerr=1.13E-07 time=1.929
After sweep 7 energy=-5.996901  maxlinkdim=191 maxerr=1.20E-07 time=1.984
After sweep 8 energy=-6.011255  maxlinkdim=204 maxerr=2.14E-09 time=1.874
After sweep 9 energy=-6.022015  maxlinkdim=205 maxerr=1.10E-09 time=1.823
After sweep 10 energy=-6.0306125  maxlinkdim=194 maxerr=7.30E-09 time=1.831
After sweep 11 energy=-6.0372605  maxlinkdim=222 maxerr=8.37E-10 time=1.894
After sweep 12 energy=-6.0421615  maxlinkdim=210 maxerr=1.37E-08 time=1.905
After sweep 13 energy=-6.0467486  maxlinkdim=229 maxerr=1.79E-08 time=2.025
After sweep 14 energy=-6.0507283  maxlinkdim=196 maxerr=1.19E-09 time=2.165
After sweep 15 energy=-6.0522594  maxlinkdim=298 maxerr=1.21E-07 time=2.139
After sweep 16 energy=-6.053158  maxlinkdim=199 maxerr=8.50E-08 time=2.128
After sweep 17 energy=-6.0537176  maxlinkdim=224 maxerr=1.62E-07 time=2.175
After sweep 18 energy=-6.0540137  maxlinkdim=225 maxerr=1.10E-07 time=2.256
After sweep 19 energy=-6.0542545  maxlinkdim=220 maxerr=9.07E-08 time=2.425
After sweep 20 energy=-6.0543637  maxlinkdim=251 maxerr=1.17E-07 time=2.594
After sweep 21 energy=-6.054359  maxlinkdim=245 maxerr=3.17E-08 time=2.713
After sweep 22 energy=-6.0543423  maxlinkdim=245 maxerr=4.77E-10 time=2.912
After sweep 23 energy=-6.054344  maxlinkdim=240 maxerr=1.30E-07 time=3.037
After sweep 24 energy=-6.054349  maxlinkdim=238 maxerr=1.38E-08 time=3.071
After sweep 25 energy=-6.054342  maxlinkdim=240 maxerr=1.19E-07 time=3.091
After sweep 26 energy=-6.054305  maxlinkdim=236 maxerr=4.33E-08 time=3.064
After sweep 27 energy=-6.054343  maxlinkdim=239 maxerr=2.43E-09 time=3.074
After sweep 28 energy=-6.0543294  maxlinkdim=239 maxerr=1.34E-07 time=3.079
After sweep 29 energy=-6.0543146  maxlinkdim=241 maxerr=1.30E-07 time=3.068
After sweep 30 energy=-6.054314  maxlinkdim=238 maxerr=1.48E-07 time=3.066
FOUND MU (secant); mu: -2.650740124296788  n: 0.5000049
Target density achieved with mu=-2.650740124296788, n=0.5000049
Checking {alpha,beta} vs measured
Alpha not converged.
NOT CONVERGED; updating alpha, beta and continuing...
After sweep 1 energy=-4.7131505  maxlinkdim=16 maxerr=2.47E-07 time=0.571
After sweep 2 energy=-5.775192  maxlinkdim=173 maxerr=9.14E-08 time=1.262
After sweep 3 energy=-5.8623757  maxlinkdim=184 maxerr=4.83E-08 time=1.984
After sweep 4 energy=-5.913652  maxlinkdim=214 maxerr=2.80E-07 time=2.011
After sweep 5 energy=-5.945171  maxlinkdim=205 maxerr=2.44E-09 time=1.978
After sweep 6 energy=-5.970197  maxlinkdim=231 maxerr=2.71E-08 time=1.915
After sweep 7 energy=-5.989602  maxlinkdim=240 maxerr=2.35E-08 time=1.865
After sweep 8 energy=-6.0039153  maxlinkdim=230 maxerr=5.40E-09 time=1.848
After sweep 9 energy=-6.0150776  maxlinkdim=232 maxerr=3.79E-09 time=1.845
After sweep 10 energy=-6.024399  maxlinkdim=234 maxerr=2.01E-07 time=1.888
After sweep 11 energy=-6.032195  maxlinkdim=279 maxerr=1.02E-09 time=1.976
After sweep 12 energy=-6.037307  maxlinkdim=213 maxerr=1.01E-07 time=1.988
After sweep 13 energy=-6.041154  maxlinkdim=247 maxerr=1.93E-09 time=2.011
After sweep 14 energy=-6.044189  maxlinkdim=252 maxerr=1.00E-10 time=2.069
After sweep 15 energy=-6.046198  maxlinkdim=208 maxerr=5.87E-10 time=2.094
After sweep 16 energy=-6.0474443  maxlinkdim=200 maxerr=8.86E-10 time=2.074
After sweep 17 energy=-6.0483713  maxlinkdim=240 maxerr=2.04E-10 time=2.193
After sweep 18 energy=-6.0488157  maxlinkdim=235 maxerr=1.05E-09 time=2.284
After sweep 19 energy=-6.049082  maxlinkdim=231 maxerr=7.47E-10 time=2.391
After sweep 20 energy=-6.0491924  maxlinkdim=227 maxerr=1.05E-07 time=2.522
After sweep 21 energy=-6.049259  maxlinkdim=244 maxerr=2.58E-10 time=2.710
After sweep 22 energy=-6.049259  maxlinkdim=244 maxerr=1.00E-10 time=2.875
After sweep 23 energy=-6.049269  maxlinkdim=245 maxerr=5.56E-07 time=3.032
After sweep 24 energy=-6.049238  maxlinkdim=246 maxerr=4.17E-09 time=3.151
After sweep 25 energy=-6.0492406  maxlinkdim=242 maxerr=1.29E-09 time=3.156
After sweep 26 energy=-6.049266  maxlinkdim=241 maxerr=1.00E-10 time=3.148
After sweep 27 energy=-6.0492578  maxlinkdim=243 maxerr=5.33E-08 time=3.149
After sweep 28 energy=-6.049264  maxlinkdim=243 maxerr=9.56E-10 time=3.151
After sweep 29 energy=-6.0492325  maxlinkdim=248 maxerr=1.39E-07 time=3.159
After sweep 30 energy=-6.0492363  maxlinkdim=244 maxerr=3.98E-08 time=3.165
Not same mu, searching again
After sweep 1 energy=-4.218695  maxlinkdim=16 maxerr=3.11E-07 time=0.603
After sweep 2 energy=-5.274214  maxlinkdim=177 maxerr=1.37E-07 time=1.274
After sweep 3 energy=-5.3625126  maxlinkdim=200 maxerr=1.51E-07 time=2.016
After sweep 4 energy=-5.413605  maxlinkdim=242 maxerr=1.30E-08 time=2.070
After sweep 5 energy=-5.4446926  maxlinkdim=204 maxerr=1.91E-09 time=1.959
After sweep 6 energy=-5.4717555  maxlinkdim=247 maxerr=2.11E-09 time=1.909
After sweep 7 energy=-5.491284  maxlinkdim=198 maxerr=8.53E-08 time=1.859
After sweep 8 energy=-5.506807  maxlinkdim=208 maxerr=1.43E-09 time=1.875
After sweep 9 energy=-5.5191836  maxlinkdim=252 maxerr=2.17E-07 time=1.881
After sweep 10 energy=-5.5285277  maxlinkdim=207 maxerr=1.37E-07 time=1.870
After sweep 11 energy=-5.5364137  maxlinkdim=220 maxerr=4.12E-08 time=1.913
After sweep 12 energy=-5.542002  maxlinkdim=205 maxerr=1.10E-07 time=1.903
After sweep 13 energy=-5.5461283  maxlinkdim=193 maxerr=8.69E-08 time=1.918
After sweep 14 energy=-5.5490866  maxlinkdim=177 maxerr=2.45E-07 time=1.881
After sweep 15 energy=-5.551746  maxlinkdim=214 maxerr=1.46E-09 time=2.024
After sweep 16 energy=-5.553799  maxlinkdim=196 maxerr=3.43E-10 time=2.135
After sweep 17 energy=-5.5546284  maxlinkdim=246 maxerr=1.75E-09 time=2.157
After sweep 18 energy=-5.555084  maxlinkdim=210 maxerr=3.31E-08 time=2.158
After sweep 19 energy=-5.555335  maxlinkdim=236 maxerr=4.18E-10 time=2.232
After sweep 20 energy=-5.555491  maxlinkdim=212 maxerr=8.57E-10 time=2.356
After sweep 21 energy=-5.5555596  maxlinkdim=220 maxerr=7.68E-08 time=2.480
After sweep 22 energy=-5.555578  maxlinkdim=234 maxerr=1.00E-10 time=2.589
After sweep 23 energy=-5.555561  maxlinkdim=233 maxerr=1.55E-07 time=2.773
After sweep 24 energy=-5.555547  maxlinkdim=241 maxerr=1.22E-07 time=2.927
After sweep 25 energy=-5.5555487  maxlinkdim=239 maxerr=8.59E-10 time=3.024
After sweep 26 energy=-5.5555525  maxlinkdim=235 maxerr=2.04E-07 time=3.020
After sweep 27 energy=-5.5555763  maxlinkdim=232 maxerr=1.09E-07 time=3.001
After sweep 28 energy=-5.5555544  maxlinkdim=234 maxerr=5.17E-08 time=3.003
After sweep 29 energy=-5.5555644  maxlinkdim=233 maxerr=1.08E-07 time=2.999
After sweep 30 energy=-5.5555882  maxlinkdim=234 maxerr=1.41E-09 time=3.003
n0: 0.48725247; n1: 0.50008005; mu0: -2.6607401242967876; mu1: -2.650740124296788

Range found between mu0: -2.6607401242967876 (n0: 0.48725247) and mu1: -2.650740124296788 (n1: 0.50008005); refining...
n0: 0.48725247; n1: 0.50008005; mu0: -2.6607401242967876; mu1: -2.650740124296788
Trying secant step...
After sweep 1 energy=-4.695495  maxlinkdim=16 maxerr=4.20E-07 time=0.564
After sweep 2 energy=-5.77405  maxlinkdim=172 maxerr=4.82E-08 time=1.257
After sweep 3 energy=-5.8623886  maxlinkdim=184 maxerr=2.23E-07 time=2.081
After sweep 4 energy=-5.913565  maxlinkdim=230 maxerr=1.96E-09 time=2.100
After sweep 5 energy=-5.9444776  maxlinkdim=200 maxerr=3.05E-07 time=1.994
After sweep 6 energy=-5.9689155  maxlinkdim=226 maxerr=1.32E-07 time=1.920
After sweep 7 energy=-5.9882126  maxlinkdim=226 maxerr=2.98E-09 time=1.918
After sweep 8 energy=-6.002549  maxlinkdim=249 maxerr=1.88E-09 time=1.883
After sweep 9 energy=-6.0134964  maxlinkdim=300 maxerr=8.86E-08 time=1.864
After sweep 10 energy=-6.022207  maxlinkdim=220 maxerr=1.81E-07 time=1.916
After sweep 11 energy=-6.0294785  maxlinkdim=232 maxerr=1.22E-07 time=1.973
After sweep 12 energy=-6.0345235  maxlinkdim=266 maxerr=1.02E-07 time=1.970
After sweep 13 energy=-6.0381427  maxlinkdim=245 maxerr=1.88E-07 time=1.991
After sweep 14 energy=-6.040827  maxlinkdim=207 maxerr=5.02E-08 time=2.020
After sweep 15 energy=-6.04274  maxlinkdim=194 maxerr=1.75E-08 time=2.036
After sweep 16 energy=-6.044018  maxlinkdim=223 maxerr=1.62E-09 time=2.070
After sweep 17 energy=-6.045048  maxlinkdim=207 maxerr=5.81E-10 time=2.200
After sweep 18 energy=-6.0455656  maxlinkdim=198 maxerr=5.90E-10 time=2.183
After sweep 19 energy=-6.045852  maxlinkdim=253 maxerr=8.01E-08 time=2.251
After sweep 20 energy=-6.04603  maxlinkdim=245 maxerr=3.74E-08 time=2.404
After sweep 21 energy=-6.046089  maxlinkdim=239 maxerr=4.10E-09 time=2.559
After sweep 22 energy=-6.0461645  maxlinkdim=242 maxerr=2.86E-07 time=2.723
After sweep 23 energy=-6.0460863  maxlinkdim=246 maxerr=1.89E-09 time=2.904
After sweep 24 energy=-6.0461397  maxlinkdim=246 maxerr=1.10E-07 time=3.174
After sweep 25 energy=-6.0461383  maxlinkdim=244 maxerr=1.09E-09 time=3.226
After sweep 26 energy=-6.046122  maxlinkdim=241 maxerr=3.11E-08 time=3.245
After sweep 27 energy=-6.046138  maxlinkdim=243 maxerr=1.00E-10 time=3.233
After sweep 28 energy=-6.0461297  maxlinkdim=242 maxerr=9.99E-11 time=3.236
After sweep 29 energy=-6.0460863  maxlinkdim=243 maxerr=3.45E-10 time=3.265
After sweep 30 energy=-6.0461063  maxlinkdim=245 maxerr=1.00E-10 time=3.248
FOUND MU (secant); mu: -2.6508025281701957  n: 0.5000014
Target density achieved with mu=-2.6508025281701957, n=0.5000014
Checking {alpha,beta} vs measured
Alpha not converged.
NOT CONVERGED; updating alpha, beta and continuing...
After sweep 1 energy=-4.7074394  maxlinkdim=16 maxerr=2.47E-07 time=0.562
After sweep 2 energy=-5.7764816  maxlinkdim=184 maxerr=3.61E-08 time=1.293
After sweep 3 energy=-5.859874  maxlinkdim=199 maxerr=2.82E-09 time=2.120
After sweep 4 energy=-5.9090004  maxlinkdim=225 maxerr=2.15E-07 time=2.169
After sweep 5 energy=-5.9398675  maxlinkdim=188 maxerr=5.20E-08 time=2.401
After sweep 6 energy=-5.963983  maxlinkdim=223 maxerr=7.26E-09 time=1.808
After sweep 7 energy=-5.9839177  maxlinkdim=220 maxerr=1.22E-07 time=1.851
After sweep 8 energy=-6.000751  maxlinkdim=195 maxerr=6.70E-08 time=1.936
After sweep 9 energy=-6.012316  maxlinkdim=226 maxerr=9.94E-08 time=1.866
After sweep 10 energy=-6.02106  maxlinkdim=190 maxerr=9.98E-11 time=1.873
After sweep 11 energy=-6.028191  maxlinkdim=300 maxerr=2.03E-07 time=1.963
After sweep 12 energy=-6.033351  maxlinkdim=261 maxerr=2.04E-07 time=2.014
After sweep 13 energy=-6.0374074  maxlinkdim=209 maxerr=4.23E-08 time=2.028
After sweep 14 energy=-6.040083  maxlinkdim=203 maxerr=9.83E-10 time=2.012
After sweep 15 energy=-6.0418143  maxlinkdim=199 maxerr=1.25E-08 time=2.040
After sweep 16 energy=-6.0431294  maxlinkdim=211 maxerr=1.30E-09 time=2.095
After sweep 17 energy=-6.0441628  maxlinkdim=251 maxerr=1.41E-09 time=2.252
After sweep 18 energy=-6.0445814  maxlinkdim=220 maxerr=1.20E-07 time=2.410
After sweep 19 energy=-6.044765  maxlinkdim=225 maxerr=2.92E-10 time=2.429
After sweep 20 energy=-6.0448446  maxlinkdim=240 maxerr=2.23E-09 time=2.497
After sweep 21 energy=-6.044863  maxlinkdim=252 maxerr=2.27E-07 time=2.689
After sweep 22 energy=-6.044854  maxlinkdim=242 maxerr=3.71E-08 time=2.909
After sweep 23 energy=-6.0448422  maxlinkdim=246 maxerr=1.08E-09 time=3.090
After sweep 24 energy=-6.044865  maxlinkdim=245 maxerr=2.85E-08 time=3.174
After sweep 25 energy=-6.0448227  maxlinkdim=244 maxerr=1.00E-10 time=3.184
After sweep 26 energy=-6.0448494  maxlinkdim=243 maxerr=1.92E-08 time=3.162
After sweep 27 energy=-6.0448575  maxlinkdim=248 maxerr=1.97E-09 time=3.157
After sweep 28 energy=-6.044811  maxlinkdim=244 maxerr=6.73E-10 time=3.202
After sweep 29 energy=-6.044835  maxlinkdim=245 maxerr=9.88E-08 time=3.185
After sweep 30 energy=-6.0448666  maxlinkdim=246 maxerr=1.03E-07 time=3.191
Not same mu, searching again
After sweep 1 energy=-4.190523  maxlinkdim=16 maxerr=2.72E-07 time=0.584
After sweep 2 energy=-5.2668953  maxlinkdim=175 maxerr=3.83E-08 time=1.206
After sweep 3 energy=-5.3561482  maxlinkdim=186 maxerr=6.58E-09 time=2.071
After sweep 4 energy=-5.4080276  maxlinkdim=222 maxerr=1.35E-07 time=2.039
After sweep 5 energy=-5.440754  maxlinkdim=191 maxerr=1.53E-08 time=1.917
After sweep 6 energy=-5.468217  maxlinkdim=250 maxerr=1.55E-07 time=1.939
After sweep 7 energy=-5.4882874  maxlinkdim=206 maxerr=4.87E-08 time=1.903
After sweep 8 energy=-5.5036273  maxlinkdim=231 maxerr=1.10E-09 time=1.908
After sweep 9 energy=-5.515551  maxlinkdim=205 maxerr=1.67E-08 time=1.903
After sweep 10 energy=-5.5246153  maxlinkdim=209 maxerr=2.38E-08 time=1.826
After sweep 11 energy=-5.5320187  maxlinkdim=217 maxerr=4.35E-10 time=1.857
After sweep 12 energy=-5.5379066  maxlinkdim=275 maxerr=3.61E-10 time=1.951
After sweep 13 energy=-5.5428433  maxlinkdim=233 maxerr=1.71E-07 time=2.072
After sweep 14 energy=-5.547059  maxlinkdim=247 maxerr=6.80E-10 time=2.197
After sweep 15 energy=-5.548786  maxlinkdim=223 maxerr=1.39E-07 time=2.152
After sweep 16 energy=-5.549881  maxlinkdim=210 maxerr=4.10E-10 time=2.163
After sweep 17 energy=-5.550504  maxlinkdim=200 maxerr=1.05E-09 time=2.140
After sweep 18 energy=-5.5508676  maxlinkdim=230 maxerr=2.02E-07 time=2.158
After sweep 19 energy=-5.5510774  maxlinkdim=216 maxerr=2.02E-07 time=2.273
After sweep 20 energy=-5.5512  maxlinkdim=228 maxerr=4.73E-08 time=2.390
After sweep 21 energy=-5.551238  maxlinkdim=236 maxerr=4.67E-09 time=2.549
After sweep 22 energy=-5.5512257  maxlinkdim=231 maxerr=1.04E-09 time=2.695
After sweep 23 energy=-5.551215  maxlinkdim=241 maxerr=1.54E-09 time=2.892
After sweep 24 energy=-5.551223  maxlinkdim=248 maxerr=2.82E-08 time=3.026
After sweep 25 energy=-5.5512424  maxlinkdim=238 maxerr=1.52E-07 time=3.053
After sweep 26 energy=-5.551221  maxlinkdim=233 maxerr=1.63E-07 time=3.022
After sweep 27 energy=-5.5511923  maxlinkdim=233 maxerr=4.55E-10 time=3.013
After sweep 28 energy=-5.5512314  maxlinkdim=240 maxerr=5.18E-08 time=3.031
After sweep 29 energy=-5.5512295  maxlinkdim=235 maxerr=4.27E-09 time=3.011
After sweep 30 energy=-5.5512505  maxlinkdim=238 maxerr=8.11E-08 time=3.013
n0: 0.48718566; n1: 0.5000232; mu0: -2.6608025281701955; mu1: -2.6508025281701957

Range found between mu0: -2.6608025281701955 (n0: 0.48718566) and mu1: -2.6508025281701957 (n1: 0.5000232); refining...
n0: 0.48718566; n1: 0.5000232; mu0: -2.6608025281701955; mu1: -2.6508025281701957
Trying secant step...
After sweep 1 energy=-4.70395  maxlinkdim=16 maxerr=2.51E-07 time=0.554
After sweep 2 energy=-5.7717915  maxlinkdim=176 maxerr=1.55E-08 time=1.261
After sweep 3 energy=-5.858246  maxlinkdim=193 maxerr=1.97E-07 time=2.096
After sweep 4 energy=-5.9096093  maxlinkdim=244 maxerr=2.34E-08 time=2.071
After sweep 5 energy=-5.9406996  maxlinkdim=194 maxerr=2.42E-09 time=1.998
After sweep 6 energy=-5.9666295  maxlinkdim=258 maxerr=6.60E-08 time=1.962
After sweep 7 energy=-5.9844894  maxlinkdim=300 maxerr=1.76E-09 time=1.882
After sweep 8 energy=-5.997668  maxlinkdim=185 maxerr=1.45E-09 time=1.864
After sweep 9 energy=-6.0092235  maxlinkdim=221 maxerr=3.83E-09 time=1.807
After sweep 10 energy=-6.018725  maxlinkdim=197 maxerr=1.03E-07 time=1.915
After sweep 11 energy=-6.0261297  maxlinkdim=201 maxerr=7.04E-08 time=1.930
After sweep 12 energy=-6.031668  maxlinkdim=287 maxerr=1.76E-07 time=1.954
After sweep 13 energy=-6.03553  maxlinkdim=199 maxerr=1.08E-07 time=1.998
After sweep 14 energy=-6.0384603  maxlinkdim=196 maxerr=3.04E-07 time=1.985
After sweep 15 energy=-6.040406  maxlinkdim=188 maxerr=1.98E-07 time=1.998
After sweep 16 energy=-6.0420914  maxlinkdim=211 maxerr=1.73E-07 time=2.134
After sweep 17 energy=-6.043183  maxlinkdim=210 maxerr=1.49E-08 time=2.270
After sweep 18 energy=-6.0435724  maxlinkdim=221 maxerr=5.25E-09 time=2.321
After sweep 19 energy=-6.0438256  maxlinkdim=243 maxerr=1.97E-07 time=2.394
After sweep 20 energy=-6.0439286  maxlinkdim=229 maxerr=2.07E-08 time=2.531
After sweep 21 energy=-6.043944  maxlinkdim=224 maxerr=5.62E-08 time=2.664
After sweep 22 energy=-6.0439725  maxlinkdim=237 maxerr=1.41E-08 time=2.823
After sweep 23 energy=-6.043943  maxlinkdim=243 maxerr=1.80E-07 time=3.009
After sweep 24 energy=-6.043935  maxlinkdim=249 maxerr=7.06E-08 time=3.145
After sweep 25 energy=-6.0439444  maxlinkdim=242 maxerr=6.76E-08 time=3.176
After sweep 26 energy=-6.043968  maxlinkdim=245 maxerr=6.29E-08 time=3.172
After sweep 27 energy=-6.043972  maxlinkdim=243 maxerr=8.60E-08 time=3.165
After sweep 28 energy=-6.0439496  maxlinkdim=245 maxerr=4.43E-08 time=3.176
After sweep 29 energy=-6.0439625  maxlinkdim=246 maxerr=1.55E-09 time=3.207
After sweep 30 energy=-6.0439477  maxlinkdim=246 maxerr=1.21E-07 time=3.207
FOUND MU (secant); mu: -2.6508205894392205  n: 0.4999995
Target density achieved with mu=-2.6508205894392205, n=0.4999995
Checking {alpha,beta} vs measured
Alpha not converged.
NOT CONVERGED; updating alpha, beta and continuing...
After sweep 1 energy=-4.702586  maxlinkdim=16 maxerr=4.60E-07 time=0.563
After sweep 2 energy=-5.7683797  maxlinkdim=180 maxerr=1.32E-07 time=1.277
After sweep 3 energy=-5.8551803  maxlinkdim=203 maxerr=1.11E-07 time=2.052
After sweep 4 energy=-5.9061027  maxlinkdim=221 maxerr=3.80E-07 time=2.021
After sweep 5 energy=-5.9376163  maxlinkdim=186 maxerr=1.36E-07 time=1.941
After sweep 6 energy=-5.963619  maxlinkdim=298 maxerr=2.22E-09 time=1.898
After sweep 7 energy=-5.9829383  maxlinkdim=250 maxerr=1.15E-07 time=1.921
After sweep 8 energy=-5.9978647  maxlinkdim=210 maxerr=2.06E-09 time=1.887
After sweep 9 energy=-6.0090027  maxlinkdim=261 maxerr=5.59E-09 time=1.834
After sweep 10 energy=-6.018533  maxlinkdim=259 maxerr=4.81E-09 time=1.935
After sweep 11 energy=-6.025728  maxlinkdim=233 maxerr=4.87E-08 time=1.968
After sweep 12 energy=-6.030906  maxlinkdim=227 maxerr=7.19E-08 time=1.979
After sweep 13 energy=-6.035331  maxlinkdim=216 maxerr=1.22E-09 time=1.995
After sweep 14 energy=-6.039146  maxlinkdim=226 maxerr=8.43E-08 time=2.106
After sweep 15 energy=-6.04091  maxlinkdim=211 maxerr=6.64E-10 time=2.102
After sweep 16 energy=-6.0421476  maxlinkdim=234 maxerr=1.09E-07 time=2.188
After sweep 17 energy=-6.0429173  maxlinkdim=235 maxerr=1.31E-07 time=2.297
After sweep 18 energy=-6.043282  maxlinkdim=225 maxerr=3.61E-10 time=2.304
After sweep 19 energy=-6.0434637  maxlinkdim=229 maxerr=1.00E-10 time=2.388
After sweep 20 energy=-6.0435634  maxlinkdim=250 maxerr=3.92E-08 time=2.564
After sweep 21 energy=-6.0436144  maxlinkdim=276 maxerr=1.47E-07 time=2.725
After sweep 22 energy=-6.043622  maxlinkdim=244 maxerr=1.00E-10 time=2.889
After sweep 23 energy=-6.043613  maxlinkdim=250 maxerr=1.00E-10 time=3.062
After sweep 24 energy=-6.0436134  maxlinkdim=248 maxerr=1.38E-07 time=3.179
After sweep 25 energy=-6.0435953  maxlinkdim=248 maxerr=2.34E-07 time=3.167
After sweep 26 energy=-6.0435925  maxlinkdim=245 maxerr=1.15E-07 time=3.171
After sweep 27 energy=-6.043594  maxlinkdim=245 maxerr=1.65E-07 time=3.180
After sweep 28 energy=-6.0436106  maxlinkdim=244 maxerr=5.61E-08 time=3.172
After sweep 29 energy=-6.043603  maxlinkdim=251 maxerr=1.56E-07 time=3.192
After sweep 30 energy=-6.04362  maxlinkdim=246 maxerr=1.36E-09 time=3.199
Not same mu, searching again
After sweep 1 energy=-4.194945  maxlinkdim=16 maxerr=3.16E-07 time=0.559
After sweep 2 energy=-5.265382  maxlinkdim=178 maxerr=1.28E-07 time=1.307
After sweep 3 energy=-5.3549685  maxlinkdim=203 maxerr=8.81E-10 time=2.055
After sweep 4 energy=-5.4089847  maxlinkdim=232 maxerr=3.61E-09 time=2.093
After sweep 5 energy=-5.4423256  maxlinkdim=220 maxerr=1.35E-08 time=2.057
After sweep 6 energy=-5.4662743  maxlinkdim=201 maxerr=1.40E-07 time=1.957
After sweep 7 energy=-5.48557  maxlinkdim=196 maxerr=1.25E-09 time=1.860
After sweep 8 energy=-5.500878  maxlinkdim=214 maxerr=2.01E-09 time=1.842
After sweep 9 energy=-5.5138316  maxlinkdim=243 maxerr=2.42E-08 time=1.924
After sweep 10 energy=-5.523043  maxlinkdim=201 maxerr=1.64E-07 time=1.928
After sweep 11 energy=-5.530652  maxlinkdim=232 maxerr=1.56E-09 time=1.940
After sweep 12 energy=-5.53609  maxlinkdim=223 maxerr=4.64E-08 time=1.935
After sweep 13 energy=-5.54028  maxlinkdim=186 maxerr=1.30E-07 time=1.936
After sweep 14 energy=-5.543844  maxlinkdim=264 maxerr=1.88E-08 time=1.968
After sweep 15 energy=-5.546368  maxlinkdim=200 maxerr=1.51E-09 time=2.104
After sweep 16 energy=-5.547927  maxlinkdim=197 maxerr=1.38E-09 time=2.081
After sweep 17 energy=-5.549123  maxlinkdim=286 maxerr=2.35E-10 time=2.213
After sweep 18 energy=-5.5496283  maxlinkdim=206 maxerr=1.53E-07 time=2.247
After sweep 19 energy=-5.5498405  maxlinkdim=233 maxerr=8.90E-08 time=2.294
After sweep 20 energy=-5.5499744  maxlinkdim=224 maxerr=1.24E-09 time=2.376
After sweep 21 energy=-5.550018  maxlinkdim=223 maxerr=1.57E-07 time=2.567
After sweep 22 energy=-5.5499825  maxlinkdim=227 maxerr=6.44E-10 time=2.710
After sweep 23 energy=-5.5499935  maxlinkdim=237 maxerr=2.24E-10 time=2.871
After sweep 24 energy=-5.5499725  maxlinkdim=245 maxerr=1.00E-10 time=3.013
After sweep 25 energy=-5.550013  maxlinkdim=243 maxerr=1.04E-07 time=3.072
After sweep 26 energy=-5.549987  maxlinkdim=237 maxerr=1.00E-10 time=3.036
After sweep 27 energy=-5.550009  maxlinkdim=235 maxerr=9.55E-10 time=3.018
After sweep 28 energy=-5.550023  maxlinkdim=234 maxerr=5.74E-10 time=3.004
After sweep 29 energy=-5.549982  maxlinkdim=235 maxerr=8.32E-10 time=3.000
After sweep 30 energy=-5.550003  maxlinkdim=241 maxerr=3.42E-10 time=3.008
n0: 0.48716587; n1: 0.50000703; mu0: -2.6608205894392203; mu1: -2.6508205894392205

Range found between mu0: -2.6608205894392203 (n0: 0.48716587) and mu1: -2.6508205894392205 (n1: 0.50000703); refining...
n0: 0.48716587; n1: 0.50000703; mu0: -2.6608205894392203; mu1: -2.6508205894392205
Trying secant step...
After sweep 1 energy=-4.7052407  maxlinkdim=16 maxerr=2.38E-07 time=0.567
After sweep 2 energy=-5.7690806  maxlinkdim=175 maxerr=9.56E-09 time=1.305
After sweep 3 energy=-5.856338  maxlinkdim=206 maxerr=2.63E-09 time=2.096
After sweep 4 energy=-5.906422  maxlinkdim=206 maxerr=2.39E-07 time=2.084
After sweep 5 energy=-5.93814  maxlinkdim=198 maxerr=7.78E-08 time=2.031
After sweep 6 energy=-5.9649796  maxlinkdim=255 maxerr=1.31E-07 time=2.043
After sweep 7 energy=-5.9844656  maxlinkdim=211 maxerr=2.49E-09 time=2.032
After sweep 8 energy=-5.999198  maxlinkdim=212 maxerr=4.04E-09 time=1.987
After sweep 9 energy=-6.010636  maxlinkdim=277 maxerr=1.24E-07 time=2.009
After sweep 10 energy=-6.0195546  maxlinkdim=266 maxerr=1.31E-09 time=2.037
After sweep 11 energy=-6.0266576  maxlinkdim=290 maxerr=1.07E-09 time=2.066
After sweep 12 energy=-6.0314302  maxlinkdim=252 maxerr=2.65E-07 time=2.069
After sweep 13 energy=-6.035823  maxlinkdim=294 maxerr=2.01E-09 time=2.131
After sweep 14 energy=-6.039599  maxlinkdim=266 maxerr=1.12E-08 time=2.308
After sweep 15 energy=-6.0412273  maxlinkdim=272 maxerr=1.17E-09 time=2.277
After sweep 16 energy=-6.0422554  maxlinkdim=231 maxerr=1.11E-09 time=2.301
After sweep 17 energy=-6.0428524  maxlinkdim=212 maxerr=8.36E-08 time=2.363
After sweep 18 energy=-6.0431337  maxlinkdim=228 maxerr=1.63E-09 time=2.439
After sweep 19 energy=-6.0432715  maxlinkdim=222 maxerr=3.48E-07 time=2.605
After sweep 20 energy=-6.0433297  maxlinkdim=233 maxerr=4.00E-08 time=2.726
After sweep 21 energy=-6.043365  maxlinkdim=236 maxerr=5.92E-10 time=2.875
After sweep 22 energy=-6.0433455  maxlinkdim=240 maxerr=1.53E-07 time=3.081
After sweep 23 energy=-6.0433264  maxlinkdim=252 maxerr=7.92E-08 time=3.223
After sweep 24 energy=-6.04334  maxlinkdim=245 maxerr=2.79E-08 time=3.265
After sweep 25 energy=-6.0433493  maxlinkdim=248 maxerr=1.17E-07 time=3.275
After sweep 26 energy=-6.0433035  maxlinkdim=244 maxerr=1.11E-07 time=3.262
After sweep 27 energy=-6.043309  maxlinkdim=245 maxerr=2.40E-07 time=3.281
After sweep 28 energy=-6.0433073  maxlinkdim=245 maxerr=1.01E-07 time=3.288
After sweep 29 energy=-6.043335  maxlinkdim=246 maxerr=1.00E-10 time=3.305
After sweep 30 energy=-6.0433264  maxlinkdim=248 maxerr=1.00E-10 time=3.287
FOUND MU (secant); mu: -2.650826066627659  n: 0.49999905
Target density achieved with mu=-2.650826066627659, n=0.49999905
Checking {alpha,beta} vs measured
Alpha not converged.
NOT CONVERGED; updating alpha, beta and continuing...
After sweep 1 energy=-4.7023973  maxlinkdim=16 maxerr=2.83E-07 time=0.626
After sweep 2 energy=-5.763844  maxlinkdim=182 maxerr=8.05E-09 time=1.207
After sweep 3 energy=-5.8529053  maxlinkdim=204 maxerr=5.41E-10 time=2.086
After sweep 4 energy=-5.9021363  maxlinkdim=220 maxerr=4.06E-08 time=2.033
After sweep 5 energy=-5.9342437  maxlinkdim=197 maxerr=5.11E-08 time=1.884
After sweep 6 energy=-5.9609184  maxlinkdim=235 maxerr=1.44E-09 time=1.838
After sweep 7 energy=-5.9802327  maxlinkdim=205 maxerr=1.23E-09 time=1.830
After sweep 8 energy=-5.994922  maxlinkdim=181 maxerr=3.43E-08 time=1.819
After sweep 9 energy=-6.006303  maxlinkdim=219 maxerr=7.64E-08 time=1.801
After sweep 10 energy=-6.016435  maxlinkdim=244 maxerr=1.47E-07 time=1.905
After sweep 11 energy=-6.023643  maxlinkdim=244 maxerr=1.34E-07 time=1.891
After sweep 12 energy=-6.0292754  maxlinkdim=264 maxerr=3.22E-09 time=1.940
After sweep 13 energy=-6.0342355  maxlinkdim=249 maxerr=3.29E-09 time=2.038
After sweep 14 energy=-6.0388064  maxlinkdim=242 maxerr=8.42E-10 time=2.191
After sweep 15 energy=-6.0406337  maxlinkdim=260 maxerr=1.14E-07 time=2.135
After sweep 16 energy=-6.0416856  maxlinkdim=213 maxerr=8.98E-08 time=2.105
After sweep 17 energy=-6.042407  maxlinkdim=258 maxerr=8.15E-10 time=2.171
After sweep 18 energy=-6.0429535  maxlinkdim=226 maxerr=8.90E-08 time=2.319
After sweep 19 energy=-6.043148  maxlinkdim=220 maxerr=4.24E-07 time=2.512
After sweep 20 energy=-6.0432434  maxlinkdim=240 maxerr=8.81E-08 time=2.589
After sweep 21 energy=-6.04326  maxlinkdim=252 maxerr=5.23E-08 time=2.720
After sweep 22 energy=-6.0432634  maxlinkdim=248 maxerr=5.07E-08 time=2.896
After sweep 23 energy=-6.0432673  maxlinkdim=248 maxerr=9.99E-11 time=3.095
After sweep 24 energy=-6.0432177  maxlinkdim=247 maxerr=6.78E-09 time=3.167
After sweep 25 energy=-6.0432634  maxlinkdim=243 maxerr=1.40E-09 time=3.178
After sweep 26 energy=-6.04325  maxlinkdim=254 maxerr=9.90E-08 time=3.175
After sweep 27 energy=-6.043233  maxlinkdim=244 maxerr=1.00E-10 time=3.189
After sweep 28 energy=-6.0432596  maxlinkdim=248 maxerr=2.40E-10 time=3.213
After sweep 29 energy=-6.043249  maxlinkdim=249 maxerr=1.28E-09 time=3.218
After sweep 30 energy=-6.0432563  maxlinkdim=244 maxerr=5.21E-08 time=3.199
Same mu: -2.650826066627659 and continuing
Target density achieved with mu=-2.650826066627659, n=0.50000066
Checking {alpha,beta} vs measured
Alpha not converged.
NOT CONVERGED; updating alpha, beta and continuing...
After sweep 1 energy=-4.703757  maxlinkdim=16 maxerr=3.67E-07 time=0.566
After sweep 2 energy=-5.772992  maxlinkdim=179 maxerr=1.77E-07 time=1.207
After sweep 3 energy=-5.8588147  maxlinkdim=191 maxerr=3.78E-09 time=2.102
After sweep 4 energy=-5.906542  maxlinkdim=205 maxerr=5.13E-08 time=1.997
After sweep 5 energy=-5.9391956  maxlinkdim=197 maxerr=2.02E-09 time=1.940
After sweep 6 energy=-5.964282  maxlinkdim=206 maxerr=1.00E-07 time=1.914
After sweep 7 energy=-5.9840236  maxlinkdim=228 maxerr=9.39E-08 time=1.924
After sweep 8 energy=-5.998753  maxlinkdim=236 maxerr=5.52E-08 time=1.946
After sweep 9 energy=-6.0096006  maxlinkdim=220 maxerr=2.21E-09 time=1.863
After sweep 10 energy=-6.0192347  maxlinkdim=227 maxerr=8.61E-08 time=1.941
After sweep 11 energy=-6.026466  maxlinkdim=241 maxerr=1.33E-07 time=2.030
After sweep 12 energy=-6.0313187  maxlinkdim=236 maxerr=5.96E-08 time=2.017
After sweep 13 energy=-6.035455  maxlinkdim=225 maxerr=5.31E-09 time=2.034
After sweep 14 energy=-6.0391164  maxlinkdim=225 maxerr=1.53E-09 time=2.145
After sweep 15 energy=-6.0408726  maxlinkdim=274 maxerr=1.00E-10 time=2.159
After sweep 16 energy=-6.041938  maxlinkdim=230 maxerr=2.76E-09 time=2.208
After sweep 17 energy=-6.042561  maxlinkdim=241 maxerr=3.70E-09 time=2.269
After sweep 18 energy=-6.042897  maxlinkdim=216 maxerr=1.30E-07 time=2.264
After sweep 19 energy=-6.0431075  maxlinkdim=233 maxerr=1.00E-10 time=2.381
After sweep 20 energy=-6.043168  maxlinkdim=226 maxerr=2.40E-08 time=2.579
After sweep 21 energy=-6.0432286  maxlinkdim=234 maxerr=1.40E-07 time=2.688
After sweep 22 energy=-6.0432196  maxlinkdim=249 maxerr=5.51E-08 time=2.884
After sweep 23 energy=-6.043228  maxlinkdim=249 maxerr=6.08E-08 time=3.057
After sweep 24 energy=-6.0432377  maxlinkdim=249 maxerr=5.79E-08 time=3.179
After sweep 25 energy=-6.043236  maxlinkdim=244 maxerr=1.62E-09 time=3.185
After sweep 26 energy=-6.0432224  maxlinkdim=250 maxerr=6.40E-10 time=3.186
After sweep 27 energy=-6.0432353  maxlinkdim=247 maxerr=6.17E-08 time=3.203
After sweep 28 energy=-6.0432286  maxlinkdim=246 maxerr=1.51E-07 time=3.169
After sweep 29 energy=-6.043223  maxlinkdim=247 maxerr=1.27E-09 time=3.199
After sweep 30 energy=-6.043216  maxlinkdim=247 maxerr=8.33E-09 time=3.199
Same mu: -2.650826066627659 and continuing
Target density achieved with mu=-2.650826066627659, n=0.5000001
Checking {alpha,beta} vs measured
Converged {alpha,beta}. mu=-2.650826066627659, n=0.5000001
Exiting loop
After sweep 1 energy=-4.69663966149732  maxlinkdim=16 maxerr=8.76E-11 time=18.280
After sweep 2 energy=-5.754903167275249  maxlinkdim=140 maxerr=9.99E-11 time=1.488
After sweep 3 energy=-5.885660422395922  maxlinkdim=187 maxerr=1.00E-10 time=2.583
After sweep 4 energy=-5.931574153045245  maxlinkdim=181 maxerr=1.00E-10 time=2.665
After sweep 5 energy=-5.954595294551666  maxlinkdim=183 maxerr=9.99E-11 time=2.677
After sweep 6 energy=-5.96998899678281  maxlinkdim=206 maxerr=9.99E-11 time=2.803
After sweep 7 energy=-5.980733216207645  maxlinkdim=219 maxerr=9.99E-11 time=2.993
After sweep 8 energy=-5.987940401348973  maxlinkdim=229 maxerr=9.99E-11 time=3.184
After sweep 9 energy=-5.99139993266719  maxlinkdim=208 maxerr=1.00E-10 time=3.254
After sweep 10 energy=-5.993482005722181  maxlinkdim=203 maxerr=9.99E-11 time=3.132
After sweep 11 energy=-5.9952166270532885  maxlinkdim=300 maxerr=1.02E-10 time=3.098
After sweep 12 energy=-5.996690228630919  maxlinkdim=217 maxerr=9.98E-11 time=3.147
After sweep 13 energy=-5.997834755680243  maxlinkdim=300 maxerr=4.75E-10 time=3.180
After sweep 14 energy=-5.998818695015755  maxlinkdim=225 maxerr=1.00E-10 time=3.256
After sweep 15 energy=-6.00016318568422  maxlinkdim=300 maxerr=2.66E-10 time=3.433
After sweep 16 energy=-6.001060697190303  maxlinkdim=300 maxerr=1.19E-09 time=3.731
After sweep 17 energy=-6.001507200728736  maxlinkdim=277 maxerr=1.00E-10 time=3.575
After sweep 18 energy=-6.002069147150202  maxlinkdim=300 maxerr=1.95E-09 time=3.760
After sweep 19 energy=-6.002347007155545  maxlinkdim=300 maxerr=1.02E-10 time=3.605
After sweep 20 energy=-6.002586312109225  maxlinkdim=300 maxerr=3.47E-10 time=3.482
After sweep 21 energy=-6.002788821342251  maxlinkdim=257 maxerr=1.00E-10 time=3.399
After sweep 22 energy=-6.002965910834761  maxlinkdim=300 maxerr=2.94E-10 time=3.419
After sweep 23 energy=-6.003127247596021  maxlinkdim=287 maxerr=9.99E-11 time=3.470
After sweep 24 energy=-6.003269753671959  maxlinkdim=294 maxerr=1.00E-10 time=3.555
After sweep 25 energy=-6.003396601370386  maxlinkdim=300 maxerr=7.87E-10 time=3.640
After sweep 26 energy=-6.0035289380200965  maxlinkdim=300 maxerr=1.88E-09 time=3.746
After sweep 27 energy=-6.003684777027377  maxlinkdim=300 maxerr=4.99E-10 time=4.259
After sweep 28 energy=-6.003813465157611  maxlinkdim=300 maxerr=2.13E-09 time=4.474
After sweep 29 energy=-6.0039193488571065  maxlinkdim=300 maxerr=9.04E-10 time=4.598
After sweep 30 energy=-6.00402701907587  maxlinkdim=300 maxerr=9.08E-10 time=4.796
Calculation finished. Saving results to results_U_-4.0_t_p_0.05_gpu.h5
