Calculating pair binding energy for ladder
L=64, U=8.0, V=0.6, t0=1.0, density=0.9375
============================================================
Pair binding energy for Hubbard ladder
L = 64 rungs, 128 sites
U = 8.0, V = 0.6, t = 1.0, t0 = 1.0, density = 0.9375
N_base = 120
============================================================

[1/3] Computing E(N-2=118)
  Initial state: 118 particles (59 up, 59 dn)
After sweep 1 energy=51.741364552964285  maxlinkdim=20 maxerr=4.09E-04 time=46.379
After sweep 2 energy=41.7851293868187  maxlinkdim=50 maxerr=1.85E-05 time=28.589
After sweep 3 energy=37.01728987453882  maxlinkdim=100 maxerr=2.94E-06 time=44.143
After sweep 4 energy=34.45368126655101  maxlinkdim=200 maxerr=5.31E-07 time=66.259
After sweep 5 energy=31.817070285042437  maxlinkdim=945 maxerr=1.00E-10 time=84.116
After sweep 6 energy=29.776216832473924  maxlinkdim=1000 maxerr=3.01E-09 time=117.274
After sweep 7 energy=28.729631933648943  maxlinkdim=1000 maxerr=4.33E-09 time=132.495
After sweep 8 energy=27.506240775890063  maxlinkdim=1000 maxerr=3.57E-08 time=134.063
After sweep 9 energy=26.55958976769153  maxlinkdim=1000 maxerr=7.87E-08 time=142.932
After sweep 10 energy=26.05502448749383  maxlinkdim=1000 maxerr=5.27E-08 time=149.731
After sweep 11 energy=25.667512939724983  maxlinkdim=1000 maxerr=1.87E-08 time=162.645
After sweep 12 energy=25.328357056706295  maxlinkdim=1000 maxerr=2.30E-08 time=157.096
After sweep 13 energy=24.964045333039838  maxlinkdim=1000 maxerr=5.00E-08 time=160.756
After sweep 14 energy=24.58380567484581  maxlinkdim=1000 maxerr=1.02E-07 time=170.271
After sweep 15 energy=24.33927065752233  maxlinkdim=1000 maxerr=4.67E-08 time=168.717
After sweep 16 energy=24.12107941770903  maxlinkdim=1000 maxerr=6.87E-08 time=179.137
After sweep 17 energy=23.918476244886065  maxlinkdim=1000 maxerr=1.10E-07 time=181.766
After sweep 18 energy=23.713029771148385  maxlinkdim=1000 maxerr=2.03E-07 time=180.520
After sweep 19 energy=23.51921607531389  maxlinkdim=1000 maxerr=3.00E-07 time=193.033
After sweep 20 energy=23.31460393133974  maxlinkdim=1000 maxerr=1.16E-06 time=195.300
After sweep 21 energy=23.161272253103053  maxlinkdim=1000 maxerr=2.80E-06 time=196.081
After sweep 22 energy=23.06585711221358  maxlinkdim=1000 maxerr=4.33E-07 time=202.011
After sweep 23 energy=22.997398877053353  maxlinkdim=1000 maxerr=1.80E-07 time=195.103
After sweep 24 energy=22.934013847643218  maxlinkdim=1000 maxerr=1.83E-07 time=194.572
After sweep 25 energy=22.873725819953194  maxlinkdim=1000 maxerr=1.47E-07 time=200.341
After sweep 26 energy=22.81686885306072  maxlinkdim=1000 maxerr=1.66E-07 time=199.369
After sweep 27 energy=22.747748524769985  maxlinkdim=1000 maxerr=3.43E-07 time=194.850
After sweep 28 energy=22.70285099423047  maxlinkdim=1000 maxerr=1.56E-07 time=202.458
After sweep 29 energy=22.65824587035709  maxlinkdim=1000 maxerr=2.27E-07 time=208.473
After sweep 30 energy=22.615341672957186  maxlinkdim=1000 maxerr=2.38E-07 time=213.273
After sweep 31 energy=22.569554114413336  maxlinkdim=1000 maxerr=3.05E-06 time=210.535
After sweep 32 energy=22.526551544186386  maxlinkdim=1000 maxerr=2.57E-06 time=212.874
After sweep 33 energy=22.481012743597933  maxlinkdim=1000 maxerr=1.30E-05 time=206.726
After sweep 34 energy=22.433413173729665  maxlinkdim=1000 maxerr=4.92E-06 time=212.808
After sweep 35 energy=22.39569646190078  maxlinkdim=1000 maxerr=3.34E-06 time=201.215
After sweep 36 energy=22.35632026041375  maxlinkdim=1000 maxerr=5.43E-06 time=211.111
After sweep 37 energy=22.31180717075192  maxlinkdim=1000 maxerr=6.49E-06 time=222.996
After sweep 38 energy=22.277486911087543  maxlinkdim=1000 maxerr=5.07E-06 time=218.340
After sweep 39 energy=22.242824717457367  maxlinkdim=1000 maxerr=3.65E-06 time=218.847
After sweep 40 energy=22.212732778273555  maxlinkdim=1000 maxerr=5.64E-06 time=221.015
After sweep 41 energy=22.184916730395155  maxlinkdim=1000 maxerr=4.31E-06 time=218.826
After sweep 42 energy=22.1585196879333  maxlinkdim=1000 maxerr=3.20E-06 time=222.139
After sweep 43 energy=22.134666238980238  maxlinkdim=1000 maxerr=4.43E-06 time=217.373
After sweep 44 energy=22.11149918369223  maxlinkdim=1000 maxerr=5.87E-06 time=216.634
After sweep 45 energy=22.089768281251523  maxlinkdim=1000 maxerr=3.64E-06 time=217.204
After sweep 46 energy=22.070670303232138  maxlinkdim=1000 maxerr=4.77E-06 time=219.288
After sweep 47 energy=22.053458206787287  maxlinkdim=1000 maxerr=3.96E-06 time=217.957
After sweep 48 energy=22.00378023150533  maxlinkdim=1000 maxerr=9.42E-06 time=222.063
After sweep 49 energy=21.94463267181352  maxlinkdim=1000 maxerr=1.40E-05 time=212.379
After sweep 50 energy=21.907888202224512  maxlinkdim=1000 maxerr=1.41E-05 time=205.889
After sweep 51 energy=21.880961933449772  maxlinkdim=1000 maxerr=1.24E-05 time=208.075
After sweep 52 energy=21.86282170519003  maxlinkdim=1000 maxerr=1.77E-05 time=217.469
After sweep 53 energy=21.849660769116262  maxlinkdim=1000 maxerr=1.16E-05 time=226.372
After sweep 54 energy=21.840242417260242  maxlinkdim=1000 maxerr=1.20E-05 time=225.094
After sweep 55 energy=21.831897945450777  maxlinkdim=1000 maxerr=1.10E-05 time=221.629
After sweep 56 energy=21.826937509175036  maxlinkdim=1000 maxerr=1.13E-05 time=222.630
After sweep 57 energy=21.824430402087497  maxlinkdim=1000 maxerr=9.33E-06 time=224.173
After sweep 58 energy=21.82320527346972  maxlinkdim=1000 maxerr=8.37E-06 time=225.334
After sweep 59 energy=21.822620627918663  maxlinkdim=1000 maxerr=8.29E-06 time=226.047
After sweep 60 energy=21.82234235857961  maxlinkdim=1000 maxerr=8.21E-06 time=223.320
After sweep 61 energy=21.822208104026554  maxlinkdim=1000 maxerr=8.21E-06 time=221.875
After sweep 62 energy=21.8221345805853  maxlinkdim=1000 maxerr=8.23E-06 time=218.841
After sweep 63 energy=21.822084580638343  maxlinkdim=1000 maxerr=8.23E-06 time=222.081
After sweep 64 energy=21.822057788543198  maxlinkdim=1000 maxerr=8.17E-06 time=220.399
After sweep 65 energy=21.82204411520402  maxlinkdim=1000 maxerr=8.17E-06 time=217.553
After sweep 66 energy=21.822033310251477  maxlinkdim=1000 maxerr=8.11E-06 time=219.391
After sweep 67 energy=21.82202559604271  maxlinkdim=1000 maxerr=8.08E-06 time=223.125
After sweep 68 energy=21.822021520752877  maxlinkdim=1000 maxerr=8.08E-06 time=208.765
After sweep 69 energy=21.822017023967707  maxlinkdim=1000 maxerr=8.07E-06 time=212.975
After sweep 70 energy=21.82201655965423  maxlinkdim=1000 maxerr=8.08E-06 time=221.883
After sweep 71 energy=21.822012763085343  maxlinkdim=1000 maxerr=8.08E-06 time=217.919
After sweep 72 energy=21.822012832194897  maxlinkdim=1000 maxerr=8.07E-06 time=219.072
After sweep 73 energy=21.822011628178437  maxlinkdim=1000 maxerr=8.08E-06 time=218.465
After sweep 74 energy=21.822009818983044  maxlinkdim=1000 maxerr=8.08E-06 time=213.515
After sweep 75 energy=21.822007834563777  maxlinkdim=1000 maxerr=8.08E-06 time=213.796
After sweep 76 energy=21.822007086168348  maxlinkdim=1000 maxerr=8.08E-06 time=209.168
After sweep 77 energy=21.82200645541596  maxlinkdim=1000 maxerr=8.08E-06 time=217.002
After sweep 78 energy=21.822005896615046  maxlinkdim=1000 maxerr=8.08E-06 time=217.550
After sweep 79 energy=21.822005572888386  maxlinkdim=1000 maxerr=8.08E-06 time=210.857
After sweep 80 energy=21.82200483660283  maxlinkdim=1000 maxerr=8.08E-06 time=214.013
After sweep 81 energy=21.822005796277754  maxlinkdim=1000 maxerr=8.08E-06 time=213.598
After sweep 82 energy=21.822004396267516  maxlinkdim=1000 maxerr=8.08E-06 time=216.182
After sweep 83 energy=21.822005024143188  maxlinkdim=1000 maxerr=8.08E-06 time=212.787
After sweep 84 energy=21.82200402984384  maxlinkdim=1000 maxerr=8.08E-06 time=211.668
After sweep 85 energy=21.822003726427887  maxlinkdim=1000 maxerr=8.08E-06 time=205.425
After sweep 86 energy=21.822003815117586  maxlinkdim=1000 maxerr=8.08E-06 time=209.441
After sweep 87 energy=21.822003735962717  maxlinkdim=1000 maxerr=8.08E-06 time=215.767
After sweep 88 energy=21.822003264651862  maxlinkdim=1000 maxerr=8.08E-06 time=215.079
After sweep 89 energy=21.822003000642034  maxlinkdim=1000 maxerr=8.08E-06 time=203.513
After sweep 90 energy=21.822002714059714  maxlinkdim=1000 maxerr=8.08E-06 time=207.587
After sweep 91 energy=21.8220029247278  maxlinkdim=1000 maxerr=8.08E-06 time=212.909
After sweep 92 energy=21.82200250475409  maxlinkdim=1000 maxerr=8.08E-06 time=213.795
After sweep 93 energy=21.82200166196629  maxlinkdim=1000 maxerr=8.07E-06 time=218.349
After sweep 94 energy=21.822001398655186  maxlinkdim=1000 maxerr=8.07E-06 time=217.916
After sweep 95 energy=21.822001626112502  maxlinkdim=1000 maxerr=8.07E-06 time=221.667
After sweep 96 energy=21.82200142325327  maxlinkdim=1000 maxerr=8.07E-06 time=222.201
After sweep 97 energy=21.822001336917886  maxlinkdim=1000 maxerr=8.07E-06 time=216.855
After sweep 98 energy=21.82200119465891  maxlinkdim=1000 maxerr=8.07E-06 time=214.576
After sweep 99 energy=21.82200135216044  maxlinkdim=1000 maxerr=8.07E-06 time=212.523
After sweep 100 energy=21.822001327341088  maxlinkdim=1000 maxerr=8.07E-06 time=210.610
  E(N-2) = 21.822001327341088

[2/3] Computing E(N-1=119)
  Initial state: 119 particles (60 up, 59 dn)
After sweep 1 energy=51.724145067732785  maxlinkdim=20 maxerr=4.43E-04 time=12.217
After sweep 2 energy=42.90760028091168  maxlinkdim=50 maxerr=4.73E-06 time=25.134
After sweep 3 energy=38.43895370669277  maxlinkdim=100 maxerr=2.45E-06 time=38.820
After sweep 4 energy=36.14091205012241  maxlinkdim=200 maxerr=5.73E-08 time=65.212
After sweep 5 energy=33.70068402279732  maxlinkdim=776 maxerr=1.00E-10 time=78.682
After sweep 6 energy=31.78725297056721  maxlinkdim=1000 maxerr=2.38E-09 time=95.675
After sweep 7 energy=30.68769551843864  maxlinkdim=1000 maxerr=1.23E-08 time=125.020
After sweep 8 energy=30.049017394085762  maxlinkdim=1000 maxerr=1.14E-08 time=136.341
After sweep 9 energy=29.544078567293962  maxlinkdim=1000 maxerr=1.54E-08 time=144.915
After sweep 10 energy=29.08442042508763  maxlinkdim=1000 maxerr=3.72E-08 time=149.282
After sweep 11 energy=28.63204512157473  maxlinkdim=1000 maxerr=3.78E-08 time=153.819
After sweep 12 energy=28.26895793780306  maxlinkdim=1000 maxerr=6.40E-08 time=159.315
After sweep 13 energy=27.948823224771726  maxlinkdim=1000 maxerr=8.72E-08 time=161.773
After sweep 14 energy=27.661619390986214  maxlinkdim=1000 maxerr=1.21E-07 time=165.296
After sweep 15 energy=27.44305919441911  maxlinkdim=1000 maxerr=1.28E-07 time=167.949
After sweep 16 energy=27.1975049554283  maxlinkdim=1000 maxerr=2.17E-07 time=172.774
After sweep 17 energy=26.999058184306282  maxlinkdim=1000 maxerr=2.70E-07 time=177.511
After sweep 18 energy=26.848043247481613  maxlinkdim=1000 maxerr=2.58E-07 time=187.086
After sweep 19 energy=26.720306902095846  maxlinkdim=1000 maxerr=2.73E-07 time=186.455
After sweep 20 energy=26.581415525625484  maxlinkdim=1000 maxerr=9.61E-07 time=198.643
After sweep 21 energy=26.43044068364784  maxlinkdim=1000 maxerr=3.44E-06 time=196.250
After sweep 22 energy=26.32267182155386  maxlinkdim=1000 maxerr=6.77E-07 time=199.195
After sweep 23 energy=26.202082515221303  maxlinkdim=1000 maxerr=2.04E-06 time=199.288
After sweep 24 energy=26.093028666445694  maxlinkdim=1000 maxerr=3.72E-06 time=201.066
After sweep 25 energy=26.006764337962203  maxlinkdim=1000 maxerr=2.36E-06 time=199.337
After sweep 26 energy=25.934133898598002  maxlinkdim=1000 maxerr=4.69E-06 time=197.532
After sweep 27 energy=25.86729035440557  maxlinkdim=1000 maxerr=6.99E-06 time=197.954
After sweep 28 energy=25.79998175965181  maxlinkdim=1000 maxerr=1.71E-05 time=200.042
After sweep 29 energy=25.752076373532923  maxlinkdim=1000 maxerr=5.25E-06 time=208.019
After sweep 30 energy=25.718942074881664  maxlinkdim=1000 maxerr=1.05E-05 time=221.595
After sweep 31 energy=25.650872541096813  maxlinkdim=1000 maxerr=1.11E-05 time=224.055
After sweep 32 energy=25.593417109905335  maxlinkdim=1000 maxerr=1.40E-05 time=222.191
After sweep 33 energy=25.548509604767307  maxlinkdim=1000 maxerr=2.00E-05 time=223.002
After sweep 34 energy=25.511840711548018  maxlinkdim=1000 maxerr=1.86E-05 time=224.065
After sweep 35 energy=25.481308654169048  maxlinkdim=1000 maxerr=1.99E-05 time=223.237
After sweep 36 energy=25.454079885695414  maxlinkdim=1000 maxerr=1.85E-05 time=219.798
After sweep 37 energy=25.431790873053906  maxlinkdim=1000 maxerr=1.79E-05 time=225.755
After sweep 38 energy=25.410077292310003  maxlinkdim=1000 maxerr=1.39E-05 time=223.399
After sweep 39 energy=25.384430945285118  maxlinkdim=1000 maxerr=1.67E-05 time=220.287
After sweep 40 energy=25.36073149863163  maxlinkdim=1000 maxerr=1.77E-05 time=221.647
After sweep 41 energy=25.34460013119756  maxlinkdim=1000 maxerr=1.51E-05 time=223.139
After sweep 42 energy=25.332620235742  maxlinkdim=1000 maxerr=1.47E-05 time=225.476
After sweep 43 energy=25.323483878415033  maxlinkdim=1000 maxerr=1.32E-05 time=215.367
After sweep 44 energy=25.316045567071896  maxlinkdim=1000 maxerr=1.25E-05 time=221.307
After sweep 45 energy=25.31049558225943  maxlinkdim=1000 maxerr=1.21E-05 time=218.557
After sweep 46 energy=25.306803485518323  maxlinkdim=1000 maxerr=1.22E-05 time=223.406
After sweep 47 energy=25.304605292345222  maxlinkdim=1000 maxerr=1.22E-05 time=218.821
After sweep 48 energy=25.303339801304006  maxlinkdim=1000 maxerr=1.25E-05 time=218.542
After sweep 49 energy=25.302570272089298  maxlinkdim=1000 maxerr=1.21E-05 time=220.690
After sweep 50 energy=25.30207384333582  maxlinkdim=1000 maxerr=1.22E-05 time=218.784
After sweep 51 energy=25.301744986050902  maxlinkdim=1000 maxerr=1.22E-05 time=215.732
After sweep 52 energy=25.301512645492636  maxlinkdim=1000 maxerr=1.22E-05 time=216.804
After sweep 53 energy=25.301343243038332  maxlinkdim=1000 maxerr=1.22E-05 time=214.634
After sweep 54 energy=25.30121765869723  maxlinkdim=1000 maxerr=1.22E-05 time=213.831
After sweep 55 energy=25.30112495359207  maxlinkdim=1000 maxerr=1.22E-05 time=211.540
After sweep 56 energy=25.30104633845294  maxlinkdim=1000 maxerr=1.21E-05 time=213.502
After sweep 57 energy=25.300981671264335  maxlinkdim=1000 maxerr=1.22E-05 time=216.341
After sweep 58 energy=25.300927405814793  maxlinkdim=1000 maxerr=1.23E-05 time=220.436
After sweep 59 energy=25.30087704677257  maxlinkdim=1000 maxerr=1.24E-05 time=222.675
After sweep 60 energy=25.300834211403455  maxlinkdim=1000 maxerr=1.25E-05 time=216.710
After sweep 61 energy=25.300800025561166  maxlinkdim=1000 maxerr=1.25E-05 time=210.016
After sweep 62 energy=25.300767851606658  maxlinkdim=1000 maxerr=1.26E-05 time=209.370
After sweep 63 energy=25.300735959561322  maxlinkdim=1000 maxerr=1.26E-05 time=206.470
After sweep 64 energy=25.3007120812549  maxlinkdim=1000 maxerr=1.27E-05 time=203.233
After sweep 65 energy=25.30068992190005  maxlinkdim=1000 maxerr=1.27E-05 time=206.141
After sweep 66 energy=25.300667167724132  maxlinkdim=1000 maxerr=1.27E-05 time=208.163
After sweep 67 energy=25.30064746615992  maxlinkdim=1000 maxerr=1.27E-05 time=206.025
After sweep 68 energy=25.300630263354368  maxlinkdim=1000 maxerr=1.28E-05 time=204.389
After sweep 69 energy=25.300615897939643  maxlinkdim=1000 maxerr=1.28E-05 time=205.181
After sweep 70 energy=25.300601635858683  maxlinkdim=1000 maxerr=1.28E-05 time=207.425
After sweep 71 energy=25.30058563534398  maxlinkdim=1000 maxerr=1.28E-05 time=208.864
After sweep 72 energy=25.30057326054872  maxlinkdim=1000 maxerr=1.28E-05 time=208.035
After sweep 73 energy=25.300558580079304  maxlinkdim=1000 maxerr=1.28E-05 time=208.722
After sweep 74 energy=25.300547306720688  maxlinkdim=1000 maxerr=1.29E-05 time=205.994
After sweep 75 energy=25.300539476150018  maxlinkdim=1000 maxerr=1.28E-05 time=211.753
After sweep 76 energy=25.300528117388243  maxlinkdim=1000 maxerr=1.29E-05 time=211.697
After sweep 77 energy=25.30052285725989  maxlinkdim=1000 maxerr=1.29E-05 time=213.512
After sweep 78 energy=25.300511091289085  maxlinkdim=1000 maxerr=1.29E-05 time=215.558
After sweep 79 energy=25.300501466345768  maxlinkdim=1000 maxerr=1.29E-05 time=216.287
After sweep 80 energy=25.300493314639002  maxlinkdim=1000 maxerr=1.29E-05 time=217.772
After sweep 81 energy=25.30048612898403  maxlinkdim=1000 maxerr=1.29E-05 time=213.613
After sweep 82 energy=25.30047998142704  maxlinkdim=1000 maxerr=1.29E-05 time=214.827
After sweep 83 energy=25.30047260932424  maxlinkdim=1000 maxerr=1.29E-05 time=217.129
After sweep 84 energy=25.300467510274682  maxlinkdim=1000 maxerr=1.29E-05 time=217.370
After sweep 85 energy=25.30046332728584  maxlinkdim=1000 maxerr=1.29E-05 time=222.649
After sweep 86 energy=25.30045597900051  maxlinkdim=1000 maxerr=1.29E-05 time=217.014
After sweep 87 energy=25.300450117306617  maxlinkdim=1000 maxerr=1.29E-05 time=215.515
After sweep 88 energy=25.300446185529303  maxlinkdim=1000 maxerr=1.29E-05 time=219.578
After sweep 89 energy=25.30044106752542  maxlinkdim=1000 maxerr=1.29E-05 time=224.312
After sweep 90 energy=25.30043683969436  maxlinkdim=1000 maxerr=1.29E-05 time=222.591
After sweep 91 energy=25.30043178403628  maxlinkdim=1000 maxerr=1.29E-05 time=223.108
After sweep 92 energy=25.30042568137747  maxlinkdim=1000 maxerr=1.29E-05 time=221.570
After sweep 93 energy=25.30042081642278  maxlinkdim=1000 maxerr=1.29E-05 time=219.774
After sweep 94 energy=25.30041716514634  maxlinkdim=1000 maxerr=1.29E-05 time=220.911
After sweep 95 energy=25.300414469610477  maxlinkdim=1000 maxerr=1.29E-05 time=225.344
After sweep 96 energy=25.300411467651994  maxlinkdim=1000 maxerr=1.29E-05 time=223.096
After sweep 97 energy=25.30040720976056  maxlinkdim=1000 maxerr=1.29E-05 time=223.995
After sweep 98 energy=25.30040454017769  maxlinkdim=1000 maxerr=1.30E-05 time=223.530
After sweep 99 energy=25.30040241859841  maxlinkdim=1000 maxerr=1.30E-05 time=221.026
After sweep 100 energy=25.300400259466116  maxlinkdim=1000 maxerr=1.30E-05 time=220.286
  E(N-1) = 25.300400259466116

[3/3] Computing E(N=120)
  Initial state: 120 particles (60 up, 60 dn)
After sweep 1 energy=53.27978358250495  maxlinkdim=20 maxerr=4.08E-04 time=12.545
After sweep 2 energy=43.9015044470086  maxlinkdim=50 maxerr=9.00E-06 time=28.470
After sweep 3 energy=39.960156749816726  maxlinkdim=100 maxerr=3.22E-06 time=42.227
After sweep 4 energy=37.022199493680496  maxlinkdim=200 maxerr=2.18E-07 time=69.097
After sweep 5 energy=34.60173101830219  maxlinkdim=1000 maxerr=2.17E-10 time=85.246
After sweep 6 energy=33.40435217779901  maxlinkdim=1000 maxerr=5.77E-09 time=115.739
After sweep 7 energy=32.67679668891374  maxlinkdim=1000 maxerr=9.77E-09 time=125.223
After sweep 8 energy=32.01973428606469  maxlinkdim=1000 maxerr=4.54E-08 time=137.461
After sweep 9 energy=31.452745507589785  maxlinkdim=1000 maxerr=7.62E-08 time=149.088
After sweep 10 energy=31.086778498748956  maxlinkdim=1000 maxerr=8.28E-08 time=151.037
After sweep 11 energy=30.739436024952653  maxlinkdim=1000 maxerr=1.91E-07 time=151.105
After sweep 12 energy=30.49259993777728  maxlinkdim=1000 maxerr=2.61E-07 time=163.442
After sweep 13 energy=30.30513085958022  maxlinkdim=1000 maxerr=3.17E-07 time=165.207
After sweep 14 energy=30.166351166885295  maxlinkdim=1000 maxerr=2.19E-07 time=169.247
After sweep 15 energy=30.0542694349612  maxlinkdim=1000 maxerr=7.66E-08 time=171.700
After sweep 16 energy=29.958702587713017  maxlinkdim=1000 maxerr=1.04E-07 time=179.640
After sweep 17 energy=29.864513259230375  maxlinkdim=1000 maxerr=1.39E-07 time=183.487
After sweep 18 energy=29.78122359286266  maxlinkdim=1000 maxerr=1.24E-07 time=188.048
After sweep 19 energy=29.681542047914476  maxlinkdim=1000 maxerr=2.26E-07 time=203.023
After sweep 20 energy=29.60316810523007  maxlinkdim=1000 maxerr=2.35E-07 time=210.879
After sweep 21 energy=29.533952082319924  maxlinkdim=1000 maxerr=2.37E-07 time=206.667
After sweep 22 energy=29.476789519687138  maxlinkdim=1000 maxerr=1.67E-07 time=200.847
After sweep 23 energy=29.418021720073938  maxlinkdim=1000 maxerr=3.05E-07 time=202.781
After sweep 24 energy=29.37058529085009  maxlinkdim=1000 maxerr=1.69E-07 time=199.806
After sweep 25 energy=29.327331245993275  maxlinkdim=1000 maxerr=2.18E-07 time=202.897
After sweep 26 energy=29.282516604840247  maxlinkdim=1000 maxerr=4.46E-07 time=201.711
After sweep 27 energy=29.24389998660175  maxlinkdim=1000 maxerr=5.25E-07 time=203.337
After sweep 28 energy=29.20753198475309  maxlinkdim=1000 maxerr=2.88E-07 time=217.484
After sweep 29 energy=29.16724831427065  maxlinkdim=1000 maxerr=2.59E-06 time=213.578
After sweep 30 energy=29.135784849512536  maxlinkdim=1000 maxerr=3.73E-07 time=217.440
After sweep 31 energy=29.10770497934545  maxlinkdim=1000 maxerr=5.66E-07 time=218.835
After sweep 32 energy=29.078119076315353  maxlinkdim=1000 maxerr=1.77E-06 time=216.227
After sweep 33 energy=29.051194021264102  maxlinkdim=1000 maxerr=1.41E-06 time=212.625
After sweep 34 energy=29.019220220033507  maxlinkdim=1000 maxerr=4.67E-06 time=206.924
After sweep 35 energy=28.989899550949197  maxlinkdim=1000 maxerr=4.28E-06 time=212.938
After sweep 36 energy=28.959253308511816  maxlinkdim=1000 maxerr=4.83E-06 time=218.000
After sweep 37 energy=28.93375542240101  maxlinkdim=1000 maxerr=2.97E-06 time=219.508
After sweep 38 energy=28.90858784894589  maxlinkdim=1000 maxerr=3.59E-06 time=214.531
After sweep 39 energy=28.886630202204838  maxlinkdim=1000 maxerr=3.68E-06 time=209.522
After sweep 40 energy=28.866023684652045  maxlinkdim=1000 maxerr=5.60E-06 time=210.863
After sweep 41 energy=28.84585553218208  maxlinkdim=1000 maxerr=5.80E-06 time=214.651
After sweep 42 energy=28.827535431747176  maxlinkdim=1000 maxerr=3.71E-06 time=215.473
After sweep 43 energy=28.81170069555298  maxlinkdim=1000 maxerr=3.48E-06 time=212.772
After sweep 44 energy=28.788049162033417  maxlinkdim=1000 maxerr=1.10E-05 time=215.394
After sweep 45 energy=28.760306416480542  maxlinkdim=1000 maxerr=8.42E-06 time=216.697
After sweep 46 energy=28.741900657391895  maxlinkdim=1000 maxerr=1.12E-05 time=214.359
After sweep 47 energy=28.7291882476504  maxlinkdim=1000 maxerr=1.09E-05 time=210.836
After sweep 48 energy=28.71867251242912  maxlinkdim=1000 maxerr=8.84E-06 time=220.388
After sweep 49 energy=28.709249059018916  maxlinkdim=1000 maxerr=8.23E-06 time=215.930
After sweep 50 energy=28.70280756768956  maxlinkdim=1000 maxerr=8.68E-06 time=217.777
After sweep 51 energy=28.698379750657057  maxlinkdim=1000 maxerr=7.92E-06 time=216.987
After sweep 52 energy=28.69554678318195  maxlinkdim=1000 maxerr=7.19E-06 time=215.971
After sweep 53 energy=28.693722270856327  maxlinkdim=1000 maxerr=6.90E-06 time=214.854
After sweep 54 energy=28.692612036403585  maxlinkdim=1000 maxerr=6.80E-06 time=215.771
After sweep 55 energy=28.69199299615996  maxlinkdim=1000 maxerr=6.35E-06 time=213.262
After sweep 56 energy=28.69164966989926  maxlinkdim=1000 maxerr=6.18E-06 time=213.676
After sweep 57 energy=28.69145218017111  maxlinkdim=1000 maxerr=6.13E-06 time=217.561
After sweep 58 energy=28.69133863301129  maxlinkdim=1000 maxerr=6.14E-06 time=216.996
After sweep 59 energy=28.691271564370574  maxlinkdim=1000 maxerr=6.17E-06 time=214.169
After sweep 60 energy=28.691235468709436  maxlinkdim=1000 maxerr=6.15E-06 time=211.018
After sweep 61 energy=28.691211647033768  maxlinkdim=1000 maxerr=6.09E-06 time=216.487
After sweep 62 energy=28.69119831185847  maxlinkdim=1000 maxerr=6.09E-06 time=219.218
After sweep 63 energy=28.69118889913716  maxlinkdim=1000 maxerr=6.09E-06 time=219.778
After sweep 64 energy=28.691177036342967  maxlinkdim=1000 maxerr=6.09E-06 time=222.937
After sweep 65 energy=28.691171451076436  maxlinkdim=1000 maxerr=6.10E-06 time=224.291
After sweep 66 energy=28.691168749509558  maxlinkdim=1000 maxerr=6.11E-06 time=219.290
After sweep 67 energy=28.691167435666138  maxlinkdim=1000 maxerr=6.12E-06 time=222.556
After sweep 68 energy=28.691162794613  maxlinkdim=1000 maxerr=6.12E-06 time=220.613
After sweep 69 energy=28.691164383258553  maxlinkdim=1000 maxerr=6.12E-06 time=216.424
After sweep 70 energy=28.691160711865187  maxlinkdim=1000 maxerr=6.12E-06 time=220.237
After sweep 71 energy=28.691159246323263  maxlinkdim=1000 maxerr=6.11E-06 time=221.344
After sweep 72 energy=28.691159708801298  maxlinkdim=1000 maxerr=6.09E-06 time=219.021
After sweep 73 energy=28.691158241988457  maxlinkdim=1000 maxerr=6.09E-06 time=207.547
After sweep 74 energy=28.69115676071162  maxlinkdim=1000 maxerr=6.09E-06 time=203.124
After sweep 75 energy=28.691157569054724  maxlinkdim=1000 maxerr=6.09E-06 time=205.110
After sweep 76 energy=28.69115597931802  maxlinkdim=1000 maxerr=6.09E-06 time=209.438
After sweep 77 energy=28.691155879061377  maxlinkdim=1000 maxerr=6.09E-06 time=209.932
After sweep 78 energy=28.69115611158452  maxlinkdim=1000 maxerr=6.10E-06 time=210.166
After sweep 79 energy=28.691154877407875  maxlinkdim=1000 maxerr=6.10E-06 time=213.039
After sweep 80 energy=28.691155100104663  maxlinkdim=1000 maxerr=6.10E-06 time=210.883
After sweep 81 energy=28.691154752633697  maxlinkdim=1000 maxerr=6.10E-06 time=208.933
After sweep 82 energy=28.691154960980295  maxlinkdim=1000 maxerr=6.10E-06 time=210.971
After sweep 83 energy=28.691154316193725  maxlinkdim=1000 maxerr=6.10E-06 time=217.979
After sweep 84 energy=28.691154509590014  maxlinkdim=1000 maxerr=6.10E-06 time=226.374
After sweep 85 energy=28.691153989731916  maxlinkdim=1000 maxerr=6.10E-06 time=222.202
After sweep 86 energy=28.6911536574882  maxlinkdim=1000 maxerr=6.09E-06 time=222.766
After sweep 87 energy=28.69115469534173  maxlinkdim=1000 maxerr=6.09E-06 time=220.768
After sweep 88 energy=28.69115369366328  maxlinkdim=1000 maxerr=6.09E-06 time=219.579
After sweep 89 energy=28.691153431275524  maxlinkdim=1000 maxerr=6.09E-06 time=221.794
After sweep 90 energy=28.69115311177432  maxlinkdim=1000 maxerr=6.09E-06 time=216.595
After sweep 91 energy=28.691152764996865  maxlinkdim=1000 maxerr=6.09E-06 time=212.835
After sweep 92 energy=28.69115270444711  maxlinkdim=1000 maxerr=6.09E-06 time=216.573
After sweep 93 energy=28.691152642612074  maxlinkdim=1000 maxerr=6.09E-06 time=218.623
After sweep 94 energy=28.691152540082037  maxlinkdim=1000 maxerr=6.09E-06 time=221.972
After sweep 95 energy=28.69115248135823  maxlinkdim=1000 maxerr=6.09E-06 time=224.678
After sweep 96 energy=28.69115236905354  maxlinkdim=1000 maxerr=6.09E-06 time=221.038
After sweep 97 energy=28.691152743080927  maxlinkdim=1000 maxerr=6.09E-06 time=221.566
After sweep 98 energy=28.69115250649729  maxlinkdim=1000 maxerr=6.09E-06 time=210.126
After sweep 99 energy=28.691152365497622  maxlinkdim=1000 maxerr=6.09E-06 time=210.694
After sweep 100 energy=28.691153003022194  maxlinkdim=1000 maxerr=6.09E-06 time=212.924
  E(N) = 28.691153003022194

============================================================
RESULTS:
  E(118) = 21.822001327341088
  E(119) = 25.300400259466116
  E(120)     = 28.691153003022194
  E_p = -0.08764619  (attractive hole pairing)
============================================================
RESULT: E_p = -0.08764618856895368
