Calculating pair binding energy for ladder
L=64, U=8.0, V=0.0, t0=0.0, density=0.875
============================================================
Pair binding energy for Hubbard ladder
L = 64 rungs, 128 sites
U = 8.0, V = 0.0, t = 1.0, t0 = 0.0, density = 0.875
N_base = 112
============================================================

[1/3] Computing E(N-2=110)
  Initial state: 110 particles (55 up, 55 dn)
After sweep 1 energy=-9.02278956607153  maxlinkdim=20 maxerr=1.03E-05 time=42.294
After sweep 2 energy=-14.818674092745564  maxlinkdim=50 maxerr=4.94E-07 time=16.886
After sweep 3 energy=-18.433904329888787  maxlinkdim=100 maxerr=2.27E-08 time=24.351
After sweep 4 energy=-21.031679449940736  maxlinkdim=200 maxerr=4.49E-10 time=28.792
After sweep 5 energy=-23.735707385911102  maxlinkdim=302 maxerr=9.99E-11 time=21.798
After sweep 6 energy=-25.83533574996581  maxlinkdim=454 maxerr=9.99E-11 time=20.915
After sweep 7 energy=-26.56318137060429  maxlinkdim=288 maxerr=9.98E-11 time=20.056
After sweep 8 energy=-27.182322703582805  maxlinkdim=258 maxerr=1.00E-10 time=19.516
After sweep 9 energy=-27.59154197094715  maxlinkdim=233 maxerr=9.99E-11 time=19.962
After sweep 10 energy=-28.592957226385366  maxlinkdim=222 maxerr=1.00E-10 time=20.835
After sweep 11 energy=-28.94885589288676  maxlinkdim=215 maxerr=9.98E-11 time=21.412
After sweep 12 energy=-29.370209904372707  maxlinkdim=219 maxerr=9.98E-11 time=21.671
After sweep 13 energy=-30.258179680787073  maxlinkdim=312 maxerr=9.99E-11 time=22.867
After sweep 14 energy=-30.535740022056466  maxlinkdim=324 maxerr=1.00E-10 time=23.737
After sweep 15 energy=-30.745110246827245  maxlinkdim=493 maxerr=9.99E-11 time=24.011
After sweep 16 energy=-30.99371508908845  maxlinkdim=510 maxerr=9.99E-11 time=25.413
After sweep 17 energy=-31.240400758945373  maxlinkdim=592 maxerr=9.98E-11 time=27.774
After sweep 18 energy=-31.340964484823832  maxlinkdim=806 maxerr=1.00E-10 time=34.627
After sweep 19 energy=-34.244732473551075  maxlinkdim=1000 maxerr=1.59E-09 time=45.738
After sweep 20 energy=-34.79349343073847  maxlinkdim=1000 maxerr=1.27E-09 time=52.852
After sweep 21 energy=-35.169717752006434  maxlinkdim=1000 maxerr=1.92E-09 time=56.439
After sweep 22 energy=-37.64070867334423  maxlinkdim=1000 maxerr=2.18E-08 time=63.133
After sweep 23 energy=-38.64099695277663  maxlinkdim=1000 maxerr=2.60E-08 time=69.195
After sweep 24 energy=-39.66259304914516  maxlinkdim=1000 maxerr=1.67E-07 time=74.159
After sweep 25 energy=-41.66266951212064  maxlinkdim=1000 maxerr=1.60E-07 time=80.683
After sweep 26 energy=-42.903276385595746  maxlinkdim=1000 maxerr=1.73E-07 time=85.836
After sweep 27 energy=-43.449674001213644  maxlinkdim=1000 maxerr=2.46E-07 time=87.980
After sweep 28 energy=-44.724093098977285  maxlinkdim=1000 maxerr=1.33E-07 time=92.166
After sweep 29 energy=-46.31149767884376  maxlinkdim=1000 maxerr=1.80E-07 time=101.959
After sweep 30 energy=-47.46187547706228  maxlinkdim=1000 maxerr=1.80E-07 time=107.308
After sweep 31 energy=-48.90139846955732  maxlinkdim=1000 maxerr=2.62E-07 time=114.442
After sweep 32 energy=-50.13618981588969  maxlinkdim=1000 maxerr=4.36E-07 time=115.705
After sweep 33 energy=-51.1697222556709  maxlinkdim=1000 maxerr=7.33E-07 time=112.872
After sweep 34 energy=-51.864355197654135  maxlinkdim=1000 maxerr=5.83E-07 time=113.058
After sweep 35 energy=-52.47918690978174  maxlinkdim=1000 maxerr=8.67E-07 time=115.607
After sweep 36 energy=-53.18673902342558  maxlinkdim=1000 maxerr=5.50E-07 time=121.780
After sweep 37 energy=-54.0735638973581  maxlinkdim=1000 maxerr=6.09E-07 time=129.125
After sweep 38 energy=-55.14576280942599  maxlinkdim=1000 maxerr=1.55E-06 time=134.089
After sweep 39 energy=-56.52338671416637  maxlinkdim=1000 maxerr=7.00E-07 time=136.798
After sweep 40 energy=-57.206007897036486  maxlinkdim=1000 maxerr=7.88E-07 time=140.878
After sweep 41 energy=-57.703688351004715  maxlinkdim=1000 maxerr=1.40E-06 time=143.157
After sweep 42 energy=-58.385376975298996  maxlinkdim=1000 maxerr=5.55E-07 time=153.461
After sweep 43 energy=-59.103533048535134  maxlinkdim=1000 maxerr=4.70E-07 time=155.489
After sweep 44 energy=-59.589154815970936  maxlinkdim=1000 maxerr=4.05E-07 time=160.147
After sweep 45 energy=-60.10483644912574  maxlinkdim=1000 maxerr=5.80E-07 time=162.158
After sweep 46 energy=-60.77754510975726  maxlinkdim=1000 maxerr=1.49E-06 time=170.287
After sweep 47 energy=-61.42920445044212  maxlinkdim=1000 maxerr=6.18E-07 time=174.419
After sweep 48 energy=-62.03495033252044  maxlinkdim=1000 maxerr=5.75E-07 time=172.379
After sweep 49 energy=-62.628464091300216  maxlinkdim=1000 maxerr=8.41E-07 time=169.115
After sweep 50 energy=-63.02897369978556  maxlinkdim=1000 maxerr=4.23E-07 time=166.610
After sweep 51 energy=-63.3735902135895  maxlinkdim=1000 maxerr=4.12E-07 time=165.685
After sweep 52 energy=-63.6864403764442  maxlinkdim=1000 maxerr=9.36E-07 time=167.832
After sweep 53 energy=-63.920568554496214  maxlinkdim=1000 maxerr=6.68E-07 time=165.768
After sweep 54 energy=-64.42309036914102  maxlinkdim=1000 maxerr=3.54E-05 time=164.888
After sweep 55 energy=-64.85067464488098  maxlinkdim=1000 maxerr=1.50E-05 time=169.796
After sweep 56 energy=-65.45168829952718  maxlinkdim=1000 maxerr=2.07E-05 time=170.123
After sweep 57 energy=-66.0438501235206  maxlinkdim=1000 maxerr=2.01E-05 time=182.319
After sweep 58 energy=-66.35305363362728  maxlinkdim=1000 maxerr=2.35E-05 time=181.533
After sweep 59 energy=-66.56866659465688  maxlinkdim=1000 maxerr=5.43E-05 time=176.224
After sweep 60 energy=-66.79278432436509  maxlinkdim=1000 maxerr=4.73E-05 time=178.982
After sweep 61 energy=-67.08182207873409  maxlinkdim=1000 maxerr=2.87E-05 time=167.182
After sweep 62 energy=-67.42041176946606  maxlinkdim=1000 maxerr=2.34E-05 time=165.794
After sweep 63 energy=-67.65123185134856  maxlinkdim=1000 maxerr=2.77E-05 time=167.595
After sweep 64 energy=-67.81443178559557  maxlinkdim=1000 maxerr=2.41E-05 time=172.188
After sweep 65 energy=-67.96360340768581  maxlinkdim=1000 maxerr=2.02E-05 time=177.909
After sweep 66 energy=-68.11695678096687  maxlinkdim=1000 maxerr=2.98E-05 time=173.780
After sweep 67 energy=-68.24969827712677  maxlinkdim=1000 maxerr=2.69E-05 time=176.891
After sweep 68 energy=-68.34909071505393  maxlinkdim=1000 maxerr=2.57E-05 time=161.183
After sweep 69 energy=-68.41885765991752  maxlinkdim=1000 maxerr=2.32E-05 time=157.987
After sweep 70 energy=-68.47310501228438  maxlinkdim=1000 maxerr=1.91E-05 time=158.259
After sweep 71 energy=-68.51762077088611  maxlinkdim=1000 maxerr=1.63E-05 time=156.700
After sweep 72 energy=-68.55621428179552  maxlinkdim=1000 maxerr=1.70E-05 time=159.836
After sweep 73 energy=-68.6678448713886  maxlinkdim=1000 maxerr=1.93E-05 time=165.304
After sweep 74 energy=-68.795714663214  maxlinkdim=1000 maxerr=2.16E-05 time=177.357
After sweep 75 energy=-68.89310035933124  maxlinkdim=1000 maxerr=3.35E-05 time=178.083
After sweep 76 energy=-68.93616570517769  maxlinkdim=1000 maxerr=2.00E-05 time=176.209
After sweep 77 energy=-68.95969180562436  maxlinkdim=1000 maxerr=2.13E-05 time=176.965
After sweep 78 energy=-68.97066253309121  maxlinkdim=1000 maxerr=1.54E-05 time=178.218
After sweep 79 energy=-68.97573274681602  maxlinkdim=1000 maxerr=1.25E-05 time=177.465
After sweep 80 energy=-68.97800058069078  maxlinkdim=1000 maxerr=1.15E-05 time=185.464
After sweep 81 energy=-68.97900505204262  maxlinkdim=1000 maxerr=1.08E-05 time=183.241
After sweep 82 energy=-68.97951355199675  maxlinkdim=1000 maxerr=1.05E-05 time=174.956
After sweep 83 energy=-68.97980384168255  maxlinkdim=1000 maxerr=1.04E-05 time=173.682
After sweep 84 energy=-68.98001311793853  maxlinkdim=1000 maxerr=1.03E-05 time=178.702
After sweep 85 energy=-68.98018240338327  maxlinkdim=1000 maxerr=1.03E-05 time=180.106
After sweep 86 energy=-68.98032376464488  maxlinkdim=1000 maxerr=1.03E-05 time=171.873
After sweep 87 energy=-68.9804286804933  maxlinkdim=1000 maxerr=1.03E-05 time=179.303
After sweep 88 energy=-68.98052099294866  maxlinkdim=1000 maxerr=1.03E-05 time=187.322
After sweep 89 energy=-68.98056602310854  maxlinkdim=1000 maxerr=1.02E-05 time=186.634
After sweep 90 energy=-68.98059206489205  maxlinkdim=1000 maxerr=1.02E-05 time=180.873
After sweep 91 energy=-68.98062446427927  maxlinkdim=1000 maxerr=1.02E-05 time=181.324
After sweep 92 energy=-68.98066068935063  maxlinkdim=1000 maxerr=1.02E-05 time=184.298
After sweep 93 energy=-68.98069593596792  maxlinkdim=1000 maxerr=1.01E-05 time=184.103
After sweep 94 energy=-68.98074372973612  maxlinkdim=1000 maxerr=1.01E-05 time=186.784
After sweep 95 energy=-68.98076123838905  maxlinkdim=1000 maxerr=1.01E-05 time=184.198
After sweep 96 energy=-68.98081638706361  maxlinkdim=1000 maxerr=1.01E-05 time=171.355
After sweep 97 energy=-68.98085180550045  maxlinkdim=1000 maxerr=1.01E-05 time=171.825
After sweep 98 energy=-68.9808650239983  maxlinkdim=1000 maxerr=1.01E-05 time=171.002
After sweep 99 energy=-68.98089190172621  maxlinkdim=1000 maxerr=1.01E-05 time=171.020
After sweep 100 energy=-68.98091557934309  maxlinkdim=1000 maxerr=1.01E-05 time=169.222
  E(N-2) = -68.98091557934309

[2/3] Computing E(N-1=111)
  Initial state: 111 particles (56 up, 55 dn)
After sweep 1 energy=-9.021723375775144  maxlinkdim=20 maxerr=9.98E-06 time=5.097
After sweep 2 energy=-14.309338502526492  maxlinkdim=50 maxerr=3.60E-07 time=13.857
After sweep 3 energy=-18.413850063054934  maxlinkdim=100 maxerr=2.89E-08 time=19.256
After sweep 4 energy=-20.755009837613045  maxlinkdim=200 maxerr=1.63E-10 time=22.165
After sweep 5 energy=-23.281254867758186  maxlinkdim=218 maxerr=1.00E-10 time=16.175
After sweep 6 energy=-25.06526713688066  maxlinkdim=271 maxerr=9.98E-11 time=17.275
After sweep 7 energy=-26.60034902538593  maxlinkdim=380 maxerr=9.99E-11 time=18.335
After sweep 8 energy=-27.690412963894822  maxlinkdim=459 maxerr=9.99E-11 time=20.286
After sweep 9 energy=-28.564801084458473  maxlinkdim=553 maxerr=1.00E-10 time=22.712
After sweep 10 energy=-29.178675375523895  maxlinkdim=695 maxerr=1.00E-10 time=26.876
After sweep 11 energy=-30.442341675281217  maxlinkdim=1000 maxerr=2.29E-09 time=34.213
After sweep 12 energy=-32.238690615218275  maxlinkdim=1000 maxerr=5.07E-08 time=45.662
After sweep 13 energy=-32.82487479403914  maxlinkdim=1000 maxerr=3.98E-08 time=49.719
After sweep 14 energy=-33.093325139363074  maxlinkdim=1000 maxerr=3.10E-08 time=51.154
After sweep 15 energy=-33.952996189482434  maxlinkdim=1000 maxerr=1.65E-07 time=53.641
After sweep 16 energy=-34.506022759826905  maxlinkdim=1000 maxerr=1.10E-07 time=56.893
After sweep 17 energy=-34.77540239997073  maxlinkdim=1000 maxerr=6.80E-08 time=58.701
After sweep 18 energy=-35.700267461065685  maxlinkdim=1000 maxerr=4.78E-07 time=60.214
After sweep 19 energy=-36.11464914246476  maxlinkdim=1000 maxerr=1.93E-07 time=63.236
After sweep 20 energy=-36.71293326668012  maxlinkdim=1000 maxerr=8.77E-07 time=65.880
After sweep 21 energy=-37.46987304847592  maxlinkdim=1000 maxerr=1.43E-06 time=67.957
After sweep 22 energy=-38.76422268799938  maxlinkdim=1000 maxerr=1.55E-06 time=71.208
After sweep 23 energy=-39.31600246387431  maxlinkdim=1000 maxerr=6.06E-07 time=72.905
After sweep 24 energy=-39.81468179386452  maxlinkdim=1000 maxerr=7.30E-07 time=72.973
After sweep 25 energy=-40.096523360124  maxlinkdim=1000 maxerr=3.37E-07 time=74.305
After sweep 26 energy=-40.43192164270009  maxlinkdim=1000 maxerr=4.43E-07 time=75.075
After sweep 27 energy=-41.00528120859602  maxlinkdim=1000 maxerr=4.42E-07 time=74.626
After sweep 28 energy=-41.95802424052652  maxlinkdim=1000 maxerr=3.47E-07 time=75.737
After sweep 29 energy=-42.42465084234136  maxlinkdim=1000 maxerr=4.27E-07 time=78.532
After sweep 30 energy=-42.75783817276842  maxlinkdim=1000 maxerr=4.65E-07 time=79.659
After sweep 31 energy=-43.08045932810471  maxlinkdim=1000 maxerr=5.47E-07 time=80.429
After sweep 32 energy=-43.954746945658435  maxlinkdim=1000 maxerr=1.16E-06 time=83.335
After sweep 33 energy=-44.55125645977566  maxlinkdim=1000 maxerr=4.68E-07 time=88.118
After sweep 34 energy=-45.10256304740104  maxlinkdim=1000 maxerr=6.46E-07 time=90.341
After sweep 35 energy=-45.46465087147847  maxlinkdim=1000 maxerr=4.54E-07 time=90.020
After sweep 36 energy=-45.734822866683054  maxlinkdim=1000 maxerr=4.30E-07 time=93.688
After sweep 37 energy=-45.98002227950427  maxlinkdim=1000 maxerr=4.74E-07 time=93.027
After sweep 38 energy=-47.02930181693609  maxlinkdim=1000 maxerr=1.10E-05 time=92.092
After sweep 39 energy=-48.19202606190681  maxlinkdim=1000 maxerr=1.54E-05 time=98.516
After sweep 40 energy=-49.19375622323516  maxlinkdim=1000 maxerr=1.75E-05 time=101.265
After sweep 41 energy=-49.672327372816916  maxlinkdim=1000 maxerr=2.78E-05 time=104.198
After sweep 42 energy=-51.269215425575474  maxlinkdim=1000 maxerr=5.54E-05 time=105.716
After sweep 43 energy=-51.78230544304494  maxlinkdim=1000 maxerr=2.92E-05 time=111.666
After sweep 44 energy=-52.577830825813116  maxlinkdim=1000 maxerr=6.65E-05 time=114.921
After sweep 45 energy=-54.12525840504272  maxlinkdim=1000 maxerr=6.74E-05 time=122.067
After sweep 46 energy=-55.40768329179061  maxlinkdim=1000 maxerr=2.83E-05 time=127.089
After sweep 47 energy=-57.09443126936035  maxlinkdim=1000 maxerr=2.12E-05 time=137.489
After sweep 48 energy=-58.36060066850685  maxlinkdim=1000 maxerr=3.58E-05 time=152.930
After sweep 49 energy=-59.49039134404351  maxlinkdim=1000 maxerr=2.70E-05 time=159.492
After sweep 50 energy=-60.432996557663486  maxlinkdim=1000 maxerr=3.23E-05 time=165.556
After sweep 51 energy=-61.51643027628094  maxlinkdim=1000 maxerr=2.22E-05 time=174.034
After sweep 52 energy=-62.4390051903542  maxlinkdim=1000 maxerr=1.96E-05 time=176.466
After sweep 53 energy=-63.176978998374736  maxlinkdim=1000 maxerr=2.03E-05 time=178.498
After sweep 54 energy=-63.81086704901142  maxlinkdim=1000 maxerr=2.50E-05 time=175.590
After sweep 55 energy=-64.4189914108974  maxlinkdim=1000 maxerr=2.77E-05 time=176.734
After sweep 56 energy=-64.99325825112149  maxlinkdim=1000 maxerr=2.96E-05 time=174.851
After sweep 57 energy=-65.44385476926489  maxlinkdim=1000 maxerr=2.89E-05 time=178.689
After sweep 58 energy=-65.77303862845686  maxlinkdim=1000 maxerr=3.82E-05 time=183.708
After sweep 59 energy=-66.01571389115779  maxlinkdim=1000 maxerr=3.00E-05 time=181.767
After sweep 60 energy=-66.19972755564214  maxlinkdim=1000 maxerr=2.88E-05 time=180.730
After sweep 61 energy=-66.35315702450802  maxlinkdim=1000 maxerr=1.88E-05 time=180.967
After sweep 62 energy=-66.52083829830632  maxlinkdim=1000 maxerr=3.57E-05 time=182.224
After sweep 63 energy=-66.65847309543165  maxlinkdim=1000 maxerr=1.92E-05 time=181.095
After sweep 64 energy=-66.76016704338456  maxlinkdim=1000 maxerr=1.91E-05 time=181.483
After sweep 65 energy=-66.8475122462995  maxlinkdim=1000 maxerr=2.32E-05 time=181.681
After sweep 66 energy=-66.92006709085744  maxlinkdim=1000 maxerr=2.16E-05 time=183.735
After sweep 67 energy=-66.98164264743451  maxlinkdim=1000 maxerr=2.15E-05 time=183.473
After sweep 68 energy=-67.03632049992899  maxlinkdim=1000 maxerr=1.62E-05 time=177.007
After sweep 69 energy=-67.08538924045067  maxlinkdim=1000 maxerr=1.62E-05 time=175.762
After sweep 70 energy=-67.1301424929654  maxlinkdim=1000 maxerr=1.61E-05 time=175.113
After sweep 71 energy=-67.17091995939607  maxlinkdim=1000 maxerr=1.57E-05 time=173.572
After sweep 72 energy=-67.29620772212336  maxlinkdim=1000 maxerr=1.71E-05 time=178.177
After sweep 73 energy=-67.43607721446767  maxlinkdim=1000 maxerr=2.04E-05 time=185.082
After sweep 74 energy=-67.50631246804397  maxlinkdim=1000 maxerr=2.32E-05 time=183.701
After sweep 75 energy=-67.55136062595018  maxlinkdim=1000 maxerr=1.91E-05 time=185.093
After sweep 76 energy=-67.58096257851672  maxlinkdim=1000 maxerr=2.04E-05 time=177.399
After sweep 77 energy=-67.60331340597902  maxlinkdim=1000 maxerr=2.44E-05 time=180.692
After sweep 78 energy=-67.61989348426445  maxlinkdim=1000 maxerr=2.56E-05 time=178.919
After sweep 79 energy=-67.63075788220942  maxlinkdim=1000 maxerr=1.93E-05 time=175.149
After sweep 80 energy=-67.63683390358155  maxlinkdim=1000 maxerr=1.61E-05 time=180.074
After sweep 81 energy=-67.64001672983095  maxlinkdim=1000 maxerr=1.51E-05 time=181.473
After sweep 82 energy=-67.64166300639621  maxlinkdim=1000 maxerr=1.28E-05 time=187.676
After sweep 83 energy=-67.6425912930756  maxlinkdim=1000 maxerr=1.22E-05 time=179.964
After sweep 84 energy=-67.64311833207496  maxlinkdim=1000 maxerr=1.30E-05 time=179.413
After sweep 85 energy=-67.6434167557004  maxlinkdim=1000 maxerr=1.34E-05 time=178.134
After sweep 86 energy=-67.64361476822023  maxlinkdim=1000 maxerr=1.28E-05 time=177.189
After sweep 87 energy=-67.64372369782934  maxlinkdim=1000 maxerr=1.21E-05 time=176.215
After sweep 88 energy=-67.64380270184827  maxlinkdim=1000 maxerr=1.19E-05 time=173.625
After sweep 89 energy=-67.6438597273411  maxlinkdim=1000 maxerr=1.19E-05 time=174.215
After sweep 90 energy=-67.6438956791882  maxlinkdim=1000 maxerr=1.19E-05 time=172.667
After sweep 91 energy=-67.64394059416527  maxlinkdim=1000 maxerr=1.18E-05 time=170.482
After sweep 92 energy=-67.64396661511014  maxlinkdim=1000 maxerr=1.18E-05 time=174.455
After sweep 93 energy=-67.6439930301493  maxlinkdim=1000 maxerr=1.19E-05 time=175.283
After sweep 94 energy=-67.64400983856474  maxlinkdim=1000 maxerr=1.19E-05 time=181.197
After sweep 95 energy=-67.64402088051999  maxlinkdim=1000 maxerr=1.19E-05 time=177.908
After sweep 96 energy=-67.64403033317272  maxlinkdim=1000 maxerr=1.19E-05 time=176.345
After sweep 97 energy=-67.64404266172997  maxlinkdim=1000 maxerr=1.19E-05 time=177.105
After sweep 98 energy=-67.6440578226053  maxlinkdim=1000 maxerr=1.18E-05 time=179.741
After sweep 99 energy=-67.64406469022599  maxlinkdim=1000 maxerr=1.18E-05 time=178.061
After sweep 100 energy=-67.64406792587089  maxlinkdim=1000 maxerr=1.18E-05 time=182.752
  E(N-1) = -67.64406792587089

[3/3] Computing E(N=112)
  Initial state: 112 particles (56 up, 56 dn)
After sweep 1 energy=-8.438222888897677  maxlinkdim=20 maxerr=1.80E-05 time=5.041
After sweep 2 energy=-15.127073550652478  maxlinkdim=50 maxerr=1.02E-06 time=13.856
After sweep 3 energy=-19.304190759009604  maxlinkdim=100 maxerr=4.74E-08 time=23.168
After sweep 4 energy=-22.204783904312844  maxlinkdim=200 maxerr=3.94E-10 time=31.762
After sweep 5 energy=-24.488206510117973  maxlinkdim=216 maxerr=1.00E-10 time=24.648
After sweep 6 energy=-26.177639614114764  maxlinkdim=257 maxerr=1.00E-10 time=24.086
After sweep 7 energy=-27.572398479108614  maxlinkdim=274 maxerr=1.00E-10 time=26.648
After sweep 8 energy=-29.03280797605853  maxlinkdim=344 maxerr=1.00E-10 time=28.484
After sweep 9 energy=-30.979062100434817  maxlinkdim=407 maxerr=1.00E-10 time=31.935
After sweep 10 energy=-32.696857357200045  maxlinkdim=474 maxerr=9.99E-11 time=35.029
After sweep 11 energy=-33.477708505172515  maxlinkdim=788 maxerr=1.00E-10 time=39.953
After sweep 12 energy=-34.659444928265714  maxlinkdim=1000 maxerr=1.43E-09 time=49.470
After sweep 13 energy=-36.46330413537888  maxlinkdim=1000 maxerr=8.61E-09 time=60.252
After sweep 14 energy=-39.173749727428124  maxlinkdim=1000 maxerr=6.40E-08 time=70.914
After sweep 15 energy=-41.898865693345996  maxlinkdim=1000 maxerr=1.36E-07 time=83.808
After sweep 16 energy=-44.07395519551838  maxlinkdim=1000 maxerr=7.00E-07 time=96.967
After sweep 17 energy=-47.37061863010156  maxlinkdim=1000 maxerr=3.41E-05 time=113.299
After sweep 18 energy=-49.59735107916945  maxlinkdim=1000 maxerr=1.58E-06 time=121.823
After sweep 19 energy=-51.196401593919795  maxlinkdim=1000 maxerr=1.48E-06 time=124.235
After sweep 20 energy=-53.26489637237016  maxlinkdim=1000 maxerr=9.08E-07 time=130.067
After sweep 21 energy=-55.67913162293886  maxlinkdim=1000 maxerr=4.84E-07 time=143.487
After sweep 22 energy=-57.94283622413846  maxlinkdim=1000 maxerr=5.70E-07 time=156.276
After sweep 23 energy=-59.68977893633212  maxlinkdim=1000 maxerr=9.71E-07 time=169.806
After sweep 24 energy=-60.53973265102539  maxlinkdim=1000 maxerr=3.63E-07 time=171.254
After sweep 25 energy=-61.176894761970814  maxlinkdim=1000 maxerr=4.33E-07 time=170.573
After sweep 26 energy=-61.70147556678281  maxlinkdim=1000 maxerr=4.30E-07 time=174.132
After sweep 27 energy=-62.29155632942798  maxlinkdim=1000 maxerr=2.75E-07 time=171.259
After sweep 28 energy=-62.83982939559104  maxlinkdim=1000 maxerr=2.85E-07 time=171.389
After sweep 29 energy=-63.22551957058176  maxlinkdim=1000 maxerr=2.91E-07 time=171.884
After sweep 30 energy=-63.517406384746664  maxlinkdim=1000 maxerr=2.94E-07 time=171.331
After sweep 31 energy=-63.76784381917858  maxlinkdim=1000 maxerr=2.86E-07 time=172.804
After sweep 32 energy=-63.98050300523649  maxlinkdim=1000 maxerr=3.54E-07 time=172.884
After sweep 33 energy=-64.15922110768501  maxlinkdim=1000 maxerr=4.10E-07 time=171.587
After sweep 34 energy=-64.30399582316784  maxlinkdim=1000 maxerr=1.75E-06 time=185.856
After sweep 35 energy=-64.45640771041708  maxlinkdim=1000 maxerr=4.32E-06 time=180.018
After sweep 36 energy=-64.59482722856153  maxlinkdim=1000 maxerr=9.35E-07 time=180.209
After sweep 37 energy=-64.95881898961322  maxlinkdim=1000 maxerr=1.39E-05 time=185.228
After sweep 38 energy=-65.24560630197145  maxlinkdim=1000 maxerr=1.75E-05 time=185.842
After sweep 39 energy=-65.40404064882435  maxlinkdim=1000 maxerr=1.92E-05 time=186.727
After sweep 40 energy=-65.51641462531096  maxlinkdim=1000 maxerr=2.49E-05 time=188.094
After sweep 41 energy=-65.60401720415605  maxlinkdim=1000 maxerr=3.55E-05 time=181.766
After sweep 42 energy=-65.68259675679364  maxlinkdim=1000 maxerr=2.96E-05 time=175.188
After sweep 43 energy=-65.75871960852697  maxlinkdim=1000 maxerr=2.95E-05 time=182.428
After sweep 44 energy=-65.83872155316591  maxlinkdim=1000 maxerr=3.37E-05 time=180.295
After sweep 45 energy=-65.92528932338234  maxlinkdim=1000 maxerr=2.80E-05 time=178.193
After sweep 46 energy=-66.010509047225  maxlinkdim=1000 maxerr=2.96E-05 time=176.805
After sweep 47 energy=-66.08463990053772  maxlinkdim=1000 maxerr=2.56E-05 time=170.018
After sweep 48 energy=-66.15380573042853  maxlinkdim=1000 maxerr=2.08E-05 time=175.644
After sweep 49 energy=-66.20846534404274  maxlinkdim=1000 maxerr=1.70E-05 time=174.161
After sweep 50 energy=-66.24343736233105  maxlinkdim=1000 maxerr=1.86E-05 time=173.051
After sweep 51 energy=-66.26770084011577  maxlinkdim=1000 maxerr=1.95E-05 time=168.295
After sweep 52 energy=-66.28186526947822  maxlinkdim=1000 maxerr=1.64E-05 time=171.323
After sweep 53 energy=-66.290764014025  maxlinkdim=1000 maxerr=1.47E-05 time=177.180
After sweep 54 energy=-66.29605772012891  maxlinkdim=1000 maxerr=1.39E-05 time=178.835
After sweep 55 energy=-66.29876089101155  maxlinkdim=1000 maxerr=1.26E-05 time=174.396
After sweep 56 energy=-66.30019236982695  maxlinkdim=1000 maxerr=1.24E-05 time=175.925
After sweep 57 energy=-66.30111997119167  maxlinkdim=1000 maxerr=1.22E-05 time=181.478
After sweep 58 energy=-66.30172111465  maxlinkdim=1000 maxerr=1.22E-05 time=185.514
After sweep 59 energy=-66.30218244697303  maxlinkdim=1000 maxerr=1.22E-05 time=188.686
After sweep 60 energy=-66.30255537278713  maxlinkdim=1000 maxerr=1.24E-05 time=177.997
After sweep 61 energy=-66.30283797246308  maxlinkdim=1000 maxerr=1.26E-05 time=182.226
After sweep 62 energy=-66.30305322510972  maxlinkdim=1000 maxerr=1.32E-05 time=182.651
After sweep 63 energy=-66.3031973346311  maxlinkdim=1000 maxerr=1.28E-05 time=173.797
After sweep 64 energy=-66.30330254452805  maxlinkdim=1000 maxerr=1.29E-05 time=173.945
After sweep 65 energy=-66.30341134198288  maxlinkdim=1000 maxerr=1.29E-05 time=174.581
After sweep 66 energy=-66.30347814463711  maxlinkdim=1000 maxerr=1.28E-05 time=175.125
After sweep 67 energy=-66.3035472333185  maxlinkdim=1000 maxerr=1.29E-05 time=176.325
After sweep 68 energy=-66.303597048913  maxlinkdim=1000 maxerr=1.29E-05 time=174.268
After sweep 69 energy=-66.30364339059872  maxlinkdim=1000 maxerr=1.28E-05 time=175.560
After sweep 70 energy=-66.30367931272782  maxlinkdim=1000 maxerr=1.28E-05 time=185.245
After sweep 71 energy=-66.30371227350965  maxlinkdim=1000 maxerr=1.29E-05 time=178.121
After sweep 72 energy=-66.3037461902503  maxlinkdim=1000 maxerr=1.31E-05 time=180.410
After sweep 73 energy=-66.30377535905087  maxlinkdim=1000 maxerr=1.31E-05 time=180.831
After sweep 74 energy=-66.30380975267884  maxlinkdim=1000 maxerr=1.32E-05 time=180.567
After sweep 75 energy=-66.303822714147  maxlinkdim=1000 maxerr=1.32E-05 time=185.386
After sweep 76 energy=-66.30386021861781  maxlinkdim=1000 maxerr=1.32E-05 time=184.665
After sweep 77 energy=-66.30392730062826  maxlinkdim=1000 maxerr=1.31E-05 time=187.415
After sweep 78 energy=-66.30398263058052  maxlinkdim=1000 maxerr=1.32E-05 time=186.332
After sweep 79 energy=-66.3040077703208  maxlinkdim=1000 maxerr=1.32E-05 time=184.708
After sweep 80 energy=-66.30402526042606  maxlinkdim=1000 maxerr=1.31E-05 time=188.986
After sweep 81 energy=-66.30404233647761  maxlinkdim=1000 maxerr=1.31E-05 time=185.572
After sweep 82 energy=-66.30407222359393  maxlinkdim=1000 maxerr=1.31E-05 time=184.029
After sweep 83 energy=-66.30409538993277  maxlinkdim=1000 maxerr=1.31E-05 time=177.749
After sweep 84 energy=-66.30412370588438  maxlinkdim=1000 maxerr=1.35E-05 time=178.459
After sweep 85 energy=-66.30414690711194  maxlinkdim=1000 maxerr=1.32E-05 time=180.721
After sweep 86 energy=-66.30416480961769  maxlinkdim=1000 maxerr=1.32E-05 time=179.628
After sweep 87 energy=-66.30418753429365  maxlinkdim=1000 maxerr=1.38E-05 time=179.957
After sweep 88 energy=-66.3041965393532  maxlinkdim=1000 maxerr=1.38E-05 time=181.145
After sweep 89 energy=-66.30420993360855  maxlinkdim=1000 maxerr=1.38E-05 time=182.024
After sweep 90 energy=-66.30424206097769  maxlinkdim=1000 maxerr=1.37E-05 time=177.742
After sweep 91 energy=-66.30425929658982  maxlinkdim=1000 maxerr=1.37E-05 time=180.214
After sweep 92 energy=-66.30427754263341  maxlinkdim=1000 maxerr=1.37E-05 time=179.811
After sweep 93 energy=-66.30428377545027  maxlinkdim=1000 maxerr=1.37E-05 time=180.888
After sweep 94 energy=-66.30429967591245  maxlinkdim=1000 maxerr=1.37E-05 time=178.509
After sweep 95 energy=-66.30431696674478  maxlinkdim=1000 maxerr=1.37E-05 time=177.018
After sweep 96 energy=-66.30433641072814  maxlinkdim=1000 maxerr=1.37E-05 time=176.701
After sweep 97 energy=-66.30434476032946  maxlinkdim=1000 maxerr=1.37E-05 time=176.488
After sweep 98 energy=-66.304352985244  maxlinkdim=1000 maxerr=1.37E-05 time=181.941
After sweep 99 energy=-66.30436429923346  maxlinkdim=1000 maxerr=1.37E-05 time=179.482
After sweep 100 energy=-66.30437080262884  maxlinkdim=1000 maxerr=1.37E-05 time=184.570
  E(N) = -66.30437080262884

============================================================
RESULTS:
  E(110) = -68.98091557934309
  E(111) = -67.64406792587089
  E(112)     = -66.30437080262884
  E_p = 0.00284947  (repulsive hole pairing)
============================================================
RESULT: E_p = 0.002849469769842017
