Calculating pair binding energy for ladder
L=64, U=8.0, V=-0.8, t0=1.0, density=0.9375
============================================================
Pair binding energy for Hubbard ladder
L = 64 rungs, 128 sites
U = 8.0, V = -0.8, t = 1.0, t0 = 1.0, density = 0.9375
N_base = 120
============================================================

[1/3] Computing E(N-2=118)
  Initial state: 118 particles (59 up, 59 dn)
After sweep 1 energy=-171.0596903462187  maxlinkdim=20 maxerr=2.51E-04 time=49.827
After sweep 2 energy=-181.07459481723504  maxlinkdim=50 maxerr=2.49E-06 time=28.686
After sweep 3 energy=-188.30687316740318  maxlinkdim=100 maxerr=2.60E-07 time=40.934
After sweep 4 energy=-190.97101837999494  maxlinkdim=200 maxerr=9.94E-09 time=62.749
After sweep 5 energy=-192.43383023314294  maxlinkdim=602 maxerr=1.00E-10 time=77.713
After sweep 6 energy=-193.09382262561175  maxlinkdim=752 maxerr=1.00E-10 time=92.137
After sweep 7 energy=-193.75722925120934  maxlinkdim=1000 maxerr=6.53E-10 time=105.254
After sweep 8 energy=-194.2914346513013  maxlinkdim=1000 maxerr=8.15E-09 time=114.140
After sweep 9 energy=-194.59488034371373  maxlinkdim=1000 maxerr=1.40E-08 time=122.760
After sweep 10 energy=-194.78988110191813  maxlinkdim=1000 maxerr=1.85E-08 time=127.916
After sweep 11 energy=-194.91692140425656  maxlinkdim=1000 maxerr=1.73E-08 time=128.668
After sweep 12 energy=-195.08985971314866  maxlinkdim=1000 maxerr=9.15E-08 time=135.930
After sweep 13 energy=-195.31422483776169  maxlinkdim=1000 maxerr=6.54E-07 time=148.958
After sweep 14 energy=-195.49706179797028  maxlinkdim=1000 maxerr=5.65E-07 time=159.342
After sweep 15 energy=-195.62848325138182  maxlinkdim=1000 maxerr=1.64E-06 time=163.919
After sweep 16 energy=-195.72576495517038  maxlinkdim=1000 maxerr=4.92E-07 time=160.016
After sweep 17 energy=-195.82999568751745  maxlinkdim=1000 maxerr=2.55E-06 time=163.974
After sweep 18 energy=-195.90368644682323  maxlinkdim=1000 maxerr=1.86E-06 time=170.005
After sweep 19 energy=-195.9703741157799  maxlinkdim=1000 maxerr=4.81E-06 time=176.871
After sweep 20 energy=-196.01389884931382  maxlinkdim=1000 maxerr=3.71E-07 time=182.614
After sweep 21 energy=-196.05503531026096  maxlinkdim=1000 maxerr=3.91E-07 time=181.129
After sweep 22 energy=-196.0936509302662  maxlinkdim=1000 maxerr=3.29E-07 time=187.233
After sweep 23 energy=-196.12650153902953  maxlinkdim=1000 maxerr=3.10E-07 time=189.492
After sweep 24 energy=-196.16177442340123  maxlinkdim=1000 maxerr=7.14E-07 time=190.517
After sweep 25 energy=-196.19709962739057  maxlinkdim=1000 maxerr=8.00E-07 time=188.504
After sweep 26 energy=-196.2279990712885  maxlinkdim=1000 maxerr=7.29E-07 time=192.530
After sweep 27 energy=-196.26699380967182  maxlinkdim=1000 maxerr=6.40E-06 time=189.519
After sweep 28 energy=-196.30232485445515  maxlinkdim=1000 maxerr=1.27E-05 time=189.889
After sweep 29 energy=-196.3331664530167  maxlinkdim=1000 maxerr=2.23E-06 time=191.529
After sweep 30 energy=-196.36007990323574  maxlinkdim=1000 maxerr=6.56E-06 time=195.103
After sweep 31 energy=-196.38880577711396  maxlinkdim=1000 maxerr=1.68E-05 time=194.194
After sweep 32 energy=-196.41171201674018  maxlinkdim=1000 maxerr=1.29E-05 time=192.711
After sweep 33 energy=-196.44056571458114  maxlinkdim=1000 maxerr=9.46E-06 time=192.846
After sweep 34 energy=-196.45941054363414  maxlinkdim=1000 maxerr=1.24E-05 time=195.091
After sweep 35 energy=-196.47349933324173  maxlinkdim=1000 maxerr=7.52E-06 time=202.346
After sweep 36 energy=-196.49059759724938  maxlinkdim=1000 maxerr=1.12E-05 time=203.300
After sweep 37 energy=-196.50696829395312  maxlinkdim=1000 maxerr=7.67E-06 time=200.735
After sweep 38 energy=-196.52684056411275  maxlinkdim=1000 maxerr=9.68E-06 time=201.394
After sweep 39 energy=-196.54669746258793  maxlinkdim=1000 maxerr=5.99E-06 time=205.523
After sweep 40 energy=-196.56764495191334  maxlinkdim=1000 maxerr=7.53E-06 time=208.265
After sweep 41 energy=-196.579821965253  maxlinkdim=1000 maxerr=5.75E-06 time=202.307
After sweep 42 energy=-196.59067453664662  maxlinkdim=1000 maxerr=5.35E-06 time=199.284
After sweep 43 energy=-196.60144417485913  maxlinkdim=1000 maxerr=6.27E-06 time=201.575
After sweep 44 energy=-196.6114164084565  maxlinkdim=1000 maxerr=6.64E-06 time=197.939
After sweep 45 energy=-196.62011239463212  maxlinkdim=1000 maxerr=6.01E-06 time=199.404
After sweep 46 energy=-196.6277380117834  maxlinkdim=1000 maxerr=5.28E-06 time=199.777
After sweep 47 energy=-196.6351153078569  maxlinkdim=1000 maxerr=4.95E-06 time=199.754
After sweep 48 energy=-196.64236705133496  maxlinkdim=1000 maxerr=4.79E-06 time=210.280
After sweep 49 energy=-196.65057022467363  maxlinkdim=1000 maxerr=6.31E-06 time=206.351
After sweep 50 energy=-196.66090683954982  maxlinkdim=1000 maxerr=6.27E-06 time=213.116
After sweep 51 energy=-196.67763714608347  maxlinkdim=1000 maxerr=5.78E-06 time=212.562
After sweep 52 energy=-196.7035669234802  maxlinkdim=1000 maxerr=3.87E-06 time=203.237
After sweep 53 energy=-196.73045603466636  maxlinkdim=1000 maxerr=4.26E-06 time=205.911
After sweep 54 energy=-196.7451834043801  maxlinkdim=1000 maxerr=3.78E-06 time=204.728
After sweep 55 energy=-196.754291436477  maxlinkdim=1000 maxerr=3.12E-06 time=222.774
After sweep 56 energy=-196.7594925660527  maxlinkdim=1000 maxerr=2.89E-06 time=226.107
After sweep 57 energy=-196.7632886821651  maxlinkdim=1000 maxerr=3.19E-06 time=224.408
After sweep 58 energy=-196.76658618387444  maxlinkdim=1000 maxerr=3.34E-06 time=227.961
After sweep 59 energy=-196.76953751678684  maxlinkdim=1000 maxerr=3.98E-06 time=227.736
After sweep 60 energy=-196.77200003479803  maxlinkdim=1000 maxerr=3.20E-06 time=225.549
After sweep 61 energy=-196.77437408266573  maxlinkdim=1000 maxerr=2.89E-06 time=224.629
After sweep 62 energy=-196.77679569692143  maxlinkdim=1000 maxerr=3.06E-06 time=212.325
After sweep 63 energy=-196.77928308484206  maxlinkdim=1000 maxerr=3.46E-06 time=212.155
After sweep 64 energy=-196.78164336439687  maxlinkdim=1000 maxerr=3.62E-06 time=220.238
After sweep 65 energy=-196.78400184590288  maxlinkdim=1000 maxerr=3.00E-06 time=219.553
After sweep 66 energy=-196.78611232752414  maxlinkdim=1000 maxerr=3.02E-06 time=211.835
After sweep 67 energy=-196.78810538270457  maxlinkdim=1000 maxerr=2.31E-06 time=217.311
After sweep 68 energy=-196.79005347349  maxlinkdim=1000 maxerr=2.96E-06 time=213.744
After sweep 69 energy=-196.79179696125857  maxlinkdim=1000 maxerr=2.51E-06 time=208.485
After sweep 70 energy=-196.79324045875083  maxlinkdim=1000 maxerr=2.39E-06 time=212.864
After sweep 71 energy=-196.79443865272526  maxlinkdim=1000 maxerr=2.25E-06 time=215.453
After sweep 72 energy=-196.79542752041175  maxlinkdim=1000 maxerr=2.44E-06 time=211.079
After sweep 73 energy=-196.79619889107465  maxlinkdim=1000 maxerr=2.09E-06 time=206.748
After sweep 74 energy=-196.7967800895434  maxlinkdim=1000 maxerr=1.81E-06 time=200.720
After sweep 75 energy=-196.79722851112163  maxlinkdim=1000 maxerr=1.68E-06 time=203.767
After sweep 76 energy=-196.7975311381695  maxlinkdim=1000 maxerr=1.60E-06 time=203.944
After sweep 77 energy=-196.79773154944857  maxlinkdim=1000 maxerr=1.58E-06 time=203.025
After sweep 78 energy=-196.79785722026034  maxlinkdim=1000 maxerr=1.56E-06 time=201.811
After sweep 79 energy=-196.79793852973052  maxlinkdim=1000 maxerr=1.54E-06 time=201.346
After sweep 80 energy=-196.79799319229133  maxlinkdim=1000 maxerr=1.50E-06 time=207.938
After sweep 81 energy=-196.7980281142648  maxlinkdim=1000 maxerr=1.50E-06 time=202.030
After sweep 82 energy=-196.79805062237125  maxlinkdim=1000 maxerr=1.51E-06 time=204.717
After sweep 83 energy=-196.79806539631818  maxlinkdim=1000 maxerr=1.50E-06 time=204.511
After sweep 84 energy=-196.79807553246044  maxlinkdim=1000 maxerr=1.51E-06 time=201.402
After sweep 85 energy=-196.7980831139552  maxlinkdim=1000 maxerr=1.51E-06 time=205.417
After sweep 86 energy=-196.79808766108087  maxlinkdim=1000 maxerr=1.51E-06 time=201.894
After sweep 87 energy=-196.79809168703486  maxlinkdim=1000 maxerr=1.52E-06 time=196.513
After sweep 88 energy=-196.79809406857342  maxlinkdim=1000 maxerr=1.52E-06 time=201.179
After sweep 89 energy=-196.7980959975757  maxlinkdim=1000 maxerr=1.52E-06 time=196.758
After sweep 90 energy=-196.79809769224116  maxlinkdim=1000 maxerr=1.52E-06 time=198.377
After sweep 91 energy=-196.7980993514792  maxlinkdim=1000 maxerr=1.52E-06 time=201.131
After sweep 92 energy=-196.79810010711233  maxlinkdim=1000 maxerr=1.52E-06 time=195.939
After sweep 93 energy=-196.79810172375286  maxlinkdim=1000 maxerr=1.51E-06 time=198.886
After sweep 94 energy=-196.79810145765  maxlinkdim=1000 maxerr=1.51E-06 time=211.698
After sweep 95 energy=-196.79810215462544  maxlinkdim=1000 maxerr=1.50E-06 time=214.009
After sweep 96 energy=-196.79810183301092  maxlinkdim=1000 maxerr=1.50E-06 time=217.108
After sweep 97 energy=-196.7981027335978  maxlinkdim=1000 maxerr=1.50E-06 time=209.237
After sweep 98 energy=-196.79810319829159  maxlinkdim=1000 maxerr=1.50E-06 time=198.851
After sweep 99 energy=-196.79810372889676  maxlinkdim=1000 maxerr=1.50E-06 time=197.551
After sweep 100 energy=-196.79810388606253  maxlinkdim=1000 maxerr=1.50E-06 time=198.382
  E(N-2) = -196.79810388606253

[2/3] Computing E(N-1=119)
  Initial state: 119 particles (60 up, 59 dn)
After sweep 1 energy=-172.4875354409084  maxlinkdim=20 maxerr=2.51E-04 time=9.383
After sweep 2 energy=-182.39526440071486  maxlinkdim=50 maxerr=2.49E-06 time=19.727
After sweep 3 energy=-189.33716047670958  maxlinkdim=100 maxerr=1.82E-07 time=31.025
After sweep 4 energy=-192.04625748571274  maxlinkdim=200 maxerr=6.85E-09 time=55.210
After sweep 5 energy=-193.4850771458818  maxlinkdim=575 maxerr=1.00E-10 time=67.496
After sweep 6 energy=-194.20784369276507  maxlinkdim=837 maxerr=1.00E-10 time=80.681
After sweep 7 energy=-194.6821647047356  maxlinkdim=1000 maxerr=4.23E-09 time=93.550
After sweep 8 energy=-195.0563046716173  maxlinkdim=1000 maxerr=8.21E-10 time=102.399
After sweep 9 energy=-195.42565606781915  maxlinkdim=1000 maxerr=4.25E-08 time=110.488
After sweep 10 energy=-195.58530056749365  maxlinkdim=1000 maxerr=1.03E-08 time=117.811
After sweep 11 energy=-195.69866339611653  maxlinkdim=1000 maxerr=2.06E-08 time=123.608
After sweep 12 energy=-195.7764609129305  maxlinkdim=1000 maxerr=2.30E-08 time=126.549
After sweep 13 energy=-195.95702863332937  maxlinkdim=1000 maxerr=2.04E-07 time=132.286
After sweep 14 energy=-196.10158903320698  maxlinkdim=1000 maxerr=6.77E-07 time=151.333
After sweep 15 energy=-196.18532159509897  maxlinkdim=1000 maxerr=2.29E-07 time=155.355
After sweep 16 energy=-196.2668742945126  maxlinkdim=1000 maxerr=3.63E-07 time=156.974
After sweep 17 energy=-196.34729023675817  maxlinkdim=1000 maxerr=3.28E-07 time=161.981
After sweep 18 energy=-196.42851141152167  maxlinkdim=1000 maxerr=5.36E-07 time=165.551
After sweep 19 energy=-196.52776387060035  maxlinkdim=1000 maxerr=1.88E-06 time=175.514
After sweep 20 energy=-196.5737517557363  maxlinkdim=1000 maxerr=2.70E-07 time=177.868
After sweep 21 energy=-196.60870227480447  maxlinkdim=1000 maxerr=2.96E-07 time=179.350
After sweep 22 energy=-196.6463253733527  maxlinkdim=1000 maxerr=4.74E-07 time=182.458
After sweep 23 energy=-196.67694985617666  maxlinkdim=1000 maxerr=2.72E-07 time=196.191
After sweep 24 energy=-196.70621888857264  maxlinkdim=1000 maxerr=3.92E-07 time=198.646
After sweep 25 energy=-196.73246384427605  maxlinkdim=1000 maxerr=3.33E-07 time=203.854
After sweep 26 energy=-196.75731889759598  maxlinkdim=1000 maxerr=3.38E-07 time=207.613
After sweep 27 energy=-196.7869654983158  maxlinkdim=1000 maxerr=6.75E-07 time=205.307
After sweep 28 energy=-196.81843701571574  maxlinkdim=1000 maxerr=1.01E-06 time=199.218
After sweep 29 energy=-196.8456424225798  maxlinkdim=1000 maxerr=7.18E-07 time=205.178
After sweep 30 energy=-196.86510548713846  maxlinkdim=1000 maxerr=5.21E-07 time=205.558
After sweep 31 energy=-196.8833617932951  maxlinkdim=1000 maxerr=5.47E-07 time=202.605
After sweep 32 energy=-196.9003701841777  maxlinkdim=1000 maxerr=6.14E-07 time=207.879
After sweep 33 energy=-196.91682834017968  maxlinkdim=1000 maxerr=6.95E-07 time=211.460
After sweep 34 energy=-196.93252426019865  maxlinkdim=1000 maxerr=8.09E-07 time=210.579
After sweep 35 energy=-196.94734592447756  maxlinkdim=1000 maxerr=7.73E-07 time=207.181
After sweep 36 energy=-196.96204869855063  maxlinkdim=1000 maxerr=1.42E-06 time=206.102
After sweep 37 energy=-196.97707144779102  maxlinkdim=1000 maxerr=1.23E-06 time=210.411
After sweep 38 energy=-196.99039930669485  maxlinkdim=1000 maxerr=1.07E-06 time=213.690
After sweep 39 energy=-197.01819392423587  maxlinkdim=1000 maxerr=2.12E-05 time=210.565
After sweep 40 energy=-197.0437968706885  maxlinkdim=1000 maxerr=1.21E-05 time=214.876
After sweep 41 energy=-197.06102574619257  maxlinkdim=1000 maxerr=9.85E-06 time=211.757
After sweep 42 energy=-197.07469579482176  maxlinkdim=1000 maxerr=1.51E-05 time=208.448
After sweep 43 energy=-197.08618747969024  maxlinkdim=1000 maxerr=1.19E-05 time=208.829
After sweep 44 energy=-197.09629492147255  maxlinkdim=1000 maxerr=1.08E-05 time=215.313
After sweep 45 energy=-197.1049942211232  maxlinkdim=1000 maxerr=1.15E-05 time=205.598
After sweep 46 energy=-197.11360717858972  maxlinkdim=1000 maxerr=1.10E-05 time=214.993
After sweep 47 energy=-197.1228185557622  maxlinkdim=1000 maxerr=1.09E-05 time=219.643
After sweep 48 energy=-197.13369792716477  maxlinkdim=1000 maxerr=8.77E-06 time=210.814
After sweep 49 energy=-197.15761689932677  maxlinkdim=1000 maxerr=7.77E-06 time=217.092
After sweep 50 energy=-197.1845806785742  maxlinkdim=1000 maxerr=7.67E-06 time=217.965
After sweep 51 energy=-197.20234082657163  maxlinkdim=1000 maxerr=6.82E-06 time=211.129
After sweep 52 energy=-197.21352549643484  maxlinkdim=1000 maxerr=6.58E-06 time=212.712
After sweep 53 energy=-197.2201207705279  maxlinkdim=1000 maxerr=6.38E-06 time=210.479
After sweep 54 energy=-197.22459700444966  maxlinkdim=1000 maxerr=6.22E-06 time=208.553
After sweep 55 energy=-197.2280036094961  maxlinkdim=1000 maxerr=6.09E-06 time=210.249
After sweep 56 energy=-197.23098054211468  maxlinkdim=1000 maxerr=5.94E-06 time=211.998
After sweep 57 energy=-197.2335330730343  maxlinkdim=1000 maxerr=5.79E-06 time=205.191
After sweep 58 energy=-197.23569018261506  maxlinkdim=1000 maxerr=5.66E-06 time=204.370
After sweep 59 energy=-197.2376586463853  maxlinkdim=1000 maxerr=5.51E-06 time=207.441
After sweep 60 energy=-197.23959536579707  maxlinkdim=1000 maxerr=5.37E-06 time=207.639
After sweep 61 energy=-197.24128575508814  maxlinkdim=1000 maxerr=5.23E-06 time=204.943
After sweep 62 energy=-197.2428502138205  maxlinkdim=1000 maxerr=5.10E-06 time=208.420
After sweep 63 energy=-197.24442194617023  maxlinkdim=1000 maxerr=4.99E-06 time=207.638
After sweep 64 energy=-197.2459632983695  maxlinkdim=1000 maxerr=4.86E-06 time=207.865
After sweep 65 energy=-197.24731654125006  maxlinkdim=1000 maxerr=4.72E-06 time=209.038
After sweep 66 energy=-197.24858639986695  maxlinkdim=1000 maxerr=4.60E-06 time=209.684
After sweep 67 energy=-197.24976722687123  maxlinkdim=1000 maxerr=4.48E-06 time=209.667
After sweep 68 energy=-197.25111157401705  maxlinkdim=1000 maxerr=4.37E-06 time=206.552
After sweep 69 energy=-197.25242391787566  maxlinkdim=1000 maxerr=4.24E-06 time=207.378
After sweep 70 energy=-197.25353285262744  maxlinkdim=1000 maxerr=4.13E-06 time=201.584
After sweep 71 energy=-197.2545471196779  maxlinkdim=1000 maxerr=4.02E-06 time=202.176
After sweep 72 energy=-197.2554343458417  maxlinkdim=1000 maxerr=3.92E-06 time=205.071
After sweep 73 energy=-197.25621549355068  maxlinkdim=1000 maxerr=3.81E-06 time=202.778
After sweep 74 energy=-197.25680880401546  maxlinkdim=1000 maxerr=3.70E-06 time=206.691
After sweep 75 energy=-197.25727226666754  maxlinkdim=1000 maxerr=3.60E-06 time=207.028
After sweep 76 energy=-197.25760970150324  maxlinkdim=1000 maxerr=3.51E-06 time=207.412
After sweep 77 energy=-197.2578514494588  maxlinkdim=1000 maxerr=3.42E-06 time=211.988
After sweep 78 energy=-197.2580342891142  maxlinkdim=1000 maxerr=3.35E-06 time=209.706
After sweep 79 energy=-197.25816234951085  maxlinkdim=1000 maxerr=3.30E-06 time=206.836
After sweep 80 energy=-197.25825547631598  maxlinkdim=1000 maxerr=3.25E-06 time=204.921
After sweep 81 energy=-197.25832193467625  maxlinkdim=1000 maxerr=3.21E-06 time=205.664
After sweep 82 energy=-197.25836831960544  maxlinkdim=1000 maxerr=3.17E-06 time=202.596
After sweep 83 energy=-197.2584021547979  maxlinkdim=1000 maxerr=3.14E-06 time=207.265
After sweep 84 energy=-197.25842576940755  maxlinkdim=1000 maxerr=3.12E-06 time=198.644
After sweep 85 energy=-197.25844402912588  maxlinkdim=1000 maxerr=3.09E-06 time=199.294
After sweep 86 energy=-197.25845680696108  maxlinkdim=1000 maxerr=3.08E-06 time=200.263
After sweep 87 energy=-197.25846547945153  maxlinkdim=1000 maxerr=3.06E-06 time=200.495
After sweep 88 energy=-197.25847300561242  maxlinkdim=1000 maxerr=3.05E-06 time=201.900
After sweep 89 energy=-197.25847773908296  maxlinkdim=1000 maxerr=3.04E-06 time=206.987
After sweep 90 energy=-197.25848262446948  maxlinkdim=1000 maxerr=3.03E-06 time=206.520
After sweep 91 energy=-197.25848476738386  maxlinkdim=1000 maxerr=3.02E-06 time=204.816
After sweep 92 energy=-197.25848833718217  maxlinkdim=1000 maxerr=3.01E-06 time=203.425
After sweep 93 energy=-197.25849031974911  maxlinkdim=1000 maxerr=3.01E-06 time=208.518
After sweep 94 energy=-197.2584911358205  maxlinkdim=1000 maxerr=3.00E-06 time=211.921
After sweep 95 energy=-197.25849261636887  maxlinkdim=1000 maxerr=3.00E-06 time=202.292
After sweep 96 energy=-197.25849363168095  maxlinkdim=1000 maxerr=2.99E-06 time=215.146
After sweep 97 energy=-197.25849478174388  maxlinkdim=1000 maxerr=2.99E-06 time=218.361
After sweep 98 energy=-197.2584951490953  maxlinkdim=1000 maxerr=2.98E-06 time=218.372
After sweep 99 energy=-197.2584959473587  maxlinkdim=1000 maxerr=2.98E-06 time=201.733
After sweep 100 energy=-197.25849657971156  maxlinkdim=1000 maxerr=2.98E-06 time=192.957
  E(N-1) = -197.25849657971156

[3/3] Computing E(N=120)
  Initial state: 120 particles (60 up, 60 dn)
After sweep 1 energy=-173.5278744034663  maxlinkdim=20 maxerr=2.37E-04 time=9.530
After sweep 2 energy=-183.63721957398397  maxlinkdim=50 maxerr=2.27E-06 time=20.989
After sweep 3 energy=-190.83683132381756  maxlinkdim=100 maxerr=2.42E-07 time=31.555
After sweep 4 energy=-193.46001320129983  maxlinkdim=200 maxerr=5.84E-09 time=54.197
After sweep 5 energy=-194.97062255407897  maxlinkdim=694 maxerr=1.00E-10 time=72.067
After sweep 6 energy=-195.48566634484936  maxlinkdim=863 maxerr=1.00E-10 time=88.179
After sweep 7 energy=-195.7921559182504  maxlinkdim=949 maxerr=1.35E-10 time=92.638
After sweep 8 energy=-196.00319382600293  maxlinkdim=1000 maxerr=2.27E-10 time=92.688
After sweep 9 energy=-196.17789504715063  maxlinkdim=1000 maxerr=1.09E-09 time=95.206
After sweep 10 energy=-196.32421557741856  maxlinkdim=1000 maxerr=1.95E-09 time=101.759
After sweep 11 energy=-196.4456460611833  maxlinkdim=1000 maxerr=2.71E-09 time=105.677
After sweep 12 energy=-196.58564000077294  maxlinkdim=1000 maxerr=1.07E-08 time=116.943
After sweep 13 energy=-196.7507330598912  maxlinkdim=1000 maxerr=3.93E-08 time=128.808
After sweep 14 energy=-196.90717890604927  maxlinkdim=1000 maxerr=9.16E-08 time=134.531
After sweep 15 energy=-197.14432947496078  maxlinkdim=1000 maxerr=5.65E-06 time=141.297
After sweep 16 energy=-197.2167500195678  maxlinkdim=1000 maxerr=2.58E-07 time=145.072
After sweep 17 energy=-197.28487017654015  maxlinkdim=1000 maxerr=4.08E-07 time=150.523
After sweep 18 energy=-197.34728814467618  maxlinkdim=1000 maxerr=6.26E-07 time=158.235
After sweep 19 energy=-197.39779430118017  maxlinkdim=1000 maxerr=8.32E-07 time=166.922
After sweep 20 energy=-197.4504614657435  maxlinkdim=1000 maxerr=1.59E-06 time=174.144
After sweep 21 energy=-197.496166822778  maxlinkdim=1000 maxerr=4.12E-06 time=174.716
After sweep 22 energy=-197.52942519029986  maxlinkdim=1000 maxerr=1.71E-06 time=177.109
After sweep 23 energy=-197.55635658047953  maxlinkdim=1000 maxerr=9.77E-07 time=189.557
After sweep 24 energy=-197.58472422838116  maxlinkdim=1000 maxerr=7.75E-06 time=198.674
After sweep 25 energy=-197.6169643616816  maxlinkdim=1000 maxerr=7.71E-06 time=199.245
After sweep 26 energy=-197.6502697545877  maxlinkdim=1000 maxerr=8.06E-06 time=201.381
After sweep 27 energy=-197.67258140583488  maxlinkdim=1000 maxerr=6.25E-06 time=205.316
After sweep 28 energy=-197.68758189121647  maxlinkdim=1000 maxerr=4.82E-06 time=202.446
After sweep 29 energy=-197.700234095076  maxlinkdim=1000 maxerr=8.24E-06 time=201.655
After sweep 30 energy=-197.71181408757224  maxlinkdim=1000 maxerr=9.36E-06 time=206.751
After sweep 31 energy=-197.72356886196818  maxlinkdim=1000 maxerr=4.76E-06 time=207.146
After sweep 32 energy=-197.73919095052045  maxlinkdim=1000 maxerr=6.43E-06 time=207.841
After sweep 33 energy=-197.75090905281692  maxlinkdim=1000 maxerr=5.98E-06 time=211.640
After sweep 34 energy=-197.7599452509438  maxlinkdim=1000 maxerr=4.84E-06 time=210.299
After sweep 35 energy=-197.7682298679078  maxlinkdim=1000 maxerr=4.81E-06 time=208.163
After sweep 36 energy=-197.77832489084807  maxlinkdim=1000 maxerr=4.66E-06 time=212.124
After sweep 37 energy=-197.78490520505343  maxlinkdim=1000 maxerr=4.49E-06 time=208.267
After sweep 38 energy=-197.79021510729964  maxlinkdim=1000 maxerr=5.93E-06 time=206.849
After sweep 39 energy=-197.79530489312572  maxlinkdim=1000 maxerr=4.46E-06 time=211.251
After sweep 40 energy=-197.80081940539822  maxlinkdim=1000 maxerr=3.73E-06 time=209.438
After sweep 41 energy=-197.8082435429339  maxlinkdim=1000 maxerr=5.51E-06 time=207.914
After sweep 42 energy=-197.81456234715586  maxlinkdim=1000 maxerr=3.81E-06 time=209.216
After sweep 43 energy=-197.82056298249796  maxlinkdim=1000 maxerr=3.11E-06 time=207.222
After sweep 44 energy=-197.8257927287972  maxlinkdim=1000 maxerr=4.11E-06 time=214.500
After sweep 45 energy=-197.83006499804227  maxlinkdim=1000 maxerr=3.19E-06 time=209.413
After sweep 46 energy=-197.83403213005613  maxlinkdim=1000 maxerr=3.04E-06 time=214.630
After sweep 47 energy=-197.83763824130241  maxlinkdim=1000 maxerr=3.00E-06 time=203.520
After sweep 48 energy=-197.84119614606672  maxlinkdim=1000 maxerr=2.74E-06 time=195.711
After sweep 49 energy=-197.84491143848993  maxlinkdim=1000 maxerr=2.84E-06 time=197.439
After sweep 50 energy=-197.8494755145598  maxlinkdim=1000 maxerr=2.52E-06 time=199.083
After sweep 51 energy=-197.85732498194656  maxlinkdim=1000 maxerr=2.80E-06 time=201.655
After sweep 52 energy=-197.87166766605117  maxlinkdim=1000 maxerr=3.01E-06 time=198.647
After sweep 53 energy=-197.89197455506357  maxlinkdim=1000 maxerr=2.46E-06 time=206.822
After sweep 54 energy=-197.91258834290323  maxlinkdim=1000 maxerr=2.57E-06 time=220.973
After sweep 55 energy=-197.92558591227  maxlinkdim=1000 maxerr=2.05E-06 time=217.917
After sweep 56 energy=-197.9310689663104  maxlinkdim=1000 maxerr=1.91E-06 time=217.061
After sweep 57 energy=-197.93367562865976  maxlinkdim=1000 maxerr=1.81E-06 time=220.872
After sweep 58 energy=-197.93538527207153  maxlinkdim=1000 maxerr=1.76E-06 time=215.923
After sweep 59 energy=-197.93659924376095  maxlinkdim=1000 maxerr=1.74E-06 time=212.247
After sweep 60 energy=-197.9375557173559  maxlinkdim=1000 maxerr=1.71E-06 time=206.125
After sweep 61 energy=-197.93840845868283  maxlinkdim=1000 maxerr=1.64E-06 time=206.424
After sweep 62 energy=-197.93930352830253  maxlinkdim=1000 maxerr=1.59E-06 time=207.940
After sweep 63 energy=-197.94015115318075  maxlinkdim=1000 maxerr=1.56E-06 time=217.609
After sweep 64 energy=-197.94086183218064  maxlinkdim=1000 maxerr=1.48E-06 time=210.272
After sweep 65 energy=-197.94155465325744  maxlinkdim=1000 maxerr=1.45E-06 time=198.961
After sweep 66 energy=-197.94223521641436  maxlinkdim=1000 maxerr=1.45E-06 time=200.825
After sweep 67 energy=-197.94289850938384  maxlinkdim=1000 maxerr=1.43E-06 time=214.348
After sweep 68 energy=-197.94352695626546  maxlinkdim=1000 maxerr=1.41E-06 time=214.398
After sweep 69 energy=-197.94409528184562  maxlinkdim=1000 maxerr=1.35E-06 time=204.665
After sweep 70 energy=-197.9446168572623  maxlinkdim=1000 maxerr=1.31E-06 time=195.347
After sweep 71 energy=-197.94505724298156  maxlinkdim=1000 maxerr=1.27E-06 time=194.115
After sweep 72 energy=-197.94543008534367  maxlinkdim=1000 maxerr=1.22E-06 time=196.062
After sweep 73 energy=-197.94572998019632  maxlinkdim=1000 maxerr=1.20E-06 time=201.204
After sweep 74 energy=-197.94598466550588  maxlinkdim=1000 maxerr=1.16E-06 time=199.201
After sweep 75 energy=-197.94620465758402  maxlinkdim=1000 maxerr=1.14E-06 time=202.626
After sweep 76 energy=-197.94635102786708  maxlinkdim=1000 maxerr=1.11E-06 time=214.651
After sweep 77 energy=-197.94644655127235  maxlinkdim=1000 maxerr=1.08E-06 time=210.362
After sweep 78 energy=-197.94651156520834  maxlinkdim=1000 maxerr=1.06E-06 time=207.472
After sweep 79 energy=-197.9465548956007  maxlinkdim=1000 maxerr=1.04E-06 time=213.867
After sweep 80 energy=-197.94658491851482  maxlinkdim=1000 maxerr=1.03E-06 time=212.332
After sweep 81 energy=-197.94660703749827  maxlinkdim=1000 maxerr=1.03E-06 time=213.715
After sweep 82 energy=-197.94662202473575  maxlinkdim=1000 maxerr=1.02E-06 time=205.943
After sweep 83 energy=-197.94663345383077  maxlinkdim=1000 maxerr=1.02E-06 time=205.982
After sweep 84 energy=-197.94664068151425  maxlinkdim=1000 maxerr=1.02E-06 time=205.994
After sweep 85 energy=-197.94664649530463  maxlinkdim=1000 maxerr=1.02E-06 time=206.239
After sweep 86 energy=-197.9466512785141  maxlinkdim=1000 maxerr=1.02E-06 time=202.975
After sweep 87 energy=-197.94665373712567  maxlinkdim=1000 maxerr=1.02E-06 time=206.047
After sweep 88 energy=-197.94665623591897  maxlinkdim=1000 maxerr=1.02E-06 time=203.607
After sweep 89 energy=-197.94665805223707  maxlinkdim=1000 maxerr=1.02E-06 time=202.701
After sweep 90 energy=-197.94665997135274  maxlinkdim=1000 maxerr=1.02E-06 time=205.083
After sweep 91 energy=-197.94666118202426  maxlinkdim=1000 maxerr=1.02E-06 time=204.291
After sweep 92 energy=-197.9466617059317  maxlinkdim=1000 maxerr=1.02E-06 time=204.479
After sweep 93 energy=-197.94666254478884  maxlinkdim=1000 maxerr=1.02E-06 time=197.974
After sweep 94 energy=-197.94666271153466  maxlinkdim=1000 maxerr=1.02E-06 time=202.270
After sweep 95 energy=-197.94666333881665  maxlinkdim=1000 maxerr=1.02E-06 time=198.201
After sweep 96 energy=-197.94666342365213  maxlinkdim=1000 maxerr=1.02E-06 time=201.897
After sweep 97 energy=-197.9466635054229  maxlinkdim=1000 maxerr=1.02E-06 time=207.491
After sweep 98 energy=-197.94666385447732  maxlinkdim=1000 maxerr=1.02E-06 time=207.761
After sweep 99 energy=-197.9466640168882  maxlinkdim=1000 maxerr=1.02E-06 time=198.941
After sweep 100 energy=-197.9466640007324  maxlinkdim=1000 maxerr=1.02E-06 time=197.899
  E(N) = -197.9466640007324

============================================================
RESULTS:
  E(118) = -196.79810388606253
  E(119) = -197.25849657971156
  E(120)     = -197.9466640007324
  E_p = -0.22777473  (attractive hole pairing)
============================================================
RESULT: E_p = -0.22777472737180915
