Calculating pair binding energy for ladder
L=64, U=8.0, V=0.0, t0=1.5, density=0.875
============================================================
Pair binding energy for Hubbard ladder
L = 64 rungs, 128 sites
U = 8.0, V = 0.0, t = 1.0, t0 = 1.5, density = 0.875
N_base = 112
============================================================

[1/3] Computing E(N-2=110)
  Initial state: 110 particles (55 up, 55 dn)
After sweep 1 energy=-74.08256427644267  maxlinkdim=20 maxerr=2.90E-04 time=48.223
After sweep 2 energy=-83.08143481603499  maxlinkdim=50 maxerr=2.20E-05 time=27.672
After sweep 3 energy=-87.35700452592445  maxlinkdim=100 maxerr=2.71E-06 time=39.737
After sweep 4 energy=-90.98335436701774  maxlinkdim=200 maxerr=2.88E-07 time=60.191
After sweep 5 energy=-93.70194837955138  maxlinkdim=865 maxerr=1.00E-10 time=76.707
After sweep 6 energy=-95.9612293685445  maxlinkdim=1322 maxerr=1.00E-10 time=94.972
After sweep 7 energy=-97.60390166950909  maxlinkdim=1500 maxerr=3.68E-10 time=110.897
After sweep 8 energy=-99.23984996822509  maxlinkdim=1500 maxerr=1.36E-09 time=123.549
After sweep 9 energy=-100.2176954603854  maxlinkdim=1500 maxerr=8.02E-10 time=127.146
After sweep 10 energy=-101.03793732106892  maxlinkdim=1500 maxerr=7.25E-10 time=130.745
After sweep 11 energy=-101.71391719322388  maxlinkdim=1500 maxerr=7.74E-10 time=136.115
After sweep 12 energy=-102.2914207383441  maxlinkdim=1500 maxerr=9.60E-10 time=143.741
After sweep 13 energy=-102.84490263254378  maxlinkdim=1500 maxerr=1.53E-09 time=148.010
After sweep 14 energy=-103.19749379273718  maxlinkdim=1500 maxerr=7.40E-10 time=153.178
After sweep 15 energy=-103.49610705065092  maxlinkdim=1500 maxerr=6.76E-10 time=159.771
After sweep 16 energy=-103.74308169677691  maxlinkdim=1500 maxerr=6.14E-10 time=162.905
After sweep 17 energy=-103.96336734079387  maxlinkdim=1500 maxerr=7.14E-10 time=167.013
After sweep 18 energy=-104.15659992552213  maxlinkdim=1500 maxerr=5.29E-10 time=166.372
After sweep 19 energy=-104.32620593287929  maxlinkdim=1500 maxerr=5.09E-10 time=175.120
After sweep 20 energy=-104.47569930923017  maxlinkdim=1500 maxerr=4.65E-10 time=179.255
After sweep 21 energy=-104.61765030795738  maxlinkdim=1500 maxerr=5.99E-10 time=187.731
After sweep 22 energy=-104.7455408775883  maxlinkdim=1500 maxerr=7.28E-10 time=189.354
After sweep 23 energy=-104.86391549859566  maxlinkdim=1500 maxerr=8.12E-10 time=196.984
After sweep 24 energy=-104.97943308956046  maxlinkdim=1500 maxerr=9.57E-10 time=202.628
After sweep 25 energy=-105.07966162989264  maxlinkdim=1500 maxerr=8.64E-10 time=201.219
After sweep 26 energy=-105.17210073662125  maxlinkdim=1500 maxerr=1.03E-09 time=198.187
After sweep 27 energy=-105.27724160489994  maxlinkdim=1500 maxerr=1.49E-09 time=203.872
After sweep 28 energy=-105.3733688186252  maxlinkdim=1500 maxerr=1.59E-09 time=213.367
After sweep 29 energy=-105.47130419676222  maxlinkdim=1500 maxerr=1.96E-09 time=223.969
After sweep 30 energy=-105.55414821479923  maxlinkdim=1500 maxerr=1.79E-09 time=229.346
After sweep 31 energy=-105.64011197624905  maxlinkdim=1500 maxerr=2.64E-09 time=233.341
After sweep 32 energy=-105.72677091165761  maxlinkdim=1500 maxerr=7.87E-09 time=244.574
After sweep 33 energy=-105.80474481030907  maxlinkdim=1500 maxerr=2.33E-08 time=244.316
After sweep 34 energy=-105.87497581089511  maxlinkdim=1500 maxerr=3.95E-09 time=241.921
After sweep 35 energy=-105.94779638852077  maxlinkdim=1500 maxerr=4.07E-09 time=250.192
After sweep 36 energy=-106.0128855912158  maxlinkdim=1500 maxerr=4.53E-09 time=254.521
After sweep 37 energy=-106.07589959763403  maxlinkdim=1500 maxerr=3.10E-09 time=232.377
After sweep 38 energy=-106.14557232246175  maxlinkdim=1500 maxerr=4.03E-09 time=235.980
After sweep 39 energy=-106.19574145072187  maxlinkdim=1500 maxerr=2.17E-08 time=236.508
After sweep 40 energy=-106.2446995239998  maxlinkdim=1500 maxerr=2.35E-09 time=237.875
After sweep 41 energy=-106.29543559113316  maxlinkdim=1500 maxerr=2.84E-09 time=249.972
After sweep 42 energy=-106.34260380718338  maxlinkdim=1500 maxerr=2.86E-09 time=260.879
After sweep 43 energy=-106.38949003363352  maxlinkdim=1500 maxerr=3.32E-09 time=245.494
After sweep 44 energy=-106.43734199259966  maxlinkdim=1500 maxerr=3.99E-09 time=258.216
After sweep 45 energy=-106.47360267590966  maxlinkdim=1500 maxerr=1.48E-09 time=253.430
After sweep 46 energy=-106.50719443067979  maxlinkdim=1500 maxerr=5.26E-09 time=254.245
After sweep 47 energy=-106.54373143304932  maxlinkdim=1500 maxerr=2.43E-09 time=260.229
After sweep 48 energy=-106.58980757251399  maxlinkdim=1500 maxerr=7.55E-09 time=269.950
After sweep 49 energy=-106.62406385694591  maxlinkdim=1500 maxerr=4.33E-09 time=261.645
After sweep 50 energy=-106.6530280182895  maxlinkdim=1500 maxerr=4.65E-09 time=257.815
After sweep 51 energy=-106.67915604966174  maxlinkdim=1500 maxerr=2.55E-09 time=255.426
After sweep 52 energy=-106.70293709569728  maxlinkdim=1500 maxerr=2.14E-09 time=247.452
After sweep 53 energy=-106.72519410015539  maxlinkdim=1500 maxerr=1.75E-09 time=252.851
After sweep 54 energy=-106.75828157602217  maxlinkdim=1500 maxerr=4.25E-08 time=278.624
After sweep 55 energy=-106.78204414316342  maxlinkdim=1500 maxerr=5.90E-09 time=280.904
After sweep 56 energy=-106.80488412356968  maxlinkdim=1500 maxerr=3.12E-08 time=282.158
After sweep 57 energy=-106.82631656119656  maxlinkdim=1500 maxerr=7.29E-09 time=275.072
After sweep 58 energy=-106.84701435981418  maxlinkdim=1500 maxerr=5.42E-09 time=278.961
After sweep 59 energy=-106.86708408195018  maxlinkdim=1500 maxerr=3.83E-09 time=276.248
After sweep 60 energy=-106.88658843571861  maxlinkdim=1500 maxerr=6.36E-09 time=274.248
After sweep 61 energy=-106.90897575137032  maxlinkdim=1500 maxerr=9.79E-09 time=275.805
After sweep 62 energy=-106.92824121581249  maxlinkdim=1500 maxerr=9.39E-09 time=276.017
After sweep 63 energy=-106.944675937246  maxlinkdim=1500 maxerr=3.43E-09 time=272.303
After sweep 64 energy=-106.96068556505959  maxlinkdim=1500 maxerr=2.60E-09 time=267.824
After sweep 65 energy=-106.97878388502932  maxlinkdim=1500 maxerr=6.49E-09 time=277.898
After sweep 66 energy=-106.99407586333211  maxlinkdim=1500 maxerr=1.79E-09 time=275.935
After sweep 67 energy=-107.00918578543042  maxlinkdim=1500 maxerr=4.43E-09 time=278.584
After sweep 68 energy=-107.02372800375962  maxlinkdim=1500 maxerr=5.00E-09 time=273.030
After sweep 69 energy=-107.0388915753125  maxlinkdim=1500 maxerr=5.64E-09 time=274.735
After sweep 70 energy=-107.05240622610118  maxlinkdim=1500 maxerr=2.80E-09 time=268.370
After sweep 71 energy=-107.0658410861583  maxlinkdim=1500 maxerr=5.45E-09 time=273.818
After sweep 72 energy=-107.07859083903121  maxlinkdim=1500 maxerr=3.20E-09 time=276.228
After sweep 73 energy=-107.0908848251433  maxlinkdim=1500 maxerr=1.82E-09 time=279.749
After sweep 74 energy=-107.1039124116902  maxlinkdim=1500 maxerr=1.52E-09 time=282.888
After sweep 75 energy=-107.11550637157828  maxlinkdim=1500 maxerr=1.58E-09 time=279.514
After sweep 76 energy=-107.12863423929764  maxlinkdim=1500 maxerr=1.53E-09 time=280.695
After sweep 77 energy=-107.14271878043084  maxlinkdim=1500 maxerr=5.82E-09 time=285.753
After sweep 78 energy=-107.15420018608712  maxlinkdim=1500 maxerr=2.47E-09 time=291.794
After sweep 79 energy=-107.16522552348556  maxlinkdim=1500 maxerr=2.21E-09 time=287.909
After sweep 80 energy=-107.17637060595953  maxlinkdim=1500 maxerr=5.01E-09 time=286.126
After sweep 81 energy=-107.18727087938468  maxlinkdim=1500 maxerr=6.81E-09 time=282.975
After sweep 82 energy=-107.1982562522659  maxlinkdim=1500 maxerr=1.02E-08 time=283.189
After sweep 83 energy=-107.2082142222268  maxlinkdim=1500 maxerr=2.75E-09 time=285.489
After sweep 84 energy=-107.21712770042744  maxlinkdim=1500 maxerr=1.68E-09 time=281.065
After sweep 85 energy=-107.22618633887318  maxlinkdim=1500 maxerr=2.03E-09 time=283.100
After sweep 86 energy=-107.23522416979932  maxlinkdim=1500 maxerr=2.19E-09 time=285.007
After sweep 87 energy=-107.24385259675427  maxlinkdim=1500 maxerr=2.00E-09 time=288.082
After sweep 88 energy=-107.25211683649333  maxlinkdim=1500 maxerr=1.90E-09 time=284.687
After sweep 89 energy=-107.26020435119521  maxlinkdim=1500 maxerr=2.03E-09 time=284.706
After sweep 90 energy=-107.26813333665234  maxlinkdim=1500 maxerr=2.05E-09 time=285.571
After sweep 91 energy=-107.27598252851044  maxlinkdim=1500 maxerr=2.25E-09 time=283.213
After sweep 92 energy=-107.2832970010258  maxlinkdim=1500 maxerr=1.42E-09 time=284.775
After sweep 93 energy=-107.29028978713781  maxlinkdim=1500 maxerr=1.76E-09 time=285.162
After sweep 94 energy=-107.29715364143027  maxlinkdim=1500 maxerr=2.13E-09 time=283.951
After sweep 95 energy=-107.3037943555337  maxlinkdim=1500 maxerr=1.80E-09 time=286.499
After sweep 96 energy=-107.31028179401572  maxlinkdim=1500 maxerr=1.82E-09 time=285.780
After sweep 97 energy=-107.31663258966763  maxlinkdim=1500 maxerr=1.92E-09 time=281.888
After sweep 98 energy=-107.32281831162555  maxlinkdim=1500 maxerr=1.89E-09 time=284.139
After sweep 99 energy=-107.3287880462162  maxlinkdim=1500 maxerr=1.93E-09 time=280.432
After sweep 100 energy=-107.334497735159  maxlinkdim=1500 maxerr=1.77E-09 time=283.043
After sweep 101 energy=-107.33997350261909  maxlinkdim=1500 maxerr=1.72E-09 time=280.572
After sweep 102 energy=-107.34545733437525  maxlinkdim=1500 maxerr=1.66E-09 time=285.277
After sweep 103 energy=-107.35059612609157  maxlinkdim=1500 maxerr=2.38E-09 time=288.971
After sweep 104 energy=-107.35569580709954  maxlinkdim=1500 maxerr=1.74E-09 time=285.347
After sweep 105 energy=-107.3613731706135  maxlinkdim=1500 maxerr=3.03E-09 time=286.400
After sweep 106 energy=-107.36569272172355  maxlinkdim=1500 maxerr=2.09E-09 time=287.254
After sweep 107 energy=-107.37099126080759  maxlinkdim=1500 maxerr=2.86E-09 time=289.897
After sweep 108 energy=-107.37517514134072  maxlinkdim=1500 maxerr=3.55E-09 time=293.050
After sweep 109 energy=-107.37913256857321  maxlinkdim=1500 maxerr=2.93E-09 time=283.054
After sweep 110 energy=-107.38329769793695  maxlinkdim=1500 maxerr=4.97E-09 time=289.274
After sweep 111 energy=-107.38687704429361  maxlinkdim=1500 maxerr=1.84E-09 time=289.257
After sweep 112 energy=-107.39033190200063  maxlinkdim=1500 maxerr=2.17E-09 time=286.548
After sweep 113 energy=-107.39375072045286  maxlinkdim=1500 maxerr=2.65E-09 time=281.344
After sweep 114 energy=-107.39767532585736  maxlinkdim=1500 maxerr=3.51E-09 time=277.460
After sweep 115 energy=-107.40101420441184  maxlinkdim=1500 maxerr=2.45E-09 time=284.072
After sweep 116 energy=-107.40401001196854  maxlinkdim=1500 maxerr=2.71E-09 time=284.503
After sweep 117 energy=-107.40686710448529  maxlinkdim=1500 maxerr=2.69E-09 time=280.732
After sweep 118 energy=-107.40950084304377  maxlinkdim=1500 maxerr=2.93E-09 time=281.626
After sweep 119 energy=-107.41215529166418  maxlinkdim=1500 maxerr=3.08E-09 time=284.632
After sweep 120 energy=-107.41452011730385  maxlinkdim=1500 maxerr=2.96E-09 time=286.538
After sweep 121 energy=-107.4167123910731  maxlinkdim=1500 maxerr=2.80E-09 time=287.946
After sweep 122 energy=-107.41876523307225  maxlinkdim=1500 maxerr=2.91E-09 time=289.687
After sweep 123 energy=-107.42061125429692  maxlinkdim=1500 maxerr=2.98E-09 time=288.039
After sweep 124 energy=-107.42238660727342  maxlinkdim=1500 maxerr=3.36E-09 time=290.807
After sweep 125 energy=-107.42445242908313  maxlinkdim=1500 maxerr=1.12E-08 time=298.758
After sweep 126 energy=-107.42641936696859  maxlinkdim=1500 maxerr=9.34E-09 time=292.394
After sweep 127 energy=-107.42773043394776  maxlinkdim=1500 maxerr=2.48E-09 time=299.723
After sweep 128 energy=-107.42895508852902  maxlinkdim=1500 maxerr=3.49E-09 time=304.820
After sweep 129 energy=-107.42998940479842  maxlinkdim=1500 maxerr=3.07E-09 time=302.148
After sweep 130 energy=-107.43090935584172  maxlinkdim=1500 maxerr=3.37E-09 time=300.389
After sweep 131 energy=-107.43179016475646  maxlinkdim=1500 maxerr=4.30E-09 time=298.467
After sweep 132 energy=-107.43262654409686  maxlinkdim=1500 maxerr=5.00E-09 time=300.167
After sweep 133 energy=-107.43339128213066  maxlinkdim=1500 maxerr=1.42E-08 time=299.229
After sweep 134 energy=-107.43522996110843  maxlinkdim=1500 maxerr=7.98E-07 time=295.034
After sweep 135 energy=-107.43821159992737  maxlinkdim=1500 maxerr=1.23E-07 time=297.240
After sweep 136 energy=-107.43875438366258  maxlinkdim=1500 maxerr=1.41E-07 time=296.522
After sweep 137 energy=-107.43897740593381  maxlinkdim=1500 maxerr=8.93E-08 time=296.719
After sweep 138 energy=-107.43908565600161  maxlinkdim=1500 maxerr=1.00E-07 time=308.374
After sweep 139 energy=-107.43915785176384  maxlinkdim=1500 maxerr=1.25E-07 time=305.369
Stopping DMRG after sweep 139
  E(N-2) = -107.43915785176384

[2/3] Computing E(N-1=111)
  Initial state: 111 particles (56 up, 55 dn)
After sweep 1 energy=-75.42131058247031  maxlinkdim=20 maxerr=6.62E-04 time=8.383
After sweep 2 energy=-83.23969289108689  maxlinkdim=50 maxerr=2.97E-05 time=18.870
After sweep 3 energy=-87.32151804206242  maxlinkdim=100 maxerr=2.01E-06 time=28.849
After sweep 4 energy=-90.62447905665013  maxlinkdim=200 maxerr=1.71E-07 time=45.792
After sweep 5 energy=-93.31424679545451  maxlinkdim=912 maxerr=1.00E-10 time=66.197
After sweep 6 energy=-95.39798711267747  maxlinkdim=1401 maxerr=1.00E-10 time=89.116
After sweep 7 energy=-97.27474978740683  maxlinkdim=1500 maxerr=3.49E-10 time=103.622
After sweep 8 energy=-98.48655665968188  maxlinkdim=1500 maxerr=7.92E-10 time=110.794
After sweep 9 energy=-99.38774924284633  maxlinkdim=1500 maxerr=8.34E-10 time=113.509
After sweep 10 energy=-100.11037093599242  maxlinkdim=1500 maxerr=8.16E-10 time=119.116
After sweep 11 energy=-100.72224358253528  maxlinkdim=1500 maxerr=8.80E-10 time=123.910
After sweep 12 energy=-101.21194179921746  maxlinkdim=1500 maxerr=8.80E-10 time=129.380
After sweep 13 energy=-101.59449560751803  maxlinkdim=1500 maxerr=7.42E-10 time=127.347
After sweep 14 energy=-101.90822361295028  maxlinkdim=1500 maxerr=5.82E-10 time=127.785
After sweep 15 energy=-102.18803403331916  maxlinkdim=1500 maxerr=6.73E-10 time=132.735
After sweep 16 energy=-102.4394991393255  maxlinkdim=1500 maxerr=6.98E-10 time=138.642
After sweep 17 energy=-102.66582773136307  maxlinkdim=1500 maxerr=6.51E-10 time=145.433
After sweep 18 energy=-102.86116131682788  maxlinkdim=1500 maxerr=5.68E-10 time=156.932
After sweep 19 energy=-103.02864291625991  maxlinkdim=1500 maxerr=4.40E-10 time=161.589
After sweep 20 energy=-103.17243916142749  maxlinkdim=1500 maxerr=4.74E-10 time=164.008
After sweep 21 energy=-103.3070712361802  maxlinkdim=1500 maxerr=6.67E-10 time=171.432
After sweep 22 energy=-103.45550839444458  maxlinkdim=1500 maxerr=1.98E-09 time=178.818
After sweep 23 energy=-103.63667241558687  maxlinkdim=1500 maxerr=3.54E-09 time=185.950
After sweep 24 energy=-103.78134247405907  maxlinkdim=1500 maxerr=2.80E-09 time=196.479
After sweep 25 energy=-103.88262957535196  maxlinkdim=1500 maxerr=1.11E-09 time=201.736
After sweep 26 energy=-103.96938087415931  maxlinkdim=1500 maxerr=1.09E-09 time=205.666
After sweep 27 energy=-104.04684732069077  maxlinkdim=1500 maxerr=3.53E-09 time=209.489
After sweep 28 energy=-104.1331911803862  maxlinkdim=1500 maxerr=7.01E-09 time=219.120
After sweep 29 energy=-104.20349515052831  maxlinkdim=1500 maxerr=4.19E-09 time=222.482
After sweep 30 energy=-104.26873158960619  maxlinkdim=1500 maxerr=7.55E-09 time=225.792
After sweep 31 energy=-104.32801315733855  maxlinkdim=1500 maxerr=3.80E-08 time=234.253
After sweep 32 energy=-104.38299288625295  maxlinkdim=1500 maxerr=2.42E-08 time=238.055
After sweep 33 energy=-104.43694628815174  maxlinkdim=1500 maxerr=4.44E-08 time=244.820
After sweep 34 energy=-104.48564520733309  maxlinkdim=1500 maxerr=1.55E-08 time=245.423
After sweep 35 energy=-104.5354091942927  maxlinkdim=1500 maxerr=8.30E-09 time=241.056
After sweep 36 energy=-104.58381603401295  maxlinkdim=1500 maxerr=1.08E-08 time=245.327
After sweep 37 energy=-104.63415980935659  maxlinkdim=1500 maxerr=1.54E-08 time=248.985
After sweep 38 energy=-104.68421252295884  maxlinkdim=1500 maxerr=3.32E-08 time=259.030
After sweep 39 energy=-104.7335046379625  maxlinkdim=1500 maxerr=7.97E-08 time=266.221
After sweep 40 energy=-104.77696333892285  maxlinkdim=1500 maxerr=1.43E-07 time=271.526
After sweep 41 energy=-104.81195944597644  maxlinkdim=1500 maxerr=3.32E-08 time=268.245
After sweep 42 energy=-104.84452746910668  maxlinkdim=1500 maxerr=2.00E-09 time=266.872
After sweep 43 energy=-104.87766817997532  maxlinkdim=1500 maxerr=1.51E-08 time=264.477
After sweep 44 energy=-104.90862251553715  maxlinkdim=1500 maxerr=1.53E-08 time=265.053
After sweep 45 energy=-104.93870639470775  maxlinkdim=1500 maxerr=2.09E-09 time=266.126
After sweep 46 energy=-104.9696190901861  maxlinkdim=1500 maxerr=2.44E-08 time=267.972
After sweep 47 energy=-105.00314258897694  maxlinkdim=1500 maxerr=3.53E-09 time=266.620
After sweep 48 energy=-105.03534689406945  maxlinkdim=1500 maxerr=3.62E-09 time=276.693
After sweep 49 energy=-105.06590292655507  maxlinkdim=1500 maxerr=4.10E-09 time=275.119
After sweep 50 energy=-105.09765822346682  maxlinkdim=1500 maxerr=5.38E-09 time=277.329
After sweep 51 energy=-105.12397468980087  maxlinkdim=1500 maxerr=3.25E-09 time=272.754
After sweep 52 energy=-105.14959290654726  maxlinkdim=1500 maxerr=3.11E-09 time=268.677
After sweep 53 energy=-105.1725562328184  maxlinkdim=1500 maxerr=8.58E-09 time=267.537
After sweep 54 energy=-105.1954974579389  maxlinkdim=1500 maxerr=2.15E-09 time=276.126
After sweep 55 energy=-105.21935867114227  maxlinkdim=1500 maxerr=3.08E-09 time=270.397
After sweep 56 energy=-105.23883361700467  maxlinkdim=1500 maxerr=9.84E-09 time=275.730
After sweep 57 energy=-105.25809952705474  maxlinkdim=1500 maxerr=2.31E-09 time=275.402
After sweep 58 energy=-105.27517935595988  maxlinkdim=1500 maxerr=2.09E-09 time=273.563
After sweep 59 energy=-105.29228971046562  maxlinkdim=1500 maxerr=2.12E-09 time=271.219
After sweep 60 energy=-105.30985074901196  maxlinkdim=1500 maxerr=3.47E-09 time=269.775
After sweep 61 energy=-105.33194579205457  maxlinkdim=1500 maxerr=5.74E-09 time=272.115
After sweep 62 energy=-105.34916558513484  maxlinkdim=1500 maxerr=4.10E-09 time=270.936
After sweep 63 energy=-105.36620615703325  maxlinkdim=1500 maxerr=4.23E-09 time=272.960
After sweep 64 energy=-105.38273529057797  maxlinkdim=1500 maxerr=4.48E-09 time=273.111
After sweep 65 energy=-105.40000053520907  maxlinkdim=1500 maxerr=1.57E-08 time=277.188
After sweep 66 energy=-105.41609241536834  maxlinkdim=1500 maxerr=5.32E-09 time=284.174
After sweep 67 energy=-105.43372472457258  maxlinkdim=1500 maxerr=7.02E-09 time=282.886
After sweep 68 energy=-105.44839784611538  maxlinkdim=1500 maxerr=5.53E-09 time=275.231
After sweep 69 energy=-105.46259947259875  maxlinkdim=1500 maxerr=5.52E-09 time=271.667
After sweep 70 energy=-105.47658503496133  maxlinkdim=1500 maxerr=4.79E-09 time=276.175
After sweep 71 energy=-105.48985606998363  maxlinkdim=1500 maxerr=5.50E-09 time=280.984
After sweep 72 energy=-105.50294199078282  maxlinkdim=1500 maxerr=5.27E-09 time=276.333
After sweep 73 energy=-105.51555703600725  maxlinkdim=1500 maxerr=5.69E-09 time=274.308
After sweep 74 energy=-105.52878801917069  maxlinkdim=1500 maxerr=7.15E-09 time=275.846
After sweep 75 energy=-105.54099747606027  maxlinkdim=1500 maxerr=6.08E-09 time=276.806
After sweep 76 energy=-105.55256934848698  maxlinkdim=1500 maxerr=6.58E-09 time=274.671
After sweep 77 energy=-105.56400708307649  maxlinkdim=1500 maxerr=5.78E-09 time=270.023
After sweep 78 energy=-105.57408608620739  maxlinkdim=1500 maxerr=4.41E-09 time=288.552
After sweep 79 energy=-105.58372445459604  maxlinkdim=1500 maxerr=4.00E-09 time=290.970
After sweep 80 energy=-105.59281118403948  maxlinkdim=1500 maxerr=3.99E-09 time=288.101
After sweep 81 energy=-105.60149424120304  maxlinkdim=1500 maxerr=5.15E-09 time=279.984
After sweep 82 energy=-105.61024477493994  maxlinkdim=1500 maxerr=6.08E-09 time=288.902
After sweep 83 energy=-105.61886621245947  maxlinkdim=1500 maxerr=4.40E-09 time=290.756
After sweep 84 energy=-105.62660955051712  maxlinkdim=1500 maxerr=4.80E-09 time=290.768
After sweep 85 energy=-105.63415341265528  maxlinkdim=1500 maxerr=4.66E-09 time=284.456
After sweep 86 energy=-105.64149362607394  maxlinkdim=1500 maxerr=4.72E-09 time=284.975
After sweep 87 energy=-105.64867566105065  maxlinkdim=1500 maxerr=4.89E-09 time=285.026
After sweep 88 energy=-105.6557448545132  maxlinkdim=1500 maxerr=5.21E-09 time=286.183
After sweep 89 energy=-105.66298195285037  maxlinkdim=1500 maxerr=6.43E-09 time=285.978
After sweep 90 energy=-105.66918759731124  maxlinkdim=1500 maxerr=4.45E-09 time=289.774
After sweep 91 energy=-105.67475698041008  maxlinkdim=1500 maxerr=4.17E-09 time=281.885
After sweep 92 energy=-105.68026666383538  maxlinkdim=1500 maxerr=3.77E-09 time=275.842
After sweep 93 energy=-105.68565057505697  maxlinkdim=1500 maxerr=4.74E-09 time=278.924
After sweep 94 energy=-105.69102180755355  maxlinkdim=1500 maxerr=7.84E-09 time=276.633
After sweep 95 energy=-105.69587605451848  maxlinkdim=1500 maxerr=6.67E-09 time=282.508
After sweep 96 energy=-105.70050257834068  maxlinkdim=1500 maxerr=3.70E-09 time=285.918
After sweep 97 energy=-105.7052037244937  maxlinkdim=1500 maxerr=3.97E-09 time=288.414
After sweep 98 energy=-105.70967620152857  maxlinkdim=1500 maxerr=3.00E-09 time=290.178
After sweep 99 energy=-105.71386507270967  maxlinkdim=1500 maxerr=3.89E-09 time=290.953
After sweep 100 energy=-105.71803685017436  maxlinkdim=1500 maxerr=5.08E-09 time=286.553
After sweep 101 energy=-105.72239971178276  maxlinkdim=1500 maxerr=6.05E-09 time=285.342
After sweep 102 energy=-105.7267498205149  maxlinkdim=1500 maxerr=6.03E-09 time=283.901
After sweep 103 energy=-105.7308823383305  maxlinkdim=1500 maxerr=5.21E-09 time=286.456
After sweep 104 energy=-105.73456936535723  maxlinkdim=1500 maxerr=3.12E-09 time=288.637
After sweep 105 energy=-105.7380365774096  maxlinkdim=1500 maxerr=4.49E-09 time=286.822
After sweep 106 energy=-105.74138741300638  maxlinkdim=1500 maxerr=4.29E-09 time=286.000
After sweep 107 energy=-105.74468825601443  maxlinkdim=1500 maxerr=4.89E-09 time=282.152
After sweep 108 energy=-105.74800128795451  maxlinkdim=1500 maxerr=4.56E-09 time=283.726
After sweep 109 energy=-105.75116327554744  maxlinkdim=1500 maxerr=5.94E-09 time=282.949
After sweep 110 energy=-105.75414322297682  maxlinkdim=1500 maxerr=4.90E-09 time=282.246
After sweep 111 energy=-105.75716960033697  maxlinkdim=1500 maxerr=6.29E-09 time=284.443
After sweep 112 energy=-105.75995865682938  maxlinkdim=1500 maxerr=6.42E-09 time=294.615
After sweep 113 energy=-105.76265118871237  maxlinkdim=1500 maxerr=6.05E-09 time=284.085
After sweep 114 energy=-105.76519212074936  maxlinkdim=1500 maxerr=5.97E-09 time=282.947
After sweep 115 energy=-105.76745659985802  maxlinkdim=1500 maxerr=5.43E-09 time=281.602
After sweep 116 energy=-105.7695746598516  maxlinkdim=1500 maxerr=7.44E-09 time=281.713
After sweep 117 energy=-105.77165070782448  maxlinkdim=1500 maxerr=7.74E-09 time=281.860
After sweep 118 energy=-105.77355615162989  maxlinkdim=1500 maxerr=7.04E-09 time=282.508
After sweep 119 energy=-105.77543291040972  maxlinkdim=1500 maxerr=1.01E-08 time=279.441
After sweep 120 energy=-105.77717259767705  maxlinkdim=1500 maxerr=7.58E-09 time=282.594
After sweep 121 energy=-105.77895031987875  maxlinkdim=1500 maxerr=9.88E-09 time=282.462
After sweep 122 energy=-105.78201292397736  maxlinkdim=1500 maxerr=1.13E-06 time=287.240
After sweep 123 energy=-105.78685992776909  maxlinkdim=1500 maxerr=6.83E-07 time=298.545
After sweep 124 energy=-105.79452407698052  maxlinkdim=1500 maxerr=4.02E-07 time=301.851
After sweep 125 energy=-105.79634282749734  maxlinkdim=1500 maxerr=2.92E-07 time=299.107
After sweep 126 energy=-105.79737300112852  maxlinkdim=1500 maxerr=2.58E-07 time=302.316
After sweep 127 energy=-105.79808337190923  maxlinkdim=1500 maxerr=2.27E-07 time=306.588
After sweep 128 energy=-105.79860801791226  maxlinkdim=1500 maxerr=2.48E-07 time=302.912
After sweep 129 energy=-105.7989458614158  maxlinkdim=1500 maxerr=2.04E-07 time=305.138
After sweep 130 energy=-105.7992096333078  maxlinkdim=1500 maxerr=3.10E-07 time=305.189
After sweep 131 energy=-105.79942963045234  maxlinkdim=1500 maxerr=2.99E-07 time=302.280
After sweep 132 energy=-105.79962335461367  maxlinkdim=1500 maxerr=2.60E-07 time=303.060
After sweep 133 energy=-105.79980821308426  maxlinkdim=1500 maxerr=3.62E-07 time=301.652
After sweep 134 energy=-105.79998321376709  maxlinkdim=1500 maxerr=3.20E-07 time=306.945
After sweep 135 energy=-105.80013946987927  maxlinkdim=1500 maxerr=3.70E-07 time=307.168
After sweep 136 energy=-105.80028311515524  maxlinkdim=1500 maxerr=3.39E-07 time=303.389
After sweep 137 energy=-105.80042470378008  maxlinkdim=1500 maxerr=3.27E-07 time=304.805
After sweep 138 energy=-105.80055681587945  maxlinkdim=1500 maxerr=3.22E-07 time=303.116
After sweep 139 energy=-105.80068246079604  maxlinkdim=1500 maxerr=3.64E-07 time=296.769
After sweep 140 energy=-105.80079948011512  maxlinkdim=1500 maxerr=3.44E-07 time=300.242
After sweep 141 energy=-105.80090286019013  maxlinkdim=1500 maxerr=3.33E-07 time=298.845
Stopping DMRG after sweep 141
  E(N-1) = -105.80090286019013

[3/3] Computing E(N=112)
  Initial state: 112 particles (56 up, 56 dn)
After sweep 1 energy=-75.07023665186988  maxlinkdim=20 maxerr=3.06E-04 time=8.816
After sweep 2 energy=-83.67366615473894  maxlinkdim=50 maxerr=2.54E-05 time=20.223
After sweep 3 energy=-87.74342074395969  maxlinkdim=100 maxerr=2.32E-06 time=30.358
After sweep 4 energy=-90.91268609819086  maxlinkdim=200 maxerr=1.61E-07 time=44.507
After sweep 5 energy=-93.46114238828882  maxlinkdim=849 maxerr=1.00E-10 time=63.579
After sweep 6 energy=-95.15516516726687  maxlinkdim=1332 maxerr=1.00E-10 time=77.256
After sweep 7 energy=-96.71476367911725  maxlinkdim=1500 maxerr=3.94E-10 time=92.045
After sweep 8 energy=-97.7598196875254  maxlinkdim=1500 maxerr=6.90E-10 time=97.382
After sweep 9 energy=-98.56807143988149  maxlinkdim=1500 maxerr=7.16E-10 time=106.548
After sweep 10 energy=-99.22476789806429  maxlinkdim=1500 maxerr=8.61E-10 time=111.978
After sweep 11 energy=-99.80867940809283  maxlinkdim=1500 maxerr=1.24E-09 time=116.131
After sweep 12 energy=-100.2480190735962  maxlinkdim=1500 maxerr=1.13E-09 time=121.389
After sweep 13 energy=-100.60113482085379  maxlinkdim=1500 maxerr=9.59E-10 time=127.126
After sweep 14 energy=-100.91418071388036  maxlinkdim=1500 maxerr=1.19E-09 time=138.605
After sweep 15 energy=-101.17235572709325  maxlinkdim=1500 maxerr=9.03E-10 time=141.485
After sweep 16 energy=-101.397884218489  maxlinkdim=1500 maxerr=8.81E-10 time=148.346
After sweep 17 energy=-101.59215006786444  maxlinkdim=1500 maxerr=8.65E-10 time=156.664
After sweep 18 energy=-101.74759952106442  maxlinkdim=1500 maxerr=8.34E-10 time=163.995
After sweep 19 energy=-101.88211768820804  maxlinkdim=1500 maxerr=5.79E-10 time=162.385
After sweep 20 energy=-101.99669303478113  maxlinkdim=1500 maxerr=6.15E-10 time=169.266
After sweep 21 energy=-102.09985450654996  maxlinkdim=1500 maxerr=8.43E-10 time=173.932
After sweep 22 energy=-102.1970143214399  maxlinkdim=1500 maxerr=1.10E-09 time=177.942
After sweep 23 energy=-102.29062380641703  maxlinkdim=1500 maxerr=1.43E-09 time=179.759
After sweep 24 energy=-102.38899227813998  maxlinkdim=1500 maxerr=2.67E-09 time=184.178
After sweep 25 energy=-102.48492533248981  maxlinkdim=1500 maxerr=2.44E-09 time=195.823
After sweep 26 energy=-102.57431339977859  maxlinkdim=1500 maxerr=2.95E-09 time=205.253
After sweep 27 energy=-102.66983321509966  maxlinkdim=1500 maxerr=3.94E-09 time=217.591
After sweep 28 energy=-102.76633119590572  maxlinkdim=1500 maxerr=3.84E-09 time=221.948
After sweep 29 energy=-102.84375065207419  maxlinkdim=1500 maxerr=2.52E-09 time=239.105
After sweep 30 energy=-102.90514589713611  maxlinkdim=1500 maxerr=2.29E-09 time=231.658
After sweep 31 energy=-102.96671899024889  maxlinkdim=1500 maxerr=7.17E-09 time=235.284
After sweep 32 energy=-103.02743682333933  maxlinkdim=1500 maxerr=3.57E-09 time=244.503
After sweep 33 energy=-103.09492610985279  maxlinkdim=1500 maxerr=6.09E-09 time=247.929
After sweep 34 energy=-103.15691659372345  maxlinkdim=1500 maxerr=6.53E-09 time=249.663
After sweep 35 energy=-103.21506432457599  maxlinkdim=1500 maxerr=6.10E-09 time=248.594
After sweep 36 energy=-103.2713320605818  maxlinkdim=1500 maxerr=8.25E-09 time=260.543
After sweep 37 energy=-103.33148994293188  maxlinkdim=1500 maxerr=1.07E-08 time=265.103
After sweep 38 energy=-103.38297144028259  maxlinkdim=1500 maxerr=6.78E-09 time=265.764
After sweep 39 energy=-103.41101459980236  maxlinkdim=1500 maxerr=1.73E-09 time=264.914
After sweep 40 energy=-103.43802301705415  maxlinkdim=1500 maxerr=2.03E-09 time=260.191
After sweep 41 energy=-103.46696317118142  maxlinkdim=1500 maxerr=2.07E-09 time=258.720
After sweep 42 energy=-103.49024279024809  maxlinkdim=1500 maxerr=1.34E-09 time=257.613
After sweep 43 energy=-103.51570970104532  maxlinkdim=1500 maxerr=2.06E-09 time=255.927
After sweep 44 energy=-103.5505780908479  maxlinkdim=1500 maxerr=1.59E-08 time=262.785
After sweep 45 energy=-103.57548209268327  maxlinkdim=1500 maxerr=2.49E-09 time=269.089
After sweep 46 energy=-103.59862630594962  maxlinkdim=1500 maxerr=2.28E-09 time=259.812
After sweep 47 energy=-103.62149536495453  maxlinkdim=1500 maxerr=2.07E-09 time=261.113
After sweep 48 energy=-103.64211915119299  maxlinkdim=1500 maxerr=1.57E-09 time=252.390
After sweep 49 energy=-103.66321183815501  maxlinkdim=1500 maxerr=5.13E-08 time=253.562
After sweep 50 energy=-103.68298495315885  maxlinkdim=1500 maxerr=1.35E-09 time=268.989
After sweep 51 energy=-103.70146669045855  maxlinkdim=1500 maxerr=2.12E-09 time=266.286
After sweep 52 energy=-103.71889446746414  maxlinkdim=1500 maxerr=1.82E-09 time=275.845
After sweep 53 energy=-103.73652938111904  maxlinkdim=1500 maxerr=2.41E-09 time=274.183
After sweep 54 energy=-103.75472397642096  maxlinkdim=1500 maxerr=2.96E-09 time=267.111
After sweep 55 energy=-103.77451892362765  maxlinkdim=1500 maxerr=8.07E-09 time=272.257
After sweep 56 energy=-103.79328444252232  maxlinkdim=1500 maxerr=3.30E-09 time=279.528
After sweep 57 energy=-103.80837527914706  maxlinkdim=1500 maxerr=2.99E-09 time=269.245
After sweep 58 energy=-103.82375984749812  maxlinkdim=1500 maxerr=2.89E-09 time=268.944
After sweep 59 energy=-103.83792812803733  maxlinkdim=1500 maxerr=2.74E-09 time=265.964
After sweep 60 energy=-103.85271763497283  maxlinkdim=1500 maxerr=3.15E-09 time=264.287
After sweep 61 energy=-103.86613238388576  maxlinkdim=1500 maxerr=2.76E-09 time=265.210
After sweep 62 energy=-103.87948619434133  maxlinkdim=1500 maxerr=2.98E-09 time=266.289
After sweep 63 energy=-103.89270782423566  maxlinkdim=1500 maxerr=1.43E-08 time=270.691
After sweep 64 energy=-103.90495472057019  maxlinkdim=1500 maxerr=2.67E-09 time=276.231
After sweep 65 energy=-103.91834714312398  maxlinkdim=1500 maxerr=3.72E-09 time=273.098
After sweep 66 energy=-103.92995754917125  maxlinkdim=1500 maxerr=3.01E-09 time=269.345
After sweep 67 energy=-103.94448770973818  maxlinkdim=1500 maxerr=5.07E-09 time=267.712
After sweep 68 energy=-103.95507291851456  maxlinkdim=1500 maxerr=2.60E-09 time=265.829
After sweep 69 energy=-103.96509584451678  maxlinkdim=1500 maxerr=2.50E-09 time=266.161
After sweep 70 energy=-103.97490295135327  maxlinkdim=1500 maxerr=2.29E-09 time=258.495
After sweep 71 energy=-103.98416690004302  maxlinkdim=1500 maxerr=2.47E-09 time=258.331
After sweep 72 energy=-103.99318767322197  maxlinkdim=1500 maxerr=2.62E-09 time=259.712
After sweep 73 energy=-104.00215894293605  maxlinkdim=1500 maxerr=2.84E-09 time=265.661
After sweep 74 energy=-104.01096170497055  maxlinkdim=1500 maxerr=2.74E-09 time=267.846
After sweep 75 energy=-104.02205180132735  maxlinkdim=1500 maxerr=4.81E-09 time=273.413
After sweep 76 energy=-104.03069676437434  maxlinkdim=1500 maxerr=3.00E-09 time=270.540
After sweep 77 energy=-104.03871101437439  maxlinkdim=1500 maxerr=1.91E-09 time=270.480
After sweep 78 energy=-104.04622634649178  maxlinkdim=1500 maxerr=2.28E-09 time=270.496
After sweep 79 energy=-104.05344241934853  maxlinkdim=1500 maxerr=2.17E-09 time=266.716
After sweep 80 energy=-104.0605358034291  maxlinkdim=1500 maxerr=2.08E-09 time=271.086
After sweep 81 energy=-104.06734052496773  maxlinkdim=1500 maxerr=2.35E-09 time=271.225
After sweep 82 energy=-104.07522166000506  maxlinkdim=1500 maxerr=3.68E-09 time=273.934
After sweep 83 energy=-104.08349934159688  maxlinkdim=1500 maxerr=4.57E-09 time=274.886
After sweep 84 energy=-104.09430926591465  maxlinkdim=1500 maxerr=6.95E-09 time=277.611
After sweep 85 energy=-104.10109707003984  maxlinkdim=1500 maxerr=3.00E-09 time=277.846
After sweep 86 energy=-104.10834478809099  maxlinkdim=1500 maxerr=3.94E-09 time=279.800
After sweep 87 energy=-104.11649747514544  maxlinkdim=1500 maxerr=3.73E-09 time=281.536
After sweep 88 energy=-104.1220053393332  maxlinkdim=1500 maxerr=2.14E-09 time=279.647
After sweep 89 energy=-104.1271987251518  maxlinkdim=1500 maxerr=2.32E-09 time=274.632
After sweep 90 energy=-104.13231125818358  maxlinkdim=1500 maxerr=2.06E-09 time=275.052
After sweep 91 energy=-104.1365530377582  maxlinkdim=1500 maxerr=1.37E-09 time=281.043
After sweep 92 energy=-104.14219790085588  maxlinkdim=1500 maxerr=1.45E-07 time=279.958
After sweep 93 energy=-104.16093113848774  maxlinkdim=1500 maxerr=9.49E-08 time=283.397
After sweep 94 energy=-104.17250533497449  maxlinkdim=1500 maxerr=2.86E-07 time=291.113
After sweep 95 energy=-104.17867381005958  maxlinkdim=1500 maxerr=5.46E-08 time=288.958
After sweep 96 energy=-104.18412681597414  maxlinkdim=1500 maxerr=3.23E-08 time=292.200
After sweep 97 energy=-104.18897581502922  maxlinkdim=1500 maxerr=1.58E-07 time=290.511
After sweep 98 energy=-104.19289904049346  maxlinkdim=1500 maxerr=8.12E-08 time=287.259
After sweep 99 energy=-104.1959884570371  maxlinkdim=1500 maxerr=3.58E-08 time=293.563
After sweep 100 energy=-104.19923932074833  maxlinkdim=1500 maxerr=4.31E-08 time=294.613
After sweep 101 energy=-104.20204423005286  maxlinkdim=1500 maxerr=1.21E-07 time=295.940
After sweep 102 energy=-104.2047071508563  maxlinkdim=1500 maxerr=1.75E-07 time=297.807
After sweep 103 energy=-104.20679382102094  maxlinkdim=1500 maxerr=9.64E-08 time=297.158
After sweep 104 energy=-104.20838967751885  maxlinkdim=1500 maxerr=2.44E-07 time=300.711
After sweep 105 energy=-104.20994763649871  maxlinkdim=1500 maxerr=2.46E-07 time=298.841
After sweep 106 energy=-104.21138494370777  maxlinkdim=1500 maxerr=2.38E-07 time=295.519
After sweep 107 energy=-104.2127274499235  maxlinkdim=1500 maxerr=2.80E-07 time=295.553
After sweep 108 energy=-104.2139389967336  maxlinkdim=1500 maxerr=7.58E-08 time=292.246
After sweep 109 energy=-104.21491037788314  maxlinkdim=1500 maxerr=2.67E-07 time=292.246
After sweep 110 energy=-104.21574343169932  maxlinkdim=1500 maxerr=2.28E-07 time=294.716
After sweep 111 energy=-104.21648452453567  maxlinkdim=1500 maxerr=9.53E-08 time=293.305
After sweep 112 energy=-104.21712200960502  maxlinkdim=1500 maxerr=8.49E-08 time=297.603
After sweep 113 energy=-104.21841737664303  maxlinkdim=1500 maxerr=4.54E-07 time=292.960
After sweep 114 energy=-104.21893828935215  maxlinkdim=1500 maxerr=1.44E-07 time=295.186
After sweep 115 energy=-104.21924093149354  maxlinkdim=1500 maxerr=7.39E-08 time=294.296
After sweep 116 energy=-104.21954892722775  maxlinkdim=1500 maxerr=1.94E-07 time=295.635
After sweep 117 energy=-104.21971248691236  maxlinkdim=1500 maxerr=1.05E-07 time=298.412
After sweep 118 energy=-104.21974794599407  maxlinkdim=1500 maxerr=8.49E-08 time=301.386
Stopping DMRG after sweep 118
  E(N) = -104.21974794599407

============================================================
RESULTS:
  E(110) = -107.43915785176384
  E(111) = -105.80090286019013
  E(112)     = -104.21974794599407
  E_p = -0.05710008  (attractive hole pairing)
============================================================
RESULT: E_p = -0.057100077377640446
