Calculating pair binding energy for ladder
L=64, U=8.0, V=0.0, t0=1.3, density=0.875
============================================================
Pair binding energy for Hubbard ladder
L = 64 rungs, 128 sites
U = 8.0, V = 0.0, t = 1.0, t0 = 1.3, density = 0.875
N_base = 112
============================================================

[1/3] Computing E(N-2=110)
  Initial state: 110 particles (55 up, 55 dn)
After sweep 1 energy=-61.97556963839243  maxlinkdim=20 maxerr=4.39E-04 time=46.962
After sweep 2 energy=-69.56628405202542  maxlinkdim=50 maxerr=1.38E-05 time=25.997
After sweep 3 energy=-73.74536129323388  maxlinkdim=100 maxerr=1.03E-06 time=38.998
After sweep 4 energy=-76.39610974104639  maxlinkdim=200 maxerr=5.43E-08 time=57.929
After sweep 5 energy=-79.92418027967852  maxlinkdim=876 maxerr=1.00E-10 time=71.737
After sweep 6 energy=-82.34659332577364  maxlinkdim=1411 maxerr=1.00E-10 time=92.189
After sweep 7 energy=-84.30856351692644  maxlinkdim=1500 maxerr=4.44E-10 time=109.064
After sweep 8 energy=-85.80817228878976  maxlinkdim=1500 maxerr=1.39E-09 time=121.670
After sweep 9 energy=-87.48039885094803  maxlinkdim=1500 maxerr=2.20E-09 time=129.972
After sweep 10 energy=-88.43174212939785  maxlinkdim=1500 maxerr=1.99E-09 time=143.583
After sweep 11 energy=-89.3259668913114  maxlinkdim=1500 maxerr=3.63E-09 time=149.199
After sweep 12 energy=-90.01038573792441  maxlinkdim=1500 maxerr=3.22E-09 time=165.819
After sweep 13 energy=-90.58579189418359  maxlinkdim=1500 maxerr=7.60E-09 time=172.472
After sweep 14 energy=-91.02862555444277  maxlinkdim=1500 maxerr=4.07E-09 time=176.666
After sweep 15 energy=-91.37200429466796  maxlinkdim=1500 maxerr=4.26E-09 time=181.777
After sweep 16 energy=-91.67397610620144  maxlinkdim=1500 maxerr=5.15E-09 time=188.496
After sweep 17 energy=-91.95079777268349  maxlinkdim=1500 maxerr=6.14E-09 time=197.727
After sweep 18 energy=-92.22459054402698  maxlinkdim=1500 maxerr=1.03E-08 time=206.478
After sweep 19 energy=-92.46254790127487  maxlinkdim=1500 maxerr=1.33E-08 time=210.077
After sweep 20 energy=-92.66482975260342  maxlinkdim=1500 maxerr=2.15E-08 time=213.702
After sweep 21 energy=-92.83644269366782  maxlinkdim=1500 maxerr=2.48E-08 time=217.876
After sweep 22 energy=-93.00476587080054  maxlinkdim=1500 maxerr=5.07E-08 time=226.030
After sweep 23 energy=-93.16701667879892  maxlinkdim=1500 maxerr=1.28E-08 time=236.752
After sweep 24 energy=-93.30139523307909  maxlinkdim=1500 maxerr=1.81E-08 time=239.831
After sweep 25 energy=-93.42902259677875  maxlinkdim=1500 maxerr=1.03E-08 time=255.235
After sweep 26 energy=-93.55592669682748  maxlinkdim=1500 maxerr=1.62E-08 time=258.973
After sweep 27 energy=-93.65982115653419  maxlinkdim=1500 maxerr=2.32E-08 time=264.273
After sweep 28 energy=-93.76157266226282  maxlinkdim=1500 maxerr=4.18E-08 time=268.129
After sweep 29 energy=-93.85376869452897  maxlinkdim=1500 maxerr=3.23E-08 time=274.747
After sweep 30 energy=-93.93756921065973  maxlinkdim=1500 maxerr=2.71E-08 time=281.210
After sweep 31 energy=-94.01342075469395  maxlinkdim=1500 maxerr=1.48E-08 time=283.763
After sweep 32 energy=-94.08567430696151  maxlinkdim=1500 maxerr=6.43E-09 time=288.949
After sweep 33 energy=-94.15552986264754  maxlinkdim=1500 maxerr=7.59E-09 time=292.787
After sweep 34 energy=-94.22012846728447  maxlinkdim=1500 maxerr=4.78E-09 time=293.881
After sweep 35 energy=-94.28720227252661  maxlinkdim=1500 maxerr=9.23E-09 time=288.816
After sweep 36 energy=-94.37074309593383  maxlinkdim=1500 maxerr=6.94E-07 time=306.521
After sweep 37 energy=-94.43623503550609  maxlinkdim=1500 maxerr=1.03E-07 time=298.577
After sweep 38 energy=-94.49451422415918  maxlinkdim=1500 maxerr=4.33E-08 time=296.402
After sweep 39 energy=-94.55278671829782  maxlinkdim=1500 maxerr=1.34E-07 time=296.172
After sweep 40 energy=-94.60954729287764  maxlinkdim=1500 maxerr=9.43E-09 time=295.595
After sweep 41 energy=-94.66437139952237  maxlinkdim=1500 maxerr=7.24E-08 time=294.532
After sweep 42 energy=-94.72144028218308  maxlinkdim=1500 maxerr=3.80E-08 time=292.132
After sweep 43 energy=-94.7840426263732  maxlinkdim=1500 maxerr=3.88E-08 time=291.945
After sweep 44 energy=-94.83654355409492  maxlinkdim=1500 maxerr=5.01E-08 time=310.193
After sweep 45 energy=-94.88842241747318  maxlinkdim=1500 maxerr=5.03E-08 time=307.625
After sweep 46 energy=-94.93859533751241  maxlinkdim=1500 maxerr=2.77E-08 time=304.813
After sweep 47 energy=-94.98237921039924  maxlinkdim=1500 maxerr=4.56E-08 time=291.252
After sweep 48 energy=-95.02719986486952  maxlinkdim=1500 maxerr=1.35E-07 time=287.911
After sweep 49 energy=-95.06386243685297  maxlinkdim=1500 maxerr=7.94E-08 time=299.811
After sweep 50 energy=-95.101053387045  maxlinkdim=1500 maxerr=1.93E-08 time=305.633
After sweep 51 energy=-95.1366907694165  maxlinkdim=1500 maxerr=5.33E-08 time=307.464
After sweep 52 energy=-95.17192360021855  maxlinkdim=1500 maxerr=2.32E-07 time=297.484
After sweep 53 energy=-95.21313272943495  maxlinkdim=1500 maxerr=1.45E-07 time=307.383
After sweep 54 energy=-95.24668150196564  maxlinkdim=1500 maxerr=3.78E-08 time=306.607
After sweep 55 energy=-95.27872463972302  maxlinkdim=1500 maxerr=5.82E-07 time=309.113
After sweep 56 energy=-95.30904771504946  maxlinkdim=1500 maxerr=1.26E-07 time=313.774
After sweep 57 energy=-95.33917973912384  maxlinkdim=1500 maxerr=1.04E-07 time=311.377
After sweep 58 energy=-95.36998839907741  maxlinkdim=1500 maxerr=1.56E-08 time=312.216
After sweep 59 energy=-95.39745545182107  maxlinkdim=1500 maxerr=1.09E-08 time=312.365
After sweep 60 energy=-95.42517906469332  maxlinkdim=1500 maxerr=4.27E-07 time=305.462
After sweep 61 energy=-95.45262412494932  maxlinkdim=1500 maxerr=2.37E-08 time=304.509
After sweep 62 energy=-95.47948606958353  maxlinkdim=1500 maxerr=2.43E-08 time=300.498
After sweep 63 energy=-95.5052656558174  maxlinkdim=1500 maxerr=7.79E-08 time=295.579
After sweep 64 energy=-95.53220462228956  maxlinkdim=1500 maxerr=4.33E-08 time=293.866
After sweep 65 energy=-95.55598136095303  maxlinkdim=1500 maxerr=3.49E-07 time=299.113
After sweep 66 energy=-95.5802558863374  maxlinkdim=1500 maxerr=1.06E-07 time=294.465
After sweep 67 energy=-95.60356547747969  maxlinkdim=1500 maxerr=3.10E-07 time=296.409
After sweep 68 energy=-95.62557101124182  maxlinkdim=1500 maxerr=1.62E-08 time=296.229
After sweep 69 energy=-95.64632719570874  maxlinkdim=1500 maxerr=1.52E-08 time=294.560
After sweep 70 energy=-95.66602696713916  maxlinkdim=1500 maxerr=1.50E-08 time=295.343
After sweep 71 energy=-95.68917911037772  maxlinkdim=1500 maxerr=4.54E-08 time=292.181
After sweep 72 energy=-95.71098635132955  maxlinkdim=1500 maxerr=1.15E-07 time=297.891
After sweep 73 energy=-95.72944619671077  maxlinkdim=1500 maxerr=5.79E-08 time=304.619
After sweep 74 energy=-95.7460723721237  maxlinkdim=1500 maxerr=2.00E-08 time=306.302
After sweep 75 energy=-95.7628054806508  maxlinkdim=1500 maxerr=2.89E-08 time=306.595
After sweep 76 energy=-95.77907181593997  maxlinkdim=1500 maxerr=2.96E-08 time=308.187
After sweep 77 energy=-95.79485457024265  maxlinkdim=1500 maxerr=3.34E-08 time=300.448
After sweep 78 energy=-95.81007055992336  maxlinkdim=1500 maxerr=3.27E-08 time=290.852
After sweep 79 energy=-95.82423435212499  maxlinkdim=1500 maxerr=2.75E-08 time=292.549
After sweep 80 energy=-95.83813274440838  maxlinkdim=1500 maxerr=2.81E-08 time=289.431
After sweep 81 energy=-95.85167786484996  maxlinkdim=1500 maxerr=2.52E-08 time=289.874
After sweep 82 energy=-95.86490110826898  maxlinkdim=1500 maxerr=2.63E-08 time=290.267
After sweep 83 energy=-95.87836999140768  maxlinkdim=1500 maxerr=3.20E-08 time=288.654
After sweep 84 energy=-95.89116464774926  maxlinkdim=1500 maxerr=2.86E-08 time=290.434
After sweep 85 energy=-95.90377596206974  maxlinkdim=1500 maxerr=3.27E-08 time=293.991
After sweep 86 energy=-95.91586580009242  maxlinkdim=1500 maxerr=2.88E-08 time=290.737
After sweep 87 energy=-95.9272935415621  maxlinkdim=1500 maxerr=3.02E-08 time=293.180
After sweep 88 energy=-95.93805096798289  maxlinkdim=1500 maxerr=3.16E-08 time=291.878
After sweep 89 energy=-95.9480572186882  maxlinkdim=1500 maxerr=3.21E-08 time=291.053
After sweep 90 energy=-95.95746240138482  maxlinkdim=1500 maxerr=3.36E-08 time=293.379
After sweep 91 energy=-95.96621415707035  maxlinkdim=1500 maxerr=3.40E-08 time=296.361
After sweep 92 energy=-95.97434916694831  maxlinkdim=1500 maxerr=3.70E-08 time=290.432
After sweep 93 energy=-95.98230741778603  maxlinkdim=1500 maxerr=6.70E-08 time=291.010
After sweep 94 energy=-95.98950961145492  maxlinkdim=1500 maxerr=3.83E-08 time=295.306
After sweep 95 energy=-95.9972107627229  maxlinkdim=1500 maxerr=1.09E-07 time=296.770
After sweep 96 energy=-96.00386010438913  maxlinkdim=1500 maxerr=2.01E-07 time=292.725
After sweep 97 energy=-96.00994450443915  maxlinkdim=1500 maxerr=4.27E-08 time=293.080
After sweep 98 energy=-96.01958427249198  maxlinkdim=1500 maxerr=5.59E-06 time=295.326
After sweep 99 energy=-96.03781681092255  maxlinkdim=1500 maxerr=1.30E-06 time=297.950
After sweep 100 energy=-96.0611022492731  maxlinkdim=1500 maxerr=1.31E-06 time=294.090
After sweep 101 energy=-96.0671978605227  maxlinkdim=1500 maxerr=1.20E-06 time=295.672
After sweep 102 energy=-96.06980114188678  maxlinkdim=1500 maxerr=1.43E-06 time=291.025
After sweep 103 energy=-96.0708372457822  maxlinkdim=1500 maxerr=1.19E-06 time=291.229
After sweep 104 energy=-96.07117475004662  maxlinkdim=1500 maxerr=1.08E-06 time=298.213
After sweep 105 energy=-96.07126194613183  maxlinkdim=1500 maxerr=9.03E-07 time=297.822
Stopping DMRG after sweep 105
  E(N-2) = -96.07126194613183

[2/3] Computing E(N-1=111)
  Initial state: 111 particles (56 up, 55 dn)
After sweep 1 energy=-64.52413461238606  maxlinkdim=20 maxerr=4.56E-04 time=8.156
After sweep 2 energy=-72.57781742832034  maxlinkdim=50 maxerr=2.33E-05 time=17.806
After sweep 3 energy=-76.77293755123257  maxlinkdim=100 maxerr=4.14E-06 time=26.693
After sweep 4 energy=-79.59188602950394  maxlinkdim=200 maxerr=3.52E-07 time=41.004
After sweep 5 energy=-81.76435988755925  maxlinkdim=854 maxerr=1.00E-10 time=60.716
After sweep 6 energy=-83.82432028949661  maxlinkdim=1446 maxerr=1.00E-10 time=79.845
After sweep 7 energy=-85.48004806213322  maxlinkdim=1500 maxerr=8.25E-10 time=94.389
After sweep 8 energy=-86.7659206519482  maxlinkdim=1500 maxerr=1.94E-09 time=115.180
After sweep 9 energy=-87.57061476685898  maxlinkdim=1500 maxerr=1.61E-09 time=121.966
After sweep 10 energy=-88.45495626829165  maxlinkdim=1500 maxerr=4.11E-09 time=134.864
After sweep 11 energy=-89.02109666361991  maxlinkdim=1500 maxerr=4.02E-09 time=143.142
After sweep 12 energy=-89.47406975814198  maxlinkdim=1500 maxerr=4.49E-09 time=149.868
After sweep 13 energy=-89.86137082284077  maxlinkdim=1500 maxerr=5.45E-09 time=155.329
After sweep 14 energy=-90.20130571696333  maxlinkdim=1500 maxerr=7.45E-09 time=170.099
After sweep 15 energy=-90.49000594318919  maxlinkdim=1500 maxerr=7.98E-09 time=185.729
After sweep 16 energy=-90.72633384668785  maxlinkdim=1500 maxerr=7.05E-09 time=194.663
After sweep 17 energy=-90.92522603143911  maxlinkdim=1500 maxerr=6.14E-09 time=199.204
After sweep 18 energy=-91.10288696868167  maxlinkdim=1500 maxerr=5.51E-09 time=193.174
After sweep 19 energy=-91.2701444882052  maxlinkdim=1500 maxerr=5.87E-09 time=198.323
After sweep 20 energy=-91.41412925993568  maxlinkdim=1500 maxerr=5.64E-09 time=217.815
After sweep 21 energy=-91.5527598549059  maxlinkdim=1500 maxerr=7.05E-09 time=224.907
After sweep 22 energy=-91.68724066793048  maxlinkdim=1500 maxerr=2.03E-08 time=230.584
After sweep 23 energy=-91.80741399654926  maxlinkdim=1500 maxerr=7.60E-09 time=231.581
After sweep 24 energy=-91.92174809388224  maxlinkdim=1500 maxerr=8.71E-09 time=251.113
After sweep 25 energy=-92.04014444757927  maxlinkdim=1500 maxerr=6.95E-09 time=258.868
After sweep 26 energy=-92.15251400748429  maxlinkdim=1500 maxerr=8.66E-09 time=269.176
After sweep 27 energy=-92.25131757205456  maxlinkdim=1500 maxerr=7.47E-09 time=281.573
After sweep 28 energy=-92.34112509442703  maxlinkdim=1500 maxerr=9.27E-09 time=280.867
After sweep 29 energy=-92.43197880948601  maxlinkdim=1500 maxerr=8.17E-09 time=281.091
After sweep 30 energy=-92.5161137391208  maxlinkdim=1500 maxerr=1.47E-08 time=285.009
After sweep 31 energy=-92.60825344765055  maxlinkdim=1500 maxerr=2.73E-08 time=289.676
After sweep 32 energy=-92.70001266375459  maxlinkdim=1500 maxerr=4.90E-07 time=295.527
After sweep 33 energy=-92.78354835662071  maxlinkdim=1500 maxerr=9.48E-08 time=290.154
After sweep 34 energy=-92.86491927551631  maxlinkdim=1500 maxerr=1.71E-08 time=293.541
After sweep 35 energy=-92.9387552643332  maxlinkdim=1500 maxerr=2.60E-08 time=292.372
After sweep 36 energy=-92.99801779112987  maxlinkdim=1500 maxerr=8.17E-08 time=304.863
After sweep 37 energy=-93.04965834824958  maxlinkdim=1500 maxerr=2.11E-08 time=310.954
After sweep 38 energy=-93.0955240203415  maxlinkdim=1500 maxerr=8.86E-09 time=313.235
After sweep 39 energy=-93.14016398390807  maxlinkdim=1500 maxerr=7.63E-09 time=312.561
After sweep 40 energy=-93.18386698412145  maxlinkdim=1500 maxerr=2.66E-08 time=305.858
After sweep 41 energy=-93.22496126293962  maxlinkdim=1500 maxerr=1.49E-08 time=305.885
After sweep 42 energy=-93.2645287763504  maxlinkdim=1500 maxerr=2.60E-07 time=303.571
After sweep 43 energy=-93.30372739709412  maxlinkdim=1500 maxerr=5.44E-08 time=294.932
After sweep 44 energy=-93.34432908685953  maxlinkdim=1500 maxerr=1.67E-08 time=286.956
After sweep 45 energy=-93.38066931334512  maxlinkdim=1500 maxerr=1.72E-07 time=292.399
After sweep 46 energy=-93.41539537086318  maxlinkdim=1500 maxerr=2.33E-08 time=287.742
After sweep 47 energy=-93.44870717194475  maxlinkdim=1500 maxerr=3.04E-08 time=291.297
After sweep 48 energy=-93.48453637611397  maxlinkdim=1500 maxerr=3.93E-07 time=292.068
After sweep 49 energy=-93.51630826567474  maxlinkdim=1500 maxerr=4.81E-08 time=290.568
After sweep 50 energy=-93.54680017529263  maxlinkdim=1500 maxerr=2.79E-07 time=289.639
After sweep 51 energy=-93.57972580145564  maxlinkdim=1500 maxerr=6.21E-08 time=296.788
After sweep 52 energy=-93.612045563053  maxlinkdim=1500 maxerr=8.65E-08 time=294.530
After sweep 53 energy=-93.64271542179432  maxlinkdim=1500 maxerr=4.74E-08 time=295.235
After sweep 54 energy=-93.67065452703  maxlinkdim=1500 maxerr=6.83E-08 time=294.225
After sweep 55 energy=-93.69780652392713  maxlinkdim=1500 maxerr=1.67E-07 time=288.743
After sweep 56 energy=-93.72556154638333  maxlinkdim=1500 maxerr=1.25E-07 time=290.866
After sweep 57 energy=-93.75303975390527  maxlinkdim=1500 maxerr=2.38E-08 time=304.411
After sweep 58 energy=-93.78283499128268  maxlinkdim=1500 maxerr=5.06E-08 time=304.654
After sweep 59 energy=-93.80577833568897  maxlinkdim=1500 maxerr=1.46E-08 time=305.660
After sweep 60 energy=-93.82933826794915  maxlinkdim=1500 maxerr=2.39E-08 time=309.704
After sweep 61 energy=-93.85176727918852  maxlinkdim=1500 maxerr=2.95E-08 time=307.310
After sweep 62 energy=-93.875756550259  maxlinkdim=1500 maxerr=4.49E-08 time=305.663
After sweep 63 energy=-93.89993818186512  maxlinkdim=1500 maxerr=5.24E-08 time=306.512
After sweep 64 energy=-93.9227398245145  maxlinkdim=1500 maxerr=4.21E-08 time=304.565
After sweep 65 energy=-93.94673095047182  maxlinkdim=1500 maxerr=7.12E-08 time=301.842
After sweep 66 energy=-93.96775508729792  maxlinkdim=1500 maxerr=4.13E-08 time=297.962
After sweep 67 energy=-93.98593440234436  maxlinkdim=1500 maxerr=2.28E-07 time=300.179
After sweep 68 energy=-94.0049394040166  maxlinkdim=1500 maxerr=4.29E-08 time=296.830
After sweep 69 energy=-94.0242507415174  maxlinkdim=1500 maxerr=1.27E-07 time=293.720
After sweep 70 energy=-94.04329320020258  maxlinkdim=1500 maxerr=3.81E-08 time=293.403
After sweep 71 energy=-94.06162242753902  maxlinkdim=1500 maxerr=2.92E-08 time=288.846
After sweep 72 energy=-94.08135064790271  maxlinkdim=1500 maxerr=6.17E-08 time=291.593
After sweep 73 energy=-94.10043212551514  maxlinkdim=1500 maxerr=1.04E-07 time=291.765
After sweep 74 energy=-94.11688494854394  maxlinkdim=1500 maxerr=5.08E-08 time=294.032
After sweep 75 energy=-94.13425093481426  maxlinkdim=1500 maxerr=7.88E-08 time=297.202
After sweep 76 energy=-94.15003040519049  maxlinkdim=1500 maxerr=6.47E-08 time=311.977
After sweep 77 energy=-94.16675644675993  maxlinkdim=1500 maxerr=9.58E-08 time=308.648
After sweep 78 energy=-94.18175339461429  maxlinkdim=1500 maxerr=6.78E-08 time=305.601
After sweep 79 energy=-94.1970726338418  maxlinkdim=1500 maxerr=1.22E-07 time=300.908
After sweep 80 energy=-94.20968767037466  maxlinkdim=1500 maxerr=5.15E-08 time=293.069
After sweep 81 energy=-94.22715792765752  maxlinkdim=1500 maxerr=1.29E-07 time=289.234
After sweep 82 energy=-94.23850819749232  maxlinkdim=1500 maxerr=3.31E-08 time=292.355
After sweep 83 energy=-94.2505724656161  maxlinkdim=1500 maxerr=7.86E-08 time=293.941
After sweep 84 energy=-94.26141253367507  maxlinkdim=1500 maxerr=6.17E-08 time=307.784
After sweep 85 energy=-94.274561111947  maxlinkdim=1500 maxerr=3.26E-06 time=307.524
After sweep 86 energy=-94.2850476611759  maxlinkdim=1500 maxerr=5.34E-07 time=311.096
After sweep 87 energy=-94.29375196999126  maxlinkdim=1500 maxerr=1.82E-07 time=313.563
After sweep 88 energy=-94.30271195174687  maxlinkdim=1500 maxerr=1.19E-06 time=311.778
After sweep 89 energy=-94.31102942994067  maxlinkdim=1500 maxerr=1.13E-06 time=309.351
After sweep 90 energy=-94.31846377881544  maxlinkdim=1500 maxerr=6.32E-07 time=306.019
After sweep 91 energy=-94.32588579183904  maxlinkdim=1500 maxerr=1.87E-07 time=305.683
After sweep 92 energy=-94.33243650879196  maxlinkdim=1500 maxerr=4.51E-07 time=288.478
After sweep 93 energy=-94.33889464413548  maxlinkdim=1500 maxerr=5.65E-07 time=293.143
After sweep 94 energy=-94.34475117809289  maxlinkdim=1500 maxerr=4.33E-07 time=289.480
After sweep 95 energy=-94.35028001009798  maxlinkdim=1500 maxerr=2.78E-07 time=290.453
After sweep 96 energy=-94.35542318894964  maxlinkdim=1500 maxerr=3.86E-07 time=288.581
After sweep 97 energy=-94.36041190066916  maxlinkdim=1500 maxerr=3.32E-07 time=291.810
After sweep 98 energy=-94.3825319845542  maxlinkdim=1500 maxerr=3.52E-06 time=294.691
After sweep 99 energy=-94.39511579588462  maxlinkdim=1500 maxerr=2.91E-06 time=301.458
After sweep 100 energy=-94.4014361725963  maxlinkdim=1500 maxerr=2.25E-06 time=296.146
After sweep 101 energy=-94.40604966584921  maxlinkdim=1500 maxerr=2.73E-06 time=315.315
After sweep 102 energy=-94.41012887940002  maxlinkdim=1500 maxerr=2.86E-06 time=300.595
After sweep 103 energy=-94.41325337494095  maxlinkdim=1500 maxerr=3.23E-06 time=300.639
After sweep 104 energy=-94.41482369460122  maxlinkdim=1500 maxerr=3.28E-06 time=296.212
After sweep 105 energy=-94.41573481540712  maxlinkdim=1500 maxerr=3.34E-06 time=292.688
After sweep 106 energy=-94.4163370689142  maxlinkdim=1500 maxerr=2.87E-06 time=311.311
After sweep 107 energy=-94.4167845608932  maxlinkdim=1500 maxerr=2.83E-06 time=311.135
After sweep 108 energy=-94.41713956634838  maxlinkdim=1500 maxerr=2.80E-06 time=296.433
After sweep 109 energy=-94.41742464758956  maxlinkdim=1500 maxerr=2.84E-06 time=302.092
After sweep 110 energy=-94.41766412935183  maxlinkdim=1500 maxerr=2.82E-06 time=301.879
After sweep 111 energy=-94.4178700751834  maxlinkdim=1500 maxerr=2.79E-06 time=301.787
After sweep 112 energy=-94.41804990499614  maxlinkdim=1500 maxerr=2.73E-06 time=297.668
After sweep 113 energy=-94.41821054722655  maxlinkdim=1500 maxerr=2.90E-06 time=301.431
After sweep 114 energy=-94.41835845176186  maxlinkdim=1500 maxerr=2.85E-06 time=299.576
After sweep 115 energy=-94.41848935526265  maxlinkdim=1500 maxerr=2.89E-06 time=301.062
After sweep 116 energy=-94.41861044377706  maxlinkdim=1500 maxerr=2.89E-06 time=297.221
After sweep 117 energy=-94.41871997248145  maxlinkdim=1500 maxerr=2.87E-06 time=292.732
After sweep 118 energy=-94.41881792773388  maxlinkdim=1500 maxerr=2.87E-06 time=298.441
After sweep 119 energy=-94.41890620649473  maxlinkdim=1500 maxerr=2.85E-06 time=303.033
Stopping DMRG after sweep 119
  E(N-1) = -94.41890620649473

[3/3] Computing E(N=112)
  Initial state: 112 particles (56 up, 56 dn)
After sweep 1 energy=-62.73521525821538  maxlinkdim=20 maxerr=4.39E-04 time=7.610
After sweep 2 energy=-70.14234606141729  maxlinkdim=50 maxerr=1.38E-05 time=18.065
After sweep 3 energy=-73.97412195276164  maxlinkdim=100 maxerr=7.92E-07 time=27.066
After sweep 4 energy=-76.15775428712365  maxlinkdim=200 maxerr=5.27E-08 time=52.465
After sweep 5 energy=-78.47333830093693  maxlinkdim=723 maxerr=1.00E-10 time=60.900
After sweep 6 energy=-80.9867766922794  maxlinkdim=1451 maxerr=1.00E-10 time=79.693
After sweep 7 energy=-83.17334293913584  maxlinkdim=1500 maxerr=7.03E-10 time=93.899
After sweep 8 energy=-84.79690862440478  maxlinkdim=1500 maxerr=1.19E-09 time=106.834
After sweep 9 energy=-85.79573389610347  maxlinkdim=1500 maxerr=1.60E-09 time=115.360
After sweep 10 energy=-86.62761520572106  maxlinkdim=1500 maxerr=2.08E-09 time=122.913
After sweep 11 energy=-87.29993741337752  maxlinkdim=1500 maxerr=2.49E-09 time=135.585
After sweep 12 energy=-87.85357361612367  maxlinkdim=1500 maxerr=3.05E-09 time=139.658
After sweep 13 energy=-88.25764989680583  maxlinkdim=1500 maxerr=2.67E-09 time=141.314
After sweep 14 energy=-88.59423483555824  maxlinkdim=1500 maxerr=2.61E-09 time=149.011
After sweep 15 energy=-88.88588343044881  maxlinkdim=1500 maxerr=2.21E-09 time=155.157
After sweep 16 energy=-89.15733396672303  maxlinkdim=1500 maxerr=3.85E-09 time=164.018
After sweep 17 energy=-89.4175406578668  maxlinkdim=1500 maxerr=6.33E-09 time=172.593
After sweep 18 energy=-89.65425870992784  maxlinkdim=1500 maxerr=9.21E-09 time=181.727
After sweep 19 energy=-89.87253794953075  maxlinkdim=1500 maxerr=1.30E-08 time=189.031
After sweep 20 energy=-90.10484757528809  maxlinkdim=1500 maxerr=2.29E-08 time=196.299
After sweep 21 energy=-90.31110250319097  maxlinkdim=1500 maxerr=1.95E-07 time=203.869
After sweep 22 energy=-90.46960610051902  maxlinkdim=1500 maxerr=1.82E-08 time=211.540
After sweep 23 energy=-90.60684789633615  maxlinkdim=1500 maxerr=4.84E-08 time=221.168
After sweep 24 energy=-90.73406706400789  maxlinkdim=1500 maxerr=1.68E-08 time=235.022
After sweep 25 energy=-90.85553507666454  maxlinkdim=1500 maxerr=2.52E-08 time=241.120
After sweep 26 energy=-90.95915918690737  maxlinkdim=1500 maxerr=1.13E-08 time=238.636
After sweep 27 energy=-91.05851898291657  maxlinkdim=1500 maxerr=1.29E-08 time=244.869
After sweep 28 energy=-91.14837416287627  maxlinkdim=1500 maxerr=1.25E-08 time=246.165
After sweep 29 energy=-91.26164768448307  maxlinkdim=1500 maxerr=2.17E-08 time=252.856
After sweep 30 energy=-91.35377352670211  maxlinkdim=1500 maxerr=2.09E-08 time=268.606
After sweep 31 energy=-91.42971416300887  maxlinkdim=1500 maxerr=1.56E-08 time=277.941
After sweep 32 energy=-91.49375533204716  maxlinkdim=1500 maxerr=1.22E-08 time=275.267
After sweep 33 energy=-91.56093772343534  maxlinkdim=1500 maxerr=2.06E-08 time=281.317
After sweep 34 energy=-91.62555258965017  maxlinkdim=1500 maxerr=2.34E-08 time=286.673
After sweep 35 energy=-91.68239354526476  maxlinkdim=1500 maxerr=1.54E-08 time=294.961
After sweep 36 energy=-91.74057653195298  maxlinkdim=1500 maxerr=4.63E-07 time=301.676
After sweep 37 energy=-91.79648213639271  maxlinkdim=1500 maxerr=1.40E-08 time=304.879
After sweep 38 energy=-91.84829932917975  maxlinkdim=1500 maxerr=2.16E-08 time=301.118
After sweep 39 energy=-91.89613909724565  maxlinkdim=1500 maxerr=2.40E-08 time=298.450
After sweep 40 energy=-91.94356781864711  maxlinkdim=1500 maxerr=5.02E-08 time=298.896
After sweep 41 energy=-92.02862778928893  maxlinkdim=1500 maxerr=1.67E-07 time=297.039
After sweep 42 energy=-92.07002619424401  maxlinkdim=1500 maxerr=3.64E-08 time=310.067
After sweep 43 energy=-92.10418781879017  maxlinkdim=1500 maxerr=1.28E-07 time=305.646
After sweep 44 energy=-92.13630307721684  maxlinkdim=1500 maxerr=4.10E-08 time=302.244
After sweep 45 energy=-92.16775596097943  maxlinkdim=1500 maxerr=1.20E-07 time=299.666
After sweep 46 energy=-92.19802367460173  maxlinkdim=1500 maxerr=2.05E-07 time=301.609
After sweep 47 energy=-92.22770206482204  maxlinkdim=1500 maxerr=6.65E-07 time=302.688
After sweep 48 energy=-92.26107880297403  maxlinkdim=1500 maxerr=1.02E-07 time=299.219
After sweep 49 energy=-92.28907326342488  maxlinkdim=1500 maxerr=1.51E-07 time=299.987
After sweep 50 energy=-92.31720169830534  maxlinkdim=1500 maxerr=5.26E-08 time=300.995
After sweep 51 energy=-92.34326864960613  maxlinkdim=1500 maxerr=8.13E-08 time=302.201
After sweep 52 energy=-92.36883417920296  maxlinkdim=1500 maxerr=6.16E-07 time=303.983
After sweep 53 energy=-92.39393016372438  maxlinkdim=1500 maxerr=1.27E-07 time=301.545
After sweep 54 energy=-92.41918560456348  maxlinkdim=1500 maxerr=4.81E-08 time=301.894
After sweep 55 energy=-92.44756425632274  maxlinkdim=1500 maxerr=1.22E-07 time=298.929
After sweep 56 energy=-92.47190272586356  maxlinkdim=1500 maxerr=5.38E-08 time=303.176
After sweep 57 energy=-92.49645405886466  maxlinkdim=1500 maxerr=3.17E-08 time=302.009
After sweep 58 energy=-92.52057426811284  maxlinkdim=1500 maxerr=4.83E-08 time=303.475
After sweep 59 energy=-92.54400759285787  maxlinkdim=1500 maxerr=4.02E-08 time=300.306
After sweep 60 energy=-92.56675724640448  maxlinkdim=1500 maxerr=6.43E-08 time=301.800
After sweep 61 energy=-92.58784547813401  maxlinkdim=1500 maxerr=6.08E-08 time=298.016
After sweep 62 energy=-92.60893216559052  maxlinkdim=1500 maxerr=1.33E-07 time=307.076
After sweep 63 energy=-92.62750775711474  maxlinkdim=1500 maxerr=1.68E-07 time=305.244
After sweep 64 energy=-92.6445244402282  maxlinkdim=1500 maxerr=8.09E-08 time=300.053
After sweep 65 energy=-92.66018028769902  maxlinkdim=1500 maxerr=2.40E-08 time=295.214
After sweep 66 energy=-92.6781385371054  maxlinkdim=1500 maxerr=1.17E-07 time=293.679
After sweep 67 energy=-92.69654916525641  maxlinkdim=1500 maxerr=8.30E-08 time=293.625
After sweep 68 energy=-92.71652810958955  maxlinkdim=1500 maxerr=1.72E-06 time=296.721
After sweep 69 energy=-92.7329396408548  maxlinkdim=1500 maxerr=1.80E-07 time=298.198
After sweep 70 energy=-92.74910525641414  maxlinkdim=1500 maxerr=1.70E-07 time=297.960
After sweep 71 energy=-92.76286810748267  maxlinkdim=1500 maxerr=2.61E-07 time=305.088
After sweep 72 energy=-92.77650176203541  maxlinkdim=1500 maxerr=5.18E-07 time=296.414
After sweep 73 energy=-92.78843686564979  maxlinkdim=1500 maxerr=2.29E-06 time=308.091
After sweep 74 energy=-92.80056012738986  maxlinkdim=1500 maxerr=2.40E-06 time=305.334
After sweep 75 energy=-92.81172697090004  maxlinkdim=1500 maxerr=9.67E-08 time=303.336
After sweep 76 energy=-92.82202589086599  maxlinkdim=1500 maxerr=1.82E-06 time=304.759
After sweep 77 energy=-92.8311470112611  maxlinkdim=1500 maxerr=2.28E-06 time=307.867
After sweep 78 energy=-92.84021389318646  maxlinkdim=1500 maxerr=4.25E-07 time=308.977
After sweep 79 energy=-92.84808835342722  maxlinkdim=1500 maxerr=6.22E-08 time=304.340
After sweep 80 energy=-92.85532137802096  maxlinkdim=1500 maxerr=4.37E-08 time=299.932
After sweep 81 energy=-92.86220182657443  maxlinkdim=1500 maxerr=8.48E-08 time=302.439
After sweep 82 energy=-92.86859504194157  maxlinkdim=1500 maxerr=5.43E-08 time=310.020
After sweep 83 energy=-92.87496546189449  maxlinkdim=1500 maxerr=5.25E-08 time=295.685
After sweep 84 energy=-92.88081386068671  maxlinkdim=1500 maxerr=5.51E-08 time=289.407
After sweep 85 energy=-92.88603802871836  maxlinkdim=1500 maxerr=6.68E-08 time=290.654
After sweep 86 energy=-92.89096502552408  maxlinkdim=1500 maxerr=5.96E-08 time=289.659
After sweep 87 energy=-92.89550721896177  maxlinkdim=1500 maxerr=5.42E-08 time=288.218
After sweep 88 energy=-92.8996608666383  maxlinkdim=1500 maxerr=5.32E-08 time=288.753
After sweep 89 energy=-92.90357635735091  maxlinkdim=1500 maxerr=5.66E-08 time=286.935
After sweep 90 energy=-92.90716575748549  maxlinkdim=1500 maxerr=4.70E-08 time=300.943
After sweep 91 energy=-92.91075014415806  maxlinkdim=1500 maxerr=2.54E-07 time=290.703
After sweep 92 energy=-92.91355766760174  maxlinkdim=1500 maxerr=5.39E-08 time=304.223
After sweep 93 energy=-92.92661731393925  maxlinkdim=1500 maxerr=2.36E-06 time=313.159
After sweep 94 energy=-92.93530027906158  maxlinkdim=1500 maxerr=9.34E-07 time=314.590
After sweep 95 energy=-92.93810197569908  maxlinkdim=1500 maxerr=1.24E-06 time=317.725
After sweep 96 energy=-92.93950127879557  maxlinkdim=1500 maxerr=8.95E-07 time=314.894
After sweep 97 energy=-92.94005055826226  maxlinkdim=1500 maxerr=9.25E-07 time=307.695
After sweep 98 energy=-92.94021544575324  maxlinkdim=1500 maxerr=7.76E-07 time=311.847
After sweep 99 energy=-92.94025891495059  maxlinkdim=1500 maxerr=7.40E-07 time=309.594
Stopping DMRG after sweep 99
  E(N) = -92.94025891495059

============================================================
RESULTS:
  E(110) = -96.07126194613183
  E(111) = -94.41890620649473
  E(112)     = -92.94025891495059
  E_p = -0.17370845  (attractive hole pairing)
============================================================
RESULT: E_p = -0.17370844809298092
