Calculating pair binding energy for ladder
L=64, U=8.0, V=0.0, t0=1.0, density=0.9375
============================================================
Pair binding energy for Hubbard ladder
L = 64 rungs, 128 sites
U = 8.0, V = 0.0, t = 1.0, t0 = 1.0, density = 0.9375
N_base = 120
============================================================

[1/3] Computing E(N-2=118)
  Initial state: 118 particles (59 up, 59 dn)
After sweep 1 energy=-50.18522725808511  maxlinkdim=20 maxerr=4.84E-04 time=47.673
After sweep 2 energy=-60.376615981518576  maxlinkdim=50 maxerr=2.40E-05 time=28.009
After sweep 3 energy=-63.15372010391465  maxlinkdim=100 maxerr=2.69E-06 time=41.681
After sweep 4 energy=-64.34453914456803  maxlinkdim=200 maxerr=2.60E-07 time=59.511
After sweep 5 energy=-65.60580872485275  maxlinkdim=1000 maxerr=1.58E-10 time=72.807
After sweep 6 energy=-66.33667339593909  maxlinkdim=1000 maxerr=5.25E-10 time=94.048
After sweep 7 energy=-66.89955848145848  maxlinkdim=1000 maxerr=2.01E-09 time=108.110
After sweep 8 energy=-67.3269694344194  maxlinkdim=1000 maxerr=2.67E-09 time=113.984
After sweep 9 energy=-67.6692270547703  maxlinkdim=1000 maxerr=3.95E-09 time=121.648
After sweep 10 energy=-68.0411315846653  maxlinkdim=1000 maxerr=1.17E-08 time=129.481
After sweep 11 energy=-68.36856293132477  maxlinkdim=1000 maxerr=1.52E-08 time=134.227
After sweep 12 energy=-68.67472132831638  maxlinkdim=1000 maxerr=2.29E-08 time=134.775
After sweep 13 energy=-68.99284119807882  maxlinkdim=1000 maxerr=9.29E-08 time=141.130
After sweep 14 energy=-69.193140712944  maxlinkdim=1000 maxerr=3.44E-08 time=150.106
After sweep 15 energy=-69.41051121728248  maxlinkdim=1000 maxerr=1.14E-07 time=148.265
After sweep 16 energy=-69.55590187039017  maxlinkdim=1000 maxerr=7.96E-08 time=147.718
After sweep 17 energy=-69.6925829871783  maxlinkdim=1000 maxerr=8.27E-08 time=158.396
After sweep 18 energy=-69.86898119348461  maxlinkdim=1000 maxerr=4.11E-07 time=154.944
After sweep 19 energy=-69.96856410457231  maxlinkdim=1000 maxerr=1.25E-07 time=156.947
After sweep 20 energy=-70.12998849738041  maxlinkdim=1000 maxerr=1.29E-05 time=157.777
After sweep 21 energy=-70.23747828052136  maxlinkdim=1000 maxerr=6.76E-07 time=162.923
After sweep 22 energy=-70.3202359452147  maxlinkdim=1000 maxerr=3.53E-07 time=167.129
After sweep 23 energy=-70.40731348282434  maxlinkdim=1000 maxerr=6.09E-06 time=166.985
After sweep 24 energy=-70.47092163267746  maxlinkdim=1000 maxerr=5.04E-07 time=167.976
After sweep 25 energy=-70.52645703239286  maxlinkdim=1000 maxerr=2.70E-06 time=173.809
After sweep 26 energy=-70.57544185727573  maxlinkdim=1000 maxerr=3.35E-06 time=174.870
After sweep 27 energy=-70.61967150628612  maxlinkdim=1000 maxerr=1.46E-06 time=176.771
After sweep 28 energy=-70.66759643285063  maxlinkdim=1000 maxerr=5.73E-06 time=180.041
After sweep 29 energy=-70.71423895148102  maxlinkdim=1000 maxerr=1.38E-05 time=174.720
After sweep 30 energy=-70.75763737039408  maxlinkdim=1000 maxerr=2.25E-05 time=176.318
After sweep 31 energy=-70.79300708209038  maxlinkdim=1000 maxerr=1.10E-05 time=176.352
After sweep 32 energy=-70.83505952004167  maxlinkdim=1000 maxerr=1.35E-05 time=175.225
After sweep 33 energy=-70.88926890059639  maxlinkdim=1000 maxerr=2.34E-05 time=179.635
After sweep 34 energy=-70.9244337169488  maxlinkdim=1000 maxerr=1.55E-05 time=181.498
After sweep 35 energy=-70.95909745705124  maxlinkdim=1000 maxerr=1.14E-05 time=182.911
After sweep 36 energy=-70.98409709788577  maxlinkdim=1000 maxerr=1.18E-05 time=183.387
After sweep 37 energy=-71.01779730387419  maxlinkdim=1000 maxerr=2.41E-05 time=187.226
After sweep 38 energy=-71.04103939609966  maxlinkdim=1000 maxerr=1.40E-05 time=186.524
After sweep 39 energy=-71.06204894009291  maxlinkdim=1000 maxerr=1.56E-05 time=189.353
After sweep 40 energy=-71.08540699673597  maxlinkdim=1000 maxerr=1.37E-05 time=191.869
After sweep 41 energy=-71.11745953014155  maxlinkdim=1000 maxerr=2.21E-05 time=190.086
After sweep 42 energy=-71.14502634606157  maxlinkdim=1000 maxerr=1.31E-05 time=189.739
After sweep 43 energy=-71.16949652699905  maxlinkdim=1000 maxerr=9.42E-06 time=191.992
After sweep 44 energy=-71.18999087495928  maxlinkdim=1000 maxerr=9.72E-06 time=193.126
After sweep 45 energy=-71.20911530770653  maxlinkdim=1000 maxerr=1.11E-05 time=194.690
After sweep 46 energy=-71.22905317931931  maxlinkdim=1000 maxerr=8.95E-06 time=193.812
After sweep 47 energy=-71.24684987940975  maxlinkdim=1000 maxerr=9.61E-06 time=189.732
After sweep 48 energy=-71.2630071573209  maxlinkdim=1000 maxerr=1.08E-05 time=189.263
After sweep 49 energy=-71.27763892484514  maxlinkdim=1000 maxerr=1.34E-05 time=188.915
After sweep 50 energy=-71.28935719490443  maxlinkdim=1000 maxerr=8.06E-06 time=187.388
After sweep 51 energy=-71.29944966710495  maxlinkdim=1000 maxerr=1.12E-05 time=191.605
After sweep 52 energy=-71.30839461639349  maxlinkdim=1000 maxerr=8.88E-06 time=194.368
After sweep 53 energy=-71.3175337516117  maxlinkdim=1000 maxerr=1.01E-05 time=196.762
After sweep 54 energy=-71.32540690117393  maxlinkdim=1000 maxerr=9.66E-06 time=193.149
After sweep 55 energy=-71.33242620219897  maxlinkdim=1000 maxerr=7.39E-06 time=195.611
After sweep 56 energy=-71.33847069904928  maxlinkdim=1000 maxerr=6.96E-06 time=192.375
After sweep 57 energy=-71.34379729706006  maxlinkdim=1000 maxerr=8.94E-06 time=187.425
After sweep 58 energy=-71.34775285119731  maxlinkdim=1000 maxerr=6.13E-06 time=186.283
After sweep 59 energy=-71.35107187638908  maxlinkdim=1000 maxerr=6.42E-06 time=185.553
After sweep 60 energy=-71.35323088462488  maxlinkdim=1000 maxerr=6.26E-06 time=189.955
After sweep 61 energy=-71.35427293693658  maxlinkdim=1000 maxerr=5.64E-06 time=187.715
After sweep 62 energy=-71.35479475955033  maxlinkdim=1000 maxerr=5.36E-06 time=188.094
After sweep 63 energy=-71.35506659212639  maxlinkdim=1000 maxerr=5.25E-06 time=188.378
After sweep 64 energy=-71.35520967692426  maxlinkdim=1000 maxerr=5.28E-06 time=189.631
After sweep 65 energy=-71.35528779943054  maxlinkdim=1000 maxerr=5.26E-06 time=190.004
After sweep 66 energy=-71.35533066732637  maxlinkdim=1000 maxerr=5.22E-06 time=190.166
After sweep 67 energy=-71.35535742856733  maxlinkdim=1000 maxerr=5.25E-06 time=186.728
After sweep 68 energy=-71.35536969247184  maxlinkdim=1000 maxerr=5.24E-06 time=186.837
After sweep 69 energy=-71.3553784620716  maxlinkdim=1000 maxerr=5.22E-06 time=180.011
After sweep 70 energy=-71.35538306530515  maxlinkdim=1000 maxerr=5.21E-06 time=179.898
After sweep 71 energy=-71.3553863951359  maxlinkdim=1000 maxerr=5.20E-06 time=182.100
After sweep 72 energy=-71.35538807417518  maxlinkdim=1000 maxerr=5.20E-06 time=186.427
After sweep 73 energy=-71.35539309495385  maxlinkdim=1000 maxerr=5.20E-06 time=187.340
After sweep 74 energy=-71.3553954551997  maxlinkdim=1000 maxerr=5.21E-06 time=187.695
After sweep 75 energy=-71.35539513013666  maxlinkdim=1000 maxerr=5.19E-06 time=189.851
After sweep 76 energy=-71.35539751437682  maxlinkdim=1000 maxerr=5.18E-06 time=188.508
After sweep 77 energy=-71.35539810445458  maxlinkdim=1000 maxerr=5.18E-06 time=188.750
After sweep 78 energy=-71.35540009814002  maxlinkdim=1000 maxerr=5.18E-06 time=189.124
After sweep 79 energy=-71.35540017933032  maxlinkdim=1000 maxerr=5.18E-06 time=189.451
After sweep 80 energy=-71.35540236599775  maxlinkdim=1000 maxerr=5.18E-06 time=188.181
After sweep 81 energy=-71.3554031785451  maxlinkdim=1000 maxerr=5.18E-06 time=187.776
After sweep 82 energy=-71.35540457292001  maxlinkdim=1000 maxerr=5.18E-06 time=191.648
After sweep 83 energy=-71.35540385923186  maxlinkdim=1000 maxerr=5.17E-06 time=187.913
After sweep 84 energy=-71.35540568609188  maxlinkdim=1000 maxerr=5.17E-06 time=189.430
After sweep 85 energy=-71.35540628010058  maxlinkdim=1000 maxerr=5.17E-06 time=190.657
After sweep 86 energy=-71.35540639471903  maxlinkdim=1000 maxerr=5.17E-06 time=195.704
After sweep 87 energy=-71.35540630975336  maxlinkdim=1000 maxerr=5.17E-06 time=191.071
After sweep 88 energy=-71.35540653451568  maxlinkdim=1000 maxerr=5.17E-06 time=186.691
After sweep 89 energy=-71.35540695154806  maxlinkdim=1000 maxerr=5.17E-06 time=185.054
After sweep 90 energy=-71.35540656645718  maxlinkdim=1000 maxerr=5.17E-06 time=184.006
After sweep 91 energy=-71.35540639617678  maxlinkdim=1000 maxerr=5.17E-06 time=187.272
After sweep 92 energy=-71.35540696585576  maxlinkdim=1000 maxerr=5.17E-06 time=187.393
After sweep 93 energy=-71.35540727086293  maxlinkdim=1000 maxerr=5.17E-06 time=187.179
After sweep 94 energy=-71.35540731135096  maxlinkdim=1000 maxerr=5.17E-06 time=185.285
After sweep 95 energy=-71.35540753365743  maxlinkdim=1000 maxerr=5.17E-06 time=189.275
After sweep 96 energy=-71.3554079059453  maxlinkdim=1000 maxerr=5.18E-06 time=189.341
After sweep 97 energy=-71.35540791161942  maxlinkdim=1000 maxerr=5.18E-06 time=188.018
After sweep 98 energy=-71.35540794181347  maxlinkdim=1000 maxerr=5.18E-06 time=186.746
After sweep 99 energy=-71.35540836852118  maxlinkdim=1000 maxerr=5.18E-06 time=188.288
After sweep 100 energy=-71.35540857260874  maxlinkdim=1000 maxerr=5.18E-06 time=189.981
  E(N-2) = -71.35540857260874

[2/3] Computing E(N-1=119)
  Initial state: 119 particles (60 up, 59 dn)
After sweep 1 energy=-50.95271234889463  maxlinkdim=20 maxerr=5.00E-04 time=46.428
After sweep 2 energy=-60.8013472402977  maxlinkdim=50 maxerr=4.87E-05 time=27.940
After sweep 3 energy=-63.1032779233562  maxlinkdim=100 maxerr=4.20E-06 time=41.974
After sweep 4 energy=-64.14032241272703  maxlinkdim=200 maxerr=3.57E-07 time=60.941
After sweep 5 energy=-64.77253586553734  maxlinkdim=1000 maxerr=1.17E-10 time=72.910
After sweep 6 energy=-65.4089758474551  maxlinkdim=1000 maxerr=5.27E-10 time=94.394
After sweep 7 energy=-65.9185489719387  maxlinkdim=1000 maxerr=2.33E-09 time=110.574
After sweep 8 energy=-66.32375363377793  maxlinkdim=1000 maxerr=5.88E-09 time=119.174
After sweep 9 energy=-66.66412227847566  maxlinkdim=1000 maxerr=8.34E-09 time=131.409
After sweep 10 energy=-67.02312959226892  maxlinkdim=1000 maxerr=4.03E-08 time=139.212
After sweep 11 energy=-67.33536987105275  maxlinkdim=1000 maxerr=8.38E-08 time=141.533
After sweep 12 energy=-67.5657028650996  maxlinkdim=1000 maxerr=1.12E-07 time=142.849
After sweep 13 energy=-67.7906384299699  maxlinkdim=1000 maxerr=1.75E-07 time=144.559
After sweep 14 energy=-68.02847626187283  maxlinkdim=1000 maxerr=5.38E-07 time=147.624
After sweep 15 energy=-68.22474503461154  maxlinkdim=1000 maxerr=8.77E-07 time=146.580
After sweep 16 energy=-68.37641319261496  maxlinkdim=1000 maxerr=1.40E-06 time=155.371
After sweep 17 energy=-68.48461602813892  maxlinkdim=1000 maxerr=1.40E-06 time=149.893
After sweep 18 energy=-68.57074326303842  maxlinkdim=1000 maxerr=8.15E-07 time=156.104
After sweep 19 energy=-68.64554223179097  maxlinkdim=1000 maxerr=9.15E-07 time=154.058
After sweep 20 energy=-68.7205633558125  maxlinkdim=1000 maxerr=1.20E-06 time=162.531
After sweep 21 energy=-68.80053084066512  maxlinkdim=1000 maxerr=1.53E-06 time=173.307
After sweep 22 energy=-68.86189127158379  maxlinkdim=1000 maxerr=1.29E-06 time=177.708
After sweep 23 energy=-68.92672585667776  maxlinkdim=1000 maxerr=2.26E-06 time=175.926
After sweep 24 energy=-68.98979759499868  maxlinkdim=1000 maxerr=4.23E-06 time=180.506
After sweep 25 energy=-69.03326098611224  maxlinkdim=1000 maxerr=1.57E-06 time=183.919
After sweep 26 energy=-69.07100782033484  maxlinkdim=1000 maxerr=1.64E-06 time=183.424
After sweep 27 energy=-69.10404968414687  maxlinkdim=1000 maxerr=1.81E-06 time=176.623
After sweep 28 energy=-69.13352158030347  maxlinkdim=1000 maxerr=1.86E-06 time=181.612
After sweep 29 energy=-69.1676148198183  maxlinkdim=1000 maxerr=2.34E-05 time=171.849
After sweep 30 energy=-69.19667950750922  maxlinkdim=1000 maxerr=1.36E-05 time=174.660
After sweep 31 energy=-69.22471822517934  maxlinkdim=1000 maxerr=1.35E-05 time=173.940
After sweep 32 energy=-69.25223299158068  maxlinkdim=1000 maxerr=1.87E-05 time=171.870
After sweep 33 energy=-69.27487544182311  maxlinkdim=1000 maxerr=1.47E-05 time=174.610
After sweep 34 energy=-69.29405910068188  maxlinkdim=1000 maxerr=1.83E-05 time=177.417
After sweep 35 energy=-69.31139445459489  maxlinkdim=1000 maxerr=1.53E-05 time=175.113
After sweep 36 energy=-69.3308020491831  maxlinkdim=1000 maxerr=2.57E-05 time=175.622
After sweep 37 energy=-69.35009807185448  maxlinkdim=1000 maxerr=1.53E-05 time=176.519
After sweep 38 energy=-69.36858547659429  maxlinkdim=1000 maxerr=1.44E-05 time=179.037
After sweep 39 energy=-69.3915645379483  maxlinkdim=1000 maxerr=2.29E-05 time=175.420
After sweep 40 energy=-69.41763935250835  maxlinkdim=1000 maxerr=1.92E-05 time=189.803
After sweep 41 energy=-69.43485386676151  maxlinkdim=1000 maxerr=2.08E-05 time=188.340
After sweep 42 energy=-69.45327289133895  maxlinkdim=1000 maxerr=1.62E-05 time=186.532
After sweep 43 energy=-69.46935773408921  maxlinkdim=1000 maxerr=1.50E-05 time=187.750
After sweep 44 energy=-69.4821565032776  maxlinkdim=1000 maxerr=1.69E-05 time=184.041
After sweep 45 energy=-69.49465916166352  maxlinkdim=1000 maxerr=1.25E-05 time=183.344
After sweep 46 energy=-69.50832436470051  maxlinkdim=1000 maxerr=1.23E-05 time=184.720
After sweep 47 energy=-69.521103462659  maxlinkdim=1000 maxerr=1.35E-05 time=185.051
After sweep 48 energy=-69.53219956611225  maxlinkdim=1000 maxerr=1.37E-05 time=183.478
After sweep 49 energy=-69.54192986659473  maxlinkdim=1000 maxerr=1.22E-05 time=182.871
After sweep 50 energy=-69.55103313791571  maxlinkdim=1000 maxerr=1.25E-05 time=184.707
After sweep 51 energy=-69.55938848512216  maxlinkdim=1000 maxerr=1.17E-05 time=189.575
After sweep 52 energy=-69.56750097616657  maxlinkdim=1000 maxerr=1.17E-05 time=188.153
After sweep 53 energy=-69.5746074047643  maxlinkdim=1000 maxerr=1.12E-05 time=187.266
After sweep 54 energy=-69.58078119767686  maxlinkdim=1000 maxerr=1.10E-05 time=185.806
After sweep 55 energy=-69.58547867641882  maxlinkdim=1000 maxerr=1.06E-05 time=182.764
After sweep 56 energy=-69.58873500468914  maxlinkdim=1000 maxerr=1.03E-05 time=190.156
After sweep 57 energy=-69.59109649227355  maxlinkdim=1000 maxerr=1.01E-05 time=186.552
After sweep 58 energy=-69.59270890153333  maxlinkdim=1000 maxerr=9.93E-06 time=178.295
After sweep 59 energy=-69.59380735206484  maxlinkdim=1000 maxerr=9.94E-06 time=178.231
After sweep 60 energy=-69.5945427393926  maxlinkdim=1000 maxerr=9.86E-06 time=179.267
After sweep 61 energy=-69.59503505389156  maxlinkdim=1000 maxerr=9.85E-06 time=182.027
After sweep 62 energy=-69.59539285565883  maxlinkdim=1000 maxerr=9.69E-06 time=181.631
After sweep 63 energy=-69.59564766942891  maxlinkdim=1000 maxerr=9.55E-06 time=183.341
After sweep 64 energy=-69.59583850574865  maxlinkdim=1000 maxerr=9.59E-06 time=180.228
After sweep 65 energy=-69.59598190932151  maxlinkdim=1000 maxerr=9.59E-06 time=181.375
After sweep 66 energy=-69.59609490612172  maxlinkdim=1000 maxerr=9.59E-06 time=183.450
After sweep 67 energy=-69.59618597946712  maxlinkdim=1000 maxerr=9.59E-06 time=178.010
After sweep 68 energy=-69.59626113912428  maxlinkdim=1000 maxerr=9.61E-06 time=183.888
After sweep 69 energy=-69.59632509850393  maxlinkdim=1000 maxerr=9.62E-06 time=188.786
After sweep 70 energy=-69.59637948359943  maxlinkdim=1000 maxerr=9.61E-06 time=184.280
After sweep 71 energy=-69.5964252704625  maxlinkdim=1000 maxerr=9.58E-06 time=183.862
After sweep 72 energy=-69.59646600367489  maxlinkdim=1000 maxerr=9.56E-06 time=181.114
After sweep 73 energy=-69.59650264710459  maxlinkdim=1000 maxerr=9.54E-06 time=180.622
After sweep 74 energy=-69.59653574418866  maxlinkdim=1000 maxerr=9.54E-06 time=182.789
After sweep 75 energy=-69.59656409056572  maxlinkdim=1000 maxerr=9.51E-06 time=184.265
After sweep 76 energy=-69.59659101354899  maxlinkdim=1000 maxerr=9.50E-06 time=184.670
After sweep 77 energy=-69.59661358248826  maxlinkdim=1000 maxerr=9.50E-06 time=179.388
After sweep 78 energy=-69.596638571514  maxlinkdim=1000 maxerr=9.49E-06 time=184.103
After sweep 79 energy=-69.5966594263603  maxlinkdim=1000 maxerr=9.43E-06 time=185.370
After sweep 80 energy=-69.59667768979143  maxlinkdim=1000 maxerr=9.41E-06 time=182.688
After sweep 81 energy=-69.59669611342281  maxlinkdim=1000 maxerr=9.40E-06 time=183.468
After sweep 82 energy=-69.59671131693487  maxlinkdim=1000 maxerr=9.39E-06 time=181.320
After sweep 83 energy=-69.59672656199139  maxlinkdim=1000 maxerr=9.40E-06 time=189.257
After sweep 84 energy=-69.59673952218934  maxlinkdim=1000 maxerr=9.41E-06 time=181.012
After sweep 85 energy=-69.59675220551338  maxlinkdim=1000 maxerr=9.43E-06 time=183.991
After sweep 86 energy=-69.59676259485732  maxlinkdim=1000 maxerr=9.45E-06 time=186.205
After sweep 87 energy=-69.596772010319  maxlinkdim=1000 maxerr=9.46E-06 time=174.659
After sweep 88 energy=-69.59678189997447  maxlinkdim=1000 maxerr=9.48E-06 time=177.518
After sweep 89 energy=-69.59679261933249  maxlinkdim=1000 maxerr=9.49E-06 time=181.993
After sweep 90 energy=-69.59680100008715  maxlinkdim=1000 maxerr=9.51E-06 time=176.720
After sweep 91 energy=-69.59680743829463  maxlinkdim=1000 maxerr=9.53E-06 time=176.821
After sweep 92 energy=-69.59681551266016  maxlinkdim=1000 maxerr=9.54E-06 time=176.915
After sweep 93 energy=-69.59682115284562  maxlinkdim=1000 maxerr=9.55E-06 time=177.736
After sweep 94 energy=-69.59682788755688  maxlinkdim=1000 maxerr=9.56E-06 time=174.465
After sweep 95 energy=-69.59683392018952  maxlinkdim=1000 maxerr=9.58E-06 time=177.586
After sweep 96 energy=-69.59683922997107  maxlinkdim=1000 maxerr=9.58E-06 time=181.057
After sweep 97 energy=-69.59684333562137  maxlinkdim=1000 maxerr=9.59E-06 time=180.517
After sweep 98 energy=-69.59684585856245  maxlinkdim=1000 maxerr=9.60E-06 time=181.612
After sweep 99 energy=-69.59685170121023  maxlinkdim=1000 maxerr=9.61E-06 time=184.074
After sweep 100 energy=-69.59685365936248  maxlinkdim=1000 maxerr=9.62E-06 time=187.405
  E(N-1) = -69.59685365936248

[3/3] Computing E(N=120)
  Initial state: 120 particles (60 up, 60 dn)
After sweep 1 energy=-50.609119112846  maxlinkdim=20 maxerr=3.09E-04 time=46.929
After sweep 2 energy=-60.362467096924064  maxlinkdim=50 maxerr=3.10E-05 time=26.796
After sweep 3 energy=-62.50595669625876  maxlinkdim=100 maxerr=4.32E-06 time=39.531
After sweep 4 energy=-63.39085729792081  maxlinkdim=200 maxerr=2.75E-07 time=60.453
After sweep 5 energy=-64.31955045647626  maxlinkdim=1000 maxerr=1.60E-10 time=78.080
After sweep 6 energy=-64.77870776314778  maxlinkdim=1000 maxerr=1.19E-09 time=99.839
After sweep 7 energy=-65.17786742082725  maxlinkdim=1000 maxerr=4.06E-09 time=109.460
After sweep 8 energy=-65.51049725576047  maxlinkdim=1000 maxerr=9.60E-09 time=117.596
After sweep 9 energy=-65.77698872693881  maxlinkdim=1000 maxerr=9.73E-09 time=127.978
After sweep 10 energy=-66.06502413341947  maxlinkdim=1000 maxerr=3.45E-08 time=132.876
After sweep 11 energy=-66.28619746867054  maxlinkdim=1000 maxerr=4.24E-08 time=132.559
After sweep 12 energy=-66.48057795319808  maxlinkdim=1000 maxerr=7.81E-08 time=133.744
After sweep 13 energy=-66.6558874843695  maxlinkdim=1000 maxerr=1.79E-07 time=142.044
After sweep 14 energy=-66.8269254410798  maxlinkdim=1000 maxerr=4.43E-07 time=146.813
After sweep 15 energy=-66.96899961746149  maxlinkdim=1000 maxerr=1.31E-06 time=145.039
After sweep 16 energy=-67.08681106919313  maxlinkdim=1000 maxerr=7.32E-07 time=151.681
After sweep 17 energy=-67.16977364768866  maxlinkdim=1000 maxerr=4.06E-06 time=159.296
After sweep 18 energy=-67.23350179237629  maxlinkdim=1000 maxerr=1.71E-06 time=161.347
After sweep 19 energy=-67.29763961095533  maxlinkdim=1000 maxerr=9.25E-07 time=162.516
After sweep 20 energy=-67.34539056508848  maxlinkdim=1000 maxerr=2.92E-07 time=170.175
After sweep 21 energy=-67.39310547286605  maxlinkdim=1000 maxerr=5.84E-07 time=175.682
After sweep 22 energy=-67.43611735487306  maxlinkdim=1000 maxerr=3.84E-07 time=182.636
After sweep 23 energy=-67.46948876963694  maxlinkdim=1000 maxerr=3.75E-07 time=183.326
After sweep 24 energy=-67.4997965761048  maxlinkdim=1000 maxerr=4.69E-07 time=184.406
After sweep 25 energy=-67.52387236068178  maxlinkdim=1000 maxerr=3.07E-07 time=178.508
After sweep 26 energy=-67.54763772424103  maxlinkdim=1000 maxerr=4.64E-07 time=182.069
After sweep 27 energy=-67.57046519770533  maxlinkdim=1000 maxerr=5.36E-07 time=182.713
After sweep 28 energy=-67.59222991400028  maxlinkdim=1000 maxerr=5.20E-07 time=180.521
After sweep 29 energy=-67.6122206340814  maxlinkdim=1000 maxerr=5.25E-07 time=178.120
After sweep 30 energy=-67.63111474019406  maxlinkdim=1000 maxerr=6.04E-07 time=184.980
After sweep 31 energy=-67.65589189800926  maxlinkdim=1000 maxerr=8.03E-06 time=181.159
After sweep 32 energy=-67.68162465443133  maxlinkdim=1000 maxerr=1.99E-05 time=180.819
After sweep 33 energy=-67.70385408190285  maxlinkdim=1000 maxerr=1.44E-05 time=186.062
After sweep 34 energy=-67.7303790501078  maxlinkdim=1000 maxerr=1.18E-05 time=181.934
After sweep 35 energy=-67.76258186145711  maxlinkdim=1000 maxerr=1.26E-05 time=178.806
After sweep 36 energy=-67.78913889215998  maxlinkdim=1000 maxerr=1.07E-05 time=184.586
After sweep 37 energy=-67.81253449792709  maxlinkdim=1000 maxerr=1.32E-05 time=180.085
After sweep 38 energy=-67.83303503358621  maxlinkdim=1000 maxerr=1.09E-05 time=186.553
After sweep 39 energy=-67.8510947177324  maxlinkdim=1000 maxerr=9.26E-06 time=183.628
After sweep 40 energy=-67.86742316077456  maxlinkdim=1000 maxerr=1.25E-05 time=184.439
After sweep 41 energy=-67.88120615891074  maxlinkdim=1000 maxerr=8.77E-06 time=186.463
After sweep 42 energy=-67.89271057740096  maxlinkdim=1000 maxerr=9.03E-06 time=184.327
After sweep 43 energy=-67.90309205227165  maxlinkdim=1000 maxerr=1.06E-05 time=185.223
After sweep 44 energy=-67.91334744783231  maxlinkdim=1000 maxerr=1.19E-05 time=191.712
After sweep 45 energy=-67.92364530866384  maxlinkdim=1000 maxerr=7.16E-06 time=195.172
After sweep 46 energy=-67.93182760926436  maxlinkdim=1000 maxerr=6.35E-06 time=191.314
After sweep 47 energy=-67.9391959779399  maxlinkdim=1000 maxerr=7.08E-06 time=186.519
After sweep 48 energy=-67.94593797957054  maxlinkdim=1000 maxerr=8.40E-06 time=184.631
After sweep 49 energy=-67.95225694985268  maxlinkdim=1000 maxerr=6.69E-06 time=183.014
After sweep 50 energy=-67.95719267812544  maxlinkdim=1000 maxerr=5.59E-06 time=183.018
After sweep 51 energy=-67.96096736784082  maxlinkdim=1000 maxerr=5.79E-06 time=188.586
After sweep 52 energy=-67.96407293257704  maxlinkdim=1000 maxerr=5.02E-06 time=188.580
After sweep 53 energy=-67.96644569008158  maxlinkdim=1000 maxerr=5.53E-06 time=187.067
After sweep 54 energy=-67.9681123345585  maxlinkdim=1000 maxerr=4.86E-06 time=183.264
After sweep 55 energy=-67.96920191603625  maxlinkdim=1000 maxerr=4.48E-06 time=187.284
After sweep 56 energy=-67.96984227885245  maxlinkdim=1000 maxerr=4.15E-06 time=189.377
After sweep 57 energy=-67.97023534176122  maxlinkdim=1000 maxerr=4.15E-06 time=187.704
After sweep 58 energy=-67.97046563133088  maxlinkdim=1000 maxerr=4.00E-06 time=190.880
After sweep 59 energy=-67.970597449628  maxlinkdim=1000 maxerr=3.98E-06 time=191.232
After sweep 60 energy=-67.97067750810221  maxlinkdim=1000 maxerr=4.04E-06 time=188.640
After sweep 61 energy=-67.97072351366239  maxlinkdim=1000 maxerr=4.03E-06 time=190.035
After sweep 62 energy=-67.97075246243473  maxlinkdim=1000 maxerr=4.05E-06 time=191.308
After sweep 63 energy=-67.9707631991131  maxlinkdim=1000 maxerr=4.05E-06 time=191.039
After sweep 64 energy=-67.97077818637308  maxlinkdim=1000 maxerr=4.09E-06 time=188.197
After sweep 65 energy=-67.97078642494535  maxlinkdim=1000 maxerr=4.11E-06 time=190.216
After sweep 66 energy=-67.9707952564305  maxlinkdim=1000 maxerr=4.02E-06 time=193.262
After sweep 67 energy=-67.9707975541518  maxlinkdim=1000 maxerr=4.00E-06 time=192.919
After sweep 68 energy=-67.97080002313277  maxlinkdim=1000 maxerr=4.00E-06 time=188.304
After sweep 69 energy=-67.97080257855062  maxlinkdim=1000 maxerr=4.00E-06 time=192.198
After sweep 70 energy=-67.97080454751445  maxlinkdim=1000 maxerr=3.99E-06 time=188.810
After sweep 71 energy=-67.97080592900622  maxlinkdim=1000 maxerr=4.00E-06 time=189.901
After sweep 72 energy=-67.9708063946953  maxlinkdim=1000 maxerr=4.00E-06 time=187.648
After sweep 73 energy=-67.97080682480963  maxlinkdim=1000 maxerr=4.01E-06 time=194.925
After sweep 74 energy=-67.97080821300129  maxlinkdim=1000 maxerr=4.01E-06 time=189.587
After sweep 75 energy=-67.97081005076684  maxlinkdim=1000 maxerr=4.01E-06 time=187.589
After sweep 76 energy=-67.97081117226736  maxlinkdim=1000 maxerr=4.01E-06 time=187.786
After sweep 77 energy=-67.97081141087045  maxlinkdim=1000 maxerr=4.01E-06 time=192.284
After sweep 78 energy=-67.97081239223826  maxlinkdim=1000 maxerr=4.01E-06 time=186.703
After sweep 79 energy=-67.9708125768422  maxlinkdim=1000 maxerr=4.01E-06 time=186.575
After sweep 80 energy=-67.97081332467872  maxlinkdim=1000 maxerr=4.01E-06 time=189.656
After sweep 81 energy=-67.97081393684896  maxlinkdim=1000 maxerr=4.01E-06 time=188.388
After sweep 82 energy=-67.97081412964138  maxlinkdim=1000 maxerr=4.01E-06 time=189.000
After sweep 83 energy=-67.97081369138509  maxlinkdim=1000 maxerr=4.01E-06 time=180.386
After sweep 84 energy=-67.97081410793113  maxlinkdim=1000 maxerr=4.01E-06 time=187.892
After sweep 85 energy=-67.97081449283743  maxlinkdim=1000 maxerr=4.01E-06 time=186.122
After sweep 86 energy=-67.97081459238147  maxlinkdim=1000 maxerr=4.01E-06 time=185.993
After sweep 87 energy=-67.97081456997074  maxlinkdim=1000 maxerr=4.01E-06 time=186.481
After sweep 88 energy=-67.97081491710394  maxlinkdim=1000 maxerr=4.01E-06 time=189.878
After sweep 89 energy=-67.97081529776614  maxlinkdim=1000 maxerr=4.01E-06 time=189.930
After sweep 90 energy=-67.97081519569602  maxlinkdim=1000 maxerr=4.00E-06 time=186.905
After sweep 91 energy=-67.97081533639185  maxlinkdim=1000 maxerr=4.00E-06 time=188.313
After sweep 92 energy=-67.97081596656928  maxlinkdim=1000 maxerr=4.00E-06 time=189.238
After sweep 93 energy=-67.97081602841409  maxlinkdim=1000 maxerr=4.00E-06 time=190.098
After sweep 94 energy=-67.970816007669  maxlinkdim=1000 maxerr=4.00E-06 time=187.340
After sweep 95 energy=-67.97081605047495  maxlinkdim=1000 maxerr=4.00E-06 time=187.273
After sweep 96 energy=-67.97081582735429  maxlinkdim=1000 maxerr=4.00E-06 time=190.666
After sweep 97 energy=-67.97081586214908  maxlinkdim=1000 maxerr=4.00E-06 time=186.516
After sweep 98 energy=-67.97081587398561  maxlinkdim=1000 maxerr=4.00E-06 time=184.432
After sweep 99 energy=-67.97081602502914  maxlinkdim=1000 maxerr=4.00E-06 time=183.142
After sweep 100 energy=-67.97081598368979  maxlinkdim=1000 maxerr=4.00E-06 time=184.868
  E(N) = -67.97081598368979

============================================================
RESULTS:
  E(118) = -71.35540857260874
  E(119) = -69.59685365936248
  E(120)     = -67.97081598368979
  E_p = -0.13251724  (attractive hole pairing)
============================================================
RESULT: E_p = -0.13251724
