Calculating pair binding energy for ladder
L=64, U=4.0, V=0.0, t0=0.0, density=0.875
============================================================
Pair binding energy for Hubbard ladder
L = 64 rungs, 128 sites
U = 4.0, V = 0.0, t = 1.0, t0 = 0.0, density = 0.875
N_base = 112
============================================================

[1/3] Computing E(N-2=110)
  Initial state: 110 particles (55 up, 55 dn)
After sweep 1 energy=-9.092175525452914  maxlinkdim=20 maxerr=1.03E-05 time=41.018
After sweep 2 energy=-16.449246245420653  maxlinkdim=50 maxerr=8.10E-07 time=17.101
After sweep 3 energy=-22.37679975437709  maxlinkdim=100 maxerr=2.17E-08 time=26.031
After sweep 4 energy=-25.910381113315673  maxlinkdim=200 maxerr=1.36E-09 time=34.039
After sweep 5 energy=-28.897091908188624  maxlinkdim=351 maxerr=9.99E-11 time=28.469
After sweep 6 energy=-30.78989558642682  maxlinkdim=625 maxerr=1.00E-10 time=31.858
After sweep 7 energy=-33.984040063586896  maxlinkdim=1385 maxerr=1.00E-10 time=44.889
After sweep 8 energy=-37.62780780122156  maxlinkdim=1500 maxerr=9.41E-09 time=75.782
After sweep 9 energy=-42.88089511306424  maxlinkdim=1500 maxerr=1.44E-07 time=101.588
After sweep 10 energy=-45.9564664765069  maxlinkdim=1500 maxerr=2.10E-07 time=120.099
After sweep 11 energy=-48.73312255585079  maxlinkdim=1500 maxerr=2.36E-07 time=135.159
After sweep 12 energy=-50.98517276060718  maxlinkdim=1500 maxerr=2.78E-07 time=148.699
After sweep 13 energy=-53.64480437864169  maxlinkdim=1500 maxerr=2.37E-07 time=156.042
After sweep 14 energy=-55.80764835791666  maxlinkdim=1500 maxerr=2.03E-07 time=168.317
After sweep 15 energy=-57.81885915524935  maxlinkdim=1500 maxerr=2.55E-07 time=172.156
After sweep 16 energy=-59.77923828017919  maxlinkdim=1500 maxerr=4.59E-07 time=173.572
After sweep 17 energy=-61.619136440806095  maxlinkdim=1500 maxerr=8.21E-07 time=180.985
After sweep 18 energy=-63.13684659723512  maxlinkdim=1500 maxerr=3.29E-07 time=182.995
After sweep 19 energy=-63.97945728398988  maxlinkdim=1500 maxerr=2.90E-07 time=185.155
After sweep 20 energy=-64.95173478963696  maxlinkdim=1500 maxerr=7.60E-07 time=190.066
After sweep 21 energy=-66.63679520458001  maxlinkdim=1500 maxerr=1.32E-06 time=196.130
After sweep 22 energy=-67.29558070733407  maxlinkdim=1500 maxerr=8.70E-07 time=197.651
After sweep 23 energy=-68.23303520837744  maxlinkdim=1500 maxerr=1.74E-06 time=200.306
After sweep 24 energy=-69.60045900181466  maxlinkdim=1500 maxerr=1.95E-06 time=205.511
After sweep 25 energy=-70.50727543173481  maxlinkdim=1500 maxerr=1.72E-06 time=212.373
After sweep 26 energy=-71.6480971066217  maxlinkdim=1500 maxerr=1.84E-06 time=220.433
After sweep 27 energy=-72.57082683917585  maxlinkdim=1500 maxerr=2.23E-06 time=226.537
After sweep 28 energy=-73.09526256624517  maxlinkdim=1500 maxerr=9.85E-07 time=226.325
After sweep 29 energy=-73.90450547851964  maxlinkdim=1500 maxerr=1.93E-06 time=228.037
After sweep 30 energy=-74.85009640354849  maxlinkdim=1500 maxerr=2.13E-06 time=230.618
After sweep 31 energy=-75.61457043204216  maxlinkdim=1500 maxerr=2.25E-06 time=231.215
After sweep 32 energy=-76.35193921121798  maxlinkdim=1500 maxerr=2.81E-06 time=224.338
After sweep 33 energy=-77.14709582161906  maxlinkdim=1500 maxerr=2.25E-06 time=227.614
After sweep 34 energy=-77.8983486518182  maxlinkdim=1500 maxerr=2.76E-06 time=234.973
After sweep 35 energy=-78.98954202731372  maxlinkdim=1500 maxerr=2.48E-05 time=242.700
After sweep 36 energy=-80.19007276917411  maxlinkdim=1500 maxerr=2.45E-05 time=252.076
After sweep 37 energy=-81.0522317266663  maxlinkdim=1500 maxerr=3.60E-05 time=258.988
After sweep 38 energy=-81.95316201079306  maxlinkdim=1500 maxerr=5.43E-05 time=251.382
After sweep 39 energy=-82.77749563640545  maxlinkdim=1500 maxerr=3.92E-05 time=254.812
After sweep 40 energy=-83.48410536242605  maxlinkdim=1500 maxerr=2.99E-05 time=255.587
After sweep 41 energy=-84.29217994081984  maxlinkdim=1500 maxerr=4.03E-05 time=257.434
After sweep 42 energy=-85.0630773952033  maxlinkdim=1500 maxerr=3.61E-05 time=259.288
After sweep 43 energy=-85.62664806546655  maxlinkdim=1500 maxerr=3.24E-05 time=262.397
After sweep 44 energy=-86.19033017624423  maxlinkdim=1500 maxerr=3.27E-05 time=269.066
After sweep 45 energy=-86.91285480214795  maxlinkdim=1500 maxerr=6.00E-05 time=269.557
After sweep 46 energy=-87.68425912300907  maxlinkdim=1500 maxerr=3.89E-05 time=272.077
After sweep 47 energy=-88.74948599050164  maxlinkdim=1500 maxerr=3.81E-05 time=280.557
After sweep 48 energy=-89.66246547123427  maxlinkdim=1500 maxerr=7.83E-05 time=279.307
After sweep 49 energy=-91.37254976190825  maxlinkdim=1500 maxerr=4.82E-05 time=290.914
After sweep 50 energy=-92.0904688516728  maxlinkdim=1500 maxerr=7.40E-05 time=306.676
After sweep 51 energy=-92.70096756464737  maxlinkdim=1500 maxerr=4.78E-05 time=313.336
After sweep 52 energy=-93.15401691209938  maxlinkdim=1500 maxerr=4.71E-05 time=302.497
After sweep 53 energy=-93.28120450481106  maxlinkdim=1500 maxerr=6.75E-05 time=301.042
After sweep 54 energy=-93.32322019885859  maxlinkdim=1500 maxerr=3.52E-05 time=296.794
After sweep 55 energy=-93.3375723611679  maxlinkdim=1500 maxerr=2.41E-05 time=300.501
After sweep 56 energy=-93.34607283868948  maxlinkdim=1500 maxerr=2.17E-05 time=294.720
After sweep 57 energy=-93.34906878158013  maxlinkdim=1500 maxerr=1.69E-05 time=300.038
After sweep 58 energy=-93.34982007324605  maxlinkdim=1500 maxerr=1.55E-05 time=297.051
After sweep 59 energy=-93.35011340648465  maxlinkdim=1500 maxerr=1.53E-05 time=299.232
After sweep 60 energy=-93.35022170384705  maxlinkdim=1500 maxerr=1.53E-05 time=299.574
After sweep 61 energy=-93.35030916453859  maxlinkdim=1500 maxerr=1.51E-05 time=293.339
Stopping DMRG after sweep 61
  E(N-2) = -93.35030916453859

[2/3] Computing E(N-1=111)
  Initial state: 111 particles (56 up, 55 dn)
After sweep 1 energy=-9.038116144496422  maxlinkdim=20 maxerr=9.98E-06 time=4.789
After sweep 2 energy=-16.217103598496266  maxlinkdim=50 maxerr=6.53E-07 time=12.440
After sweep 3 energy=-20.514057863035458  maxlinkdim=100 maxerr=1.69E-08 time=18.487
After sweep 4 energy=-26.850786547752413  maxlinkdim=200 maxerr=1.34E-09 time=25.461
After sweep 5 energy=-29.649069085137086  maxlinkdim=394 maxerr=1.00E-10 time=23.949
After sweep 6 energy=-32.36138447076973  maxlinkdim=706 maxerr=1.00E-10 time=32.258
After sweep 7 energy=-34.971200337776914  maxlinkdim=1404 maxerr=1.00E-10 time=48.980
After sweep 8 energy=-38.905723253029365  maxlinkdim=1500 maxerr=2.54E-08 time=75.737
After sweep 9 energy=-41.74505503573424  maxlinkdim=1500 maxerr=6.74E-08 time=92.587
After sweep 10 energy=-48.11650100438993  maxlinkdim=1500 maxerr=2.59E-07 time=102.634
After sweep 11 energy=-53.32382007487114  maxlinkdim=1500 maxerr=3.15E-07 time=118.018
After sweep 12 energy=-55.63291633734717  maxlinkdim=1500 maxerr=6.84E-07 time=137.421
After sweep 13 energy=-60.844391800063235  maxlinkdim=1500 maxerr=1.64E-07 time=154.690
After sweep 14 energy=-65.85288676048451  maxlinkdim=1500 maxerr=1.43E-07 time=181.556
After sweep 15 energy=-68.22128735596067  maxlinkdim=1500 maxerr=2.26E-07 time=200.832
After sweep 16 energy=-72.08894817525771  maxlinkdim=1500 maxerr=1.66E-07 time=222.168
After sweep 17 energy=-73.51385069129401  maxlinkdim=1500 maxerr=1.63E-07 time=228.554
After sweep 18 energy=-75.34784325956515  maxlinkdim=1500 maxerr=3.11E-07 time=229.390
After sweep 19 energy=-77.29879053185674  maxlinkdim=1500 maxerr=3.60E-07 time=236.838
After sweep 20 energy=-78.38017578656545  maxlinkdim=1500 maxerr=3.25E-07 time=238.284
After sweep 21 energy=-79.35347620173485  maxlinkdim=1500 maxerr=3.64E-07 time=238.898
After sweep 22 energy=-80.67592058033229  maxlinkdim=1500 maxerr=4.23E-07 time=243.990
After sweep 23 energy=-81.35465777449272  maxlinkdim=1500 maxerr=4.17E-07 time=246.642
After sweep 24 energy=-81.95835728528841  maxlinkdim=1500 maxerr=4.21E-07 time=250.971
After sweep 25 energy=-82.55445419316237  maxlinkdim=1500 maxerr=3.86E-07 time=257.792
After sweep 26 energy=-83.3725065249218  maxlinkdim=1500 maxerr=3.37E-07 time=266.385
After sweep 27 energy=-84.12297794365654  maxlinkdim=1500 maxerr=2.92E-07 time=261.490
After sweep 28 energy=-84.72029860883687  maxlinkdim=1500 maxerr=3.37E-07 time=266.557
After sweep 29 energy=-85.26195081781378  maxlinkdim=1500 maxerr=4.80E-07 time=268.073
After sweep 30 energy=-85.78272083791828  maxlinkdim=1500 maxerr=5.94E-07 time=269.739
After sweep 31 energy=-86.38542930045193  maxlinkdim=1500 maxerr=8.78E-07 time=273.033
After sweep 32 energy=-86.81414645188926  maxlinkdim=1500 maxerr=6.22E-07 time=274.788
After sweep 33 energy=-87.27331678748169  maxlinkdim=1500 maxerr=5.91E-07 time=282.210
After sweep 34 energy=-87.97784353552667  maxlinkdim=1500 maxerr=7.44E-07 time=277.391
After sweep 35 energy=-88.79028432850778  maxlinkdim=1500 maxerr=4.77E-07 time=278.394
After sweep 36 energy=-89.28645648093793  maxlinkdim=1500 maxerr=4.85E-07 time=281.481
After sweep 37 energy=-89.70607104873939  maxlinkdim=1500 maxerr=3.99E-07 time=279.258
After sweep 38 energy=-90.31015383173599  maxlinkdim=1500 maxerr=4.07E-07 time=301.988
After sweep 39 energy=-91.59354469886512  maxlinkdim=1500 maxerr=2.12E-06 time=303.684
After sweep 40 energy=-91.7710770481278  maxlinkdim=1500 maxerr=5.41E-07 time=303.963
After sweep 41 energy=-92.04751183974066  maxlinkdim=1500 maxerr=3.03E-05 time=305.476
After sweep 42 energy=-92.2879022639016  maxlinkdim=1500 maxerr=2.93E-05 time=309.547
After sweep 43 energy=-92.40695219227447  maxlinkdim=1500 maxerr=4.84E-05 time=309.661
After sweep 44 energy=-92.44278774997909  maxlinkdim=1500 maxerr=3.06E-05 time=302.304
After sweep 45 energy=-92.45447471234596  maxlinkdim=1500 maxerr=2.56E-05 time=306.390
After sweep 46 energy=-92.45736440015379  maxlinkdim=1500 maxerr=2.00E-05 time=308.730
After sweep 47 energy=-92.45795001976646  maxlinkdim=1500 maxerr=1.88E-05 time=307.487
After sweep 48 energy=-92.45814304594789  maxlinkdim=1500 maxerr=1.85E-05 time=304.184
After sweep 49 energy=-92.4582282146581  maxlinkdim=1500 maxerr=1.84E-05 time=299.449
Stopping DMRG after sweep 49
  E(N-1) = -92.4582282146581

[3/3] Computing E(N=112)
  Initial state: 112 particles (56 up, 56 dn)
After sweep 1 energy=-8.854103469382062  maxlinkdim=20 maxerr=1.02E-05 time=5.083
After sweep 2 energy=-15.573953905656175  maxlinkdim=50 maxerr=4.05E-07 time=12.756
After sweep 3 energy=-20.690323933585155  maxlinkdim=100 maxerr=6.81E-08 time=17.940
After sweep 4 energy=-23.50055705442032  maxlinkdim=200 maxerr=1.33E-09 time=23.337
After sweep 5 energy=-25.788248394793342  maxlinkdim=359 maxerr=9.99E-11 time=19.219
After sweep 6 energy=-27.86372761860193  maxlinkdim=602 maxerr=1.00E-10 time=22.869
After sweep 7 energy=-29.75367424569834  maxlinkdim=867 maxerr=1.00E-10 time=27.880
After sweep 8 energy=-31.28635653043237  maxlinkdim=1037 maxerr=1.00E-10 time=32.956
After sweep 9 energy=-32.63092078593932  maxlinkdim=1300 maxerr=1.00E-10 time=40.974
After sweep 10 energy=-33.98429257740181  maxlinkdim=1499 maxerr=1.08E-10 time=50.325
After sweep 11 energy=-35.251770423147875  maxlinkdim=1500 maxerr=6.21E-10 time=61.272
After sweep 12 energy=-37.7285829779729  maxlinkdim=1500 maxerr=1.02E-08 time=79.471
After sweep 13 energy=-42.31291922964687  maxlinkdim=1500 maxerr=1.51E-07 time=92.659
After sweep 14 energy=-45.44474684926986  maxlinkdim=1500 maxerr=2.54E-07 time=104.689
After sweep 15 energy=-48.60584225334992  maxlinkdim=1500 maxerr=2.52E-07 time=122.148
After sweep 16 energy=-51.31664420955533  maxlinkdim=1500 maxerr=3.69E-07 time=132.625
After sweep 17 energy=-54.0626246970539  maxlinkdim=1500 maxerr=5.18E-07 time=139.982
After sweep 18 energy=-55.71872475373508  maxlinkdim=1500 maxerr=6.55E-07 time=146.788
After sweep 19 energy=-56.999419226571305  maxlinkdim=1500 maxerr=9.30E-07 time=154.829
After sweep 20 energy=-58.95461707300533  maxlinkdim=1500 maxerr=1.84E-06 time=160.822
After sweep 21 energy=-60.14865015394336  maxlinkdim=1500 maxerr=2.15E-06 time=164.833
After sweep 22 energy=-60.8655219459923  maxlinkdim=1500 maxerr=7.70E-07 time=165.855
After sweep 23 energy=-61.61714577100364  maxlinkdim=1500 maxerr=7.45E-07 time=165.451
After sweep 24 energy=-62.686461871997835  maxlinkdim=1500 maxerr=8.31E-07 time=170.688
After sweep 25 energy=-63.85240005840406  maxlinkdim=1500 maxerr=1.79E-06 time=181.720
After sweep 26 energy=-64.95554219107134  maxlinkdim=1500 maxerr=2.29E-06 time=179.811
After sweep 27 energy=-66.26694222929784  maxlinkdim=1500 maxerr=3.43E-05 time=183.428
After sweep 28 energy=-67.45038860200815  maxlinkdim=1500 maxerr=2.71E-05 time=192.031
After sweep 29 energy=-68.48442406012106  maxlinkdim=1500 maxerr=2.80E-05 time=193.630
After sweep 30 energy=-69.69235765379274  maxlinkdim=1500 maxerr=4.72E-05 time=202.877
After sweep 31 energy=-71.030186104035  maxlinkdim=1500 maxerr=4.62E-05 time=205.463
After sweep 32 energy=-71.82192812711637  maxlinkdim=1500 maxerr=5.31E-05 time=220.289
After sweep 33 energy=-72.8535232857304  maxlinkdim=1500 maxerr=2.03E-04 time=220.968
After sweep 34 energy=-73.84802082834078  maxlinkdim=1500 maxerr=5.41E-05 time=227.292
After sweep 35 energy=-74.81375587395328  maxlinkdim=1500 maxerr=4.45E-05 time=229.812
After sweep 36 energy=-75.63153166954407  maxlinkdim=1500 maxerr=6.23E-05 time=232.655
After sweep 37 energy=-76.48671542549056  maxlinkdim=1500 maxerr=5.34E-05 time=233.655
After sweep 38 energy=-77.4776981839469  maxlinkdim=1500 maxerr=6.21E-05 time=235.269
After sweep 39 energy=-78.27921050357429  maxlinkdim=1500 maxerr=3.93E-05 time=240.919
After sweep 40 energy=-79.34220687297083  maxlinkdim=1500 maxerr=7.14E-05 time=245.468
After sweep 41 energy=-80.3810032271033  maxlinkdim=1500 maxerr=6.17E-05 time=250.872
After sweep 42 energy=-81.42765004290966  maxlinkdim=1500 maxerr=4.48E-05 time=256.295
After sweep 43 energy=-82.2955347914401  maxlinkdim=1500 maxerr=4.41E-05 time=263.610
After sweep 44 energy=-83.00853494870108  maxlinkdim=1500 maxerr=4.18E-05 time=263.995
After sweep 45 energy=-83.67237036846039  maxlinkdim=1500 maxerr=4.81E-05 time=267.783
After sweep 46 energy=-84.30631878400345  maxlinkdim=1500 maxerr=3.99E-05 time=271.596
After sweep 47 energy=-85.07500170835591  maxlinkdim=1500 maxerr=3.49E-05 time=280.358
After sweep 48 energy=-85.8043927764914  maxlinkdim=1500 maxerr=3.55E-05 time=285.131
After sweep 49 energy=-86.34773305282191  maxlinkdim=1500 maxerr=3.98E-05 time=287.440
After sweep 50 energy=-86.8376587196544  maxlinkdim=1500 maxerr=4.99E-05 time=292.517
After sweep 51 energy=-87.38116552538204  maxlinkdim=1500 maxerr=4.98E-05 time=292.245
After sweep 52 energy=-88.08767349786672  maxlinkdim=1500 maxerr=6.50E-05 time=284.691
After sweep 53 energy=-89.11567503979342  maxlinkdim=1500 maxerr=2.75E-05 time=289.588
After sweep 54 energy=-89.85649606919662  maxlinkdim=1500 maxerr=2.61E-05 time=295.459
After sweep 55 energy=-90.62237748936776  maxlinkdim=1500 maxerr=2.86E-05 time=294.087
After sweep 56 energy=-91.1669529013252  maxlinkdim=1500 maxerr=4.98E-05 time=298.382
After sweep 57 energy=-91.38953814450585  maxlinkdim=1500 maxerr=9.45E-05 time=301.949
After sweep 58 energy=-91.50807976761008  maxlinkdim=1500 maxerr=6.69E-05 time=304.082
After sweep 59 energy=-91.54656877948699  maxlinkdim=1500 maxerr=3.58E-05 time=297.695
After sweep 60 energy=-91.55700493208211  maxlinkdim=1500 maxerr=3.32E-05 time=303.365
After sweep 61 energy=-91.5626761728459  maxlinkdim=1500 maxerr=2.19E-05 time=296.826
After sweep 62 energy=-91.56459417485239  maxlinkdim=1500 maxerr=2.07E-05 time=298.515
After sweep 63 energy=-91.56513567655628  maxlinkdim=1500 maxerr=2.01E-05 time=298.160
After sweep 64 energy=-91.56536663991905  maxlinkdim=1500 maxerr=1.98E-05 time=300.063
After sweep 65 energy=-91.56546498269007  maxlinkdim=1500 maxerr=1.96E-05 time=296.862
After sweep 66 energy=-91.56551834010881  maxlinkdim=1500 maxerr=1.95E-05 time=299.023
Stopping DMRG after sweep 66
  E(N) = -91.56551834010881

============================================================
RESULTS:
  E(110) = -93.35030916453859
  E(111) = -92.4582282146581
  E(112)     = -91.56551834010881
  E_p = 0.00062892  (repulsive hole pairing)
============================================================
RESULT: E_p = 0.0006289246688311323
