Calculating pair binding energy for ladder
L=64, U=8.0, V=0.0, t0=0.6, density=0.875
============================================================
Pair binding energy for Hubbard ladder
L = 64 rungs, 128 sites
U = 8.0, V = 0.0, t = 1.0, t0 = 0.6, density = 0.875
N_base = 112
============================================================

[1/3] Computing E(N-2=110)
  Initial state: 110 particles (55 up, 55 dn)
After sweep 1 energy=-20.355855007133776  maxlinkdim=20 maxerr=5.35E-04 time=46.407
After sweep 2 energy=-34.453549697685496  maxlinkdim=50 maxerr=2.93E-05 time=24.793
After sweep 3 energy=-45.853007524043186  maxlinkdim=100 maxerr=1.41E-05 time=37.489
After sweep 4 energy=-51.012469831650186  maxlinkdim=200 maxerr=6.16E-07 time=55.956
After sweep 5 energy=-54.67339157487699  maxlinkdim=976 maxerr=1.00E-10 time=75.776
After sweep 6 energy=-56.8524093245594  maxlinkdim=1000 maxerr=3.08E-09 time=103.557
After sweep 7 energy=-58.217501115483856  maxlinkdim=1000 maxerr=5.82E-09 time=112.722
After sweep 8 energy=-59.840127796164346  maxlinkdim=1000 maxerr=3.24E-08 time=121.640
After sweep 9 energy=-61.255143321235934  maxlinkdim=1000 maxerr=4.70E-08 time=131.138
After sweep 10 energy=-62.59705318882597  maxlinkdim=1000 maxerr=7.78E-08 time=137.090
After sweep 11 energy=-63.78360544155603  maxlinkdim=1000 maxerr=1.07E-07 time=151.861
After sweep 12 energy=-64.81002570310045  maxlinkdim=1000 maxerr=1.16E-07 time=163.378
After sweep 13 energy=-65.66520255201506  maxlinkdim=1000 maxerr=1.38E-07 time=170.200
After sweep 14 energy=-66.32892084939697  maxlinkdim=1000 maxerr=1.18E-07 time=178.871
After sweep 15 energy=-66.85610376335705  maxlinkdim=1000 maxerr=1.06E-07 time=179.288
After sweep 16 energy=-67.27574206186074  maxlinkdim=1000 maxerr=6.09E-08 time=177.505
After sweep 17 energy=-67.70691604601875  maxlinkdim=1000 maxerr=9.79E-08 time=183.218
After sweep 18 energy=-68.14661628965644  maxlinkdim=1000 maxerr=1.25E-07 time=185.500
After sweep 19 energy=-68.59995841649096  maxlinkdim=1000 maxerr=3.41E-07 time=185.564
After sweep 20 energy=-69.07728188226235  maxlinkdim=1000 maxerr=3.58E-07 time=188.074
After sweep 21 energy=-69.40519913321081  maxlinkdim=1000 maxerr=2.53E-06 time=184.859
After sweep 22 energy=-69.7162761988689  maxlinkdim=1000 maxerr=4.83E-07 time=183.470
After sweep 23 energy=-69.99967013439232  maxlinkdim=1000 maxerr=1.29E-06 time=184.370
After sweep 24 energy=-70.29135686434857  maxlinkdim=1000 maxerr=9.95E-06 time=182.772
After sweep 25 energy=-70.58128188310924  maxlinkdim=1000 maxerr=1.41E-06 time=181.823
After sweep 26 energy=-70.82147442713736  maxlinkdim=1000 maxerr=2.49E-06 time=179.182
After sweep 27 energy=-71.05224238746408  maxlinkdim=1000 maxerr=2.22E-05 time=183.827
After sweep 28 energy=-71.27231577988492  maxlinkdim=1000 maxerr=2.05E-05 time=187.220
After sweep 29 energy=-71.4645975397319  maxlinkdim=1000 maxerr=1.05E-05 time=183.570
After sweep 30 energy=-71.64184070677453  maxlinkdim=1000 maxerr=8.73E-06 time=183.116
After sweep 31 energy=-71.80935467408115  maxlinkdim=1000 maxerr=8.55E-06 time=185.236
After sweep 32 energy=-71.97217823261667  maxlinkdim=1000 maxerr=6.59E-06 time=183.586
After sweep 33 energy=-72.12195762287266  maxlinkdim=1000 maxerr=6.63E-06 time=179.744
After sweep 34 energy=-72.25273843320498  maxlinkdim=1000 maxerr=5.03E-06 time=168.909
After sweep 35 energy=-72.39129631116349  maxlinkdim=1000 maxerr=8.32E-06 time=169.742
After sweep 36 energy=-72.51762319076644  maxlinkdim=1000 maxerr=9.45E-06 time=169.499
After sweep 37 energy=-72.6358650181384  maxlinkdim=1000 maxerr=8.87E-06 time=178.310
After sweep 38 energy=-72.75060303850515  maxlinkdim=1000 maxerr=1.45E-05 time=183.880
After sweep 39 energy=-72.85475105059678  maxlinkdim=1000 maxerr=1.48E-05 time=184.832
After sweep 40 energy=-72.96756068115391  maxlinkdim=1000 maxerr=1.08E-05 time=187.108
After sweep 41 energy=-73.06175672265415  maxlinkdim=1000 maxerr=8.15E-06 time=181.690
After sweep 42 energy=-73.14961025957439  maxlinkdim=1000 maxerr=8.27E-06 time=181.116
After sweep 43 energy=-73.26481091163737  maxlinkdim=1000 maxerr=1.68E-05 time=180.643
After sweep 44 energy=-73.35165284550106  maxlinkdim=1000 maxerr=2.52E-05 time=181.847
After sweep 45 energy=-73.44620974589805  maxlinkdim=1000 maxerr=1.83E-05 time=178.694
After sweep 46 energy=-73.54200933862047  maxlinkdim=1000 maxerr=2.01E-05 time=182.575
After sweep 47 energy=-73.62368556798253  maxlinkdim=1000 maxerr=2.51E-05 time=180.816
After sweep 48 energy=-73.6983393435614  maxlinkdim=1000 maxerr=1.62E-05 time=177.175
After sweep 49 energy=-73.76504231453859  maxlinkdim=1000 maxerr=1.38E-05 time=176.729
After sweep 50 energy=-73.82405192226592  maxlinkdim=1000 maxerr=1.33E-05 time=177.750
After sweep 51 energy=-73.90279033027623  maxlinkdim=1000 maxerr=1.40E-05 time=179.097
After sweep 52 energy=-73.95572472313393  maxlinkdim=1000 maxerr=1.68E-05 time=179.273
After sweep 53 energy=-74.01039429774191  maxlinkdim=1000 maxerr=1.40E-05 time=177.844
After sweep 54 energy=-74.05774876893643  maxlinkdim=1000 maxerr=1.53E-05 time=178.263
After sweep 55 energy=-74.10213659170758  maxlinkdim=1000 maxerr=1.12E-05 time=176.330
After sweep 56 energy=-74.29619469165928  maxlinkdim=1000 maxerr=1.45E-05 time=175.250
After sweep 57 energy=-74.44041968563904  maxlinkdim=1000 maxerr=1.76E-05 time=179.076
After sweep 58 energy=-74.51332126525772  maxlinkdim=1000 maxerr=1.91E-05 time=175.889
After sweep 59 energy=-74.56291110357458  maxlinkdim=1000 maxerr=1.89E-05 time=175.754
After sweep 60 energy=-74.59623584096488  maxlinkdim=1000 maxerr=2.00E-05 time=178.883
After sweep 61 energy=-74.61654956986591  maxlinkdim=1000 maxerr=1.59E-05 time=183.763
After sweep 62 energy=-74.62844151277552  maxlinkdim=1000 maxerr=1.75E-05 time=182.721
After sweep 63 energy=-74.63497010400913  maxlinkdim=1000 maxerr=1.47E-05 time=180.297
After sweep 64 energy=-74.6380026558206  maxlinkdim=1000 maxerr=1.36E-05 time=179.746
After sweep 65 energy=-74.6393177197005  maxlinkdim=1000 maxerr=1.31E-05 time=179.735
After sweep 66 energy=-74.63990235680131  maxlinkdim=1000 maxerr=1.26E-05 time=180.112
After sweep 67 energy=-74.64016061879038  maxlinkdim=1000 maxerr=1.26E-05 time=183.614
After sweep 68 energy=-74.64028999173694  maxlinkdim=1000 maxerr=1.25E-05 time=180.092
After sweep 69 energy=-74.64036014267685  maxlinkdim=1000 maxerr=1.25E-05 time=177.128
After sweep 70 energy=-74.64038877582233  maxlinkdim=1000 maxerr=1.25E-05 time=175.732
After sweep 71 energy=-74.64041347024225  maxlinkdim=1000 maxerr=1.25E-05 time=175.886
After sweep 72 energy=-74.64042652533571  maxlinkdim=1000 maxerr=1.25E-05 time=177.431
After sweep 73 energy=-74.64043524314602  maxlinkdim=1000 maxerr=1.25E-05 time=181.481
After sweep 74 energy=-74.64044095208337  maxlinkdim=1000 maxerr=1.25E-05 time=177.928
After sweep 75 energy=-74.64044234933206  maxlinkdim=1000 maxerr=1.25E-05 time=176.582
After sweep 76 energy=-74.64044476941262  maxlinkdim=1000 maxerr=1.25E-05 time=178.612
After sweep 77 energy=-74.64044779059597  maxlinkdim=1000 maxerr=1.25E-05 time=177.663
After sweep 78 energy=-74.64045009562189  maxlinkdim=1000 maxerr=1.25E-05 time=178.472
After sweep 79 energy=-74.64045473176695  maxlinkdim=1000 maxerr=1.25E-05 time=169.909
After sweep 80 energy=-74.64045573837046  maxlinkdim=1000 maxerr=1.25E-05 time=168.591
After sweep 81 energy=-74.64045606601887  maxlinkdim=1000 maxerr=1.25E-05 time=168.633
After sweep 82 energy=-74.6404590801587  maxlinkdim=1000 maxerr=1.25E-05 time=165.509
After sweep 83 energy=-74.64045844856338  maxlinkdim=1000 maxerr=1.25E-05 time=168.698
After sweep 84 energy=-74.64045895659723  maxlinkdim=1000 maxerr=1.25E-05 time=177.287
After sweep 85 energy=-74.64046012308101  maxlinkdim=1000 maxerr=1.25E-05 time=174.710
After sweep 86 energy=-74.64046173736793  maxlinkdim=1000 maxerr=1.25E-05 time=170.113
After sweep 87 energy=-74.64046186829268  maxlinkdim=1000 maxerr=1.25E-05 time=172.376
After sweep 88 energy=-74.64046236473389  maxlinkdim=1000 maxerr=1.24E-05 time=168.472
After sweep 89 energy=-74.64046245120144  maxlinkdim=1000 maxerr=1.24E-05 time=171.224
After sweep 90 energy=-74.64046309402852  maxlinkdim=1000 maxerr=1.24E-05 time=170.493
After sweep 91 energy=-74.6404629030958  maxlinkdim=1000 maxerr=1.24E-05 time=165.042
After sweep 92 energy=-74.64046303486231  maxlinkdim=1000 maxerr=1.24E-05 time=169.373
After sweep 93 energy=-74.64046226347372  maxlinkdim=1000 maxerr=1.24E-05 time=172.485
After sweep 94 energy=-74.64046328537707  maxlinkdim=1000 maxerr=1.24E-05 time=174.651
After sweep 95 energy=-74.64046332588164  maxlinkdim=1000 maxerr=1.24E-05 time=171.442
After sweep 96 energy=-74.64046288626916  maxlinkdim=1000 maxerr=1.24E-05 time=172.776
After sweep 97 energy=-74.64046355828802  maxlinkdim=1000 maxerr=1.24E-05 time=175.594
After sweep 98 energy=-74.6404618767613  maxlinkdim=1000 maxerr=1.24E-05 time=174.443
After sweep 99 energy=-74.64046379284439  maxlinkdim=1000 maxerr=1.24E-05 time=171.113
After sweep 100 energy=-74.64046398438803  maxlinkdim=1000 maxerr=1.24E-05 time=174.476
  E(N-2) = -74.64046398438803

[2/3] Computing E(N-1=111)
  Initial state: 111 particles (56 up, 55 dn)
After sweep 1 energy=-21.37942929489688  maxlinkdim=20 maxerr=4.67E-04 time=9.184
After sweep 2 energy=-35.452125374321525  maxlinkdim=50 maxerr=1.99E-05 time=21.257
After sweep 3 energy=-45.86171534266085  maxlinkdim=100 maxerr=3.10E-06 time=33.701
After sweep 4 energy=-50.91802835412428  maxlinkdim=200 maxerr=1.47E-07 time=54.262
After sweep 5 energy=-54.81865747669606  maxlinkdim=937 maxerr=1.00E-10 time=67.931
After sweep 6 energy=-57.276794263657656  maxlinkdim=1000 maxerr=8.21E-09 time=87.344
After sweep 7 energy=-58.761710037336734  maxlinkdim=1000 maxerr=2.04E-08 time=93.217
After sweep 8 energy=-60.04440952361454  maxlinkdim=1000 maxerr=3.62E-08 time=99.734
After sweep 9 energy=-61.358800759644744  maxlinkdim=1000 maxerr=8.33E-08 time=110.059
After sweep 10 energy=-62.578165826670464  maxlinkdim=1000 maxerr=1.50E-07 time=122.757
After sweep 11 energy=-63.38900376684079  maxlinkdim=1000 maxerr=1.25E-07 time=143.156
After sweep 12 energy=-64.0180696951453  maxlinkdim=1000 maxerr=7.88E-08 time=150.893
After sweep 13 energy=-64.58125740195734  maxlinkdim=1000 maxerr=9.01E-08 time=152.248
After sweep 14 energy=-65.23455146309253  maxlinkdim=1000 maxerr=2.10E-07 time=150.372
After sweep 15 energy=-65.83639806422181  maxlinkdim=1000 maxerr=1.71E-07 time=155.101
After sweep 16 energy=-66.54644383383898  maxlinkdim=1000 maxerr=3.88E-07 time=157.087
After sweep 17 energy=-67.05863775822061  maxlinkdim=1000 maxerr=3.30E-07 time=160.510
After sweep 18 energy=-67.50981894522349  maxlinkdim=1000 maxerr=3.59E-07 time=162.753
After sweep 19 energy=-67.84293984327665  maxlinkdim=1000 maxerr=2.65E-07 time=160.052
After sweep 20 energy=-68.12206970321107  maxlinkdim=1000 maxerr=2.03E-07 time=162.119
After sweep 21 energy=-68.3508628236826  maxlinkdim=1000 maxerr=1.87E-07 time=163.403
After sweep 22 energy=-68.56342334561107  maxlinkdim=1000 maxerr=2.29E-07 time=164.916
After sweep 23 energy=-68.76150135066598  maxlinkdim=1000 maxerr=7.48E-07 time=164.376
After sweep 24 energy=-68.96236264966066  maxlinkdim=1000 maxerr=3.10E-07 time=163.787
After sweep 25 energy=-69.1535895090576  maxlinkdim=1000 maxerr=2.55E-06 time=173.466
After sweep 26 energy=-69.35626284906547  maxlinkdim=1000 maxerr=4.84E-07 time=175.210
After sweep 27 energy=-69.53896351796845  maxlinkdim=1000 maxerr=3.31E-07 time=174.061
After sweep 28 energy=-69.71008042549016  maxlinkdim=1000 maxerr=9.59E-07 time=174.110
After sweep 29 energy=-69.87321194426237  maxlinkdim=1000 maxerr=4.48E-06 time=176.203
After sweep 30 energy=-70.02144395268715  maxlinkdim=1000 maxerr=4.13E-06 time=173.668
After sweep 31 energy=-70.16907718248831  maxlinkdim=1000 maxerr=3.25E-06 time=176.815
After sweep 32 energy=-70.31126169518916  maxlinkdim=1000 maxerr=8.60E-06 time=176.971
After sweep 33 energy=-70.44761041944693  maxlinkdim=1000 maxerr=6.83E-06 time=178.182
After sweep 34 energy=-70.57803917787514  maxlinkdim=1000 maxerr=7.57E-06 time=177.245
After sweep 35 energy=-70.70626142524279  maxlinkdim=1000 maxerr=8.49E-06 time=177.774
After sweep 36 energy=-70.83509210219007  maxlinkdim=1000 maxerr=5.64E-06 time=173.492
After sweep 37 energy=-70.95329834021219  maxlinkdim=1000 maxerr=6.22E-06 time=174.607
After sweep 38 energy=-71.071658586422  maxlinkdim=1000 maxerr=5.12E-06 time=173.895
After sweep 39 energy=-71.18172608538612  maxlinkdim=1000 maxerr=7.73E-06 time=172.750
After sweep 40 energy=-71.28553243680088  maxlinkdim=1000 maxerr=1.47E-05 time=172.953
After sweep 41 energy=-71.3924811518288  maxlinkdim=1000 maxerr=7.43E-06 time=175.918
After sweep 42 energy=-71.49707093431707  maxlinkdim=1000 maxerr=1.04E-05 time=177.010
After sweep 43 energy=-71.6044626569764  maxlinkdim=1000 maxerr=9.67E-06 time=177.006
After sweep 44 energy=-71.6949316837503  maxlinkdim=1000 maxerr=1.23E-05 time=182.804
After sweep 45 energy=-71.78254789178261  maxlinkdim=1000 maxerr=1.24E-05 time=184.740
After sweep 46 energy=-71.87137000632401  maxlinkdim=1000 maxerr=1.60E-05 time=177.079
After sweep 47 energy=-71.95604222963169  maxlinkdim=1000 maxerr=1.85E-05 time=179.045
After sweep 48 energy=-72.04515098656591  maxlinkdim=1000 maxerr=1.68E-05 time=177.981
After sweep 49 energy=-72.12076731997013  maxlinkdim=1000 maxerr=1.83E-05 time=172.645
After sweep 50 energy=-72.18830306393443  maxlinkdim=1000 maxerr=1.65E-05 time=176.719
After sweep 51 energy=-72.25143006652995  maxlinkdim=1000 maxerr=1.12E-05 time=171.878
After sweep 52 energy=-72.31094221877372  maxlinkdim=1000 maxerr=1.26E-05 time=173.974
After sweep 53 energy=-72.38712768486121  maxlinkdim=1000 maxerr=1.16E-05 time=174.721
After sweep 54 energy=-72.44087503376123  maxlinkdim=1000 maxerr=1.11E-05 time=174.103
After sweep 55 energy=-72.49191571740681  maxlinkdim=1000 maxerr=1.97E-05 time=174.972
After sweep 56 energy=-72.54189485414243  maxlinkdim=1000 maxerr=1.86E-05 time=177.871
After sweep 57 energy=-72.59026909614076  maxlinkdim=1000 maxerr=1.43E-05 time=177.924
After sweep 58 energy=-72.63618183083129  maxlinkdim=1000 maxerr=1.23E-05 time=179.418
After sweep 59 energy=-72.67846003251071  maxlinkdim=1000 maxerr=1.31E-05 time=171.393
After sweep 60 energy=-72.71898327556248  maxlinkdim=1000 maxerr=1.95E-05 time=174.741
After sweep 61 energy=-72.89287506772645  maxlinkdim=1000 maxerr=3.32E-05 time=172.754
After sweep 62 energy=-73.01290143700903  maxlinkdim=1000 maxerr=1.86E-05 time=183.248
After sweep 63 energy=-73.07437801746444  maxlinkdim=1000 maxerr=2.41E-05 time=181.730
After sweep 64 energy=-73.11542409945467  maxlinkdim=1000 maxerr=1.97E-05 time=177.366
After sweep 65 energy=-73.14350491408437  maxlinkdim=1000 maxerr=2.02E-05 time=178.612
After sweep 66 energy=-73.16329783233388  maxlinkdim=1000 maxerr=1.60E-05 time=175.101
After sweep 67 energy=-73.17726779640667  maxlinkdim=1000 maxerr=1.57E-05 time=175.262
After sweep 68 energy=-73.18612727895975  maxlinkdim=1000 maxerr=1.66E-05 time=173.560
After sweep 69 energy=-73.1912556671555  maxlinkdim=1000 maxerr=1.45E-05 time=178.521
After sweep 70 energy=-73.19384408103606  maxlinkdim=1000 maxerr=1.28E-05 time=175.811
After sweep 71 energy=-73.19515055965178  maxlinkdim=1000 maxerr=1.22E-05 time=174.417
After sweep 72 energy=-73.19581181769804  maxlinkdim=1000 maxerr=1.21E-05 time=176.788
After sweep 73 energy=-73.19615939629705  maxlinkdim=1000 maxerr=1.19E-05 time=175.985
After sweep 74 energy=-73.1963464061857  maxlinkdim=1000 maxerr=1.19E-05 time=177.664
After sweep 75 energy=-73.1964520055991  maxlinkdim=1000 maxerr=1.18E-05 time=174.852
After sweep 76 energy=-73.19652037025516  maxlinkdim=1000 maxerr=1.18E-05 time=168.224
After sweep 77 energy=-73.1965565439547  maxlinkdim=1000 maxerr=1.18E-05 time=172.021
After sweep 78 energy=-73.1965840071778  maxlinkdim=1000 maxerr=1.19E-05 time=171.511
After sweep 79 energy=-73.19659867988375  maxlinkdim=1000 maxerr=1.19E-05 time=173.342
After sweep 80 energy=-73.19661013660017  maxlinkdim=1000 maxerr=1.19E-05 time=171.816
After sweep 81 energy=-73.1966196167675  maxlinkdim=1000 maxerr=1.19E-05 time=170.938
After sweep 82 energy=-73.19662421033703  maxlinkdim=1000 maxerr=1.19E-05 time=170.664
After sweep 83 energy=-73.1966302283611  maxlinkdim=1000 maxerr=1.19E-05 time=169.425
After sweep 84 energy=-73.19663147273472  maxlinkdim=1000 maxerr=1.19E-05 time=171.555
After sweep 85 energy=-73.19663446700521  maxlinkdim=1000 maxerr=1.19E-05 time=171.700
After sweep 86 energy=-73.19663782835062  maxlinkdim=1000 maxerr=1.18E-05 time=173.540
After sweep 87 energy=-73.19664064602269  maxlinkdim=1000 maxerr=1.18E-05 time=174.430
After sweep 88 energy=-73.19664182166487  maxlinkdim=1000 maxerr=1.18E-05 time=172.361
After sweep 89 energy=-73.19664528202607  maxlinkdim=1000 maxerr=1.18E-05 time=177.643
After sweep 90 energy=-73.1966462128438  maxlinkdim=1000 maxerr=1.18E-05 time=175.001
After sweep 91 energy=-73.19664643186256  maxlinkdim=1000 maxerr=1.18E-05 time=169.559
After sweep 92 energy=-73.1966478737977  maxlinkdim=1000 maxerr=1.18E-05 time=167.674
After sweep 93 energy=-73.19664832541683  maxlinkdim=1000 maxerr=1.18E-05 time=169.459
After sweep 94 energy=-73.19665019751407  maxlinkdim=1000 maxerr=1.18E-05 time=168.163
After sweep 95 energy=-73.19665142179298  maxlinkdim=1000 maxerr=1.18E-05 time=166.659
After sweep 96 energy=-73.19665082813218  maxlinkdim=1000 maxerr=1.18E-05 time=168.873
After sweep 97 energy=-73.19665300701293  maxlinkdim=1000 maxerr=1.18E-05 time=170.461
After sweep 98 energy=-73.19665342657366  maxlinkdim=1000 maxerr=1.18E-05 time=167.166
After sweep 99 energy=-73.19665330194401  maxlinkdim=1000 maxerr=1.18E-05 time=161.463
After sweep 100 energy=-73.19665384467204  maxlinkdim=1000 maxerr=1.18E-05 time=178.745
  E(N-1) = -73.19665384467204

[3/3] Computing E(N=112)
  Initial state: 112 particles (56 up, 56 dn)
After sweep 1 energy=-20.147476555964868  maxlinkdim=20 maxerr=4.55E-04 time=9.362
After sweep 2 energy=-34.56401674348779  maxlinkdim=50 maxerr=1.35E-05 time=21.448
After sweep 3 energy=-45.49440965673153  maxlinkdim=100 maxerr=9.63E-06 time=33.294
After sweep 4 energy=-50.13457283543087  maxlinkdim=200 maxerr=5.87E-07 time=53.287
After sweep 5 energy=-53.37641672039948  maxlinkdim=887 maxerr=1.00E-10 time=66.119
After sweep 6 energy=-55.70374451033973  maxlinkdim=1000 maxerr=3.58E-09 time=87.055
After sweep 7 energy=-57.195593072036615  maxlinkdim=1000 maxerr=7.96E-09 time=101.455
After sweep 8 energy=-58.27772427964065  maxlinkdim=1000 maxerr=1.15E-08 time=109.232
After sweep 9 energy=-59.32864551893303  maxlinkdim=1000 maxerr=2.03E-08 time=119.222
After sweep 10 energy=-60.45932253622635  maxlinkdim=1000 maxerr=4.66E-08 time=126.356
After sweep 11 energy=-61.82542255930695  maxlinkdim=1000 maxerr=1.49E-07 time=145.906
After sweep 12 energy=-62.87751181803302  maxlinkdim=1000 maxerr=1.19E-07 time=156.779
After sweep 13 energy=-63.59866512925742  maxlinkdim=1000 maxerr=5.57E-07 time=161.962
After sweep 14 energy=-64.19711056696107  maxlinkdim=1000 maxerr=1.64E-07 time=169.251
After sweep 15 energy=-64.90034329959148  maxlinkdim=1000 maxerr=4.72E-06 time=171.536
After sweep 16 energy=-65.28974734171112  maxlinkdim=1000 maxerr=6.90E-08 time=169.661
After sweep 17 energy=-65.6554776672442  maxlinkdim=1000 maxerr=1.43E-07 time=166.215
After sweep 18 energy=-65.98261735680346  maxlinkdim=1000 maxerr=1.19E-07 time=167.121
After sweep 19 energy=-66.31841899584447  maxlinkdim=1000 maxerr=1.43E-07 time=164.547
After sweep 20 energy=-66.59734360661734  maxlinkdim=1000 maxerr=8.12E-08 time=169.001
After sweep 21 energy=-66.84108981157175  maxlinkdim=1000 maxerr=2.25E-07 time=165.784
After sweep 22 energy=-67.07144511394723  maxlinkdim=1000 maxerr=1.09E-07 time=167.203
After sweep 23 energy=-67.30370004108633  maxlinkdim=1000 maxerr=2.20E-07 time=170.225
After sweep 24 energy=-67.52777931137652  maxlinkdim=1000 maxerr=6.44E-07 time=171.427
After sweep 25 energy=-67.74887954314936  maxlinkdim=1000 maxerr=8.85E-07 time=172.105
After sweep 26 energy=-67.97035758414259  maxlinkdim=1000 maxerr=1.53E-06 time=176.395
After sweep 27 energy=-68.2060390864888  maxlinkdim=1000 maxerr=2.93E-07 time=178.945
After sweep 28 energy=-68.4184695963737  maxlinkdim=1000 maxerr=3.83E-07 time=177.562
After sweep 29 energy=-68.62095204094513  maxlinkdim=1000 maxerr=3.70E-06 time=168.247
After sweep 30 energy=-68.7841717347418  maxlinkdim=1000 maxerr=1.51E-05 time=164.220
After sweep 31 energy=-68.95007111430755  maxlinkdim=1000 maxerr=3.96E-06 time=169.743
After sweep 32 energy=-69.10836843268811  maxlinkdim=1000 maxerr=4.25E-06 time=176.292
After sweep 33 energy=-69.25804815081582  maxlinkdim=1000 maxerr=9.47E-06 time=176.305
After sweep 34 energy=-69.40550473968439  maxlinkdim=1000 maxerr=8.80E-06 time=177.431
After sweep 35 energy=-69.55629970470982  maxlinkdim=1000 maxerr=7.34E-06 time=177.226
After sweep 36 energy=-69.68286673510985  maxlinkdim=1000 maxerr=9.17E-06 time=182.388
After sweep 37 energy=-69.79916128831027  maxlinkdim=1000 maxerr=9.50E-06 time=180.830
After sweep 38 energy=-69.91443751356736  maxlinkdim=1000 maxerr=8.79E-06 time=178.616
After sweep 39 energy=-70.02342599654378  maxlinkdim=1000 maxerr=7.55E-06 time=176.350
After sweep 40 energy=-70.1339780380389  maxlinkdim=1000 maxerr=2.29E-05 time=179.382
After sweep 41 energy=-70.2563348192798  maxlinkdim=1000 maxerr=9.17E-06 time=180.557
After sweep 42 energy=-70.35394643054478  maxlinkdim=1000 maxerr=7.00E-06 time=182.955
After sweep 43 energy=-70.44007324320052  maxlinkdim=1000 maxerr=1.93E-05 time=174.882
After sweep 44 energy=-70.53509707863421  maxlinkdim=1000 maxerr=1.09E-05 time=182.840
After sweep 45 energy=-70.63341723487221  maxlinkdim=1000 maxerr=2.42E-05 time=169.234
After sweep 46 energy=-70.70737110803101  maxlinkdim=1000 maxerr=1.37E-05 time=163.650
After sweep 47 energy=-70.7747039550494  maxlinkdim=1000 maxerr=1.17E-05 time=167.383
After sweep 48 energy=-70.83726091761838  maxlinkdim=1000 maxerr=1.11E-05 time=166.863
After sweep 49 energy=-70.89397309948933  maxlinkdim=1000 maxerr=1.05E-05 time=165.441
After sweep 50 energy=-70.94610414419544  maxlinkdim=1000 maxerr=1.32E-05 time=161.744
After sweep 51 energy=-70.99586190629716  maxlinkdim=1000 maxerr=1.50E-05 time=164.500
After sweep 52 energy=-71.04388618131337  maxlinkdim=1000 maxerr=1.22E-05 time=163.872
After sweep 53 energy=-71.08988852774608  maxlinkdim=1000 maxerr=9.98E-06 time=165.491
After sweep 54 energy=-71.13398914104171  maxlinkdim=1000 maxerr=9.72E-06 time=166.397
After sweep 55 energy=-71.17885930421409  maxlinkdim=1000 maxerr=9.83E-06 time=166.368
After sweep 56 energy=-71.37648618340256  maxlinkdim=1000 maxerr=2.71E-05 time=161.492
After sweep 57 energy=-71.5199281721603  maxlinkdim=1000 maxerr=1.87E-05 time=164.492
After sweep 58 energy=-71.59291596898277  maxlinkdim=1000 maxerr=1.73E-05 time=165.581
After sweep 59 energy=-71.6419106039086  maxlinkdim=1000 maxerr=2.22E-05 time=166.376
After sweep 60 energy=-71.67503462227299  maxlinkdim=1000 maxerr=1.79E-05 time=172.365
After sweep 61 energy=-71.69764610358338  maxlinkdim=1000 maxerr=1.78E-05 time=175.963
After sweep 62 energy=-71.7126825679181  maxlinkdim=1000 maxerr=1.55E-05 time=175.741
After sweep 63 energy=-71.72230838717036  maxlinkdim=1000 maxerr=1.74E-05 time=174.997
After sweep 64 energy=-71.7281907332049  maxlinkdim=1000 maxerr=1.51E-05 time=166.768
After sweep 65 energy=-71.73115754246864  maxlinkdim=1000 maxerr=1.31E-05 time=166.865
After sweep 66 energy=-71.7325592670936  maxlinkdim=1000 maxerr=1.21E-05 time=181.568
After sweep 67 energy=-71.7332345118824  maxlinkdim=1000 maxerr=1.17E-05 time=179.893
After sweep 68 energy=-71.73358035665886  maxlinkdim=1000 maxerr=1.15E-05 time=179.469
After sweep 69 energy=-71.73376303278704  maxlinkdim=1000 maxerr=1.14E-05 time=177.862
After sweep 70 energy=-71.73385788848559  maxlinkdim=1000 maxerr=1.14E-05 time=167.879
After sweep 71 energy=-71.73390648506465  maxlinkdim=1000 maxerr=1.14E-05 time=166.505
After sweep 72 energy=-71.73393464139899  maxlinkdim=1000 maxerr=1.14E-05 time=164.790
After sweep 73 energy=-71.73395512661052  maxlinkdim=1000 maxerr=1.13E-05 time=163.342
After sweep 74 energy=-71.73396643435264  maxlinkdim=1000 maxerr=1.13E-05 time=168.938
After sweep 75 energy=-71.73397097638764  maxlinkdim=1000 maxerr=1.13E-05 time=178.096
After sweep 76 energy=-71.73397779823242  maxlinkdim=1000 maxerr=1.13E-05 time=179.310
After sweep 77 energy=-71.7339809815671  maxlinkdim=1000 maxerr=1.13E-05 time=178.150
After sweep 78 energy=-71.73398333218793  maxlinkdim=1000 maxerr=1.13E-05 time=179.278
After sweep 79 energy=-71.73398566592475  maxlinkdim=1000 maxerr=1.13E-05 time=176.191
After sweep 80 energy=-71.73398685453454  maxlinkdim=1000 maxerr=1.13E-05 time=174.519
After sweep 81 energy=-71.733988044516  maxlinkdim=1000 maxerr=1.13E-05 time=176.610
After sweep 82 energy=-71.73398787776242  maxlinkdim=1000 maxerr=1.13E-05 time=176.462
After sweep 83 energy=-71.73398955566043  maxlinkdim=1000 maxerr=1.13E-05 time=175.530
After sweep 84 energy=-71.73399019603002  maxlinkdim=1000 maxerr=1.13E-05 time=169.705
After sweep 85 energy=-71.7339908370461  maxlinkdim=1000 maxerr=1.13E-05 time=167.760
After sweep 86 energy=-71.7339916267813  maxlinkdim=1000 maxerr=1.13E-05 time=167.858
After sweep 87 energy=-71.73399032793814  maxlinkdim=1000 maxerr=1.13E-05 time=169.383
After sweep 88 energy=-71.73399203357415  maxlinkdim=1000 maxerr=1.13E-05 time=166.208
After sweep 89 energy=-71.73398964637047  maxlinkdim=1000 maxerr=1.14E-05 time=165.630
After sweep 90 energy=-71.73399162438312  maxlinkdim=1000 maxerr=1.14E-05 time=170.212
After sweep 91 energy=-71.7339913614578  maxlinkdim=1000 maxerr=1.14E-05 time=171.271
After sweep 92 energy=-71.7339906087361  maxlinkdim=1000 maxerr=1.14E-05 time=167.824
After sweep 93 energy=-71.73399250138569  maxlinkdim=1000 maxerr=1.14E-05 time=171.859
After sweep 94 energy=-71.73399265538075  maxlinkdim=1000 maxerr=1.14E-05 time=170.848
After sweep 95 energy=-71.73399229851937  maxlinkdim=1000 maxerr=1.14E-05 time=166.600
After sweep 96 energy=-71.73399276460124  maxlinkdim=1000 maxerr=1.14E-05 time=166.659
After sweep 97 energy=-71.73399228781982  maxlinkdim=1000 maxerr=1.14E-05 time=161.200
After sweep 98 energy=-71.73399342432324  maxlinkdim=1000 maxerr=1.14E-05 time=163.327
After sweep 99 energy=-71.73399388853873  maxlinkdim=1000 maxerr=1.14E-05 time=165.151
After sweep 100 energy=-71.73399350299135  maxlinkdim=1000 maxerr=1.14E-05 time=163.556
  E(N) = -71.73399350299135

============================================================
RESULTS:
  E(110) = -74.64046398438803
  E(111) = -73.19665384467204
  E(112)     = -71.73399350299135
  E_p = 0.01885020  (repulsive hole pairing)
============================================================
RESULT: E_p = 0.0188502019646819
