Calculating pair binding energy for ladder
L=64, U=8.0, V=0.0, t0=1.8, density=0.9375
============================================================
Pair binding energy for Hubbard ladder
L = 64 rungs, 128 sites
U = 8.0, V = 0.0, t = 1.0, t0 = 1.8, density = 0.9375
N_base = 120
============================================================

[1/3] Computing E(N-2=118)
  Initial state: 118 particles (59 up, 59 dn)
After sweep 1 energy=-98.58260677858235  maxlinkdim=20 maxerr=2.52E-04 time=48.165
After sweep 2 energy=-105.23029633635501  maxlinkdim=50 maxerr=3.29E-05 time=28.989
After sweep 3 energy=-108.23423179354596  maxlinkdim=100 maxerr=2.05E-06 time=41.246
After sweep 4 energy=-109.97225967274645  maxlinkdim=200 maxerr=8.61E-08 time=60.348
After sweep 5 energy=-111.17786195258896  maxlinkdim=879 maxerr=1.00E-10 time=68.580
After sweep 6 energy=-112.06224012082234  maxlinkdim=1417 maxerr=1.00E-10 time=84.147
After sweep 7 energy=-112.59381313103566  maxlinkdim=1500 maxerr=3.27E-10 time=95.394
After sweep 8 energy=-112.99446489432762  maxlinkdim=1500 maxerr=5.78E-10 time=101.693
After sweep 9 energy=-113.30367070863811  maxlinkdim=1500 maxerr=8.96E-10 time=106.550
After sweep 10 energy=-113.55524955771361  maxlinkdim=1500 maxerr=1.02E-09 time=107.612
After sweep 11 energy=-113.75535676579752  maxlinkdim=1500 maxerr=1.08E-09 time=110.502
After sweep 12 energy=-113.9103068174004  maxlinkdim=1500 maxerr=1.07E-09 time=116.122
After sweep 13 energy=-114.03595213164843  maxlinkdim=1500 maxerr=9.62E-10 time=115.619
After sweep 14 energy=-114.14978819915316  maxlinkdim=1500 maxerr=1.25E-09 time=118.572
After sweep 15 energy=-114.24714230106578  maxlinkdim=1500 maxerr=1.23E-09 time=120.595
After sweep 16 energy=-114.33126749191607  maxlinkdim=1500 maxerr=1.19E-09 time=122.448
After sweep 17 energy=-114.40370865319257  maxlinkdim=1500 maxerr=1.23E-09 time=123.947
After sweep 18 energy=-114.47254894866623  maxlinkdim=1500 maxerr=1.41E-09 time=125.376
After sweep 19 energy=-114.53113774155004  maxlinkdim=1500 maxerr=1.33E-09 time=126.149
After sweep 20 energy=-114.58382509848768  maxlinkdim=1500 maxerr=1.36E-09 time=127.342
After sweep 21 energy=-114.6300195756547  maxlinkdim=1500 maxerr=1.32E-09 time=128.812
After sweep 22 energy=-114.67291253163691  maxlinkdim=1500 maxerr=1.61E-09 time=129.491
After sweep 23 energy=-114.71217000815292  maxlinkdim=1500 maxerr=1.61E-09 time=133.641
After sweep 24 energy=-114.74917207484683  maxlinkdim=1500 maxerr=1.75E-09 time=136.016
After sweep 25 energy=-114.78498404531133  maxlinkdim=1500 maxerr=1.93E-09 time=137.364
After sweep 26 energy=-114.82044101614727  maxlinkdim=1500 maxerr=2.47E-09 time=143.965
After sweep 27 energy=-114.85689135760448  maxlinkdim=1500 maxerr=3.03E-09 time=149.029
After sweep 28 energy=-114.89479608887756  maxlinkdim=1500 maxerr=3.57E-09 time=154.312
After sweep 29 energy=-114.93002974696842  maxlinkdim=1500 maxerr=3.30E-09 time=162.862
After sweep 30 energy=-114.95696794422093  maxlinkdim=1500 maxerr=1.57E-09 time=167.883
After sweep 31 energy=-114.98187038503647  maxlinkdim=1500 maxerr=1.81E-09 time=167.395
After sweep 32 energy=-115.0078461085861  maxlinkdim=1500 maxerr=2.47E-09 time=173.316
After sweep 33 energy=-115.0310168217008  maxlinkdim=1500 maxerr=2.12E-09 time=174.565
After sweep 34 energy=-115.05306018484879  maxlinkdim=1500 maxerr=2.26E-09 time=173.780
After sweep 35 energy=-115.0698394414319  maxlinkdim=1500 maxerr=1.46E-09 time=172.869
After sweep 36 energy=-115.08448872260895  maxlinkdim=1500 maxerr=1.23E-09 time=163.435
After sweep 37 energy=-115.10121961081458  maxlinkdim=1500 maxerr=1.73E-09 time=171.359
After sweep 38 energy=-115.11402982654012  maxlinkdim=1500 maxerr=8.04E-10 time=180.791
After sweep 39 energy=-115.12676704531134  maxlinkdim=1500 maxerr=8.80E-10 time=178.363
After sweep 40 energy=-115.13980384065837  maxlinkdim=1500 maxerr=1.09E-09 time=177.250
After sweep 41 energy=-115.15275772970205  maxlinkdim=1500 maxerr=1.09E-09 time=185.280
After sweep 42 energy=-115.16517851430598  maxlinkdim=1500 maxerr=1.07E-09 time=183.037
After sweep 43 energy=-115.17705099228567  maxlinkdim=1500 maxerr=1.09E-09 time=179.481
After sweep 44 energy=-115.18800192000755  maxlinkdim=1500 maxerr=1.09E-09 time=180.452
After sweep 45 energy=-115.19879068457992  maxlinkdim=1500 maxerr=1.14E-09 time=183.416
After sweep 46 energy=-115.20908071295037  maxlinkdim=1500 maxerr=1.11E-09 time=186.262
After sweep 47 energy=-115.21871878115864  maxlinkdim=1500 maxerr=1.07E-09 time=187.715
After sweep 48 energy=-115.22835889239076  maxlinkdim=1500 maxerr=1.10E-09 time=187.941
After sweep 49 energy=-115.23754030117559  maxlinkdim=1500 maxerr=1.06E-09 time=184.725
After sweep 50 energy=-115.24694112835942  maxlinkdim=1500 maxerr=1.20E-09 time=185.536
After sweep 51 energy=-115.25698069743488  maxlinkdim=1500 maxerr=1.49E-09 time=187.264
After sweep 52 energy=-115.26666157338289  maxlinkdim=1500 maxerr=1.43E-09 time=190.950
After sweep 53 energy=-115.27606538059817  maxlinkdim=1500 maxerr=1.38E-09 time=197.656
After sweep 54 energy=-115.28508879606946  maxlinkdim=1500 maxerr=1.35E-09 time=197.424
After sweep 55 energy=-115.29382377183408  maxlinkdim=1500 maxerr=1.45E-09 time=198.883
After sweep 56 energy=-115.30243360040232  maxlinkdim=1500 maxerr=1.59E-09 time=197.955
After sweep 57 energy=-115.3113808543865  maxlinkdim=1500 maxerr=1.98E-09 time=198.699
After sweep 58 energy=-115.32156637147015  maxlinkdim=1500 maxerr=2.86E-09 time=200.174
After sweep 59 energy=-115.33223920571079  maxlinkdim=1500 maxerr=3.25E-09 time=202.425
After sweep 60 energy=-115.34287402359341  maxlinkdim=1500 maxerr=3.93E-09 time=205.835
After sweep 61 energy=-115.35359899470518  maxlinkdim=1500 maxerr=4.57E-09 time=203.561
After sweep 62 energy=-115.36140392385695  maxlinkdim=1500 maxerr=2.16E-09 time=205.482
After sweep 63 energy=-115.36871948564624  maxlinkdim=1500 maxerr=2.22E-09 time=206.014
After sweep 64 energy=-115.37591380512282  maxlinkdim=1500 maxerr=2.48E-09 time=207.370
After sweep 65 energy=-115.38300716907838  maxlinkdim=1500 maxerr=2.84E-09 time=214.174
After sweep 66 energy=-115.389638284597  maxlinkdim=1500 maxerr=2.61E-09 time=208.927
After sweep 67 energy=-115.39586795696043  maxlinkdim=1500 maxerr=2.45E-09 time=209.000
After sweep 68 energy=-115.40180483660392  maxlinkdim=1500 maxerr=2.39E-09 time=211.726
After sweep 69 energy=-115.40789065824019  maxlinkdim=1500 maxerr=2.87E-09 time=212.851
After sweep 70 energy=-115.41340249872209  maxlinkdim=1500 maxerr=2.45E-09 time=217.101
After sweep 71 energy=-115.41900207047874  maxlinkdim=1500 maxerr=2.77E-09 time=215.285
After sweep 72 energy=-115.4238645932191  maxlinkdim=1500 maxerr=2.16E-09 time=214.271
After sweep 73 energy=-115.42849291102084  maxlinkdim=1500 maxerr=2.10E-09 time=215.404
After sweep 74 energy=-115.43236861483604  maxlinkdim=1500 maxerr=1.47E-09 time=228.570
After sweep 75 energy=-115.43643214111236  maxlinkdim=1500 maxerr=1.84E-09 time=226.774
After sweep 76 energy=-115.44040132173157  maxlinkdim=1500 maxerr=1.94E-09 time=213.091
After sweep 77 energy=-115.44470176707158  maxlinkdim=1500 maxerr=2.53E-09 time=212.525
After sweep 78 energy=-115.44869535489134  maxlinkdim=1500 maxerr=2.19E-09 time=211.230
After sweep 79 energy=-115.45279907824799  maxlinkdim=1500 maxerr=2.45E-09 time=206.825
After sweep 80 energy=-115.45700982487642  maxlinkdim=1500 maxerr=2.75E-09 time=209.915
After sweep 81 energy=-115.46115158978361  maxlinkdim=1500 maxerr=2.81E-09 time=220.645
After sweep 82 energy=-115.46478315016293  maxlinkdim=1500 maxerr=2.11E-09 time=216.092
After sweep 83 energy=-115.46838796930459  maxlinkdim=1500 maxerr=2.24E-09 time=224.179
After sweep 84 energy=-115.47137298358822  maxlinkdim=1500 maxerr=1.44E-09 time=232.653
After sweep 85 energy=-115.4744854410061  maxlinkdim=1500 maxerr=1.84E-09 time=227.748
After sweep 86 energy=-115.47777810625692  maxlinkdim=1500 maxerr=2.10E-09 time=232.997
After sweep 87 energy=-115.48091584634598  maxlinkdim=1500 maxerr=1.95E-09 time=235.736
After sweep 88 energy=-115.48412344397836  maxlinkdim=1500 maxerr=2.35E-09 time=235.764
After sweep 89 energy=-115.48717110505827  maxlinkdim=1500 maxerr=1.81E-09 time=230.950
After sweep 90 energy=-115.4902226740391  maxlinkdim=1500 maxerr=2.20E-09 time=233.668
After sweep 91 energy=-115.49339279600451  maxlinkdim=1500 maxerr=2.37E-09 time=241.381
After sweep 92 energy=-115.49619913988312  maxlinkdim=1500 maxerr=1.66E-09 time=229.721
After sweep 93 energy=-115.49880853651786  maxlinkdim=1500 maxerr=1.12E-09 time=226.533
After sweep 94 energy=-115.5012692115748  maxlinkdim=1500 maxerr=6.91E-10 time=236.355
After sweep 95 energy=-115.5037315855718  maxlinkdim=1500 maxerr=1.15E-09 time=240.318
After sweep 96 energy=-115.50664740450962  maxlinkdim=1500 maxerr=2.72E-09 time=240.916
After sweep 97 energy=-115.50916338579957  maxlinkdim=1500 maxerr=5.91E-10 time=237.112
After sweep 98 energy=-115.51133241777548  maxlinkdim=1500 maxerr=1.04E-09 time=238.428
After sweep 99 energy=-115.51403475071285  maxlinkdim=1500 maxerr=2.99E-09 time=246.123
After sweep 100 energy=-115.51749096352022  maxlinkdim=1500 maxerr=9.59E-09 time=250.955
After sweep 101 energy=-115.520157225708  maxlinkdim=1500 maxerr=5.29E-09 time=253.104
After sweep 102 energy=-115.52256216332694  maxlinkdim=1500 maxerr=3.14E-09 time=253.785
After sweep 103 energy=-115.52668959426627  maxlinkdim=1500 maxerr=5.97E-08 time=259.006
After sweep 104 energy=-115.5308170596201  maxlinkdim=1500 maxerr=5.83E-08 time=262.164
After sweep 105 energy=-115.5349940240884  maxlinkdim=1500 maxerr=2.85E-07 time=266.118
After sweep 106 energy=-115.54066206747473  maxlinkdim=1500 maxerr=4.74E-08 time=273.828
After sweep 107 energy=-115.54240188798893  maxlinkdim=1500 maxerr=9.85E-08 time=268.851
After sweep 108 energy=-115.54389106970794  maxlinkdim=1500 maxerr=1.18E-08 time=265.200
After sweep 109 energy=-115.5452333689177  maxlinkdim=1500 maxerr=9.72E-09 time=266.188
After sweep 110 energy=-115.54642297083312  maxlinkdim=1500 maxerr=8.52E-09 time=265.181
After sweep 111 energy=-115.54767832819977  maxlinkdim=1500 maxerr=3.29E-09 time=264.000
After sweep 112 energy=-115.54889514020309  maxlinkdim=1500 maxerr=6.88E-09 time=266.890
After sweep 113 energy=-115.55075039841135  maxlinkdim=1500 maxerr=3.78E-08 time=259.469
After sweep 114 energy=-115.5522167213309  maxlinkdim=1500 maxerr=2.62E-08 time=257.359
After sweep 115 energy=-115.55328333740928  maxlinkdim=1500 maxerr=4.68E-08 time=255.947
After sweep 116 energy=-115.55453934497265  maxlinkdim=1500 maxerr=3.44E-07 time=255.414
After sweep 117 energy=-115.55591465442429  maxlinkdim=1500 maxerr=2.20E-07 time=257.329
After sweep 118 energy=-115.55739478368294  maxlinkdim=1500 maxerr=5.36E-08 time=259.348
After sweep 119 energy=-115.55845929933434  maxlinkdim=1500 maxerr=1.76E-08 time=279.250
After sweep 120 energy=-115.55945293949755  maxlinkdim=1500 maxerr=7.41E-08 time=281.104
After sweep 121 energy=-115.56134330950078  maxlinkdim=1500 maxerr=1.73E-07 time=281.608
After sweep 122 energy=-115.56336884577063  maxlinkdim=1500 maxerr=2.39E-07 time=280.919
After sweep 123 energy=-115.56482834069274  maxlinkdim=1500 maxerr=1.43E-07 time=287.769
After sweep 124 energy=-115.56593013667455  maxlinkdim=1500 maxerr=8.99E-08 time=285.591
After sweep 125 energy=-115.56683617478399  maxlinkdim=1500 maxerr=9.75E-08 time=263.301
After sweep 126 energy=-115.56747373243753  maxlinkdim=1500 maxerr=7.69E-08 time=269.175
After sweep 127 energy=-115.56800728288923  maxlinkdim=1500 maxerr=4.99E-08 time=274.973
After sweep 128 energy=-115.56849832003655  maxlinkdim=1500 maxerr=1.48E-07 time=270.781
After sweep 129 energy=-115.5690078072143  maxlinkdim=1500 maxerr=8.05E-08 time=275.181
After sweep 130 energy=-115.56945088758832  maxlinkdim=1500 maxerr=8.79E-08 time=278.040
After sweep 131 energy=-115.56981960365974  maxlinkdim=1500 maxerr=3.69E-08 time=277.134
After sweep 132 energy=-115.57011228474886  maxlinkdim=1500 maxerr=4.58E-08 time=282.086
After sweep 133 energy=-115.57040383414423  maxlinkdim=1500 maxerr=7.76E-08 time=284.027
After sweep 134 energy=-115.57066711169733  maxlinkdim=1500 maxerr=1.34E-07 time=277.708
After sweep 135 energy=-115.57092435288074  maxlinkdim=1500 maxerr=1.71E-07 time=279.566
After sweep 136 energy=-115.57116388287993  maxlinkdim=1500 maxerr=1.16E-07 time=282.912
After sweep 137 energy=-115.57133339674631  maxlinkdim=1500 maxerr=7.75E-08 time=297.795
After sweep 138 energy=-115.57144670163191  maxlinkdim=1500 maxerr=8.28E-08 time=285.294
Stopping DMRG after sweep 138
  E(N-2) = -115.57144670163191

[2/3] Computing E(N-1=119)
  Initial state: 119 particles (60 up, 59 dn)
After sweep 1 energy=-99.67778966856883  maxlinkdim=20 maxerr=4.65E-04 time=8.835
After sweep 2 energy=-105.37403064034703  maxlinkdim=50 maxerr=2.39E-05 time=20.366
After sweep 3 energy=-108.0977038993906  maxlinkdim=100 maxerr=1.46E-06 time=29.239
After sweep 4 energy=-109.364585719439  maxlinkdim=200 maxerr=1.60E-07 time=45.668
After sweep 5 energy=-110.35409939707952  maxlinkdim=878 maxerr=1.00E-10 time=57.929
After sweep 6 energy=-111.04537807110542  maxlinkdim=1341 maxerr=1.00E-10 time=73.796
After sweep 7 energy=-111.48318158234999  maxlinkdim=1500 maxerr=2.20E-10 time=81.272
After sweep 8 energy=-111.78948547070091  maxlinkdim=1500 maxerr=3.92E-10 time=86.977
After sweep 9 energy=-112.02200625122805  maxlinkdim=1500 maxerr=5.80E-10 time=89.884
After sweep 10 energy=-112.20304153208272  maxlinkdim=1500 maxerr=6.83E-10 time=91.748
After sweep 11 energy=-112.35104571306086  maxlinkdim=1500 maxerr=8.02E-10 time=94.270
After sweep 12 energy=-112.4734809110684  maxlinkdim=1500 maxerr=9.57E-10 time=96.210
After sweep 13 energy=-112.57751982845765  maxlinkdim=1500 maxerr=1.08E-09 time=99.169
After sweep 14 energy=-112.66873340867755  maxlinkdim=1500 maxerr=1.21E-09 time=101.089
After sweep 15 energy=-112.75124673269053  maxlinkdim=1500 maxerr=1.53E-09 time=105.216
After sweep 16 energy=-112.83035196320752  maxlinkdim=1500 maxerr=1.93E-09 time=104.663
After sweep 17 energy=-112.89861281169321  maxlinkdim=1500 maxerr=1.75E-09 time=111.325
After sweep 18 energy=-112.96378820610259  maxlinkdim=1500 maxerr=2.12E-09 time=124.591
After sweep 19 energy=-113.01828974292391  maxlinkdim=1500 maxerr=3.46E-09 time=127.414
After sweep 20 energy=-113.06452706216498  maxlinkdim=1500 maxerr=2.15E-09 time=129.111
After sweep 21 energy=-113.10672964208821  maxlinkdim=1500 maxerr=2.89E-09 time=128.093
After sweep 22 energy=-113.14464687481775  maxlinkdim=1500 maxerr=2.25E-09 time=131.358
After sweep 23 energy=-113.1734231180888  maxlinkdim=1500 maxerr=1.28E-09 time=129.873
After sweep 24 energy=-113.20033577741316  maxlinkdim=1500 maxerr=1.04E-09 time=129.694
After sweep 25 energy=-113.22510174637945  maxlinkdim=1500 maxerr=1.01E-09 time=129.373
After sweep 26 energy=-113.24752536422538  maxlinkdim=1500 maxerr=1.30E-09 time=132.621
After sweep 27 energy=-113.27284358788566  maxlinkdim=1500 maxerr=1.99E-09 time=136.558
After sweep 28 energy=-113.30119677822059  maxlinkdim=1500 maxerr=3.48E-09 time=144.252
After sweep 29 energy=-113.33346493456452  maxlinkdim=1500 maxerr=7.92E-09 time=149.756
After sweep 30 energy=-113.36449507074403  maxlinkdim=1500 maxerr=1.06E-08 time=151.459
After sweep 31 energy=-113.38659564839566  maxlinkdim=1500 maxerr=3.21E-09 time=150.773
After sweep 32 energy=-113.40648195927695  maxlinkdim=1500 maxerr=3.75E-09 time=155.151
After sweep 33 energy=-113.42656548163355  maxlinkdim=1500 maxerr=5.90E-09 time=160.783
After sweep 34 energy=-113.44706642340597  maxlinkdim=1500 maxerr=9.22E-09 time=165.391
After sweep 35 energy=-113.46390467291283  maxlinkdim=1500 maxerr=5.77E-09 time=166.612
After sweep 36 energy=-113.48407126500166  maxlinkdim=1500 maxerr=6.33E-09 time=161.286
After sweep 37 energy=-113.50682718218918  maxlinkdim=1500 maxerr=1.19E-08 time=168.783
After sweep 38 energy=-113.51741427391994  maxlinkdim=1500 maxerr=2.22E-09 time=165.319
After sweep 39 energy=-113.52714384388207  maxlinkdim=1500 maxerr=2.02E-09 time=161.821
After sweep 40 energy=-113.53475222872648  maxlinkdim=1500 maxerr=6.64E-10 time=160.063
After sweep 41 energy=-113.54185380245252  maxlinkdim=1500 maxerr=5.35E-10 time=160.403
After sweep 42 energy=-113.54900794272024  maxlinkdim=1500 maxerr=7.02E-10 time=160.201
After sweep 43 energy=-113.55708042757752  maxlinkdim=1500 maxerr=1.55E-09 time=169.776
After sweep 44 energy=-113.56425269325389  maxlinkdim=1500 maxerr=8.83E-10 time=167.249
After sweep 45 energy=-113.57097207936651  maxlinkdim=1500 maxerr=1.30E-09 time=170.273
After sweep 46 energy=-113.5783538868299  maxlinkdim=1500 maxerr=1.92E-09 time=169.100
After sweep 47 energy=-113.58540865171356  maxlinkdim=1500 maxerr=1.49E-09 time=166.002
After sweep 48 energy=-113.59248091890699  maxlinkdim=1500 maxerr=1.35E-09 time=168.169
After sweep 49 energy=-113.59998171209291  maxlinkdim=1500 maxerr=2.29E-09 time=177.810
After sweep 50 energy=-113.60867421697012  maxlinkdim=1500 maxerr=4.37E-09 time=175.072
After sweep 51 energy=-113.6271655255559  maxlinkdim=1500 maxerr=1.30E-08 time=185.367
After sweep 52 energy=-113.63848792226905  maxlinkdim=1500 maxerr=2.49E-09 time=190.108
After sweep 53 energy=-113.64571512118184  maxlinkdim=1500 maxerr=2.04E-09 time=189.520
After sweep 54 energy=-113.65498157945767  maxlinkdim=1500 maxerr=3.47E-09 time=194.220
After sweep 55 energy=-113.6617192335564  maxlinkdim=1500 maxerr=2.63E-09 time=192.543
After sweep 56 energy=-113.66838955051065  maxlinkdim=1500 maxerr=3.61E-09 time=191.987
After sweep 57 energy=-113.67445256057093  maxlinkdim=1500 maxerr=2.75E-09 time=201.146
After sweep 58 energy=-113.680779234877  maxlinkdim=1500 maxerr=3.59E-09 time=211.913
After sweep 59 energy=-113.68739572136899  maxlinkdim=1500 maxerr=4.82E-09 time=212.109
After sweep 60 energy=-113.69404523479044  maxlinkdim=1500 maxerr=4.50E-09 time=220.227
After sweep 61 energy=-113.70247850284052  maxlinkdim=1500 maxerr=8.96E-08 time=226.510
After sweep 62 energy=-113.70619447673664  maxlinkdim=1500 maxerr=4.02E-09 time=222.123
After sweep 63 energy=-113.70916836188093  maxlinkdim=1500 maxerr=7.43E-10 time=215.927
After sweep 64 energy=-113.71229332273514  maxlinkdim=1500 maxerr=8.83E-10 time=211.023
After sweep 65 energy=-113.71519076485124  maxlinkdim=1500 maxerr=7.71E-10 time=208.529
After sweep 66 energy=-113.7181359633998  maxlinkdim=1500 maxerr=9.20E-10 time=211.259
After sweep 67 energy=-113.72092757464513  maxlinkdim=1500 maxerr=7.12E-10 time=208.243
After sweep 68 energy=-113.72371003978841  maxlinkdim=1500 maxerr=1.02E-09 time=209.191
After sweep 69 energy=-113.72670749929915  maxlinkdim=1500 maxerr=1.46E-09 time=210.735
After sweep 70 energy=-113.72988984242721  maxlinkdim=1500 maxerr=1.97E-09 time=206.595
After sweep 71 energy=-113.73353188667873  maxlinkdim=1500 maxerr=2.77E-09 time=202.793
After sweep 72 energy=-113.73711890737334  maxlinkdim=1500 maxerr=2.46E-09 time=208.642
After sweep 73 energy=-113.74146662531345  maxlinkdim=1500 maxerr=5.29E-09 time=209.790
After sweep 74 energy=-113.74442285807493  maxlinkdim=1500 maxerr=1.52E-09 time=210.049
After sweep 75 energy=-113.74747451093377  maxlinkdim=1500 maxerr=2.15E-09 time=207.200
After sweep 76 energy=-113.7506411211582  maxlinkdim=1500 maxerr=9.79E-10 time=211.156
After sweep 77 energy=-113.75331560847627  maxlinkdim=1500 maxerr=7.97E-10 time=211.546
After sweep 78 energy=-113.75590467213381  maxlinkdim=1500 maxerr=3.64E-09 time=208.046
After sweep 79 energy=-113.75819521321762  maxlinkdim=1500 maxerr=1.40E-09 time=209.873
After sweep 80 energy=-113.76012205019633  maxlinkdim=1500 maxerr=9.83E-10 time=208.213
After sweep 81 energy=-113.762073711414  maxlinkdim=1500 maxerr=1.39E-09 time=207.740
After sweep 82 energy=-113.76459162071899  maxlinkdim=1500 maxerr=4.40E-09 time=208.757
After sweep 83 energy=-113.76740303075245  maxlinkdim=1500 maxerr=5.07E-09 time=212.651
After sweep 84 energy=-113.7705457941555  maxlinkdim=1500 maxerr=5.99E-09 time=221.431
After sweep 85 energy=-113.77276450018704  maxlinkdim=1500 maxerr=2.38E-09 time=226.641
After sweep 86 energy=-113.7751192081072  maxlinkdim=1500 maxerr=2.78E-09 time=235.943
After sweep 87 energy=-113.7767516755849  maxlinkdim=1500 maxerr=5.44E-10 time=237.537
After sweep 88 energy=-113.77811163253428  maxlinkdim=1500 maxerr=6.11E-10 time=227.431
After sweep 89 energy=-113.78018036497294  maxlinkdim=1500 maxerr=1.62E-09 time=230.382
After sweep 90 energy=-113.78216994142284  maxlinkdim=1500 maxerr=2.08E-09 time=233.857
After sweep 91 energy=-113.78425540109606  maxlinkdim=1500 maxerr=5.64E-09 time=241.054
After sweep 92 energy=-113.7863532219255  maxlinkdim=1500 maxerr=2.80E-09 time=241.306
After sweep 93 energy=-113.78821763212984  maxlinkdim=1500 maxerr=2.23E-09 time=245.860
After sweep 94 energy=-113.78968757188056  maxlinkdim=1500 maxerr=1.63E-09 time=246.083
After sweep 95 energy=-113.79117687875588  maxlinkdim=1500 maxerr=7.62E-10 time=247.513
After sweep 96 energy=-113.79261859602558  maxlinkdim=1500 maxerr=1.21E-09 time=250.893
After sweep 97 energy=-113.79402180503338  maxlinkdim=1500 maxerr=1.97E-09 time=252.031
After sweep 98 energy=-113.79563585482143  maxlinkdim=1500 maxerr=4.41E-09 time=254.034
After sweep 99 energy=-113.7971768926397  maxlinkdim=1500 maxerr=3.65E-09 time=254.161
After sweep 100 energy=-113.79850240868657  maxlinkdim=1500 maxerr=3.19E-09 time=255.906
After sweep 101 energy=-113.79977320711183  maxlinkdim=1500 maxerr=2.91E-09 time=253.178
After sweep 102 energy=-113.80107491033218  maxlinkdim=1500 maxerr=2.41E-09 time=248.509
After sweep 103 energy=-113.80240245015572  maxlinkdim=1500 maxerr=3.40E-09 time=259.728
After sweep 104 energy=-113.80360392604696  maxlinkdim=1500 maxerr=5.06E-09 time=262.798
After sweep 105 energy=-113.80471230374336  maxlinkdim=1500 maxerr=4.18E-09 time=258.496
After sweep 106 energy=-113.80555959652672  maxlinkdim=1500 maxerr=2.86E-09 time=263.315
After sweep 107 energy=-113.8063821276098  maxlinkdim=1500 maxerr=4.12E-09 time=258.985
After sweep 108 energy=-113.80757288656532  maxlinkdim=1500 maxerr=9.60E-08 time=253.276
After sweep 109 energy=-113.80885919499036  maxlinkdim=1500 maxerr=2.43E-08 time=262.892
After sweep 110 energy=-113.80972646720127  maxlinkdim=1500 maxerr=3.29E-09 time=273.048
After sweep 111 energy=-113.8104353724419  maxlinkdim=1500 maxerr=3.20E-09 time=262.192
After sweep 112 energy=-113.81104706678545  maxlinkdim=1500 maxerr=2.12E-09 time=260.843
After sweep 113 energy=-113.81160159159575  maxlinkdim=1500 maxerr=1.28E-09 time=261.943
After sweep 114 energy=-113.81229323894944  maxlinkdim=1500 maxerr=1.72E-08 time=263.932
After sweep 115 energy=-113.81285821029267  maxlinkdim=1500 maxerr=2.70E-09 time=264.234
After sweep 116 energy=-113.81343184598684  maxlinkdim=1500 maxerr=2.99E-09 time=266.825
After sweep 117 energy=-113.81415654241664  maxlinkdim=1500 maxerr=1.08E-08 time=272.706
After sweep 118 energy=-113.81521880425557  maxlinkdim=1500 maxerr=2.22E-07 time=276.617
After sweep 119 energy=-113.81594988511901  maxlinkdim=1500 maxerr=4.82E-08 time=278.708
After sweep 120 energy=-113.81636195174715  maxlinkdim=1500 maxerr=9.06E-09 time=277.932
After sweep 121 energy=-113.81673442337612  maxlinkdim=1500 maxerr=3.47E-09 time=270.256
After sweep 122 energy=-113.81705605667997  maxlinkdim=1500 maxerr=2.63E-09 time=278.136
After sweep 123 energy=-113.81741667506307  maxlinkdim=1500 maxerr=2.47E-08 time=280.030
After sweep 124 energy=-113.81771186358839  maxlinkdim=1500 maxerr=3.97E-09 time=277.180
After sweep 125 energy=-113.81798590417931  maxlinkdim=1500 maxerr=4.01E-09 time=274.526
After sweep 126 energy=-113.81826776244827  maxlinkdim=1500 maxerr=1.26E-08 time=271.306
After sweep 127 energy=-113.81866161031392  maxlinkdim=1500 maxerr=7.13E-08 time=267.360
After sweep 128 energy=-113.8189907232794  maxlinkdim=1500 maxerr=5.53E-08 time=269.397
After sweep 129 energy=-113.81924623651184  maxlinkdim=1500 maxerr=8.03E-08 time=271.402
After sweep 130 energy=-113.81947152811918  maxlinkdim=1500 maxerr=4.36E-08 time=269.752
After sweep 131 energy=-113.81969251489238  maxlinkdim=1500 maxerr=3.32E-08 time=273.657
After sweep 132 energy=-113.81992431090089  maxlinkdim=1500 maxerr=1.25E-07 time=276.550
After sweep 133 energy=-113.82010835177931  maxlinkdim=1500 maxerr=3.61E-08 time=274.546
After sweep 134 energy=-113.820296103923  maxlinkdim=1500 maxerr=2.48E-08 time=275.896
After sweep 135 energy=-113.82043972485435  maxlinkdim=1500 maxerr=2.47E-08 time=277.977
After sweep 136 energy=-113.820576799534  maxlinkdim=1500 maxerr=5.12E-08 time=275.317
After sweep 137 energy=-113.82069295505232  maxlinkdim=1500 maxerr=3.02E-08 time=278.226
After sweep 138 energy=-113.82088543427483  maxlinkdim=1500 maxerr=1.33E-07 time=280.927
After sweep 139 energy=-113.82100629521457  maxlinkdim=1500 maxerr=3.96E-08 time=279.899
After sweep 140 energy=-113.8210912012201  maxlinkdim=1500 maxerr=3.90E-08 time=277.117
Stopping DMRG after sweep 140
  E(N-1) = -113.8210912012201

[3/3] Computing E(N=120)
  Initial state: 120 particles (60 up, 60 dn)
After sweep 1 energy=-99.76708396598599  maxlinkdim=20 maxerr=2.03E-04 time=11.209
After sweep 2 energy=-105.31570721774831  maxlinkdim=50 maxerr=3.01E-05 time=27.212
After sweep 3 energy=-107.51538274862585  maxlinkdim=100 maxerr=1.97E-06 time=38.461
After sweep 4 energy=-108.6281115622476  maxlinkdim=200 maxerr=1.50E-07 time=54.237
After sweep 5 energy=-109.38204702904716  maxlinkdim=849 maxerr=1.00E-10 time=61.824
After sweep 6 energy=-109.91378723480913  maxlinkdim=1272 maxerr=1.00E-10 time=75.790
After sweep 7 energy=-110.24963511564974  maxlinkdim=1468 maxerr=1.00E-10 time=82.714
After sweep 8 energy=-110.49309114417805  maxlinkdim=1500 maxerr=2.67E-10 time=89.886
After sweep 9 energy=-110.67716621896821  maxlinkdim=1500 maxerr=4.80E-10 time=94.278
After sweep 10 energy=-110.82357279388297  maxlinkdim=1500 maxerr=6.35E-10 time=101.195
After sweep 11 energy=-110.94191074269378  maxlinkdim=1500 maxerr=7.64E-10 time=105.812
After sweep 12 energy=-111.03635212070031  maxlinkdim=1500 maxerr=9.61E-10 time=105.891
After sweep 13 energy=-111.11560606782875  maxlinkdim=1500 maxerr=1.11E-09 time=106.683
After sweep 14 energy=-111.18470270929726  maxlinkdim=1500 maxerr=1.24E-09 time=108.623
After sweep 15 energy=-111.24507855439842  maxlinkdim=1500 maxerr=1.32E-09 time=110.981
After sweep 16 energy=-111.3000606543683  maxlinkdim=1500 maxerr=1.58E-09 time=113.634
After sweep 17 energy=-111.35105137315439  maxlinkdim=1500 maxerr=1.82E-09 time=115.832
After sweep 18 energy=-111.39473189746371  maxlinkdim=1500 maxerr=1.66E-09 time=114.859
After sweep 19 energy=-111.43137239528184  maxlinkdim=1500 maxerr=1.13E-09 time=113.372
After sweep 20 energy=-111.46445710869843  maxlinkdim=1500 maxerr=9.66E-10 time=113.757
After sweep 21 energy=-111.49457490863914  maxlinkdim=1500 maxerr=1.05E-09 time=115.276
After sweep 22 energy=-111.5213604835563  maxlinkdim=1500 maxerr=9.80E-10 time=116.252
After sweep 23 energy=-111.54551469676566  maxlinkdim=1500 maxerr=8.35E-10 time=117.136
After sweep 24 energy=-111.56993797456249  maxlinkdim=1500 maxerr=8.35E-10 time=115.491
After sweep 25 energy=-111.59754937571279  maxlinkdim=1500 maxerr=9.71E-10 time=118.171
After sweep 26 energy=-111.62251098581737  maxlinkdim=1500 maxerr=1.23E-09 time=121.895
After sweep 27 energy=-111.64374005828813  maxlinkdim=1500 maxerr=1.12E-09 time=120.969
After sweep 28 energy=-111.66544659151151  maxlinkdim=1500 maxerr=1.40E-09 time=126.231
After sweep 29 energy=-111.68233427204467  maxlinkdim=1500 maxerr=9.36E-10 time=128.905
After sweep 30 energy=-111.69828658794121  maxlinkdim=1500 maxerr=8.39E-10 time=129.018
After sweep 31 energy=-111.71505214590056  maxlinkdim=1500 maxerr=1.21E-09 time=131.480
After sweep 32 energy=-111.72957592232444  maxlinkdim=1500 maxerr=1.25E-09 time=131.521
After sweep 33 energy=-111.74274055631169  maxlinkdim=1500 maxerr=1.15E-09 time=132.632
After sweep 34 energy=-111.756066240386  maxlinkdim=1500 maxerr=2.35E-09 time=133.771
After sweep 35 energy=-111.76879556414012  maxlinkdim=1500 maxerr=1.74E-09 time=139.203
After sweep 36 energy=-111.78106014646846  maxlinkdim=1500 maxerr=2.43E-09 time=143.200
After sweep 37 energy=-111.79287866520134  maxlinkdim=1500 maxerr=1.78E-09 time=145.356
After sweep 38 energy=-111.8030522127105  maxlinkdim=1500 maxerr=2.35E-09 time=147.157
After sweep 39 energy=-111.81463875931075  maxlinkdim=1500 maxerr=8.40E-10 time=149.174
After sweep 40 energy=-111.82515080621566  maxlinkdim=1500 maxerr=1.24E-09 time=150.636
After sweep 41 energy=-111.8357063235678  maxlinkdim=1500 maxerr=1.70E-09 time=158.371
After sweep 42 energy=-111.84565233456459  maxlinkdim=1500 maxerr=3.43E-09 time=174.420
After sweep 43 energy=-111.8531521819871  maxlinkdim=1500 maxerr=9.27E-10 time=172.714
After sweep 44 energy=-111.86200234968307  maxlinkdim=1500 maxerr=5.52E-09 time=173.685
After sweep 45 energy=-111.87230272234348  maxlinkdim=1500 maxerr=8.42E-09 time=174.394
After sweep 46 energy=-111.88285608357845  maxlinkdim=1500 maxerr=8.08E-09 time=179.100
After sweep 47 energy=-111.89188765973397  maxlinkdim=1500 maxerr=3.56E-08 time=184.808
After sweep 48 energy=-111.89783002387378  maxlinkdim=1500 maxerr=7.68E-10 time=184.370
After sweep 49 energy=-111.90262348543322  maxlinkdim=1500 maxerr=1.06E-09 time=177.351
After sweep 50 energy=-111.9075840325412  maxlinkdim=1500 maxerr=1.63E-09 time=180.295
After sweep 51 energy=-111.91201069450473  maxlinkdim=1500 maxerr=9.86E-10 time=179.418
After sweep 52 energy=-111.91881052827384  maxlinkdim=1500 maxerr=6.90E-09 time=181.226
After sweep 53 energy=-111.9266979152342  maxlinkdim=1500 maxerr=1.17E-08 time=194.596
After sweep 54 energy=-111.93314160826164  maxlinkdim=1500 maxerr=1.27E-08 time=195.853
After sweep 55 energy=-111.93760156892604  maxlinkdim=1500 maxerr=1.93E-09 time=187.414
After sweep 56 energy=-111.94460439238031  maxlinkdim=1500 maxerr=5.37E-09 time=196.730
After sweep 57 energy=-111.94851906562872  maxlinkdim=1500 maxerr=5.29E-10 time=197.610
After sweep 58 energy=-111.9522550768271  maxlinkdim=1500 maxerr=5.78E-10 time=197.579
After sweep 59 energy=-111.95537725518437  maxlinkdim=1500 maxerr=1.01E-09 time=190.980
After sweep 60 energy=-111.95880241738014  maxlinkdim=1500 maxerr=1.68E-09 time=188.977
After sweep 61 energy=-111.96220561707534  maxlinkdim=1500 maxerr=1.02E-09 time=190.702
After sweep 62 energy=-111.96666418785517  maxlinkdim=1500 maxerr=1.07E-09 time=201.339
After sweep 63 energy=-111.96924804800473  maxlinkdim=1500 maxerr=7.54E-10 time=199.758
After sweep 64 energy=-111.97150806111179  maxlinkdim=1500 maxerr=6.50E-10 time=191.577
After sweep 65 energy=-111.97390392732322  maxlinkdim=1500 maxerr=8.97E-10 time=193.866
After sweep 66 energy=-111.97648019695305  maxlinkdim=1500 maxerr=1.47E-09 time=189.308
After sweep 67 energy=-111.97938481766487  maxlinkdim=1500 maxerr=1.12E-09 time=199.250
After sweep 68 energy=-111.98267765164292  maxlinkdim=1500 maxerr=2.15E-09 time=202.619
After sweep 69 energy=-111.98580652495505  maxlinkdim=1500 maxerr=2.76E-09 time=208.301
After sweep 70 energy=-111.98894662107793  maxlinkdim=1500 maxerr=1.77E-09 time=208.263
After sweep 71 energy=-111.99157936696575  maxlinkdim=1500 maxerr=1.15E-09 time=211.446
After sweep 72 energy=-111.99403895330775  maxlinkdim=1500 maxerr=1.38E-09 time=211.323
After sweep 73 energy=-111.99662931461584  maxlinkdim=1500 maxerr=1.46E-09 time=212.124
After sweep 74 energy=-111.99888127389612  maxlinkdim=1500 maxerr=9.87E-10 time=211.524
After sweep 75 energy=-112.00110949862201  maxlinkdim=1500 maxerr=8.50E-10 time=211.131
After sweep 76 energy=-112.00327183458762  maxlinkdim=1500 maxerr=1.19E-09 time=211.895
After sweep 77 energy=-112.00543741914326  maxlinkdim=1500 maxerr=1.19E-09 time=213.231
After sweep 78 energy=-112.0073357401583  maxlinkdim=1500 maxerr=9.90E-10 time=208.398
After sweep 79 energy=-112.00931080531366  maxlinkdim=1500 maxerr=2.57E-09 time=211.925
After sweep 80 energy=-112.01175939375011  maxlinkdim=1500 maxerr=2.56E-09 time=213.178
After sweep 81 energy=-112.01375655645457  maxlinkdim=1500 maxerr=2.24E-09 time=214.267
After sweep 82 energy=-112.01591849265441  maxlinkdim=1500 maxerr=1.84E-09 time=219.743
After sweep 83 energy=-112.01791560182588  maxlinkdim=1500 maxerr=1.88E-09 time=225.092
After sweep 84 energy=-112.02003968047335  maxlinkdim=1500 maxerr=2.11E-09 time=227.440
After sweep 85 energy=-112.02229925557407  maxlinkdim=1500 maxerr=2.24E-09 time=228.911
After sweep 86 energy=-112.02427816119196  maxlinkdim=1500 maxerr=1.75E-09 time=229.885
After sweep 87 energy=-112.02826829973172  maxlinkdim=1500 maxerr=1.36E-07 time=232.942
After sweep 88 energy=-112.0302269341264  maxlinkdim=1500 maxerr=3.41E-09 time=234.506
After sweep 89 energy=-112.03194754159466  maxlinkdim=1500 maxerr=1.41E-08 time=232.925
After sweep 90 energy=-112.0331535735321  maxlinkdim=1500 maxerr=8.75E-10 time=234.974
After sweep 91 energy=-112.0345718918129  maxlinkdim=1500 maxerr=5.05E-09 time=238.734
After sweep 92 energy=-112.03609013766571  maxlinkdim=1500 maxerr=5.45E-09 time=237.359
After sweep 93 energy=-112.03725924539478  maxlinkdim=1500 maxerr=1.85E-09 time=238.672
After sweep 94 energy=-112.03814758295617  maxlinkdim=1500 maxerr=5.67E-10 time=230.712
After sweep 95 energy=-112.03892251348195  maxlinkdim=1500 maxerr=3.15E-10 time=222.752
After sweep 96 energy=-112.04000719653828  maxlinkdim=1500 maxerr=2.21E-09 time=229.783
After sweep 97 energy=-112.04113186472017  maxlinkdim=1500 maxerr=3.34E-09 time=230.518
After sweep 98 energy=-112.04217172211241  maxlinkdim=1500 maxerr=4.14E-09 time=236.117
After sweep 99 energy=-112.04292160370883  maxlinkdim=1500 maxerr=4.47E-10 time=240.811
After sweep 100 energy=-112.04378125857403  maxlinkdim=1500 maxerr=2.08E-09 time=234.810
After sweep 101 energy=-112.04469713555713  maxlinkdim=1500 maxerr=1.63E-09 time=243.231
After sweep 102 energy=-112.04570673632978  maxlinkdim=1500 maxerr=4.04E-09 time=238.945
After sweep 103 energy=-112.04671820401205  maxlinkdim=1500 maxerr=2.48E-09 time=235.448
After sweep 104 energy=-112.04742495451603  maxlinkdim=1500 maxerr=4.61E-10 time=236.876
After sweep 105 energy=-112.04801532956759  maxlinkdim=1500 maxerr=8.52E-10 time=226.565
After sweep 106 energy=-112.04857544784467  maxlinkdim=1500 maxerr=1.04E-09 time=226.807
After sweep 107 energy=-112.04979975731855  maxlinkdim=1500 maxerr=3.05E-08 time=236.823
After sweep 108 energy=-112.05153649030993  maxlinkdim=1500 maxerr=9.17E-08 time=244.054
After sweep 109 energy=-112.05226430922889  maxlinkdim=1500 maxerr=1.52E-09 time=241.704
After sweep 110 energy=-112.0529819755277  maxlinkdim=1500 maxerr=2.53E-09 time=239.812
After sweep 111 energy=-112.05362280708623  maxlinkdim=1500 maxerr=3.29E-09 time=244.959
After sweep 112 energy=-112.05420215071209  maxlinkdim=1500 maxerr=4.08E-09 time=241.469
After sweep 113 energy=-112.05476252562669  maxlinkdim=1500 maxerr=1.76E-09 time=236.109
After sweep 114 energy=-112.05530231664137  maxlinkdim=1500 maxerr=2.87E-09 time=236.315
After sweep 115 energy=-112.05580464208994  maxlinkdim=1500 maxerr=2.35E-09 time=232.837
After sweep 116 energy=-112.0562897071591  maxlinkdim=1500 maxerr=1.86E-09 time=239.051
After sweep 117 energy=-112.05671131941028  maxlinkdim=1500 maxerr=1.37E-09 time=235.395
After sweep 118 energy=-112.05736357738124  maxlinkdim=1500 maxerr=8.71E-08 time=256.177
After sweep 119 energy=-112.05819075861483  maxlinkdim=1500 maxerr=6.24E-08 time=268.183
After sweep 120 energy=-112.05873789184044  maxlinkdim=1500 maxerr=5.14E-08 time=255.545
After sweep 121 energy=-112.05923278421925  maxlinkdim=1500 maxerr=6.45E-08 time=269.520
After sweep 122 energy=-112.05967569851256  maxlinkdim=1500 maxerr=1.81E-08 time=268.542
After sweep 123 energy=-112.06012878109405  maxlinkdim=1500 maxerr=7.32E-08 time=274.544
After sweep 124 energy=-112.0605213940661  maxlinkdim=1500 maxerr=2.88E-08 time=274.803
After sweep 125 energy=-112.06087139966483  maxlinkdim=1500 maxerr=2.77E-08 time=271.140
After sweep 126 energy=-112.06119023752808  maxlinkdim=1500 maxerr=2.38E-08 time=269.093
After sweep 127 energy=-112.06150306747718  maxlinkdim=1500 maxerr=2.77E-08 time=268.886
After sweep 128 energy=-112.06188060983906  maxlinkdim=1500 maxerr=1.67E-08 time=256.263
After sweep 129 energy=-112.06227636992774  maxlinkdim=1500 maxerr=2.49E-08 time=263.300
After sweep 130 energy=-112.06255784959752  maxlinkdim=1500 maxerr=7.01E-08 time=266.880
After sweep 131 energy=-112.06278673124841  maxlinkdim=1500 maxerr=3.45E-08 time=269.804
After sweep 132 energy=-112.06299776243584  maxlinkdim=1500 maxerr=3.43E-08 time=270.031
After sweep 133 energy=-112.0632580793304  maxlinkdim=1500 maxerr=5.04E-08 time=267.514
After sweep 134 energy=-112.06349674845211  maxlinkdim=1500 maxerr=4.96E-08 time=263.662
After sweep 135 energy=-112.06369391929668  maxlinkdim=1500 maxerr=3.75E-08 time=264.479
After sweep 136 energy=-112.0639325972576  maxlinkdim=1500 maxerr=5.92E-08 time=261.125
After sweep 137 energy=-112.06418211948034  maxlinkdim=1500 maxerr=3.75E-08 time=276.624
After sweep 138 energy=-112.06441076590984  maxlinkdim=1500 maxerr=9.93E-08 time=282.324
After sweep 139 energy=-112.06485815402954  maxlinkdim=1500 maxerr=1.27E-07 time=286.596
After sweep 140 energy=-112.06507469097569  maxlinkdim=1500 maxerr=8.46E-08 time=284.499
After sweep 141 energy=-112.06521776669412  maxlinkdim=1500 maxerr=4.97E-08 time=288.243
After sweep 142 energy=-112.06532196889772  maxlinkdim=1500 maxerr=4.22E-08 time=287.091
Stopping DMRG after sweep 142
  E(N) = -112.06532196889772

============================================================
RESULTS:
  E(118) = -115.57144670163191
  E(119) = -113.8210912012201
  E(120)     = -112.06532196889772
  E_p = 0.00541373  (repulsive hole pairing)
============================================================
RESULT: E_p = 0.005413731910550723
