Calculating pair binding energy for ladder
L=64, U=8.0, V=0.0, t0=1.8, density=0.9375
============================================================
Pair binding energy for Hubbard ladder
L = 64 rungs, 128 sites
U = 8.0, V = 0.0, t = 1.0, t0 = 1.8, density = 0.9375
N_base = 120
============================================================

[1/3] Computing E(N-2=118)
  Initial state: 118 particles (59 up, 59 dn)
After sweep 1 energy=-98.58260677858235  maxlinkdim=20 maxerr=2.52E-04 time=48.409
After sweep 2 energy=-105.23029633635501  maxlinkdim=50 maxerr=3.29E-05 time=28.846
After sweep 3 energy=-108.23423179354596  maxlinkdim=100 maxerr=2.05E-06 time=41.150
After sweep 4 energy=-109.97225967274645  maxlinkdim=200 maxerr=8.61E-08 time=59.786
After sweep 5 energy=-111.17786195258896  maxlinkdim=879 maxerr=1.00E-10 time=67.750
After sweep 6 energy=-112.0531072239046  maxlinkdim=1000 maxerr=8.43E-10 time=80.355
After sweep 7 energy=-112.56310508286329  maxlinkdim=1000 maxerr=1.36E-09 time=84.443
After sweep 8 energy=-112.95791011465525  maxlinkdim=1000 maxerr=2.20E-09 time=90.665
After sweep 9 energy=-113.2558902509444  maxlinkdim=1000 maxerr=2.42E-09 time=91.647
After sweep 10 energy=-113.49738735114452  maxlinkdim=1000 maxerr=3.25E-09 time=91.736
After sweep 11 energy=-113.69284941971307  maxlinkdim=1000 maxerr=4.01E-09 time=90.850
After sweep 12 energy=-113.85702594632927  maxlinkdim=1000 maxerr=5.41E-09 time=93.979
After sweep 13 energy=-113.99597669698609  maxlinkdim=1000 maxerr=6.09E-09 time=94.527
After sweep 14 energy=-114.11712191950454  maxlinkdim=1000 maxerr=6.68E-09 time=97.296
After sweep 15 energy=-114.21798255180852  maxlinkdim=1000 maxerr=5.32E-09 time=99.154
After sweep 16 energy=-114.30650300883829  maxlinkdim=1000 maxerr=5.64E-09 time=100.171
After sweep 17 energy=-114.38604685532242  maxlinkdim=1000 maxerr=5.47E-09 time=102.253
After sweep 18 energy=-114.45558650898475  maxlinkdim=1000 maxerr=5.71E-09 time=100.897
After sweep 19 energy=-114.51710505929583  maxlinkdim=1000 maxerr=5.66E-09 time=103.119
After sweep 20 energy=-114.56908867886052  maxlinkdim=1000 maxerr=4.96E-09 time=103.489
After sweep 21 energy=-114.61444046799699  maxlinkdim=1000 maxerr=4.90E-09 time=103.072
After sweep 22 energy=-114.65548013182328  maxlinkdim=1000 maxerr=5.09E-09 time=104.534
After sweep 23 energy=-114.6920537747146  maxlinkdim=1000 maxerr=4.19E-09 time=106.239
After sweep 24 energy=-114.7282688198949  maxlinkdim=1000 maxerr=5.18E-09 time=109.056
After sweep 25 energy=-114.76359876974315  maxlinkdim=1000 maxerr=6.02E-09 time=110.515
After sweep 26 energy=-114.79579866697289  maxlinkdim=1000 maxerr=6.80E-09 time=110.151
After sweep 27 energy=-114.82586046255784  maxlinkdim=1000 maxerr=6.85E-09 time=111.937
After sweep 28 energy=-114.85302189282224  maxlinkdim=1000 maxerr=6.02E-09 time=109.055
After sweep 29 energy=-114.87782169261426  maxlinkdim=1000 maxerr=5.72E-09 time=109.921
After sweep 30 energy=-114.90600619853629  maxlinkdim=1000 maxerr=9.01E-09 time=111.532
After sweep 31 energy=-114.93373636362365  maxlinkdim=1000 maxerr=5.36E-09 time=115.382
After sweep 32 energy=-114.95560592419801  maxlinkdim=1000 maxerr=5.82E-09 time=115.876
After sweep 33 energy=-114.97923126843034  maxlinkdim=1000 maxerr=9.38E-09 time=121.423
After sweep 34 energy=-115.00748984151882  maxlinkdim=1000 maxerr=1.50E-08 time=128.106
After sweep 35 energy=-115.03502890327646  maxlinkdim=1000 maxerr=1.70E-08 time=125.704
After sweep 36 energy=-115.05230105481081  maxlinkdim=1000 maxerr=5.43E-09 time=124.552
After sweep 37 energy=-115.07068358518092  maxlinkdim=1000 maxerr=8.60E-09 time=123.314
After sweep 38 energy=-115.08599687363754  maxlinkdim=1000 maxerr=5.60E-09 time=119.253
After sweep 39 energy=-115.10505841727374  maxlinkdim=1000 maxerr=1.06E-08 time=121.604
After sweep 40 energy=-115.1232084977156  maxlinkdim=1000 maxerr=1.11E-08 time=122.415
After sweep 41 energy=-115.13926032797971  maxlinkdim=1000 maxerr=9.67E-09 time=126.865
After sweep 42 energy=-115.15296649076245  maxlinkdim=1000 maxerr=6.57E-09 time=136.992
After sweep 43 energy=-115.16532408023437  maxlinkdim=1000 maxerr=5.71E-09 time=138.717
After sweep 44 energy=-115.17692609971563  maxlinkdim=1000 maxerr=6.12E-09 time=131.384
After sweep 45 energy=-115.18782495584468  maxlinkdim=1000 maxerr=5.19E-09 time=129.589
After sweep 46 energy=-115.19777524988174  maxlinkdim=1000 maxerr=3.93E-09 time=131.696
After sweep 47 energy=-115.20698016906007  maxlinkdim=1000 maxerr=3.65E-09 time=137.507
After sweep 48 energy=-115.21764217527185  maxlinkdim=1000 maxerr=6.14E-09 time=138.142
After sweep 49 energy=-115.22739154187134  maxlinkdim=1000 maxerr=5.46E-09 time=138.739
After sweep 50 energy=-115.23825529263735  maxlinkdim=1000 maxerr=7.66E-09 time=145.764
After sweep 51 energy=-115.2490885524024  maxlinkdim=1000 maxerr=7.94E-09 time=143.128
After sweep 52 energy=-115.25857161638457  maxlinkdim=1000 maxerr=6.26E-09 time=138.411
After sweep 53 energy=-115.26740905619847  maxlinkdim=1000 maxerr=5.81E-09 time=143.288
After sweep 54 energy=-115.27761438524561  maxlinkdim=1000 maxerr=8.92E-09 time=144.570
After sweep 55 energy=-115.28783116662495  maxlinkdim=1000 maxerr=9.32E-09 time=152.193
After sweep 56 energy=-115.29730279379095  maxlinkdim=1000 maxerr=8.91E-09 time=150.935
After sweep 57 energy=-115.3060640339636  maxlinkdim=1000 maxerr=7.89E-09 time=150.296
After sweep 58 energy=-115.31393154415952  maxlinkdim=1000 maxerr=6.08E-09 time=150.193
After sweep 59 energy=-115.32179263051641  maxlinkdim=1000 maxerr=6.10E-09 time=149.956
After sweep 60 energy=-115.32934493356417  maxlinkdim=1000 maxerr=5.18E-09 time=150.960
After sweep 61 energy=-115.33613566424022  maxlinkdim=1000 maxerr=4.98E-09 time=149.901
After sweep 62 energy=-115.34257126842036  maxlinkdim=1000 maxerr=5.30E-09 time=147.363
After sweep 63 energy=-115.34900340189952  maxlinkdim=1000 maxerr=5.67E-09 time=144.219
After sweep 64 energy=-115.35515395178601  maxlinkdim=1000 maxerr=6.28E-09 time=154.592
After sweep 65 energy=-115.36363915770997  maxlinkdim=1000 maxerr=1.13E-08 time=147.758
After sweep 66 energy=-115.37080122435762  maxlinkdim=1000 maxerr=8.84E-09 time=157.026
After sweep 67 energy=-115.37773927678607  maxlinkdim=1000 maxerr=7.63E-09 time=160.096
After sweep 68 energy=-115.38516562708588  maxlinkdim=1000 maxerr=9.06E-09 time=156.293
After sweep 69 energy=-115.3911826520972  maxlinkdim=1000 maxerr=6.16E-09 time=146.462
After sweep 70 energy=-115.39800528196307  maxlinkdim=1000 maxerr=8.75E-09 time=144.103
After sweep 71 energy=-115.41030174488436  maxlinkdim=1000 maxerr=3.01E-07 time=148.236
After sweep 72 energy=-115.4155253710481  maxlinkdim=1000 maxerr=4.13E-09 time=144.476
After sweep 73 energy=-115.42027830236938  maxlinkdim=1000 maxerr=4.89E-09 time=147.974
After sweep 74 energy=-115.42493965858513  maxlinkdim=1000 maxerr=4.09E-09 time=147.177
After sweep 75 energy=-115.42906306334723  maxlinkdim=1000 maxerr=1.92E-09 time=156.765
After sweep 76 energy=-115.4331114133835  maxlinkdim=1000 maxerr=5.21E-09 time=156.222
After sweep 77 energy=-115.43729876115952  maxlinkdim=1000 maxerr=5.75E-09 time=168.646
After sweep 78 energy=-115.44115068512136  maxlinkdim=1000 maxerr=7.21E-09 time=159.701
After sweep 79 energy=-115.44502527187518  maxlinkdim=1000 maxerr=4.85E-09 time=156.464
After sweep 80 energy=-115.44907689607908  maxlinkdim=1000 maxerr=6.56E-09 time=168.067
After sweep 81 energy=-115.45307761552729  maxlinkdim=1000 maxerr=7.78E-09 time=171.982
After sweep 82 energy=-115.45724354574281  maxlinkdim=1000 maxerr=8.67E-09 time=167.914
After sweep 83 energy=-115.46073903279067  maxlinkdim=1000 maxerr=2.24E-09 time=169.713
After sweep 84 energy=-115.46567325517422  maxlinkdim=1000 maxerr=8.66E-07 time=170.428
After sweep 85 energy=-115.46945401650079  maxlinkdim=1000 maxerr=1.85E-08 time=161.859
After sweep 86 energy=-115.47300978903034  maxlinkdim=1000 maxerr=5.77E-09 time=168.904
After sweep 87 energy=-115.47617621546358  maxlinkdim=1000 maxerr=6.54E-09 time=166.164
After sweep 88 energy=-115.4797462377885  maxlinkdim=1000 maxerr=2.17E-08 time=164.566
After sweep 89 energy=-115.48351777679471  maxlinkdim=1000 maxerr=2.00E-08 time=161.598
After sweep 90 energy=-115.48716207071661  maxlinkdim=1000 maxerr=1.50E-08 time=162.317
After sweep 91 energy=-115.49204860585854  maxlinkdim=1000 maxerr=5.26E-08 time=166.952
After sweep 92 energy=-115.4954207017944  maxlinkdim=1000 maxerr=9.10E-09 time=171.038
After sweep 93 energy=-115.50022271609993  maxlinkdim=1000 maxerr=1.65E-08 time=170.845
After sweep 94 energy=-115.50480255768042  maxlinkdim=1000 maxerr=2.93E-08 time=168.599
After sweep 95 energy=-115.50827151724728  maxlinkdim=1000 maxerr=7.24E-08 time=167.987
After sweep 96 energy=-115.51119402197256  maxlinkdim=1000 maxerr=3.14E-08 time=173.200
After sweep 97 energy=-115.51352337367963  maxlinkdim=1000 maxerr=4.52E-09 time=168.227
After sweep 98 energy=-115.51571837845326  maxlinkdim=1000 maxerr=3.45E-08 time=167.903
After sweep 99 energy=-115.5181969000259  maxlinkdim=1000 maxerr=2.37E-08 time=167.350
After sweep 100 energy=-115.52087936592461  maxlinkdim=1000 maxerr=8.60E-07 time=166.621
  E(N-2) = -115.52087936592461

[2/3] Computing E(N-1=119)
  Initial state: 119 particles (60 up, 59 dn)
After sweep 1 energy=-99.67778966856883  maxlinkdim=20 maxerr=4.65E-04 time=9.381
After sweep 2 energy=-105.37403064034703  maxlinkdim=50 maxerr=2.39E-05 time=22.160
After sweep 3 energy=-108.0977038993906  maxlinkdim=100 maxerr=1.46E-06 time=33.897
After sweep 4 energy=-109.364585719439  maxlinkdim=200 maxerr=1.60E-07 time=57.769
After sweep 5 energy=-110.35409939707952  maxlinkdim=878 maxerr=1.00E-10 time=64.809
After sweep 6 energy=-111.03863353327043  maxlinkdim=1000 maxerr=6.68E-10 time=77.815
After sweep 7 energy=-111.4594465230112  maxlinkdim=1000 maxerr=1.04E-09 time=82.763
After sweep 8 energy=-111.75894853779474  maxlinkdim=1000 maxerr=1.60E-09 time=81.318
After sweep 9 energy=-111.99027722118788  maxlinkdim=1000 maxerr=2.28E-09 time=83.850
After sweep 10 energy=-112.17380636274524  maxlinkdim=1000 maxerr=2.80E-09 time=85.644
After sweep 11 energy=-112.32103643433989  maxlinkdim=1000 maxerr=3.97E-09 time=85.830
After sweep 12 energy=-112.44628103103119  maxlinkdim=1000 maxerr=4.47E-09 time=90.308
After sweep 13 energy=-112.55478816432873  maxlinkdim=1000 maxerr=5.76E-09 time=92.083
After sweep 14 energy=-112.64861379305849  maxlinkdim=1000 maxerr=6.28E-09 time=90.181
After sweep 15 energy=-112.7290547507896  maxlinkdim=1000 maxerr=6.53E-09 time=94.680
After sweep 16 energy=-112.8002188311595  maxlinkdim=1000 maxerr=7.50E-09 time=97.264
After sweep 17 energy=-112.86409804387736  maxlinkdim=1000 maxerr=8.06E-09 time=90.615
After sweep 18 energy=-112.92069631381533  maxlinkdim=1000 maxerr=7.87E-09 time=95.100
After sweep 19 energy=-112.97818960312082  maxlinkdim=1000 maxerr=8.70E-09 time=96.468
After sweep 20 energy=-113.03605777013219  maxlinkdim=1000 maxerr=7.81E-09 time=96.773
After sweep 21 energy=-113.0870269626264  maxlinkdim=1000 maxerr=7.91E-09 time=101.647
After sweep 22 energy=-113.13404215087267  maxlinkdim=1000 maxerr=9.36E-09 time=101.041
After sweep 23 energy=-113.17289795065132  maxlinkdim=1000 maxerr=1.08E-08 time=103.355
After sweep 24 energy=-113.21163595477665  maxlinkdim=1000 maxerr=4.06E-08 time=109.054
After sweep 25 energy=-113.24178352555847  maxlinkdim=1000 maxerr=7.33E-09 time=112.145
After sweep 26 energy=-113.26831046138476  maxlinkdim=1000 maxerr=4.55E-09 time=113.188
After sweep 27 energy=-113.29625353532103  maxlinkdim=1000 maxerr=6.78E-09 time=116.587
After sweep 28 energy=-113.32313090734975  maxlinkdim=1000 maxerr=1.11E-08 time=121.373
After sweep 29 energy=-113.34966731828108  maxlinkdim=1000 maxerr=3.08E-08 time=123.308
After sweep 30 energy=-113.38131411345978  maxlinkdim=1000 maxerr=5.31E-08 time=121.587
After sweep 31 energy=-113.40508852644862  maxlinkdim=1000 maxerr=4.36E-08 time=129.366
After sweep 32 energy=-113.42597306807843  maxlinkdim=1000 maxerr=4.32E-08 time=129.540
After sweep 33 energy=-113.44384760707851  maxlinkdim=1000 maxerr=4.57E-08 time=125.949
After sweep 34 energy=-113.45833618545004  maxlinkdim=1000 maxerr=1.90E-08 time=124.212
After sweep 35 energy=-113.47389148848607  maxlinkdim=1000 maxerr=1.53E-08 time=130.700
After sweep 36 energy=-113.48684771814656  maxlinkdim=1000 maxerr=7.28E-09 time=135.073
After sweep 37 energy=-113.49853914212107  maxlinkdim=1000 maxerr=5.10E-09 time=129.250
After sweep 38 energy=-113.5088627172356  maxlinkdim=1000 maxerr=4.38E-09 time=134.814
After sweep 39 energy=-113.51874829405742  maxlinkdim=1000 maxerr=4.18E-09 time=137.623
After sweep 40 energy=-113.5284840591039  maxlinkdim=1000 maxerr=4.73E-09 time=133.918
After sweep 41 energy=-113.53808346376512  maxlinkdim=1000 maxerr=5.01E-09 time=135.133
After sweep 42 energy=-113.54737748128011  maxlinkdim=1000 maxerr=4.65E-09 time=135.967
After sweep 43 energy=-113.55511223608589  maxlinkdim=1000 maxerr=3.92E-09 time=138.400
After sweep 44 energy=-113.56306480588682  maxlinkdim=1000 maxerr=4.14E-09 time=138.786
After sweep 45 energy=-113.56986197460787  maxlinkdim=1000 maxerr=5.31E-09 time=136.105
After sweep 46 energy=-113.57639673008325  maxlinkdim=1000 maxerr=2.52E-09 time=138.118
After sweep 47 energy=-113.58239367535603  maxlinkdim=1000 maxerr=6.39E-09 time=136.980
After sweep 48 energy=-113.5882944252416  maxlinkdim=1000 maxerr=5.66E-09 time=129.650
After sweep 49 energy=-113.59688996752617  maxlinkdim=1000 maxerr=2.50E-08 time=131.983
After sweep 50 energy=-113.60380096658515  maxlinkdim=1000 maxerr=3.02E-09 time=143.217
After sweep 51 energy=-113.60915288116458  maxlinkdim=1000 maxerr=3.72E-09 time=143.834
After sweep 52 energy=-113.61468547029513  maxlinkdim=1000 maxerr=4.68E-09 time=136.236
After sweep 53 energy=-113.62101062799171  maxlinkdim=1000 maxerr=7.67E-09 time=139.204
After sweep 54 energy=-113.6269575970895  maxlinkdim=1000 maxerr=4.26E-09 time=143.190
After sweep 55 energy=-113.63301829317894  maxlinkdim=1000 maxerr=7.86E-09 time=148.157
After sweep 56 energy=-113.63840112537589  maxlinkdim=1000 maxerr=2.51E-09 time=146.178
After sweep 57 energy=-113.64536866327988  maxlinkdim=1000 maxerr=2.12E-08 time=146.909
After sweep 58 energy=-113.65078900104615  maxlinkdim=1000 maxerr=4.72E-09 time=150.199
After sweep 59 energy=-113.65544246933179  maxlinkdim=1000 maxerr=2.45E-09 time=140.273
After sweep 60 energy=-113.65982418486377  maxlinkdim=1000 maxerr=2.24E-09 time=146.565
After sweep 61 energy=-113.66425803066322  maxlinkdim=1000 maxerr=2.89E-09 time=142.011
After sweep 62 energy=-113.66869081905688  maxlinkdim=1000 maxerr=3.71E-09 time=143.390
After sweep 63 energy=-113.67325117469332  maxlinkdim=1000 maxerr=5.94E-09 time=145.452
After sweep 64 energy=-113.67804838153543  maxlinkdim=1000 maxerr=9.39E-09 time=149.646
After sweep 65 energy=-113.68321515999382  maxlinkdim=1000 maxerr=1.03E-08 time=150.865
After sweep 66 energy=-113.68831879189902  maxlinkdim=1000 maxerr=1.19E-08 time=151.531
After sweep 67 energy=-113.6932116335658  maxlinkdim=1000 maxerr=9.67E-09 time=158.241
After sweep 68 energy=-113.69788215927488  maxlinkdim=1000 maxerr=1.04E-08 time=163.635
After sweep 69 energy=-113.70238827205101  maxlinkdim=1000 maxerr=1.07E-08 time=157.502
After sweep 70 energy=-113.70704258021215  maxlinkdim=1000 maxerr=1.09E-08 time=154.497
After sweep 71 energy=-113.71159701688025  maxlinkdim=1000 maxerr=2.06E-08 time=156.144
After sweep 72 energy=-113.71569596207918  maxlinkdim=1000 maxerr=9.14E-09 time=156.262
After sweep 73 energy=-113.71944426900897  maxlinkdim=1000 maxerr=8.67E-09 time=158.040
After sweep 74 energy=-113.72283842088373  maxlinkdim=1000 maxerr=7.01E-09 time=155.981
After sweep 75 energy=-113.7261394820672  maxlinkdim=1000 maxerr=6.47E-09 time=159.100
After sweep 76 energy=-113.72953016723326  maxlinkdim=1000 maxerr=1.63E-08 time=164.961
After sweep 77 energy=-113.73240227200162  maxlinkdim=1000 maxerr=5.35E-09 time=169.856
After sweep 78 energy=-113.73508350155235  maxlinkdim=1000 maxerr=5.11E-09 time=166.364
After sweep 79 energy=-113.73766829911246  maxlinkdim=1000 maxerr=4.99E-09 time=164.861
After sweep 80 energy=-113.74044932609607  maxlinkdim=1000 maxerr=1.12E-08 time=168.395
After sweep 81 energy=-113.74298129453733  maxlinkdim=1000 maxerr=9.04E-09 time=169.691
After sweep 82 energy=-113.7456566569061  maxlinkdim=1000 maxerr=6.91E-09 time=171.212
After sweep 83 energy=-113.74792578684041  maxlinkdim=1000 maxerr=4.66E-09 time=174.993
After sweep 84 energy=-113.75005065600823  maxlinkdim=1000 maxerr=3.90E-09 time=171.862
After sweep 85 energy=-113.75217476052914  maxlinkdim=1000 maxerr=4.27E-09 time=167.224
After sweep 86 energy=-113.7542143786088  maxlinkdim=1000 maxerr=4.39E-09 time=164.559
After sweep 87 energy=-113.75642318529925  maxlinkdim=1000 maxerr=7.49E-09 time=161.514
After sweep 88 energy=-113.75886681520262  maxlinkdim=1000 maxerr=7.87E-09 time=153.746
After sweep 89 energy=-113.76120054982988  maxlinkdim=1000 maxerr=8.09E-09 time=159.892
After sweep 90 energy=-113.76341813730372  maxlinkdim=1000 maxerr=1.72E-08 time=176.786
After sweep 91 energy=-113.76547324137121  maxlinkdim=1000 maxerr=8.86E-09 time=175.203
After sweep 92 energy=-113.76747097511921  maxlinkdim=1000 maxerr=3.29E-08 time=174.249
After sweep 93 energy=-113.76924920664446  maxlinkdim=1000 maxerr=3.85E-09 time=174.938
After sweep 94 energy=-113.77106752753173  maxlinkdim=1000 maxerr=2.78E-08 time=171.932
After sweep 95 energy=-113.77278683081373  maxlinkdim=1000 maxerr=5.62E-09 time=178.669
After sweep 96 energy=-113.77472960689832  maxlinkdim=1000 maxerr=6.41E-09 time=180.738
After sweep 97 energy=-113.77656348087389  maxlinkdim=1000 maxerr=1.09E-08 time=172.844
After sweep 98 energy=-113.77848834743948  maxlinkdim=1000 maxerr=3.74E-08 time=172.059
After sweep 99 energy=-113.78006069510323  maxlinkdim=1000 maxerr=2.70E-08 time=167.686
After sweep 100 energy=-113.78163069262489  maxlinkdim=1000 maxerr=2.68E-08 time=167.828
  E(N-1) = -113.78163069262489

[3/3] Computing E(N=120)
  Initial state: 120 particles (60 up, 60 dn)
After sweep 1 energy=-99.76708396598599  maxlinkdim=20 maxerr=2.03E-04 time=10.770
After sweep 2 energy=-105.31570721774831  maxlinkdim=50 maxerr=3.01E-05 time=26.222
After sweep 3 energy=-107.51538274862585  maxlinkdim=100 maxerr=1.97E-06 time=40.219
After sweep 4 energy=-108.6281115622476  maxlinkdim=200 maxerr=1.50E-07 time=57.394
After sweep 5 energy=-109.38204702904716  maxlinkdim=849 maxerr=1.00E-10 time=64.161
After sweep 6 energy=-109.91284141985702  maxlinkdim=1000 maxerr=5.24E-10 time=75.679
After sweep 7 energy=-110.24187553710085  maxlinkdim=1000 maxerr=8.12E-10 time=78.980
After sweep 8 energy=-110.48038754274405  maxlinkdim=1000 maxerr=1.39E-09 time=78.945
After sweep 9 energy=-110.66519392652818  maxlinkdim=1000 maxerr=2.14E-09 time=81.470
After sweep 10 energy=-110.81269857970683  maxlinkdim=1000 maxerr=3.01E-09 time=86.168
After sweep 11 energy=-110.93470957058732  maxlinkdim=1000 maxerr=3.47E-09 time=87.468
After sweep 12 energy=-111.03881154516108  maxlinkdim=1000 maxerr=4.51E-09 time=89.606
After sweep 13 energy=-111.13991580942793  maxlinkdim=1000 maxerr=7.43E-09 time=87.021
After sweep 14 energy=-111.22819400072787  maxlinkdim=1000 maxerr=8.05E-09 time=91.165
After sweep 15 energy=-111.30432229938471  maxlinkdim=1000 maxerr=7.75E-09 time=91.013
After sweep 16 energy=-111.37339836738397  maxlinkdim=1000 maxerr=2.73E-08 time=93.266
After sweep 17 energy=-111.41754949967059  maxlinkdim=1000 maxerr=5.90E-09 time=97.396
After sweep 18 energy=-111.45122433681732  maxlinkdim=1000 maxerr=3.86E-09 time=95.751
After sweep 19 energy=-111.48106926172267  maxlinkdim=1000 maxerr=2.83E-09 time=92.106
After sweep 20 energy=-111.50757934190551  maxlinkdim=1000 maxerr=3.48E-09 time=96.648
After sweep 21 energy=-111.53120601501827  maxlinkdim=1000 maxerr=3.04E-09 time=98.523
After sweep 22 energy=-111.55247789040318  maxlinkdim=1000 maxerr=2.63E-09 time=97.354
After sweep 23 energy=-111.57347096302115  maxlinkdim=1000 maxerr=3.01E-09 time=98.513
After sweep 24 energy=-111.5933477745103  maxlinkdim=1000 maxerr=3.17E-09 time=100.121
After sweep 25 energy=-111.6118365223681  maxlinkdim=1000 maxerr=3.50E-09 time=101.794
After sweep 26 energy=-111.62906006343763  maxlinkdim=1000 maxerr=2.96E-09 time=105.126
After sweep 27 energy=-111.64464766755188  maxlinkdim=1000 maxerr=2.82E-09 time=104.935
After sweep 28 energy=-111.65883327778876  maxlinkdim=1000 maxerr=2.42E-09 time=104.267
After sweep 29 energy=-111.67229122830159  maxlinkdim=1000 maxerr=2.17E-09 time=107.953
After sweep 30 energy=-111.68615016068112  maxlinkdim=1000 maxerr=2.91E-09 time=106.917
After sweep 31 energy=-111.69948847070695  maxlinkdim=1000 maxerr=2.95E-09 time=108.466
After sweep 32 energy=-111.71163066265875  maxlinkdim=1000 maxerr=2.29E-09 time=108.813
After sweep 33 energy=-111.7248950638462  maxlinkdim=1000 maxerr=4.13E-09 time=109.931
After sweep 34 energy=-111.73639887223891  maxlinkdim=1000 maxerr=1.44E-09 time=116.000
After sweep 35 energy=-111.74697954147285  maxlinkdim=1000 maxerr=2.89E-09 time=112.437
After sweep 36 energy=-111.75744438012838  maxlinkdim=1000 maxerr=2.44E-09 time=112.155
After sweep 37 energy=-111.76794184061775  maxlinkdim=1000 maxerr=3.54E-09 time=113.745
After sweep 38 energy=-111.77868113766307  maxlinkdim=1000 maxerr=6.62E-09 time=116.675
After sweep 39 energy=-111.78928957790195  maxlinkdim=1000 maxerr=4.38E-09 time=121.978
After sweep 40 energy=-111.7995927383406  maxlinkdim=1000 maxerr=3.45E-09 time=121.833
After sweep 41 energy=-111.81060202207183  maxlinkdim=1000 maxerr=8.88E-09 time=122.323
After sweep 42 energy=-111.82164763239352  maxlinkdim=1000 maxerr=9.78E-09 time=123.672
After sweep 43 energy=-111.83278431161423  maxlinkdim=1000 maxerr=1.46E-08 time=126.386
After sweep 44 energy=-111.8437581568174  maxlinkdim=1000 maxerr=1.14E-08 time=128.281
After sweep 45 energy=-111.85187501246085  maxlinkdim=1000 maxerr=3.25E-09 time=127.789
After sweep 46 energy=-111.85918618358575  maxlinkdim=1000 maxerr=3.98E-09 time=124.051
After sweep 47 energy=-111.86587116722885  maxlinkdim=1000 maxerr=3.44E-09 time=122.398
After sweep 48 energy=-111.87235424135356  maxlinkdim=1000 maxerr=3.37E-09 time=129.721
After sweep 49 energy=-111.87919803663864  maxlinkdim=1000 maxerr=4.40E-09 time=141.202
After sweep 50 energy=-111.88508290975378  maxlinkdim=1000 maxerr=4.90E-09 time=144.359
After sweep 51 energy=-111.89061794376404  maxlinkdim=1000 maxerr=6.12E-09 time=135.889
After sweep 52 energy=-111.89632692095219  maxlinkdim=1000 maxerr=9.50E-09 time=136.093
After sweep 53 energy=-111.90183665693269  maxlinkdim=1000 maxerr=5.83E-09 time=133.341
After sweep 54 energy=-111.91021097258826  maxlinkdim=1000 maxerr=1.40E-08 time=137.605
After sweep 55 energy=-111.91568013425695  maxlinkdim=1000 maxerr=8.14E-09 time=142.900
After sweep 56 energy=-111.92041537278979  maxlinkdim=1000 maxerr=8.40E-09 time=143.039
After sweep 57 energy=-111.9243466202263  maxlinkdim=1000 maxerr=4.53E-09 time=139.175
After sweep 58 energy=-111.92780612444443  maxlinkdim=1000 maxerr=4.07E-09 time=131.898
After sweep 59 energy=-111.93241389403968  maxlinkdim=1000 maxerr=1.04E-08 time=135.389
After sweep 60 energy=-111.935895070083  maxlinkdim=1000 maxerr=4.44E-09 time=136.524
After sweep 61 energy=-111.93913153210502  maxlinkdim=1000 maxerr=5.97E-09 time=132.575
After sweep 62 energy=-111.94250932368071  maxlinkdim=1000 maxerr=5.19E-09 time=137.975
After sweep 63 energy=-111.94648632683561  maxlinkdim=1000 maxerr=8.28E-09 time=148.861
After sweep 64 energy=-111.94985435880562  maxlinkdim=1000 maxerr=6.23E-09 time=150.844
After sweep 65 energy=-111.95335957803144  maxlinkdim=1000 maxerr=7.24E-09 time=147.335
After sweep 66 energy=-111.9565789075501  maxlinkdim=1000 maxerr=6.44E-09 time=161.920
After sweep 67 energy=-111.95979019795402  maxlinkdim=1000 maxerr=6.64E-09 time=157.940
After sweep 68 energy=-111.96301658655042  maxlinkdim=1000 maxerr=5.78E-09 time=156.057
After sweep 69 energy=-111.96615197627835  maxlinkdim=1000 maxerr=3.67E-09 time=161.084
After sweep 70 energy=-111.96928368910882  maxlinkdim=1000 maxerr=3.97E-09 time=162.718
After sweep 71 energy=-111.97247222709447  maxlinkdim=1000 maxerr=1.10E-08 time=161.621
After sweep 72 energy=-111.97582829653177  maxlinkdim=1000 maxerr=8.04E-09 time=143.845
After sweep 73 energy=-111.97867601925464  maxlinkdim=1000 maxerr=6.83E-09 time=147.360
After sweep 74 energy=-111.9812079789842  maxlinkdim=1000 maxerr=5.87E-09 time=152.992
After sweep 75 energy=-111.9835087881456  maxlinkdim=1000 maxerr=5.19E-09 time=147.974
After sweep 76 energy=-111.98553427761036  maxlinkdim=1000 maxerr=3.69E-09 time=153.669
After sweep 77 energy=-111.98740314223346  maxlinkdim=1000 maxerr=3.60E-09 time=160.643
After sweep 78 energy=-111.99095725443337  maxlinkdim=1000 maxerr=1.25E-08 time=164.602
After sweep 79 energy=-111.99293311712114  maxlinkdim=1000 maxerr=5.02E-09 time=166.162
After sweep 80 energy=-111.9947650449094  maxlinkdim=1000 maxerr=3.88E-09 time=160.257
After sweep 81 energy=-111.99698816670124  maxlinkdim=1000 maxerr=2.43E-08 time=159.048
After sweep 82 energy=-111.99933380526804  maxlinkdim=1000 maxerr=1.26E-08 time=162.565
After sweep 83 energy=-112.0011287520208  maxlinkdim=1000 maxerr=4.76E-09 time=168.790
After sweep 84 energy=-112.00277803989448  maxlinkdim=1000 maxerr=3.04E-09 time=167.330
After sweep 85 energy=-112.0055375011287  maxlinkdim=1000 maxerr=1.18E-08 time=162.320
After sweep 86 energy=-112.00861814095401  maxlinkdim=1000 maxerr=1.08E-06 time=169.508
After sweep 87 energy=-112.01157732944179  maxlinkdim=1000 maxerr=1.25E-07 time=170.381
After sweep 88 energy=-112.01388765492972  maxlinkdim=1000 maxerr=6.17E-08 time=172.928
After sweep 89 energy=-112.0153878574198  maxlinkdim=1000 maxerr=3.88E-09 time=176.006
After sweep 90 energy=-112.01674988010954  maxlinkdim=1000 maxerr=4.67E-09 time=174.115
After sweep 91 energy=-112.01840068464888  maxlinkdim=1000 maxerr=1.52E-08 time=171.700
After sweep 92 energy=-112.02028079868083  maxlinkdim=1000 maxerr=7.03E-08 time=164.073
After sweep 93 energy=-112.02215216611323  maxlinkdim=1000 maxerr=8.08E-09 time=162.517
After sweep 94 energy=-112.02389618889698  maxlinkdim=1000 maxerr=1.82E-08 time=164.283
After sweep 95 energy=-112.02555864374293  maxlinkdim=1000 maxerr=9.15E-08 time=167.959
After sweep 96 energy=-112.02727886532864  maxlinkdim=1000 maxerr=5.01E-08 time=170.130
After sweep 97 energy=-112.02893304988521  maxlinkdim=1000 maxerr=2.67E-08 time=166.795
After sweep 98 energy=-112.03070123814719  maxlinkdim=1000 maxerr=1.46E-08 time=166.432
After sweep 99 energy=-112.0324242010501  maxlinkdim=1000 maxerr=1.58E-08 time=169.254
After sweep 100 energy=-112.03604957562354  maxlinkdim=1000 maxerr=5.60E-07 time=168.568
  E(N) = -112.03604957562354

============================================================
RESULTS:
  E(118) = -115.52087936592461
  E(119) = -113.78163069262489
  E(120)     = -112.03604957562354
  E_p = 0.00633244  (repulsive hole pairing)
============================================================
RESULT: E_p = 0.006332443701609236
