Calculating pair binding energy for ladder
L=64, U=8.0, V=-0.2, t0=1.0, density=0.9375
============================================================
Pair binding energy for Hubbard ladder
L = 64 rungs, 128 sites
U = 8.0, V = -0.2, t = 1.0, t0 = 1.0, density = 0.9375
N_base = 120
============================================================

[1/3] Computing E(N-2=118)
  Initial state: 118 particles (59 up, 59 dn)
After sweep 1 energy=-85.07543827284942  maxlinkdim=20 maxerr=3.31E-04 time=50.751
After sweep 2 energy=-91.30267166505242  maxlinkdim=50 maxerr=1.51E-05 time=32.273
After sweep 3 energy=-93.8463668623271  maxlinkdim=100 maxerr=4.88E-06 time=47.947
After sweep 4 energy=-94.9125437316465  maxlinkdim=200 maxerr=4.35E-08 time=70.193
After sweep 5 energy=-96.17447975933572  maxlinkdim=707 maxerr=1.00E-10 time=78.178
After sweep 6 energy=-97.05203411605746  maxlinkdim=948 maxerr=1.00E-10 time=91.927
After sweep 7 energy=-97.62457586413167  maxlinkdim=1000 maxerr=4.36E-10 time=102.852
After sweep 8 energy=-98.2614109099365  maxlinkdim=1000 maxerr=3.83E-09 time=117.153
After sweep 9 energy=-98.79245270192102  maxlinkdim=1000 maxerr=1.03E-08 time=130.792
After sweep 10 energy=-99.20693340060919  maxlinkdim=1000 maxerr=1.64E-08 time=138.828
After sweep 11 energy=-99.60827285545984  maxlinkdim=1000 maxerr=3.65E-08 time=142.604
After sweep 12 energy=-99.99156345419698  maxlinkdim=1000 maxerr=7.50E-08 time=149.485
After sweep 13 energy=-100.25117083097149  maxlinkdim=1000 maxerr=6.33E-08 time=149.336
After sweep 14 energy=-100.46512527778962  maxlinkdim=1000 maxerr=3.83E-08 time=149.389
After sweep 15 energy=-100.66370859260152  maxlinkdim=1000 maxerr=7.80E-08 time=160.009
After sweep 16 energy=-100.84341726900799  maxlinkdim=1000 maxerr=1.19E-07 time=164.090
After sweep 17 energy=-101.01358133446608  maxlinkdim=1000 maxerr=3.54E-07 time=163.807
After sweep 18 energy=-101.187040562604  maxlinkdim=1000 maxerr=2.63E-06 time=168.333
After sweep 19 energy=-101.3143310529158  maxlinkdim=1000 maxerr=7.05E-07 time=189.009
After sweep 20 energy=-101.43999184970424  maxlinkdim=1000 maxerr=2.23E-06 time=184.074
After sweep 21 energy=-101.54752429439979  maxlinkdim=1000 maxerr=7.98E-06 time=175.537
After sweep 22 energy=-101.59965192585638  maxlinkdim=1000 maxerr=2.18E-07 time=172.427
After sweep 23 energy=-101.65991763297686  maxlinkdim=1000 maxerr=1.22E-06 time=177.187
After sweep 24 energy=-101.71397863242822  maxlinkdim=1000 maxerr=5.59E-06 time=182.166
After sweep 25 energy=-101.7615655937389  maxlinkdim=1000 maxerr=2.32E-07 time=184.782
After sweep 26 energy=-101.80690567425133  maxlinkdim=1000 maxerr=2.86E-07 time=185.304
After sweep 27 energy=-101.85815697270957  maxlinkdim=1000 maxerr=4.57E-07 time=201.262
After sweep 28 energy=-101.90116582454422  maxlinkdim=1000 maxerr=3.85E-07 time=201.568
After sweep 29 energy=-101.9401926613839  maxlinkdim=1000 maxerr=3.52E-07 time=196.973
After sweep 30 energy=-101.98110241494233  maxlinkdim=1000 maxerr=7.73E-07 time=206.933
After sweep 31 energy=-102.02219334799555  maxlinkdim=1000 maxerr=1.13E-06 time=204.857
After sweep 32 energy=-102.05374201549269  maxlinkdim=1000 maxerr=3.95E-07 time=199.577
After sweep 33 energy=-102.08743172091432  maxlinkdim=1000 maxerr=6.32E-07 time=203.115
After sweep 34 energy=-102.1191134345682  maxlinkdim=1000 maxerr=2.56E-06 time=205.875
After sweep 35 energy=-102.14592957852382  maxlinkdim=1000 maxerr=2.54E-06 time=206.341
After sweep 36 energy=-102.17227872221274  maxlinkdim=1000 maxerr=1.33E-06 time=200.801
After sweep 37 energy=-102.19593610911728  maxlinkdim=1000 maxerr=2.12E-06 time=201.756
After sweep 38 energy=-102.21586081778055  maxlinkdim=1000 maxerr=1.19E-06 time=200.685
After sweep 39 energy=-102.23356960315196  maxlinkdim=1000 maxerr=1.96E-06 time=204.151
After sweep 40 energy=-102.25075231720022  maxlinkdim=1000 maxerr=8.72E-07 time=208.740
After sweep 41 energy=-102.27225241377286  maxlinkdim=1000 maxerr=8.88E-06 time=210.218
After sweep 42 energy=-102.29762569584133  maxlinkdim=1000 maxerr=1.22E-05 time=208.826
After sweep 43 energy=-102.31767974398393  maxlinkdim=1000 maxerr=1.46E-06 time=202.955
After sweep 44 energy=-102.33630938629925  maxlinkdim=1000 maxerr=7.66E-06 time=200.583
After sweep 45 energy=-102.35324359063894  maxlinkdim=1000 maxerr=1.82E-06 time=202.775
After sweep 46 energy=-102.37020295994304  maxlinkdim=1000 maxerr=1.16E-05 time=204.477
After sweep 47 energy=-102.38568544160944  maxlinkdim=1000 maxerr=2.11E-06 time=210.540
After sweep 48 energy=-102.39976238710635  maxlinkdim=1000 maxerr=2.38E-06 time=204.480
After sweep 49 energy=-102.41314073853862  maxlinkdim=1000 maxerr=4.03E-06 time=205.944
After sweep 50 energy=-102.42590019695726  maxlinkdim=1000 maxerr=3.10E-06 time=204.215
After sweep 51 energy=-102.43768389485366  maxlinkdim=1000 maxerr=2.94E-06 time=202.318
After sweep 52 energy=-102.44912091353599  maxlinkdim=1000 maxerr=3.11E-06 time=204.039
After sweep 53 energy=-102.4597205575043  maxlinkdim=1000 maxerr=4.02E-06 time=200.450
After sweep 54 energy=-102.46959851081562  maxlinkdim=1000 maxerr=3.47E-06 time=204.195
After sweep 55 energy=-102.49415994285044  maxlinkdim=1000 maxerr=9.46E-06 time=206.146
After sweep 56 energy=-102.51803633741478  maxlinkdim=1000 maxerr=6.16E-06 time=208.451
After sweep 57 energy=-102.53101695952083  maxlinkdim=1000 maxerr=6.74E-06 time=211.189
After sweep 58 energy=-102.54054562059964  maxlinkdim=1000 maxerr=8.23E-06 time=204.123
After sweep 59 energy=-102.54806639083827  maxlinkdim=1000 maxerr=6.38E-06 time=206.752
After sweep 60 energy=-102.55359443772954  maxlinkdim=1000 maxerr=6.19E-06 time=212.384
After sweep 61 energy=-102.55753609808332  maxlinkdim=1000 maxerr=5.89E-06 time=214.224
After sweep 62 energy=-102.55996228357706  maxlinkdim=1000 maxerr=5.11E-06 time=215.969
After sweep 63 energy=-102.5614560517713  maxlinkdim=1000 maxerr=5.18E-06 time=206.511
After sweep 64 energy=-102.5622674599749  maxlinkdim=1000 maxerr=4.61E-06 time=202.716
After sweep 65 energy=-102.56270349516781  maxlinkdim=1000 maxerr=4.38E-06 time=206.830
After sweep 66 energy=-102.56293413462399  maxlinkdim=1000 maxerr=4.32E-06 time=204.109
After sweep 67 energy=-102.56305243564464  maxlinkdim=1000 maxerr=4.32E-06 time=209.684
After sweep 68 energy=-102.56312010915252  maxlinkdim=1000 maxerr=4.34E-06 time=204.886
After sweep 69 energy=-102.56316135825516  maxlinkdim=1000 maxerr=4.34E-06 time=212.533
After sweep 70 energy=-102.56318462673086  maxlinkdim=1000 maxerr=4.32E-06 time=209.228
After sweep 71 energy=-102.56320080809999  maxlinkdim=1000 maxerr=4.35E-06 time=203.572
After sweep 72 energy=-102.56320971101758  maxlinkdim=1000 maxerr=4.34E-06 time=204.172
After sweep 73 energy=-102.56321889386469  maxlinkdim=1000 maxerr=4.34E-06 time=211.257
After sweep 74 energy=-102.56322550349704  maxlinkdim=1000 maxerr=4.34E-06 time=215.768
After sweep 75 energy=-102.56323206969853  maxlinkdim=1000 maxerr=4.33E-06 time=219.034
After sweep 76 energy=-102.56323636571683  maxlinkdim=1000 maxerr=4.34E-06 time=212.938
After sweep 77 energy=-102.56323884241274  maxlinkdim=1000 maxerr=4.34E-06 time=220.001
After sweep 78 energy=-102.56324127106566  maxlinkdim=1000 maxerr=4.35E-06 time=213.838
After sweep 79 energy=-102.56324151827322  maxlinkdim=1000 maxerr=4.35E-06 time=215.950
After sweep 80 energy=-102.56324295349988  maxlinkdim=1000 maxerr=4.35E-06 time=215.082
After sweep 81 energy=-102.56324385270176  maxlinkdim=1000 maxerr=4.30E-06 time=214.063
After sweep 82 energy=-102.56324537495446  maxlinkdim=1000 maxerr=4.26E-06 time=218.432
After sweep 83 energy=-102.56324668982266  maxlinkdim=1000 maxerr=4.26E-06 time=211.766
After sweep 84 energy=-102.56324699895312  maxlinkdim=1000 maxerr=4.27E-06 time=206.504
After sweep 85 energy=-102.56324745583737  maxlinkdim=1000 maxerr=4.26E-06 time=201.852
After sweep 86 energy=-102.56324762046907  maxlinkdim=1000 maxerr=4.26E-06 time=200.636
After sweep 87 energy=-102.56324798516285  maxlinkdim=1000 maxerr=4.26E-06 time=207.505
After sweep 88 energy=-102.56324825610747  maxlinkdim=1000 maxerr=4.26E-06 time=209.760
After sweep 89 energy=-102.5632481042551  maxlinkdim=1000 maxerr=4.26E-06 time=208.101
After sweep 90 energy=-102.56324892469365  maxlinkdim=1000 maxerr=4.26E-06 time=208.639
After sweep 91 energy=-102.5632489999265  maxlinkdim=1000 maxerr=4.26E-06 time=208.994
After sweep 92 energy=-102.56324917259133  maxlinkdim=1000 maxerr=4.25E-06 time=206.446
After sweep 93 energy=-102.56324929906913  maxlinkdim=1000 maxerr=4.25E-06 time=208.397
After sweep 94 energy=-102.56324907596004  maxlinkdim=1000 maxerr=4.25E-06 time=209.783
After sweep 95 energy=-102.56324916183338  maxlinkdim=1000 maxerr=4.25E-06 time=212.505
After sweep 96 energy=-102.5632494150758  maxlinkdim=1000 maxerr=4.25E-06 time=214.195
After sweep 97 energy=-102.5632494567539  maxlinkdim=1000 maxerr=4.25E-06 time=211.815
After sweep 98 energy=-102.56324960501918  maxlinkdim=1000 maxerr=4.25E-06 time=211.542
After sweep 99 energy=-102.56324976400612  maxlinkdim=1000 maxerr=4.25E-06 time=214.249
After sweep 100 energy=-102.56324965591902  maxlinkdim=1000 maxerr=4.25E-06 time=215.630
  E(N-2) = -102.56324965591902

[2/3] Computing E(N-1=119)
  Initial state: 119 particles (60 up, 59 dn)
After sweep 1 energy=-86.23781216151278  maxlinkdim=20 maxerr=4.22E-04 time=12.858
After sweep 2 energy=-91.75836570619438  maxlinkdim=50 maxerr=1.56E-05 time=27.614
After sweep 3 energy=-94.04984153178671  maxlinkdim=100 maxerr=5.04E-06 time=42.457
After sweep 4 energy=-95.09989688706024  maxlinkdim=200 maxerr=4.70E-08 time=67.194
After sweep 5 energy=-96.69276857832706  maxlinkdim=982 maxerr=1.00E-10 time=77.236
After sweep 6 energy=-97.34442474907462  maxlinkdim=1000 maxerr=6.56E-10 time=99.639
After sweep 7 energy=-97.85548463132227  maxlinkdim=1000 maxerr=2.36E-09 time=105.492
After sweep 8 energy=-98.23336923822265  maxlinkdim=1000 maxerr=5.65E-09 time=108.386
After sweep 9 energy=-98.58903740385252  maxlinkdim=1000 maxerr=1.79E-08 time=117.387
After sweep 10 energy=-98.88777356531223  maxlinkdim=1000 maxerr=3.62E-08 time=127.852
After sweep 11 energy=-99.1133818963689  maxlinkdim=1000 maxerr=3.13E-08 time=134.933
After sweep 12 energy=-99.30781080365801  maxlinkdim=1000 maxerr=3.31E-08 time=140.485
After sweep 13 energy=-99.59464801344055  maxlinkdim=1000 maxerr=2.87E-07 time=142.981
After sweep 14 energy=-99.80553273682571  maxlinkdim=1000 maxerr=6.51E-07 time=150.709
After sweep 15 energy=-99.94528939580599  maxlinkdim=1000 maxerr=9.40E-07 time=153.189
After sweep 16 energy=-100.07147290202411  maxlinkdim=1000 maxerr=6.58E-07 time=156.524
After sweep 17 energy=-100.15702592916783  maxlinkdim=1000 maxerr=2.33E-07 time=152.733
After sweep 18 energy=-100.26678352098455  maxlinkdim=1000 maxerr=4.75E-07 time=152.403
After sweep 19 energy=-100.37935131270744  maxlinkdim=1000 maxerr=4.37E-07 time=159.806
After sweep 20 energy=-100.46418253475142  maxlinkdim=1000 maxerr=6.13E-07 time=168.149
After sweep 21 energy=-100.55811240784806  maxlinkdim=1000 maxerr=1.34E-05 time=174.286
After sweep 22 energy=-100.61372341816555  maxlinkdim=1000 maxerr=2.93E-06 time=187.995
After sweep 23 energy=-100.6576426393773  maxlinkdim=1000 maxerr=9.46E-07 time=192.791
After sweep 24 energy=-100.69394312788272  maxlinkdim=1000 maxerr=7.92E-07 time=192.845
After sweep 25 energy=-100.72817593497746  maxlinkdim=1000 maxerr=7.20E-07 time=194.011
After sweep 26 energy=-100.75836516424467  maxlinkdim=1000 maxerr=6.43E-07 time=197.559
After sweep 27 energy=-100.78628322985159  maxlinkdim=1000 maxerr=5.29E-07 time=204.411
After sweep 28 energy=-100.81364912846334  maxlinkdim=1000 maxerr=6.74E-07 time=203.728
After sweep 29 energy=-100.83909747951702  maxlinkdim=1000 maxerr=6.62E-07 time=203.573
After sweep 30 energy=-100.86366153051821  maxlinkdim=1000 maxerr=6.96E-07 time=199.549
After sweep 31 energy=-100.88895121459018  maxlinkdim=1000 maxerr=8.85E-07 time=197.763
After sweep 32 energy=-100.93376894664506  maxlinkdim=1000 maxerr=8.99E-06 time=196.084
After sweep 33 energy=-100.98418540457114  maxlinkdim=1000 maxerr=9.89E-06 time=202.799
After sweep 34 energy=-101.01116120305214  maxlinkdim=1000 maxerr=1.03E-05 time=205.957
After sweep 35 energy=-101.03237605255177  maxlinkdim=1000 maxerr=1.90E-05 time=204.504
After sweep 36 energy=-101.05333327492723  maxlinkdim=1000 maxerr=2.39E-05 time=203.717
After sweep 37 energy=-101.07265749248775  maxlinkdim=1000 maxerr=1.50E-05 time=205.709
After sweep 38 energy=-101.09472765210649  maxlinkdim=1000 maxerr=1.74E-05 time=209.228
After sweep 39 energy=-101.13229286013161  maxlinkdim=1000 maxerr=2.75E-05 time=207.997
After sweep 40 energy=-101.16459644906327  maxlinkdim=1000 maxerr=1.51E-05 time=207.552
After sweep 41 energy=-101.19546688923754  maxlinkdim=1000 maxerr=1.99E-05 time=208.873
After sweep 42 energy=-101.2176799738275  maxlinkdim=1000 maxerr=1.73E-05 time=209.435
After sweep 43 energy=-101.23561994065177  maxlinkdim=1000 maxerr=1.73E-05 time=203.532
After sweep 44 energy=-101.25069187743621  maxlinkdim=1000 maxerr=1.48E-05 time=209.282
After sweep 45 energy=-101.26471501277591  maxlinkdim=1000 maxerr=1.88E-05 time=214.994
After sweep 46 energy=-101.27733493617865  maxlinkdim=1000 maxerr=1.33E-05 time=213.636
After sweep 47 energy=-101.28895608827602  maxlinkdim=1000 maxerr=1.36E-05 time=217.044
After sweep 48 energy=-101.30064824901226  maxlinkdim=1000 maxerr=1.65E-05 time=214.610
After sweep 49 energy=-101.3120427402821  maxlinkdim=1000 maxerr=1.18E-05 time=210.611
After sweep 50 energy=-101.32165900575524  maxlinkdim=1000 maxerr=1.22E-05 time=208.325
After sweep 51 energy=-101.33011387621191  maxlinkdim=1000 maxerr=1.33E-05 time=212.249
After sweep 52 energy=-101.33755595031731  maxlinkdim=1000 maxerr=1.25E-05 time=213.896
After sweep 53 energy=-101.34355250792345  maxlinkdim=1000 maxerr=1.07E-05 time=215.169
After sweep 54 energy=-101.34862835650965  maxlinkdim=1000 maxerr=1.00E-05 time=215.671
After sweep 55 energy=-101.35291307980434  maxlinkdim=1000 maxerr=9.75E-06 time=215.200
After sweep 56 energy=-101.3567446804275  maxlinkdim=1000 maxerr=9.66E-06 time=216.585
After sweep 57 energy=-101.35964767109155  maxlinkdim=1000 maxerr=9.41E-06 time=211.379
After sweep 58 energy=-101.36179340684733  maxlinkdim=1000 maxerr=9.40E-06 time=212.010
After sweep 59 energy=-101.36330679645081  maxlinkdim=1000 maxerr=9.22E-06 time=207.271
After sweep 60 energy=-101.36438602152954  maxlinkdim=1000 maxerr=9.13E-06 time=207.882
After sweep 61 energy=-101.36515511427322  maxlinkdim=1000 maxerr=8.95E-06 time=217.877
After sweep 62 energy=-101.36570043335577  maxlinkdim=1000 maxerr=8.82E-06 time=214.388
After sweep 63 energy=-101.3660998462557  maxlinkdim=1000 maxerr=8.67E-06 time=215.567
After sweep 64 energy=-101.36639748064918  maxlinkdim=1000 maxerr=8.61E-06 time=213.862
After sweep 65 energy=-101.36662990170012  maxlinkdim=1000 maxerr=8.58E-06 time=212.952
After sweep 66 energy=-101.36681300053259  maxlinkdim=1000 maxerr=8.52E-06 time=211.645
After sweep 67 energy=-101.36696509610393  maxlinkdim=1000 maxerr=8.56E-06 time=213.573
After sweep 68 energy=-101.36708466497072  maxlinkdim=1000 maxerr=8.67E-06 time=214.049
After sweep 69 energy=-101.3671823376005  maxlinkdim=1000 maxerr=8.75E-06 time=214.644
After sweep 70 energy=-101.36726821006265  maxlinkdim=1000 maxerr=8.82E-06 time=215.262
After sweep 71 energy=-101.36733677668134  maxlinkdim=1000 maxerr=8.92E-06 time=213.070
After sweep 72 energy=-101.36739796974143  maxlinkdim=1000 maxerr=9.01E-06 time=216.445
After sweep 73 energy=-101.36745325408508  maxlinkdim=1000 maxerr=9.09E-06 time=217.509
After sweep 74 energy=-101.36750148725548  maxlinkdim=1000 maxerr=9.16E-06 time=209.821
After sweep 75 energy=-101.36754286953507  maxlinkdim=1000 maxerr=9.24E-06 time=211.528
After sweep 76 energy=-101.36758117109898  maxlinkdim=1000 maxerr=9.29E-06 time=210.049
After sweep 77 energy=-101.36761664937843  maxlinkdim=1000 maxerr=9.34E-06 time=205.698
After sweep 78 energy=-101.3676499757627  maxlinkdim=1000 maxerr=9.38E-06 time=209.422
After sweep 79 energy=-101.36767851531216  maxlinkdim=1000 maxerr=9.42E-06 time=210.310
After sweep 80 energy=-101.36770554095344  maxlinkdim=1000 maxerr=9.47E-06 time=213.116
After sweep 81 energy=-101.36772770456605  maxlinkdim=1000 maxerr=9.52E-06 time=211.347
After sweep 82 energy=-101.36775127430998  maxlinkdim=1000 maxerr=9.56E-06 time=213.311
After sweep 83 energy=-101.36777160818815  maxlinkdim=1000 maxerr=9.58E-06 time=210.361
After sweep 84 energy=-101.36779054926441  maxlinkdim=1000 maxerr=9.62E-06 time=210.960
After sweep 85 energy=-101.36780507475989  maxlinkdim=1000 maxerr=9.64E-06 time=208.554
After sweep 86 energy=-101.36782310401011  maxlinkdim=1000 maxerr=9.66E-06 time=209.202
After sweep 87 energy=-101.36783643115486  maxlinkdim=1000 maxerr=9.68E-06 time=208.998
After sweep 88 energy=-101.36784996226883  maxlinkdim=1000 maxerr=9.70E-06 time=208.571
After sweep 89 energy=-101.36786209755277  maxlinkdim=1000 maxerr=9.73E-06 time=209.895
After sweep 90 energy=-101.36787548084244  maxlinkdim=1000 maxerr=9.75E-06 time=209.954
After sweep 91 energy=-101.36788534784466  maxlinkdim=1000 maxerr=9.76E-06 time=210.391
After sweep 92 energy=-101.36789518157006  maxlinkdim=1000 maxerr=9.82E-06 time=216.309
After sweep 93 energy=-101.3679051478372  maxlinkdim=1000 maxerr=9.84E-06 time=215.457
After sweep 94 energy=-101.36791281566408  maxlinkdim=1000 maxerr=9.87E-06 time=223.665
After sweep 95 energy=-101.36791989856258  maxlinkdim=1000 maxerr=9.88E-06 time=221.510
After sweep 96 energy=-101.36792761913783  maxlinkdim=1000 maxerr=9.90E-06 time=218.955
After sweep 97 energy=-101.36793412015338  maxlinkdim=1000 maxerr=9.91E-06 time=215.456
After sweep 98 energy=-101.36794146612702  maxlinkdim=1000 maxerr=9.92E-06 time=218.072
After sweep 99 energy=-101.36794843347772  maxlinkdim=1000 maxerr=9.93E-06 time=218.718
After sweep 100 energy=-101.36795378194039  maxlinkdim=1000 maxerr=9.95E-06 time=216.469
  E(N-1) = -101.36795378194039

[3/3] Computing E(N=120)
  Initial state: 120 particles (60 up, 60 dn)
After sweep 1 energy=-86.19247073534616  maxlinkdim=20 maxerr=3.75E-04 time=11.835
After sweep 2 energy=-91.98186729255144  maxlinkdim=50 maxerr=1.56E-05 time=26.369
After sweep 3 energy=-94.11375440682252  maxlinkdim=100 maxerr=5.20E-06 time=43.227
After sweep 4 energy=-95.15152373043128  maxlinkdim=200 maxerr=4.40E-08 time=66.887
After sweep 5 energy=-96.13991129897568  maxlinkdim=790 maxerr=1.00E-10 time=74.097
After sweep 6 energy=-96.98752877176243  maxlinkdim=1000 maxerr=2.27E-09 time=92.954
After sweep 7 energy=-97.49494727510083  maxlinkdim=1000 maxerr=3.37E-09 time=105.576
After sweep 8 energy=-97.90066397903306  maxlinkdim=1000 maxerr=1.09E-08 time=114.754
After sweep 9 energy=-98.23994148917974  maxlinkdim=1000 maxerr=1.97E-08 time=125.517
After sweep 10 energy=-98.49489018940821  maxlinkdim=1000 maxerr=2.24E-08 time=132.844
After sweep 11 energy=-98.71542468790426  maxlinkdim=1000 maxerr=3.62E-08 time=140.571
After sweep 12 energy=-98.91621775139605  maxlinkdim=1000 maxerr=1.17E-07 time=145.737
After sweep 13 energy=-99.10178973367795  maxlinkdim=1000 maxerr=4.10E-07 time=146.710
After sweep 14 energy=-99.26974929635678  maxlinkdim=1000 maxerr=7.60E-07 time=149.904
After sweep 15 energy=-99.34650431467935  maxlinkdim=1000 maxerr=1.22E-07 time=153.460
After sweep 16 energy=-99.41598416238244  maxlinkdim=1000 maxerr=1.52E-07 time=160.451
After sweep 17 energy=-99.48899799424247  maxlinkdim=1000 maxerr=1.86E-07 time=167.037
After sweep 18 energy=-99.5640313518759  maxlinkdim=1000 maxerr=7.35E-07 time=159.332
After sweep 19 energy=-99.6140181699592  maxlinkdim=1000 maxerr=5.77E-07 time=157.437
After sweep 20 energy=-99.67305381837905  maxlinkdim=1000 maxerr=1.11E-05 time=160.701
After sweep 21 energy=-99.72894890527348  maxlinkdim=1000 maxerr=1.99E-05 time=170.879
After sweep 22 energy=-99.77053378860211  maxlinkdim=1000 maxerr=1.50E-05 time=175.774
After sweep 23 energy=-99.8283710050224  maxlinkdim=1000 maxerr=1.67E-05 time=183.088
After sweep 24 energy=-99.88829639837573  maxlinkdim=1000 maxerr=4.35E-06 time=192.903
After sweep 25 energy=-99.92482309991865  maxlinkdim=1000 maxerr=4.51E-06 time=195.430
After sweep 26 energy=-99.95804203296694  maxlinkdim=1000 maxerr=7.24E-06 time=203.721
After sweep 27 energy=-99.98942492706  maxlinkdim=1000 maxerr=5.39E-06 time=215.400
After sweep 28 energy=-100.02463692754918  maxlinkdim=1000 maxerr=1.01E-05 time=215.268
After sweep 29 energy=-100.06134630891226  maxlinkdim=1000 maxerr=1.03E-05 time=214.651
After sweep 30 energy=-100.08648749598075  maxlinkdim=1000 maxerr=9.51E-06 time=214.712
After sweep 31 energy=-100.1057186909986  maxlinkdim=1000 maxerr=7.96E-06 time=213.096
After sweep 32 energy=-100.12391903783471  maxlinkdim=1000 maxerr=8.29E-06 time=215.537
After sweep 33 energy=-100.1402125491651  maxlinkdim=1000 maxerr=8.53E-06 time=216.294
After sweep 34 energy=-100.15656694127907  maxlinkdim=1000 maxerr=7.87E-06 time=215.044
After sweep 35 energy=-100.17209622354137  maxlinkdim=1000 maxerr=1.34E-05 time=217.432
After sweep 36 energy=-100.18658421597105  maxlinkdim=1000 maxerr=9.51E-06 time=213.692
After sweep 37 energy=-100.2009024693766  maxlinkdim=1000 maxerr=1.04E-05 time=208.141
After sweep 38 energy=-100.21416914635076  maxlinkdim=1000 maxerr=9.73E-06 time=213.410
After sweep 39 energy=-100.22399893742092  maxlinkdim=1000 maxerr=6.75E-06 time=217.400
After sweep 40 energy=-100.2318937102674  maxlinkdim=1000 maxerr=7.66E-06 time=217.721
After sweep 41 energy=-100.23990580667572  maxlinkdim=1000 maxerr=7.62E-06 time=220.729
After sweep 42 energy=-100.24726553836005  maxlinkdim=1000 maxerr=6.18E-06 time=208.455
After sweep 43 energy=-100.25674812370774  maxlinkdim=1000 maxerr=8.90E-06 time=208.129
After sweep 44 energy=-100.26562942693275  maxlinkdim=1000 maxerr=7.72E-06 time=222.374
After sweep 45 energy=-100.27273674784772  maxlinkdim=1000 maxerr=6.10E-06 time=222.423
After sweep 46 energy=-100.27967677676082  maxlinkdim=1000 maxerr=5.38E-06 time=224.706
After sweep 47 energy=-100.28716403183908  maxlinkdim=1000 maxerr=5.29E-06 time=222.414
After sweep 48 energy=-100.29491286517685  maxlinkdim=1000 maxerr=7.02E-06 time=225.561
After sweep 49 energy=-100.30169230826739  maxlinkdim=1000 maxerr=5.61E-06 time=226.326
After sweep 50 energy=-100.30720863255526  maxlinkdim=1000 maxerr=5.26E-06 time=226.155
After sweep 51 energy=-100.31154037872824  maxlinkdim=1000 maxerr=4.78E-06 time=226.564
After sweep 52 energy=-100.31506018418742  maxlinkdim=1000 maxerr=4.46E-06 time=223.134
After sweep 53 energy=-100.31801893280405  maxlinkdim=1000 maxerr=4.19E-06 time=226.086
After sweep 54 energy=-100.32064373257225  maxlinkdim=1000 maxerr=3.98E-06 time=226.192
After sweep 55 energy=-100.32272182517733  maxlinkdim=1000 maxerr=4.18E-06 time=221.072
After sweep 56 energy=-100.32428537034723  maxlinkdim=1000 maxerr=3.98E-06 time=224.848
After sweep 57 energy=-100.32539384876567  maxlinkdim=1000 maxerr=3.55E-06 time=220.936
After sweep 58 energy=-100.32609576894666  maxlinkdim=1000 maxerr=3.45E-06 time=224.790
After sweep 59 energy=-100.32651453918879  maxlinkdim=1000 maxerr=3.45E-06 time=223.931
After sweep 60 energy=-100.32677010745101  maxlinkdim=1000 maxerr=3.42E-06 time=226.640
After sweep 61 energy=-100.32691990278359  maxlinkdim=1000 maxerr=3.38E-06 time=222.842
After sweep 62 energy=-100.32700811594847  maxlinkdim=1000 maxerr=3.37E-06 time=214.839
After sweep 63 energy=-100.32706031364229  maxlinkdim=1000 maxerr=3.33E-06 time=215.065
After sweep 64 energy=-100.3270956562544  maxlinkdim=1000 maxerr=3.36E-06 time=214.727
After sweep 65 energy=-100.32711815975307  maxlinkdim=1000 maxerr=3.33E-06 time=215.885
After sweep 66 energy=-100.32712968739328  maxlinkdim=1000 maxerr=3.34E-06 time=213.487
After sweep 67 energy=-100.32713731365668  maxlinkdim=1000 maxerr=3.32E-06 time=218.766
After sweep 68 energy=-100.3271461953833  maxlinkdim=1000 maxerr=3.32E-06 time=219.290
After sweep 69 energy=-100.32715167832137  maxlinkdim=1000 maxerr=3.33E-06 time=217.404
After sweep 70 energy=-100.32715336728117  maxlinkdim=1000 maxerr=3.33E-06 time=217.095
After sweep 71 energy=-100.32715708393744  maxlinkdim=1000 maxerr=3.34E-06 time=216.647
After sweep 72 energy=-100.32715908234911  maxlinkdim=1000 maxerr=3.34E-06 time=218.868
After sweep 73 energy=-100.32716036570882  maxlinkdim=1000 maxerr=3.35E-06 time=217.714
After sweep 74 energy=-100.32716221970713  maxlinkdim=1000 maxerr=3.35E-06 time=219.168
After sweep 75 energy=-100.3271631768267  maxlinkdim=1000 maxerr=3.35E-06 time=220.631
After sweep 76 energy=-100.32716334608577  maxlinkdim=1000 maxerr=3.35E-06 time=223.410
After sweep 77 energy=-100.32716431724336  maxlinkdim=1000 maxerr=3.35E-06 time=225.565
After sweep 78 energy=-100.327165603096  maxlinkdim=1000 maxerr=3.35E-06 time=205.519
After sweep 79 energy=-100.3271658307423  maxlinkdim=1000 maxerr=3.35E-06 time=207.818
After sweep 80 energy=-100.32716681976179  maxlinkdim=1000 maxerr=3.35E-06 time=209.160
After sweep 81 energy=-100.32716790746628  maxlinkdim=1000 maxerr=3.35E-06 time=219.421
After sweep 82 energy=-100.32716789306242  maxlinkdim=1000 maxerr=3.35E-06 time=225.677
After sweep 83 energy=-100.32716791116208  maxlinkdim=1000 maxerr=3.36E-06 time=224.026
After sweep 84 energy=-100.32716784487816  maxlinkdim=1000 maxerr=3.36E-06 time=224.047
After sweep 85 energy=-100.32716708391169  maxlinkdim=1000 maxerr=3.36E-06 time=218.760
After sweep 86 energy=-100.327168448313  maxlinkdim=1000 maxerr=3.36E-06 time=214.505
After sweep 87 energy=-100.32716849212015  maxlinkdim=1000 maxerr=3.36E-06 time=213.973
After sweep 88 energy=-100.32716834130697  maxlinkdim=1000 maxerr=3.36E-06 time=220.906
After sweep 89 energy=-100.32716861312647  maxlinkdim=1000 maxerr=3.36E-06 time=226.902
After sweep 90 energy=-100.32716863033544  maxlinkdim=1000 maxerr=3.36E-06 time=225.650
After sweep 91 energy=-100.327169079046  maxlinkdim=1000 maxerr=3.36E-06 time=225.683
After sweep 92 energy=-100.32716938418216  maxlinkdim=1000 maxerr=3.36E-06 time=226.000
After sweep 93 energy=-100.32716963887381  maxlinkdim=1000 maxerr=3.36E-06 time=227.456
After sweep 94 energy=-100.32716887904004  maxlinkdim=1000 maxerr=3.36E-06 time=229.918
After sweep 95 energy=-100.32716920937287  maxlinkdim=1000 maxerr=3.36E-06 time=227.940
After sweep 96 energy=-100.32716987825852  maxlinkdim=1000 maxerr=3.36E-06 time=225.049
After sweep 97 energy=-100.32716966075695  maxlinkdim=1000 maxerr=3.36E-06 time=205.837
After sweep 98 energy=-100.32716985111006  maxlinkdim=1000 maxerr=3.36E-06 time=218.203
After sweep 99 energy=-100.32717007717692  maxlinkdim=1000 maxerr=3.36E-06 time=218.574
After sweep 100 energy=-100.32716991458547  maxlinkdim=1000 maxerr=3.36E-06 time=206.886
  E(N) = -100.32716991458547

============================================================
RESULTS:
  E(118) = -102.56324965591902
  E(119) = -101.36795378194039
  E(120)     = -100.32716991458547
  E_p = -0.15451201  (attractive hole pairing)
============================================================
RESULT: E_p = -0.1545120066237189
