Calculating pair binding energy for ladder
L=64, U=8.0, V=0.2, t0=1.0, density=0.9375
============================================================
Pair binding energy for Hubbard ladder
L = 64 rungs, 128 sites
U = 8.0, V = 0.2, t = 1.0, t0 = 1.0, density = 0.9375
N_base = 120
============================================================

[1/3] Computing E(N-2=118)
  Initial state: 118 particles (59 up, 59 dn)
After sweep 1 energy=-19.86382624382748  maxlinkdim=20 maxerr=4.30E-04 time=48.635
After sweep 2 energy=-28.8133311876752  maxlinkdim=50 maxerr=5.06E-05 time=33.189
After sweep 3 energy=-32.01144096442157  maxlinkdim=100 maxerr=7.05E-06 time=47.240
After sweep 4 energy=-33.69070072101578  maxlinkdim=200 maxerr=8.88E-07 time=67.618
After sweep 5 energy=-34.675492952273274  maxlinkdim=1000 maxerr=1.39E-10 time=93.014
After sweep 6 energy=-35.399058869491924  maxlinkdim=1000 maxerr=1.82E-09 time=125.937
After sweep 7 energy=-35.89494468598199  maxlinkdim=1000 maxerr=4.02E-09 time=132.812
After sweep 8 energy=-36.37241253399317  maxlinkdim=1000 maxerr=1.03E-08 time=140.091
After sweep 9 energy=-36.74715583373942  maxlinkdim=1000 maxerr=7.86E-09 time=148.852
After sweep 10 energy=-37.140291608576796  maxlinkdim=1000 maxerr=3.28E-08 time=149.409
After sweep 11 energy=-37.54391386887206  maxlinkdim=1000 maxerr=1.06E-07 time=160.952
After sweep 12 energy=-37.797360759646416  maxlinkdim=1000 maxerr=5.78E-08 time=156.364
After sweep 13 energy=-38.01327769953345  maxlinkdim=1000 maxerr=6.94E-08 time=162.430
After sweep 14 energy=-38.17980954594931  maxlinkdim=1000 maxerr=5.98E-08 time=167.294
After sweep 15 energy=-38.32494995227919  maxlinkdim=1000 maxerr=8.28E-08 time=166.196
After sweep 16 energy=-38.453047321767514  maxlinkdim=1000 maxerr=8.13E-08 time=166.124
After sweep 17 energy=-38.59044345423271  maxlinkdim=1000 maxerr=1.05E-07 time=170.214
After sweep 18 energy=-38.71910679762415  maxlinkdim=1000 maxerr=2.48E-07 time=168.023
After sweep 19 energy=-38.866683263175446  maxlinkdim=1000 maxerr=2.32E-06 time=175.473
After sweep 20 energy=-38.95705725271611  maxlinkdim=1000 maxerr=1.09E-07 time=188.676
After sweep 21 energy=-39.036038518340234  maxlinkdim=1000 maxerr=1.58E-07 time=210.517
After sweep 22 energy=-39.10401536908198  maxlinkdim=1000 maxerr=1.52E-07 time=213.989
After sweep 23 energy=-39.167478291857684  maxlinkdim=1000 maxerr=2.88E-07 time=212.431
After sweep 24 energy=-39.23028549707553  maxlinkdim=1000 maxerr=2.69E-07 time=212.234
After sweep 25 energy=-39.30804951306416  maxlinkdim=1000 maxerr=7.52E-07 time=211.125
After sweep 26 energy=-39.37148472716072  maxlinkdim=1000 maxerr=5.90E-07 time=213.104
After sweep 27 energy=-39.41527650451401  maxlinkdim=1000 maxerr=2.82E-07 time=208.220
After sweep 28 energy=-39.46006889108278  maxlinkdim=1000 maxerr=3.31E-07 time=210.818
After sweep 29 energy=-39.51158125042681  maxlinkdim=1000 maxerr=9.88E-07 time=211.480
After sweep 30 energy=-39.572958183408595  maxlinkdim=1000 maxerr=4.15E-06 time=210.953
After sweep 31 energy=-39.61996459486355  maxlinkdim=1000 maxerr=2.74E-06 time=206.262
After sweep 32 energy=-39.66818583774442  maxlinkdim=1000 maxerr=1.31E-05 time=209.085
After sweep 33 energy=-39.70936213669549  maxlinkdim=1000 maxerr=3.28E-06 time=203.914
After sweep 34 energy=-39.74782056398  maxlinkdim=1000 maxerr=1.60E-06 time=204.356
After sweep 35 energy=-39.78026907125911  maxlinkdim=1000 maxerr=2.36E-06 time=209.578
After sweep 36 energy=-39.813401665632185  maxlinkdim=1000 maxerr=1.09E-05 time=217.104
After sweep 37 energy=-39.84300593742807  maxlinkdim=1000 maxerr=3.18E-06 time=214.890
After sweep 38 energy=-39.87019582449604  maxlinkdim=1000 maxerr=5.06E-06 time=215.841
After sweep 39 energy=-39.897013937778674  maxlinkdim=1000 maxerr=5.53E-06 time=213.307
After sweep 40 energy=-39.92378578781929  maxlinkdim=1000 maxerr=7.67E-06 time=212.766
After sweep 41 energy=-39.94899751661664  maxlinkdim=1000 maxerr=7.48E-06 time=219.285
After sweep 42 energy=-39.97265579191047  maxlinkdim=1000 maxerr=3.87E-06 time=216.782
After sweep 43 energy=-39.99363745000112  maxlinkdim=1000 maxerr=2.38E-06 time=213.334
After sweep 44 energy=-40.013655998647735  maxlinkdim=1000 maxerr=2.94E-06 time=209.995
After sweep 45 energy=-40.03144068226017  maxlinkdim=1000 maxerr=6.85E-06 time=212.750
After sweep 46 energy=-40.048004570108795  maxlinkdim=1000 maxerr=5.30E-06 time=214.857
After sweep 47 energy=-40.06392225684482  maxlinkdim=1000 maxerr=4.54E-06 time=213.588
After sweep 48 energy=-40.10586988242986  maxlinkdim=1000 maxerr=9.25E-06 time=208.391
After sweep 49 energy=-40.14563262069622  maxlinkdim=1000 maxerr=8.77E-06 time=214.173
After sweep 50 energy=-40.16956738826398  maxlinkdim=1000 maxerr=1.05E-05 time=212.523
After sweep 51 energy=-40.18564888974888  maxlinkdim=1000 maxerr=1.10E-05 time=209.362
After sweep 52 energy=-40.19774441873214  maxlinkdim=1000 maxerr=8.84E-06 time=216.241
After sweep 53 energy=-40.2063838794187  maxlinkdim=1000 maxerr=8.30E-06 time=212.330
After sweep 54 energy=-40.21217184472684  maxlinkdim=1000 maxerr=1.03E-05 time=212.908
After sweep 55 energy=-40.2161779136162  maxlinkdim=1000 maxerr=8.01E-06 time=211.226
After sweep 56 energy=-40.21853047004524  maxlinkdim=1000 maxerr=7.29E-06 time=209.723
After sweep 57 energy=-40.21972008713316  maxlinkdim=1000 maxerr=6.61E-06 time=207.472
After sweep 58 energy=-40.220288870162776  maxlinkdim=1000 maxerr=6.24E-06 time=211.811
After sweep 59 energy=-40.220591205413164  maxlinkdim=1000 maxerr=6.16E-06 time=211.265
After sweep 60 energy=-40.22075502147373  maxlinkdim=1000 maxerr=6.16E-06 time=215.202
After sweep 61 energy=-40.220841579592054  maxlinkdim=1000 maxerr=6.16E-06 time=212.427
After sweep 62 energy=-40.22087903982359  maxlinkdim=1000 maxerr=6.18E-06 time=210.371
After sweep 63 energy=-40.22090436334699  maxlinkdim=1000 maxerr=6.19E-06 time=213.177
After sweep 64 energy=-40.220919406377874  maxlinkdim=1000 maxerr=6.17E-06 time=213.534
After sweep 65 energy=-40.22092998171233  maxlinkdim=1000 maxerr=6.16E-06 time=209.802
After sweep 66 energy=-40.22093452128814  maxlinkdim=1000 maxerr=6.16E-06 time=214.397
After sweep 67 energy=-40.22093891044327  maxlinkdim=1000 maxerr=6.15E-06 time=212.358
After sweep 68 energy=-40.22094250136857  maxlinkdim=1000 maxerr=6.15E-06 time=211.698
After sweep 69 energy=-40.220946771861655  maxlinkdim=1000 maxerr=6.16E-06 time=210.058
After sweep 70 energy=-40.220948937184794  maxlinkdim=1000 maxerr=6.16E-06 time=209.722
After sweep 71 energy=-40.22095083752021  maxlinkdim=1000 maxerr=6.16E-06 time=214.147
After sweep 72 energy=-40.22095169255444  maxlinkdim=1000 maxerr=6.16E-06 time=213.662
After sweep 73 energy=-40.22095196226656  maxlinkdim=1000 maxerr=6.15E-06 time=217.277
After sweep 74 energy=-40.22095318049721  maxlinkdim=1000 maxerr=6.15E-06 time=219.527
After sweep 75 energy=-40.220953654596386  maxlinkdim=1000 maxerr=6.14E-06 time=219.053
After sweep 76 energy=-40.22095364761561  maxlinkdim=1000 maxerr=6.14E-06 time=216.342
After sweep 77 energy=-40.22095529890168  maxlinkdim=1000 maxerr=6.14E-06 time=213.014
After sweep 78 energy=-40.220955505907526  maxlinkdim=1000 maxerr=6.14E-06 time=212.736
After sweep 79 energy=-40.220956905199095  maxlinkdim=1000 maxerr=6.13E-06 time=213.386
After sweep 80 energy=-40.22095621850789  maxlinkdim=1000 maxerr=6.13E-06 time=214.410
After sweep 81 energy=-40.220956919937564  maxlinkdim=1000 maxerr=6.13E-06 time=211.458
After sweep 82 energy=-40.22095751669298  maxlinkdim=1000 maxerr=6.13E-06 time=214.997
After sweep 83 energy=-40.220957140824375  maxlinkdim=1000 maxerr=6.13E-06 time=218.030
After sweep 84 energy=-40.22095848220911  maxlinkdim=1000 maxerr=6.13E-06 time=216.138
After sweep 85 energy=-40.22095850744429  maxlinkdim=1000 maxerr=6.13E-06 time=214.211
After sweep 86 energy=-40.2209577069584  maxlinkdim=1000 maxerr=6.13E-06 time=213.621
After sweep 87 energy=-40.2209583474956  maxlinkdim=1000 maxerr=6.13E-06 time=219.678
After sweep 88 energy=-40.220958112172895  maxlinkdim=1000 maxerr=6.12E-06 time=221.585
After sweep 89 energy=-40.220958973141364  maxlinkdim=1000 maxerr=6.13E-06 time=221.856
After sweep 90 energy=-40.22095896779012  maxlinkdim=1000 maxerr=6.13E-06 time=229.917
After sweep 91 energy=-40.22095896360038  maxlinkdim=1000 maxerr=6.12E-06 time=224.305
After sweep 92 energy=-40.22095936275785  maxlinkdim=1000 maxerr=6.12E-06 time=224.903
After sweep 93 energy=-40.22095906617131  maxlinkdim=1000 maxerr=6.12E-06 time=222.327
After sweep 94 energy=-40.22095905010038  maxlinkdim=1000 maxerr=6.12E-06 time=218.714
After sweep 95 energy=-40.220959113029004  maxlinkdim=1000 maxerr=6.12E-06 time=218.743
After sweep 96 energy=-40.220959139579286  maxlinkdim=1000 maxerr=6.12E-06 time=215.974
After sweep 97 energy=-40.220959251926764  maxlinkdim=1000 maxerr=6.12E-06 time=216.754
After sweep 98 energy=-40.22095922997105  maxlinkdim=1000 maxerr=6.11E-06 time=213.409
After sweep 99 energy=-40.22095915556253  maxlinkdim=1000 maxerr=6.11E-06 time=213.171
After sweep 100 energy=-40.22095934777398  maxlinkdim=1000 maxerr=6.11E-06 time=212.305
  E(N-2) = -40.22095934777398

[2/3] Computing E(N-1=119)
  Initial state: 119 particles (60 up, 59 dn)
After sweep 1 energy=-20.646427814945806  maxlinkdim=20 maxerr=4.73E-04 time=11.849
After sweep 2 energy=-28.755548335701565  maxlinkdim=50 maxerr=1.34E-04 time=28.185
After sweep 3 energy=-31.46827811982877  maxlinkdim=100 maxerr=1.99E-05 time=41.680
After sweep 4 energy=-32.6696436557444  maxlinkdim=200 maxerr=7.89E-07 time=65.672
After sweep 5 energy=-33.633626247858366  maxlinkdim=1000 maxerr=6.03E-10 time=90.906
After sweep 6 energy=-34.19162644696608  maxlinkdim=1000 maxerr=2.85E-09 time=122.780
After sweep 7 energy=-34.78561185082759  maxlinkdim=1000 maxerr=3.68E-08 time=128.789
After sweep 8 energy=-35.3301202981052  maxlinkdim=1000 maxerr=1.12E-07 time=133.670
After sweep 9 energy=-35.63882911926165  maxlinkdim=1000 maxerr=1.22E-07 time=141.638
After sweep 10 energy=-35.83883032168953  maxlinkdim=1000 maxerr=1.16E-07 time=143.234
After sweep 11 energy=-35.990039544509905  maxlinkdim=1000 maxerr=9.04E-08 time=145.252
After sweep 12 energy=-36.138050824276434  maxlinkdim=1000 maxerr=1.79E-07 time=149.944
After sweep 13 energy=-36.291995847246255  maxlinkdim=1000 maxerr=1.78E-07 time=152.065
After sweep 14 energy=-36.443109398524534  maxlinkdim=1000 maxerr=2.69E-07 time=163.580
After sweep 15 energy=-36.577948019284726  maxlinkdim=1000 maxerr=3.15E-07 time=179.289
After sweep 16 energy=-36.70808217574443  maxlinkdim=1000 maxerr=1.18E-06 time=188.099
After sweep 17 energy=-36.81658762725948  maxlinkdim=1000 maxerr=1.46E-05 time=188.745
After sweep 18 energy=-36.88176274316877  maxlinkdim=1000 maxerr=1.91E-07 time=195.890
After sweep 19 energy=-36.97775716795269  maxlinkdim=1000 maxerr=1.37E-05 time=195.262
After sweep 20 energy=-37.1087115631562  maxlinkdim=1000 maxerr=6.18E-06 time=201.744
After sweep 21 energy=-37.192718227278554  maxlinkdim=1000 maxerr=2.10E-06 time=202.138
After sweep 22 energy=-37.25015627346312  maxlinkdim=1000 maxerr=1.28E-06 time=200.815
After sweep 23 energy=-37.29348282017639  maxlinkdim=1000 maxerr=9.46E-07 time=205.169
After sweep 24 energy=-37.33557273092968  maxlinkdim=1000 maxerr=9.56E-07 time=201.921
After sweep 25 energy=-37.37639430812628  maxlinkdim=1000 maxerr=1.54E-06 time=202.588
After sweep 26 energy=-37.41600132451285  maxlinkdim=1000 maxerr=2.11E-06 time=207.575
After sweep 27 energy=-37.45359790984485  maxlinkdim=1000 maxerr=3.13E-06 time=206.556
After sweep 28 energy=-37.48508992988356  maxlinkdim=1000 maxerr=2.06E-06 time=205.403
After sweep 29 energy=-37.51484005415263  maxlinkdim=1000 maxerr=3.50E-06 time=202.209
After sweep 30 energy=-37.54801165090258  maxlinkdim=1000 maxerr=1.16E-05 time=207.250
After sweep 31 energy=-37.581458612756904  maxlinkdim=1000 maxerr=9.52E-06 time=214.433
After sweep 32 energy=-37.60609678128538  maxlinkdim=1000 maxerr=3.79E-06 time=206.720
After sweep 33 energy=-37.62821868144213  maxlinkdim=1000 maxerr=3.62E-06 time=210.192
After sweep 34 energy=-37.649801031899514  maxlinkdim=1000 maxerr=6.38E-06 time=211.146
After sweep 35 energy=-37.67138785966331  maxlinkdim=1000 maxerr=5.53E-06 time=209.646
After sweep 36 energy=-37.69110524164383  maxlinkdim=1000 maxerr=4.07E-06 time=207.079
After sweep 37 energy=-37.71111152681277  maxlinkdim=1000 maxerr=1.10E-05 time=203.898
After sweep 38 energy=-37.73043984512854  maxlinkdim=1000 maxerr=6.29E-06 time=205.516
After sweep 39 energy=-37.747616170957116  maxlinkdim=1000 maxerr=5.72E-06 time=210.252
After sweep 40 energy=-37.77724655492709  maxlinkdim=1000 maxerr=1.22E-05 time=210.416
After sweep 41 energy=-37.808617746920234  maxlinkdim=1000 maxerr=1.15E-05 time=212.509
After sweep 42 energy=-37.829161797914594  maxlinkdim=1000 maxerr=1.39E-05 time=206.897
After sweep 43 energy=-37.844021202280146  maxlinkdim=1000 maxerr=1.56E-05 time=216.606
After sweep 44 energy=-37.856400673247826  maxlinkdim=1000 maxerr=1.26E-05 time=212.649
After sweep 45 energy=-37.86593599913273  maxlinkdim=1000 maxerr=1.23E-05 time=213.538
After sweep 46 energy=-37.87326899455696  maxlinkdim=1000 maxerr=1.15E-05 time=215.622
After sweep 47 energy=-37.878995332900764  maxlinkdim=1000 maxerr=1.20E-05 time=216.724
After sweep 48 energy=-37.883304416473074  maxlinkdim=1000 maxerr=1.11E-05 time=218.204
After sweep 49 energy=-37.886539659319794  maxlinkdim=1000 maxerr=1.14E-05 time=217.230
After sweep 50 energy=-37.88865603793002  maxlinkdim=1000 maxerr=1.10E-05 time=215.620
After sweep 51 energy=-37.889969643864895  maxlinkdim=1000 maxerr=1.08E-05 time=209.969
After sweep 52 energy=-37.89080491240585  maxlinkdim=1000 maxerr=1.04E-05 time=213.206
After sweep 53 energy=-37.8913577878407  maxlinkdim=1000 maxerr=1.03E-05 time=210.751
After sweep 54 energy=-37.89175426284784  maxlinkdim=1000 maxerr=1.01E-05 time=212.908
After sweep 55 energy=-37.89204198408708  maxlinkdim=1000 maxerr=1.02E-05 time=210.891
After sweep 56 energy=-37.8922511428757  maxlinkdim=1000 maxerr=1.03E-05 time=211.681
After sweep 57 energy=-37.892416871561224  maxlinkdim=1000 maxerr=1.03E-05 time=203.461
After sweep 58 energy=-37.892549481305004  maxlinkdim=1000 maxerr=1.03E-05 time=209.598
After sweep 59 energy=-37.89266093271728  maxlinkdim=1000 maxerr=1.03E-05 time=218.059
After sweep 60 energy=-37.89275513448939  maxlinkdim=1000 maxerr=1.03E-05 time=222.506
After sweep 61 energy=-37.89283768460959  maxlinkdim=1000 maxerr=1.02E-05 time=222.941
After sweep 62 energy=-37.892909293110925  maxlinkdim=1000 maxerr=1.02E-05 time=221.745
After sweep 63 energy=-37.892972618011164  maxlinkdim=1000 maxerr=1.03E-05 time=220.986
After sweep 64 energy=-37.893029681433255  maxlinkdim=1000 maxerr=1.03E-05 time=224.761
After sweep 65 energy=-37.893076274791724  maxlinkdim=1000 maxerr=1.04E-05 time=223.706
After sweep 66 energy=-37.89312350386162  maxlinkdim=1000 maxerr=1.04E-05 time=221.962
After sweep 67 energy=-37.89316451703827  maxlinkdim=1000 maxerr=1.04E-05 time=218.940
After sweep 68 energy=-37.89319976445423  maxlinkdim=1000 maxerr=1.05E-05 time=219.760
After sweep 69 energy=-37.89323629287044  maxlinkdim=1000 maxerr=1.05E-05 time=216.654
After sweep 70 energy=-37.893265127503426  maxlinkdim=1000 maxerr=1.05E-05 time=215.638
After sweep 71 energy=-37.89329550568236  maxlinkdim=1000 maxerr=1.05E-05 time=219.938
After sweep 72 energy=-37.8933206713076  maxlinkdim=1000 maxerr=1.06E-05 time=218.446
After sweep 73 energy=-37.893346480921274  maxlinkdim=1000 maxerr=1.06E-05 time=216.805
After sweep 74 energy=-37.893369372446585  maxlinkdim=1000 maxerr=1.06E-05 time=214.615
After sweep 75 energy=-37.893389587876605  maxlinkdim=1000 maxerr=1.06E-05 time=224.317
After sweep 76 energy=-37.893409400814235  maxlinkdim=1000 maxerr=1.06E-05 time=222.998
After sweep 77 energy=-37.89342696330593  maxlinkdim=1000 maxerr=1.06E-05 time=217.532
After sweep 78 energy=-37.893444408458336  maxlinkdim=1000 maxerr=1.06E-05 time=219.032
After sweep 79 energy=-37.893458634163274  maxlinkdim=1000 maxerr=1.06E-05 time=219.376
After sweep 80 energy=-37.89347240192485  maxlinkdim=1000 maxerr=1.06E-05 time=221.202
After sweep 81 energy=-37.89348715107766  maxlinkdim=1000 maxerr=1.06E-05 time=217.637
After sweep 82 energy=-37.89349904025551  maxlinkdim=1000 maxerr=1.06E-05 time=213.979
After sweep 83 energy=-37.893509686896  maxlinkdim=1000 maxerr=1.06E-05 time=213.179
After sweep 84 energy=-37.89352180953531  maxlinkdim=1000 maxerr=1.07E-05 time=218.688
After sweep 85 energy=-37.89353229171677  maxlinkdim=1000 maxerr=1.07E-05 time=220.625
After sweep 86 energy=-37.89353961987883  maxlinkdim=1000 maxerr=1.07E-05 time=217.816
After sweep 87 energy=-37.89355031136514  maxlinkdim=1000 maxerr=1.07E-05 time=216.776
After sweep 88 energy=-37.89355867478673  maxlinkdim=1000 maxerr=1.07E-05 time=218.286
After sweep 89 energy=-37.893564982569885  maxlinkdim=1000 maxerr=1.07E-05 time=217.617
After sweep 90 energy=-37.89357232769106  maxlinkdim=1000 maxerr=1.07E-05 time=213.818
After sweep 91 energy=-37.89357878762708  maxlinkdim=1000 maxerr=1.07E-05 time=217.764
After sweep 92 energy=-37.89358700090163  maxlinkdim=1000 maxerr=1.07E-05 time=212.460
After sweep 93 energy=-37.89359259436899  maxlinkdim=1000 maxerr=1.07E-05 time=209.660
After sweep 94 energy=-37.893599050341614  maxlinkdim=1000 maxerr=1.07E-05 time=211.965
After sweep 95 energy=-37.893605137361114  maxlinkdim=1000 maxerr=1.07E-05 time=214.734
After sweep 96 energy=-37.8936089014146  maxlinkdim=1000 maxerr=1.07E-05 time=222.651
After sweep 97 energy=-37.893613900954634  maxlinkdim=1000 maxerr=1.07E-05 time=223.911
After sweep 98 energy=-37.89361921581712  maxlinkdim=1000 maxerr=1.08E-05 time=224.046
After sweep 99 energy=-37.89362416664676  maxlinkdim=1000 maxerr=1.08E-05 time=220.306
After sweep 100 energy=-37.893626730924254  maxlinkdim=1000 maxerr=1.08E-05 time=219.232
  E(N-1) = -37.893626730924254

[3/3] Computing E(N=120)
  Initial state: 120 particles (60 up, 60 dn)
After sweep 1 energy=-19.914501251330197  maxlinkdim=20 maxerr=3.23E-04 time=12.139
After sweep 2 energy=-28.045513395584422  maxlinkdim=50 maxerr=8.92E-05 time=29.627
After sweep 3 energy=-30.19940902674413  maxlinkdim=100 maxerr=5.52E-06 time=44.157
After sweep 4 energy=-31.334311431355037  maxlinkdim=200 maxerr=7.39E-07 time=73.090
After sweep 5 energy=-32.012544870073256  maxlinkdim=1000 maxerr=1.19E-10 time=95.068
After sweep 6 energy=-32.43534487466704  maxlinkdim=1000 maxerr=6.47E-10 time=119.170
After sweep 7 energy=-32.88321983904618  maxlinkdim=1000 maxerr=6.67E-09 time=126.844
After sweep 8 energy=-33.45549357927065  maxlinkdim=1000 maxerr=7.40E-08 time=138.377
After sweep 9 energy=-33.74876791351942  maxlinkdim=1000 maxerr=4.79E-08 time=142.135
After sweep 10 energy=-33.95480067242822  maxlinkdim=1000 maxerr=5.23E-08 time=145.402
After sweep 11 energy=-34.1345030649063  maxlinkdim=1000 maxerr=5.21E-08 time=153.274
After sweep 12 energy=-34.29389165585296  maxlinkdim=1000 maxerr=9.72E-08 time=155.228
After sweep 13 energy=-34.41600212829348  maxlinkdim=1000 maxerr=1.02E-07 time=160.510
After sweep 14 energy=-34.55103241673088  maxlinkdim=1000 maxerr=2.36E-07 time=170.230
After sweep 15 energy=-34.66205077164154  maxlinkdim=1000 maxerr=2.75E-07 time=180.071
After sweep 16 energy=-34.778096354412845  maxlinkdim=1000 maxerr=5.33E-07 time=175.948
After sweep 17 energy=-34.8513215372902  maxlinkdim=1000 maxerr=2.06E-07 time=186.756
After sweep 18 energy=-34.906447669044525  maxlinkdim=1000 maxerr=1.68E-07 time=189.497
After sweep 19 energy=-34.96014943252725  maxlinkdim=1000 maxerr=2.25E-07 time=192.943
After sweep 20 energy=-35.0100303412279  maxlinkdim=1000 maxerr=2.58E-07 time=206.528
After sweep 21 energy=-35.0513347448096  maxlinkdim=1000 maxerr=2.14E-07 time=212.295
After sweep 22 energy=-35.0911784795632  maxlinkdim=1000 maxerr=2.62E-07 time=209.941
After sweep 23 energy=-35.12746668300441  maxlinkdim=1000 maxerr=3.22E-07 time=207.834
After sweep 24 energy=-35.16334143532216  maxlinkdim=1000 maxerr=3.68E-07 time=215.695
After sweep 25 energy=-35.1942667765132  maxlinkdim=1000 maxerr=2.47E-07 time=214.144
After sweep 26 energy=-35.225991053921646  maxlinkdim=1000 maxerr=3.97E-07 time=212.242
After sweep 27 energy=-35.25906825628272  maxlinkdim=1000 maxerr=6.73E-07 time=213.221
After sweep 28 energy=-35.28630577697794  maxlinkdim=1000 maxerr=4.48E-07 time=212.405
After sweep 29 energy=-35.31256833486634  maxlinkdim=1000 maxerr=6.41E-07 time=213.155
After sweep 30 energy=-35.33599992544509  maxlinkdim=1000 maxerr=4.36E-07 time=213.435
After sweep 31 energy=-35.36086783475432  maxlinkdim=1000 maxerr=8.50E-07 time=210.365
After sweep 32 energy=-35.38704646003935  maxlinkdim=1000 maxerr=1.65E-06 time=210.107
After sweep 33 energy=-35.4183038612661  maxlinkdim=1000 maxerr=3.96E-06 time=210.600
After sweep 34 energy=-35.44521304630016  maxlinkdim=1000 maxerr=2.18E-06 time=211.617
After sweep 35 energy=-35.467610148499475  maxlinkdim=1000 maxerr=1.99E-06 time=210.850
After sweep 36 energy=-35.48756249213771  maxlinkdim=1000 maxerr=2.66E-06 time=209.819
After sweep 37 energy=-35.50661463512203  maxlinkdim=1000 maxerr=4.05E-06 time=208.593
After sweep 38 energy=-35.52404513593502  maxlinkdim=1000 maxerr=6.16E-06 time=208.786
After sweep 39 energy=-35.54051845318235  maxlinkdim=1000 maxerr=3.16E-06 time=210.259
After sweep 40 energy=-35.556812248572896  maxlinkdim=1000 maxerr=2.50E-06 time=212.552
After sweep 41 energy=-35.58103736310421  maxlinkdim=1000 maxerr=9.09E-06 time=212.553
After sweep 42 energy=-35.60608462459539  maxlinkdim=1000 maxerr=7.70E-06 time=211.887
After sweep 43 energy=-35.6210273433622  maxlinkdim=1000 maxerr=8.56E-06 time=210.486
After sweep 44 energy=-35.632661510779684  maxlinkdim=1000 maxerr=7.34E-06 time=211.018
After sweep 45 energy=-35.6433408497447  maxlinkdim=1000 maxerr=8.59E-06 time=212.303
After sweep 46 energy=-35.65282914270176  maxlinkdim=1000 maxerr=7.85E-06 time=214.430
After sweep 47 energy=-35.66024792624573  maxlinkdim=1000 maxerr=8.99E-06 time=214.865
After sweep 48 energy=-35.666251751289956  maxlinkdim=1000 maxerr=7.97E-06 time=210.839
After sweep 49 energy=-35.67100950533349  maxlinkdim=1000 maxerr=7.03E-06 time=208.942
After sweep 50 energy=-35.67448503284803  maxlinkdim=1000 maxerr=6.39E-06 time=213.075
After sweep 51 energy=-35.67690587375775  maxlinkdim=1000 maxerr=5.62E-06 time=214.206
After sweep 52 energy=-35.678520981568056  maxlinkdim=1000 maxerr=5.16E-06 time=211.349
After sweep 53 energy=-35.679528310524674  maxlinkdim=1000 maxerr=4.88E-06 time=213.562
After sweep 54 energy=-35.68013874380085  maxlinkdim=1000 maxerr=4.83E-06 time=214.045
After sweep 55 energy=-35.680503164004996  maxlinkdim=1000 maxerr=4.75E-06 time=217.183
After sweep 56 energy=-35.680710655849865  maxlinkdim=1000 maxerr=4.68E-06 time=209.097
After sweep 57 energy=-35.680833019090294  maxlinkdim=1000 maxerr=4.73E-06 time=213.330
After sweep 58 energy=-35.68090502627124  maxlinkdim=1000 maxerr=4.73E-06 time=215.419
After sweep 59 energy=-35.680943610553804  maxlinkdim=1000 maxerr=4.71E-06 time=213.316
After sweep 60 energy=-35.680967227320664  maxlinkdim=1000 maxerr=4.73E-06 time=216.446
After sweep 61 energy=-35.68098687551172  maxlinkdim=1000 maxerr=4.71E-06 time=215.086
After sweep 62 energy=-35.680997531995175  maxlinkdim=1000 maxerr=4.72E-06 time=207.102
After sweep 63 energy=-35.68100882927157  maxlinkdim=1000 maxerr=4.69E-06 time=207.501
After sweep 64 energy=-35.6810113813769  maxlinkdim=1000 maxerr=4.69E-06 time=213.376
After sweep 65 energy=-35.68101814948942  maxlinkdim=1000 maxerr=4.70E-06 time=211.106
After sweep 66 energy=-35.681020100862284  maxlinkdim=1000 maxerr=4.70E-06 time=217.075
After sweep 67 energy=-35.68102329386924  maxlinkdim=1000 maxerr=4.71E-06 time=216.363
After sweep 68 energy=-35.68102362598504  maxlinkdim=1000 maxerr=4.71E-06 time=215.721
After sweep 69 energy=-35.681025148804075  maxlinkdim=1000 maxerr=4.71E-06 time=214.421
After sweep 70 energy=-35.681024207484214  maxlinkdim=1000 maxerr=4.71E-06 time=218.641
After sweep 71 energy=-35.68102759761789  maxlinkdim=1000 maxerr=4.71E-06 time=214.127
After sweep 72 energy=-35.681026626284  maxlinkdim=1000 maxerr=4.71E-06 time=214.855
After sweep 73 energy=-35.68102674065797  maxlinkdim=1000 maxerr=4.71E-06 time=211.887
After sweep 74 energy=-35.6810283806208  maxlinkdim=1000 maxerr=4.71E-06 time=209.555
After sweep 75 energy=-35.68102853407036  maxlinkdim=1000 maxerr=4.71E-06 time=211.393
After sweep 76 energy=-35.68102885130726  maxlinkdim=1000 maxerr=4.70E-06 time=208.852
After sweep 77 energy=-35.68102955265262  maxlinkdim=1000 maxerr=4.70E-06 time=215.155
After sweep 78 energy=-35.68102975142176  maxlinkdim=1000 maxerr=4.70E-06 time=214.711
After sweep 79 energy=-35.68102948914955  maxlinkdim=1000 maxerr=4.70E-06 time=212.537
After sweep 80 energy=-35.681029665028156  maxlinkdim=1000 maxerr=4.70E-06 time=211.543
After sweep 81 energy=-35.68102952695269  maxlinkdim=1000 maxerr=4.70E-06 time=211.229
After sweep 82 energy=-35.68102985924403  maxlinkdim=1000 maxerr=4.70E-06 time=212.104
After sweep 83 energy=-35.6810298429366  maxlinkdim=1000 maxerr=4.70E-06 time=214.979
After sweep 84 energy=-35.68102960752284  maxlinkdim=1000 maxerr=4.70E-06 time=214.180
After sweep 85 energy=-35.68103069039862  maxlinkdim=1000 maxerr=4.70E-06 time=211.902
After sweep 86 energy=-35.68103064667221  maxlinkdim=1000 maxerr=4.70E-06 time=213.391
After sweep 87 energy=-35.681031129424056  maxlinkdim=1000 maxerr=4.70E-06 time=216.046
After sweep 88 energy=-35.68103125961138  maxlinkdim=1000 maxerr=4.70E-06 time=211.966
After sweep 89 energy=-35.68103126256352  maxlinkdim=1000 maxerr=4.70E-06 time=215.326
After sweep 90 energy=-35.681031477316075  maxlinkdim=1000 maxerr=4.70E-06 time=216.758
After sweep 91 energy=-35.68103154862288  maxlinkdim=1000 maxerr=4.70E-06 time=216.543
After sweep 92 energy=-35.68103107586872  maxlinkdim=1000 maxerr=4.70E-06 time=215.109
After sweep 93 energy=-35.681031634637726  maxlinkdim=1000 maxerr=4.70E-06 time=215.693
After sweep 94 energy=-35.68103171780916  maxlinkdim=1000 maxerr=4.70E-06 time=211.663
After sweep 95 energy=-35.68103182551428  maxlinkdim=1000 maxerr=4.70E-06 time=211.771
After sweep 96 energy=-35.68103179638917  maxlinkdim=1000 maxerr=4.70E-06 time=210.843
After sweep 97 energy=-35.68103160927465  maxlinkdim=1000 maxerr=4.70E-06 time=212.384
After sweep 98 energy=-35.68103162053398  maxlinkdim=1000 maxerr=4.70E-06 time=214.168
After sweep 99 energy=-35.681032018830884  maxlinkdim=1000 maxerr=4.70E-06 time=217.341
After sweep 100 energy=-35.68103213987173  maxlinkdim=1000 maxerr=4.70E-06 time=217.778
  E(N) = -35.68103213987173

============================================================
RESULTS:
  E(118) = -40.22095934777398
  E(119) = -37.893626730924254
  E(120)     = -35.68103213987173
  E_p = -0.11473803  (attractive hole pairing)
============================================================
RESULT: E_p = -0.11473802579720882
