Calculating pair binding energy for ladder
L = 16 rungs (32 sites)
U = 8.0
t0 = 1.0
density = 0.9375
N_particles = 30
t = 1.0 (fixed)
Calculating E(N) at density=0.9375...
After sweep 1 energy=-3.9954172334468456  maxlinkdim=6 maxerr=9.13E-12 time=25.407
After sweep 2 energy=-5.825461699330588  maxlinkdim=30 maxerr=8.37E-11 time=2.185
After sweep 3 energy=-6.736154655522178  maxlinkdim=63 maxerr=9.95E-11 time=0.851
After sweep 4 energy=-8.646924461126716  maxlinkdim=245 maxerr=9.99E-11 time=1.321
After sweep 5 energy=-10.686173751426294  maxlinkdim=600 maxerr=3.60E-09 time=6.451
After sweep 6 energy=-12.06787454773017  maxlinkdim=600 maxerr=4.74E-08 time=16.408
After sweep 7 energy=-12.986087771060841  maxlinkdim=600 maxerr=5.46E-08 time=22.173
After sweep 8 energy=-13.65306148156257  maxlinkdim=600 maxerr=1.24E-07 time=24.213
After sweep 9 energy=-14.147913397304325  maxlinkdim=600 maxerr=2.40E-07 time=24.661
After sweep 10 energy=-14.497911659099257  maxlinkdim=600 maxerr=3.10E-07 time=28.918
After sweep 11 energy=-14.869413462543815  maxlinkdim=600 maxerr=3.91E-07 time=30.586
After sweep 12 energy=-15.076496836695682  maxlinkdim=600 maxerr=4.51E-07 time=28.457
After sweep 13 energy=-15.24391862292584  maxlinkdim=600 maxerr=6.00E-07 time=25.124
After sweep 14 energy=-15.491923833514315  maxlinkdim=600 maxerr=7.23E-07 time=24.948
After sweep 15 energy=-15.719067329461787  maxlinkdim=600 maxerr=6.44E-07 time=27.831
After sweep 16 energy=-15.830083314243284  maxlinkdim=600 maxerr=5.42E-07 time=32.147
After sweep 17 energy=-15.911507167033797  maxlinkdim=600 maxerr=6.17E-07 time=27.943
After sweep 18 energy=-16.01086222987977  maxlinkdim=600 maxerr=8.41E-07 time=24.218
After sweep 19 energy=-16.137575524178743  maxlinkdim=600 maxerr=1.15E-06 time=29.763
After sweep 20 energy=-16.257999244339956  maxlinkdim=600 maxerr=1.53E-06 time=28.439
After sweep 21 energy=-16.34445850621636  maxlinkdim=600 maxerr=1.63E-06 time=32.283
After sweep 22 energy=-16.404186678082784  maxlinkdim=600 maxerr=1.48E-06 time=37.830
After sweep 23 energy=-16.455557993634464  maxlinkdim=600 maxerr=1.57E-06 time=31.556
After sweep 24 energy=-16.513702389584505  maxlinkdim=600 maxerr=2.02E-06 time=26.418
After sweep 25 energy=-16.575835814012542  maxlinkdim=600 maxerr=2.42E-06 time=25.943
After sweep 26 energy=-16.623358630516844  maxlinkdim=600 maxerr=2.23E-06 time=30.146
After sweep 27 energy=-16.650829289098095  maxlinkdim=600 maxerr=1.94E-06 time=28.813
After sweep 28 energy=-16.66500338969962  maxlinkdim=600 maxerr=1.73E-06 time=32.534
After sweep 29 energy=-16.674327640779012  maxlinkdim=600 maxerr=1.43E-05 time=31.630
After sweep 30 energy=-16.679139750498678  maxlinkdim=600 maxerr=1.28E-05 time=39.009
After sweep 31 energy=-16.679510555386  maxlinkdim=600 maxerr=5.45E-06 time=38.802
After sweep 32 energy=-16.679555725492715  maxlinkdim=600 maxerr=5.00E-06 time=29.491
After sweep 33 energy=-16.679562613407235  maxlinkdim=600 maxerr=4.93E-06 time=43.803
After sweep 34 energy=-16.679564194059544  maxlinkdim=600 maxerr=4.89E-06 time=44.231
After sweep 35 energy=-16.679564612946464  maxlinkdim=600 maxerr=4.89E-06 time=47.873
After sweep 36 energy=-16.679564678650625  maxlinkdim=600 maxerr=4.89E-06 time=45.750
After sweep 37 energy=-16.679564723080954  maxlinkdim=600 maxerr=4.90E-06 time=46.298
After sweep 38 energy=-16.679564644400152  maxlinkdim=600 maxerr=4.90E-06 time=44.533
After sweep 39 energy=-16.67956464358118  maxlinkdim=600 maxerr=4.90E-06 time=44.412
After sweep 40 energy=-16.67956463402677  maxlinkdim=600 maxerr=4.90E-06 time=45.870
E(N) = -16.67956463402677
Calculating E(N+1)...
After sweep 1 energy=-2.602595951890237  maxlinkdim=11 maxerr=9.37E-11 time=0.167
After sweep 2 energy=-6.878527360854781  maxlinkdim=106 maxerr=9.98E-11 time=0.737
After sweep 3 energy=-9.510133941557632  maxlinkdim=510 maxerr=1.00E-10 time=3.467
After sweep 4 energy=-11.000817355880095  maxlinkdim=600 maxerr=4.09E-09 time=27.386
After sweep 5 energy=-11.80233721793595  maxlinkdim=600 maxerr=1.42E-08 time=44.158
After sweep 6 energy=-12.466645228261925  maxlinkdim=600 maxerr=3.03E-08 time=26.952
After sweep 7 energy=-12.960700990331402  maxlinkdim=600 maxerr=4.88E-08 time=26.677
After sweep 8 energy=-13.197400295136775  maxlinkdim=600 maxerr=5.46E-08 time=25.690
After sweep 9 energy=-13.589966929430865  maxlinkdim=600 maxerr=1.18E-07 time=23.851
After sweep 10 energy=-13.876798398839984  maxlinkdim=600 maxerr=1.08E-07 time=29.176
After sweep 11 energy=-13.997074023035355  maxlinkdim=600 maxerr=9.03E-08 time=27.142
After sweep 12 energy=-14.11745776264319  maxlinkdim=600 maxerr=1.24E-07 time=23.739
After sweep 13 energy=-14.303880224885841  maxlinkdim=600 maxerr=2.36E-07 time=30.089
After sweep 14 energy=-14.490247998783419  maxlinkdim=600 maxerr=2.97E-07 time=23.675
After sweep 15 energy=-14.587297787514295  maxlinkdim=600 maxerr=2.24E-07 time=34.788
After sweep 16 energy=-14.637128523587858  maxlinkdim=600 maxerr=1.51E-07 time=31.207
After sweep 17 energy=-14.678618156450295  maxlinkdim=600 maxerr=1.37E-07 time=27.822
After sweep 18 energy=-14.728839881117835  maxlinkdim=600 maxerr=1.52E-07 time=29.547
After sweep 19 energy=-14.78603729587632  maxlinkdim=600 maxerr=2.02E-07 time=28.459
After sweep 20 energy=-14.831072401540373  maxlinkdim=600 maxerr=2.61E-07 time=27.967
After sweep 21 energy=-14.856120132819951  maxlinkdim=600 maxerr=2.90E-07 time=28.471
After sweep 22 energy=-14.86786940254438  maxlinkdim=600 maxerr=2.71E-07 time=28.727
After sweep 23 energy=-14.873217509888255  maxlinkdim=600 maxerr=2.59E-07 time=28.185
After sweep 24 energy=-14.875787869113825  maxlinkdim=600 maxerr=2.75E-07 time=31.772
After sweep 25 energy=-14.87712146159604  maxlinkdim=600 maxerr=2.80E-07 time=40.156
After sweep 26 energy=-14.87819784330939  maxlinkdim=600 maxerr=1.42E-06 time=37.600
After sweep 27 energy=-14.878700971284323  maxlinkdim=600 maxerr=9.93E-07 time=42.810
After sweep 28 energy=-14.878885326468668  maxlinkdim=600 maxerr=8.34E-07 time=31.844
After sweep 29 energy=-14.879040756919297  maxlinkdim=600 maxerr=7.51E-07 time=38.068
After sweep 30 energy=-14.879173710177858  maxlinkdim=600 maxerr=7.38E-07 time=36.246
After sweep 31 energy=-14.879294277963778  maxlinkdim=600 maxerr=7.27E-07 time=40.904
After sweep 32 energy=-14.879406492199974  maxlinkdim=600 maxerr=7.19E-07 time=30.264
After sweep 33 energy=-14.879517686101392  maxlinkdim=600 maxerr=8.63E-07 time=30.288
After sweep 34 energy=-14.879625312953342  maxlinkdim=600 maxerr=8.14E-07 time=31.770
After sweep 35 energy=-14.879730019109612  maxlinkdim=600 maxerr=8.02E-07 time=32.580
After sweep 36 energy=-14.87983572818597  maxlinkdim=600 maxerr=7.94E-07 time=33.308
After sweep 37 energy=-14.879939623711651  maxlinkdim=600 maxerr=7.89E-07 time=30.562
After sweep 38 energy=-14.880044436426237  maxlinkdim=600 maxerr=7.86E-07 time=33.317
After sweep 39 energy=-14.88015181531689  maxlinkdim=600 maxerr=7.88E-07 time=30.699
After sweep 40 energy=-14.880263512851542  maxlinkdim=600 maxerr=7.89E-07 time=36.894
E(N+1) = -14.880263512851542
Calculating E(N+2)...
After sweep 1 energy=-2.405007264888046  maxlinkdim=16 maxerr=9.44E-11 time=0.157
After sweep 2 energy=-5.501010414512415  maxlinkdim=121 maxerr=9.95E-11 time=0.916
After sweep 3 energy=-7.458582995259144  maxlinkdim=442 maxerr=9.99E-11 time=3.208
After sweep 4 energy=-8.85716413722254  maxlinkdim=600 maxerr=2.14E-09 time=19.859
After sweep 5 energy=-9.714893461394398  maxlinkdim=600 maxerr=1.23E-08 time=37.902
After sweep 6 energy=-10.635304369613822  maxlinkdim=600 maxerr=4.52E-08 time=39.633
After sweep 7 energy=-11.044652874366289  maxlinkdim=600 maxerr=2.45E-08 time=31.425
After sweep 8 energy=-11.522512293499423  maxlinkdim=600 maxerr=2.68E-08 time=30.083
After sweep 9 energy=-11.959453998391943  maxlinkdim=600 maxerr=2.78E-08 time=27.129
After sweep 10 energy=-12.103249556597875  maxlinkdim=600 maxerr=1.59E-08 time=22.493
After sweep 11 energy=-12.268093196553941  maxlinkdim=600 maxerr=1.63E-08 time=22.014
After sweep 12 energy=-12.596017843226186  maxlinkdim=600 maxerr=2.31E-08 time=24.462
After sweep 13 energy=-12.77810526919987  maxlinkdim=600 maxerr=2.25E-08 time=22.777
After sweep 14 energy=-12.827089232831408  maxlinkdim=600 maxerr=8.25E-09 time=21.764
After sweep 15 energy=-12.858542660399442  maxlinkdim=600 maxerr=5.50E-09 time=24.050
After sweep 16 energy=-12.905218601745197  maxlinkdim=600 maxerr=8.68E-09 time=23.513
After sweep 17 energy=-13.023506356713321  maxlinkdim=600 maxerr=1.91E-08 time=23.083
After sweep 18 energy=-13.180239877154985  maxlinkdim=600 maxerr=2.24E-08 time=22.059
After sweep 19 energy=-13.236913555650684  maxlinkdim=600 maxerr=2.03E-08 time=23.019
After sweep 20 energy=-13.24766035731892  maxlinkdim=600 maxerr=9.82E-09 time=22.807
After sweep 21 energy=-13.249580335403392  maxlinkdim=600 maxerr=4.26E-09 time=23.652
After sweep 22 energy=-13.24995235519567  maxlinkdim=600 maxerr=2.02E-09 time=26.421
After sweep 23 energy=-13.250030486859393  maxlinkdim=600 maxerr=1.45E-09 time=27.822
After sweep 24 energy=-13.250049896410912  maxlinkdim=600 maxerr=6.28E-09 time=39.329
After sweep 25 energy=-13.250053888303796  maxlinkdim=600 maxerr=4.13E-09 time=30.928
After sweep 26 energy=-13.250054218907731  maxlinkdim=600 maxerr=3.01E-09 time=34.389
After sweep 27 energy=-13.250054234015298  maxlinkdim=600 maxerr=2.66E-09 time=41.027
After sweep 28 energy=-13.250054235359363  maxlinkdim=600 maxerr=2.63E-09 time=29.443
After sweep 29 energy=-13.250054236173586  maxlinkdim=600 maxerr=2.64E-09 time=27.636
After sweep 30 energy=-13.250054236449193  maxlinkdim=600 maxerr=2.64E-09 time=27.239
After sweep 31 energy=-13.250054236445743  maxlinkdim=600 maxerr=2.64E-09 time=25.787
After sweep 32 energy=-13.25005423647848  maxlinkdim=600 maxerr=2.64E-09 time=32.236
After sweep 33 energy=-13.250054236589786  maxlinkdim=600 maxerr=2.64E-09 time=32.890
After sweep 34 energy=-13.250054236580358  maxlinkdim=600 maxerr=2.64E-09 time=31.823
After sweep 35 energy=-13.250054236569333  maxlinkdim=600 maxerr=2.64E-09 time=33.633
After sweep 36 energy=-13.25005423649992  maxlinkdim=600 maxerr=2.64E-09 time=31.166
After sweep 37 energy=-13.25005423686259  maxlinkdim=600 maxerr=2.64E-09 time=41.500
After sweep 38 energy=-13.250054237050627  maxlinkdim=600 maxerr=2.64E-09 time=35.297
After sweep 39 energy=-13.250054237047687  maxlinkdim=600 maxerr=2.64E-09 time=32.770
After sweep 40 energy=-13.250054237122189  maxlinkdim=600 maxerr=2.64E-09 time=29.950
E(N+2) = -13.250054237122189
RESULT: E_p = -0.16909184544587674
