Calculating pair binding energy for ladder
L=64, U=8.0, V=0.0, t0=0.8, density=0.9375
============================================================
Pair binding energy for Hubbard ladder
L = 64 rungs, 128 sites
U = 8.0, V = 0.0, t = 1.0, t0 = 0.8, density = 0.9375
N_base = 120
============================================================

[1/3] Computing E(N-2=118)
  Initial state: 118 particles (59 up, 59 dn)
After sweep 1 energy=-42.80580671183163  maxlinkdim=20 maxerr=4.19E-04 time=47.982
After sweep 2 energy=-53.39239510542641  maxlinkdim=50 maxerr=2.42E-05 time=28.901
After sweep 3 energy=-56.00357575283799  maxlinkdim=100 maxerr=3.23E-06 time=42.074
After sweep 4 energy=-57.27109761712559  maxlinkdim=200 maxerr=4.99E-07 time=61.653
After sweep 5 energy=-59.10787286107382  maxlinkdim=924 maxerr=1.00E-10 time=78.281
After sweep 6 energy=-60.05804587282389  maxlinkdim=1000 maxerr=2.10E-09 time=101.505
After sweep 7 energy=-60.731696915274384  maxlinkdim=1000 maxerr=7.42E-09 time=112.668
After sweep 8 energy=-61.39593623260151  maxlinkdim=1000 maxerr=1.71E-08 time=120.653
After sweep 9 energy=-61.94883225413882  maxlinkdim=1000 maxerr=2.37E-08 time=131.405
After sweep 10 energy=-62.46723565475122  maxlinkdim=1000 maxerr=5.28E-08 time=134.869
After sweep 11 energy=-62.915870483159914  maxlinkdim=1000 maxerr=9.32E-08 time=135.863
After sweep 12 energy=-63.358140376614244  maxlinkdim=1000 maxerr=2.25E-07 time=138.686
After sweep 13 energy=-63.66470861557813  maxlinkdim=1000 maxerr=3.89E-07 time=143.948
After sweep 14 energy=-63.85658948570757  maxlinkdim=1000 maxerr=3.23E-07 time=148.008
After sweep 15 energy=-64.06009281728973  maxlinkdim=1000 maxerr=9.06E-07 time=150.728
After sweep 16 energy=-64.26119885417812  maxlinkdim=1000 maxerr=1.05E-05 time=165.262
After sweep 17 energy=-64.42752073819194  maxlinkdim=1000 maxerr=9.51E-07 time=169.084
After sweep 18 energy=-64.57106477538336  maxlinkdim=1000 maxerr=4.42E-07 time=172.208
After sweep 19 energy=-64.68458758998146  maxlinkdim=1000 maxerr=3.72E-07 time=176.888
After sweep 20 energy=-64.78823945183545  maxlinkdim=1000 maxerr=5.04E-07 time=179.830
After sweep 21 energy=-64.87631098298876  maxlinkdim=1000 maxerr=5.22E-07 time=179.361
After sweep 22 energy=-64.96834187103144  maxlinkdim=1000 maxerr=6.56E-07 time=183.712
After sweep 23 energy=-65.03251816261603  maxlinkdim=1000 maxerr=2.99E-07 time=182.283
After sweep 24 energy=-65.10247315723221  maxlinkdim=1000 maxerr=7.72E-07 time=181.434
After sweep 25 energy=-65.16811337949571  maxlinkdim=1000 maxerr=1.26E-06 time=182.591
After sweep 26 energy=-65.22526562731169  maxlinkdim=1000 maxerr=8.51E-07 time=184.239
After sweep 27 energy=-65.27529681722967  maxlinkdim=1000 maxerr=1.05E-06 time=182.933
After sweep 28 energy=-65.3251369644592  maxlinkdim=1000 maxerr=2.15E-06 time=181.124
After sweep 29 energy=-65.37036658556924  maxlinkdim=1000 maxerr=3.71E-06 time=180.266
After sweep 30 energy=-65.4100068976856  maxlinkdim=1000 maxerr=2.02E-06 time=182.272
After sweep 31 energy=-65.44460934579574  maxlinkdim=1000 maxerr=1.01E-06 time=183.663
After sweep 32 energy=-65.48899375028383  maxlinkdim=1000 maxerr=6.53E-06 time=182.990
After sweep 33 energy=-65.52496271055838  maxlinkdim=1000 maxerr=2.15E-06 time=188.035
After sweep 34 energy=-65.56260645547907  maxlinkdim=1000 maxerr=3.25E-06 time=188.447
After sweep 35 energy=-65.59579363913535  maxlinkdim=1000 maxerr=3.66E-06 time=186.568
After sweep 36 energy=-65.63248821534218  maxlinkdim=1000 maxerr=6.40E-06 time=184.780
After sweep 37 energy=-65.66685929479333  maxlinkdim=1000 maxerr=6.95E-06 time=185.292
After sweep 38 energy=-65.69626113554082  maxlinkdim=1000 maxerr=6.31E-06 time=183.688
After sweep 39 energy=-65.72282130883912  maxlinkdim=1000 maxerr=4.20E-06 time=182.169
After sweep 40 energy=-65.75038415348162  maxlinkdim=1000 maxerr=7.32E-06 time=180.553
After sweep 41 energy=-65.77431063510095  maxlinkdim=1000 maxerr=5.14E-06 time=176.975
After sweep 42 energy=-65.79527333374023  maxlinkdim=1000 maxerr=3.64E-06 time=176.633
After sweep 43 energy=-65.8449296190387  maxlinkdim=1000 maxerr=9.56E-06 time=174.985
After sweep 44 energy=-65.8913218061908  maxlinkdim=1000 maxerr=9.44E-06 time=180.528
After sweep 45 energy=-65.91977885649658  maxlinkdim=1000 maxerr=1.11E-05 time=183.845
After sweep 46 energy=-65.94188758816048  maxlinkdim=1000 maxerr=1.78E-05 time=182.995
After sweep 47 energy=-65.95943989332534  maxlinkdim=1000 maxerr=1.52E-05 time=179.592
After sweep 48 energy=-65.97233326198415  maxlinkdim=1000 maxerr=1.28E-05 time=185.503
After sweep 49 energy=-65.98225457575383  maxlinkdim=1000 maxerr=1.72E-05 time=184.403
After sweep 50 energy=-65.99013180298573  maxlinkdim=1000 maxerr=1.45E-05 time=181.920
After sweep 51 energy=-65.99665957347503  maxlinkdim=1000 maxerr=1.17E-05 time=182.967
After sweep 52 energy=-66.00084504566722  maxlinkdim=1000 maxerr=1.06E-05 time=183.786
After sweep 53 energy=-66.0032937485753  maxlinkdim=1000 maxerr=1.03E-05 time=182.892
After sweep 54 energy=-66.0046535770776  maxlinkdim=1000 maxerr=9.61E-06 time=183.330
After sweep 55 energy=-66.00541439895245  maxlinkdim=1000 maxerr=9.17E-06 time=184.727
After sweep 56 energy=-66.00584942385606  maxlinkdim=1000 maxerr=8.99E-06 time=181.772
After sweep 57 energy=-66.00609891373468  maxlinkdim=1000 maxerr=8.91E-06 time=182.453
After sweep 58 energy=-66.0062462487039  maxlinkdim=1000 maxerr=8.97E-06 time=182.756
After sweep 59 energy=-66.00633245280758  maxlinkdim=1000 maxerr=8.89E-06 time=181.925
After sweep 60 energy=-66.00638141214993  maxlinkdim=1000 maxerr=8.84E-06 time=186.818
After sweep 61 energy=-66.00641314245821  maxlinkdim=1000 maxerr=8.81E-06 time=183.457
After sweep 62 energy=-66.0064343536264  maxlinkdim=1000 maxerr=8.83E-06 time=184.927
After sweep 63 energy=-66.00644410513735  maxlinkdim=1000 maxerr=8.86E-06 time=181.457
After sweep 64 energy=-66.00645175641824  maxlinkdim=1000 maxerr=8.88E-06 time=184.376
After sweep 65 energy=-66.00645970473138  maxlinkdim=1000 maxerr=8.91E-06 time=184.796
After sweep 66 energy=-66.0064674255361  maxlinkdim=1000 maxerr=8.94E-06 time=183.828
After sweep 67 energy=-66.00646948129504  maxlinkdim=1000 maxerr=8.94E-06 time=180.636
After sweep 68 energy=-66.00647279545485  maxlinkdim=1000 maxerr=8.94E-06 time=181.476
After sweep 69 energy=-66.00647634092215  maxlinkdim=1000 maxerr=8.93E-06 time=185.631
After sweep 70 energy=-66.00647827051496  maxlinkdim=1000 maxerr=8.93E-06 time=182.300
After sweep 71 energy=-66.00647873676424  maxlinkdim=1000 maxerr=8.92E-06 time=185.600
After sweep 72 energy=-66.00647931096758  maxlinkdim=1000 maxerr=8.89E-06 time=189.187
After sweep 73 energy=-66.00648222933951  maxlinkdim=1000 maxerr=8.87E-06 time=187.604
After sweep 74 energy=-66.0064811895396  maxlinkdim=1000 maxerr=8.86E-06 time=182.012
After sweep 75 energy=-66.00648181613072  maxlinkdim=1000 maxerr=8.85E-06 time=181.194
After sweep 76 energy=-66.00648330958752  maxlinkdim=1000 maxerr=8.84E-06 time=185.738
After sweep 77 energy=-66.00648380183641  maxlinkdim=1000 maxerr=8.84E-06 time=181.277
After sweep 78 energy=-66.00648500420937  maxlinkdim=1000 maxerr=8.84E-06 time=183.438
After sweep 79 energy=-66.00648500839132  maxlinkdim=1000 maxerr=8.84E-06 time=186.115
After sweep 80 energy=-66.00648569808895  maxlinkdim=1000 maxerr=8.84E-06 time=180.899
After sweep 81 energy=-66.00648582612003  maxlinkdim=1000 maxerr=8.83E-06 time=184.477
After sweep 82 energy=-66.00648533297475  maxlinkdim=1000 maxerr=8.83E-06 time=184.087
After sweep 83 energy=-66.0064857374847  maxlinkdim=1000 maxerr=8.84E-06 time=176.543
After sweep 84 energy=-66.00648649057949  maxlinkdim=1000 maxerr=8.84E-06 time=181.519
After sweep 85 energy=-66.00648602445264  maxlinkdim=1000 maxerr=8.84E-06 time=181.792
After sweep 86 energy=-66.00648653542696  maxlinkdim=1000 maxerr=8.84E-06 time=179.731
After sweep 87 energy=-66.00648681744056  maxlinkdim=1000 maxerr=8.84E-06 time=181.003
After sweep 88 energy=-66.00648687866301  maxlinkdim=1000 maxerr=8.84E-06 time=181.058
After sweep 89 energy=-66.00648673439193  maxlinkdim=1000 maxerr=8.84E-06 time=180.638
After sweep 90 energy=-66.00648773810168  maxlinkdim=1000 maxerr=8.83E-06 time=183.276
After sweep 91 energy=-66.00648821204231  maxlinkdim=1000 maxerr=8.83E-06 time=176.798
After sweep 92 energy=-66.0064888633092  maxlinkdim=1000 maxerr=8.84E-06 time=180.911
After sweep 93 energy=-66.00648976112012  maxlinkdim=1000 maxerr=8.84E-06 time=181.595
After sweep 94 energy=-66.00648930741986  maxlinkdim=1000 maxerr=8.84E-06 time=189.713
After sweep 95 energy=-66.0064890992127  maxlinkdim=1000 maxerr=8.84E-06 time=186.949
After sweep 96 energy=-66.00649028600857  maxlinkdim=1000 maxerr=8.84E-06 time=181.788
After sweep 97 energy=-66.00649005597161  maxlinkdim=1000 maxerr=8.84E-06 time=183.576
After sweep 98 energy=-66.00649016717986  maxlinkdim=1000 maxerr=8.84E-06 time=184.360
After sweep 99 energy=-66.00648991088548  maxlinkdim=1000 maxerr=8.83E-06 time=183.883
After sweep 100 energy=-66.0064895941293  maxlinkdim=1000 maxerr=8.83E-06 time=185.002
  E(N-2) = -66.0064895941293

[2/3] Computing E(N-1=119)
  Initial state: 119 particles (60 up, 59 dn)
After sweep 1 energy=-43.43348801002891  maxlinkdim=20 maxerr=4.02E-04 time=10.698
After sweep 2 energy=-53.87050402248168  maxlinkdim=50 maxerr=2.42E-05 time=24.009
After sweep 3 energy=-55.767327773195966  maxlinkdim=100 maxerr=3.28E-06 time=37.532
After sweep 4 energy=-56.83496675435013  maxlinkdim=200 maxerr=5.11E-07 time=59.808
After sweep 5 energy=-58.01192156435813  maxlinkdim=974 maxerr=1.00E-10 time=71.227
After sweep 6 energy=-59.02849674156557  maxlinkdim=1000 maxerr=1.07E-09 time=90.270
After sweep 7 energy=-59.82062956374709  maxlinkdim=1000 maxerr=5.46E-09 time=101.122
After sweep 8 energy=-60.43178595754028  maxlinkdim=1000 maxerr=9.81E-09 time=114.210
After sweep 9 energy=-60.875957106812656  maxlinkdim=1000 maxerr=2.08E-08 time=120.533
After sweep 10 energy=-61.28834432473926  maxlinkdim=1000 maxerr=4.37E-08 time=129.510
After sweep 11 energy=-61.61596340858222  maxlinkdim=1000 maxerr=5.85E-08 time=133.164
After sweep 12 energy=-61.88510077336428  maxlinkdim=1000 maxerr=8.84E-08 time=135.220
After sweep 13 energy=-62.14769851787639  maxlinkdim=1000 maxerr=2.91E-07 time=134.934
After sweep 14 energy=-62.361319741578235  maxlinkdim=1000 maxerr=1.86E-07 time=140.303
After sweep 15 energy=-62.50952006187954  maxlinkdim=1000 maxerr=2.03E-07 time=144.642
After sweep 16 energy=-62.70725311840161  maxlinkdim=1000 maxerr=4.76E-07 time=152.264
After sweep 17 energy=-62.811185160385605  maxlinkdim=1000 maxerr=1.29E-07 time=160.202
After sweep 18 energy=-62.909278438748565  maxlinkdim=1000 maxerr=2.18E-07 time=160.308
After sweep 19 energy=-63.04874393988518  maxlinkdim=1000 maxerr=1.78E-06 time=159.753
After sweep 20 energy=-63.14016540753228  maxlinkdim=1000 maxerr=3.27E-07 time=165.900
After sweep 21 energy=-63.21763401603802  maxlinkdim=1000 maxerr=1.99E-07 time=170.159
After sweep 22 energy=-63.28496064590132  maxlinkdim=1000 maxerr=2.06E-07 time=171.457
After sweep 23 energy=-63.348948250354105  maxlinkdim=1000 maxerr=2.47E-07 time=172.119
After sweep 24 energy=-63.41785104866891  maxlinkdim=1000 maxerr=9.51E-07 time=173.419
After sweep 25 energy=-63.4784946003896  maxlinkdim=1000 maxerr=3.15E-07 time=184.058
After sweep 26 energy=-63.53554995258143  maxlinkdim=1000 maxerr=4.05E-07 time=182.094
After sweep 27 energy=-63.591609684729015  maxlinkdim=1000 maxerr=8.12E-07 time=177.549
After sweep 28 energy=-63.650865046291315  maxlinkdim=1000 maxerr=5.37E-06 time=180.613
After sweep 29 energy=-63.706998058591026  maxlinkdim=1000 maxerr=6.63E-06 time=180.494
After sweep 30 energy=-63.74623285195814  maxlinkdim=1000 maxerr=1.01E-06 time=178.419
After sweep 31 energy=-63.778973912218696  maxlinkdim=1000 maxerr=9.18E-07 time=183.624
After sweep 32 energy=-63.82064359980387  maxlinkdim=1000 maxerr=6.77E-06 time=183.990
After sweep 33 energy=-63.86397238765437  maxlinkdim=1000 maxerr=1.59E-05 time=181.733
After sweep 34 energy=-63.9071998942618  maxlinkdim=1000 maxerr=1.23E-05 time=186.463
After sweep 35 energy=-63.944400689138035  maxlinkdim=1000 maxerr=1.63E-05 time=184.391
After sweep 36 energy=-63.97585453179878  maxlinkdim=1000 maxerr=1.52E-05 time=185.640
After sweep 37 energy=-64.00421154143825  maxlinkdim=1000 maxerr=1.62E-05 time=179.637
After sweep 38 energy=-64.0308471442969  maxlinkdim=1000 maxerr=1.38E-05 time=179.501
After sweep 39 energy=-64.05792365502447  maxlinkdim=1000 maxerr=1.81E-05 time=181.074
After sweep 40 energy=-64.0870386574233  maxlinkdim=1000 maxerr=1.83E-05 time=184.643
After sweep 41 energy=-64.11180916824503  maxlinkdim=1000 maxerr=1.63E-05 time=184.458
After sweep 42 energy=-64.13235505464918  maxlinkdim=1000 maxerr=1.58E-05 time=187.678
After sweep 43 energy=-64.15065322737388  maxlinkdim=1000 maxerr=1.61E-05 time=185.239
After sweep 44 energy=-64.16654176750555  maxlinkdim=1000 maxerr=1.86E-05 time=181.284
After sweep 45 energy=-64.18020927771377  maxlinkdim=1000 maxerr=1.76E-05 time=184.269
After sweep 46 energy=-64.19266113665735  maxlinkdim=1000 maxerr=1.58E-05 time=185.973
After sweep 47 energy=-64.20511488463549  maxlinkdim=1000 maxerr=1.41E-05 time=184.071
After sweep 48 energy=-64.22074193292858  maxlinkdim=1000 maxerr=1.90E-05 time=186.312
After sweep 49 energy=-64.23414600425541  maxlinkdim=1000 maxerr=1.69E-05 time=182.768
After sweep 50 energy=-64.24553912788978  maxlinkdim=1000 maxerr=1.34E-05 time=176.324
After sweep 51 energy=-64.25486455301326  maxlinkdim=1000 maxerr=1.30E-05 time=181.555
After sweep 52 energy=-64.26156612625194  maxlinkdim=1000 maxerr=1.22E-05 time=181.623
After sweep 53 energy=-64.26612907300401  maxlinkdim=1000 maxerr=1.18E-05 time=179.392
After sweep 54 energy=-64.26899043020792  maxlinkdim=1000 maxerr=1.23E-05 time=183.076
After sweep 55 energy=-64.27077843610223  maxlinkdim=1000 maxerr=1.25E-05 time=181.075
After sweep 56 energy=-64.27193793157394  maxlinkdim=1000 maxerr=1.22E-05 time=181.704
After sweep 57 energy=-64.27269388342451  maxlinkdim=1000 maxerr=1.20E-05 time=186.105
After sweep 58 energy=-64.27320593767833  maxlinkdim=1000 maxerr=1.19E-05 time=181.309
After sweep 59 energy=-64.27354778769595  maxlinkdim=1000 maxerr=1.18E-05 time=180.053
After sweep 60 energy=-64.27379143697392  maxlinkdim=1000 maxerr=1.17E-05 time=179.718
After sweep 61 energy=-64.2739600049659  maxlinkdim=1000 maxerr=1.17E-05 time=179.028
After sweep 62 energy=-64.27408167535276  maxlinkdim=1000 maxerr=1.17E-05 time=180.509
After sweep 63 energy=-64.2741742340035  maxlinkdim=1000 maxerr=1.17E-05 time=174.322
After sweep 64 energy=-64.27424350195173  maxlinkdim=1000 maxerr=1.17E-05 time=175.514
After sweep 65 energy=-64.27429562089742  maxlinkdim=1000 maxerr=1.17E-05 time=177.760
After sweep 66 energy=-64.27433360597493  maxlinkdim=1000 maxerr=1.16E-05 time=173.052
After sweep 67 energy=-64.27437030899505  maxlinkdim=1000 maxerr=1.17E-05 time=176.608
After sweep 68 energy=-64.27439143919746  maxlinkdim=1000 maxerr=1.17E-05 time=177.673
After sweep 69 energy=-64.2744164903466  maxlinkdim=1000 maxerr=1.17E-05 time=180.537
After sweep 70 energy=-64.27443701338044  maxlinkdim=1000 maxerr=1.17E-05 time=184.044
After sweep 71 energy=-64.27445513309368  maxlinkdim=1000 maxerr=1.16E-05 time=187.747
After sweep 72 energy=-64.27447249553298  maxlinkdim=1000 maxerr=1.16E-05 time=186.507
After sweep 73 energy=-64.27448430155324  maxlinkdim=1000 maxerr=1.16E-05 time=187.433
After sweep 74 energy=-64.274496056062  maxlinkdim=1000 maxerr=1.16E-05 time=174.332
After sweep 75 energy=-64.27450465023249  maxlinkdim=1000 maxerr=1.17E-05 time=173.901
After sweep 76 energy=-64.2745103014241  maxlinkdim=1000 maxerr=1.17E-05 time=175.082
After sweep 77 energy=-64.27452139442943  maxlinkdim=1000 maxerr=1.17E-05 time=174.208
After sweep 78 energy=-64.27453080122089  maxlinkdim=1000 maxerr=1.17E-05 time=172.384
After sweep 79 energy=-64.27453884287918  maxlinkdim=1000 maxerr=1.17E-05 time=174.924
After sweep 80 energy=-64.27454376537541  maxlinkdim=1000 maxerr=1.17E-05 time=175.034
After sweep 81 energy=-64.2745486774712  maxlinkdim=1000 maxerr=1.17E-05 time=171.550
After sweep 82 energy=-64.2745573580602  maxlinkdim=1000 maxerr=1.17E-05 time=169.703
After sweep 83 energy=-64.2745622721795  maxlinkdim=1000 maxerr=1.17E-05 time=174.068
After sweep 84 energy=-64.27456658640756  maxlinkdim=1000 maxerr=1.17E-05 time=176.171
After sweep 85 energy=-64.2745708644383  maxlinkdim=1000 maxerr=1.17E-05 time=181.539
After sweep 86 energy=-64.27457580714183  maxlinkdim=1000 maxerr=1.17E-05 time=175.053
After sweep 87 energy=-64.27458221287306  maxlinkdim=1000 maxerr=1.17E-05 time=171.565
After sweep 88 energy=-64.27458636485288  maxlinkdim=1000 maxerr=1.17E-05 time=179.844
After sweep 89 energy=-64.27459015692382  maxlinkdim=1000 maxerr=1.17E-05 time=186.031
After sweep 90 energy=-64.27459092022653  maxlinkdim=1000 maxerr=1.17E-05 time=188.315
After sweep 91 energy=-64.27459678409336  maxlinkdim=1000 maxerr=1.17E-05 time=189.614
After sweep 92 energy=-64.2745999013878  maxlinkdim=1000 maxerr=1.17E-05 time=186.439
After sweep 93 energy=-64.2746030840902  maxlinkdim=1000 maxerr=1.17E-05 time=183.662
After sweep 94 energy=-64.27460685784469  maxlinkdim=1000 maxerr=1.17E-05 time=185.808
After sweep 95 energy=-64.27460983115654  maxlinkdim=1000 maxerr=1.17E-05 time=184.249
After sweep 96 energy=-64.27461314331092  maxlinkdim=1000 maxerr=1.17E-05 time=186.161
After sweep 97 energy=-64.27461425507255  maxlinkdim=1000 maxerr=1.17E-05 time=182.948
After sweep 98 energy=-64.27461815401298  maxlinkdim=1000 maxerr=1.17E-05 time=182.661
After sweep 99 energy=-64.27462149616922  maxlinkdim=1000 maxerr=1.17E-05 time=190.101
After sweep 100 energy=-64.274622542158  maxlinkdim=1000 maxerr=1.17E-05 time=190.347
  E(N-1) = -64.274622542158

[3/3] Computing E(N=120)
  Initial state: 120 particles (60 up, 60 dn)
After sweep 1 energy=-43.123024834391856  maxlinkdim=20 maxerr=4.03E-04 time=10.497
After sweep 2 energy=-53.691632230924256  maxlinkdim=50 maxerr=2.42E-05 time=25.428
After sweep 3 energy=-55.692023585268494  maxlinkdim=100 maxerr=3.30E-06 time=39.865
After sweep 4 energy=-56.62817468762828  maxlinkdim=200 maxerr=2.16E-07 time=59.904
After sweep 5 energy=-57.6388417161736  maxlinkdim=809 maxerr=1.00E-10 time=73.524
After sweep 6 energy=-58.49267929632342  maxlinkdim=1000 maxerr=7.69E-10 time=93.745
After sweep 7 energy=-59.203773418577626  maxlinkdim=1000 maxerr=1.25E-08 time=106.605
After sweep 8 energy=-59.640582936100174  maxlinkdim=1000 maxerr=8.09E-09 time=116.328
After sweep 9 energy=-59.964502930737204  maxlinkdim=1000 maxerr=9.51E-09 time=122.667
After sweep 10 energy=-60.231718492566344  maxlinkdim=1000 maxerr=1.45E-08 time=126.322
After sweep 11 energy=-60.4586221073905  maxlinkdim=1000 maxerr=1.73E-08 time=130.364
After sweep 12 energy=-60.70060681685725  maxlinkdim=1000 maxerr=4.48E-08 time=132.391
After sweep 13 energy=-60.908828894729005  maxlinkdim=1000 maxerr=4.72E-08 time=143.289
After sweep 14 energy=-61.088925733697145  maxlinkdim=1000 maxerr=5.94E-08 time=146.325
After sweep 15 energy=-61.239842342204405  maxlinkdim=1000 maxerr=1.25E-07 time=149.611
After sweep 16 energy=-61.395152723920454  maxlinkdim=1000 maxerr=4.79E-07 time=154.351
After sweep 17 energy=-61.500957573732215  maxlinkdim=1000 maxerr=2.07E-07 time=149.908
After sweep 18 energy=-61.588647669718625  maxlinkdim=1000 maxerr=2.07E-07 time=160.298
After sweep 19 energy=-61.700879984018485  maxlinkdim=1000 maxerr=2.86E-06 time=154.007
After sweep 20 energy=-61.79563152248086  maxlinkdim=1000 maxerr=1.03E-05 time=156.800
After sweep 21 energy=-61.88442271171419  maxlinkdim=1000 maxerr=9.32E-07 time=165.290
After sweep 22 energy=-61.944131976524645  maxlinkdim=1000 maxerr=1.15E-06 time=169.114
After sweep 23 energy=-61.99602984783407  maxlinkdim=1000 maxerr=2.64E-06 time=173.956
After sweep 24 energy=-62.044550716466254  maxlinkdim=1000 maxerr=6.19E-06 time=173.363
After sweep 25 energy=-62.086946344807906  maxlinkdim=1000 maxerr=9.50E-06 time=171.822
After sweep 26 energy=-62.122257427419065  maxlinkdim=1000 maxerr=1.06E-06 time=173.994
After sweep 27 energy=-62.157341034759256  maxlinkdim=1000 maxerr=3.81E-06 time=174.781
After sweep 28 energy=-62.18776748753503  maxlinkdim=1000 maxerr=3.68E-06 time=172.761
After sweep 29 energy=-62.21404448417098  maxlinkdim=1000 maxerr=6.07E-06 time=167.250
After sweep 30 energy=-62.23601930321259  maxlinkdim=1000 maxerr=1.55E-06 time=171.238
After sweep 31 energy=-62.25710388872419  maxlinkdim=1000 maxerr=1.31E-06 time=173.407
After sweep 32 energy=-62.277613518992766  maxlinkdim=1000 maxerr=1.47E-06 time=175.866
After sweep 33 energy=-62.29679844327948  maxlinkdim=1000 maxerr=1.59E-06 time=172.827
After sweep 34 energy=-62.31596072048455  maxlinkdim=1000 maxerr=1.65E-06 time=174.540
After sweep 35 energy=-62.34739214535665  maxlinkdim=1000 maxerr=1.16E-05 time=178.373
After sweep 36 energy=-62.38529430487115  maxlinkdim=1000 maxerr=1.50E-05 time=178.156
After sweep 37 energy=-62.414104604339116  maxlinkdim=1000 maxerr=1.18E-05 time=180.002
After sweep 38 energy=-62.44022493018687  maxlinkdim=1000 maxerr=1.79E-05 time=175.055
After sweep 39 energy=-62.46379471172306  maxlinkdim=1000 maxerr=1.39E-05 time=179.728
After sweep 40 energy=-62.48660556520016  maxlinkdim=1000 maxerr=1.87E-05 time=181.260
After sweep 41 energy=-62.50705903408375  maxlinkdim=1000 maxerr=1.42E-05 time=183.259
After sweep 42 energy=-62.52490817050792  maxlinkdim=1000 maxerr=1.14E-05 time=181.486
After sweep 43 energy=-62.54098473011794  maxlinkdim=1000 maxerr=1.33E-05 time=182.550
After sweep 44 energy=-62.55565817336486  maxlinkdim=1000 maxerr=1.04E-05 time=180.752
After sweep 45 energy=-62.570207565588696  maxlinkdim=1000 maxerr=1.19E-05 time=181.117
After sweep 46 energy=-62.58246357296075  maxlinkdim=1000 maxerr=1.43E-05 time=183.200
After sweep 47 energy=-62.59265574238049  maxlinkdim=1000 maxerr=1.09E-05 time=181.924
After sweep 48 energy=-62.60104345154265  maxlinkdim=1000 maxerr=1.07E-05 time=184.667
After sweep 49 energy=-62.60759395691567  maxlinkdim=1000 maxerr=1.00E-05 time=189.614
After sweep 50 energy=-62.61278175744279  maxlinkdim=1000 maxerr=9.41E-06 time=187.431
After sweep 51 energy=-62.61661485337005  maxlinkdim=1000 maxerr=9.18E-06 time=186.239
After sweep 52 energy=-62.61927142641025  maxlinkdim=1000 maxerr=7.86E-06 time=186.072
After sweep 53 energy=-62.62108803647959  maxlinkdim=1000 maxerr=7.36E-06 time=186.390
After sweep 54 energy=-62.622193824917034  maxlinkdim=1000 maxerr=7.13E-06 time=181.113
After sweep 55 energy=-62.62287416014993  maxlinkdim=1000 maxerr=6.83E-06 time=180.900
After sweep 56 energy=-62.6232894951193  maxlinkdim=1000 maxerr=6.77E-06 time=181.136
After sweep 57 energy=-62.623546972792234  maxlinkdim=1000 maxerr=6.73E-06 time=182.502
After sweep 58 energy=-62.623703502313354  maxlinkdim=1000 maxerr=6.65E-06 time=182.128
After sweep 59 energy=-62.62380507044205  maxlinkdim=1000 maxerr=6.62E-06 time=180.613
After sweep 60 energy=-62.62387093421923  maxlinkdim=1000 maxerr=6.63E-06 time=187.240
After sweep 61 energy=-62.62391883438797  maxlinkdim=1000 maxerr=6.63E-06 time=181.960
After sweep 62 energy=-62.62394105871917  maxlinkdim=1000 maxerr=6.68E-06 time=182.596
After sweep 63 energy=-62.62396339254411  maxlinkdim=1000 maxerr=6.70E-06 time=180.388
After sweep 64 energy=-62.6239808597134  maxlinkdim=1000 maxerr=6.64E-06 time=175.698
After sweep 65 energy=-62.62398900095949  maxlinkdim=1000 maxerr=6.62E-06 time=177.157
After sweep 66 energy=-62.62399836584025  maxlinkdim=1000 maxerr=6.61E-06 time=178.058
After sweep 67 energy=-62.624006701930554  maxlinkdim=1000 maxerr=6.63E-06 time=176.730
After sweep 68 energy=-62.6240086278062  maxlinkdim=1000 maxerr=6.63E-06 time=181.082
After sweep 69 energy=-62.62401258600419  maxlinkdim=1000 maxerr=6.65E-06 time=182.260
After sweep 70 energy=-62.62401540755297  maxlinkdim=1000 maxerr=6.65E-06 time=185.207
After sweep 71 energy=-62.624017209851736  maxlinkdim=1000 maxerr=6.66E-06 time=183.422
After sweep 72 energy=-62.62401895786827  maxlinkdim=1000 maxerr=6.67E-06 time=182.132
After sweep 73 energy=-62.62402192472298  maxlinkdim=1000 maxerr=6.67E-06 time=183.898
After sweep 74 energy=-62.62402226146871  maxlinkdim=1000 maxerr=6.66E-06 time=180.428
After sweep 75 energy=-62.62402415928914  maxlinkdim=1000 maxerr=6.67E-06 time=181.430
After sweep 76 energy=-62.6240256101775  maxlinkdim=1000 maxerr=6.67E-06 time=183.504
After sweep 77 energy=-62.6240267021696  maxlinkdim=1000 maxerr=6.66E-06 time=178.783
After sweep 78 energy=-62.624027714855586  maxlinkdim=1000 maxerr=6.66E-06 time=181.419
After sweep 79 energy=-62.62402895330703  maxlinkdim=1000 maxerr=6.66E-06 time=186.791
After sweep 80 energy=-62.62402759086621  maxlinkdim=1000 maxerr=6.66E-06 time=176.665
After sweep 81 energy=-62.62402861514301  maxlinkdim=1000 maxerr=6.66E-06 time=174.649
After sweep 82 energy=-62.624028636322706  maxlinkdim=1000 maxerr=6.66E-06 time=174.610
After sweep 83 energy=-62.624028801090176  maxlinkdim=1000 maxerr=6.67E-06 time=177.959
After sweep 84 energy=-62.62402904543879  maxlinkdim=1000 maxerr=6.67E-06 time=176.636
After sweep 85 energy=-62.62402920000984  maxlinkdim=1000 maxerr=6.67E-06 time=178.730
After sweep 86 energy=-62.62402914322185  maxlinkdim=1000 maxerr=6.67E-06 time=182.164
After sweep 87 energy=-62.624029528536624  maxlinkdim=1000 maxerr=6.67E-06 time=176.073
After sweep 88 energy=-62.624029534745794  maxlinkdim=1000 maxerr=6.67E-06 time=176.594
After sweep 89 energy=-62.62403099007316  maxlinkdim=1000 maxerr=6.67E-06 time=185.511
After sweep 90 energy=-62.62403026796308  maxlinkdim=1000 maxerr=6.66E-06 time=183.306
After sweep 91 energy=-62.624031791453916  maxlinkdim=1000 maxerr=6.65E-06 time=182.452
After sweep 92 energy=-62.62403261276716  maxlinkdim=1000 maxerr=6.65E-06 time=182.885
After sweep 93 energy=-62.62403170529828  maxlinkdim=1000 maxerr=6.64E-06 time=178.019
After sweep 94 energy=-62.62403254010255  maxlinkdim=1000 maxerr=6.65E-06 time=178.299
After sweep 95 energy=-62.62403245668013  maxlinkdim=1000 maxerr=6.65E-06 time=179.172
After sweep 96 energy=-62.624032043855195  maxlinkdim=1000 maxerr=6.65E-06 time=181.011
After sweep 97 energy=-62.62403235445968  maxlinkdim=1000 maxerr=6.65E-06 time=185.262
After sweep 98 energy=-62.62403223541875  maxlinkdim=1000 maxerr=6.64E-06 time=180.958
After sweep 99 energy=-62.62403263498063  maxlinkdim=1000 maxerr=6.65E-06 time=181.768
After sweep 100 energy=-62.624032499335925  maxlinkdim=1000 maxerr=6.65E-06 time=183.311
  E(N) = -62.624032499335925

============================================================
RESULTS:
  E(118) = -66.0064895941293
  E(119) = -64.274622542158
  E(120)     = -62.624032499335925
  E_p = -0.08127701  (attractive hole pairing)
============================================================
RESULT: E_p = -0.08127700914923253
