Calculating pair binding energy for ladder
L=64, U=4.0, V=0.0, t0=0.4, density=0.9375
============================================================
Pair binding energy for Hubbard ladder
L = 64 rungs, 128 sites
U = 4.0, V = 0.0, t = 1.0, t0 = 0.4, density = 0.9375
N_base = 120
============================================================

[1/3] Computing E(N-2=118)
  Initial state: 118 particles (59 up, 59 dn)
After sweep 1 energy=-66.87992122717611  maxlinkdim=20 maxerr=3.90E-03 time=48.160
After sweep 2 energy=-77.1021371274226  maxlinkdim=50 maxerr=9.99E-04 time=32.222
After sweep 3 energy=-80.84384927797777  maxlinkdim=100 maxerr=3.97E-04 time=44.918
After sweep 4 energy=-83.12118675910898  maxlinkdim=200 maxerr=2.09E-04 time=62.781
After sweep 5 energy=-84.5652214637978  maxlinkdim=1500 maxerr=3.36E-07 time=157.188
After sweep 6 energy=-85.19204374053315  maxlinkdim=1500 maxerr=2.33E-06 time=307.444
After sweep 7 energy=-85.66857006435002  maxlinkdim=1500 maxerr=2.40E-06 time=297.554
After sweep 8 energy=-86.04991684634557  maxlinkdim=1500 maxerr=9.98E-06 time=295.523
After sweep 9 energy=-86.3787269008634  maxlinkdim=1500 maxerr=5.28E-06 time=296.759
After sweep 10 energy=-86.65457255719029  maxlinkdim=1500 maxerr=2.02E-05 time=293.289
After sweep 11 energy=-86.87907357067157  maxlinkdim=1500 maxerr=3.07E-05 time=295.504
After sweep 12 energy=-87.05789502790789  maxlinkdim=1500 maxerr=3.30E-05 time=298.761
After sweep 13 energy=-87.22740033418468  maxlinkdim=1500 maxerr=2.21E-05 time=298.068
After sweep 14 energy=-87.36493889027349  maxlinkdim=1500 maxerr=2.56E-05 time=297.932
After sweep 15 energy=-87.48342158189358  maxlinkdim=1500 maxerr=2.11E-05 time=300.083
After sweep 16 energy=-87.60480141289023  maxlinkdim=1500 maxerr=2.39E-05 time=300.163
After sweep 17 energy=-87.71839899471543  maxlinkdim=1500 maxerr=2.00E-05 time=304.301
After sweep 18 energy=-87.8001580630687  maxlinkdim=1500 maxerr=2.47E-05 time=304.285
After sweep 19 energy=-87.86257838394461  maxlinkdim=1500 maxerr=3.36E-05 time=303.174
After sweep 20 energy=-87.9036458226763  maxlinkdim=1500 maxerr=3.65E-05 time=300.531
After sweep 21 energy=-87.93097222481254  maxlinkdim=1500 maxerr=2.69E-05 time=301.770
After sweep 22 energy=-87.94201682557069  maxlinkdim=1500 maxerr=2.17E-05 time=302.031
After sweep 23 energy=-87.94485205908788  maxlinkdim=1500 maxerr=1.92E-05 time=303.912
After sweep 24 energy=-87.94562290016468  maxlinkdim=1500 maxerr=1.90E-05 time=300.093
After sweep 25 energy=-87.94586815955775  maxlinkdim=1500 maxerr=1.91E-05 time=299.342
After sweep 26 energy=-87.94596848096838  maxlinkdim=1500 maxerr=1.90E-05 time=298.871
After sweep 27 energy=-87.94600732466219  maxlinkdim=1500 maxerr=1.90E-05 time=300.601
Stopping DMRG after sweep 27
  E(N-2) = -87.94600732466219

[2/3] Computing E(N-1=119)
  Initial state: 119 particles (60 up, 59 dn)
After sweep 1 energy=-67.16013343539522  maxlinkdim=20 maxerr=3.89E-03 time=9.723
After sweep 2 energy=-77.26910129960388  maxlinkdim=50 maxerr=1.14E-03 time=23.688
After sweep 3 energy=-80.80493661635651  maxlinkdim=100 maxerr=4.45E-04 time=33.877
After sweep 4 energy=-82.83962918262607  maxlinkdim=200 maxerr=2.25E-04 time=52.380
After sweep 5 energy=-84.02359145890148  maxlinkdim=1500 maxerr=3.17E-07 time=141.426
After sweep 6 energy=-84.5401981867967  maxlinkdim=1500 maxerr=5.28E-07 time=298.793
After sweep 7 energy=-84.93708314301131  maxlinkdim=1500 maxerr=2.83E-06 time=302.876
After sweep 8 energy=-85.2542358069234  maxlinkdim=1500 maxerr=2.63E-06 time=306.825
After sweep 9 energy=-85.49839162778896  maxlinkdim=1500 maxerr=3.13E-06 time=302.743
After sweep 10 energy=-85.68884638742857  maxlinkdim=1500 maxerr=1.14E-05 time=303.317
After sweep 11 energy=-85.84404491085346  maxlinkdim=1500 maxerr=7.51E-06 time=303.046
After sweep 12 energy=-85.9882991654785  maxlinkdim=1500 maxerr=4.17E-05 time=299.164
After sweep 13 energy=-86.1205076688277  maxlinkdim=1500 maxerr=4.66E-05 time=302.904
After sweep 14 energy=-86.23056420362431  maxlinkdim=1500 maxerr=2.79E-05 time=299.997
After sweep 15 energy=-86.33191624414634  maxlinkdim=1500 maxerr=1.83E-05 time=301.649
After sweep 16 energy=-86.41293344572799  maxlinkdim=1500 maxerr=1.96E-05 time=303.490
After sweep 17 energy=-86.47674721043043  maxlinkdim=1500 maxerr=1.92E-05 time=302.635
After sweep 18 energy=-86.53119394232657  maxlinkdim=1500 maxerr=2.06E-05 time=301.797
After sweep 19 energy=-86.57769904319528  maxlinkdim=1500 maxerr=2.68E-05 time=302.253
After sweep 20 energy=-86.61669640953211  maxlinkdim=1500 maxerr=4.23E-05 time=303.873
After sweep 21 energy=-86.65583657561638  maxlinkdim=1500 maxerr=2.83E-05 time=307.811
After sweep 22 energy=-86.68052238581102  maxlinkdim=1500 maxerr=2.93E-05 time=312.854
After sweep 23 energy=-86.70234372386709  maxlinkdim=1500 maxerr=2.53E-05 time=311.478
After sweep 24 energy=-86.71183212157594  maxlinkdim=1500 maxerr=2.44E-05 time=304.142
After sweep 25 energy=-86.71688268391125  maxlinkdim=1500 maxerr=2.20E-05 time=300.948
After sweep 26 energy=-86.7203819982211  maxlinkdim=1500 maxerr=2.18E-05 time=307.776
After sweep 27 energy=-86.72123778717187  maxlinkdim=1500 maxerr=2.15E-05 time=306.781
After sweep 28 energy=-86.72152584038483  maxlinkdim=1500 maxerr=2.13E-05 time=305.716
After sweep 29 energy=-86.72165496620109  maxlinkdim=1500 maxerr=2.12E-05 time=302.991
After sweep 30 energy=-86.72173244302162  maxlinkdim=1500 maxerr=2.12E-05 time=303.709
Stopping DMRG after sweep 30
  E(N-1) = -86.72173244302162

[3/3] Computing E(N=120)
  Initial state: 120 particles (60 up, 60 dn)
After sweep 1 energy=-67.92204084485138  maxlinkdim=20 maxerr=3.91E-03 time=9.424
After sweep 2 energy=-77.54715378332274  maxlinkdim=50 maxerr=1.12E-03 time=22.337
After sweep 3 energy=-80.6720402189121  maxlinkdim=100 maxerr=3.94E-04 time=31.514
After sweep 4 energy=-82.45200353777904  maxlinkdim=200 maxerr=2.44E-04 time=48.749
After sweep 5 energy=-83.5453545097072  maxlinkdim=1500 maxerr=2.02E-07 time=138.724
After sweep 6 energy=-83.95809920418752  maxlinkdim=1500 maxerr=8.46E-07 time=294.576
After sweep 7 energy=-84.2533962883209  maxlinkdim=1500 maxerr=8.26E-06 time=291.828
After sweep 8 energy=-84.46551768920497  maxlinkdim=1500 maxerr=2.22E-06 time=293.318
After sweep 9 energy=-84.65572128925415  maxlinkdim=1500 maxerr=1.69E-05 time=292.683
After sweep 10 energy=-84.80581853440378  maxlinkdim=1500 maxerr=9.58E-06 time=296.486
After sweep 11 energy=-84.944947489944  maxlinkdim=1500 maxerr=2.97E-05 time=291.654
After sweep 12 energy=-85.06231331938906  maxlinkdim=1500 maxerr=1.83E-05 time=297.323
After sweep 13 energy=-85.15813064589936  maxlinkdim=1500 maxerr=2.37E-05 time=293.244
After sweep 14 energy=-85.22889873647381  maxlinkdim=1500 maxerr=2.28E-05 time=297.826
After sweep 15 energy=-85.27813366677927  maxlinkdim=1500 maxerr=1.77E-05 time=303.520
After sweep 16 energy=-85.32185180476311  maxlinkdim=1500 maxerr=2.26E-05 time=297.883
After sweep 17 energy=-85.37229923554497  maxlinkdim=1500 maxerr=2.91E-05 time=310.454
After sweep 18 energy=-85.4134598499719  maxlinkdim=1500 maxerr=3.06E-05 time=314.062
After sweep 19 energy=-85.46089109911121  maxlinkdim=1500 maxerr=3.61E-05 time=295.736
After sweep 20 energy=-85.4855532219816  maxlinkdim=1500 maxerr=2.83E-05 time=296.435
After sweep 21 energy=-85.4938953507037  maxlinkdim=1500 maxerr=2.50E-05 time=297.242
After sweep 22 energy=-85.49665846752708  maxlinkdim=1500 maxerr=2.29E-05 time=296.401
After sweep 23 energy=-85.49762405250449  maxlinkdim=1500 maxerr=2.19E-05 time=297.034
After sweep 24 energy=-85.49796642017397  maxlinkdim=1500 maxerr=2.18E-05 time=293.197
After sweep 25 energy=-85.49810699898254  maxlinkdim=1500 maxerr=2.19E-05 time=294.090
After sweep 26 energy=-85.49817114021232  maxlinkdim=1500 maxerr=2.19E-05 time=298.688
Stopping DMRG after sweep 26
  E(N) = -85.49817114021232

============================================================
RESULTS:
  E(118) = -87.94600732466219
  E(119) = -86.72173244302162
  E(120)     = -85.49817114021232
  E_p = -0.00071358  (attractive hole pairing)
============================================================
RESULT: E_p = -0.0007135788312666591
