Calculating pair binding energy for ladder
L=64, U=8.0, V=0.8, t0=1.0, density=0.875
============================================================
Pair binding energy for Hubbard ladder
L = 64 rungs, 128 sites
U = 8.0, V = 0.8, t = 1.0, t0 = 1.0, density = 0.875
N_base = 112
============================================================

[1/3] Computing E(N-2=110)
  Initial state: 110 particles (55 up, 55 dn)
After sweep 1 energy=77.13595606241208  maxlinkdim=20 maxerr=4.36E-04 time=49.070
After sweep 2 energy=66.7030112767582  maxlinkdim=50 maxerr=7.00E-06 time=31.220
After sweep 3 energy=60.44717268370846  maxlinkdim=100 maxerr=3.59E-06 time=44.856
After sweep 4 energy=56.584453932482475  maxlinkdim=200 maxerr=9.14E-07 time=67.555
After sweep 5 energy=51.251004532199474  maxlinkdim=911 maxerr=1.00E-10 time=84.567
After sweep 6 energy=46.242991936026264  maxlinkdim=1000 maxerr=4.51E-09 time=112.100
After sweep 7 energy=42.07854252725916  maxlinkdim=1000 maxerr=2.76E-08 time=126.713
After sweep 8 energy=39.72612490003742  maxlinkdim=1000 maxerr=1.40E-08 time=138.298
After sweep 9 energy=37.067093130924604  maxlinkdim=1000 maxerr=1.51E-08 time=153.833
After sweep 10 energy=35.35936460817302  maxlinkdim=1000 maxerr=2.59E-08 time=156.123
After sweep 11 energy=33.895059672229614  maxlinkdim=1000 maxerr=2.99E-08 time=164.888
After sweep 12 energy=32.89363685280105  maxlinkdim=1000 maxerr=1.95E-08 time=166.613
After sweep 13 energy=32.017865116085325  maxlinkdim=1000 maxerr=2.68E-08 time=164.824
After sweep 14 energy=31.492598322639992  maxlinkdim=1000 maxerr=1.86E-08 time=176.267
After sweep 15 energy=31.000382200600306  maxlinkdim=1000 maxerr=1.50E-08 time=172.362
After sweep 16 energy=30.54045772677629  maxlinkdim=1000 maxerr=1.65E-08 time=181.248
After sweep 17 energy=30.06687184214045  maxlinkdim=1000 maxerr=2.02E-08 time=199.035
After sweep 18 energy=29.64264975074751  maxlinkdim=1000 maxerr=1.13E-07 time=191.012
After sweep 19 energy=29.203162745946692  maxlinkdim=1000 maxerr=2.91E-07 time=192.946
After sweep 20 energy=28.817205468576095  maxlinkdim=1000 maxerr=2.27E-08 time=194.835
After sweep 21 energy=28.364531532267655  maxlinkdim=1000 maxerr=2.99E-07 time=199.042
After sweep 22 energy=27.924476008570373  maxlinkdim=1000 maxerr=1.65E-07 time=194.085
After sweep 23 energy=27.53540765484614  maxlinkdim=1000 maxerr=9.08E-08 time=201.249
After sweep 24 energy=27.131080833302367  maxlinkdim=1000 maxerr=1.46E-07 time=198.965
After sweep 25 energy=26.74525421069731  maxlinkdim=1000 maxerr=2.23E-07 time=195.533
After sweep 26 energy=26.43420300934766  maxlinkdim=1000 maxerr=1.65E-07 time=194.731
After sweep 27 energy=26.15515924435914  maxlinkdim=1000 maxerr=1.53E-07 time=208.838
After sweep 28 energy=25.917754646159253  maxlinkdim=1000 maxerr=1.56E-07 time=210.606
After sweep 29 energy=25.687541675727438  maxlinkdim=1000 maxerr=1.74E-07 time=210.755
After sweep 30 energy=25.462012405948332  maxlinkdim=1000 maxerr=2.10E-07 time=208.537
After sweep 31 energy=25.185244901642605  maxlinkdim=1000 maxerr=1.17E-06 time=205.086
After sweep 32 energy=24.952420276133925  maxlinkdim=1000 maxerr=1.08E-06 time=206.939
After sweep 33 energy=24.776476083343827  maxlinkdim=1000 maxerr=6.29E-07 time=208.240
After sweep 34 energy=24.638219943033658  maxlinkdim=1000 maxerr=1.43E-06 time=203.993
After sweep 35 energy=24.50383327824935  maxlinkdim=1000 maxerr=2.27E-06 time=210.248
After sweep 36 energy=24.382109993437552  maxlinkdim=1000 maxerr=9.30E-07 time=210.081
After sweep 37 energy=24.245222291362264  maxlinkdim=1000 maxerr=2.55E-05 time=201.937
After sweep 38 energy=24.11637289367867  maxlinkdim=1000 maxerr=6.88E-06 time=200.909
After sweep 39 energy=24.004482936123676  maxlinkdim=1000 maxerr=2.04E-06 time=196.653
After sweep 40 energy=23.891229190107204  maxlinkdim=1000 maxerr=1.25E-05 time=203.649
After sweep 41 energy=23.790229312522705  maxlinkdim=1000 maxerr=4.02E-06 time=199.018
After sweep 42 energy=23.68707976981296  maxlinkdim=1000 maxerr=4.44E-06 time=198.833
After sweep 43 energy=23.581989815058687  maxlinkdim=1000 maxerr=3.64E-06 time=195.910
After sweep 44 energy=23.4750085689037  maxlinkdim=1000 maxerr=3.15E-06 time=195.194
After sweep 45 energy=23.389034576491753  maxlinkdim=1000 maxerr=4.03E-06 time=203.451
After sweep 46 energy=23.305538546528616  maxlinkdim=1000 maxerr=3.59E-06 time=206.266
After sweep 47 energy=23.213178417396648  maxlinkdim=1000 maxerr=3.50E-06 time=207.863
After sweep 48 energy=23.13312426051346  maxlinkdim=1000 maxerr=9.44E-06 time=209.488
After sweep 49 energy=23.043451390298056  maxlinkdim=1000 maxerr=3.66E-06 time=208.145
After sweep 50 energy=22.970110662568192  maxlinkdim=1000 maxerr=2.82E-06 time=209.979
After sweep 51 energy=22.894572466826048  maxlinkdim=1000 maxerr=1.56E-05 time=208.555
After sweep 52 energy=22.821538445367064  maxlinkdim=1000 maxerr=1.18E-05 time=204.355
After sweep 53 energy=22.751714230397386  maxlinkdim=1000 maxerr=1.40E-05 time=205.725
After sweep 54 energy=22.682884507888524  maxlinkdim=1000 maxerr=1.59E-05 time=204.925
After sweep 55 energy=22.618547713253292  maxlinkdim=1000 maxerr=1.46E-05 time=208.990
After sweep 56 energy=22.56009423984344  maxlinkdim=1000 maxerr=1.14E-05 time=203.722
After sweep 57 energy=22.504952675037167  maxlinkdim=1000 maxerr=1.04E-05 time=203.563
After sweep 58 energy=22.451446748349  maxlinkdim=1000 maxerr=1.04E-05 time=205.299
After sweep 59 energy=22.401999639236678  maxlinkdim=1000 maxerr=9.31E-06 time=203.585
After sweep 60 energy=22.35699538585754  maxlinkdim=1000 maxerr=8.62E-06 time=207.129
After sweep 61 energy=22.312629766448104  maxlinkdim=1000 maxerr=1.25E-05 time=204.662
After sweep 62 energy=22.115822057896324  maxlinkdim=1000 maxerr=1.57E-05 time=202.519
After sweep 63 energy=21.98864047809265  maxlinkdim=1000 maxerr=1.54E-05 time=210.836
After sweep 64 energy=21.92056367676964  maxlinkdim=1000 maxerr=2.14E-05 time=203.758
After sweep 65 energy=21.876531754728564  maxlinkdim=1000 maxerr=1.44E-05 time=208.536
After sweep 66 energy=21.851733007347143  maxlinkdim=1000 maxerr=1.47E-05 time=204.037
After sweep 67 energy=21.838327479432987  maxlinkdim=1000 maxerr=1.62E-05 time=208.732
After sweep 68 energy=21.83093952094855  maxlinkdim=1000 maxerr=1.53E-05 time=211.302
After sweep 69 energy=21.82695920603403  maxlinkdim=1000 maxerr=1.44E-05 time=207.078
After sweep 70 energy=21.825300427659794  maxlinkdim=1000 maxerr=1.37E-05 time=205.320
After sweep 71 energy=21.824489473110592  maxlinkdim=1000 maxerr=1.42E-05 time=204.712
After sweep 72 energy=21.823995054852137  maxlinkdim=1000 maxerr=1.45E-05 time=203.527
After sweep 73 energy=21.823653257705914  maxlinkdim=1000 maxerr=1.49E-05 time=203.514
After sweep 74 energy=21.823402624524842  maxlinkdim=1000 maxerr=1.51E-05 time=203.217
After sweep 75 energy=21.823208822700472  maxlinkdim=1000 maxerr=1.54E-05 time=204.158
After sweep 76 energy=21.823050725329896  maxlinkdim=1000 maxerr=1.55E-05 time=202.880
After sweep 77 energy=21.82293126482948  maxlinkdim=1000 maxerr=1.57E-05 time=205.325
After sweep 78 energy=21.822832143909263  maxlinkdim=1000 maxerr=1.58E-05 time=202.158
After sweep 79 energy=21.822759882510407  maxlinkdim=1000 maxerr=1.59E-05 time=195.304
After sweep 80 energy=21.82269646647595  maxlinkdim=1000 maxerr=1.60E-05 time=199.684
After sweep 81 energy=21.822650970679938  maxlinkdim=1000 maxerr=1.61E-05 time=193.518
After sweep 82 energy=21.82260712632501  maxlinkdim=1000 maxerr=1.62E-05 time=194.900
After sweep 83 energy=21.822577024771284  maxlinkdim=1000 maxerr=1.62E-05 time=210.603
After sweep 84 energy=21.822553885147794  maxlinkdim=1000 maxerr=1.62E-05 time=210.343
After sweep 85 energy=21.822531467425744  maxlinkdim=1000 maxerr=1.62E-05 time=218.505
After sweep 86 energy=21.82251289141305  maxlinkdim=1000 maxerr=1.63E-05 time=222.059
After sweep 87 energy=21.822499297965653  maxlinkdim=1000 maxerr=1.63E-05 time=222.064
After sweep 88 energy=21.82248795276217  maxlinkdim=1000 maxerr=1.63E-05 time=217.498
After sweep 89 energy=21.82248129291019  maxlinkdim=1000 maxerr=1.63E-05 time=208.503
After sweep 90 energy=21.822472400564017  maxlinkdim=1000 maxerr=1.63E-05 time=210.321
After sweep 91 energy=21.822465826410504  maxlinkdim=1000 maxerr=1.63E-05 time=207.177
After sweep 92 energy=21.8224627523466  maxlinkdim=1000 maxerr=1.63E-05 time=211.750
After sweep 93 energy=21.822459201034448  maxlinkdim=1000 maxerr=1.63E-05 time=209.157
After sweep 94 energy=21.82245580352288  maxlinkdim=1000 maxerr=1.63E-05 time=208.068
After sweep 95 energy=21.822451717587754  maxlinkdim=1000 maxerr=1.63E-05 time=210.845
After sweep 96 energy=21.822450076906474  maxlinkdim=1000 maxerr=1.63E-05 time=216.156
After sweep 97 energy=21.822450531240126  maxlinkdim=1000 maxerr=1.63E-05 time=216.379
After sweep 98 energy=21.822447413640003  maxlinkdim=1000 maxerr=1.64E-05 time=212.715
After sweep 99 energy=21.8224481263663  maxlinkdim=1000 maxerr=1.64E-05 time=212.655
After sweep 100 energy=21.822446648259902  maxlinkdim=1000 maxerr=1.64E-05 time=209.832
  E(N-2) = 21.822446648259902

[2/3] Computing E(N-1=111)
  Initial state: 111 particles (56 up, 55 dn)
After sweep 1 energy=76.62061140568107  maxlinkdim=20 maxerr=3.57E-04 time=10.733
After sweep 2 energy=67.04689325828451  maxlinkdim=50 maxerr=6.69E-06 time=23.113
After sweep 3 energy=61.43387504731815  maxlinkdim=100 maxerr=3.22E-06 time=33.867
After sweep 4 energy=57.472373493986716  maxlinkdim=200 maxerr=7.31E-07 time=59.248
After sweep 5 energy=53.75105511372157  maxlinkdim=699 maxerr=1.00E-10 time=71.846
After sweep 6 energy=47.90480236004776  maxlinkdim=1000 maxerr=3.99E-09 time=104.155
After sweep 7 energy=45.02607850454537  maxlinkdim=1000 maxerr=8.50E-09 time=122.681
After sweep 8 energy=42.44706635911337  maxlinkdim=1000 maxerr=2.35E-08 time=131.574
After sweep 9 energy=39.99293792047205  maxlinkdim=1000 maxerr=3.63E-08 time=133.025
After sweep 10 energy=38.73039197767401  maxlinkdim=1000 maxerr=3.88E-08 time=138.116
After sweep 11 energy=37.31062289019993  maxlinkdim=1000 maxerr=5.35E-08 time=141.577
After sweep 12 energy=36.05655303024221  maxlinkdim=1000 maxerr=6.38E-08 time=153.045
After sweep 13 energy=35.13023426273856  maxlinkdim=1000 maxerr=8.40E-08 time=163.869
After sweep 14 energy=34.36552381756407  maxlinkdim=1000 maxerr=6.91E-08 time=191.697
After sweep 15 energy=33.67669146940674  maxlinkdim=1000 maxerr=9.20E-08 time=190.320
After sweep 16 energy=33.0875265163357  maxlinkdim=1000 maxerr=7.48E-08 time=205.706
After sweep 17 energy=32.64205160421356  maxlinkdim=1000 maxerr=5.46E-08 time=210.606
After sweep 18 energy=32.22118475776831  maxlinkdim=1000 maxerr=6.39E-08 time=210.256
After sweep 19 energy=31.81803280342184  maxlinkdim=1000 maxerr=7.85E-08 time=212.335
After sweep 20 energy=31.467496784848098  maxlinkdim=1000 maxerr=7.10E-08 time=209.985
After sweep 21 energy=31.173198078479455  maxlinkdim=1000 maxerr=5.33E-08 time=211.008
After sweep 22 energy=30.892478035415298  maxlinkdim=1000 maxerr=7.63E-08 time=212.494
After sweep 23 energy=30.63509268192621  maxlinkdim=1000 maxerr=3.88E-07 time=207.249
After sweep 24 energy=30.388656861002687  maxlinkdim=1000 maxerr=1.54E-07 time=202.544
After sweep 25 energy=30.140656304716934  maxlinkdim=1000 maxerr=4.29E-06 time=200.409
After sweep 26 energy=29.90144761670913  maxlinkdim=1000 maxerr=3.31E-07 time=201.198
After sweep 27 energy=29.67166108006085  maxlinkdim=1000 maxerr=9.57E-07 time=205.968
After sweep 28 energy=29.441613575631393  maxlinkdim=1000 maxerr=3.21E-06 time=205.493
After sweep 29 energy=29.203470929310114  maxlinkdim=1000 maxerr=8.59E-06 time=205.537
After sweep 30 energy=29.009621216451755  maxlinkdim=1000 maxerr=6.75E-06 time=208.670
After sweep 31 energy=28.799901552613562  maxlinkdim=1000 maxerr=7.78E-07 time=205.925
After sweep 32 energy=28.618474928035543  maxlinkdim=1000 maxerr=3.05E-06 time=210.697
After sweep 33 energy=28.457157096179987  maxlinkdim=1000 maxerr=4.38E-06 time=207.253
After sweep 34 energy=28.261437797046337  maxlinkdim=1000 maxerr=1.47E-05 time=210.376
After sweep 35 energy=28.098672230856693  maxlinkdim=1000 maxerr=4.37E-06 time=206.197
After sweep 36 energy=27.953832771014717  maxlinkdim=1000 maxerr=2.21E-06 time=208.418
After sweep 37 energy=27.815416186686022  maxlinkdim=1000 maxerr=2.73E-06 time=210.865
After sweep 38 energy=27.69229163116774  maxlinkdim=1000 maxerr=6.39E-06 time=207.586
After sweep 39 energy=27.582930666141408  maxlinkdim=1000 maxerr=4.11E-06 time=207.163
After sweep 40 energy=27.46156022096688  maxlinkdim=1000 maxerr=4.57E-06 time=212.073
After sweep 41 energy=27.35590402413336  maxlinkdim=1000 maxerr=2.87E-06 time=211.836
After sweep 42 energy=27.25778125500353  maxlinkdim=1000 maxerr=1.12E-05 time=205.106
After sweep 43 energy=27.15314786539172  maxlinkdim=1000 maxerr=1.03E-05 time=206.812
After sweep 44 energy=27.06193929168094  maxlinkdim=1000 maxerr=7.43E-06 time=211.401
After sweep 45 energy=26.975467348040883  maxlinkdim=1000 maxerr=1.47E-05 time=208.276
After sweep 46 energy=26.889473685801686  maxlinkdim=1000 maxerr=9.37E-06 time=208.682
After sweep 47 energy=26.809822774042622  maxlinkdim=1000 maxerr=6.67E-06 time=213.095
After sweep 48 energy=26.7320746301389  maxlinkdim=1000 maxerr=1.13E-05 time=208.848
After sweep 49 energy=26.66122068799784  maxlinkdim=1000 maxerr=6.80E-06 time=208.124
After sweep 50 energy=26.587179658232603  maxlinkdim=1000 maxerr=7.43E-06 time=213.980
After sweep 51 energy=26.520330331952508  maxlinkdim=1000 maxerr=7.41E-06 time=210.562
After sweep 52 energy=26.453903534690177  maxlinkdim=1000 maxerr=1.37E-05 time=213.965
After sweep 53 energy=26.389784280518157  maxlinkdim=1000 maxerr=1.17E-05 time=216.904
After sweep 54 energy=26.32654979709118  maxlinkdim=1000 maxerr=1.48E-05 time=216.900
After sweep 55 energy=26.263044189260548  maxlinkdim=1000 maxerr=1.34E-05 time=210.912
After sweep 56 energy=26.205994346803543  maxlinkdim=1000 maxerr=1.15E-05 time=206.166
After sweep 57 energy=26.158205733204433  maxlinkdim=1000 maxerr=1.06E-05 time=211.254
After sweep 58 energy=26.107790307482055  maxlinkdim=1000 maxerr=1.26E-05 time=214.103
After sweep 59 energy=26.06442220073458  maxlinkdim=1000 maxerr=1.07E-05 time=213.771
After sweep 60 energy=26.02124881756282  maxlinkdim=1000 maxerr=1.08E-05 time=214.230
After sweep 61 energy=25.983413058068738  maxlinkdim=1000 maxerr=1.07E-05 time=216.178
After sweep 62 energy=25.94855556505071  maxlinkdim=1000 maxerr=9.86E-06 time=214.797
After sweep 63 energy=25.917115896180995  maxlinkdim=1000 maxerr=9.35E-06 time=214.503
After sweep 64 energy=25.887150844314903  maxlinkdim=1000 maxerr=9.64E-06 time=217.695
After sweep 65 energy=25.746306346424767  maxlinkdim=1000 maxerr=1.79E-05 time=212.736
After sweep 66 energy=25.666713978972048  maxlinkdim=1000 maxerr=1.83E-05 time=219.241
After sweep 67 energy=25.630748058067297  maxlinkdim=1000 maxerr=1.95E-05 time=215.090
After sweep 68 energy=25.61135053064544  maxlinkdim=1000 maxerr=2.28E-05 time=210.991
After sweep 69 energy=25.60108808817065  maxlinkdim=1000 maxerr=2.14E-05 time=218.213
After sweep 70 energy=25.59593068183293  maxlinkdim=1000 maxerr=1.93E-05 time=214.733
After sweep 71 energy=25.593454256668117  maxlinkdim=1000 maxerr=1.94E-05 time=210.100
After sweep 72 energy=25.59218247491823  maxlinkdim=1000 maxerr=1.91E-05 time=212.281
After sweep 73 energy=25.591451202702174  maxlinkdim=1000 maxerr=1.93E-05 time=211.989
After sweep 74 energy=25.59099626611398  maxlinkdim=1000 maxerr=1.96E-05 time=208.539
After sweep 75 energy=25.590685120722092  maxlinkdim=1000 maxerr=1.98E-05 time=218.052
After sweep 76 energy=25.590465538216474  maxlinkdim=1000 maxerr=1.99E-05 time=217.615
After sweep 77 energy=25.59028534268127  maxlinkdim=1000 maxerr=2.01E-05 time=214.272
After sweep 78 energy=25.59013978591132  maxlinkdim=1000 maxerr=2.02E-05 time=214.426
After sweep 79 energy=25.590027504640084  maxlinkdim=1000 maxerr=2.03E-05 time=215.218
After sweep 80 energy=25.589934270754966  maxlinkdim=1000 maxerr=2.03E-05 time=214.945
After sweep 81 energy=25.58984736682451  maxlinkdim=1000 maxerr=2.04E-05 time=205.256
After sweep 82 energy=25.589777059602238  maxlinkdim=1000 maxerr=2.04E-05 time=209.172
After sweep 83 energy=25.5897106342383  maxlinkdim=1000 maxerr=2.04E-05 time=215.237
After sweep 84 energy=25.589654578348995  maxlinkdim=1000 maxerr=2.04E-05 time=217.623
After sweep 85 energy=25.58960143097216  maxlinkdim=1000 maxerr=2.04E-05 time=215.241
After sweep 86 energy=25.589554842780935  maxlinkdim=1000 maxerr=2.04E-05 time=215.382
After sweep 87 energy=25.589513828354722  maxlinkdim=1000 maxerr=2.04E-05 time=207.295
After sweep 88 energy=25.589471011693817  maxlinkdim=1000 maxerr=2.04E-05 time=211.347
After sweep 89 energy=25.589432849641245  maxlinkdim=1000 maxerr=2.04E-05 time=209.850
After sweep 90 energy=25.589396425143384  maxlinkdim=1000 maxerr=2.04E-05 time=212.112
After sweep 91 energy=25.58936166309133  maxlinkdim=1000 maxerr=2.04E-05 time=210.894
After sweep 92 energy=25.589329460931065  maxlinkdim=1000 maxerr=2.04E-05 time=213.700
After sweep 93 energy=25.58929695612867  maxlinkdim=1000 maxerr=2.03E-05 time=208.090
After sweep 94 energy=25.589261829936934  maxlinkdim=1000 maxerr=2.03E-05 time=212.354
After sweep 95 energy=25.589233789111244  maxlinkdim=1000 maxerr=2.03E-05 time=209.463
After sweep 96 energy=25.58920400517676  maxlinkdim=1000 maxerr=2.03E-05 time=216.339
After sweep 97 energy=25.58917534694226  maxlinkdim=1000 maxerr=2.03E-05 time=213.322
After sweep 98 energy=25.58915000605113  maxlinkdim=1000 maxerr=2.03E-05 time=211.625
After sweep 99 energy=25.589123463511832  maxlinkdim=1000 maxerr=2.02E-05 time=212.416
After sweep 100 energy=25.589094486924537  maxlinkdim=1000 maxerr=2.02E-05 time=214.458
  E(N-1) = 25.589094486924537

[3/3] Computing E(N=112)
  Initial state: 112 particles (56 up, 56 dn)
After sweep 1 energy=78.69433761881608  maxlinkdim=20 maxerr=3.70E-04 time=11.957
After sweep 2 energy=68.24339219474429  maxlinkdim=50 maxerr=5.53E-06 time=28.500
After sweep 3 energy=61.013603621553074  maxlinkdim=100 maxerr=3.66E-06 time=43.697
After sweep 4 energy=57.176953888503704  maxlinkdim=200 maxerr=9.72E-07 time=64.358
After sweep 5 energy=52.44009266610523  maxlinkdim=882 maxerr=1.00E-10 time=78.831
After sweep 6 energy=48.660375991838144  maxlinkdim=1000 maxerr=4.37E-09 time=107.860
After sweep 7 energy=46.15901145592929  maxlinkdim=1000 maxerr=4.79E-09 time=119.070
After sweep 8 energy=43.31506882613071  maxlinkdim=1000 maxerr=1.23E-07 time=127.749
After sweep 9 energy=41.76806951777456  maxlinkdim=1000 maxerr=4.85E-08 time=137.598
After sweep 10 energy=40.06526425193219  maxlinkdim=1000 maxerr=1.46E-07 time=145.003
After sweep 11 energy=39.16133034581007  maxlinkdim=1000 maxerr=5.00E-08 time=156.333
After sweep 12 energy=38.076401616168  maxlinkdim=1000 maxerr=1.04E-07 time=173.933
After sweep 13 energy=37.09433357995511  maxlinkdim=1000 maxerr=2.30E-07 time=185.049
After sweep 14 energy=36.57431718162374  maxlinkdim=1000 maxerr=5.35E-08 time=185.869
After sweep 15 energy=36.14715500957724  maxlinkdim=1000 maxerr=1.66E-08 time=192.061
After sweep 16 energy=35.6842108231429  maxlinkdim=1000 maxerr=3.82E-08 time=199.589
After sweep 17 energy=35.247229665453666  maxlinkdim=1000 maxerr=4.70E-08 time=206.873
After sweep 18 energy=34.85731608572383  maxlinkdim=1000 maxerr=5.24E-08 time=206.245
After sweep 19 energy=34.454595105590755  maxlinkdim=1000 maxerr=8.04E-08 time=205.454
After sweep 20 energy=34.05628466575394  maxlinkdim=1000 maxerr=1.12E-07 time=202.690
After sweep 21 energy=33.67634925316854  maxlinkdim=1000 maxerr=1.45E-07 time=201.531
After sweep 22 energy=33.32821212733894  maxlinkdim=1000 maxerr=4.71E-07 time=203.261
After sweep 23 energy=33.035829850518226  maxlinkdim=1000 maxerr=2.26E-07 time=201.160
After sweep 24 energy=32.76572550154069  maxlinkdim=1000 maxerr=2.57E-07 time=203.555
After sweep 25 energy=32.52916064015931  maxlinkdim=1000 maxerr=2.89E-07 time=211.968
After sweep 26 energy=32.31270859728592  maxlinkdim=1000 maxerr=3.45E-06 time=209.844
After sweep 27 energy=32.122551966410256  maxlinkdim=1000 maxerr=8.35E-07 time=203.611
After sweep 28 energy=31.92165622752534  maxlinkdim=1000 maxerr=4.41E-07 time=210.310
After sweep 29 energy=31.681375868878877  maxlinkdim=1000 maxerr=2.53E-05 time=208.423
After sweep 30 energy=31.541428121379226  maxlinkdim=1000 maxerr=2.19E-06 time=204.190
After sweep 31 energy=31.37806990754761  maxlinkdim=1000 maxerr=1.24E-05 time=205.788
After sweep 32 energy=31.249955249480486  maxlinkdim=1000 maxerr=9.62E-07 time=210.613
After sweep 33 energy=31.12836009572851  maxlinkdim=1000 maxerr=2.68E-06 time=214.753
After sweep 34 energy=31.029728403776446  maxlinkdim=1000 maxerr=1.37E-06 time=207.425
After sweep 35 energy=30.943631740407067  maxlinkdim=1000 maxerr=1.94E-06 time=205.918
After sweep 36 energy=30.855664928181238  maxlinkdim=1000 maxerr=5.60E-06 time=212.794
After sweep 37 energy=30.7694763589585  maxlinkdim=1000 maxerr=4.96E-06 time=210.764
After sweep 38 energy=30.675311803911548  maxlinkdim=1000 maxerr=9.47E-06 time=213.164
After sweep 39 energy=30.596419985296027  maxlinkdim=1000 maxerr=8.55E-06 time=211.685
After sweep 40 energy=30.524417452864842  maxlinkdim=1000 maxerr=4.49E-06 time=211.275
After sweep 41 energy=30.451405473301886  maxlinkdim=1000 maxerr=6.06E-06 time=205.677
After sweep 42 energy=30.38278675142455  maxlinkdim=1000 maxerr=7.14E-06 time=207.732
After sweep 43 energy=30.31492437489285  maxlinkdim=1000 maxerr=1.35E-05 time=211.064
After sweep 44 energy=30.245715399821698  maxlinkdim=1000 maxerr=5.68E-06 time=210.041
After sweep 45 energy=30.18287242622598  maxlinkdim=1000 maxerr=6.66E-06 time=206.614
After sweep 46 energy=30.121242253261286  maxlinkdim=1000 maxerr=7.12E-06 time=210.318
After sweep 47 energy=30.06173704895578  maxlinkdim=1000 maxerr=7.72E-06 time=207.946
After sweep 48 energy=30.007038261018774  maxlinkdim=1000 maxerr=6.79E-06 time=207.319
After sweep 49 energy=29.955509314995652  maxlinkdim=1000 maxerr=1.23E-05 time=208.935
After sweep 50 energy=29.90811762230009  maxlinkdim=1000 maxerr=8.03E-06 time=207.925
After sweep 51 energy=29.86196733073207  maxlinkdim=1000 maxerr=9.05E-06 time=212.929
After sweep 52 energy=29.805111412941994  maxlinkdim=1000 maxerr=2.42E-05 time=209.731
After sweep 53 energy=29.76054354914763  maxlinkdim=1000 maxerr=2.74E-05 time=211.643
After sweep 54 energy=29.59248455155763  maxlinkdim=1000 maxerr=1.83E-05 time=211.890
After sweep 55 energy=29.4859586129393  maxlinkdim=1000 maxerr=1.10E-05 time=217.954
After sweep 56 energy=29.433083978733833  maxlinkdim=1000 maxerr=1.68E-05 time=217.695
After sweep 57 energy=29.39471553983506  maxlinkdim=1000 maxerr=2.24E-05 time=213.000
After sweep 58 energy=29.370386168927574  maxlinkdim=1000 maxerr=1.22E-05 time=210.589
After sweep 59 energy=29.350029956746383  maxlinkdim=1000 maxerr=1.87E-05 time=209.274
After sweep 60 energy=29.327828573405228  maxlinkdim=1000 maxerr=1.66E-05 time=209.021
After sweep 61 energy=29.318957284217422  maxlinkdim=1000 maxerr=1.42E-05 time=214.758
After sweep 62 energy=29.31543331857255  maxlinkdim=1000 maxerr=1.38E-05 time=214.752
After sweep 63 energy=29.31373154400306  maxlinkdim=1000 maxerr=1.39E-05 time=213.120
After sweep 64 energy=29.31281765430507  maxlinkdim=1000 maxerr=1.40E-05 time=214.977
After sweep 65 energy=29.31226191782974  maxlinkdim=1000 maxerr=1.42E-05 time=214.183
After sweep 66 energy=29.311896000966243  maxlinkdim=1000 maxerr=1.45E-05 time=221.911
After sweep 67 energy=29.311639099880896  maxlinkdim=1000 maxerr=1.47E-05 time=217.060
After sweep 68 energy=29.311454606899364  maxlinkdim=1000 maxerr=1.48E-05 time=215.990
After sweep 69 energy=29.311327748878234  maxlinkdim=1000 maxerr=1.49E-05 time=214.166
After sweep 70 energy=29.311231232166563  maxlinkdim=1000 maxerr=1.50E-05 time=208.399
After sweep 71 energy=29.311160741565566  maxlinkdim=1000 maxerr=1.50E-05 time=205.285
After sweep 72 energy=29.311109747467814  maxlinkdim=1000 maxerr=1.51E-05 time=206.504
After sweep 73 energy=29.311074646870928  maxlinkdim=1000 maxerr=1.51E-05 time=205.667
After sweep 74 energy=29.311046822847786  maxlinkdim=1000 maxerr=1.51E-05 time=205.517
After sweep 75 energy=29.31102801626618  maxlinkdim=1000 maxerr=1.51E-05 time=216.915
After sweep 76 energy=29.31101181633283  maxlinkdim=1000 maxerr=1.51E-05 time=214.529
After sweep 77 energy=29.31100004407337  maxlinkdim=1000 maxerr=1.52E-05 time=211.068
After sweep 78 energy=29.31099532360647  maxlinkdim=1000 maxerr=1.52E-05 time=211.852
After sweep 79 energy=29.310989862737046  maxlinkdim=1000 maxerr=1.52E-05 time=211.139
After sweep 80 energy=29.31098193044651  maxlinkdim=1000 maxerr=1.52E-05 time=218.617
After sweep 81 energy=29.31097970723999  maxlinkdim=1000 maxerr=1.52E-05 time=216.285
After sweep 82 energy=29.310976787935402  maxlinkdim=1000 maxerr=1.52E-05 time=215.317
After sweep 83 energy=29.3109752297764  maxlinkdim=1000 maxerr=1.52E-05 time=211.646
After sweep 84 energy=29.310975569874067  maxlinkdim=1000 maxerr=1.52E-05 time=215.793
After sweep 85 energy=29.310972950718405  maxlinkdim=1000 maxerr=1.52E-05 time=220.940
After sweep 86 energy=29.31097188066951  maxlinkdim=1000 maxerr=1.52E-05 time=215.033
After sweep 87 energy=29.31097129677307  maxlinkdim=1000 maxerr=1.52E-05 time=217.139
After sweep 88 energy=29.31097059098238  maxlinkdim=1000 maxerr=1.52E-05 time=212.279
After sweep 89 energy=29.310970652488553  maxlinkdim=1000 maxerr=1.52E-05 time=214.177
After sweep 90 energy=29.310971737892157  maxlinkdim=1000 maxerr=1.52E-05 time=214.210
After sweep 91 energy=29.310970147937528  maxlinkdim=1000 maxerr=1.52E-05 time=218.627
After sweep 92 energy=29.310970194225735  maxlinkdim=1000 maxerr=1.52E-05 time=223.709
After sweep 93 energy=29.31096942189711  maxlinkdim=1000 maxerr=1.52E-05 time=218.412
After sweep 94 energy=29.310969907438096  maxlinkdim=1000 maxerr=1.52E-05 time=219.348
After sweep 95 energy=29.31096954710944  maxlinkdim=1000 maxerr=1.52E-05 time=220.120
After sweep 96 energy=29.310970713840923  maxlinkdim=1000 maxerr=1.52E-05 time=222.270
After sweep 97 energy=29.310969111714776  maxlinkdim=1000 maxerr=1.52E-05 time=221.240
After sweep 98 energy=29.310968889623652  maxlinkdim=1000 maxerr=1.52E-05 time=215.391
After sweep 99 energy=29.310968915914327  maxlinkdim=1000 maxerr=1.52E-05 time=218.142
After sweep 100 energy=29.310968909460392  maxlinkdim=1000 maxerr=1.52E-05 time=214.834
  E(N) = 29.310968909460392

============================================================
RESULTS:
  E(110) = 21.822446648259902
  E(111) = 25.589094486924537
  E(112)     = 29.310968909460392
  E_p = -0.04477342  (attractive hole pairing)
============================================================
RESULT: E_p = -0.044773416128776944
