Calculating pair binding energy for ladder
L=64, U=8.0, V=0.0, t0=1.6, density=0.9375
============================================================
Pair binding energy for Hubbard ladder
L = 64 rungs, 128 sites
U = 8.0, V = 0.0, t = 1.0, t0 = 1.6, density = 0.9375
N_base = 120
============================================================

[1/3] Computing E(N-2=118)
  Initial state: 118 particles (59 up, 59 dn)
After sweep 1 energy=-84.65528374741795  maxlinkdim=20 maxerr=2.58E-04 time=48.488
After sweep 2 energy=-91.46893539435315  maxlinkdim=50 maxerr=5.69E-05 time=30.725
After sweep 3 energy=-93.91362377278874  maxlinkdim=100 maxerr=2.34E-06 time=43.524
After sweep 4 energy=-95.73175437837111  maxlinkdim=200 maxerr=1.27E-07 time=61.974
After sweep 5 energy=-96.86479182704575  maxlinkdim=888 maxerr=1.00E-10 time=75.323
After sweep 6 energy=-97.69571565938877  maxlinkdim=1000 maxerr=9.89E-10 time=93.748
After sweep 7 energy=-98.25622967226897  maxlinkdim=1000 maxerr=2.50E-09 time=99.927
After sweep 8 energy=-98.63968247169593  maxlinkdim=1000 maxerr=2.88E-09 time=102.350
After sweep 9 energy=-98.93607753198283  maxlinkdim=1000 maxerr=2.93E-09 time=106.063
After sweep 10 energy=-99.16656856120193  maxlinkdim=1000 maxerr=3.26E-09 time=106.253
After sweep 11 energy=-99.36220456782436  maxlinkdim=1000 maxerr=3.18E-09 time=107.121
After sweep 12 energy=-99.5182831360238  maxlinkdim=1000 maxerr=3.37E-09 time=107.962
After sweep 13 energy=-99.65966640034007  maxlinkdim=1000 maxerr=3.69E-09 time=114.737
After sweep 14 energy=-99.78601722090397  maxlinkdim=1000 maxerr=4.66E-09 time=117.421
After sweep 15 energy=-99.88012613085901  maxlinkdim=1000 maxerr=5.58E-09 time=121.845
After sweep 16 energy=-99.95930982225427  maxlinkdim=1000 maxerr=5.82E-09 time=122.329
After sweep 17 energy=-100.02736906041778  maxlinkdim=1000 maxerr=6.47E-09 time=127.103
After sweep 18 energy=-100.0864036874335  maxlinkdim=1000 maxerr=8.00E-09 time=126.173
After sweep 19 energy=-100.14279817814008  maxlinkdim=1000 maxerr=1.40E-08 time=121.947
After sweep 20 energy=-100.19519957075678  maxlinkdim=1000 maxerr=1.59E-08 time=123.392
After sweep 21 energy=-100.24110767737254  maxlinkdim=1000 maxerr=1.64E-08 time=128.342
After sweep 22 energy=-100.2909173509565  maxlinkdim=1000 maxerr=2.58E-08 time=126.163
After sweep 23 energy=-100.3359806203743  maxlinkdim=1000 maxerr=2.77E-08 time=127.156
After sweep 24 energy=-100.37479202675027  maxlinkdim=1000 maxerr=2.71E-08 time=131.272
After sweep 25 energy=-100.41077097309572  maxlinkdim=1000 maxerr=2.90E-08 time=137.582
After sweep 26 energy=-100.44734490787658  maxlinkdim=1000 maxerr=4.99E-08 time=141.316
After sweep 27 energy=-100.46856319593414  maxlinkdim=1000 maxerr=1.92E-08 time=142.988
After sweep 28 energy=-100.48868226257169  maxlinkdim=1000 maxerr=1.17E-08 time=142.093
After sweep 29 energy=-100.50624744291903  maxlinkdim=1000 maxerr=8.35E-09 time=147.164
After sweep 30 energy=-100.52305807185228  maxlinkdim=1000 maxerr=8.43E-09 time=151.886
After sweep 31 energy=-100.53894649807563  maxlinkdim=1000 maxerr=8.40E-09 time=151.811
After sweep 32 energy=-100.55451182683275  maxlinkdim=1000 maxerr=1.44E-08 time=161.347
After sweep 33 energy=-100.57054670421094  maxlinkdim=1000 maxerr=2.24E-08 time=163.815
After sweep 34 energy=-100.5844760236535  maxlinkdim=1000 maxerr=2.85E-08 time=165.239
After sweep 35 energy=-100.59732541123346  maxlinkdim=1000 maxerr=1.38E-08 time=165.037
After sweep 36 energy=-100.60795223918308  maxlinkdim=1000 maxerr=8.31E-09 time=166.611
After sweep 37 energy=-100.61888268910978  maxlinkdim=1000 maxerr=2.26E-08 time=164.369
After sweep 38 energy=-100.62680066048898  maxlinkdim=1000 maxerr=4.40E-09 time=167.669
After sweep 39 energy=-100.63414038859233  maxlinkdim=1000 maxerr=8.97E-09 time=165.863
After sweep 40 energy=-100.64131643542648  maxlinkdim=1000 maxerr=5.48E-09 time=166.142
After sweep 41 energy=-100.64848296472698  maxlinkdim=1000 maxerr=1.10E-08 time=166.051
After sweep 42 energy=-100.65607336581694  maxlinkdim=1000 maxerr=1.06E-08 time=172.136
After sweep 43 energy=-100.66277524291245  maxlinkdim=1000 maxerr=7.78E-09 time=169.651
After sweep 44 energy=-100.66961131650363  maxlinkdim=1000 maxerr=8.53E-09 time=169.060
After sweep 45 energy=-100.67667806234701  maxlinkdim=1000 maxerr=9.06E-09 time=171.515
After sweep 46 energy=-100.68390464829429  maxlinkdim=1000 maxerr=9.66E-09 time=163.580
After sweep 47 energy=-100.69254419176171  maxlinkdim=1000 maxerr=6.21E-08 time=171.221
After sweep 48 energy=-100.70125309200604  maxlinkdim=1000 maxerr=1.77E-07 time=178.959
After sweep 49 energy=-100.70742376835433  maxlinkdim=1000 maxerr=7.24E-09 time=184.667
After sweep 50 energy=-100.71366068976543  maxlinkdim=1000 maxerr=1.03E-08 time=180.022
After sweep 51 energy=-100.71906081349563  maxlinkdim=1000 maxerr=6.03E-09 time=178.718
After sweep 52 energy=-100.7246667878587  maxlinkdim=1000 maxerr=9.34E-09 time=174.574
After sweep 53 energy=-100.73040933435722  maxlinkdim=1000 maxerr=9.76E-09 time=172.852
After sweep 54 energy=-100.73582137870866  maxlinkdim=1000 maxerr=1.24E-08 time=178.667
After sweep 55 energy=-100.74096882433744  maxlinkdim=1000 maxerr=1.19E-08 time=175.431
After sweep 56 energy=-100.74619198712165  maxlinkdim=1000 maxerr=2.53E-08 time=182.829
After sweep 57 energy=-100.75108404228598  maxlinkdim=1000 maxerr=3.67E-08 time=185.274
After sweep 58 energy=-100.7558763474456  maxlinkdim=1000 maxerr=1.34E-08 time=180.451
After sweep 59 energy=-100.76073591394058  maxlinkdim=1000 maxerr=1.65E-08 time=187.062
After sweep 60 energy=-100.76554120918371  maxlinkdim=1000 maxerr=9.95E-08 time=186.108
After sweep 61 energy=-100.77033802355052  maxlinkdim=1000 maxerr=8.66E-08 time=184.405
After sweep 62 energy=-100.77506220644003  maxlinkdim=1000 maxerr=1.76E-08 time=186.968
After sweep 63 energy=-100.77933544651056  maxlinkdim=1000 maxerr=1.65E-08 time=188.326
After sweep 64 energy=-100.78370592320742  maxlinkdim=1000 maxerr=1.73E-08 time=178.386
After sweep 65 energy=-100.78794137089662  maxlinkdim=1000 maxerr=1.91E-08 time=181.992
After sweep 66 energy=-100.79437300773897  maxlinkdim=1000 maxerr=3.20E-08 time=179.186
After sweep 67 energy=-100.79882138089043  maxlinkdim=1000 maxerr=2.31E-08 time=177.889
After sweep 68 energy=-100.8023272528306  maxlinkdim=1000 maxerr=1.07E-07 time=181.797
After sweep 69 energy=-100.8063762876757  maxlinkdim=1000 maxerr=3.02E-08 time=180.926
After sweep 70 energy=-100.80928807133516  maxlinkdim=1000 maxerr=1.02E-08 time=188.816
After sweep 71 energy=-100.81183090368387  maxlinkdim=1000 maxerr=7.13E-09 time=188.903
After sweep 72 energy=-100.81451027964322  maxlinkdim=1000 maxerr=1.46E-08 time=188.218
After sweep 73 energy=-100.81679754541575  maxlinkdim=1000 maxerr=2.54E-08 time=179.943
After sweep 74 energy=-100.81916503133253  maxlinkdim=1000 maxerr=7.67E-09 time=184.049
After sweep 75 energy=-100.82189301119489  maxlinkdim=1000 maxerr=1.99E-07 time=178.555
After sweep 76 energy=-100.8241978249046  maxlinkdim=1000 maxerr=1.28E-08 time=174.515
After sweep 77 energy=-100.82628071591668  maxlinkdim=1000 maxerr=1.22E-08 time=176.490
After sweep 78 energy=-100.82838757325746  maxlinkdim=1000 maxerr=2.82E-08 time=177.493
After sweep 79 energy=-100.83109306764634  maxlinkdim=1000 maxerr=1.78E-08 time=174.058
After sweep 80 energy=-100.83330796009488  maxlinkdim=1000 maxerr=7.63E-09 time=180.058
After sweep 81 energy=-100.8358946990237  maxlinkdim=1000 maxerr=8.64E-08 time=180.641
After sweep 82 energy=-100.83876137473092  maxlinkdim=1000 maxerr=6.04E-08 time=178.926
After sweep 83 energy=-100.84060097775969  maxlinkdim=1000 maxerr=1.65E-08 time=176.261
After sweep 84 energy=-100.84239180091788  maxlinkdim=1000 maxerr=2.66E-08 time=177.591
After sweep 85 energy=-100.84404126529276  maxlinkdim=1000 maxerr=3.75E-08 time=180.242
After sweep 86 energy=-100.84564706198326  maxlinkdim=1000 maxerr=1.26E-08 time=174.048
After sweep 87 energy=-100.84735852951181  maxlinkdim=1000 maxerr=1.77E-08 time=176.431
After sweep 88 energy=-100.8491963152407  maxlinkdim=1000 maxerr=4.44E-08 time=176.177
After sweep 89 energy=-100.85121101259334  maxlinkdim=1000 maxerr=5.57E-08 time=171.121
After sweep 90 energy=-100.85305161474993  maxlinkdim=1000 maxerr=1.64E-08 time=173.110
After sweep 91 energy=-100.85563274508792  maxlinkdim=1000 maxerr=4.52E-07 time=178.006
After sweep 92 energy=-100.86201893622948  maxlinkdim=1000 maxerr=9.07E-07 time=182.058
After sweep 93 energy=-100.86675505182507  maxlinkdim=1000 maxerr=2.58E-07 time=181.131
After sweep 94 energy=-100.86950574085685  maxlinkdim=1000 maxerr=1.48E-07 time=192.155
After sweep 95 energy=-100.87163142608732  maxlinkdim=1000 maxerr=3.86E-07 time=185.521
After sweep 96 energy=-100.87356260437333  maxlinkdim=1000 maxerr=2.59E-07 time=187.425
After sweep 97 energy=-100.87516494343474  maxlinkdim=1000 maxerr=2.11E-07 time=187.783
After sweep 98 energy=-100.87667548002315  maxlinkdim=1000 maxerr=2.20E-07 time=184.988
After sweep 99 energy=-100.87857244085593  maxlinkdim=1000 maxerr=4.90E-07 time=181.333
After sweep 100 energy=-100.8799314632074  maxlinkdim=1000 maxerr=4.05E-07 time=175.629
  E(N-2) = -100.8799314632074

[2/3] Computing E(N-1=119)
  Initial state: 119 particles (60 up, 59 dn)
After sweep 1 energy=-85.64673308042366  maxlinkdim=20 maxerr=4.68E-04 time=9.703
After sweep 2 energy=-91.76641463179497  maxlinkdim=50 maxerr=5.27E-05 time=23.893
After sweep 3 energy=-94.10857135717198  maxlinkdim=100 maxerr=1.81E-06 time=35.023
After sweep 4 energy=-95.13104363032325  maxlinkdim=200 maxerr=1.34E-07 time=57.353
After sweep 5 energy=-95.99294084385707  maxlinkdim=848 maxerr=1.00E-10 time=71.984
After sweep 6 energy=-96.63126031067424  maxlinkdim=1000 maxerr=5.24E-10 time=87.693
After sweep 7 energy=-97.070395619934  maxlinkdim=1000 maxerr=1.32E-09 time=92.078
After sweep 8 energy=-97.38777298919881  maxlinkdim=1000 maxerr=3.11E-09 time=93.003
After sweep 9 energy=-97.63165217772547  maxlinkdim=1000 maxerr=4.29E-09 time=98.623
After sweep 10 energy=-97.8188962305634  maxlinkdim=1000 maxerr=4.55E-09 time=97.598
After sweep 11 energy=-97.96833598116676  maxlinkdim=1000 maxerr=5.22E-09 time=99.719
After sweep 12 energy=-98.08972703476908  maxlinkdim=1000 maxerr=6.48E-09 time=100.723
After sweep 13 energy=-98.19074696140696  maxlinkdim=1000 maxerr=7.84E-09 time=100.927
After sweep 14 energy=-98.27773753570617  maxlinkdim=1000 maxerr=9.81E-09 time=100.128
After sweep 15 energy=-98.35727604460618  maxlinkdim=1000 maxerr=1.41E-08 time=104.468
After sweep 16 energy=-98.42414621272192  maxlinkdim=1000 maxerr=1.42E-08 time=105.953
After sweep 17 energy=-98.47944996045607  maxlinkdim=1000 maxerr=1.32E-08 time=109.120
After sweep 18 energy=-98.52763787151393  maxlinkdim=1000 maxerr=1.20E-08 time=109.819
After sweep 19 energy=-98.57252731305633  maxlinkdim=1000 maxerr=1.37E-08 time=114.207
After sweep 20 energy=-98.61387467887882  maxlinkdim=1000 maxerr=1.66E-08 time=117.220
After sweep 21 energy=-98.65573387012157  maxlinkdim=1000 maxerr=2.91E-08 time=120.511
After sweep 22 energy=-98.69056979130241  maxlinkdim=1000 maxerr=2.82E-08 time=124.703
After sweep 23 energy=-98.72062556404089  maxlinkdim=1000 maxerr=2.67E-08 time=128.303
After sweep 24 energy=-98.75310104765481  maxlinkdim=1000 maxerr=5.61E-08 time=132.900
After sweep 25 energy=-98.77775105072485  maxlinkdim=1000 maxerr=2.41E-08 time=135.877
After sweep 26 energy=-98.80134316369764  maxlinkdim=1000 maxerr=1.33E-08 time=139.925
After sweep 27 energy=-98.81971808682823  maxlinkdim=1000 maxerr=9.08E-09 time=143.390
After sweep 28 energy=-98.83757415529165  maxlinkdim=1000 maxerr=1.55E-08 time=148.448
After sweep 29 energy=-98.85519501253276  maxlinkdim=1000 maxerr=1.39E-08 time=149.866
After sweep 30 energy=-98.87107874414606  maxlinkdim=1000 maxerr=1.34E-08 time=154.082
After sweep 31 energy=-98.88610484451497  maxlinkdim=1000 maxerr=1.17E-08 time=153.951
After sweep 32 energy=-98.8997506587836  maxlinkdim=1000 maxerr=7.78E-09 time=158.173
After sweep 33 energy=-98.91079015713858  maxlinkdim=1000 maxerr=9.32E-09 time=159.268
After sweep 34 energy=-98.92151850197745  maxlinkdim=1000 maxerr=1.31E-08 time=160.364
After sweep 35 energy=-98.93201729623955  maxlinkdim=1000 maxerr=1.20E-08 time=161.950
After sweep 36 energy=-98.94095607812899  maxlinkdim=1000 maxerr=6.57E-09 time=165.002
After sweep 37 energy=-98.95058670037224  maxlinkdim=1000 maxerr=1.07E-08 time=167.400
After sweep 38 energy=-98.95889135631603  maxlinkdim=1000 maxerr=9.73E-09 time=169.151
After sweep 39 energy=-98.96638821933757  maxlinkdim=1000 maxerr=1.26E-08 time=172.040
After sweep 40 energy=-98.97384589259609  maxlinkdim=1000 maxerr=1.40E-08 time=170.224
After sweep 41 energy=-98.98221364253568  maxlinkdim=1000 maxerr=1.56E-08 time=172.131
After sweep 42 energy=-98.98945597393511  maxlinkdim=1000 maxerr=1.47E-08 time=165.222
After sweep 43 energy=-98.99702150453632  maxlinkdim=1000 maxerr=2.66E-07 time=167.893
After sweep 44 energy=-99.00486630994908  maxlinkdim=1000 maxerr=1.75E-08 time=174.157
After sweep 45 energy=-99.0121263579329  maxlinkdim=1000 maxerr=1.59E-08 time=173.247
After sweep 46 energy=-99.01832936614721  maxlinkdim=1000 maxerr=1.30E-08 time=171.411
After sweep 47 energy=-99.02478851926479  maxlinkdim=1000 maxerr=8.88E-08 time=170.903
After sweep 48 energy=-99.0305636277904  maxlinkdim=1000 maxerr=1.51E-08 time=173.699
After sweep 49 energy=-99.03543686758458  maxlinkdim=1000 maxerr=1.27E-08 time=178.114
After sweep 50 energy=-99.039985466074  maxlinkdim=1000 maxerr=1.33E-08 time=175.372
After sweep 51 energy=-99.04416549316286  maxlinkdim=1000 maxerr=1.20E-08 time=176.688
After sweep 52 energy=-99.04803804549354  maxlinkdim=1000 maxerr=1.01E-08 time=180.619
After sweep 53 energy=-99.0520959011781  maxlinkdim=1000 maxerr=1.72E-08 time=177.415
After sweep 54 energy=-99.05599858396005  maxlinkdim=1000 maxerr=1.26E-08 time=178.194
After sweep 55 energy=-99.05957313918572  maxlinkdim=1000 maxerr=3.26E-08 time=177.853
After sweep 56 energy=-99.06299118095427  maxlinkdim=1000 maxerr=1.12E-08 time=177.405
After sweep 57 energy=-99.06633937624453  maxlinkdim=1000 maxerr=5.94E-08 time=176.226
After sweep 58 energy=-99.06970072488083  maxlinkdim=1000 maxerr=3.77E-08 time=180.795
After sweep 59 energy=-99.07299673930056  maxlinkdim=1000 maxerr=6.78E-08 time=181.193
After sweep 60 energy=-99.07630820634188  maxlinkdim=1000 maxerr=6.25E-08 time=174.917
After sweep 61 energy=-99.07901971588934  maxlinkdim=1000 maxerr=2.15E-07 time=174.442
After sweep 62 energy=-99.0817591716621  maxlinkdim=1000 maxerr=1.49E-08 time=183.532
After sweep 63 energy=-99.08420020293467  maxlinkdim=1000 maxerr=1.39E-08 time=184.495
After sweep 64 energy=-99.08662700869598  maxlinkdim=1000 maxerr=1.71E-08 time=185.820
After sweep 65 energy=-99.08897043295711  maxlinkdim=1000 maxerr=2.31E-08 time=182.230
After sweep 66 energy=-99.09122031379029  maxlinkdim=1000 maxerr=8.15E-09 time=178.825
After sweep 67 energy=-99.09365457795143  maxlinkdim=1000 maxerr=1.14E-08 time=176.305
After sweep 68 energy=-99.09647295798828  maxlinkdim=1000 maxerr=3.32E-08 time=174.480
After sweep 69 energy=-99.09882369732236  maxlinkdim=1000 maxerr=2.06E-08 time=176.197
After sweep 70 energy=-99.10118683401647  maxlinkdim=1000 maxerr=9.14E-09 time=176.051
After sweep 71 energy=-99.10331169457943  maxlinkdim=1000 maxerr=4.62E-08 time=172.906
After sweep 72 energy=-99.10529990062682  maxlinkdim=1000 maxerr=1.88E-08 time=170.728
After sweep 73 energy=-99.10741742555709  maxlinkdim=1000 maxerr=6.18E-08 time=179.755
After sweep 74 energy=-99.10957243550163  maxlinkdim=1000 maxerr=2.09E-08 time=179.199
After sweep 75 energy=-99.11159220802422  maxlinkdim=1000 maxerr=1.62E-08 time=185.115
After sweep 76 energy=-99.11377298603416  maxlinkdim=1000 maxerr=3.39E-08 time=183.081
After sweep 77 energy=-99.11576794269743  maxlinkdim=1000 maxerr=1.73E-08 time=179.595
After sweep 78 energy=-99.11798626893135  maxlinkdim=1000 maxerr=1.17E-07 time=165.851
After sweep 79 energy=-99.12002856533495  maxlinkdim=1000 maxerr=4.15E-08 time=168.139
After sweep 80 energy=-99.12238250008392  maxlinkdim=1000 maxerr=2.75E-08 time=169.743
After sweep 81 energy=-99.12441324991231  maxlinkdim=1000 maxerr=1.46E-08 time=175.931
After sweep 82 energy=-99.1262349606765  maxlinkdim=1000 maxerr=1.58E-08 time=174.261
After sweep 83 energy=-99.12818510767308  maxlinkdim=1000 maxerr=2.93E-07 time=171.103
After sweep 84 energy=-99.13029277182136  maxlinkdim=1000 maxerr=7.98E-08 time=173.293
After sweep 85 energy=-99.1319130611883  maxlinkdim=1000 maxerr=1.80E-08 time=173.794
After sweep 86 energy=-99.13347340826485  maxlinkdim=1000 maxerr=1.26E-07 time=169.273
After sweep 87 energy=-99.13491808115562  maxlinkdim=1000 maxerr=1.80E-08 time=168.200
After sweep 88 energy=-99.13657879747848  maxlinkdim=1000 maxerr=6.88E-08 time=180.068
After sweep 89 energy=-99.13815420562298  maxlinkdim=1000 maxerr=6.96E-08 time=189.219
After sweep 90 energy=-99.13958761742956  maxlinkdim=1000 maxerr=2.98E-08 time=184.214
After sweep 91 energy=-99.14102467181026  maxlinkdim=1000 maxerr=1.94E-07 time=179.862
After sweep 92 energy=-99.14253191123291  maxlinkdim=1000 maxerr=4.97E-07 time=178.648
After sweep 93 energy=-99.14683932941158  maxlinkdim=1000 maxerr=1.15E-06 time=181.816
After sweep 94 energy=-99.15023730031983  maxlinkdim=1000 maxerr=2.55E-07 time=183.649
After sweep 95 energy=-99.1522769646751  maxlinkdim=1000 maxerr=1.76E-07 time=171.631
After sweep 96 energy=-99.1540140855471  maxlinkdim=1000 maxerr=2.11E-07 time=173.443
After sweep 97 energy=-99.15550961356152  maxlinkdim=1000 maxerr=1.95E-07 time=174.476
After sweep 98 energy=-99.15715661847435  maxlinkdim=1000 maxerr=2.01E-07 time=176.653
After sweep 99 energy=-99.15849255890552  maxlinkdim=1000 maxerr=2.46E-07 time=171.840
After sweep 100 energy=-99.15966257253498  maxlinkdim=1000 maxerr=7.79E-07 time=169.898
  E(N-1) = -99.15966257253498

[3/3] Computing E(N=120)
  Initial state: 120 particles (60 up, 60 dn)
After sweep 1 energy=-85.62634243209612  maxlinkdim=20 maxerr=2.22E-04 time=10.215
After sweep 2 energy=-91.40853765978181  maxlinkdim=50 maxerr=5.12E-05 time=24.281
After sweep 3 energy=-93.42852805737577  maxlinkdim=100 maxerr=2.16E-06 time=35.536
After sweep 4 energy=-94.47645440180933  maxlinkdim=200 maxerr=2.19E-07 time=56.087
After sweep 5 energy=-95.2087577046142  maxlinkdim=964 maxerr=1.00E-10 time=70.695
After sweep 6 energy=-95.67021191465261  maxlinkdim=1000 maxerr=1.48E-09 time=83.217
After sweep 7 energy=-96.0068444827983  maxlinkdim=1000 maxerr=3.38E-09 time=88.889
After sweep 8 energy=-96.24169188809657  maxlinkdim=1000 maxerr=5.04E-09 time=95.389
After sweep 9 energy=-96.40975000900666  maxlinkdim=1000 maxerr=5.27E-09 time=97.969
After sweep 10 energy=-96.5344171048354  maxlinkdim=1000 maxerr=5.86E-09 time=99.581
After sweep 11 energy=-96.6345997148186  maxlinkdim=1000 maxerr=6.39E-09 time=97.578
After sweep 12 energy=-96.71723147473735  maxlinkdim=1000 maxerr=7.68E-09 time=103.277
After sweep 13 energy=-96.78382656252144  maxlinkdim=1000 maxerr=9.15E-09 time=103.227
After sweep 14 energy=-96.84311319007647  maxlinkdim=1000 maxerr=1.27E-08 time=105.528
After sweep 15 energy=-96.89591609895882  maxlinkdim=1000 maxerr=1.37E-08 time=107.699
After sweep 16 energy=-96.94340958084334  maxlinkdim=1000 maxerr=1.54E-08 time=108.564
After sweep 17 energy=-96.98797357905272  maxlinkdim=1000 maxerr=1.82E-08 time=106.799
After sweep 18 energy=-97.02813580558727  maxlinkdim=1000 maxerr=2.07E-08 time=103.666
After sweep 19 energy=-97.06298123940653  maxlinkdim=1000 maxerr=2.62E-08 time=110.383
After sweep 20 energy=-97.09077939651043  maxlinkdim=1000 maxerr=2.30E-08 time=113.962
After sweep 21 energy=-97.11758568788655  maxlinkdim=1000 maxerr=2.57E-08 time=117.098
After sweep 22 energy=-97.13850047403481  maxlinkdim=1000 maxerr=4.57E-09 time=121.595
After sweep 23 energy=-97.15634637415059  maxlinkdim=1000 maxerr=6.85E-09 time=122.696
After sweep 24 energy=-97.1730988860411  maxlinkdim=1000 maxerr=8.48E-09 time=126.296
After sweep 25 energy=-97.18872400953661  maxlinkdim=1000 maxerr=1.10E-08 time=124.605
After sweep 26 energy=-97.20398768493399  maxlinkdim=1000 maxerr=2.69E-08 time=125.554
After sweep 27 energy=-97.21678925071183  maxlinkdim=1000 maxerr=1.12E-08 time=129.730
After sweep 28 energy=-97.22843428884514  maxlinkdim=1000 maxerr=1.04E-08 time=136.476
After sweep 29 energy=-97.24024793601555  maxlinkdim=1000 maxerr=1.40E-08 time=139.449
After sweep 30 energy=-97.25443948718342  maxlinkdim=1000 maxerr=3.23E-08 time=145.005
After sweep 31 energy=-97.26768030573906  maxlinkdim=1000 maxerr=4.51E-08 time=146.103
After sweep 32 energy=-97.28328421580478  maxlinkdim=1000 maxerr=2.30E-07 time=150.120
After sweep 33 energy=-97.29241012826373  maxlinkdim=1000 maxerr=1.69E-08 time=155.551
After sweep 34 energy=-97.30017790812236  maxlinkdim=1000 maxerr=2.24E-08 time=149.605
After sweep 35 energy=-97.30800061771669  maxlinkdim=1000 maxerr=1.96E-08 time=152.560
After sweep 36 energy=-97.31515397536354  maxlinkdim=1000 maxerr=3.35E-08 time=155.400
After sweep 37 energy=-97.32170944510867  maxlinkdim=1000 maxerr=3.72E-08 time=158.746
After sweep 38 energy=-97.3274236178275  maxlinkdim=1000 maxerr=2.17E-08 time=167.464
After sweep 39 energy=-97.3324689087105  maxlinkdim=1000 maxerr=1.51E-08 time=168.320
After sweep 40 energy=-97.33810072946285  maxlinkdim=1000 maxerr=1.68E-08 time=165.670
After sweep 41 energy=-97.34226886632501  maxlinkdim=1000 maxerr=1.19E-08 time=164.999
After sweep 42 energy=-97.34674137817491  maxlinkdim=1000 maxerr=2.06E-08 time=165.462
After sweep 43 energy=-97.35195434090916  maxlinkdim=1000 maxerr=2.35E-08 time=168.694
After sweep 44 energy=-97.35777541072895  maxlinkdim=1000 maxerr=3.86E-08 time=165.861
After sweep 45 energy=-97.36258178313354  maxlinkdim=1000 maxerr=2.40E-08 time=169.024
After sweep 46 energy=-97.36726671862783  maxlinkdim=1000 maxerr=2.51E-08 time=170.964
After sweep 47 energy=-97.3718511164669  maxlinkdim=1000 maxerr=2.28E-08 time=163.645
After sweep 48 energy=-97.37568390873795  maxlinkdim=1000 maxerr=2.23E-08 time=170.887
After sweep 49 energy=-97.37983018466863  maxlinkdim=1000 maxerr=2.91E-08 time=176.165
After sweep 50 energy=-97.38352357552542  maxlinkdim=1000 maxerr=2.89E-08 time=177.962
After sweep 51 energy=-97.38670505554961  maxlinkdim=1000 maxerr=1.94E-08 time=170.646
After sweep 52 energy=-97.38963615129303  maxlinkdim=1000 maxerr=1.94E-08 time=161.957
After sweep 53 energy=-97.39237435397582  maxlinkdim=1000 maxerr=2.09E-08 time=164.412
After sweep 54 energy=-97.39493652376194  maxlinkdim=1000 maxerr=1.99E-08 time=172.824
After sweep 55 energy=-97.39729320741978  maxlinkdim=1000 maxerr=1.32E-08 time=169.312
After sweep 56 energy=-97.39939201316885  maxlinkdim=1000 maxerr=1.14E-08 time=162.950
After sweep 57 energy=-97.4017977382308  maxlinkdim=1000 maxerr=3.23E-08 time=168.151
After sweep 58 energy=-97.40433524429876  maxlinkdim=1000 maxerr=1.74E-08 time=175.215
After sweep 59 energy=-97.40684748601693  maxlinkdim=1000 maxerr=1.68E-08 time=167.050
After sweep 60 energy=-97.40970039280901  maxlinkdim=1000 maxerr=2.37E-08 time=171.930
After sweep 61 energy=-97.41252484100215  maxlinkdim=1000 maxerr=7.04E-08 time=177.761
After sweep 62 energy=-97.41505923607393  maxlinkdim=1000 maxerr=1.86E-08 time=178.069
After sweep 63 energy=-97.41792632373911  maxlinkdim=1000 maxerr=1.33E-07 time=178.737
After sweep 64 energy=-97.42028148897037  maxlinkdim=1000 maxerr=1.54E-07 time=180.974
After sweep 65 energy=-97.42223794965018  maxlinkdim=1000 maxerr=1.51E-08 time=184.936
After sweep 66 energy=-97.42420850925426  maxlinkdim=1000 maxerr=1.81E-08 time=182.845
After sweep 67 energy=-97.42646126651715  maxlinkdim=1000 maxerr=3.39E-08 time=183.330
After sweep 68 energy=-97.4283999622171  maxlinkdim=1000 maxerr=1.60E-08 time=179.809
After sweep 69 energy=-97.43064378658187  maxlinkdim=1000 maxerr=3.37E-07 time=179.669
After sweep 70 energy=-97.43246278456994  maxlinkdim=1000 maxerr=1.46E-07 time=174.666
After sweep 71 energy=-97.43439853554784  maxlinkdim=1000 maxerr=5.12E-07 time=175.327
After sweep 72 energy=-97.43580128924428  maxlinkdim=1000 maxerr=2.59E-08 time=181.224
After sweep 73 energy=-97.43735641479412  maxlinkdim=1000 maxerr=4.80E-08 time=183.841
After sweep 74 energy=-97.43917389478406  maxlinkdim=1000 maxerr=8.18E-08 time=184.732
After sweep 75 energy=-97.44076276856119  maxlinkdim=1000 maxerr=3.57E-08 time=183.545
After sweep 76 energy=-97.44253418730545  maxlinkdim=1000 maxerr=2.51E-07 time=185.364
After sweep 77 energy=-97.44396423369807  maxlinkdim=1000 maxerr=9.54E-08 time=183.515
After sweep 78 energy=-97.44529143873112  maxlinkdim=1000 maxerr=9.64E-08 time=178.144
After sweep 79 energy=-97.44668221344881  maxlinkdim=1000 maxerr=2.49E-07 time=179.769
After sweep 80 energy=-97.44821107193023  maxlinkdim=1000 maxerr=4.16E-07 time=180.466
After sweep 81 energy=-97.44973409090632  maxlinkdim=1000 maxerr=2.32E-07 time=181.122
After sweep 82 energy=-97.45076273071724  maxlinkdim=1000 maxerr=2.18E-07 time=182.631
After sweep 83 energy=-97.4517404330719  maxlinkdim=1000 maxerr=2.80E-07 time=182.723
After sweep 84 energy=-97.45262497706298  maxlinkdim=1000 maxerr=1.85E-07 time=182.807
After sweep 85 energy=-97.45347686251624  maxlinkdim=1000 maxerr=2.89E-07 time=184.404
After sweep 86 energy=-97.45424722894461  maxlinkdim=1000 maxerr=2.65E-07 time=180.715
After sweep 87 energy=-97.45501935064706  maxlinkdim=1000 maxerr=3.16E-07 time=187.016
After sweep 88 energy=-97.45574565994795  maxlinkdim=1000 maxerr=2.30E-07 time=185.052
After sweep 89 energy=-97.45636827934928  maxlinkdim=1000 maxerr=1.96E-07 time=182.017
After sweep 90 energy=-97.45698041947276  maxlinkdim=1000 maxerr=2.20E-07 time=180.662
After sweep 91 energy=-97.45751315013067  maxlinkdim=1000 maxerr=1.60E-07 time=178.502
After sweep 92 energy=-97.45800180762114  maxlinkdim=1000 maxerr=2.14E-07 time=179.473
After sweep 93 energy=-97.45843810744958  maxlinkdim=1000 maxerr=2.06E-07 time=183.294
After sweep 94 energy=-97.45881935582334  maxlinkdim=1000 maxerr=2.76E-07 time=184.036
After sweep 95 energy=-97.4591430887312  maxlinkdim=1000 maxerr=2.88E-07 time=181.135
After sweep 96 energy=-97.45940165184237  maxlinkdim=1000 maxerr=2.12E-07 time=181.021
After sweep 97 energy=-97.45961573789377  maxlinkdim=1000 maxerr=2.03E-07 time=187.045
After sweep 98 energy=-97.45981423741934  maxlinkdim=1000 maxerr=1.87E-07 time=187.036
After sweep 99 energy=-97.45996603835377  maxlinkdim=1000 maxerr=2.03E-07 time=186.357
After sweep 100 energy=-97.46007630080943  maxlinkdim=1000 maxerr=1.74E-07 time=180.167
  E(N) = -97.46007630080943

============================================================
RESULTS:
  E(118) = -100.8799314632074
  E(119) = -99.15966257253498
  E(120)     = -97.46007630080943
  E_p = -0.02068262  (attractive hole pairing)
============================================================
RESULT: E_p = -0.020682618946864295
