Calculating pair binding energy for ladder
L=64, U=8.0, V=0.0, t0=1.8, density=0.875
============================================================
Pair binding energy for Hubbard ladder
L = 64 rungs, 128 sites
U = 8.0, V = 0.0, t = 1.0, t0 = 1.8, density = 0.875
N_base = 112
============================================================

[1/3] Computing E(N-2=110)
  Initial state: 110 particles (55 up, 55 dn)
After sweep 1 energy=-93.25968743978214  maxlinkdim=20 maxerr=2.71E-04 time=47.193
After sweep 2 energy=-101.47668333747471  maxlinkdim=50 maxerr=2.50E-05 time=28.292
After sweep 3 energy=-106.23930815463804  maxlinkdim=100 maxerr=1.00E-06 time=40.633
After sweep 4 energy=-110.04234053649017  maxlinkdim=200 maxerr=7.73E-08 time=61.030
After sweep 5 energy=-113.34224486822603  maxlinkdim=842 maxerr=1.00E-10 time=69.720
After sweep 6 energy=-116.09683533198329  maxlinkdim=1402 maxerr=1.00E-10 time=85.097
After sweep 7 energy=-118.16614425358527  maxlinkdim=1500 maxerr=5.48E-10 time=96.649
After sweep 8 energy=-119.42149601243791  maxlinkdim=1500 maxerr=8.69E-10 time=104.357
After sweep 9 energy=-120.43187503097624  maxlinkdim=1500 maxerr=6.79E-10 time=103.352
After sweep 10 energy=-121.26202006884552  maxlinkdim=1500 maxerr=6.39E-10 time=106.134
After sweep 11 energy=-121.95010100932672  maxlinkdim=1500 maxerr=5.22E-10 time=107.551
After sweep 12 energy=-122.58123320984224  maxlinkdim=1500 maxerr=5.95E-10 time=110.594
After sweep 13 energy=-123.11661017401032  maxlinkdim=1500 maxerr=5.82E-10 time=114.275
After sweep 14 energy=-123.62078575780575  maxlinkdim=1500 maxerr=8.94E-10 time=120.031
After sweep 15 energy=-124.02253894764085  maxlinkdim=1500 maxerr=7.24E-10 time=122.013
After sweep 16 energy=-124.39902620034624  maxlinkdim=1500 maxerr=8.80E-10 time=125.147
After sweep 17 energy=-124.72494748577951  maxlinkdim=1500 maxerr=9.94E-10 time=133.699
After sweep 18 energy=-124.98857527767774  maxlinkdim=1500 maxerr=9.72E-10 time=135.852
After sweep 19 energy=-125.21026025336865  maxlinkdim=1500 maxerr=9.23E-10 time=132.155
After sweep 20 energy=-125.39491908237345  maxlinkdim=1500 maxerr=8.46E-10 time=134.639
After sweep 21 energy=-125.54806958816278  maxlinkdim=1500 maxerr=5.32E-10 time=138.974
After sweep 22 energy=-125.68871810165683  maxlinkdim=1500 maxerr=6.26E-10 time=144.080
After sweep 23 energy=-125.82356452351904  maxlinkdim=1500 maxerr=7.91E-10 time=145.778
After sweep 24 energy=-125.95941891019288  maxlinkdim=1500 maxerr=9.26E-10 time=147.032
After sweep 25 energy=-126.0942585301759  maxlinkdim=1500 maxerr=1.24E-09 time=147.032
After sweep 26 energy=-126.22097221764452  maxlinkdim=1500 maxerr=1.49E-09 time=150.227
After sweep 27 energy=-126.345330964807  maxlinkdim=1500 maxerr=1.77E-09 time=150.442
After sweep 28 energy=-126.46253634053406  maxlinkdim=1500 maxerr=1.92E-09 time=153.901
After sweep 29 energy=-126.57636111555178  maxlinkdim=1500 maxerr=1.65E-09 time=155.510
After sweep 30 energy=-126.69053281557895  maxlinkdim=1500 maxerr=2.01E-09 time=162.010
After sweep 31 energy=-126.80242635702359  maxlinkdim=1500 maxerr=2.87E-09 time=169.042
After sweep 32 energy=-126.90569738584772  maxlinkdim=1500 maxerr=3.76E-09 time=177.099
After sweep 33 energy=-127.01393369898518  maxlinkdim=1500 maxerr=3.60E-09 time=180.204
After sweep 34 energy=-127.11424067112614  maxlinkdim=1500 maxerr=4.37E-09 time=187.271
After sweep 35 energy=-127.19303130479464  maxlinkdim=1500 maxerr=4.12E-09 time=186.976
After sweep 36 energy=-127.28682509544097  maxlinkdim=1500 maxerr=3.35E-09 time=192.446
After sweep 37 energy=-127.36322707333957  maxlinkdim=1500 maxerr=2.97E-09 time=194.839
After sweep 38 energy=-127.43367178926846  maxlinkdim=1500 maxerr=2.97E-09 time=200.145
After sweep 39 energy=-127.49324026733879  maxlinkdim=1500 maxerr=2.50E-09 time=196.372
After sweep 40 energy=-127.55082462353032  maxlinkdim=1500 maxerr=2.59E-09 time=194.523
After sweep 41 energy=-127.60524707282704  maxlinkdim=1500 maxerr=2.57E-09 time=192.217
After sweep 42 energy=-127.65748485464047  maxlinkdim=1500 maxerr=2.33E-09 time=198.037
After sweep 43 energy=-127.70883529882536  maxlinkdim=1500 maxerr=2.33E-09 time=203.608
After sweep 44 energy=-127.76193420652262  maxlinkdim=1500 maxerr=2.53E-09 time=207.065
After sweep 45 energy=-127.80779898414815  maxlinkdim=1500 maxerr=1.94E-09 time=211.103
After sweep 46 energy=-127.85031265971406  maxlinkdim=1500 maxerr=1.85E-09 time=206.978
After sweep 47 energy=-127.88966526172598  maxlinkdim=1500 maxerr=1.90E-09 time=208.809
After sweep 48 energy=-127.92543518670702  maxlinkdim=1500 maxerr=1.76E-09 time=205.896
After sweep 49 energy=-127.96391204125077  maxlinkdim=1500 maxerr=1.63E-09 time=212.025
After sweep 50 energy=-127.99806654027701  maxlinkdim=1500 maxerr=1.13E-09 time=214.493
After sweep 51 energy=-128.02877387355198  maxlinkdim=1500 maxerr=1.13E-09 time=211.194
After sweep 52 energy=-128.05733791424626  maxlinkdim=1500 maxerr=8.38E-10 time=202.875
After sweep 53 energy=-128.0848237098076  maxlinkdim=1500 maxerr=8.57E-10 time=203.523
After sweep 54 energy=-128.11155841560273  maxlinkdim=1500 maxerr=1.07E-09 time=205.331
After sweep 55 energy=-128.13894994792417  maxlinkdim=1500 maxerr=1.33E-09 time=210.364
After sweep 56 energy=-128.1668050705051  maxlinkdim=1500 maxerr=1.37E-09 time=215.338
After sweep 57 energy=-128.19361767925002  maxlinkdim=1500 maxerr=1.42E-09 time=216.195
After sweep 58 energy=-128.22152461157214  maxlinkdim=1500 maxerr=1.41E-09 time=215.892
After sweep 59 energy=-128.2535319336832  maxlinkdim=1500 maxerr=2.12E-09 time=223.187
After sweep 60 energy=-128.27964543391556  maxlinkdim=1500 maxerr=8.17E-10 time=225.454
After sweep 61 energy=-128.30306683847755  maxlinkdim=1500 maxerr=7.90E-10 time=225.166
After sweep 62 energy=-128.32609037482416  maxlinkdim=1500 maxerr=8.12E-10 time=226.197
After sweep 63 energy=-128.34859543766154  maxlinkdim=1500 maxerr=1.11E-09 time=226.461
After sweep 64 energy=-128.37289413322048  maxlinkdim=1500 maxerr=1.60E-09 time=226.722
After sweep 65 energy=-128.39942122954534  maxlinkdim=1500 maxerr=2.10E-09 time=231.368
After sweep 66 energy=-128.42648347835694  maxlinkdim=1500 maxerr=2.36E-09 time=234.960
After sweep 67 energy=-128.45177222759705  maxlinkdim=1500 maxerr=2.26E-09 time=237.076
After sweep 68 energy=-128.4803670305657  maxlinkdim=1500 maxerr=2.62E-09 time=238.946
After sweep 69 energy=-128.50293279705332  maxlinkdim=1500 maxerr=1.88E-09 time=237.423
After sweep 70 energy=-128.52618907731613  maxlinkdim=1500 maxerr=2.28E-09 time=236.671
After sweep 71 energy=-128.55083182370632  maxlinkdim=1500 maxerr=2.57E-09 time=244.820
After sweep 72 energy=-128.57409272567628  maxlinkdim=1500 maxerr=2.40E-09 time=243.859
After sweep 73 energy=-128.59901608114794  maxlinkdim=1500 maxerr=2.83E-09 time=242.735
After sweep 74 energy=-128.622376580984  maxlinkdim=1500 maxerr=3.06E-09 time=245.137
After sweep 75 energy=-128.6467316309396  maxlinkdim=1500 maxerr=3.51E-09 time=246.095
After sweep 76 energy=-128.67195182541582  maxlinkdim=1500 maxerr=3.64E-09 time=253.743
After sweep 77 energy=-128.69980553881197  maxlinkdim=1500 maxerr=7.65E-09 time=265.451
After sweep 78 energy=-128.72277206460248  maxlinkdim=1500 maxerr=4.44E-09 time=262.173
After sweep 79 energy=-128.74059330736637  maxlinkdim=1500 maxerr=2.24E-09 time=246.192
After sweep 80 energy=-128.7577852136529  maxlinkdim=1500 maxerr=2.08E-09 time=251.439
After sweep 81 energy=-128.77442132362918  maxlinkdim=1500 maxerr=2.06E-09 time=252.136
After sweep 82 energy=-128.7907153740384  maxlinkdim=1500 maxerr=1.71E-09 time=254.325
After sweep 83 energy=-128.80595084252238  maxlinkdim=1500 maxerr=1.59E-09 time=256.307
After sweep 84 energy=-128.8212104958756  maxlinkdim=1500 maxerr=1.74E-09 time=267.374
After sweep 85 energy=-128.83162615211867  maxlinkdim=1500 maxerr=1.19E-09 time=271.928
After sweep 86 energy=-128.84105139702947  maxlinkdim=1500 maxerr=1.09E-09 time=260.357
After sweep 87 energy=-128.84997740217952  maxlinkdim=1500 maxerr=8.63E-10 time=259.716
After sweep 88 energy=-128.85874748662232  maxlinkdim=1500 maxerr=7.74E-10 time=267.567
After sweep 89 energy=-128.86771786703974  maxlinkdim=1500 maxerr=8.19E-10 time=275.328
After sweep 90 energy=-128.87711592537445  maxlinkdim=1500 maxerr=1.03E-09 time=278.339
After sweep 91 energy=-128.88541885584266  maxlinkdim=1500 maxerr=9.11E-10 time=272.389
After sweep 92 energy=-128.89309454609244  maxlinkdim=1500 maxerr=9.92E-10 time=273.025
After sweep 93 energy=-128.90068758828824  maxlinkdim=1500 maxerr=1.07E-09 time=272.313
After sweep 94 energy=-128.90779677163528  maxlinkdim=1500 maxerr=1.29E-09 time=271.909
After sweep 95 energy=-128.9160039120399  maxlinkdim=1500 maxerr=3.06E-09 time=273.898
After sweep 96 energy=-128.92313117748756  maxlinkdim=1500 maxerr=1.51E-09 time=275.102
After sweep 97 energy=-128.93015500329545  maxlinkdim=1500 maxerr=1.11E-09 time=273.765
After sweep 98 energy=-128.93691026044667  maxlinkdim=1500 maxerr=1.18E-09 time=277.966
After sweep 99 energy=-128.9432828993863  maxlinkdim=1500 maxerr=9.69E-10 time=275.323
After sweep 100 energy=-128.95043165876442  maxlinkdim=1500 maxerr=1.52E-09 time=273.927
After sweep 101 energy=-128.95665123548164  maxlinkdim=1500 maxerr=2.37E-09 time=270.618
After sweep 102 energy=-128.96302927337572  maxlinkdim=1500 maxerr=2.10E-09 time=273.553
After sweep 103 energy=-128.96801964998306  maxlinkdim=1500 maxerr=1.97E-09 time=271.315
After sweep 104 energy=-128.97256792058286  maxlinkdim=1500 maxerr=1.64E-09 time=267.305
After sweep 105 energy=-128.97716908751917  maxlinkdim=1500 maxerr=1.23E-09 time=274.522
After sweep 106 energy=-128.98236065428006  maxlinkdim=1500 maxerr=1.96E-09 time=278.248
After sweep 107 energy=-128.98659519036076  maxlinkdim=1500 maxerr=1.30E-09 time=277.407
After sweep 108 energy=-128.9907611302234  maxlinkdim=1500 maxerr=1.30E-09 time=275.148
After sweep 109 energy=-128.99668028739197  maxlinkdim=1500 maxerr=2.70E-09 time=278.634
After sweep 110 energy=-129.00133019123697  maxlinkdim=1500 maxerr=1.53E-08 time=280.011
After sweep 111 energy=-129.01959099336148  maxlinkdim=1500 maxerr=9.25E-08 time=283.040
After sweep 112 energy=-129.0298647291429  maxlinkdim=1500 maxerr=3.40E-08 time=292.685
After sweep 113 energy=-129.03531641751871  maxlinkdim=1500 maxerr=8.85E-08 time=293.781
After sweep 114 energy=-129.0393354955524  maxlinkdim=1500 maxerr=3.91E-08 time=289.129
After sweep 115 energy=-129.04247727484767  maxlinkdim=1500 maxerr=3.51E-08 time=294.785
After sweep 116 energy=-129.04489516109226  maxlinkdim=1500 maxerr=4.68E-08 time=291.891
After sweep 117 energy=-129.04678116103102  maxlinkdim=1500 maxerr=1.08E-07 time=293.598
After sweep 118 energy=-129.04826061556236  maxlinkdim=1500 maxerr=4.60E-08 time=292.210
After sweep 119 energy=-129.0494677467237  maxlinkdim=1500 maxerr=6.44E-08 time=293.350
After sweep 120 energy=-129.0504646540049  maxlinkdim=1500 maxerr=2.03E-07 time=284.927
After sweep 121 energy=-129.05126255681327  maxlinkdim=1500 maxerr=1.52E-07 time=298.690
After sweep 122 energy=-129.05180970694119  maxlinkdim=1500 maxerr=2.83E-07 time=299.344
After sweep 123 energy=-129.0521762454098  maxlinkdim=1500 maxerr=1.81E-07 time=293.389
After sweep 124 energy=-129.0523805294169  maxlinkdim=1500 maxerr=1.21E-07 time=296.344
After sweep 125 energy=-129.0525428777641  maxlinkdim=1500 maxerr=1.50E-07 time=292.487
After sweep 126 energy=-129.0525729968623  maxlinkdim=1500 maxerr=1.21E-07 time=295.461
Stopping DMRG after sweep 126
  E(N-2) = -129.0525729968623

[2/3] Computing E(N-1=111)
  Initial state: 111 particles (56 up, 55 dn)
After sweep 1 energy=-94.97838417321216  maxlinkdim=20 maxerr=6.00E-04 time=9.338
After sweep 2 energy=-102.12773954415752  maxlinkdim=50 maxerr=1.69E-05 time=21.484
After sweep 3 energy=-106.90270884372438  maxlinkdim=100 maxerr=1.21E-06 time=31.271
After sweep 4 energy=-110.67876770512204  maxlinkdim=200 maxerr=1.42E-07 time=54.659
After sweep 5 energy=-113.86879872262398  maxlinkdim=921 maxerr=1.00E-10 time=63.306
After sweep 6 energy=-115.9763678900245  maxlinkdim=1500 maxerr=1.27E-10 time=78.892
After sweep 7 energy=-117.77919756201983  maxlinkdim=1500 maxerr=4.94E-10 time=87.326
After sweep 8 energy=-118.88791863374284  maxlinkdim=1500 maxerr=4.72E-10 time=95.312
After sweep 9 energy=-119.82083788181784  maxlinkdim=1500 maxerr=6.07E-10 time=100.578
After sweep 10 energy=-120.56314603326936  maxlinkdim=1500 maxerr=4.97E-10 time=102.571
After sweep 11 energy=-121.15848193223248  maxlinkdim=1500 maxerr=3.46E-10 time=105.538
After sweep 12 energy=-121.66548284877373  maxlinkdim=1500 maxerr=3.11E-10 time=106.014
After sweep 13 energy=-122.09739591356137  maxlinkdim=1500 maxerr=3.32E-10 time=107.401
After sweep 14 energy=-122.46383651336325  maxlinkdim=1500 maxerr=3.12E-10 time=107.426
After sweep 15 energy=-122.78250008181499  maxlinkdim=1500 maxerr=3.32E-10 time=107.561
After sweep 16 energy=-123.06476619322085  maxlinkdim=1500 maxerr=3.17E-10 time=111.735
After sweep 17 energy=-123.31829308000968  maxlinkdim=1500 maxerr=3.65E-10 time=113.637
After sweep 18 energy=-123.55387448932315  maxlinkdim=1500 maxerr=4.38E-10 time=115.918
After sweep 19 energy=-123.75062021563429  maxlinkdim=1500 maxerr=4.35E-10 time=114.576
After sweep 20 energy=-123.93862908024113  maxlinkdim=1500 maxerr=4.62E-10 time=116.703
After sweep 21 energy=-124.10407711362937  maxlinkdim=1500 maxerr=4.69E-10 time=119.145
After sweep 22 energy=-124.25624736023093  maxlinkdim=1500 maxerr=4.01E-10 time=120.873
After sweep 23 energy=-124.39818210304396  maxlinkdim=1500 maxerr=4.46E-10 time=124.593
After sweep 24 energy=-124.52537419520824  maxlinkdim=1500 maxerr=5.37E-10 time=126.597
After sweep 25 energy=-124.64024481986698  maxlinkdim=1500 maxerr=4.10E-10 time=133.445
After sweep 26 energy=-124.75253154741031  maxlinkdim=1500 maxerr=8.92E-10 time=135.073
After sweep 27 energy=-124.85550254319229  maxlinkdim=1500 maxerr=1.66E-09 time=137.849
After sweep 28 energy=-124.94454105206349  maxlinkdim=1500 maxerr=1.05E-09 time=139.221
After sweep 29 energy=-125.03367613268752  maxlinkdim=1500 maxerr=1.86E-09 time=142.170
After sweep 30 energy=-125.10940658881981  maxlinkdim=1500 maxerr=6.72E-10 time=140.689
After sweep 31 energy=-125.18255666591647  maxlinkdim=1500 maxerr=1.11E-09 time=138.554
After sweep 32 energy=-125.26758070816199  maxlinkdim=1500 maxerr=5.46E-09 time=144.668
After sweep 33 energy=-125.38186504326215  maxlinkdim=1500 maxerr=4.59E-09 time=159.740
After sweep 34 energy=-125.5304717188243  maxlinkdim=1500 maxerr=6.34E-09 time=175.539
After sweep 35 energy=-125.62411016067368  maxlinkdim=1500 maxerr=1.85E-08 time=179.570
After sweep 36 energy=-125.69329642606488  maxlinkdim=1500 maxerr=2.03E-09 time=177.505
After sweep 37 energy=-125.75938056048969  maxlinkdim=1500 maxerr=2.57E-09 time=178.473
After sweep 38 energy=-125.8161536975356  maxlinkdim=1500 maxerr=1.18E-09 time=177.318
After sweep 39 energy=-125.86703601612325  maxlinkdim=1500 maxerr=8.23E-10 time=173.555
After sweep 40 energy=-125.9135492294551  maxlinkdim=1500 maxerr=9.19E-10 time=170.611
After sweep 41 energy=-125.95606815772854  maxlinkdim=1500 maxerr=7.37E-10 time=173.686
After sweep 42 energy=-125.99835204577431  maxlinkdim=1500 maxerr=5.93E-10 time=174.818
After sweep 43 energy=-126.03895780011506  maxlinkdim=1500 maxerr=5.52E-10 time=175.265
After sweep 44 energy=-126.07756675186187  maxlinkdim=1500 maxerr=8.01E-10 time=183.488
After sweep 45 energy=-126.11322156738294  maxlinkdim=1500 maxerr=6.20E-10 time=181.929
After sweep 46 energy=-126.14840950426543  maxlinkdim=1500 maxerr=6.90E-10 time=175.644
After sweep 47 energy=-126.1824535936698  maxlinkdim=1500 maxerr=7.59E-10 time=177.464
After sweep 48 energy=-126.21577021840909  maxlinkdim=1500 maxerr=7.65E-10 time=179.806
After sweep 49 energy=-126.24770072680849  maxlinkdim=1500 maxerr=7.76E-10 time=181.025
After sweep 50 energy=-126.27913748099189  maxlinkdim=1500 maxerr=8.03E-10 time=175.881
After sweep 51 energy=-126.3128085875067  maxlinkdim=1500 maxerr=8.78E-10 time=192.582
After sweep 52 energy=-126.34338263876295  maxlinkdim=1500 maxerr=9.01E-10 time=186.724
After sweep 53 energy=-126.37740871017843  maxlinkdim=1500 maxerr=1.20E-09 time=183.674
After sweep 54 energy=-126.40606239483108  maxlinkdim=1500 maxerr=1.01E-09 time=188.116
After sweep 55 energy=-126.43272908035131  maxlinkdim=1500 maxerr=1.07E-09 time=198.990
After sweep 56 energy=-126.45922598810333  maxlinkdim=1500 maxerr=1.20E-09 time=196.034
After sweep 57 energy=-126.48892542783129  maxlinkdim=1500 maxerr=1.58E-09 time=198.371
After sweep 58 energy=-126.51556573185852  maxlinkdim=1500 maxerr=1.27E-09 time=202.072
After sweep 59 energy=-126.54096312159749  maxlinkdim=1500 maxerr=1.21E-09 time=207.657
After sweep 60 energy=-126.56485743005067  maxlinkdim=1500 maxerr=1.14E-09 time=199.463
After sweep 61 energy=-126.5885246595905  maxlinkdim=1500 maxerr=1.19E-09 time=200.566
After sweep 62 energy=-126.61250899116948  maxlinkdim=1500 maxerr=1.22E-09 time=201.928
After sweep 63 energy=-126.63612723572227  maxlinkdim=1500 maxerr=1.25E-09 time=199.741
After sweep 64 energy=-126.6595152066143  maxlinkdim=1500 maxerr=1.31E-09 time=201.164
After sweep 65 energy=-126.68695594129893  maxlinkdim=1500 maxerr=1.73E-09 time=210.501
After sweep 66 energy=-126.70970122635198  maxlinkdim=1500 maxerr=1.22E-09 time=213.644
After sweep 67 energy=-126.73258044446646  maxlinkdim=1500 maxerr=1.30E-09 time=212.414
After sweep 68 energy=-126.75668654119758  maxlinkdim=1500 maxerr=1.49E-09 time=213.120
After sweep 69 energy=-126.7805940250125  maxlinkdim=1500 maxerr=1.47E-09 time=215.934
After sweep 70 energy=-126.80480494615327  maxlinkdim=1500 maxerr=1.51E-09 time=214.950
After sweep 71 energy=-126.8308678641681  maxlinkdim=1500 maxerr=1.70E-09 time=221.249
After sweep 72 energy=-126.85291526523645  maxlinkdim=1500 maxerr=1.29E-09 time=221.516
After sweep 73 energy=-126.87525076615925  maxlinkdim=1500 maxerr=1.44E-09 time=222.304
After sweep 74 energy=-126.89827124396635  maxlinkdim=1500 maxerr=1.59E-09 time=225.443
After sweep 75 energy=-126.92014304865162  maxlinkdim=1500 maxerr=1.51E-09 time=223.394
After sweep 76 energy=-126.94104368908471  maxlinkdim=1500 maxerr=1.44E-09 time=232.549
After sweep 77 energy=-126.96084394173127  maxlinkdim=1500 maxerr=1.49E-09 time=233.651
After sweep 78 energy=-126.98186186834741  maxlinkdim=1500 maxerr=1.72E-09 time=231.931
After sweep 79 energy=-127.00246082715768  maxlinkdim=1500 maxerr=1.61E-09 time=234.204
After sweep 80 energy=-127.02084509465473  maxlinkdim=1500 maxerr=1.55E-09 time=234.417
After sweep 81 energy=-127.03938732920463  maxlinkdim=1500 maxerr=1.74E-09 time=235.084
After sweep 82 energy=-127.05808008586857  maxlinkdim=1500 maxerr=1.95E-09 time=242.946
After sweep 83 energy=-127.07604790350464  maxlinkdim=1500 maxerr=1.91E-09 time=245.589
After sweep 84 energy=-127.09288972157503  maxlinkdim=1500 maxerr=1.76E-09 time=244.579
After sweep 85 energy=-127.10752346007706  maxlinkdim=1500 maxerr=1.25E-09 time=245.682
After sweep 86 energy=-127.12071025063105  maxlinkdim=1500 maxerr=1.11E-09 time=240.974
After sweep 87 energy=-127.13427210220485  maxlinkdim=1500 maxerr=1.24E-09 time=241.132
After sweep 88 energy=-127.15649885213921  maxlinkdim=1500 maxerr=1.28E-08 time=240.936
After sweep 89 energy=-127.17080005762746  maxlinkdim=1500 maxerr=2.16E-09 time=249.506
After sweep 90 energy=-127.18208389619502  maxlinkdim=1500 maxerr=6.92E-10 time=247.398
After sweep 91 energy=-127.19248179087592  maxlinkdim=1500 maxerr=7.95E-10 time=251.698
After sweep 92 energy=-127.20270406121358  maxlinkdim=1500 maxerr=1.34E-09 time=250.640
After sweep 93 energy=-127.21638916408904  maxlinkdim=1500 maxerr=4.34E-09 time=252.425
After sweep 94 energy=-127.22584904485709  maxlinkdim=1500 maxerr=8.06E-10 time=260.964
After sweep 95 energy=-127.23458954832549  maxlinkdim=1500 maxerr=6.80E-10 time=266.725
After sweep 96 energy=-127.24329581724989  maxlinkdim=1500 maxerr=1.01E-09 time=263.617
After sweep 97 energy=-127.25249081753013  maxlinkdim=1500 maxerr=1.32E-09 time=266.054
After sweep 98 energy=-127.2611308081292  maxlinkdim=1500 maxerr=9.30E-10 time=267.484
After sweep 99 energy=-127.26920690481435  maxlinkdim=1500 maxerr=9.59E-10 time=266.120
After sweep 100 energy=-127.28338790467996  maxlinkdim=1500 maxerr=1.45E-08 time=269.265
After sweep 101 energy=-127.29220922628339  maxlinkdim=1500 maxerr=1.29E-09 time=273.893
After sweep 102 energy=-127.29899628743816  maxlinkdim=1500 maxerr=5.14E-10 time=271.862
After sweep 103 energy=-127.30509986455019  maxlinkdim=1500 maxerr=9.07E-10 time=267.642
After sweep 104 energy=-127.31108092702355  maxlinkdim=1500 maxerr=1.40E-09 time=265.746
After sweep 105 energy=-127.31705625410001  maxlinkdim=1500 maxerr=2.21E-09 time=265.635
After sweep 106 energy=-127.32311634661491  maxlinkdim=1500 maxerr=2.66E-09 time=263.136
After sweep 107 energy=-127.32882668773708  maxlinkdim=1500 maxerr=2.43E-09 time=268.574
After sweep 108 energy=-127.33367836411803  maxlinkdim=1500 maxerr=1.50E-09 time=270.469
After sweep 109 energy=-127.33839594700653  maxlinkdim=1500 maxerr=1.55E-09 time=269.047
After sweep 110 energy=-127.3438306950712  maxlinkdim=1500 maxerr=2.44E-09 time=269.638
After sweep 111 energy=-127.35032740392442  maxlinkdim=1500 maxerr=5.57E-09 time=268.752
After sweep 112 energy=-127.35762192788415  maxlinkdim=1500 maxerr=1.07E-08 time=273.017
After sweep 113 energy=-127.36182502045307  maxlinkdim=1500 maxerr=7.60E-10 time=277.644
After sweep 114 energy=-127.36542154708518  maxlinkdim=1500 maxerr=1.85E-09 time=275.840
After sweep 115 energy=-127.3687464190017  maxlinkdim=1500 maxerr=1.62E-09 time=272.065
After sweep 116 energy=-127.3720444017776  maxlinkdim=1500 maxerr=1.76E-09 time=276.807
After sweep 117 energy=-127.37550212958286  maxlinkdim=1500 maxerr=2.85E-09 time=270.425
After sweep 118 energy=-127.37906328426857  maxlinkdim=1500 maxerr=3.85E-09 time=272.942
After sweep 119 energy=-127.38191306361634  maxlinkdim=1500 maxerr=1.11E-09 time=275.940
After sweep 120 energy=-127.38483975622532  maxlinkdim=1500 maxerr=2.07E-09 time=278.788
After sweep 121 energy=-127.38755917048398  maxlinkdim=1500 maxerr=2.43E-09 time=282.365
After sweep 122 energy=-127.39123344251547  maxlinkdim=1500 maxerr=2.70E-09 time=282.675
After sweep 123 energy=-127.39393742103135  maxlinkdim=1500 maxerr=6.65E-09 time=279.471
After sweep 124 energy=-127.39638933816977  maxlinkdim=1500 maxerr=3.85E-09 time=282.118
After sweep 125 energy=-127.39961014538132  maxlinkdim=1500 maxerr=1.17E-08 time=281.227
After sweep 126 energy=-127.40198682571123  maxlinkdim=1500 maxerr=2.00E-09 time=282.183
After sweep 127 energy=-127.40376595510024  maxlinkdim=1500 maxerr=1.41E-09 time=284.014
After sweep 128 energy=-127.4064363123261  maxlinkdim=1500 maxerr=1.15E-08 time=287.898
After sweep 129 energy=-127.40817198579403  maxlinkdim=1500 maxerr=1.70E-09 time=290.851
After sweep 130 energy=-127.40970601578267  maxlinkdim=1500 maxerr=3.70E-09 time=285.757
After sweep 131 energy=-127.41091580015615  maxlinkdim=1500 maxerr=2.10E-09 time=287.474
After sweep 132 energy=-127.41230013541187  maxlinkdim=1500 maxerr=4.94E-09 time=290.448
After sweep 133 energy=-127.41332358526037  maxlinkdim=1500 maxerr=3.38E-09 time=290.219
After sweep 134 energy=-127.41468638245885  maxlinkdim=1500 maxerr=4.25E-07 time=286.220
After sweep 135 energy=-127.41952388766599  maxlinkdim=1500 maxerr=3.98E-07 time=286.322
After sweep 136 energy=-127.42158983406698  maxlinkdim=1500 maxerr=1.01E-07 time=292.869
After sweep 137 energy=-127.42226746500633  maxlinkdim=1500 maxerr=7.12E-08 time=292.980
After sweep 138 energy=-127.42262139579411  maxlinkdim=1500 maxerr=7.63E-08 time=291.137
After sweep 139 energy=-127.42282200090695  maxlinkdim=1500 maxerr=9.89E-08 time=291.109
After sweep 140 energy=-127.4229068158067  maxlinkdim=1500 maxerr=1.13E-07 time=293.452
Stopping DMRG after sweep 140
  E(N-1) = -127.4229068158067

[3/3] Computing E(N=112)
  Initial state: 112 particles (56 up, 56 dn)
After sweep 1 energy=-94.57766631873857  maxlinkdim=20 maxerr=2.19E-04 time=9.579
After sweep 2 energy=-102.56601465863552  maxlinkdim=50 maxerr=4.05E-05 time=21.165
After sweep 3 energy=-106.8952424557493  maxlinkdim=100 maxerr=1.23E-06 time=31.559
After sweep 4 energy=-110.43439897253127  maxlinkdim=200 maxerr=6.06E-08 time=51.629
After sweep 5 energy=-113.43669858973765  maxlinkdim=817 maxerr=1.00E-10 time=64.693
After sweep 6 energy=-115.81015152912786  maxlinkdim=1400 maxerr=1.00E-10 time=75.237
After sweep 7 energy=-117.2342469852709  maxlinkdim=1500 maxerr=4.93E-10 time=95.292
After sweep 8 energy=-118.32408321849229  maxlinkdim=1500 maxerr=8.50E-10 time=98.241
After sweep 9 energy=-119.10520027676033  maxlinkdim=1500 maxerr=8.68E-10 time=97.823
After sweep 10 energy=-119.75062298967083  maxlinkdim=1500 maxerr=7.02E-10 time=96.779
After sweep 11 energy=-120.28260393874385  maxlinkdim=1500 maxerr=5.90E-10 time=99.105
After sweep 12 energy=-120.72540802736619  maxlinkdim=1500 maxerr=5.98E-10 time=98.212
After sweep 13 energy=-121.09901276326987  maxlinkdim=1500 maxerr=5.87E-10 time=101.169
After sweep 14 energy=-121.42482828096456  maxlinkdim=1500 maxerr=5.34E-10 time=105.754
After sweep 15 energy=-121.70655796145792  maxlinkdim=1500 maxerr=5.85E-10 time=107.001
After sweep 16 energy=-121.9559432724413  maxlinkdim=1500 maxerr=4.97E-10 time=106.531
After sweep 17 energy=-122.18487126631015  maxlinkdim=1500 maxerr=5.33E-10 time=114.332
After sweep 18 energy=-122.37858526404042  maxlinkdim=1500 maxerr=6.09E-10 time=120.315
After sweep 19 energy=-122.55507955568766  maxlinkdim=1500 maxerr=7.04E-10 time=120.743
After sweep 20 energy=-122.72042350322627  maxlinkdim=1500 maxerr=6.78E-10 time=123.863
After sweep 21 energy=-122.86191867714108  maxlinkdim=1500 maxerr=4.79E-10 time=125.061
After sweep 22 energy=-123.01030269080456  maxlinkdim=1500 maxerr=6.58E-10 time=127.398
After sweep 23 energy=-123.14137141838034  maxlinkdim=1500 maxerr=4.37E-10 time=129.088
After sweep 24 energy=-123.26044861577218  maxlinkdim=1500 maxerr=5.55E-10 time=130.675
After sweep 25 energy=-123.37278964841235  maxlinkdim=1500 maxerr=6.53E-10 time=132.361
After sweep 26 energy=-123.48359661429635  maxlinkdim=1500 maxerr=9.48E-10 time=133.201
After sweep 27 energy=-123.58208383563513  maxlinkdim=1500 maxerr=8.51E-10 time=134.401
After sweep 28 energy=-123.671626120164  maxlinkdim=1500 maxerr=7.88E-10 time=134.302
After sweep 29 energy=-123.76200201590778  maxlinkdim=1500 maxerr=1.10E-09 time=135.084
After sweep 30 energy=-123.83990014509136  maxlinkdim=1500 maxerr=1.03E-09 time=134.732
After sweep 31 energy=-123.90472915458201  maxlinkdim=1500 maxerr=7.00E-10 time=141.821
After sweep 32 energy=-123.96572892600226  maxlinkdim=1500 maxerr=8.23E-10 time=144.860
After sweep 33 energy=-124.02114059687996  maxlinkdim=1500 maxerr=9.61E-10 time=145.111
After sweep 34 energy=-124.07461471905208  maxlinkdim=1500 maxerr=1.15E-09 time=142.928
After sweep 35 energy=-124.12587977571792  maxlinkdim=1500 maxerr=1.20E-09 time=143.411
After sweep 36 energy=-124.17528869573633  maxlinkdim=1500 maxerr=1.48E-09 time=144.331
After sweep 37 energy=-124.22455533902915  maxlinkdim=1500 maxerr=1.74E-09 time=152.020
After sweep 38 energy=-124.27431496811803  maxlinkdim=1500 maxerr=2.15E-09 time=150.391
After sweep 39 energy=-124.32513239001429  maxlinkdim=1500 maxerr=2.46E-09 time=154.376
After sweep 40 energy=-124.37991693499524  maxlinkdim=1500 maxerr=2.86E-09 time=164.215
After sweep 41 energy=-124.43111880431509  maxlinkdim=1500 maxerr=3.25E-09 time=170.419
After sweep 42 energy=-124.47857945035702  maxlinkdim=1500 maxerr=2.91E-09 time=170.989
After sweep 43 energy=-124.52606278236199  maxlinkdim=1500 maxerr=3.21E-09 time=172.908
After sweep 44 energy=-124.57271825313582  maxlinkdim=1500 maxerr=2.73E-09 time=177.396
After sweep 45 energy=-124.61497964957607  maxlinkdim=1500 maxerr=2.50E-09 time=178.485
After sweep 46 energy=-124.64973879996013  maxlinkdim=1500 maxerr=2.01E-09 time=178.685
After sweep 47 energy=-124.68490001743683  maxlinkdim=1500 maxerr=2.17E-09 time=177.533
After sweep 48 energy=-124.7212572742086  maxlinkdim=1500 maxerr=1.57E-09 time=175.970
After sweep 49 energy=-124.75101137362358  maxlinkdim=1500 maxerr=1.34E-09 time=173.166
After sweep 50 energy=-124.77984940244748  maxlinkdim=1500 maxerr=1.46E-09 time=171.587
After sweep 51 energy=-124.80833691099325  maxlinkdim=1500 maxerr=8.95E-10 time=176.123
After sweep 52 energy=-124.8365844561036  maxlinkdim=1500 maxerr=1.30E-09 time=176.105
After sweep 53 energy=-124.86019905923864  maxlinkdim=1500 maxerr=1.02E-09 time=174.107
After sweep 54 energy=-124.88703963271959  maxlinkdim=1500 maxerr=1.27E-09 time=180.948
After sweep 55 energy=-124.91181137915316  maxlinkdim=1500 maxerr=1.18E-09 time=181.408
After sweep 56 energy=-124.93630297936899  maxlinkdim=1500 maxerr=1.22E-09 time=189.512
After sweep 57 energy=-124.95807340302609  maxlinkdim=1500 maxerr=1.31E-09 time=185.796
After sweep 58 energy=-124.9798191045156  maxlinkdim=1500 maxerr=1.45E-09 time=187.673
After sweep 59 energy=-125.00468515050625  maxlinkdim=1500 maxerr=1.51E-09 time=192.717
After sweep 60 energy=-125.03039681411387  maxlinkdim=1500 maxerr=2.02E-09 time=194.624
After sweep 61 energy=-125.05416254042844  maxlinkdim=1500 maxerr=2.23E-09 time=194.146
After sweep 62 energy=-125.0793060455843  maxlinkdim=1500 maxerr=2.66E-09 time=203.889
After sweep 63 energy=-125.10633566431233  maxlinkdim=1500 maxerr=3.19E-09 time=214.930
After sweep 64 energy=-125.13094247634562  maxlinkdim=1500 maxerr=2.90E-09 time=213.602
After sweep 65 energy=-125.1553365597795  maxlinkdim=1500 maxerr=3.21E-09 time=210.718
After sweep 66 energy=-125.17926733211445  maxlinkdim=1500 maxerr=3.26E-09 time=214.513
After sweep 67 energy=-125.20216646282486  maxlinkdim=1500 maxerr=3.09E-09 time=217.061
After sweep 68 energy=-125.22466994424099  maxlinkdim=1500 maxerr=3.13E-09 time=223.758
After sweep 69 energy=-125.24539285152346  maxlinkdim=1500 maxerr=2.75E-09 time=222.693
After sweep 70 energy=-125.2649727526682  maxlinkdim=1500 maxerr=2.56E-09 time=222.329
After sweep 71 energy=-125.28545774369407  maxlinkdim=1500 maxerr=3.05E-09 time=224.163
After sweep 72 energy=-125.30533944893715  maxlinkdim=1500 maxerr=1.34E-09 time=231.755
After sweep 73 energy=-125.32023261132164  maxlinkdim=1500 maxerr=1.00E-09 time=231.258
After sweep 74 energy=-125.33577204825667  maxlinkdim=1500 maxerr=1.46E-09 time=227.229
After sweep 75 energy=-125.35232504584145  maxlinkdim=1500 maxerr=1.83E-09 time=224.025
After sweep 76 energy=-125.36879033149938  maxlinkdim=1500 maxerr=1.87E-09 time=225.933
After sweep 77 energy=-125.38484953488631  maxlinkdim=1500 maxerr=1.73E-09 time=227.335
After sweep 78 energy=-125.39834279276053  maxlinkdim=1500 maxerr=1.17E-09 time=225.453
After sweep 79 energy=-125.41201114443159  maxlinkdim=1500 maxerr=1.47E-09 time=231.314
After sweep 80 energy=-125.42604921338771  maxlinkdim=1500 maxerr=1.80E-09 time=236.769
After sweep 81 energy=-125.43699041833872  maxlinkdim=1500 maxerr=9.24E-10 time=232.765
After sweep 82 energy=-125.44991489676316  maxlinkdim=1500 maxerr=1.88E-09 time=239.191
After sweep 83 energy=-125.461789731396  maxlinkdim=1500 maxerr=1.29E-09 time=237.220
After sweep 84 energy=-125.47254897888702  maxlinkdim=1500 maxerr=1.27E-09 time=240.442
After sweep 85 energy=-125.48269271944784  maxlinkdim=1500 maxerr=1.47E-09 time=232.522
After sweep 86 energy=-125.49192716837919  maxlinkdim=1500 maxerr=1.11E-09 time=232.529
After sweep 87 energy=-125.5010932272061  maxlinkdim=1500 maxerr=1.00E-09 time=234.983
After sweep 88 energy=-125.51093416425552  maxlinkdim=1500 maxerr=1.24E-09 time=240.410
After sweep 89 energy=-125.52240404911515  maxlinkdim=1500 maxerr=2.69E-09 time=240.728
After sweep 90 energy=-125.53736090000636  maxlinkdim=1500 maxerr=7.42E-09 time=247.307
After sweep 91 energy=-125.54794955431315  maxlinkdim=1500 maxerr=7.12E-10 time=251.100
After sweep 92 energy=-125.55904471226464  maxlinkdim=1500 maxerr=2.93E-09 time=251.591
After sweep 93 energy=-125.57348862234316  maxlinkdim=1500 maxerr=4.70E-09 time=258.062
After sweep 94 energy=-125.58746748836191  maxlinkdim=1500 maxerr=3.36E-09 time=271.291
After sweep 95 energy=-125.59932820595307  maxlinkdim=1500 maxerr=2.57E-09 time=258.726
After sweep 96 energy=-125.61002774966614  maxlinkdim=1500 maxerr=2.21E-09 time=258.333
After sweep 97 energy=-125.61984167241792  maxlinkdim=1500 maxerr=1.90E-09 time=259.268
After sweep 98 energy=-125.62871870696783  maxlinkdim=1500 maxerr=1.83E-09 time=256.239
After sweep 99 energy=-125.63709524243716  maxlinkdim=1500 maxerr=1.45E-09 time=262.005
After sweep 100 energy=-125.64459524863281  maxlinkdim=1500 maxerr=1.38E-09 time=264.736
After sweep 101 energy=-125.65412141379014  maxlinkdim=1500 maxerr=5.09E-09 time=261.984
After sweep 102 energy=-125.6637196225249  maxlinkdim=1500 maxerr=3.31E-09 time=265.562
After sweep 103 energy=-125.67088039959197  maxlinkdim=1500 maxerr=1.32E-09 time=265.378
After sweep 104 energy=-125.67675103547512  maxlinkdim=1500 maxerr=1.04E-09 time=259.475
After sweep 105 energy=-125.68203991868621  maxlinkdim=1500 maxerr=8.48E-10 time=264.025
After sweep 106 energy=-125.68691652578487  maxlinkdim=1500 maxerr=8.71E-10 time=266.194
After sweep 107 energy=-125.69176317895385  maxlinkdim=1500 maxerr=1.73E-09 time=269.560
After sweep 108 energy=-125.69626839346209  maxlinkdim=1500 maxerr=1.17E-09 time=271.940
After sweep 109 energy=-125.70057675809457  maxlinkdim=1500 maxerr=1.19E-09 time=264.048
After sweep 110 energy=-125.70471301065243  maxlinkdim=1500 maxerr=1.33E-09 time=265.587
After sweep 111 energy=-125.70871245435585  maxlinkdim=1500 maxerr=1.42E-09 time=264.672
After sweep 112 energy=-125.71260548969201  maxlinkdim=1500 maxerr=1.42E-09 time=266.900
After sweep 113 energy=-125.71642998045041  maxlinkdim=1500 maxerr=1.40E-09 time=271.821
After sweep 114 energy=-125.72020120408278  maxlinkdim=1500 maxerr=1.33E-09 time=266.828
After sweep 115 energy=-125.7238447024898  maxlinkdim=1500 maxerr=1.30E-09 time=267.011
After sweep 116 energy=-125.72736315342601  maxlinkdim=1500 maxerr=1.35E-09 time=270.548
After sweep 117 energy=-125.7308829172523  maxlinkdim=1500 maxerr=1.52E-09 time=268.254
After sweep 118 energy=-125.73479519612725  maxlinkdim=1500 maxerr=3.29E-09 time=269.631
After sweep 119 energy=-125.73812793021644  maxlinkdim=1500 maxerr=2.28E-09 time=288.382
After sweep 120 energy=-125.7411443203554  maxlinkdim=1500 maxerr=1.84E-09 time=285.398
After sweep 121 energy=-125.74420695914722  maxlinkdim=1500 maxerr=2.03E-09 time=284.365
After sweep 122 energy=-125.74705067031368  maxlinkdim=1500 maxerr=2.31E-09 time=280.408
After sweep 123 energy=-125.75004059199544  maxlinkdim=1500 maxerr=3.31E-09 time=275.269
After sweep 124 energy=-125.75276296225817  maxlinkdim=1500 maxerr=3.06E-09 time=278.881
After sweep 125 energy=-125.75523443855967  maxlinkdim=1500 maxerr=3.26E-09 time=279.384
After sweep 126 energy=-125.75781261738682  maxlinkdim=1500 maxerr=4.87E-09 time=281.077
After sweep 127 energy=-125.76082741976116  maxlinkdim=1500 maxerr=4.08E-09 time=281.890
After sweep 128 energy=-125.76279371727497  maxlinkdim=1500 maxerr=6.32E-09 time=284.862
After sweep 129 energy=-125.76450804226373  maxlinkdim=1500 maxerr=2.64E-09 time=284.687
After sweep 130 energy=-125.766551160694  maxlinkdim=1500 maxerr=2.64E-07 time=285.214
After sweep 131 energy=-125.76881198117522  maxlinkdim=1500 maxerr=2.57E-07 time=283.118
After sweep 132 energy=-125.77570122222852  maxlinkdim=1500 maxerr=2.95E-07 time=288.015
After sweep 133 energy=-125.77910388896096  maxlinkdim=1500 maxerr=5.18E-08 time=295.441
After sweep 134 energy=-125.78035068256072  maxlinkdim=1500 maxerr=4.45E-08 time=296.145
After sweep 135 energy=-125.78119620340472  maxlinkdim=1500 maxerr=8.72E-08 time=293.533
After sweep 136 energy=-125.78186322043669  maxlinkdim=1500 maxerr=1.22E-07 time=294.676
After sweep 137 energy=-125.78240980731303  maxlinkdim=1500 maxerr=1.06E-07 time=292.506
After sweep 138 energy=-125.78280022650752  maxlinkdim=1500 maxerr=1.05E-07 time=292.921
After sweep 139 energy=-125.78312691871953  maxlinkdim=1500 maxerr=1.50E-07 time=294.964
After sweep 140 energy=-125.78333720597139  maxlinkdim=1500 maxerr=1.29E-07 time=302.766
After sweep 141 energy=-125.78342315695762  maxlinkdim=1500 maxerr=1.17E-07 time=298.110
Stopping DMRG after sweep 141
  E(N) = -125.78342315695762

============================================================
RESULTS:
  E(110) = -129.0525729968623
  E(111) = -127.4229068158067
  E(112)     = -125.78342315695762
  E_p = 0.00981748  (repulsive hole pairing)
============================================================
RESULT: E_p = 0.00981747779349007
