Calculating pair binding energy for ladder
L=64, U=8.0, V=0.0, t0=2.0, density=0.9375
============================================================
Pair binding energy for Hubbard ladder
L = 64 rungs, 128 sites
U = 8.0, V = 0.0, t = 1.0, t0 = 2.0, density = 0.9375
N_base = 120
============================================================

[1/3] Computing E(N-2=118)
  Initial state: 118 particles (59 up, 59 dn)
After sweep 1 energy=-114.09576679364592  maxlinkdim=20 maxerr=2.04E-04 time=48.355
After sweep 2 energy=-119.94274405222457  maxlinkdim=50 maxerr=2.59E-05 time=29.480
After sweep 3 energy=-123.01497609952854  maxlinkdim=100 maxerr=1.17E-06 time=41.541
After sweep 4 energy=-125.21255754763143  maxlinkdim=200 maxerr=8.67E-08 time=60.977
After sweep 5 energy=-126.4562350057598  maxlinkdim=818 maxerr=1.00E-10 time=63.114
After sweep 6 energy=-127.34014733014118  maxlinkdim=1242 maxerr=1.00E-10 time=74.873
After sweep 7 energy=-127.94867777386321  maxlinkdim=1485 maxerr=1.00E-10 time=82.861
After sweep 8 energy=-128.39262292997935  maxlinkdim=1500 maxerr=2.05E-10 time=89.413
After sweep 9 energy=-128.74195353448667  maxlinkdim=1500 maxerr=2.93E-10 time=93.756
After sweep 10 energy=-129.0157868754201  maxlinkdim=1500 maxerr=3.94E-10 time=99.281
After sweep 11 energy=-129.23113927588295  maxlinkdim=1500 maxerr=4.05E-10 time=102.836
After sweep 12 energy=-129.4161982082716  maxlinkdim=1500 maxerr=4.59E-10 time=106.787
After sweep 13 energy=-129.56986998390644  maxlinkdim=1500 maxerr=6.49E-10 time=108.719
After sweep 14 energy=-129.7107075778929  maxlinkdim=1500 maxerr=8.79E-10 time=111.363
After sweep 15 energy=-129.84157504964085  maxlinkdim=1500 maxerr=1.69E-09 time=111.393
After sweep 16 energy=-129.94384194846455  maxlinkdim=1500 maxerr=9.11E-10 time=112.861
After sweep 17 energy=-130.04012249288007  maxlinkdim=1500 maxerr=9.65E-10 time=115.144
After sweep 18 energy=-130.1214040693677  maxlinkdim=1500 maxerr=9.46E-10 time=114.424
After sweep 19 energy=-130.189002090443  maxlinkdim=1500 maxerr=5.05E-10 time=109.949
After sweep 20 energy=-130.25677090346994  maxlinkdim=1500 maxerr=5.72E-10 time=111.667
After sweep 21 energy=-130.31428040557262  maxlinkdim=1500 maxerr=4.40E-10 time=112.648
After sweep 22 energy=-130.36665545626968  maxlinkdim=1500 maxerr=2.67E-10 time=113.140
After sweep 23 energy=-130.42221992037395  maxlinkdim=1500 maxerr=7.50E-10 time=124.109
After sweep 24 energy=-130.48601829636672  maxlinkdim=1500 maxerr=1.23E-09 time=128.606
After sweep 25 energy=-130.5525214025166  maxlinkdim=1500 maxerr=1.84E-09 time=134.674
After sweep 26 energy=-130.60563811632352  maxlinkdim=1500 maxerr=1.61E-09 time=129.233
After sweep 27 energy=-130.64993927369426  maxlinkdim=1500 maxerr=1.64E-09 time=131.508
After sweep 28 energy=-130.70150278773036  maxlinkdim=1500 maxerr=3.34E-09 time=135.587
After sweep 29 energy=-130.76069387967948  maxlinkdim=1500 maxerr=3.09E-09 time=142.249
After sweep 30 energy=-130.79760777701657  maxlinkdim=1500 maxerr=9.86E-10 time=146.131
After sweep 31 energy=-130.83660684342792  maxlinkdim=1500 maxerr=1.22E-09 time=149.566
After sweep 32 energy=-130.86310541336752  maxlinkdim=1500 maxerr=7.18E-10 time=149.830
After sweep 33 energy=-130.89500557059972  maxlinkdim=1500 maxerr=1.50E-09 time=147.002
After sweep 34 energy=-130.91520372253976  maxlinkdim=1494 maxerr=3.95E-10 time=143.461
After sweep 35 energy=-130.93377555380835  maxlinkdim=1500 maxerr=2.29E-10 time=141.948
After sweep 36 energy=-130.9492414729221  maxlinkdim=1493 maxerr=1.51E-10 time=137.207
After sweep 37 energy=-130.9637257459416  maxlinkdim=1498 maxerr=1.15E-10 time=134.483
After sweep 38 energy=-130.97815486496555  maxlinkdim=1490 maxerr=2.47E-10 time=131.890
After sweep 39 energy=-130.9908157484917  maxlinkdim=1497 maxerr=1.49E-10 time=129.124
After sweep 40 energy=-131.0038245045038  maxlinkdim=1500 maxerr=1.40E-10 time=129.978
After sweep 41 energy=-131.0158324487674  maxlinkdim=1500 maxerr=1.60E-10 time=125.447
After sweep 42 energy=-131.03126326010926  maxlinkdim=1500 maxerr=3.65E-10 time=133.472
After sweep 43 energy=-131.04773413155493  maxlinkdim=1499 maxerr=7.37E-10 time=141.597
After sweep 44 energy=-131.0601838230851  maxlinkdim=1500 maxerr=2.49E-10 time=143.047
After sweep 45 energy=-131.071007225983  maxlinkdim=1500 maxerr=1.70E-10 time=139.825
After sweep 46 energy=-131.0852013103063  maxlinkdim=1500 maxerr=2.97E-10 time=141.558
After sweep 47 energy=-131.09623219415744  maxlinkdim=1500 maxerr=2.46E-10 time=141.596
After sweep 48 energy=-131.10706953799672  maxlinkdim=1500 maxerr=2.36E-10 time=141.617
After sweep 49 energy=-131.11686285335747  maxlinkdim=1500 maxerr=2.23E-10 time=142.543
After sweep 50 energy=-131.12769345640578  maxlinkdim=1500 maxerr=2.99E-10 time=141.971
After sweep 51 energy=-131.13773082014575  maxlinkdim=1500 maxerr=2.69E-10 time=141.201
After sweep 52 energy=-131.14677005470384  maxlinkdim=1500 maxerr=2.38E-10 time=142.331
After sweep 53 energy=-131.15682464787542  maxlinkdim=1500 maxerr=2.96E-10 time=145.834
After sweep 54 energy=-131.16534473758594  maxlinkdim=1500 maxerr=2.40E-10 time=143.233
After sweep 55 energy=-131.1740367145274  maxlinkdim=1500 maxerr=3.26E-10 time=143.890
After sweep 56 energy=-131.18317109713212  maxlinkdim=1500 maxerr=3.94E-10 time=146.586
After sweep 57 energy=-131.19173450740803  maxlinkdim=1500 maxerr=2.94E-10 time=149.949
After sweep 58 energy=-131.2031486450668  maxlinkdim=1500 maxerr=7.27E-10 time=159.100
After sweep 59 energy=-131.21161624046974  maxlinkdim=1500 maxerr=4.16E-10 time=166.605
After sweep 60 energy=-131.2196455090073  maxlinkdim=1500 maxerr=3.21E-10 time=163.130
After sweep 61 energy=-131.22784866621416  maxlinkdim=1500 maxerr=3.75E-10 time=166.304
After sweep 62 energy=-131.23563873302376  maxlinkdim=1500 maxerr=3.54E-10 time=167.121
After sweep 63 energy=-131.24412267018107  maxlinkdim=1500 maxerr=4.01E-10 time=167.531
After sweep 64 energy=-131.25252138610213  maxlinkdim=1500 maxerr=4.36E-10 time=170.452
After sweep 65 energy=-131.25966461756644  maxlinkdim=1500 maxerr=3.40E-10 time=168.854
After sweep 66 energy=-131.26737166120927  maxlinkdim=1500 maxerr=4.39E-10 time=169.110
After sweep 67 energy=-131.274639163558  maxlinkdim=1500 maxerr=4.08E-10 time=169.950
After sweep 68 energy=-131.28193742580086  maxlinkdim=1500 maxerr=4.89E-10 time=169.499
After sweep 69 energy=-131.28861569482808  maxlinkdim=1500 maxerr=4.04E-10 time=167.708
After sweep 70 energy=-131.2961408231336  maxlinkdim=1500 maxerr=6.09E-10 time=167.069
After sweep 71 energy=-131.30187036526036  maxlinkdim=1500 maxerr=2.21E-10 time=163.083
After sweep 72 energy=-131.3092119016174  maxlinkdim=1500 maxerr=7.61E-10 time=166.840
After sweep 73 energy=-131.3147620303597  maxlinkdim=1500 maxerr=3.18E-10 time=166.027
After sweep 74 energy=-131.32042206445567  maxlinkdim=1500 maxerr=3.18E-10 time=165.696
After sweep 75 energy=-131.32572317629658  maxlinkdim=1500 maxerr=3.13E-10 time=171.229
After sweep 76 energy=-131.3309316446575  maxlinkdim=1500 maxerr=3.41E-10 time=166.232
After sweep 77 energy=-131.3361618301738  maxlinkdim=1500 maxerr=3.62E-10 time=162.456
After sweep 78 energy=-131.34156281367262  maxlinkdim=1500 maxerr=4.00E-10 time=167.446
After sweep 79 energy=-131.34708322797096  maxlinkdim=1500 maxerr=4.23E-10 time=170.444
After sweep 80 energy=-131.35235821934353  maxlinkdim=1500 maxerr=4.29E-10 time=165.667
After sweep 81 energy=-131.35741565703862  maxlinkdim=1500 maxerr=4.09E-10 time=163.786
After sweep 82 energy=-131.36279626989048  maxlinkdim=1500 maxerr=4.58E-10 time=164.920
After sweep 83 energy=-131.36794442087435  maxlinkdim=1500 maxerr=4.77E-10 time=168.221
After sweep 84 energy=-131.37301486396976  maxlinkdim=1500 maxerr=4.52E-10 time=172.151
After sweep 85 energy=-131.37795638903617  maxlinkdim=1500 maxerr=4.57E-10 time=176.361
After sweep 86 energy=-131.3829759478967  maxlinkdim=1500 maxerr=4.49E-10 time=183.101
After sweep 87 energy=-131.38730563400148  maxlinkdim=1500 maxerr=2.90E-10 time=185.233
After sweep 88 energy=-131.39145178490708  maxlinkdim=1500 maxerr=3.94E-10 time=180.536
After sweep 89 energy=-131.39530241588608  maxlinkdim=1500 maxerr=3.73E-10 time=175.258
After sweep 90 energy=-131.39914098565356  maxlinkdim=1500 maxerr=4.36E-10 time=178.219
After sweep 91 energy=-131.40291920759466  maxlinkdim=1500 maxerr=4.41E-10 time=177.988
After sweep 92 energy=-131.4064634464988  maxlinkdim=1500 maxerr=3.37E-10 time=180.820
After sweep 93 energy=-131.41010982096012  maxlinkdim=1500 maxerr=4.03E-10 time=180.964
After sweep 94 energy=-131.41357144438481  maxlinkdim=1500 maxerr=3.81E-10 time=182.652
After sweep 95 energy=-131.4178545373319  maxlinkdim=1500 maxerr=8.39E-10 time=190.726
After sweep 96 energy=-131.42183264207964  maxlinkdim=1500 maxerr=3.94E-10 time=191.210
After sweep 97 energy=-131.4282518368426  maxlinkdim=1500 maxerr=4.23E-09 time=189.823
After sweep 98 energy=-131.43403700906867  maxlinkdim=1500 maxerr=1.55E-09 time=206.233
After sweep 99 energy=-131.43918059202696  maxlinkdim=1500 maxerr=1.31E-09 time=205.527
After sweep 100 energy=-131.44334205026675  maxlinkdim=1500 maxerr=6.49E-10 time=204.746
After sweep 101 energy=-131.44683921111553  maxlinkdim=1500 maxerr=4.29E-10 time=202.196
After sweep 102 energy=-131.4500115648473  maxlinkdim=1500 maxerr=3.66E-10 time=195.965
After sweep 103 energy=-131.45294257068124  maxlinkdim=1500 maxerr=3.61E-10 time=189.632
After sweep 104 energy=-131.45614660856992  maxlinkdim=1500 maxerr=4.54E-10 time=189.794
After sweep 105 energy=-131.4595146740034  maxlinkdim=1500 maxerr=5.27E-10 time=198.832
After sweep 106 energy=-131.46291911393217  maxlinkdim=1500 maxerr=5.59E-10 time=195.088
After sweep 107 energy=-131.46579249373065  maxlinkdim=1500 maxerr=5.10E-10 time=198.023
After sweep 108 energy=-131.4688799368505  maxlinkdim=1500 maxerr=6.10E-10 time=203.391
After sweep 109 energy=-131.47176414918152  maxlinkdim=1500 maxerr=8.12E-10 time=207.390
After sweep 110 energy=-131.47504531560674  maxlinkdim=1500 maxerr=8.92E-10 time=209.831
After sweep 111 energy=-131.4778518792059  maxlinkdim=1500 maxerr=2.19E-10 time=211.362
After sweep 112 energy=-131.48104724552232  maxlinkdim=1500 maxerr=1.66E-09 time=204.983
After sweep 113 energy=-131.48453155431514  maxlinkdim=1500 maxerr=1.45E-09 time=215.032
After sweep 114 energy=-131.48877740921483  maxlinkdim=1500 maxerr=2.84E-09 time=220.399
After sweep 115 energy=-131.49329906248116  maxlinkdim=1500 maxerr=3.75E-09 time=229.180
After sweep 116 energy=-131.4968500042436  maxlinkdim=1500 maxerr=2.31E-09 time=233.947
After sweep 117 energy=-131.5001705201528  maxlinkdim=1500 maxerr=2.61E-09 time=229.651
After sweep 118 energy=-131.50310018761115  maxlinkdim=1500 maxerr=1.30E-09 time=231.039
After sweep 119 energy=-131.50501057316976  maxlinkdim=1500 maxerr=4.34E-10 time=228.515
After sweep 120 energy=-131.50673668707827  maxlinkdim=1500 maxerr=3.17E-10 time=225.484
After sweep 121 energy=-131.50972744742367  maxlinkdim=1500 maxerr=4.37E-09 time=224.957
After sweep 122 energy=-131.51212731822068  maxlinkdim=1500 maxerr=1.05E-09 time=232.721
After sweep 123 energy=-131.51460904108623  maxlinkdim=1500 maxerr=2.54E-09 time=225.276
After sweep 124 energy=-131.51721920645855  maxlinkdim=1500 maxerr=7.95E-10 time=240.847
After sweep 125 energy=-131.5192178872397  maxlinkdim=1500 maxerr=1.07E-09 time=238.879
After sweep 126 energy=-131.52106128701007  maxlinkdim=1500 maxerr=4.47E-10 time=240.518
After sweep 127 energy=-131.5224103774939  maxlinkdim=1500 maxerr=3.15E-10 time=237.483
After sweep 128 energy=-131.5250756686036  maxlinkdim=1500 maxerr=5.66E-09 time=236.930
After sweep 129 energy=-131.52702976963735  maxlinkdim=1500 maxerr=1.29E-09 time=250.650
After sweep 130 energy=-131.53210239740446  maxlinkdim=1500 maxerr=2.79E-08 time=256.614
After sweep 131 energy=-131.5353012006072  maxlinkdim=1500 maxerr=5.82E-08 time=266.414
After sweep 132 energy=-131.5364409834686  maxlinkdim=1500 maxerr=4.80E-09 time=261.157
After sweep 133 energy=-131.53733975018275  maxlinkdim=1500 maxerr=1.23E-08 time=253.818
After sweep 134 energy=-131.5383015262173  maxlinkdim=1500 maxerr=2.12E-08 time=252.940
After sweep 135 energy=-131.53907604665054  maxlinkdim=1500 maxerr=7.94E-09 time=256.207
After sweep 136 energy=-131.5398522126034  maxlinkdim=1500 maxerr=2.58E-08 time=252.198
After sweep 137 energy=-131.54062702770713  maxlinkdim=1500 maxerr=3.49E-09 time=255.946
After sweep 138 energy=-131.541421923365  maxlinkdim=1500 maxerr=3.25E-08 time=259.400
After sweep 139 energy=-131.54214235051418  maxlinkdim=1500 maxerr=2.93E-08 time=260.792
After sweep 140 energy=-131.5428374127472  maxlinkdim=1500 maxerr=6.93E-08 time=263.432
After sweep 141 energy=-131.54337167765527  maxlinkdim=1500 maxerr=4.95E-08 time=270.201
After sweep 142 energy=-131.54374387140192  maxlinkdim=1500 maxerr=2.50E-08 time=265.377
After sweep 143 energy=-131.54411020522264  maxlinkdim=1500 maxerr=7.30E-08 time=264.141
After sweep 144 energy=-131.54455887919602  maxlinkdim=1500 maxerr=4.75E-08 time=266.279
After sweep 145 energy=-131.54497776177334  maxlinkdim=1500 maxerr=4.37E-08 time=273.332
After sweep 146 energy=-131.54528319720868  maxlinkdim=1500 maxerr=4.35E-08 time=268.438
After sweep 147 energy=-131.5455620034755  maxlinkdim=1500 maxerr=4.02E-08 time=268.068
After sweep 148 energy=-131.54580284357763  maxlinkdim=1500 maxerr=8.32E-08 time=265.294
After sweep 149 energy=-131.5460384653155  maxlinkdim=1500 maxerr=3.83E-08 time=269.936
After sweep 150 energy=-131.54636339123687  maxlinkdim=1500 maxerr=1.06E-07 time=271.131
After sweep 151 energy=-131.54657240057384  maxlinkdim=1500 maxerr=7.49E-08 time=273.112
After sweep 152 energy=-131.54673673644416  maxlinkdim=1500 maxerr=5.85E-08 time=278.149
After sweep 153 energy=-131.54690938069166  maxlinkdim=1500 maxerr=3.65E-08 time=280.678
After sweep 154 energy=-131.5470428045064  maxlinkdim=1500 maxerr=4.11E-08 time=281.670
After sweep 155 energy=-131.547144541771  maxlinkdim=1500 maxerr=3.97E-08 time=279.922
Stopping DMRG after sweep 155
  E(N-2) = -131.547144541771

[2/3] Computing E(N-1=119)
  Initial state: 119 particles (60 up, 59 dn)
After sweep 1 energy=-115.15992193098447  maxlinkdim=20 maxerr=7.29E-04 time=10.830
After sweep 2 energy=-120.73459775457366  maxlinkdim=50 maxerr=1.65E-05 time=23.759
After sweep 3 energy=-123.49294489184135  maxlinkdim=100 maxerr=1.01E-06 time=33.996
After sweep 4 energy=-124.82695531007724  maxlinkdim=200 maxerr=1.15E-07 time=57.660
After sweep 5 energy=-125.83645178883889  maxlinkdim=838 maxerr=1.00E-10 time=60.909
After sweep 6 energy=-126.55851641353205  maxlinkdim=1274 maxerr=1.00E-10 time=70.141
After sweep 7 energy=-127.02239583691153  maxlinkdim=1483 maxerr=1.00E-10 time=76.745
After sweep 8 energy=-127.35834516269921  maxlinkdim=1500 maxerr=1.63E-10 time=81.498
After sweep 9 energy=-127.61114568507524  maxlinkdim=1500 maxerr=2.33E-10 time=87.293
After sweep 10 energy=-127.81567545733743  maxlinkdim=1500 maxerr=2.98E-10 time=87.875
After sweep 11 energy=-127.97659443550313  maxlinkdim=1500 maxerr=3.31E-10 time=90.939
After sweep 12 energy=-128.11197316773834  maxlinkdim=1500 maxerr=3.87E-10 time=91.331
After sweep 13 energy=-128.22333257321029  maxlinkdim=1500 maxerr=4.15E-10 time=92.466
After sweep 14 energy=-128.31778044039936  maxlinkdim=1500 maxerr=4.42E-10 time=87.175
After sweep 15 energy=-128.40390551926484  maxlinkdim=1500 maxerr=4.37E-10 time=86.422
After sweep 16 energy=-128.48069116896775  maxlinkdim=1500 maxerr=4.38E-10 time=86.796
After sweep 17 energy=-128.54837987089826  maxlinkdim=1500 maxerr=4.29E-10 time=88.280
After sweep 18 energy=-128.61479386572245  maxlinkdim=1500 maxerr=4.86E-10 time=89.591
After sweep 19 energy=-128.67273920787687  maxlinkdim=1500 maxerr=4.63E-10 time=94.139
After sweep 20 energy=-128.7263321303596  maxlinkdim=1500 maxerr=6.47E-10 time=95.743
After sweep 21 energy=-128.77075501817367  maxlinkdim=1500 maxerr=2.96E-10 time=97.021
After sweep 22 energy=-128.81391309867126  maxlinkdim=1500 maxerr=8.49E-10 time=98.570
After sweep 23 energy=-128.85433661088695  maxlinkdim=1462 maxerr=9.47E-10 time=100.165
After sweep 24 energy=-128.8952459740336  maxlinkdim=1440 maxerr=3.85E-10 time=100.824
After sweep 25 energy=-128.94949668156735  maxlinkdim=1500 maxerr=5.74E-10 time=103.868
After sweep 26 energy=-129.00735619662166  maxlinkdim=1500 maxerr=3.75E-10 time=113.263
After sweep 27 energy=-129.04594295695904  maxlinkdim=1500 maxerr=1.98E-10 time=117.616
After sweep 28 energy=-129.07532647981705  maxlinkdim=1500 maxerr=1.78E-10 time=115.453
After sweep 29 energy=-129.1058183359303  maxlinkdim=1500 maxerr=2.93E-10 time=116.689
After sweep 30 energy=-129.14206025134757  maxlinkdim=1500 maxerr=5.58E-10 time=120.733
After sweep 31 energy=-129.16554905423305  maxlinkdim=1500 maxerr=2.00E-10 time=119.837
After sweep 32 energy=-129.18799826259206  maxlinkdim=1500 maxerr=1.91E-10 time=116.907
After sweep 33 energy=-129.20755221594845  maxlinkdim=1500 maxerr=1.89E-10 time=115.965
After sweep 34 energy=-129.227193969616  maxlinkdim=1500 maxerr=2.70E-10 time=115.790
After sweep 35 energy=-129.2459163439425  maxlinkdim=1500 maxerr=3.09E-10 time=113.892
After sweep 36 energy=-129.2652945545312  maxlinkdim=1500 maxerr=3.96E-10 time=116.004
After sweep 37 energy=-129.28909675591254  maxlinkdim=1500 maxerr=7.12E-10 time=124.131
After sweep 38 energy=-129.31724890082123  maxlinkdim=1500 maxerr=8.65E-10 time=140.574
After sweep 39 energy=-129.33298556436873  maxlinkdim=1500 maxerr=2.49E-10 time=144.268
After sweep 40 energy=-129.34761060413203  maxlinkdim=1500 maxerr=2.83E-10 time=131.629
After sweep 41 energy=-129.36112186866583  maxlinkdim=1500 maxerr=2.96E-10 time=129.396
After sweep 42 energy=-129.3753391147335  maxlinkdim=1500 maxerr=3.02E-10 time=129.949
After sweep 43 energy=-129.3876661572443  maxlinkdim=1500 maxerr=2.79E-10 time=133.972
After sweep 44 energy=-129.3991275167858  maxlinkdim=1500 maxerr=3.41E-10 time=133.518
After sweep 45 energy=-129.41150441063365  maxlinkdim=1500 maxerr=4.32E-10 time=127.793
After sweep 46 energy=-129.42386683280728  maxlinkdim=1500 maxerr=4.83E-10 time=134.300
After sweep 47 energy=-129.43523132285767  maxlinkdim=1500 maxerr=4.70E-10 time=137.015
After sweep 48 energy=-129.44631213958868  maxlinkdim=1500 maxerr=4.77E-10 time=135.493
After sweep 49 energy=-129.4568951222263  maxlinkdim=1500 maxerr=4.91E-10 time=136.277
After sweep 50 energy=-129.46792339580475  maxlinkdim=1500 maxerr=5.72E-10 time=140.209
After sweep 51 energy=-129.4781722776051  maxlinkdim=1500 maxerr=5.07E-10 time=143.338
After sweep 52 energy=-129.48916213405406  maxlinkdim=1500 maxerr=5.39E-10 time=148.381
After sweep 53 energy=-129.49868720414025  maxlinkdim=1500 maxerr=4.24E-10 time=144.775
After sweep 54 energy=-129.50798002093154  maxlinkdim=1500 maxerr=4.53E-10 time=144.379
After sweep 55 energy=-129.5167749614343  maxlinkdim=1500 maxerr=4.85E-10 time=148.962
After sweep 56 energy=-129.52497408011507  maxlinkdim=1500 maxerr=4.26E-10 time=151.825
After sweep 57 energy=-129.5334553381546  maxlinkdim=1500 maxerr=5.06E-10 time=150.683
After sweep 58 energy=-129.5414835355019  maxlinkdim=1500 maxerr=4.10E-10 time=151.545
After sweep 59 energy=-129.5486646089927  maxlinkdim=1500 maxerr=3.49E-10 time=147.971
After sweep 60 energy=-129.55533588289734  maxlinkdim=1500 maxerr=3.04E-10 time=145.907
After sweep 61 energy=-129.56192968232787  maxlinkdim=1500 maxerr=4.62E-10 time=153.593
After sweep 62 energy=-129.56967385755763  maxlinkdim=1500 maxerr=4.16E-10 time=152.590
After sweep 63 energy=-129.57738476083097  maxlinkdim=1500 maxerr=9.38E-10 time=158.291
After sweep 64 energy=-129.5846462494291  maxlinkdim=1500 maxerr=5.25E-10 time=161.080
After sweep 65 energy=-129.59064671223962  maxlinkdim=1500 maxerr=3.80E-10 time=155.506
After sweep 66 energy=-129.59649792382004  maxlinkdim=1500 maxerr=2.08E-10 time=155.842
After sweep 67 energy=-129.601886696074  maxlinkdim=1500 maxerr=3.63E-10 time=155.754
After sweep 68 energy=-129.60740258424684  maxlinkdim=1500 maxerr=4.32E-10 time=155.737
After sweep 69 energy=-129.61340469263956  maxlinkdim=1500 maxerr=6.30E-10 time=164.054
After sweep 70 energy=-129.61947944406  maxlinkdim=1500 maxerr=7.10E-10 time=170.036
After sweep 71 energy=-129.62467708821697  maxlinkdim=1500 maxerr=1.51E-10 time=169.264
After sweep 72 energy=-129.62993450860327  maxlinkdim=1500 maxerr=7.51E-10 time=168.928
After sweep 73 energy=-129.63482809558786  maxlinkdim=1500 maxerr=4.32E-10 time=169.759
After sweep 74 energy=-129.63984663270065  maxlinkdim=1500 maxerr=6.14E-10 time=168.078
After sweep 75 energy=-129.64523852979005  maxlinkdim=1500 maxerr=6.85E-10 time=170.702
After sweep 76 energy=-129.65037894718682  maxlinkdim=1500 maxerr=4.15E-10 time=173.115
After sweep 77 energy=-129.65465319235665  maxlinkdim=1500 maxerr=1.69E-10 time=171.737
After sweep 78 energy=-129.65884127389037  maxlinkdim=1500 maxerr=4.12E-10 time=172.007
After sweep 79 energy=-129.66287976161462  maxlinkdim=1500 maxerr=1.74E-10 time=170.944
After sweep 80 energy=-129.66700041246142  maxlinkdim=1500 maxerr=4.37E-10 time=167.514
After sweep 81 energy=-129.67171721509857  maxlinkdim=1500 maxerr=3.88E-10 time=167.988
After sweep 82 energy=-129.67662244658746  maxlinkdim=1500 maxerr=7.44E-10 time=170.284
After sweep 83 energy=-129.68078545609598  maxlinkdim=1500 maxerr=5.16E-10 time=178.628
After sweep 84 energy=-129.6847116429125  maxlinkdim=1500 maxerr=5.70E-10 time=176.865
After sweep 85 energy=-129.69140867848762  maxlinkdim=1500 maxerr=3.86E-09 time=185.290
After sweep 86 energy=-129.69599181084146  maxlinkdim=1500 maxerr=6.71E-10 time=195.512
After sweep 87 energy=-129.69984418981875  maxlinkdim=1500 maxerr=5.60E-10 time=192.056
After sweep 88 energy=-129.7037210801094  maxlinkdim=1500 maxerr=7.22E-10 time=187.623
After sweep 89 energy=-129.70745273244114  maxlinkdim=1500 maxerr=7.74E-10 time=191.756
After sweep 90 energy=-129.71071068866573  maxlinkdim=1500 maxerr=4.28E-10 time=188.222
After sweep 91 energy=-129.7144982740299  maxlinkdim=1500 maxerr=2.89E-10 time=185.780
After sweep 92 energy=-129.7181578384314  maxlinkdim=1500 maxerr=5.21E-10 time=185.831
After sweep 93 energy=-129.72123233436318  maxlinkdim=1500 maxerr=3.53E-10 time=187.132
After sweep 94 energy=-129.72421947477488  maxlinkdim=1500 maxerr=2.91E-10 time=185.011
After sweep 95 energy=-129.72727891707106  maxlinkdim=1500 maxerr=3.01E-10 time=186.214
After sweep 96 energy=-129.73080969798426  maxlinkdim=1500 maxerr=1.51E-09 time=192.697
After sweep 97 energy=-129.7337748859011  maxlinkdim=1500 maxerr=5.49E-10 time=196.262
After sweep 98 energy=-129.73637220544603  maxlinkdim=1500 maxerr=4.07E-10 time=195.023
After sweep 99 energy=-129.73901599051996  maxlinkdim=1500 maxerr=5.95E-10 time=195.668
After sweep 100 energy=-129.74167357367654  maxlinkdim=1500 maxerr=7.68E-10 time=200.523
After sweep 101 energy=-129.74436017136853  maxlinkdim=1500 maxerr=1.23E-09 time=204.832
After sweep 102 energy=-129.74709597901344  maxlinkdim=1500 maxerr=1.44E-09 time=211.067
After sweep 103 energy=-129.75019088025306  maxlinkdim=1500 maxerr=2.11E-09 time=219.137
After sweep 104 energy=-129.75336882429977  maxlinkdim=1500 maxerr=2.08E-09 time=223.096
After sweep 105 energy=-129.76273928725348  maxlinkdim=1500 maxerr=8.84E-07 time=234.733
After sweep 106 energy=-129.76546282154553  maxlinkdim=1500 maxerr=9.13E-09 time=235.983
After sweep 107 energy=-129.767100956761  maxlinkdim=1500 maxerr=2.48E-09 time=228.254
After sweep 108 energy=-129.76862042267092  maxlinkdim=1500 maxerr=2.61E-09 time=223.776
After sweep 109 energy=-129.7699238517473  maxlinkdim=1500 maxerr=1.23E-09 time=218.879
After sweep 110 energy=-129.7716192093604  maxlinkdim=1500 maxerr=2.07E-07 time=215.706
After sweep 111 energy=-129.7731288549615  maxlinkdim=1500 maxerr=2.82E-07 time=217.370
After sweep 112 energy=-129.77453594507986  maxlinkdim=1500 maxerr=1.58E-08 time=219.011
After sweep 113 energy=-129.77588603495957  maxlinkdim=1500 maxerr=5.87E-08 time=219.360
After sweep 114 energy=-129.77703704878172  maxlinkdim=1500 maxerr=7.48E-09 time=222.521
After sweep 115 energy=-129.7782591545397  maxlinkdim=1500 maxerr=2.85E-08 time=226.214
After sweep 116 energy=-129.77938355823505  maxlinkdim=1500 maxerr=1.06E-08 time=223.279
After sweep 117 energy=-129.7804710592385  maxlinkdim=1500 maxerr=1.85E-09 time=226.912
After sweep 118 energy=-129.78149595020218  maxlinkdim=1500 maxerr=4.13E-09 time=226.585
After sweep 119 energy=-129.78260256915888  maxlinkdim=1500 maxerr=1.29E-07 time=227.263
After sweep 120 energy=-129.78354905071797  maxlinkdim=1500 maxerr=4.31E-08 time=229.885
After sweep 121 energy=-129.78439395252337  maxlinkdim=1500 maxerr=8.73E-08 time=226.844
After sweep 122 energy=-129.78523269103817  maxlinkdim=1500 maxerr=5.34E-08 time=225.019
After sweep 123 energy=-129.78605687846743  maxlinkdim=1500 maxerr=4.51E-09 time=227.397
After sweep 124 energy=-129.7870593933953  maxlinkdim=1500 maxerr=1.82E-07 time=237.680
After sweep 125 energy=-129.78774043334545  maxlinkdim=1500 maxerr=1.27E-08 time=233.926
After sweep 126 energy=-129.7884121099157  maxlinkdim=1500 maxerr=3.13E-08 time=238.653
After sweep 127 energy=-129.78905411050295  maxlinkdim=1500 maxerr=2.80E-08 time=241.806
After sweep 128 energy=-129.78967665065014  maxlinkdim=1500 maxerr=4.23E-08 time=243.204
After sweep 129 energy=-129.79025162838332  maxlinkdim=1500 maxerr=7.89E-09 time=244.479
After sweep 130 energy=-129.7908383023109  maxlinkdim=1500 maxerr=1.76E-08 time=248.923
After sweep 131 energy=-129.79144032782912  maxlinkdim=1500 maxerr=3.05E-08 time=255.052
After sweep 132 energy=-129.7920496626951  maxlinkdim=1500 maxerr=1.89E-07 time=250.817
After sweep 133 energy=-129.79276732743924  maxlinkdim=1500 maxerr=8.22E-08 time=257.558
After sweep 134 energy=-129.79327303152894  maxlinkdim=1500 maxerr=6.19E-08 time=261.142
After sweep 135 energy=-129.79377956785302  maxlinkdim=1500 maxerr=4.99E-08 time=254.000
After sweep 136 energy=-129.79418064588813  maxlinkdim=1500 maxerr=3.35E-08 time=257.896
After sweep 137 energy=-129.79456980813146  maxlinkdim=1500 maxerr=1.83E-08 time=259.219
After sweep 138 energy=-129.7949338472029  maxlinkdim=1500 maxerr=2.39E-08 time=258.819
After sweep 139 energy=-129.79528875817144  maxlinkdim=1500 maxerr=2.66E-08 time=263.099
After sweep 140 energy=-129.79567734618854  maxlinkdim=1500 maxerr=8.73E-08 time=264.880
After sweep 141 energy=-129.79608570021188  maxlinkdim=1500 maxerr=5.71E-08 time=270.956
After sweep 142 energy=-129.7963980526307  maxlinkdim=1500 maxerr=2.40E-07 time=272.824
After sweep 143 energy=-129.79664251314242  maxlinkdim=1500 maxerr=3.48E-08 time=267.958
After sweep 144 energy=-129.79689007800502  maxlinkdim=1500 maxerr=1.83E-07 time=267.957
After sweep 145 energy=-129.79712706418195  maxlinkdim=1500 maxerr=9.27E-08 time=264.416
After sweep 146 energy=-129.7972837622565  maxlinkdim=1500 maxerr=5.06E-08 time=267.106
After sweep 147 energy=-129.79740651215968  maxlinkdim=1500 maxerr=2.23E-08 time=265.413
Stopping DMRG after sweep 147
  E(N-1) = -129.79740651215968

[3/3] Computing E(N=120)
  Initial state: 120 particles (60 up, 60 dn)
After sweep 1 energy=-115.48839967622399  maxlinkdim=20 maxerr=2.02E-04 time=10.755
After sweep 2 energy=-120.53954559495106  maxlinkdim=50 maxerr=2.70E-05 time=23.340
After sweep 3 energy=-122.82262020289679  maxlinkdim=100 maxerr=9.05E-07 time=34.300
After sweep 4 energy=-124.081921566608  maxlinkdim=200 maxerr=1.29E-07 time=53.933
After sweep 5 energy=-124.90998046472308  maxlinkdim=835 maxerr=1.00E-10 time=58.963
After sweep 6 energy=-125.49360999813486  maxlinkdim=1234 maxerr=1.00E-10 time=66.198
After sweep 7 energy=-125.86874737626236  maxlinkdim=1434 maxerr=1.00E-10 time=71.742
After sweep 8 energy=-126.14449820225413  maxlinkdim=1500 maxerr=1.45E-10 time=75.543
After sweep 9 energy=-126.3508205350197  maxlinkdim=1500 maxerr=2.00E-10 time=82.256
After sweep 10 energy=-126.51429095278053  maxlinkdim=1500 maxerr=2.45E-10 time=83.013
After sweep 11 energy=-126.64527966836536  maxlinkdim=1500 maxerr=3.03E-10 time=90.140
After sweep 12 energy=-126.75599487868357  maxlinkdim=1500 maxerr=3.18E-10 time=94.352
After sweep 13 energy=-126.84067077744515  maxlinkdim=1500 maxerr=3.18E-10 time=93.745
After sweep 14 energy=-126.91450105175537  maxlinkdim=1500 maxerr=3.20E-10 time=91.695
After sweep 15 energy=-126.97922865943016  maxlinkdim=1500 maxerr=3.36E-10 time=94.891
After sweep 16 energy=-127.0385228756599  maxlinkdim=1500 maxerr=3.29E-10 time=94.670
After sweep 17 energy=-127.0925410635719  maxlinkdim=1500 maxerr=3.66E-10 time=95.706
After sweep 18 energy=-127.14176748481032  maxlinkdim=1500 maxerr=3.52E-10 time=97.364
After sweep 19 energy=-127.18932087985038  maxlinkdim=1500 maxerr=5.34E-10 time=100.695
After sweep 20 energy=-127.23973297717875  maxlinkdim=1500 maxerr=5.48E-10 time=102.189
After sweep 21 energy=-127.28344796998076  maxlinkdim=1500 maxerr=6.35E-10 time=99.171
After sweep 22 energy=-127.32403596407855  maxlinkdim=1500 maxerr=7.48E-10 time=107.244
After sweep 23 energy=-127.36054917008005  maxlinkdim=1500 maxerr=7.27E-10 time=109.336
After sweep 24 energy=-127.40185837605887  maxlinkdim=1500 maxerr=1.79E-09 time=112.648
After sweep 25 energy=-127.43445918345581  maxlinkdim=1500 maxerr=6.80E-10 time=113.870
After sweep 26 energy=-127.47148613581194  maxlinkdim=1500 maxerr=2.92E-09 time=117.780
After sweep 27 energy=-127.50307459569743  maxlinkdim=1500 maxerr=3.08E-09 time=118.258
After sweep 28 energy=-127.52221343515912  maxlinkdim=1500 maxerr=4.69E-10 time=118.758
After sweep 29 energy=-127.5431329481263  maxlinkdim=1500 maxerr=1.11E-09 time=118.504
After sweep 30 energy=-127.5599228064277  maxlinkdim=1484 maxerr=3.81E-10 time=122.246
After sweep 31 energy=-127.57513549385527  maxlinkdim=1488 maxerr=3.81E-10 time=121.412
After sweep 32 energy=-127.59317081109837  maxlinkdim=1500 maxerr=7.59E-10 time=125.106
After sweep 33 energy=-127.60982657218648  maxlinkdim=1500 maxerr=7.30E-10 time=128.458
After sweep 34 energy=-127.62263173754788  maxlinkdim=1495 maxerr=2.84E-10 time=125.695
After sweep 35 energy=-127.63565782376807  maxlinkdim=1486 maxerr=3.94E-10 time=129.614
After sweep 36 energy=-127.64678247660959  maxlinkdim=1500 maxerr=1.44E-10 time=127.035
After sweep 37 energy=-127.65806099540907  maxlinkdim=1500 maxerr=2.62E-10 time=127.754
After sweep 38 energy=-127.66986502770969  maxlinkdim=1500 maxerr=4.22E-10 time=130.556
After sweep 39 energy=-127.68014748884804  maxlinkdim=1500 maxerr=1.86E-10 time=131.113
After sweep 40 energy=-127.69044141385132  maxlinkdim=1500 maxerr=3.00E-10 time=129.213
After sweep 41 energy=-127.7002745437415  maxlinkdim=1500 maxerr=2.92E-10 time=127.359
After sweep 42 energy=-127.70970651704437  maxlinkdim=1500 maxerr=3.24E-10 time=124.919
After sweep 43 energy=-127.71961538649016  maxlinkdim=1500 maxerr=4.64E-10 time=127.721
After sweep 44 energy=-127.72991903136749  maxlinkdim=1500 maxerr=6.27E-10 time=132.740
After sweep 45 energy=-127.73897922295924  maxlinkdim=1500 maxerr=2.59E-10 time=131.693
After sweep 46 energy=-127.74801340148896  maxlinkdim=1500 maxerr=2.60E-10 time=133.885
After sweep 47 energy=-127.75638338317196  maxlinkdim=1500 maxerr=2.99E-10 time=132.405
After sweep 48 energy=-127.76495245703786  maxlinkdim=1500 maxerr=3.72E-10 time=130.996
After sweep 49 energy=-127.77530854052026  maxlinkdim=1500 maxerr=8.01E-10 time=136.454
After sweep 50 energy=-127.79284445448522  maxlinkdim=1500 maxerr=3.05E-09 time=146.453
After sweep 51 energy=-127.80343375863026  maxlinkdim=1500 maxerr=7.66E-10 time=151.474
After sweep 52 energy=-127.81213459262725  maxlinkdim=1500 maxerr=6.21E-10 time=148.753
After sweep 53 energy=-127.82016636653624  maxlinkdim=1500 maxerr=4.21E-10 time=148.943
After sweep 54 energy=-127.82847580497474  maxlinkdim=1500 maxerr=6.84E-10 time=146.458
After sweep 55 energy=-127.83905648977185  maxlinkdim=1500 maxerr=7.90E-10 time=153.008
After sweep 56 energy=-127.8531291769888  maxlinkdim=1500 maxerr=4.73E-09 time=160.622
After sweep 57 energy=-127.86343497661359  maxlinkdim=1500 maxerr=3.56E-09 time=161.107
After sweep 58 energy=-127.87058801636732  maxlinkdim=1500 maxerr=5.17E-10 time=156.869
After sweep 59 energy=-127.87974122734752  maxlinkdim=1500 maxerr=4.37E-09 time=159.474
After sweep 60 energy=-127.88516304632854  maxlinkdim=1500 maxerr=4.21E-10 time=159.520
After sweep 61 energy=-127.89032225195828  maxlinkdim=1500 maxerr=4.54E-10 time=163.812
After sweep 62 energy=-127.89524797200029  maxlinkdim=1500 maxerr=4.43E-10 time=160.087
After sweep 63 energy=-127.89980251556428  maxlinkdim=1500 maxerr=3.72E-10 time=159.152
After sweep 64 energy=-127.90401980013173  maxlinkdim=1500 maxerr=3.68E-10 time=157.098
After sweep 65 energy=-127.9080651097144  maxlinkdim=1500 maxerr=4.06E-10 time=159.520
After sweep 66 energy=-127.91256421306333  maxlinkdim=1500 maxerr=7.13E-10 time=161.586
After sweep 67 energy=-127.91729901090957  maxlinkdim=1500 maxerr=8.33E-10 time=165.781
After sweep 68 energy=-127.92237314194332  maxlinkdim=1500 maxerr=9.62E-10 time=167.697
After sweep 69 energy=-127.92707467940313  maxlinkdim=1500 maxerr=7.55E-10 time=173.996
After sweep 70 energy=-127.93181284770381  maxlinkdim=1500 maxerr=1.19E-09 time=174.757
After sweep 71 energy=-127.9369522831856  maxlinkdim=1500 maxerr=3.13E-09 time=179.424
After sweep 72 energy=-127.94716833791608  maxlinkdim=1500 maxerr=6.80E-07 time=175.996
After sweep 73 energy=-127.95272684251512  maxlinkdim=1500 maxerr=2.97E-08 time=185.577
After sweep 74 energy=-127.957304514387  maxlinkdim=1500 maxerr=1.11E-09 time=188.073
After sweep 75 energy=-127.96242739421083  maxlinkdim=1500 maxerr=4.13E-09 time=188.399
After sweep 76 energy=-127.96685536376641  maxlinkdim=1500 maxerr=9.01E-09 time=186.712
After sweep 77 energy=-127.97365935438143  maxlinkdim=1500 maxerr=1.98E-08 time=199.352
After sweep 78 energy=-127.97790482732515  maxlinkdim=1500 maxerr=9.48E-09 time=206.740
After sweep 79 energy=-127.98178424186801  maxlinkdim=1500 maxerr=2.43E-09 time=195.579
After sweep 80 energy=-127.98472263339126  maxlinkdim=1500 maxerr=7.43E-10 time=193.729
After sweep 81 energy=-127.98711606370401  maxlinkdim=1500 maxerr=6.64E-10 time=186.791
After sweep 82 energy=-127.98921907023113  maxlinkdim=1500 maxerr=3.15E-10 time=184.709
After sweep 83 energy=-127.99092414284519  maxlinkdim=1500 maxerr=3.37E-10 time=177.918
After sweep 84 energy=-127.99338506188728  maxlinkdim=1500 maxerr=3.64E-09 time=188.014
After sweep 85 energy=-127.9963600991771  maxlinkdim=1500 maxerr=1.53E-09 time=198.918
After sweep 86 energy=-127.99898269270042  maxlinkdim=1500 maxerr=1.71E-09 time=197.152
After sweep 87 energy=-128.00098330730015  maxlinkdim=1500 maxerr=5.78E-10 time=205.395
After sweep 88 energy=-128.00352347070748  maxlinkdim=1500 maxerr=3.46E-09 time=209.281
After sweep 89 energy=-128.0056638792624  maxlinkdim=1500 maxerr=1.53E-09 time=218.955
After sweep 90 energy=-128.0080611471254  maxlinkdim=1500 maxerr=2.75E-09 time=216.783
After sweep 91 energy=-128.01022990031697  maxlinkdim=1500 maxerr=1.03E-09 time=220.828
After sweep 92 energy=-128.01204369392775  maxlinkdim=1500 maxerr=9.21E-10 time=227.699
After sweep 93 energy=-128.01357035379542  maxlinkdim=1500 maxerr=7.32E-10 time=221.182
After sweep 94 energy=-128.01541279091023  maxlinkdim=1500 maxerr=1.12E-09 time=211.379
After sweep 95 energy=-128.0169055326275  maxlinkdim=1500 maxerr=1.01E-09 time=211.586
After sweep 96 energy=-128.01823532245214  maxlinkdim=1500 maxerr=1.59E-09 time=211.127
After sweep 97 energy=-128.0212014493311  maxlinkdim=1500 maxerr=3.51E-07 time=227.638
After sweep 98 energy=-128.02271503849275  maxlinkdim=1500 maxerr=8.81E-09 time=233.911
After sweep 99 energy=-128.02388959059374  maxlinkdim=1500 maxerr=4.40E-09 time=235.201
After sweep 100 energy=-128.02529350565766  maxlinkdim=1500 maxerr=5.00E-09 time=230.149
After sweep 101 energy=-128.02657998079187  maxlinkdim=1500 maxerr=3.17E-09 time=244.845
After sweep 102 energy=-128.0279794339955  maxlinkdim=1500 maxerr=1.51E-08 time=246.365
After sweep 103 energy=-128.02927746444962  maxlinkdim=1500 maxerr=1.27E-07 time=253.924
After sweep 104 energy=-128.03018419619642  maxlinkdim=1500 maxerr=5.59E-09 time=256.132
After sweep 105 energy=-128.03097131112017  maxlinkdim=1500 maxerr=9.86E-09 time=254.141
After sweep 106 energy=-128.0316552908871  maxlinkdim=1500 maxerr=1.21E-08 time=249.195
After sweep 107 energy=-128.032853759595  maxlinkdim=1500 maxerr=4.87E-08 time=256.229
After sweep 108 energy=-128.03374833289936  maxlinkdim=1500 maxerr=3.73E-08 time=259.739
After sweep 109 energy=-128.0344734665365  maxlinkdim=1500 maxerr=3.58E-08 time=261.024
After sweep 110 energy=-128.03505570936665  maxlinkdim=1500 maxerr=2.17E-08 time=258.450
After sweep 111 energy=-128.03560792506505  maxlinkdim=1500 maxerr=5.19E-09 time=261.765
After sweep 112 energy=-128.0361251250661  maxlinkdim=1500 maxerr=7.31E-08 time=261.958
After sweep 113 energy=-128.03656239733846  maxlinkdim=1500 maxerr=8.49E-09 time=266.381
After sweep 114 energy=-128.03692835664344  maxlinkdim=1500 maxerr=9.05E-09 time=268.285
After sweep 115 energy=-128.0372659977706  maxlinkdim=1500 maxerr=2.05E-08 time=267.058
After sweep 116 energy=-128.03755608615074  maxlinkdim=1500 maxerr=2.74E-08 time=271.003
After sweep 117 energy=-128.03784149838506  maxlinkdim=1500 maxerr=2.47E-08 time=268.457
After sweep 118 energy=-128.0380564168452  maxlinkdim=1500 maxerr=7.96E-08 time=265.914
After sweep 119 energy=-128.0382202331593  maxlinkdim=1500 maxerr=4.59E-09 time=262.571
After sweep 120 energy=-128.03839388252  maxlinkdim=1500 maxerr=8.48E-08 time=261.163
After sweep 121 energy=-128.0385761581908  maxlinkdim=1500 maxerr=5.05E-08 time=266.650
After sweep 122 energy=-128.03874345964084  maxlinkdim=1500 maxerr=5.02E-08 time=273.181
After sweep 123 energy=-128.0388674966253  maxlinkdim=1500 maxerr=2.74E-08 time=269.565
Stopping DMRG after sweep 123
  E(N) = -128.0388674966253

============================================================
RESULTS:
  E(118) = -131.547144541771
  E(119) = -129.79740651215968
  E(120)     = -128.0388674966253
  E_p = 0.00880099  (repulsive hole pairing)
============================================================
RESULT: E_p = 0.008800985923073767
