Calculating pair binding energy for ladder
L=64, U=4.0, V=0.0, t0=1.0, density=0.875
============================================================
Pair binding energy for Hubbard ladder
L = 64 rungs, 128 sites
U = 4.0, V = 0.0, t = 1.0, t0 = 1.0, density = 0.875
N_base = 112
============================================================

[1/3] Computing E(N-2=110)
  Initial state: 110 particles (55 up, 55 dn)
After sweep 1 energy=-81.20903431298922  maxlinkdim=20 maxerr=1.03E-03 time=49.588
After sweep 2 energy=-91.29932931431935  maxlinkdim=50 maxerr=7.06E-04 time=31.990
After sweep 3 energy=-96.16079100706555  maxlinkdim=100 maxerr=4.66E-04 time=45.404
After sweep 4 energy=-99.57096483012323  maxlinkdim=200 maxerr=1.71E-04 time=63.881
After sweep 5 energy=-102.1903055487585  maxlinkdim=1500 maxerr=7.64E-07 time=145.427
After sweep 6 energy=-103.46344929819087  maxlinkdim=1500 maxerr=2.12E-06 time=278.513
After sweep 7 energy=-104.66774848485045  maxlinkdim=1500 maxerr=7.15E-07 time=277.548
After sweep 8 energy=-105.76438401371271  maxlinkdim=1500 maxerr=1.30E-06 time=280.006
After sweep 9 energy=-106.61648735573816  maxlinkdim=1500 maxerr=2.48E-06 time=288.140
After sweep 10 energy=-107.3561772807914  maxlinkdim=1500 maxerr=5.59E-06 time=293.748
After sweep 11 energy=-108.03329506932187  maxlinkdim=1500 maxerr=4.70E-06 time=297.766
After sweep 12 energy=-108.62375741658857  maxlinkdim=1500 maxerr=3.32E-06 time=298.332
After sweep 13 energy=-109.10531337724635  maxlinkdim=1500 maxerr=1.83E-06 time=297.270
After sweep 14 energy=-109.47029343068144  maxlinkdim=1500 maxerr=1.77E-05 time=302.763
After sweep 15 energy=-109.8421462674095  maxlinkdim=1500 maxerr=8.84E-06 time=305.080
After sweep 16 energy=-110.1452477675499  maxlinkdim=1500 maxerr=8.10E-06 time=302.645
After sweep 17 energy=-110.39388044184113  maxlinkdim=1500 maxerr=9.92E-06 time=301.714
After sweep 18 energy=-110.60371874113049  maxlinkdim=1500 maxerr=1.12E-05 time=300.759
After sweep 19 energy=-110.78301610516976  maxlinkdim=1500 maxerr=1.11E-05 time=300.036
After sweep 20 energy=-110.94053274253659  maxlinkdim=1500 maxerr=1.44E-05 time=299.597
After sweep 21 energy=-111.09438453430111  maxlinkdim=1500 maxerr=1.23E-05 time=303.729
After sweep 22 energy=-111.42780467491568  maxlinkdim=1500 maxerr=2.38E-05 time=297.394
After sweep 23 energy=-111.60867567561303  maxlinkdim=1500 maxerr=1.27E-05 time=303.307
After sweep 24 energy=-111.70282552810039  maxlinkdim=1500 maxerr=1.49E-05 time=294.834
After sweep 25 energy=-111.77191479386829  maxlinkdim=1500 maxerr=1.78E-05 time=296.027
After sweep 26 energy=-111.82502006897053  maxlinkdim=1500 maxerr=2.03E-05 time=295.167
After sweep 27 energy=-111.870940661617  maxlinkdim=1500 maxerr=2.59E-05 time=292.136
After sweep 28 energy=-111.9077578544858  maxlinkdim=1500 maxerr=2.18E-05 time=295.785
After sweep 29 energy=-111.93556424144249  maxlinkdim=1500 maxerr=2.71E-05 time=303.210
After sweep 30 energy=-111.96189816667598  maxlinkdim=1500 maxerr=2.37E-05 time=296.263
After sweep 31 energy=-111.97887823243902  maxlinkdim=1500 maxerr=2.29E-05 time=292.814
After sweep 32 energy=-111.98832662396005  maxlinkdim=1500 maxerr=2.33E-05 time=294.464
After sweep 33 energy=-111.99301857504682  maxlinkdim=1500 maxerr=2.61E-05 time=296.299
After sweep 34 energy=-111.99704765538323  maxlinkdim=1500 maxerr=2.27E-05 time=292.915
After sweep 35 energy=-111.99916307916416  maxlinkdim=1500 maxerr=2.41E-05 time=297.277
After sweep 36 energy=-111.99993178086613  maxlinkdim=1500 maxerr=2.46E-05 time=298.257
After sweep 37 energy=-112.00032442960935  maxlinkdim=1500 maxerr=2.52E-05 time=302.874
After sweep 38 energy=-112.00054890552302  maxlinkdim=1500 maxerr=2.55E-05 time=304.883
After sweep 39 energy=-112.00068982247797  maxlinkdim=1500 maxerr=2.56E-05 time=304.449
After sweep 40 energy=-112.00077220379073  maxlinkdim=1500 maxerr=2.57E-05 time=305.497
Stopping DMRG after sweep 40
  E(N-2) = -112.00077220379073

[2/3] Computing E(N-1=111)
  Initial state: 111 particles (56 up, 55 dn)
After sweep 1 energy=-82.85439537557903  maxlinkdim=20 maxerr=1.03E-03 time=9.214
After sweep 2 energy=-92.41310453397958  maxlinkdim=50 maxerr=6.61E-04 time=23.412
After sweep 3 energy=-96.9883793688217  maxlinkdim=100 maxerr=3.98E-04 time=33.895
After sweep 4 energy=-99.84938488302217  maxlinkdim=200 maxerr=1.50E-04 time=49.716
After sweep 5 energy=-102.1470611857006  maxlinkdim=1500 maxerr=9.55E-07 time=140.077
After sweep 6 energy=-103.3445167750174  maxlinkdim=1500 maxerr=4.92E-07 time=279.101
After sweep 7 energy=-104.2317225531812  maxlinkdim=1500 maxerr=5.13E-07 time=279.748
After sweep 8 energy=-105.27212431798617  maxlinkdim=1500 maxerr=1.85E-06 time=286.829
After sweep 9 energy=-106.06223284672298  maxlinkdim=1500 maxerr=1.23E-06 time=294.881
After sweep 10 energy=-106.72844950581134  maxlinkdim=1500 maxerr=4.58E-06 time=294.729
After sweep 11 energy=-107.29011179180435  maxlinkdim=1500 maxerr=4.32E-06 time=302.614
After sweep 12 energy=-107.76808572185723  maxlinkdim=1500 maxerr=8.89E-06 time=302.269
After sweep 13 energy=-108.19573519308025  maxlinkdim=1500 maxerr=2.93E-05 time=305.716
After sweep 14 energy=-108.61336241272845  maxlinkdim=1500 maxerr=1.52E-05 time=307.378
After sweep 15 energy=-109.01552379620344  maxlinkdim=1500 maxerr=1.26E-05 time=307.590
After sweep 16 energy=-109.31198077942678  maxlinkdim=1500 maxerr=1.25E-05 time=305.604
After sweep 17 energy=-109.53832328703082  maxlinkdim=1500 maxerr=8.24E-06 time=305.770
After sweep 18 energy=-109.72301615903675  maxlinkdim=1500 maxerr=2.14E-05 time=305.608
After sweep 19 energy=-109.87510940928678  maxlinkdim=1500 maxerr=5.32E-06 time=305.891
After sweep 20 energy=-110.01296658246798  maxlinkdim=1500 maxerr=3.44E-05 time=305.221
After sweep 21 energy=-110.12852252972905  maxlinkdim=1500 maxerr=2.92E-05 time=304.355
After sweep 22 energy=-110.24717275581736  maxlinkdim=1500 maxerr=3.53E-05 time=302.165
After sweep 23 energy=-110.34844981803887  maxlinkdim=1500 maxerr=1.37E-05 time=295.196
After sweep 24 energy=-110.634586895059  maxlinkdim=1500 maxerr=2.05E-05 time=295.889
After sweep 25 energy=-110.79991030524698  maxlinkdim=1500 maxerr=3.50E-05 time=298.592
After sweep 26 energy=-110.87437165773497  maxlinkdim=1500 maxerr=2.17E-05 time=297.905
After sweep 27 energy=-110.916988562542  maxlinkdim=1500 maxerr=2.67E-05 time=304.160
After sweep 28 energy=-110.941901981103  maxlinkdim=1500 maxerr=3.02E-05 time=308.933
After sweep 29 energy=-110.95739083075817  maxlinkdim=1500 maxerr=3.00E-05 time=311.366
After sweep 30 energy=-110.96262242852197  maxlinkdim=1500 maxerr=2.96E-05 time=312.171
After sweep 31 energy=-110.96446903619831  maxlinkdim=1500 maxerr=2.86E-05 time=309.702
After sweep 32 energy=-110.96534990647318  maxlinkdim=1500 maxerr=2.85E-05 time=311.424
After sweep 33 energy=-110.96584578292563  maxlinkdim=1500 maxerr=2.91E-05 time=312.193
After sweep 34 energy=-110.96615166508461  maxlinkdim=1500 maxerr=2.96E-05 time=313.871
After sweep 35 energy=-110.96634608277091  maxlinkdim=1500 maxerr=2.99E-05 time=299.906
After sweep 36 energy=-110.96648917492004  maxlinkdim=1500 maxerr=3.02E-05 time=300.132
After sweep 37 energy=-110.96658030947128  maxlinkdim=1500 maxerr=3.03E-05 time=301.551
Stopping DMRG after sweep 37
  E(N-1) = -110.96658030947128

[3/3] Computing E(N=112)
  Initial state: 112 particles (56 up, 56 dn)
After sweep 1 energy=-82.50769512914036  maxlinkdim=20 maxerr=1.03E-03 time=8.973
After sweep 2 energy=-92.19026677220695  maxlinkdim=50 maxerr=7.38E-04 time=22.458
After sweep 3 energy=-96.78668563379252  maxlinkdim=100 maxerr=5.26E-04 time=33.274
After sweep 4 energy=-99.7643473036482  maxlinkdim=200 maxerr=1.55E-04 time=50.947
After sweep 5 energy=-101.91365509891814  maxlinkdim=1500 maxerr=5.88E-07 time=132.621
After sweep 6 energy=-103.06307086690455  maxlinkdim=1500 maxerr=1.06E-06 time=282.510
After sweep 7 energy=-104.09182316679156  maxlinkdim=1500 maxerr=5.16E-07 time=293.095
After sweep 8 energy=-105.05207123015447  maxlinkdim=1500 maxerr=6.45E-07 time=298.978
After sweep 9 energy=-105.84286936185768  maxlinkdim=1500 maxerr=2.68E-06 time=306.936
After sweep 10 energy=-106.49235409267926  maxlinkdim=1500 maxerr=5.23E-06 time=312.104
After sweep 11 energy=-106.97173851251848  maxlinkdim=1500 maxerr=6.66E-06 time=308.103
After sweep 12 energy=-107.36301225531645  maxlinkdim=1500 maxerr=8.95E-06 time=313.403
After sweep 13 energy=-107.68518125620196  maxlinkdim=1500 maxerr=5.28E-06 time=316.380
After sweep 14 energy=-107.92782429781586  maxlinkdim=1500 maxerr=8.37E-06 time=310.382
After sweep 15 energy=-108.1822027969566  maxlinkdim=1500 maxerr=1.56E-05 time=313.046
After sweep 16 energy=-108.41750560154709  maxlinkdim=1500 maxerr=7.59E-06 time=308.329
After sweep 17 energy=-108.62608272012294  maxlinkdim=1500 maxerr=2.18E-05 time=300.898
After sweep 18 energy=-108.78615912588535  maxlinkdim=1500 maxerr=1.49E-05 time=308.750
After sweep 19 energy=-108.92679679171249  maxlinkdim=1500 maxerr=1.52E-05 time=299.093
After sweep 20 energy=-109.05403797698523  maxlinkdim=1500 maxerr=2.56E-05 time=292.062
After sweep 21 energy=-109.19380320983578  maxlinkdim=1500 maxerr=1.29E-05 time=294.613
After sweep 22 energy=-109.31192346380928  maxlinkdim=1500 maxerr=1.87E-05 time=290.451
After sweep 23 energy=-109.42145314833999  maxlinkdim=1500 maxerr=1.36E-05 time=291.736
After sweep 24 energy=-109.50269209993898  maxlinkdim=1500 maxerr=1.55E-05 time=294.700
After sweep 25 energy=-109.57906749192023  maxlinkdim=1500 maxerr=1.85E-05 time=311.245
After sweep 26 energy=-109.76377552290015  maxlinkdim=1500 maxerr=2.61E-05 time=309.880
After sweep 27 energy=-109.87327009465096  maxlinkdim=1500 maxerr=3.40E-05 time=299.423
After sweep 28 energy=-109.91799132973996  maxlinkdim=1500 maxerr=2.35E-05 time=299.193
After sweep 29 energy=-109.94112873347892  maxlinkdim=1500 maxerr=2.01E-05 time=298.344
After sweep 30 energy=-109.95348933992746  maxlinkdim=1500 maxerr=2.31E-05 time=294.315
After sweep 31 energy=-109.96026270515137  maxlinkdim=1500 maxerr=2.26E-05 time=297.680
After sweep 32 energy=-109.96254281040083  maxlinkdim=1500 maxerr=2.25E-05 time=309.151
After sweep 33 energy=-109.96334772526991  maxlinkdim=1500 maxerr=2.31E-05 time=309.481
After sweep 34 energy=-109.96375836609624  maxlinkdim=1500 maxerr=2.35E-05 time=308.047
After sweep 35 energy=-109.96399612128411  maxlinkdim=1500 maxerr=2.40E-05 time=311.262
After sweep 36 energy=-109.96414630993333  maxlinkdim=1500 maxerr=2.43E-05 time=314.398
After sweep 37 energy=-109.96424080543012  maxlinkdim=1500 maxerr=2.45E-05 time=309.798
Stopping DMRG after sweep 37
  E(N) = -109.96424080543012

============================================================
RESULTS:
  E(110) = -112.00077220379073
  E(111) = -110.96658030947128
  E(112)     = -109.96424080543012
  E_p = -0.03185239  (attractive hole pairing)
============================================================
RESULT: E_p = -0.03185239027828857
