Calculating pair binding energy for ladder
L=64, U=8.0, V=0.4, t0=1.0, density=0.9375
============================================================
Pair binding energy for Hubbard ladder
L = 64 rungs, 128 sites
U = 8.0, V = 0.4, t = 1.0, t0 = 1.0, density = 0.9375
N_base = 120
============================================================

[1/3] Computing E(N-2=118)
  Initial state: 118 particles (59 up, 59 dn)
After sweep 1 energy=18.591246159364104  maxlinkdim=20 maxerr=3.31E-04 time=50.255
After sweep 2 energy=9.186883024162782  maxlinkdim=50 maxerr=2.00E-05 time=31.377
After sweep 3 energy=5.033386459601232  maxlinkdim=100 maxerr=3.45E-06 time=45.138
After sweep 4 energy=2.438732164473737  maxlinkdim=200 maxerr=8.91E-08 time=67.009
After sweep 5 energy=0.3059548076295267  maxlinkdim=684 maxerr=1.00E-10 time=82.678
After sweep 6 energy=-1.7120735451834437  maxlinkdim=1000 maxerr=7.02E-10 time=106.869
After sweep 7 energy=-2.7345798386946023  maxlinkdim=1000 maxerr=3.12E-09 time=125.788
After sweep 8 energy=-3.527677360765597  maxlinkdim=1000 maxerr=6.51E-09 time=134.228
After sweep 9 energy=-4.180473019506583  maxlinkdim=1000 maxerr=1.18E-08 time=133.385
After sweep 10 energy=-4.699694747456961  maxlinkdim=1000 maxerr=9.60E-09 time=136.566
After sweep 11 energy=-5.272583572746343  maxlinkdim=1000 maxerr=4.38E-08 time=139.742
After sweep 12 energy=-5.720500682269598  maxlinkdim=1000 maxerr=7.17E-08 time=142.071
After sweep 13 energy=-6.132516880769168  maxlinkdim=1000 maxerr=1.30E-07 time=151.771
After sweep 14 energy=-6.4222666705403  maxlinkdim=1000 maxerr=7.66E-08 time=160.415
After sweep 15 energy=-6.664461523104904  maxlinkdim=1000 maxerr=6.67E-08 time=162.074
After sweep 16 energy=-6.856823077854949  maxlinkdim=1000 maxerr=5.31E-08 time=162.564
After sweep 17 energy=-7.060699815613425  maxlinkdim=1000 maxerr=1.11E-07 time=166.389
After sweep 18 energy=-7.233428120346189  maxlinkdim=1000 maxerr=1.03E-07 time=175.394
After sweep 19 energy=-7.370088827456582  maxlinkdim=1000 maxerr=9.48E-08 time=185.128
After sweep 20 energy=-7.494905399906317  maxlinkdim=1000 maxerr=1.21E-07 time=187.174
After sweep 21 energy=-7.609509913658357  maxlinkdim=1000 maxerr=1.15E-07 time=192.007
After sweep 22 energy=-7.712311378838303  maxlinkdim=1000 maxerr=1.31E-07 time=201.357
After sweep 23 energy=-7.803317516183567  maxlinkdim=1000 maxerr=1.32E-07 time=195.306
After sweep 24 energy=-7.882976676766237  maxlinkdim=1000 maxerr=9.67E-08 time=198.255
After sweep 25 energy=-7.957160064018141  maxlinkdim=1000 maxerr=1.11E-07 time=200.590
After sweep 26 energy=-8.026876395942695  maxlinkdim=1000 maxerr=1.33E-07 time=208.601
After sweep 27 energy=-8.093958609550741  maxlinkdim=1000 maxerr=1.79E-07 time=207.936
After sweep 28 energy=-8.173404674079748  maxlinkdim=1000 maxerr=7.47E-07 time=202.099
After sweep 29 energy=-8.296481110683333  maxlinkdim=1000 maxerr=1.51E-05 time=203.336
After sweep 30 energy=-8.390267429284377  maxlinkdim=1000 maxerr=1.33E-05 time=198.075
After sweep 31 energy=-8.449585880145136  maxlinkdim=1000 maxerr=5.62E-07 time=203.488
After sweep 32 energy=-8.502137024674589  maxlinkdim=1000 maxerr=2.23E-06 time=203.715
After sweep 33 energy=-8.554356124068867  maxlinkdim=1000 maxerr=9.13E-06 time=199.348
After sweep 34 energy=-8.599316134137714  maxlinkdim=1000 maxerr=8.65E-06 time=195.501
After sweep 35 energy=-8.64443118992178  maxlinkdim=1000 maxerr=7.93E-06 time=195.559
After sweep 36 energy=-8.693036366459825  maxlinkdim=1000 maxerr=6.60E-06 time=204.601
After sweep 37 energy=-8.733776240488508  maxlinkdim=1000 maxerr=6.50E-06 time=207.099
After sweep 38 energy=-8.766649922304532  maxlinkdim=1000 maxerr=3.78E-06 time=205.978
After sweep 39 energy=-8.802043391928796  maxlinkdim=1000 maxerr=5.60E-06 time=213.205
After sweep 40 energy=-8.828727451286547  maxlinkdim=1000 maxerr=5.86E-06 time=208.579
After sweep 41 energy=-8.853401913754336  maxlinkdim=1000 maxerr=4.82E-06 time=205.932
After sweep 42 energy=-8.878182093745158  maxlinkdim=1000 maxerr=9.37E-06 time=212.652
After sweep 43 energy=-8.902500708788057  maxlinkdim=1000 maxerr=5.44E-06 time=212.986
After sweep 44 energy=-8.925491881117223  maxlinkdim=1000 maxerr=4.56E-06 time=214.772
After sweep 45 energy=-8.94525405123377  maxlinkdim=1000 maxerr=5.18E-06 time=203.187
After sweep 46 energy=-8.963768522810755  maxlinkdim=1000 maxerr=1.20E-05 time=207.244
After sweep 47 energy=-8.980107517766644  maxlinkdim=1000 maxerr=5.66E-06 time=207.969
After sweep 48 energy=-9.025417794104204  maxlinkdim=1000 maxerr=7.52E-06 time=213.146
After sweep 49 energy=-9.063678177074094  maxlinkdim=1000 maxerr=9.07E-06 time=195.880
After sweep 50 energy=-9.085825127632566  maxlinkdim=1000 maxerr=8.16E-06 time=195.474
After sweep 51 energy=-9.106732049780723  maxlinkdim=1000 maxerr=1.08E-05 time=195.072
After sweep 52 energy=-9.122985697487776  maxlinkdim=1000 maxerr=1.32E-05 time=197.298
After sweep 53 energy=-9.137134293963387  maxlinkdim=1000 maxerr=1.09E-05 time=194.383
After sweep 54 energy=-9.14700092006419  maxlinkdim=1000 maxerr=1.05E-05 time=199.070
After sweep 55 energy=-9.153238733319085  maxlinkdim=1000 maxerr=9.79E-06 time=195.460
After sweep 56 energy=-9.157116602316561  maxlinkdim=1000 maxerr=9.11E-06 time=194.569
After sweep 57 energy=-9.159018417506198  maxlinkdim=1000 maxerr=7.84E-06 time=205.484
After sweep 58 energy=-9.159939290974059  maxlinkdim=1000 maxerr=7.34E-06 time=197.472
After sweep 59 energy=-9.160402833395501  maxlinkdim=1000 maxerr=7.11E-06 time=189.872
After sweep 60 energy=-9.160631024406417  maxlinkdim=1000 maxerr=7.29E-06 time=199.535
After sweep 61 energy=-9.160752802457967  maxlinkdim=1000 maxerr=7.17E-06 time=201.834
After sweep 62 energy=-9.160819274729931  maxlinkdim=1000 maxerr=7.22E-06 time=202.421
After sweep 63 energy=-9.160852645675071  maxlinkdim=1000 maxerr=7.20E-06 time=201.463
After sweep 64 energy=-9.160871320439071  maxlinkdim=1000 maxerr=7.17E-06 time=205.706
After sweep 65 energy=-9.160882855530618  maxlinkdim=1000 maxerr=7.19E-06 time=205.207
After sweep 66 energy=-9.160893724275207  maxlinkdim=1000 maxerr=7.15E-06 time=204.239
After sweep 67 energy=-9.160895747248595  maxlinkdim=1000 maxerr=7.13E-06 time=199.019
After sweep 68 energy=-9.160906462244265  maxlinkdim=1000 maxerr=7.13E-06 time=196.143
After sweep 69 energy=-9.160910073961809  maxlinkdim=1000 maxerr=7.12E-06 time=206.134
After sweep 70 energy=-9.160911009777939  maxlinkdim=1000 maxerr=7.12E-06 time=200.386
After sweep 71 energy=-9.16091228866383  maxlinkdim=1000 maxerr=7.13E-06 time=197.692
After sweep 72 energy=-9.160913303429112  maxlinkdim=1000 maxerr=7.14E-06 time=199.686
After sweep 73 energy=-9.160913860051927  maxlinkdim=1000 maxerr=7.14E-06 time=213.660
After sweep 74 energy=-9.160915006375362  maxlinkdim=1000 maxerr=7.14E-06 time=216.585
After sweep 75 energy=-9.16091600153035  maxlinkdim=1000 maxerr=7.14E-06 time=216.936
After sweep 76 energy=-9.160917199311825  maxlinkdim=1000 maxerr=7.13E-06 time=213.752
After sweep 77 energy=-9.160917657782381  maxlinkdim=1000 maxerr=7.13E-06 time=217.344
After sweep 78 energy=-9.160917577129304  maxlinkdim=1000 maxerr=7.13E-06 time=215.485
After sweep 79 energy=-9.160916789057747  maxlinkdim=1000 maxerr=7.13E-06 time=215.842
After sweep 80 energy=-9.160918748905814  maxlinkdim=1000 maxerr=7.12E-06 time=211.622
After sweep 81 energy=-9.160918825330121  maxlinkdim=1000 maxerr=7.12E-06 time=215.965
After sweep 82 energy=-9.160919141488595  maxlinkdim=1000 maxerr=7.12E-06 time=218.886
After sweep 83 energy=-9.160921107477701  maxlinkdim=1000 maxerr=7.12E-06 time=219.565
After sweep 84 energy=-9.16092148881588  maxlinkdim=1000 maxerr=7.11E-06 time=216.140
After sweep 85 energy=-9.160921971751321  maxlinkdim=1000 maxerr=7.11E-06 time=218.574
After sweep 86 energy=-9.160922497583066  maxlinkdim=1000 maxerr=7.11E-06 time=219.129
After sweep 87 energy=-9.160922784439578  maxlinkdim=1000 maxerr=7.11E-06 time=221.881
After sweep 88 energy=-9.160923618826281  maxlinkdim=1000 maxerr=7.11E-06 time=217.261
After sweep 89 energy=-9.160924000337133  maxlinkdim=1000 maxerr=7.11E-06 time=220.318
After sweep 90 energy=-9.160924111378758  maxlinkdim=1000 maxerr=7.11E-06 time=207.713
After sweep 91 energy=-9.160924129886034  maxlinkdim=1000 maxerr=7.11E-06 time=200.699
After sweep 92 energy=-9.160924696558418  maxlinkdim=1000 maxerr=7.11E-06 time=201.436
After sweep 93 energy=-9.160925057033307  maxlinkdim=1000 maxerr=7.11E-06 time=198.313
After sweep 94 energy=-9.16092450303211  maxlinkdim=1000 maxerr=7.11E-06 time=199.357
After sweep 95 energy=-9.160925031227773  maxlinkdim=1000 maxerr=7.11E-06 time=199.957
After sweep 96 energy=-9.160925195813608  maxlinkdim=1000 maxerr=7.11E-06 time=204.656
After sweep 97 energy=-9.160925440503167  maxlinkdim=1000 maxerr=7.11E-06 time=202.198
After sweep 98 energy=-9.160926099195077  maxlinkdim=1000 maxerr=7.11E-06 time=208.928
After sweep 99 energy=-9.160926230547723  maxlinkdim=1000 maxerr=7.11E-06 time=214.742
After sweep 100 energy=-9.160925856664004  maxlinkdim=1000 maxerr=7.11E-06 time=215.611
  E(N-2) = -9.160925856664004

[2/3] Computing E(N-1=119)
  Initial state: 119 particles (60 up, 59 dn)
After sweep 1 energy=18.4019038588363  maxlinkdim=20 maxerr=4.01E-04 time=10.917
After sweep 2 energy=9.799536802679974  maxlinkdim=50 maxerr=2.00E-05 time=24.823
After sweep 3 energy=5.374226756546518  maxlinkdim=100 maxerr=3.34E-06 time=37.605
After sweep 4 energy=2.6416669913154074  maxlinkdim=200 maxerr=6.96E-08 time=58.977
After sweep 5 energy=1.1142676612017381  maxlinkdim=854 maxerr=1.00E-10 time=74.598
After sweep 6 energy=-0.43267365235848626  maxlinkdim=1000 maxerr=2.45E-09 time=102.969
After sweep 7 energy=-1.7187994986063266  maxlinkdim=1000 maxerr=3.62E-08 time=118.684
After sweep 8 energy=-2.523441231673464  maxlinkdim=1000 maxerr=8.99E-08 time=123.532
After sweep 9 energy=-2.9580584760757684  maxlinkdim=1000 maxerr=4.29E-08 time=130.099
After sweep 10 energy=-3.3624099261713694  maxlinkdim=1000 maxerr=1.79E-07 time=141.147
After sweep 11 energy=-3.7405596038997486  maxlinkdim=1000 maxerr=3.22E-07 time=159.397
After sweep 12 energy=-3.9748476643698436  maxlinkdim=1000 maxerr=1.42E-07 time=162.949
After sweep 13 energy=-4.148975405129358  maxlinkdim=1000 maxerr=8.42E-08 time=170.420
After sweep 14 energy=-4.316811154617055  maxlinkdim=1000 maxerr=1.02E-07 time=178.368
After sweep 15 energy=-4.484925087334383  maxlinkdim=1000 maxerr=1.82E-07 time=177.512
After sweep 16 energy=-4.636786236301831  maxlinkdim=1000 maxerr=2.74E-07 time=174.377
After sweep 17 energy=-4.784322375323071  maxlinkdim=1000 maxerr=4.71E-07 time=182.163
After sweep 18 energy=-4.900046958155981  maxlinkdim=1000 maxerr=4.47E-07 time=189.528
After sweep 19 energy=-5.013213727516739  maxlinkdim=1000 maxerr=8.56E-07 time=190.801
After sweep 20 energy=-5.102208791865167  maxlinkdim=1000 maxerr=5.20E-07 time=195.998
After sweep 21 energy=-5.176727027149089  maxlinkdim=1000 maxerr=3.42E-07 time=194.854
After sweep 22 energy=-5.247037589771185  maxlinkdim=1000 maxerr=3.87E-07 time=195.334
After sweep 23 energy=-5.310897984296485  maxlinkdim=1000 maxerr=5.56E-07 time=196.621
After sweep 24 energy=-5.367409442901252  maxlinkdim=1000 maxerr=1.36E-06 time=205.622
After sweep 25 energy=-5.432855458053926  maxlinkdim=1000 maxerr=2.04E-06 time=207.511
After sweep 26 energy=-5.508201450043899  maxlinkdim=1000 maxerr=9.72E-07 time=206.866
After sweep 27 energy=-5.578627043075891  maxlinkdim=1000 maxerr=7.65E-06 time=208.113
After sweep 28 energy=-5.644349867959237  maxlinkdim=1000 maxerr=9.77E-06 time=202.373
After sweep 29 energy=-5.70066836721705  maxlinkdim=1000 maxerr=5.98E-06 time=201.344
After sweep 30 energy=-5.751517874776129  maxlinkdim=1000 maxerr=1.33E-05 time=198.485
After sweep 31 energy=-5.800271129900529  maxlinkdim=1000 maxerr=1.22E-05 time=204.699
After sweep 32 energy=-5.843530799707756  maxlinkdim=1000 maxerr=9.36E-06 time=206.366
After sweep 33 energy=-5.8815867758833305  maxlinkdim=1000 maxerr=4.42E-06 time=206.274
After sweep 34 energy=-5.9206989450913765  maxlinkdim=1000 maxerr=1.01E-05 time=207.582
After sweep 35 energy=-5.954659210784052  maxlinkdim=1000 maxerr=1.97E-05 time=214.192
After sweep 36 energy=-5.98393873655962  maxlinkdim=1000 maxerr=6.43E-06 time=207.024
After sweep 37 energy=-6.010301760307351  maxlinkdim=1000 maxerr=6.43E-06 time=206.864
After sweep 38 energy=-6.033912817691704  maxlinkdim=1000 maxerr=4.03E-06 time=209.823
After sweep 39 energy=-6.055641457406675  maxlinkdim=1000 maxerr=4.16E-06 time=210.091
After sweep 40 energy=-6.080490193257555  maxlinkdim=1000 maxerr=4.79E-06 time=207.367
After sweep 41 energy=-6.10068553690552  maxlinkdim=1000 maxerr=4.88E-06 time=207.910
After sweep 42 energy=-6.117642390624333  maxlinkdim=1000 maxerr=4.50E-06 time=204.579
After sweep 43 energy=-6.133662390263813  maxlinkdim=1000 maxerr=4.02E-06 time=204.233
After sweep 44 energy=-6.174063627894441  maxlinkdim=1000 maxerr=2.06E-05 time=201.970
After sweep 45 energy=-6.201674757187594  maxlinkdim=1000 maxerr=1.39E-05 time=213.198
After sweep 46 energy=-6.218010491613169  maxlinkdim=1000 maxerr=1.46E-05 time=211.084
After sweep 47 energy=-6.229732875192676  maxlinkdim=1000 maxerr=1.23E-05 time=212.815
After sweep 48 energy=-6.238132534816768  maxlinkdim=1000 maxerr=1.39E-05 time=216.861
After sweep 49 energy=-6.2451409671262335  maxlinkdim=1000 maxerr=1.33E-05 time=211.346
After sweep 50 energy=-6.2503361332635325  maxlinkdim=1000 maxerr=1.19E-05 time=216.118
After sweep 51 energy=-6.253544963602049  maxlinkdim=1000 maxerr=1.17E-05 time=219.779
After sweep 52 energy=-6.2555543142855505  maxlinkdim=1000 maxerr=1.17E-05 time=219.180
After sweep 53 energy=-6.25680748737998  maxlinkdim=1000 maxerr=1.13E-05 time=211.826
After sweep 54 energy=-6.257611630179089  maxlinkdim=1000 maxerr=1.14E-05 time=204.929
After sweep 55 energy=-6.258141755559193  maxlinkdim=1000 maxerr=1.12E-05 time=203.072
After sweep 56 energy=-6.258505126550516  maxlinkdim=1000 maxerr=1.12E-05 time=209.030
After sweep 57 energy=-6.258766089788106  maxlinkdim=1000 maxerr=1.12E-05 time=214.971
After sweep 58 energy=-6.258961303007318  maxlinkdim=1000 maxerr=1.13E-05 time=217.474
After sweep 59 energy=-6.259118151468865  maxlinkdim=1000 maxerr=1.13E-05 time=209.583
After sweep 60 energy=-6.259245483206454  maxlinkdim=1000 maxerr=1.13E-05 time=214.100
After sweep 61 energy=-6.259351209424979  maxlinkdim=1000 maxerr=1.14E-05 time=213.104
After sweep 62 energy=-6.259440376288092  maxlinkdim=1000 maxerr=1.14E-05 time=213.675
After sweep 63 energy=-6.259519330848943  maxlinkdim=1000 maxerr=1.14E-05 time=217.068
After sweep 64 energy=-6.259584273010314  maxlinkdim=1000 maxerr=1.14E-05 time=215.250
After sweep 65 energy=-6.2596388857024365  maxlinkdim=1000 maxerr=1.14E-05 time=207.202
After sweep 66 energy=-6.259688983586322  maxlinkdim=1000 maxerr=1.14E-05 time=202.395
After sweep 67 energy=-6.25973450349094  maxlinkdim=1000 maxerr=1.14E-05 time=204.673
After sweep 68 energy=-6.259778008804663  maxlinkdim=1000 maxerr=1.14E-05 time=208.914
After sweep 69 energy=-6.259813992777608  maxlinkdim=1000 maxerr=1.15E-05 time=199.486
After sweep 70 energy=-6.259848642609504  maxlinkdim=1000 maxerr=1.15E-05 time=197.180
After sweep 71 energy=-6.259880241874801  maxlinkdim=1000 maxerr=1.15E-05 time=200.513
After sweep 72 energy=-6.259907749508483  maxlinkdim=1000 maxerr=1.16E-05 time=202.253
After sweep 73 energy=-6.259932936887819  maxlinkdim=1000 maxerr=1.16E-05 time=202.460
After sweep 74 energy=-6.259957839046579  maxlinkdim=1000 maxerr=1.16E-05 time=211.289
After sweep 75 energy=-6.2599800389663764  maxlinkdim=1000 maxerr=1.16E-05 time=219.760
After sweep 76 energy=-6.260000464685114  maxlinkdim=1000 maxerr=1.16E-05 time=214.672
After sweep 77 energy=-6.260018475846849  maxlinkdim=1000 maxerr=1.17E-05 time=211.955
After sweep 78 energy=-6.26003565362316  maxlinkdim=1000 maxerr=1.17E-05 time=211.125
After sweep 79 energy=-6.260052452116156  maxlinkdim=1000 maxerr=1.17E-05 time=211.841
After sweep 80 energy=-6.260065417107191  maxlinkdim=1000 maxerr=1.17E-05 time=215.797
After sweep 81 energy=-6.260081014245847  maxlinkdim=1000 maxerr=1.17E-05 time=213.821
After sweep 82 energy=-6.2600941890608475  maxlinkdim=1000 maxerr=1.17E-05 time=215.771
After sweep 83 energy=-6.26010485879659  maxlinkdim=1000 maxerr=1.17E-05 time=210.062
After sweep 84 energy=-6.260114386726557  maxlinkdim=1000 maxerr=1.17E-05 time=212.407
After sweep 85 energy=-6.260125634080194  maxlinkdim=1000 maxerr=1.17E-05 time=218.280
After sweep 86 energy=-6.260134888728594  maxlinkdim=1000 maxerr=1.17E-05 time=217.377
After sweep 87 energy=-6.260145033040137  maxlinkdim=1000 maxerr=1.17E-05 time=222.794
After sweep 88 energy=-6.260153462456914  maxlinkdim=1000 maxerr=1.17E-05 time=221.996
After sweep 89 energy=-6.260160150401058  maxlinkdim=1000 maxerr=1.17E-05 time=218.753
After sweep 90 energy=-6.260169877053244  maxlinkdim=1000 maxerr=1.17E-05 time=218.009
After sweep 91 energy=-6.260178093201782  maxlinkdim=1000 maxerr=1.17E-05 time=212.557
After sweep 92 energy=-6.260182356416307  maxlinkdim=1000 maxerr=1.17E-05 time=217.927
After sweep 93 energy=-6.260187869608855  maxlinkdim=1000 maxerr=1.17E-05 time=221.931
After sweep 94 energy=-6.260195629444379  maxlinkdim=1000 maxerr=1.17E-05 time=219.235
After sweep 95 energy=-6.2602013141227575  maxlinkdim=1000 maxerr=1.17E-05 time=219.089
After sweep 96 energy=-6.260204777762873  maxlinkdim=1000 maxerr=1.17E-05 time=214.988
After sweep 97 energy=-6.260211130821019  maxlinkdim=1000 maxerr=1.17E-05 time=217.656
After sweep 98 energy=-6.2602149051195815  maxlinkdim=1000 maxerr=1.18E-05 time=217.056
After sweep 99 energy=-6.260219190525506  maxlinkdim=1000 maxerr=1.18E-05 time=217.597
After sweep 100 energy=-6.2602223767842835  maxlinkdim=1000 maxerr=1.18E-05 time=215.876
  E(N-1) = -6.2602223767842835

[3/3] Computing E(N=120)
  Initial state: 120 particles (60 up, 60 dn)
After sweep 1 energy=19.54731625796645  maxlinkdim=20 maxerr=3.31E-04 time=11.766
After sweep 2 energy=10.53560356184629  maxlinkdim=50 maxerr=1.98E-05 time=27.040
After sweep 3 energy=6.31164327415237  maxlinkdim=100 maxerr=3.51E-06 time=40.337
After sweep 4 energy=3.854859242070839  maxlinkdim=200 maxerr=6.66E-07 time=62.227
After sweep 5 energy=2.6232353334920164  maxlinkdim=949 maxerr=1.00E-10 time=73.220
After sweep 6 energy=1.3943436613546434  maxlinkdim=1000 maxerr=1.38E-09 time=100.753
After sweep 7 energy=0.49524783237383024  maxlinkdim=1000 maxerr=1.12E-08 time=119.818
After sweep 8 energy=-0.14066202206682193  maxlinkdim=1000 maxerr=3.16E-08 time=124.643
After sweep 9 energy=-0.6298700065098831  maxlinkdim=1000 maxerr=4.12E-08 time=125.591
After sweep 10 energy=-1.0779371677073775  maxlinkdim=1000 maxerr=1.00E-07 time=126.481
After sweep 11 energy=-1.4634358276395683  maxlinkdim=1000 maxerr=4.21E-07 time=138.861
After sweep 12 energy=-1.7343407531731727  maxlinkdim=1000 maxerr=3.76E-07 time=140.657
After sweep 13 energy=-1.9081441299955066  maxlinkdim=1000 maxerr=3.10E-07 time=148.796
After sweep 14 energy=-2.0714778923135824  maxlinkdim=1000 maxerr=5.01E-07 time=153.260
After sweep 15 energy=-2.2017272766484273  maxlinkdim=1000 maxerr=5.99E-07 time=164.374
After sweep 16 energy=-2.3132754576964913  maxlinkdim=1000 maxerr=1.50E-06 time=180.954
After sweep 17 energy=-2.391332745210856  maxlinkdim=1000 maxerr=3.91E-07 time=186.428
After sweep 18 energy=-2.492447202213526  maxlinkdim=1000 maxerr=3.36E-06 time=194.874
After sweep 19 energy=-2.551129740887847  maxlinkdim=1000 maxerr=2.20E-07 time=186.200
After sweep 20 energy=-2.6036047527626445  maxlinkdim=1000 maxerr=2.26E-07 time=187.626
After sweep 21 energy=-2.658245090210461  maxlinkdim=1000 maxerr=5.97E-07 time=193.132
After sweep 22 energy=-2.711296268557796  maxlinkdim=1000 maxerr=5.44E-07 time=201.735
After sweep 23 energy=-2.769098645821482  maxlinkdim=1000 maxerr=3.41E-07 time=202.395
After sweep 24 energy=-2.821669332823304  maxlinkdim=1000 maxerr=3.29E-07 time=204.639
After sweep 25 energy=-2.8593198487808995  maxlinkdim=1000 maxerr=2.84E-07 time=204.098
After sweep 26 energy=-2.891849631599761  maxlinkdim=1000 maxerr=3.46E-07 time=202.159
After sweep 27 energy=-2.924277696351215  maxlinkdim=1000 maxerr=3.34E-07 time=205.255
After sweep 28 energy=-2.9550860630918026  maxlinkdim=1000 maxerr=3.52E-07 time=206.296
After sweep 29 energy=-2.983914897865014  maxlinkdim=1000 maxerr=3.95E-07 time=207.964
After sweep 30 energy=-3.010470907012176  maxlinkdim=1000 maxerr=4.23E-07 time=206.763
After sweep 31 energy=-3.0389010950104756  maxlinkdim=1000 maxerr=5.13E-07 time=202.823
After sweep 32 energy=-3.0675389912236395  maxlinkdim=1000 maxerr=9.30E-07 time=198.607
After sweep 33 energy=-3.0938308553743417  maxlinkdim=1000 maxerr=9.78E-07 time=197.340
After sweep 34 energy=-3.1279785697555136  maxlinkdim=1000 maxerr=2.76E-06 time=197.685
After sweep 35 energy=-3.1596762331158006  maxlinkdim=1000 maxerr=9.78E-06 time=203.404
After sweep 36 energy=-3.1955130989717344  maxlinkdim=1000 maxerr=9.89E-06 time=208.275
After sweep 37 energy=-3.225995216716815  maxlinkdim=1000 maxerr=3.86E-06 time=206.729
After sweep 38 energy=-3.252079520227064  maxlinkdim=1000 maxerr=2.72E-06 time=207.525
After sweep 39 energy=-3.283130792345449  maxlinkdim=1000 maxerr=8.61E-06 time=208.985
After sweep 40 energy=-3.3140675381530156  maxlinkdim=1000 maxerr=1.77E-05 time=212.482
After sweep 41 energy=-3.336033803093505  maxlinkdim=1000 maxerr=1.05E-05 time=208.711
After sweep 42 energy=-3.3550454080489103  maxlinkdim=1000 maxerr=8.03E-06 time=211.232
After sweep 43 energy=-3.3721334563562877  maxlinkdim=1000 maxerr=1.02E-05 time=210.905
After sweep 44 energy=-3.3877842285566064  maxlinkdim=1000 maxerr=9.66E-06 time=212.389
After sweep 45 energy=-3.4028273188564526  maxlinkdim=1000 maxerr=8.41E-06 time=212.232
After sweep 46 energy=-3.414495401935808  maxlinkdim=1000 maxerr=7.82E-06 time=212.322
After sweep 47 energy=-3.424987968021634  maxlinkdim=1000 maxerr=8.85E-06 time=215.326
After sweep 48 energy=-3.4338206019169286  maxlinkdim=1000 maxerr=9.26E-06 time=213.136
After sweep 49 energy=-3.440131632734447  maxlinkdim=1000 maxerr=8.26E-06 time=208.716
After sweep 50 energy=-3.4454189856631317  maxlinkdim=1000 maxerr=9.07E-06 time=212.950
After sweep 51 energy=-3.4496626020582246  maxlinkdim=1000 maxerr=7.82E-06 time=203.974
After sweep 52 energy=-3.4529864564055757  maxlinkdim=1000 maxerr=6.86E-06 time=213.628
After sweep 53 energy=-3.4554379375497657  maxlinkdim=1000 maxerr=6.02E-06 time=215.445
After sweep 54 energy=-3.45718160686892  maxlinkdim=1000 maxerr=6.11E-06 time=218.246
After sweep 55 energy=-3.458161988916137  maxlinkdim=1000 maxerr=5.73E-06 time=203.382
After sweep 56 energy=-3.4586906777941744  maxlinkdim=1000 maxerr=5.62E-06 time=196.093
After sweep 57 energy=-3.4589959520486318  maxlinkdim=1000 maxerr=5.46E-06 time=200.857
After sweep 58 energy=-3.4591648410025684  maxlinkdim=1000 maxerr=5.41E-06 time=199.937
After sweep 59 energy=-3.4592672604421537  maxlinkdim=1000 maxerr=5.40E-06 time=199.465
After sweep 60 energy=-3.459327707622986  maxlinkdim=1000 maxerr=5.42E-06 time=199.288
After sweep 61 energy=-3.4593629815176588  maxlinkdim=1000 maxerr=5.47E-06 time=197.589
After sweep 62 energy=-3.4593815444608467  maxlinkdim=1000 maxerr=5.44E-06 time=198.040
After sweep 63 energy=-3.459394908770002  maxlinkdim=1000 maxerr=5.41E-06 time=203.256
After sweep 64 energy=-3.459405633012505  maxlinkdim=1000 maxerr=5.42E-06 time=199.765
After sweep 65 energy=-3.4594113901767107  maxlinkdim=1000 maxerr=5.42E-06 time=201.177
After sweep 66 energy=-3.4594171548214216  maxlinkdim=1000 maxerr=5.42E-06 time=200.654
After sweep 67 energy=-3.459421277497597  maxlinkdim=1000 maxerr=5.42E-06 time=203.029
After sweep 68 energy=-3.4594235744470065  maxlinkdim=1000 maxerr=5.42E-06 time=200.939
After sweep 69 energy=-3.459424978792823  maxlinkdim=1000 maxerr=5.40E-06 time=194.446
After sweep 70 energy=-3.4594255928936732  maxlinkdim=1000 maxerr=5.40E-06 time=199.088
After sweep 71 energy=-3.4594264838453643  maxlinkdim=1000 maxerr=5.41E-06 time=200.391
After sweep 72 energy=-3.4594261646574243  maxlinkdim=1000 maxerr=5.41E-06 time=199.362
After sweep 73 energy=-3.4594271902096487  maxlinkdim=1000 maxerr=5.41E-06 time=216.150
After sweep 74 energy=-3.4594281417854287  maxlinkdim=1000 maxerr=5.41E-06 time=216.010
After sweep 75 energy=-3.459429072342763  maxlinkdim=1000 maxerr=5.41E-06 time=217.173
After sweep 76 energy=-3.45942968220921  maxlinkdim=1000 maxerr=5.41E-06 time=215.952
After sweep 77 energy=-3.459428767062988  maxlinkdim=1000 maxerr=5.41E-06 time=220.774
After sweep 78 energy=-3.4594293504563343  maxlinkdim=1000 maxerr=5.42E-06 time=216.650
After sweep 79 energy=-3.459429312271034  maxlinkdim=1000 maxerr=5.42E-06 time=212.998
After sweep 80 energy=-3.4594306554483154  maxlinkdim=1000 maxerr=5.40E-06 time=219.460
After sweep 81 energy=-3.4594301621094665  maxlinkdim=1000 maxerr=5.40E-06 time=199.746
After sweep 82 energy=-3.459431483039525  maxlinkdim=1000 maxerr=5.41E-06 time=198.478
After sweep 83 energy=-3.459431575040746  maxlinkdim=1000 maxerr=5.41E-06 time=201.411
After sweep 84 energy=-3.459431157397521  maxlinkdim=1000 maxerr=5.42E-06 time=198.770
After sweep 85 energy=-3.4594316715494777  maxlinkdim=1000 maxerr=5.42E-06 time=201.754
After sweep 86 energy=-3.4594323106693246  maxlinkdim=1000 maxerr=5.42E-06 time=201.993
After sweep 87 energy=-3.459432391712676  maxlinkdim=1000 maxerr=5.43E-06 time=204.426
After sweep 88 energy=-3.4594325729509983  maxlinkdim=1000 maxerr=5.43E-06 time=214.149
After sweep 89 energy=-3.4594330358841887  maxlinkdim=1000 maxerr=5.43E-06 time=220.414
After sweep 90 energy=-3.459433171438052  maxlinkdim=1000 maxerr=5.43E-06 time=220.777
After sweep 91 energy=-3.4594334579968127  maxlinkdim=1000 maxerr=5.43E-06 time=216.316
After sweep 92 energy=-3.4594335883291727  maxlinkdim=1000 maxerr=5.43E-06 time=218.869
After sweep 93 energy=-3.459433863090325  maxlinkdim=1000 maxerr=5.43E-06 time=218.957
After sweep 94 energy=-3.459433443525441  maxlinkdim=1000 maxerr=5.43E-06 time=215.613
After sweep 95 energy=-3.459433287617774  maxlinkdim=1000 maxerr=5.43E-06 time=217.065
After sweep 96 energy=-3.4594337515845552  maxlinkdim=1000 maxerr=5.43E-06 time=218.584
After sweep 97 energy=-3.4594337983169474  maxlinkdim=1000 maxerr=5.43E-06 time=212.925
After sweep 98 energy=-3.4594336575566373  maxlinkdim=1000 maxerr=5.43E-06 time=215.168
After sweep 99 energy=-3.4594338083918394  maxlinkdim=1000 maxerr=5.43E-06 time=210.927
After sweep 100 energy=-3.4594338561972577  maxlinkdim=1000 maxerr=5.43E-06 time=209.735
  E(N) = -3.4594338561972577

============================================================
RESULTS:
  E(118) = -9.160925856664004
  E(119) = -6.2602223767842835
  E(120)     = -3.4594338561972577
  E_p = -0.09991496  (attractive hole pairing)
============================================================
RESULT: E_p = -0.09991495929269512
