Calculating pair binding energy for ladder
L=64, U=8.0, V=0.0, t0=1.5, density=0.9375
============================================================
Pair binding energy for Hubbard ladder
L = 64 rungs, 128 sites
U = 8.0, V = 0.0, t = 1.0, t0 = 1.5, density = 0.9375
N_base = 120
============================================================

[1/3] Computing E(N-2=118)
  Initial state: 118 particles (59 up, 59 dn)
After sweep 1 energy=-78.04001842521058  maxlinkdim=20 maxerr=2.79E-04 time=47.830
After sweep 2 energy=-85.16793947443328  maxlinkdim=50 maxerr=4.75E-05 time=28.068
After sweep 3 energy=-87.98133228528349  maxlinkdim=100 maxerr=3.32E-06 time=42.915
After sweep 4 energy=-89.38982371448705  maxlinkdim=200 maxerr=1.21E-07 time=62.143
After sweep 5 energy=-90.3576460967132  maxlinkdim=846 maxerr=1.00E-10 time=72.278
After sweep 6 energy=-91.05998141915042  maxlinkdim=1278 maxerr=1.00E-10 time=90.925
After sweep 7 energy=-91.64224347531439  maxlinkdim=1500 maxerr=2.38E-10 time=102.759
After sweep 8 energy=-92.06786490100913  maxlinkdim=1500 maxerr=6.57E-10 time=116.051
After sweep 9 energy=-92.39771129319152  maxlinkdim=1500 maxerr=1.24E-09 time=123.374
After sweep 10 energy=-92.66053837914421  maxlinkdim=1500 maxerr=1.94E-09 time=131.676
After sweep 11 energy=-92.85899903911088  maxlinkdim=1500 maxerr=2.22E-09 time=137.181
After sweep 12 energy=-93.01761135868874  maxlinkdim=1500 maxerr=2.22E-09 time=143.156
After sweep 13 energy=-93.1385481735595  maxlinkdim=1500 maxerr=1.83E-09 time=147.509
After sweep 14 energy=-93.23609289824203  maxlinkdim=1500 maxerr=1.43E-09 time=151.070
After sweep 15 energy=-93.31911900496254  maxlinkdim=1500 maxerr=1.37E-09 time=154.771
After sweep 16 energy=-93.38816710866567  maxlinkdim=1500 maxerr=1.21E-09 time=159.366
After sweep 17 energy=-93.4488877192686  maxlinkdim=1500 maxerr=1.20E-09 time=165.345
After sweep 18 energy=-93.50389589313164  maxlinkdim=1500 maxerr=1.22E-09 time=164.775
After sweep 19 energy=-93.55047460402112  maxlinkdim=1500 maxerr=1.20E-09 time=166.135
After sweep 20 energy=-93.59971868332036  maxlinkdim=1500 maxerr=1.83E-09 time=171.706
After sweep 21 energy=-93.64180965075897  maxlinkdim=1500 maxerr=1.52E-09 time=179.426
After sweep 22 energy=-93.67783862147725  maxlinkdim=1500 maxerr=1.47E-09 time=181.195
After sweep 23 energy=-93.70772326028045  maxlinkdim=1500 maxerr=1.18E-09 time=183.636
After sweep 24 energy=-93.73541140395297  maxlinkdim=1500 maxerr=1.71E-09 time=185.875
After sweep 25 energy=-93.76599399645046  maxlinkdim=1500 maxerr=2.38E-09 time=193.758
After sweep 26 energy=-93.79228603077716  maxlinkdim=1500 maxerr=1.85E-09 time=204.002
After sweep 27 energy=-93.81813813121585  maxlinkdim=1500 maxerr=1.82E-09 time=206.243
After sweep 28 energy=-93.84192758025848  maxlinkdim=1500 maxerr=1.57E-09 time=213.485
After sweep 29 energy=-93.86295789109747  maxlinkdim=1500 maxerr=1.50E-09 time=216.039
After sweep 30 energy=-93.88090920604577  maxlinkdim=1500 maxerr=1.53E-09 time=213.358
After sweep 31 energy=-93.90550331430404  maxlinkdim=1500 maxerr=4.30E-09 time=213.263
After sweep 32 energy=-93.92576472032928  maxlinkdim=1500 maxerr=2.11E-08 time=223.325
After sweep 33 energy=-93.94423395377311  maxlinkdim=1500 maxerr=4.97E-09 time=223.218
After sweep 34 energy=-93.96474151482727  maxlinkdim=1500 maxerr=1.50E-08 time=230.078
After sweep 35 energy=-93.98501196074142  maxlinkdim=1500 maxerr=2.41E-08 time=240.241
After sweep 36 energy=-93.9975838025158  maxlinkdim=1500 maxerr=1.68E-09 time=239.808
After sweep 37 energy=-94.00785547033581  maxlinkdim=1500 maxerr=2.95E-09 time=230.797
After sweep 38 energy=-94.01761131032157  maxlinkdim=1500 maxerr=1.57E-09 time=236.567
After sweep 39 energy=-94.02833062035656  maxlinkdim=1500 maxerr=3.43E-09 time=242.683
After sweep 40 energy=-94.03978338352678  maxlinkdim=1500 maxerr=3.88E-09 time=246.965
After sweep 41 energy=-94.0508230668591  maxlinkdim=1500 maxerr=4.65E-09 time=247.013
After sweep 42 energy=-94.06280366075211  maxlinkdim=1500 maxerr=6.49E-09 time=253.793
After sweep 43 energy=-94.07173991033638  maxlinkdim=1500 maxerr=3.68E-09 time=247.060
After sweep 44 energy=-94.08035880724258  maxlinkdim=1500 maxerr=4.19E-09 time=247.733
After sweep 45 energy=-94.08850558655821  maxlinkdim=1500 maxerr=4.13E-09 time=249.296
After sweep 46 energy=-94.0964657677838  maxlinkdim=1500 maxerr=9.92E-09 time=249.493
After sweep 47 energy=-94.10394446553424  maxlinkdim=1500 maxerr=3.56E-09 time=257.024
After sweep 48 energy=-94.11131965948925  maxlinkdim=1500 maxerr=6.30E-09 time=253.100
After sweep 49 energy=-94.11827337845317  maxlinkdim=1500 maxerr=3.72E-09 time=248.975
After sweep 50 energy=-94.12540897420065  maxlinkdim=1500 maxerr=1.51E-08 time=255.157
After sweep 51 energy=-94.13385075273449  maxlinkdim=1500 maxerr=5.40E-09 time=269.537
After sweep 52 energy=-94.13946944115906  maxlinkdim=1500 maxerr=3.31E-09 time=270.165
After sweep 53 energy=-94.14501421638352  maxlinkdim=1500 maxerr=2.97E-09 time=271.487
After sweep 54 energy=-94.15071869935896  maxlinkdim=1500 maxerr=3.94E-09 time=275.548
After sweep 55 energy=-94.15631950671954  maxlinkdim=1500 maxerr=3.83E-09 time=270.278
After sweep 56 energy=-94.16196878017493  maxlinkdim=1500 maxerr=2.17E-08 time=268.302
After sweep 57 energy=-94.1739182201703  maxlinkdim=1500 maxerr=4.17E-07 time=276.849
After sweep 58 energy=-94.18191577035793  maxlinkdim=1500 maxerr=5.89E-08 time=277.765
After sweep 59 energy=-94.18739002180551  maxlinkdim=1500 maxerr=1.11E-08 time=276.578
After sweep 60 energy=-94.19238222530542  maxlinkdim=1500 maxerr=2.08E-08 time=280.393
After sweep 61 energy=-94.19616043241926  maxlinkdim=1500 maxerr=9.23E-09 time=278.221
After sweep 62 energy=-94.19932326787507  maxlinkdim=1500 maxerr=8.15E-09 time=280.293
After sweep 63 energy=-94.20232508465821  maxlinkdim=1500 maxerr=5.08E-08 time=273.092
After sweep 64 energy=-94.20521740732755  maxlinkdim=1500 maxerr=7.22E-09 time=275.031
After sweep 65 energy=-94.20812198693667  maxlinkdim=1500 maxerr=2.65E-08 time=282.982
After sweep 66 energy=-94.21103228456631  maxlinkdim=1500 maxerr=3.30E-07 time=298.117
After sweep 67 energy=-94.21375728369586  maxlinkdim=1500 maxerr=2.23E-07 time=297.213
After sweep 68 energy=-94.2163776982361  maxlinkdim=1500 maxerr=4.48E-08 time=283.281
After sweep 69 energy=-94.21877082609456  maxlinkdim=1500 maxerr=3.77E-07 time=291.344
After sweep 70 energy=-94.2208222175577  maxlinkdim=1500 maxerr=1.06E-08 time=293.862
After sweep 71 energy=-94.22296339548458  maxlinkdim=1500 maxerr=5.94E-08 time=278.184
After sweep 72 energy=-94.22499051416348  maxlinkdim=1500 maxerr=9.92E-09 time=280.308
After sweep 73 energy=-94.2280985701571  maxlinkdim=1500 maxerr=4.29E-08 time=277.748
After sweep 74 energy=-94.2304086531283  maxlinkdim=1500 maxerr=4.15E-08 time=282.150
After sweep 75 energy=-94.23240810989415  maxlinkdim=1500 maxerr=2.91E-08 time=277.945
After sweep 76 energy=-94.23439214782624  maxlinkdim=1500 maxerr=7.28E-08 time=280.913
After sweep 77 energy=-94.23643982508851  maxlinkdim=1500 maxerr=3.10E-07 time=279.947
After sweep 78 energy=-94.23817482050542  maxlinkdim=1500 maxerr=5.84E-08 time=288.732
After sweep 79 energy=-94.23977695133578  maxlinkdim=1500 maxerr=4.68E-08 time=301.876
After sweep 80 energy=-94.24131709499984  maxlinkdim=1500 maxerr=1.59E-07 time=297.543
After sweep 81 energy=-94.24292881361716  maxlinkdim=1500 maxerr=2.86E-08 time=291.826
After sweep 82 energy=-94.24453202175155  maxlinkdim=1500 maxerr=6.25E-08 time=294.278
After sweep 83 energy=-94.24600098305349  maxlinkdim=1500 maxerr=1.15E-07 time=293.832
After sweep 84 energy=-94.24731500256499  maxlinkdim=1500 maxerr=8.52E-08 time=284.560
After sweep 85 energy=-94.24856494802337  maxlinkdim=1500 maxerr=5.58E-08 time=297.598
After sweep 86 energy=-94.24979622606035  maxlinkdim=1500 maxerr=6.88E-08 time=292.856
After sweep 87 energy=-94.25134627293573  maxlinkdim=1500 maxerr=1.68E-07 time=287.364
After sweep 88 energy=-94.25323757113439  maxlinkdim=1500 maxerr=4.39E-07 time=292.525
After sweep 89 energy=-94.25455304791491  maxlinkdim=1500 maxerr=2.41E-07 time=304.099
After sweep 90 energy=-94.25552526444896  maxlinkdim=1500 maxerr=8.87E-08 time=300.072
After sweep 91 energy=-94.25638810912167  maxlinkdim=1500 maxerr=5.82E-08 time=298.881
After sweep 92 energy=-94.2571960080794  maxlinkdim=1500 maxerr=9.77E-08 time=299.266
After sweep 93 energy=-94.25793072820193  maxlinkdim=1500 maxerr=1.05E-07 time=306.912
After sweep 94 energy=-94.25865757252484  maxlinkdim=1500 maxerr=2.59E-07 time=301.181
After sweep 95 energy=-94.25935276703466  maxlinkdim=1500 maxerr=1.84E-07 time=303.531
After sweep 96 energy=-94.25998927640359  maxlinkdim=1500 maxerr=1.80E-07 time=301.887
After sweep 97 energy=-94.26062200474904  maxlinkdim=1500 maxerr=8.47E-08 time=298.687
After sweep 98 energy=-94.26121370528992  maxlinkdim=1500 maxerr=6.05E-08 time=302.220
After sweep 99 energy=-94.26189039597386  maxlinkdim=1500 maxerr=3.66E-08 time=303.239
After sweep 100 energy=-94.26245212714495  maxlinkdim=1500 maxerr=4.70E-08 time=304.470
After sweep 101 energy=-94.26301441729503  maxlinkdim=1500 maxerr=5.89E-08 time=305.631
After sweep 102 energy=-94.26359587811865  maxlinkdim=1500 maxerr=5.57E-08 time=300.940
After sweep 103 energy=-94.26416834629929  maxlinkdim=1500 maxerr=6.60E-08 time=297.780
After sweep 104 energy=-94.26474620878332  maxlinkdim=1500 maxerr=8.13E-08 time=289.981
After sweep 105 energy=-94.2652996687931  maxlinkdim=1500 maxerr=8.65E-08 time=288.267
After sweep 106 energy=-94.26580836686007  maxlinkdim=1500 maxerr=6.15E-08 time=297.103
After sweep 107 energy=-94.26625466888062  maxlinkdim=1500 maxerr=7.14E-08 time=302.350
After sweep 108 energy=-94.26679757576461  maxlinkdim=1500 maxerr=2.29E-07 time=301.417
After sweep 109 energy=-94.26728477776031  maxlinkdim=1500 maxerr=3.95E-07 time=303.242
After sweep 110 energy=-94.26761652550181  maxlinkdim=1500 maxerr=1.01E-07 time=300.524
After sweep 111 energy=-94.26791394665443  maxlinkdim=1500 maxerr=5.76E-08 time=299.982
After sweep 112 energy=-94.26812476045724  maxlinkdim=1500 maxerr=5.12E-08 time=307.937
After sweep 113 energy=-94.26826896398853  maxlinkdim=1500 maxerr=4.19E-08 time=303.075
After sweep 114 energy=-94.26840790764795  maxlinkdim=1500 maxerr=6.65E-08 time=304.740
After sweep 115 energy=-94.26853846441321  maxlinkdim=1500 maxerr=1.15E-07 time=303.530
After sweep 116 energy=-94.26864294988894  maxlinkdim=1500 maxerr=6.03E-08 time=303.063
After sweep 117 energy=-94.26873917603795  maxlinkdim=1500 maxerr=8.52E-08 time=295.607
After sweep 118 energy=-94.26880121186636  maxlinkdim=1500 maxerr=5.14E-08 time=299.088
Stopping DMRG after sweep 118
  E(N-2) = -94.26880121186636

[2/3] Computing E(N-1=119)
  Initial state: 119 particles (60 up, 59 dn)
After sweep 1 energy=-79.09525301186014  maxlinkdim=20 maxerr=4.55E-04 time=9.316
After sweep 2 energy=-85.33963684680148  maxlinkdim=50 maxerr=3.39E-05 time=21.323
After sweep 3 energy=-87.76368952247873  maxlinkdim=100 maxerr=1.37E-05 time=31.800
After sweep 4 energy=-88.92081524811869  maxlinkdim=200 maxerr=3.77E-07 time=49.188
After sweep 5 energy=-89.7307748320374  maxlinkdim=935 maxerr=1.00E-10 time=70.130
After sweep 6 energy=-90.21979769359463  maxlinkdim=1315 maxerr=1.00E-10 time=89.316
After sweep 7 energy=-90.57492759817063  maxlinkdim=1500 maxerr=1.68E-10 time=98.130
After sweep 8 energy=-90.86437166757564  maxlinkdim=1500 maxerr=5.23E-10 time=107.229
After sweep 9 energy=-91.09703268311823  maxlinkdim=1500 maxerr=1.09E-09 time=114.711
After sweep 10 energy=-91.29289600365979  maxlinkdim=1500 maxerr=1.85E-09 time=121.479
After sweep 11 energy=-91.45739665643823  maxlinkdim=1500 maxerr=2.83E-09 time=127.529
After sweep 12 energy=-91.58634253357494  maxlinkdim=1500 maxerr=3.00E-09 time=132.848
After sweep 13 energy=-91.6876913543135  maxlinkdim=1500 maxerr=3.67E-09 time=135.549
After sweep 14 energy=-91.77214240199578  maxlinkdim=1500 maxerr=4.62E-09 time=140.087
After sweep 15 energy=-91.84172378496966  maxlinkdim=1500 maxerr=5.11E-09 time=142.967
After sweep 16 energy=-91.90107816777345  maxlinkdim=1500 maxerr=5.88E-09 time=146.188
After sweep 17 energy=-91.95233032278982  maxlinkdim=1500 maxerr=6.09E-09 time=152.004
After sweep 18 energy=-92.00100393389576  maxlinkdim=1500 maxerr=7.99E-09 time=154.502
After sweep 19 energy=-92.04709652499226  maxlinkdim=1500 maxerr=9.72E-09 time=163.300
After sweep 20 energy=-92.08455383528188  maxlinkdim=1500 maxerr=8.64E-09 time=168.984
After sweep 21 energy=-92.12184541745854  maxlinkdim=1500 maxerr=1.01E-08 time=176.332
After sweep 22 energy=-92.15143058157695  maxlinkdim=1500 maxerr=2.63E-08 time=177.683
After sweep 23 energy=-92.1781443397979  maxlinkdim=1500 maxerr=6.76E-07 time=180.484
After sweep 24 energy=-92.1990931375701  maxlinkdim=1500 maxerr=7.45E-09 time=180.713
After sweep 25 energy=-92.22110981679992  maxlinkdim=1500 maxerr=1.14E-08 time=186.770
After sweep 26 energy=-92.24402757465724  maxlinkdim=1500 maxerr=1.24E-08 time=193.500
After sweep 27 energy=-92.26365314594342  maxlinkdim=1500 maxerr=1.18E-08 time=200.172
After sweep 28 energy=-92.27960908977352  maxlinkdim=1500 maxerr=8.94E-09 time=206.568
After sweep 29 energy=-92.2928796774242  maxlinkdim=1500 maxerr=7.03E-09 time=213.594
After sweep 30 energy=-92.30475273890526  maxlinkdim=1500 maxerr=6.40E-09 time=216.167
After sweep 31 energy=-92.31638347697917  maxlinkdim=1500 maxerr=7.43E-09 time=221.168
After sweep 32 energy=-92.3277845566744  maxlinkdim=1500 maxerr=8.35E-09 time=226.221
After sweep 33 energy=-92.34008248801717  maxlinkdim=1500 maxerr=1.07E-08 time=234.268
After sweep 34 energy=-92.35060643343584  maxlinkdim=1500 maxerr=8.91E-09 time=234.190
After sweep 35 energy=-92.36093205750626  maxlinkdim=1500 maxerr=9.52E-09 time=239.133
After sweep 36 energy=-92.37005510317124  maxlinkdim=1500 maxerr=8.50E-09 time=243.962
After sweep 37 energy=-92.37726714117191  maxlinkdim=1500 maxerr=5.52E-09 time=241.913
After sweep 38 energy=-92.38386789214138  maxlinkdim=1500 maxerr=5.08E-09 time=243.487
After sweep 39 energy=-92.39047582498257  maxlinkdim=1500 maxerr=5.58E-09 time=242.299
After sweep 40 energy=-92.39687265036497  maxlinkdim=1500 maxerr=4.42E-09 time=244.056
After sweep 41 energy=-92.40284192482  maxlinkdim=1500 maxerr=3.76E-09 time=253.819
After sweep 42 energy=-92.40883765190655  maxlinkdim=1500 maxerr=4.58E-09 time=257.578
After sweep 43 energy=-92.41521101145281  maxlinkdim=1500 maxerr=8.25E-09 time=254.997
After sweep 44 energy=-92.42143279289365  maxlinkdim=1500 maxerr=7.06E-09 time=257.452
After sweep 45 energy=-92.42716076857235  maxlinkdim=1500 maxerr=7.30E-09 time=269.287
After sweep 46 energy=-92.43284032033634  maxlinkdim=1500 maxerr=7.89E-09 time=268.764
After sweep 47 energy=-92.43769132745473  maxlinkdim=1500 maxerr=6.20E-09 time=265.865
After sweep 48 energy=-92.44243969586697  maxlinkdim=1500 maxerr=6.60E-09 time=261.310
After sweep 49 energy=-92.44633770346564  maxlinkdim=1500 maxerr=4.79E-09 time=263.014
After sweep 50 energy=-92.45017159920357  maxlinkdim=1500 maxerr=5.57E-09 time=259.742
After sweep 51 energy=-92.45368193712997  maxlinkdim=1500 maxerr=4.17E-09 time=259.949
After sweep 52 energy=-92.45700245407434  maxlinkdim=1500 maxerr=5.12E-09 time=270.067
After sweep 53 energy=-92.46033971003182  maxlinkdim=1500 maxerr=5.77E-08 time=270.940
After sweep 54 energy=-92.46338812891146  maxlinkdim=1500 maxerr=4.85E-09 time=268.733
After sweep 55 energy=-92.46635448255113  maxlinkdim=1500 maxerr=3.96E-09 time=267.593
After sweep 56 energy=-92.46939356766737  maxlinkdim=1500 maxerr=7.65E-08 time=269.081
After sweep 57 energy=-92.47193681268703  maxlinkdim=1500 maxerr=3.32E-09 time=266.011
After sweep 58 energy=-92.4746225409684  maxlinkdim=1500 maxerr=2.35E-09 time=270.358
After sweep 59 energy=-92.47690984082129  maxlinkdim=1500 maxerr=3.60E-09 time=279.357
After sweep 60 energy=-92.47931295939172  maxlinkdim=1500 maxerr=4.28E-09 time=276.794
After sweep 61 energy=-92.48171136618585  maxlinkdim=1500 maxerr=6.89E-09 time=276.625
After sweep 62 energy=-92.48392294168058  maxlinkdim=1500 maxerr=3.96E-09 time=273.686
After sweep 63 energy=-92.48616453309047  maxlinkdim=1500 maxerr=6.10E-09 time=279.974
After sweep 64 energy=-92.48877366609722  maxlinkdim=1500 maxerr=1.00E-08 time=286.311
After sweep 65 energy=-92.4910358146028  maxlinkdim=1500 maxerr=5.33E-09 time=289.277
After sweep 66 energy=-92.49299577704188  maxlinkdim=1500 maxerr=3.94E-09 time=285.538
After sweep 67 energy=-92.49531343177532  maxlinkdim=1500 maxerr=8.29E-09 time=285.163
After sweep 68 energy=-92.4974930883447  maxlinkdim=1500 maxerr=7.68E-09 time=287.277
After sweep 69 energy=-92.49946813398915  maxlinkdim=1500 maxerr=2.69E-09 time=292.479
After sweep 70 energy=-92.50138620458523  maxlinkdim=1500 maxerr=8.98E-09 time=297.541
After sweep 71 energy=-92.50333924741128  maxlinkdim=1500 maxerr=2.59E-09 time=292.321
After sweep 72 energy=-92.5051037867369  maxlinkdim=1500 maxerr=7.49E-09 time=294.661
After sweep 73 energy=-92.506693512287  maxlinkdim=1500 maxerr=5.27E-09 time=290.086
After sweep 74 energy=-92.50814023734434  maxlinkdim=1500 maxerr=1.20E-08 time=288.323
After sweep 75 energy=-92.50962076364365  maxlinkdim=1500 maxerr=9.29E-09 time=294.106
After sweep 76 energy=-92.511122387204  maxlinkdim=1500 maxerr=3.97E-08 time=292.278
After sweep 77 energy=-92.5124891081856  maxlinkdim=1500 maxerr=7.83E-09 time=277.166
After sweep 78 energy=-92.513832870722  maxlinkdim=1500 maxerr=4.68E-09 time=280.701
After sweep 79 energy=-92.51520240771649  maxlinkdim=1500 maxerr=9.42E-09 time=283.595
After sweep 80 energy=-92.51647189130901  maxlinkdim=1500 maxerr=1.17E-08 time=292.336
After sweep 81 energy=-92.51776993902455  maxlinkdim=1500 maxerr=1.03E-07 time=291.464
After sweep 82 energy=-92.51899570683096  maxlinkdim=1500 maxerr=5.03E-09 time=281.479
After sweep 83 energy=-92.52015120009037  maxlinkdim=1500 maxerr=2.82E-08 time=282.877
After sweep 84 energy=-92.52116332535967  maxlinkdim=1500 maxerr=4.97E-09 time=287.435
After sweep 85 energy=-92.52220947166481  maxlinkdim=1500 maxerr=4.14E-08 time=283.095
After sweep 86 energy=-92.52326253640229  maxlinkdim=1500 maxerr=3.57E-09 time=289.087
After sweep 87 energy=-92.52409720089312  maxlinkdim=1500 maxerr=4.38E-09 time=281.804
After sweep 88 energy=-92.52508389544556  maxlinkdim=1500 maxerr=3.23E-08 time=286.517
After sweep 89 energy=-92.52589999975542  maxlinkdim=1500 maxerr=6.47E-09 time=294.497
After sweep 90 energy=-92.52678767633192  maxlinkdim=1500 maxerr=5.26E-09 time=294.447
After sweep 91 energy=-92.52771508691718  maxlinkdim=1500 maxerr=2.85E-08 time=291.897
After sweep 92 energy=-92.52851744599776  maxlinkdim=1500 maxerr=3.67E-08 time=293.393
After sweep 93 energy=-92.52935375658426  maxlinkdim=1500 maxerr=5.00E-09 time=296.008
After sweep 94 energy=-92.5302419699141  maxlinkdim=1500 maxerr=1.68E-08 time=297.107
After sweep 95 energy=-92.53104217310124  maxlinkdim=1500 maxerr=7.78E-09 time=297.365
After sweep 96 energy=-92.53182723374687  maxlinkdim=1500 maxerr=9.91E-09 time=297.924
After sweep 97 energy=-92.53257909900508  maxlinkdim=1500 maxerr=8.19E-09 time=297.768
After sweep 98 energy=-92.53356328280648  maxlinkdim=1500 maxerr=1.04E-07 time=297.150
After sweep 99 energy=-92.53428988881527  maxlinkdim=1500 maxerr=3.29E-08 time=293.442
After sweep 100 energy=-92.5348388668949  maxlinkdim=1500 maxerr=1.55E-08 time=296.270
After sweep 101 energy=-92.53543730750815  maxlinkdim=1500 maxerr=1.12E-08 time=295.486
After sweep 102 energy=-92.53608459091619  maxlinkdim=1500 maxerr=2.65E-08 time=297.825
After sweep 103 energy=-92.53680333204827  maxlinkdim=1500 maxerr=2.92E-08 time=297.393
After sweep 104 energy=-92.53742349894054  maxlinkdim=1500 maxerr=1.88E-08 time=298.804
After sweep 105 energy=-92.538063664536  maxlinkdim=1500 maxerr=3.87E-08 time=301.550
After sweep 106 energy=-92.53861271151658  maxlinkdim=1500 maxerr=5.47E-08 time=301.592
After sweep 107 energy=-92.53908269182693  maxlinkdim=1500 maxerr=3.43E-08 time=294.557
After sweep 108 energy=-92.53953797425473  maxlinkdim=1500 maxerr=7.19E-09 time=291.333
After sweep 109 energy=-92.5402564974637  maxlinkdim=1500 maxerr=5.07E-07 time=297.229
After sweep 110 energy=-92.54090405713873  maxlinkdim=1500 maxerr=3.61E-07 time=293.922
After sweep 111 energy=-92.54137599891466  maxlinkdim=1500 maxerr=4.05E-07 time=291.546
After sweep 112 energy=-92.54172242896205  maxlinkdim=1500 maxerr=2.18E-08 time=289.878
After sweep 113 energy=-92.54205772578607  maxlinkdim=1500 maxerr=4.16E-08 time=293.963
After sweep 114 energy=-92.54234135085807  maxlinkdim=1500 maxerr=1.29E-08 time=297.764
After sweep 115 energy=-92.54264504385506  maxlinkdim=1500 maxerr=2.25E-07 time=296.055
After sweep 116 energy=-92.54373982422544  maxlinkdim=1500 maxerr=3.30E-07 time=304.935
After sweep 117 energy=-92.54446357823426  maxlinkdim=1500 maxerr=7.74E-08 time=304.401
After sweep 118 energy=-92.54483123015052  maxlinkdim=1500 maxerr=7.66E-08 time=302.855
After sweep 119 energy=-92.54509429605191  maxlinkdim=1500 maxerr=1.22E-07 time=307.034
After sweep 120 energy=-92.54529681531702  maxlinkdim=1500 maxerr=8.59E-08 time=311.403
After sweep 121 energy=-92.54545666480243  maxlinkdim=1500 maxerr=7.22E-08 time=314.415
After sweep 122 energy=-92.54557765502531  maxlinkdim=1500 maxerr=5.26E-08 time=308.747
After sweep 123 energy=-92.54566200674978  maxlinkdim=1500 maxerr=5.19E-08 time=307.279
Stopping DMRG after sweep 123
  E(N-1) = -92.54566200674978

[3/3] Computing E(N=120)
  Initial state: 120 particles (60 up, 60 dn)
After sweep 1 energy=-78.86414305208885  maxlinkdim=20 maxerr=2.39E-04 time=9.578
After sweep 2 energy=-84.80549816565535  maxlinkdim=50 maxerr=3.22E-05 time=22.146
After sweep 3 energy=-87.08202326751811  maxlinkdim=100 maxerr=1.16E-05 time=32.133
After sweep 4 energy=-88.2584414547132  maxlinkdim=200 maxerr=2.00E-06 time=47.941
After sweep 5 energy=-88.9692804573492  maxlinkdim=1020 maxerr=1.00E-10 time=71.936
After sweep 6 energy=-89.2826112644169  maxlinkdim=1347 maxerr=1.00E-10 time=91.155
After sweep 7 energy=-89.5387806957593  maxlinkdim=1500 maxerr=3.25E-10 time=102.539
After sweep 8 energy=-89.74191976637032  maxlinkdim=1500 maxerr=7.49E-10 time=112.785
After sweep 9 energy=-89.90479494981416  maxlinkdim=1500 maxerr=1.37E-09 time=118.080
After sweep 10 energy=-90.02722879367273  maxlinkdim=1500 maxerr=1.41E-09 time=129.470
After sweep 11 energy=-90.12755431398988  maxlinkdim=1500 maxerr=1.71E-09 time=137.646
After sweep 12 energy=-90.21235682074094  maxlinkdim=1500 maxerr=1.95E-09 time=141.857
After sweep 13 energy=-90.27915215719753  maxlinkdim=1500 maxerr=2.20E-09 time=147.525
After sweep 14 energy=-90.33795590099349  maxlinkdim=1500 maxerr=2.48E-09 time=152.860
After sweep 15 energy=-90.38597763472247  maxlinkdim=1500 maxerr=2.69E-09 time=157.648
After sweep 16 energy=-90.42732680015739  maxlinkdim=1500 maxerr=3.17E-09 time=161.540
After sweep 17 energy=-90.4616070414987  maxlinkdim=1500 maxerr=2.42E-09 time=165.973
After sweep 18 energy=-90.4929780139057  maxlinkdim=1500 maxerr=2.50E-09 time=177.558
After sweep 19 energy=-90.5181123762953  maxlinkdim=1500 maxerr=1.93E-09 time=175.721
After sweep 20 energy=-90.53944207393553  maxlinkdim=1500 maxerr=1.17E-09 time=173.356
After sweep 21 energy=-90.55919662590382  maxlinkdim=1500 maxerr=1.39E-09 time=175.399
After sweep 22 energy=-90.578379775462  maxlinkdim=1500 maxerr=1.58E-09 time=178.927
After sweep 23 energy=-90.59638060295126  maxlinkdim=1500 maxerr=1.79E-09 time=180.723
After sweep 24 energy=-90.61543499046775  maxlinkdim=1500 maxerr=2.60E-09 time=186.058
After sweep 25 energy=-90.63234409706176  maxlinkdim=1500 maxerr=2.70E-09 time=186.112
After sweep 26 energy=-90.64792561607192  maxlinkdim=1500 maxerr=2.78E-09 time=196.733
After sweep 27 energy=-90.66334306550371  maxlinkdim=1500 maxerr=2.96E-09 time=205.946
After sweep 28 energy=-90.67784780664293  maxlinkdim=1500 maxerr=3.49E-09 time=217.464
After sweep 29 energy=-90.6903752053111  maxlinkdim=1500 maxerr=3.24E-09 time=223.387
After sweep 30 energy=-90.702272598681  maxlinkdim=1500 maxerr=3.81E-09 time=226.478
After sweep 31 energy=-90.71358184950391  maxlinkdim=1500 maxerr=4.23E-09 time=229.085
After sweep 32 energy=-90.72307162487121  maxlinkdim=1500 maxerr=3.29E-09 time=225.832
After sweep 33 energy=-90.73126079310612  maxlinkdim=1500 maxerr=2.63E-09 time=229.068
After sweep 34 energy=-90.7396263644911  maxlinkdim=1500 maxerr=6.26E-09 time=236.009
After sweep 35 energy=-90.74719265165017  maxlinkdim=1500 maxerr=2.63E-09 time=243.936
After sweep 36 energy=-90.75428022105703  maxlinkdim=1500 maxerr=1.96E-09 time=245.897
After sweep 37 energy=-90.7608111692764  maxlinkdim=1500 maxerr=2.26E-09 time=250.304
After sweep 38 energy=-90.76697629332244  maxlinkdim=1500 maxerr=1.88E-09 time=249.492
After sweep 39 energy=-90.7726632742281  maxlinkdim=1500 maxerr=1.86E-09 time=249.313
After sweep 40 energy=-90.77797956345165  maxlinkdim=1500 maxerr=1.78E-09 time=251.198
After sweep 41 energy=-90.78301847012588  maxlinkdim=1500 maxerr=1.92E-09 time=252.993
After sweep 42 energy=-90.78800707065422  maxlinkdim=1500 maxerr=2.13E-09 time=248.774
After sweep 43 energy=-90.79278929919045  maxlinkdim=1500 maxerr=2.73E-09 time=251.201
After sweep 44 energy=-90.79704096912602  maxlinkdim=1500 maxerr=2.69E-09 time=254.171
After sweep 45 energy=-90.8010646285864  maxlinkdim=1500 maxerr=2.85E-09 time=246.920
After sweep 46 energy=-90.80488488282849  maxlinkdim=1500 maxerr=2.78E-09 time=250.898
After sweep 47 energy=-90.80828840995434  maxlinkdim=1500 maxerr=2.17E-09 time=259.519
After sweep 48 energy=-90.81176853044477  maxlinkdim=1500 maxerr=2.73E-09 time=259.892
After sweep 49 energy=-90.81489318234475  maxlinkdim=1500 maxerr=2.25E-09 time=263.216
After sweep 50 energy=-90.81786697824019  maxlinkdim=1500 maxerr=2.22E-09 time=260.379
After sweep 51 energy=-90.82076416025822  maxlinkdim=1500 maxerr=3.58E-09 time=262.247
After sweep 52 energy=-90.8234690130359  maxlinkdim=1500 maxerr=2.87E-09 time=260.938
After sweep 53 energy=-90.82622940085074  maxlinkdim=1500 maxerr=2.85E-09 time=267.296
After sweep 54 energy=-90.8285779232668  maxlinkdim=1500 maxerr=2.06E-09 time=268.720
After sweep 55 energy=-90.83089555874997  maxlinkdim=1500 maxerr=6.85E-09 time=267.008
After sweep 56 energy=-90.83324837807587  maxlinkdim=1500 maxerr=2.48E-09 time=265.930
After sweep 57 energy=-90.83548814130481  maxlinkdim=1500 maxerr=2.19E-09 time=269.513
After sweep 58 energy=-90.83756306110486  maxlinkdim=1500 maxerr=1.85E-09 time=265.971
After sweep 59 energy=-90.83965275447578  maxlinkdim=1500 maxerr=4.34E-09 time=274.876
After sweep 60 energy=-90.84151687324298  maxlinkdim=1500 maxerr=1.59E-09 time=271.196
After sweep 61 energy=-90.84327542121216  maxlinkdim=1500 maxerr=1.55E-09 time=274.943
After sweep 62 energy=-90.84498078704993  maxlinkdim=1500 maxerr=3.03E-08 time=266.170
After sweep 63 energy=-90.84662583887503  maxlinkdim=1500 maxerr=9.62E-10 time=266.961
After sweep 64 energy=-90.84805308132094  maxlinkdim=1500 maxerr=1.75E-09 time=262.872
After sweep 65 energy=-90.8494887179874  maxlinkdim=1500 maxerr=2.45E-09 time=265.517
After sweep 66 energy=-90.85073618329034  maxlinkdim=1500 maxerr=6.67E-09 time=259.403
After sweep 67 energy=-90.85190169540743  maxlinkdim=1500 maxerr=1.38E-08 time=263.380
After sweep 68 energy=-90.85303849649023  maxlinkdim=1500 maxerr=7.88E-10 time=268.665
After sweep 69 energy=-90.85404927795761  maxlinkdim=1500 maxerr=5.65E-10 time=264.374
After sweep 70 energy=-90.8551279751819  maxlinkdim=1500 maxerr=8.36E-10 time=258.872
After sweep 71 energy=-90.85624578103814  maxlinkdim=1500 maxerr=2.10E-09 time=264.782
After sweep 72 energy=-90.85738928144032  maxlinkdim=1500 maxerr=5.26E-09 time=270.877
After sweep 73 energy=-90.85842324377177  maxlinkdim=1500 maxerr=8.49E-09 time=267.093
After sweep 74 energy=-90.85938034364423  maxlinkdim=1500 maxerr=7.97E-10 time=270.284
After sweep 75 energy=-90.86054397984928  maxlinkdim=1500 maxerr=5.12E-09 time=271.898
After sweep 76 energy=-90.86189153300054  maxlinkdim=1500 maxerr=5.22E-09 time=281.737
After sweep 77 energy=-90.86296092982798  maxlinkdim=1500 maxerr=1.38E-09 time=283.483
After sweep 78 energy=-90.86397073341486  maxlinkdim=1500 maxerr=1.88E-08 time=279.378
After sweep 79 energy=-90.86483776299389  maxlinkdim=1500 maxerr=8.52E-10 time=278.729
After sweep 80 energy=-90.86571998641074  maxlinkdim=1500 maxerr=8.82E-09 time=279.523
After sweep 81 energy=-90.86714106828447  maxlinkdim=1500 maxerr=1.34E-08 time=285.591
After sweep 82 energy=-90.86845594857637  maxlinkdim=1500 maxerr=3.63E-08 time=288.980
After sweep 83 energy=-90.86958317756364  maxlinkdim=1500 maxerr=3.72E-08 time=282.312
After sweep 84 energy=-90.87065953676952  maxlinkdim=1500 maxerr=9.64E-09 time=282.087
After sweep 85 energy=-90.87202243635684  maxlinkdim=1500 maxerr=6.61E-09 time=278.328
After sweep 86 energy=-90.87286578480986  maxlinkdim=1500 maxerr=1.70E-09 time=275.049
After sweep 87 energy=-90.87376465777182  maxlinkdim=1500 maxerr=4.22E-09 time=284.099
After sweep 88 energy=-90.87458968530217  maxlinkdim=1500 maxerr=3.61E-09 time=280.847
After sweep 89 energy=-90.87535779548472  maxlinkdim=1500 maxerr=2.97E-09 time=282.835
After sweep 90 energy=-90.87607207458419  maxlinkdim=1500 maxerr=4.26E-09 time=283.115
After sweep 91 energy=-90.87684677434765  maxlinkdim=1500 maxerr=1.43E-07 time=281.095
After sweep 92 energy=-90.87759041248114  maxlinkdim=1500 maxerr=9.25E-09 time=289.625
After sweep 93 energy=-90.87861429607966  maxlinkdim=1500 maxerr=3.03E-08 time=287.016
After sweep 94 energy=-90.87932284324442  maxlinkdim=1500 maxerr=3.56E-08 time=285.050
After sweep 95 energy=-90.8799149755776  maxlinkdim=1500 maxerr=1.41E-08 time=278.007
After sweep 96 energy=-90.88038958842517  maxlinkdim=1500 maxerr=7.53E-09 time=271.522
After sweep 97 energy=-90.88083420240446  maxlinkdim=1500 maxerr=6.18E-09 time=284.584
After sweep 98 energy=-90.88141903224432  maxlinkdim=1500 maxerr=1.12E-07 time=287.224
After sweep 99 energy=-90.88190403145217  maxlinkdim=1500 maxerr=1.66E-08 time=289.146
After sweep 100 energy=-90.8823777639183  maxlinkdim=1500 maxerr=4.63E-09 time=287.475
After sweep 101 energy=-90.88276372536329  maxlinkdim=1500 maxerr=3.33E-08 time=282.198
After sweep 102 energy=-90.88309069690234  maxlinkdim=1500 maxerr=5.22E-08 time=281.699
After sweep 103 energy=-90.88341185866774  maxlinkdim=1500 maxerr=3.95E-08 time=285.270
After sweep 104 energy=-90.88380405683863  maxlinkdim=1500 maxerr=3.21E-08 time=289.061
After sweep 105 energy=-90.88410637055101  maxlinkdim=1500 maxerr=9.73E-09 time=290.078
After sweep 106 energy=-90.8844102645845  maxlinkdim=1500 maxerr=4.01E-08 time=289.923
After sweep 107 energy=-90.8847366940306  maxlinkdim=1500 maxerr=1.19E-08 time=287.334
After sweep 108 energy=-90.88501579907688  maxlinkdim=1500 maxerr=4.91E-08 time=284.623
After sweep 109 energy=-90.88532515175137  maxlinkdim=1500 maxerr=4.82E-08 time=289.690
After sweep 110 energy=-90.88558762180492  maxlinkdim=1500 maxerr=1.10E-08 time=287.079
After sweep 111 energy=-90.88586106250628  maxlinkdim=1500 maxerr=1.21E-08 time=288.767
After sweep 112 energy=-90.88612333382623  maxlinkdim=1500 maxerr=9.97E-09 time=299.562
After sweep 113 energy=-90.88636324909248  maxlinkdim=1500 maxerr=2.37E-08 time=301.276
After sweep 114 energy=-90.88659972358788  maxlinkdim=1500 maxerr=2.73E-08 time=301.827
After sweep 115 energy=-90.88680447570928  maxlinkdim=1500 maxerr=1.43E-08 time=286.113
After sweep 116 energy=-90.88698530663373  maxlinkdim=1500 maxerr=9.64E-09 time=285.636
After sweep 117 energy=-90.88723131383495  maxlinkdim=1500 maxerr=1.34E-07 time=299.484
After sweep 118 energy=-90.8874423152201  maxlinkdim=1500 maxerr=1.16E-08 time=299.466
After sweep 119 energy=-90.88759791075485  maxlinkdim=1500 maxerr=1.67E-08 time=303.736
After sweep 120 energy=-90.88773637848861  maxlinkdim=1500 maxerr=1.02E-08 time=300.016
After sweep 121 energy=-90.88787308757513  maxlinkdim=1500 maxerr=1.97E-08 time=301.129
After sweep 122 energy=-90.88814463614561  maxlinkdim=1500 maxerr=7.34E-08 time=294.129
After sweep 123 energy=-90.88847772457486  maxlinkdim=1500 maxerr=4.64E-08 time=300.000
After sweep 124 energy=-90.88860394661552  maxlinkdim=1500 maxerr=3.38E-08 time=309.863
After sweep 125 energy=-90.88868602326752  maxlinkdim=1500 maxerr=4.78E-08 time=307.623
Stopping DMRG after sweep 125
  E(N) = -90.88868602326752

============================================================
RESULTS:
  E(118) = -94.26880121186636
  E(119) = -92.54566200674978
  E(120)     = -90.88868602326752
  E_p = -0.06616322  (attractive hole pairing)
============================================================
RESULT: E_p = -0.06616322163432642
