Calculating pair binding energy for ladder
L=64, U=8.0, V=0.0, t0=1.4, density=0.9375
============================================================
Pair binding energy for Hubbard ladder
L = 64 rungs, 128 sites
U = 8.0, V = 0.0, t = 1.0, t0 = 1.4, density = 0.9375
N_base = 120
============================================================

[1/3] Computing E(N-2=118)
  Initial state: 118 particles (59 up, 59 dn)
After sweep 1 energy=-71.96531440439648  maxlinkdim=20 maxerr=4.36E-04 time=49.858
After sweep 2 energy=-79.33506135223273  maxlinkdim=50 maxerr=2.97E-05 time=29.679
After sweep 3 energy=-82.16106411837748  maxlinkdim=100 maxerr=4.90E-06 time=43.400
After sweep 4 energy=-83.50316573201253  maxlinkdim=200 maxerr=2.32E-07 time=60.746
After sweep 5 energy=-84.31728216360403  maxlinkdim=814 maxerr=1.00E-10 time=79.063
After sweep 6 energy=-85.01710654732774  maxlinkdim=1000 maxerr=6.88E-10 time=97.380
After sweep 7 energy=-85.55847540854981  maxlinkdim=1000 maxerr=2.46E-09 time=107.232
After sweep 8 energy=-86.01811564832478  maxlinkdim=1000 maxerr=9.06E-09 time=114.970
After sweep 9 energy=-86.34062406021198  maxlinkdim=1000 maxerr=1.20E-08 time=117.402
After sweep 10 energy=-86.58089763955915  maxlinkdim=1000 maxerr=1.16E-08 time=122.608
After sweep 11 energy=-86.76556649934179  maxlinkdim=1000 maxerr=1.37E-08 time=124.515
After sweep 12 energy=-86.9255556674784  maxlinkdim=1000 maxerr=1.65E-08 time=126.170
After sweep 13 energy=-87.06344049492692  maxlinkdim=1000 maxerr=1.62E-08 time=123.999
After sweep 14 energy=-87.19205553710424  maxlinkdim=1000 maxerr=1.99E-08 time=129.259
After sweep 15 energy=-87.31314373421952  maxlinkdim=1000 maxerr=2.33E-08 time=133.280
After sweep 16 energy=-87.40191811768872  maxlinkdim=1000 maxerr=1.61E-08 time=140.768
After sweep 17 energy=-87.47884772827632  maxlinkdim=1000 maxerr=2.56E-08 time=144.922
After sweep 18 energy=-87.53784973399321  maxlinkdim=1000 maxerr=1.54E-08 time=140.758
After sweep 19 energy=-87.60598487525456  maxlinkdim=1000 maxerr=7.98E-08 time=145.808
After sweep 20 energy=-87.66511887626983  maxlinkdim=1000 maxerr=7.24E-08 time=148.167
After sweep 21 energy=-87.70628058346031  maxlinkdim=1000 maxerr=2.17E-08 time=150.953
After sweep 22 energy=-87.74028202785915  maxlinkdim=1000 maxerr=1.58E-08 time=154.482
After sweep 23 energy=-87.77030491219243  maxlinkdim=1000 maxerr=1.39E-08 time=160.636
After sweep 24 energy=-87.79743998127185  maxlinkdim=1000 maxerr=1.47E-08 time=159.191
After sweep 25 energy=-87.82580752852729  maxlinkdim=1000 maxerr=2.70E-08 time=158.858
After sweep 26 energy=-87.85100092628426  maxlinkdim=1000 maxerr=1.90E-08 time=165.738
After sweep 27 energy=-87.87536316738422  maxlinkdim=1000 maxerr=2.31E-08 time=164.784
After sweep 28 energy=-87.92735595896322  maxlinkdim=1000 maxerr=5.76E-06 time=166.501
After sweep 29 energy=-87.95602057691609  maxlinkdim=1000 maxerr=4.72E-07 time=171.387
After sweep 30 energy=-87.98720086124219  maxlinkdim=1000 maxerr=1.15E-06 time=173.597
After sweep 31 energy=-88.00588938566142  maxlinkdim=1000 maxerr=1.67E-07 time=180.289
After sweep 32 energy=-88.01661375455836  maxlinkdim=1000 maxerr=7.87E-09 time=173.149
After sweep 33 energy=-88.03045454869009  maxlinkdim=1000 maxerr=2.14E-08 time=176.139
After sweep 34 energy=-88.04127723492688  maxlinkdim=1000 maxerr=1.13E-08 time=183.846
After sweep 35 energy=-88.05196287625205  maxlinkdim=1000 maxerr=6.10E-08 time=182.438
After sweep 36 energy=-88.06639391765269  maxlinkdim=1000 maxerr=8.17E-08 time=181.681
After sweep 37 energy=-88.08145849624017  maxlinkdim=1000 maxerr=3.32E-08 time=180.609
After sweep 38 energy=-88.0905891498403  maxlinkdim=1000 maxerr=1.83E-08 time=183.472
After sweep 39 energy=-88.09900063493458  maxlinkdim=1000 maxerr=2.01E-08 time=181.585
After sweep 40 energy=-88.10716159845485  maxlinkdim=1000 maxerr=2.14E-08 time=183.968
After sweep 41 energy=-88.115114010403  maxlinkdim=1000 maxerr=1.98E-08 time=182.292
After sweep 42 energy=-88.12419142480819  maxlinkdim=1000 maxerr=4.12E-08 time=177.732
After sweep 43 energy=-88.13400085675617  maxlinkdim=1000 maxerr=7.44E-08 time=176.681
After sweep 44 energy=-88.14434864819695  maxlinkdim=1000 maxerr=8.35E-08 time=176.807
After sweep 45 energy=-88.15248027982332  maxlinkdim=1000 maxerr=4.04E-08 time=169.164
After sweep 46 energy=-88.16032902242503  maxlinkdim=1000 maxerr=5.58E-08 time=174.560
After sweep 47 energy=-88.1674790603956  maxlinkdim=1000 maxerr=6.31E-08 time=178.735
After sweep 48 energy=-88.17430598987667  maxlinkdim=1000 maxerr=3.01E-08 time=176.432
After sweep 49 energy=-88.18087192997079  maxlinkdim=1000 maxerr=4.65E-08 time=183.610
After sweep 50 energy=-88.18927000599922  maxlinkdim=1000 maxerr=1.62E-07 time=183.865
After sweep 51 energy=-88.19627118105942  maxlinkdim=1000 maxerr=1.27E-06 time=185.295
After sweep 52 energy=-88.20185355041318  maxlinkdim=1000 maxerr=2.72E-08 time=177.341
After sweep 53 energy=-88.2070924409868  maxlinkdim=1000 maxerr=3.90E-08 time=174.824
After sweep 54 energy=-88.21176372776004  maxlinkdim=1000 maxerr=3.03E-08 time=183.755
After sweep 55 energy=-88.21692971110355  maxlinkdim=1000 maxerr=6.22E-08 time=167.232
After sweep 56 energy=-88.2218719987304  maxlinkdim=1000 maxerr=5.33E-08 time=162.474
After sweep 57 energy=-88.22684018891697  maxlinkdim=1000 maxerr=5.67E-08 time=161.047
After sweep 58 energy=-88.23386475517438  maxlinkdim=1000 maxerr=2.88E-06 time=172.170
After sweep 59 energy=-88.23921707728604  maxlinkdim=1000 maxerr=5.18E-07 time=181.979
After sweep 60 energy=-88.24571215327265  maxlinkdim=1000 maxerr=1.45E-06 time=181.918
After sweep 61 energy=-88.25067721960042  maxlinkdim=1000 maxerr=8.42E-07 time=183.123
After sweep 62 energy=-88.256363057811  maxlinkdim=1000 maxerr=1.31E-06 time=172.827
After sweep 63 energy=-88.26195463518027  maxlinkdim=1000 maxerr=1.27E-06 time=173.354
After sweep 64 energy=-88.26665768108059  maxlinkdim=1000 maxerr=9.29E-07 time=170.966
After sweep 65 energy=-88.27086653899345  maxlinkdim=1000 maxerr=9.69E-07 time=167.816
After sweep 66 energy=-88.27495106996494  maxlinkdim=1000 maxerr=1.72E-06 time=169.065
After sweep 67 energy=-88.27880997688136  maxlinkdim=1000 maxerr=1.19E-06 time=170.158
After sweep 68 energy=-88.28270995363138  maxlinkdim=1000 maxerr=1.34E-06 time=167.462
After sweep 69 energy=-88.28690018746812  maxlinkdim=1000 maxerr=7.08E-07 time=163.627
After sweep 70 energy=-88.29083899265692  maxlinkdim=1000 maxerr=7.99E-07 time=153.313
After sweep 71 energy=-88.29435663999507  maxlinkdim=1000 maxerr=5.96E-07 time=158.321
After sweep 72 energy=-88.29759953132539  maxlinkdim=1000 maxerr=2.11E-06 time=168.142
After sweep 73 energy=-88.3007356119964  maxlinkdim=1000 maxerr=1.90E-06 time=167.043
After sweep 74 energy=-88.30368777844127  maxlinkdim=1000 maxerr=1.01E-06 time=166.459
After sweep 75 energy=-88.30648270905037  maxlinkdim=1000 maxerr=9.32E-07 time=158.314
After sweep 76 energy=-88.30930917512731  maxlinkdim=1000 maxerr=7.52E-07 time=159.934
After sweep 77 energy=-88.31207460860298  maxlinkdim=1000 maxerr=8.41E-07 time=160.916
After sweep 78 energy=-88.31483692943706  maxlinkdim=1000 maxerr=7.06E-07 time=169.394
After sweep 79 energy=-88.31736129039828  maxlinkdim=1000 maxerr=6.40E-07 time=174.660
After sweep 80 energy=-88.31976054808791  maxlinkdim=1000 maxerr=7.10E-07 time=169.321
After sweep 81 energy=-88.32516805003768  maxlinkdim=1000 maxerr=5.78E-07 time=162.099
After sweep 82 energy=-88.33241559238661  maxlinkdim=1000 maxerr=9.08E-07 time=167.275
After sweep 83 energy=-88.33651320580616  maxlinkdim=1000 maxerr=8.69E-07 time=175.071
After sweep 84 energy=-88.33954984757968  maxlinkdim=1000 maxerr=5.23E-07 time=181.253
After sweep 85 energy=-88.34208114112562  maxlinkdim=1000 maxerr=1.04E-06 time=190.078
After sweep 86 energy=-88.34393539968505  maxlinkdim=1000 maxerr=6.22E-07 time=187.151
After sweep 87 energy=-88.34531935448507  maxlinkdim=1000 maxerr=5.49E-07 time=184.824
After sweep 88 energy=-88.34636533782968  maxlinkdim=1000 maxerr=5.25E-07 time=183.193
After sweep 89 energy=-88.34709306608708  maxlinkdim=1000 maxerr=6.26E-07 time=170.640
After sweep 90 energy=-88.34757125623473  maxlinkdim=1000 maxerr=5.85E-07 time=166.783
After sweep 91 energy=-88.34784851664665  maxlinkdim=1000 maxerr=4.93E-07 time=166.786
After sweep 92 energy=-88.34801289658657  maxlinkdim=1000 maxerr=4.50E-07 time=173.581
After sweep 93 energy=-88.3480935713502  maxlinkdim=1000 maxerr=4.42E-07 time=173.995
After sweep 94 energy=-88.34812988316921  maxlinkdim=1000 maxerr=4.29E-07 time=177.742
After sweep 95 energy=-88.34814626188317  maxlinkdim=1000 maxerr=4.23E-07 time=177.988
After sweep 96 energy=-88.34815378241102  maxlinkdim=1000 maxerr=4.26E-07 time=185.962
After sweep 97 energy=-88.34815734847652  maxlinkdim=1000 maxerr=4.28E-07 time=189.919
After sweep 98 energy=-88.34815915021824  maxlinkdim=1000 maxerr=4.30E-07 time=192.883
After sweep 99 energy=-88.34816004177003  maxlinkdim=1000 maxerr=4.32E-07 time=188.656
After sweep 100 energy=-88.34816045627261  maxlinkdim=1000 maxerr=4.32E-07 time=183.786
  E(N-2) = -88.34816045627261

[2/3] Computing E(N-1=119)
  Initial state: 119 particles (60 up, 59 dn)
After sweep 1 energy=-71.92219216310626  maxlinkdim=20 maxerr=5.69E-04 time=9.684
After sweep 2 energy=-76.64261321721288  maxlinkdim=50 maxerr=7.62E-06 time=23.539
After sweep 3 energy=-79.19942455714255  maxlinkdim=100 maxerr=4.37E-07 time=36.969
After sweep 4 energy=-80.25048717451315  maxlinkdim=200 maxerr=3.05E-08 time=57.779
After sweep 5 energy=-82.15493612234577  maxlinkdim=755 maxerr=1.00E-10 time=64.540
After sweep 6 energy=-83.1278147593898  maxlinkdim=1000 maxerr=2.24E-10 time=81.414
After sweep 7 energy=-83.80340761931596  maxlinkdim=1000 maxerr=1.41E-09 time=91.268
After sweep 8 energy=-84.30559014906373  maxlinkdim=1000 maxerr=4.23E-09 time=95.233
After sweep 9 energy=-84.62815119756218  maxlinkdim=1000 maxerr=6.15E-09 time=95.442
After sweep 10 energy=-84.85524313947768  maxlinkdim=1000 maxerr=7.38E-09 time=103.175
After sweep 11 energy=-85.04765949472198  maxlinkdim=1000 maxerr=9.66E-09 time=110.732
After sweep 12 energy=-85.24061214634759  maxlinkdim=1000 maxerr=1.73E-08 time=118.728
After sweep 13 energy=-85.40222496784074  maxlinkdim=1000 maxerr=3.12E-08 time=113.958
After sweep 14 energy=-85.54507954779834  maxlinkdim=1000 maxerr=4.38E-08 time=113.970
After sweep 15 energy=-85.66857586691098  maxlinkdim=1000 maxerr=6.16E-08 time=116.234
After sweep 16 energy=-85.7820076557511  maxlinkdim=1000 maxerr=7.85E-08 time=122.716
After sweep 17 energy=-85.85993272047757  maxlinkdim=1000 maxerr=7.22E-08 time=129.295
After sweep 18 energy=-85.93586136124505  maxlinkdim=1000 maxerr=1.04E-07 time=124.194
After sweep 19 energy=-86.00475710447799  maxlinkdim=1000 maxerr=1.54E-07 time=131.423
After sweep 20 energy=-86.06882641557799  maxlinkdim=1000 maxerr=2.20E-07 time=133.212
After sweep 21 energy=-86.10902333220889  maxlinkdim=1000 maxerr=5.59E-08 time=147.412
After sweep 22 energy=-86.14163330495833  maxlinkdim=1000 maxerr=4.93E-08 time=151.110
After sweep 23 energy=-86.17287910165969  maxlinkdim=1000 maxerr=5.55E-08 time=148.910
After sweep 24 energy=-86.20738670642542  maxlinkdim=1000 maxerr=3.98E-07 time=157.172
After sweep 25 energy=-86.23670503325104  maxlinkdim=1000 maxerr=5.18E-08 time=156.861
After sweep 26 energy=-86.25845863871669  maxlinkdim=1000 maxerr=3.83E-08 time=158.092
After sweep 27 energy=-86.27769995583573  maxlinkdim=1000 maxerr=4.47E-08 time=159.354
After sweep 28 energy=-86.2970595729481  maxlinkdim=1000 maxerr=2.13E-07 time=160.019
After sweep 29 energy=-86.3159298536723  maxlinkdim=1000 maxerr=3.28E-07 time=164.112
After sweep 30 energy=-86.3314261907216  maxlinkdim=1000 maxerr=4.37E-07 time=169.316
After sweep 31 energy=-86.34277474556391  maxlinkdim=1000 maxerr=5.31E-08 time=169.223
After sweep 32 energy=-86.36303632457887  maxlinkdim=1000 maxerr=8.09E-07 time=169.955
After sweep 33 energy=-86.37967718781454  maxlinkdim=1000 maxerr=1.15E-07 time=176.636
After sweep 34 energy=-86.39441672695997  maxlinkdim=1000 maxerr=3.69E-07 time=174.671
After sweep 35 energy=-86.40626342413347  maxlinkdim=1000 maxerr=1.18E-07 time=182.123
After sweep 36 energy=-86.4157044878362  maxlinkdim=1000 maxerr=6.02E-08 time=182.875
After sweep 37 energy=-86.42415450854125  maxlinkdim=1000 maxerr=1.02E-07 time=176.808
After sweep 38 energy=-86.43347105158077  maxlinkdim=1000 maxerr=1.57E-07 time=180.050
After sweep 39 energy=-86.44165301795398  maxlinkdim=1000 maxerr=1.34E-07 time=184.802
After sweep 40 energy=-86.44896314344153  maxlinkdim=1000 maxerr=1.13E-07 time=182.198
After sweep 41 energy=-86.456533550709  maxlinkdim=1000 maxerr=1.32E-07 time=179.279
After sweep 42 energy=-86.46597557326251  maxlinkdim=1000 maxerr=3.16E-07 time=168.262
After sweep 43 energy=-86.47772262654455  maxlinkdim=1000 maxerr=3.88E-07 time=167.487
After sweep 44 energy=-86.4879954921428  maxlinkdim=1000 maxerr=4.45E-07 time=174.588
After sweep 45 energy=-86.49648485548644  maxlinkdim=1000 maxerr=1.51E-07 time=175.551
After sweep 46 energy=-86.50419901843816  maxlinkdim=1000 maxerr=1.38E-07 time=173.307
After sweep 47 energy=-86.51116609613138  maxlinkdim=1000 maxerr=1.86E-07 time=175.650
After sweep 48 energy=-86.5171136517952  maxlinkdim=1000 maxerr=8.90E-08 time=183.653
After sweep 49 energy=-86.52216749730593  maxlinkdim=1000 maxerr=1.05E-07 time=176.977
After sweep 50 energy=-86.52871833915202  maxlinkdim=1000 maxerr=3.56E-07 time=175.863
After sweep 51 energy=-86.53465135600489  maxlinkdim=1000 maxerr=4.59E-07 time=174.491
After sweep 52 energy=-86.53946426912756  maxlinkdim=1000 maxerr=1.62E-07 time=181.253
After sweep 53 energy=-86.54354018424722  maxlinkdim=1000 maxerr=7.55E-08 time=182.006
After sweep 54 energy=-86.54759622756212  maxlinkdim=1000 maxerr=3.57E-07 time=174.936
After sweep 55 energy=-86.55380639746154  maxlinkdim=1000 maxerr=1.98E-06 time=168.764
After sweep 56 energy=-86.558862024761  maxlinkdim=1000 maxerr=2.29E-06 time=169.044
After sweep 57 energy=-86.56239632001318  maxlinkdim=1000 maxerr=2.24E-07 time=165.008
After sweep 58 energy=-86.56612054706017  maxlinkdim=1000 maxerr=7.32E-07 time=165.217
After sweep 59 energy=-86.57046621726971  maxlinkdim=1000 maxerr=1.77E-06 time=167.774
After sweep 60 energy=-86.5755719801632  maxlinkdim=1000 maxerr=1.55E-06 time=169.924
After sweep 61 energy=-86.57967317123703  maxlinkdim=1000 maxerr=1.99E-06 time=169.921
After sweep 62 energy=-86.58376796896881  maxlinkdim=1000 maxerr=1.52E-06 time=167.645
After sweep 63 energy=-86.58703370272116  maxlinkdim=1000 maxerr=1.63E-06 time=166.836
After sweep 64 energy=-86.58973493131498  maxlinkdim=1000 maxerr=4.59E-07 time=166.033
After sweep 65 energy=-86.59215574474683  maxlinkdim=1000 maxerr=5.33E-07 time=164.398
After sweep 66 energy=-86.59416601338296  maxlinkdim=1000 maxerr=6.11E-07 time=167.420
After sweep 67 energy=-86.59577641091263  maxlinkdim=1000 maxerr=5.22E-07 time=164.871
After sweep 68 energy=-86.597076679755  maxlinkdim=1000 maxerr=4.98E-07 time=168.896
After sweep 69 energy=-86.59816030670625  maxlinkdim=1000 maxerr=4.73E-07 time=169.098
After sweep 70 energy=-86.59910199643974  maxlinkdim=1000 maxerr=5.07E-07 time=171.836
After sweep 71 energy=-86.59978013998975  maxlinkdim=1000 maxerr=4.30E-07 time=171.623
After sweep 72 energy=-86.6002626760785  maxlinkdim=1000 maxerr=5.44E-07 time=169.682
After sweep 73 energy=-86.60060519784216  maxlinkdim=1000 maxerr=4.81E-07 time=168.488
After sweep 74 energy=-86.60085641197313  maxlinkdim=1000 maxerr=4.53E-07 time=173.623
After sweep 75 energy=-86.60102323472822  maxlinkdim=1000 maxerr=3.94E-07 time=171.630
After sweep 76 energy=-86.60111699382142  maxlinkdim=1000 maxerr=3.63E-07 time=173.828
After sweep 77 energy=-86.60117540587015  maxlinkdim=1000 maxerr=3.45E-07 time=178.789
After sweep 78 energy=-86.6012151639042  maxlinkdim=1000 maxerr=3.44E-07 time=177.488
After sweep 79 energy=-86.6012423788654  maxlinkdim=1000 maxerr=3.44E-07 time=173.149
After sweep 80 energy=-86.60126298016587  maxlinkdim=1000 maxerr=3.46E-07 time=168.080
After sweep 81 energy=-86.60127904664081  maxlinkdim=1000 maxerr=3.47E-07 time=168.697
After sweep 82 energy=-86.60129220230073  maxlinkdim=1000 maxerr=3.49E-07 time=163.054
After sweep 83 energy=-86.60130291709528  maxlinkdim=1000 maxerr=3.51E-07 time=166.289
After sweep 84 energy=-86.6013121122777  maxlinkdim=1000 maxerr=3.52E-07 time=165.609
After sweep 85 energy=-86.6013200473071  maxlinkdim=1000 maxerr=3.54E-07 time=165.284
After sweep 86 energy=-86.6013268248413  maxlinkdim=1000 maxerr=3.55E-07 time=177.012
After sweep 87 energy=-86.60133248615209  maxlinkdim=1000 maxerr=3.56E-07 time=176.806
After sweep 88 energy=-86.60133754741184  maxlinkdim=1000 maxerr=3.57E-07 time=170.218
After sweep 89 energy=-86.60134174508306  maxlinkdim=1000 maxerr=3.58E-07 time=174.343
After sweep 90 energy=-86.60134546368258  maxlinkdim=1000 maxerr=3.58E-07 time=172.584
After sweep 91 energy=-86.60134870508568  maxlinkdim=1000 maxerr=3.59E-07 time=172.838
After sweep 92 energy=-86.60135155371063  maxlinkdim=1000 maxerr=3.59E-07 time=175.132
After sweep 93 energy=-86.60135389439694  maxlinkdim=1000 maxerr=3.59E-07 time=176.727
After sweep 94 energy=-86.60135597743735  maxlinkdim=1000 maxerr=3.59E-07 time=183.078
After sweep 95 energy=-86.60135787517066  maxlinkdim=1000 maxerr=3.59E-07 time=185.494
After sweep 96 energy=-86.60135947271118  maxlinkdim=1000 maxerr=3.59E-07 time=182.238
After sweep 97 energy=-86.60136083577595  maxlinkdim=1000 maxerr=3.59E-07 time=184.448
After sweep 98 energy=-86.6013621212584  maxlinkdim=1000 maxerr=3.59E-07 time=187.511
After sweep 99 energy=-86.60136322667249  maxlinkdim=1000 maxerr=3.59E-07 time=180.455
After sweep 100 energy=-86.60136411219072  maxlinkdim=1000 maxerr=3.59E-07 time=176.183
  E(N-1) = -86.60136411219072

[3/3] Computing E(N=120)
  Initial state: 120 particles (60 up, 60 dn)
After sweep 1 energy=-72.68523721629391  maxlinkdim=20 maxerr=4.51E-04 time=9.072
After sweep 2 energy=-79.21059520975021  maxlinkdim=50 maxerr=4.69E-05 time=21.295
After sweep 3 energy=-81.26248364724474  maxlinkdim=100 maxerr=6.73E-06 time=33.061
After sweep 4 energy=-82.13081320460823  maxlinkdim=200 maxerr=5.49E-07 time=54.612
After sweep 5 energy=-82.74653827583379  maxlinkdim=1000 maxerr=1.39E-10 time=66.742
After sweep 6 energy=-83.13952891427967  maxlinkdim=1000 maxerr=2.29E-09 time=86.092
After sweep 7 energy=-83.41878691640666  maxlinkdim=1000 maxerr=4.52E-09 time=97.793
After sweep 8 energy=-83.69583499480677  maxlinkdim=1000 maxerr=1.42E-08 time=102.723
After sweep 9 energy=-83.88379621590036  maxlinkdim=1000 maxerr=1.94E-08 time=111.780
After sweep 10 energy=-84.02859167010564  maxlinkdim=1000 maxerr=3.01E-08 time=114.592
After sweep 11 energy=-84.15213933265  maxlinkdim=1000 maxerr=4.21E-08 time=118.636
After sweep 12 energy=-84.24824840293576  maxlinkdim=1000 maxerr=4.02E-08 time=118.169
After sweep 13 energy=-84.33521055490928  maxlinkdim=1000 maxerr=4.65E-08 time=122.569
After sweep 14 energy=-84.4040763526481  maxlinkdim=1000 maxerr=3.78E-08 time=125.815
After sweep 15 energy=-84.46755539345591  maxlinkdim=1000 maxerr=5.34E-08 time=129.268
After sweep 16 energy=-84.52051564858299  maxlinkdim=1000 maxerr=5.94E-08 time=133.489
After sweep 17 energy=-84.56644125901235  maxlinkdim=1000 maxerr=4.39E-08 time=144.504
After sweep 18 energy=-84.60468969916187  maxlinkdim=1000 maxerr=5.15E-08 time=139.623
After sweep 19 energy=-84.64262396802394  maxlinkdim=1000 maxerr=1.03E-07 time=145.417
After sweep 20 energy=-84.68102601356772  maxlinkdim=1000 maxerr=1.92E-07 time=151.530
After sweep 21 energy=-84.7122411626293  maxlinkdim=1000 maxerr=1.54E-07 time=154.065
After sweep 22 energy=-84.73930258484323  maxlinkdim=1000 maxerr=9.60E-08 time=158.876
After sweep 23 energy=-84.76345704010049  maxlinkdim=1000 maxerr=1.53E-07 time=162.442
After sweep 24 energy=-84.78429251226413  maxlinkdim=1000 maxerr=1.07E-07 time=166.700
After sweep 25 energy=-84.81105685618682  maxlinkdim=1000 maxerr=6.00E-06 time=166.700
After sweep 26 energy=-84.82647049258122  maxlinkdim=1000 maxerr=8.54E-08 time=171.532
After sweep 27 energy=-84.83944517178391  maxlinkdim=1000 maxerr=8.80E-08 time=175.480
After sweep 28 energy=-84.8500720900191  maxlinkdim=1000 maxerr=1.11E-07 time=175.798
After sweep 29 energy=-84.85999644224016  maxlinkdim=1000 maxerr=1.15E-07 time=178.021
After sweep 30 energy=-84.8699917680821  maxlinkdim=1000 maxerr=1.33E-07 time=178.595
After sweep 31 energy=-84.88025031175687  maxlinkdim=1000 maxerr=3.80E-07 time=180.713
After sweep 32 energy=-84.88999539235695  maxlinkdim=1000 maxerr=3.12E-07 time=185.533
After sweep 33 energy=-84.89919408883421  maxlinkdim=1000 maxerr=5.78E-07 time=187.006
After sweep 34 energy=-84.9082232738866  maxlinkdim=1000 maxerr=9.71E-07 time=177.904
After sweep 35 energy=-84.91642557844719  maxlinkdim=1000 maxerr=5.21E-07 time=177.141
After sweep 36 energy=-84.92383669864208  maxlinkdim=1000 maxerr=7.39E-07 time=177.171
After sweep 37 energy=-84.9302483425719  maxlinkdim=1000 maxerr=3.56E-07 time=177.502
After sweep 38 energy=-84.93581980188792  maxlinkdim=1000 maxerr=5.80E-07 time=178.848
After sweep 39 energy=-84.94087343816722  maxlinkdim=1000 maxerr=1.69E-07 time=183.051
After sweep 40 energy=-84.94701030311201  maxlinkdim=1000 maxerr=3.53E-06 time=188.046
After sweep 41 energy=-84.95156999110927  maxlinkdim=1000 maxerr=6.63E-07 time=188.967
After sweep 42 energy=-84.95517218733202  maxlinkdim=1000 maxerr=1.07E-06 time=184.664
After sweep 43 energy=-84.95847531823969  maxlinkdim=1000 maxerr=8.47E-07 time=182.010
After sweep 44 energy=-84.96188436062869  maxlinkdim=1000 maxerr=4.63E-07 time=182.908
After sweep 45 energy=-84.96559040808769  maxlinkdim=1000 maxerr=1.54E-06 time=185.008
After sweep 46 energy=-84.96944216409932  maxlinkdim=1000 maxerr=8.16E-07 time=181.579
After sweep 47 energy=-84.97256393558376  maxlinkdim=1000 maxerr=7.17E-07 time=171.490
After sweep 48 energy=-84.97576156889994  maxlinkdim=1000 maxerr=4.79E-07 time=169.653
After sweep 49 energy=-84.97883998745716  maxlinkdim=1000 maxerr=7.41E-07 time=171.007
After sweep 50 energy=-84.98171382524987  maxlinkdim=1000 maxerr=4.75E-07 time=171.475
After sweep 51 energy=-84.98432740393751  maxlinkdim=1000 maxerr=5.88E-07 time=181.196
After sweep 52 energy=-84.98685307302421  maxlinkdim=1000 maxerr=5.36E-07 time=176.888
After sweep 53 energy=-84.98939081776666  maxlinkdim=1000 maxerr=6.82E-07 time=180.334
After sweep 54 energy=-84.99140962874472  maxlinkdim=1000 maxerr=4.75E-07 time=177.164
After sweep 55 energy=-84.99318825205728  maxlinkdim=1000 maxerr=4.71E-07 time=178.873
After sweep 56 energy=-84.99465482532858  maxlinkdim=1000 maxerr=4.51E-07 time=180.453
After sweep 57 energy=-84.99593403326138  maxlinkdim=1000 maxerr=4.87E-07 time=176.305
After sweep 58 energy=-84.99703764140382  maxlinkdim=1000 maxerr=4.33E-07 time=177.193
After sweep 59 energy=-84.99801720004145  maxlinkdim=1000 maxerr=3.89E-07 time=172.531
After sweep 60 energy=-84.99885474968269  maxlinkdim=1000 maxerr=4.99E-07 time=172.510
After sweep 61 energy=-84.99946234263753  maxlinkdim=1000 maxerr=4.49E-07 time=174.611
After sweep 62 energy=-84.99995520014467  maxlinkdim=1000 maxerr=3.95E-07 time=176.239
After sweep 63 energy=-85.00035119111669  maxlinkdim=1000 maxerr=4.12E-07 time=175.286
After sweep 64 energy=-85.00064498745422  maxlinkdim=1000 maxerr=3.87E-07 time=173.205
After sweep 65 energy=-85.00083286486934  maxlinkdim=1000 maxerr=4.14E-07 time=170.775
After sweep 66 energy=-85.00095756213445  maxlinkdim=1000 maxerr=3.45E-07 time=173.455
After sweep 67 energy=-85.00102649407283  maxlinkdim=1000 maxerr=3.27E-07 time=174.972
After sweep 68 energy=-85.00106335797638  maxlinkdim=1000 maxerr=3.08E-07 time=173.104
After sweep 69 energy=-85.00108274666242  maxlinkdim=1000 maxerr=2.99E-07 time=174.377
After sweep 70 energy=-85.00109261677215  maxlinkdim=1000 maxerr=2.99E-07 time=179.738
After sweep 71 energy=-85.00109791018797  maxlinkdim=1000 maxerr=3.01E-07 time=176.502
After sweep 72 energy=-85.00110108981279  maxlinkdim=1000 maxerr=3.02E-07 time=178.213
After sweep 73 energy=-85.00110254609473  maxlinkdim=1000 maxerr=3.02E-07 time=176.960
After sweep 74 energy=-85.00110344977045  maxlinkdim=1000 maxerr=3.03E-07 time=181.065
After sweep 75 energy=-85.00110407091637  maxlinkdim=1000 maxerr=3.03E-07 time=178.420
After sweep 76 energy=-85.00110455793846  maxlinkdim=1000 maxerr=3.03E-07 time=181.671
After sweep 77 energy=-85.001104731379  maxlinkdim=1000 maxerr=3.03E-07 time=177.884
After sweep 78 energy=-85.00110491488596  maxlinkdim=1000 maxerr=3.03E-07 time=171.588
After sweep 79 energy=-85.0011049419293  maxlinkdim=1000 maxerr=3.04E-07 time=176.712
After sweep 80 energy=-85.00110502220899  maxlinkdim=1000 maxerr=3.04E-07 time=176.962
After sweep 81 energy=-85.00110507560714  maxlinkdim=1000 maxerr=3.04E-07 time=183.848
After sweep 82 energy=-85.00110502440305  maxlinkdim=1000 maxerr=3.05E-07 time=182.960
After sweep 83 energy=-85.00110508179104  maxlinkdim=1000 maxerr=3.05E-07 time=173.674
After sweep 84 energy=-85.00110505017966  maxlinkdim=1000 maxerr=3.05E-07 time=185.028
After sweep 85 energy=-85.00110512134023  maxlinkdim=1000 maxerr=3.05E-07 time=185.675
After sweep 86 energy=-85.00110519023104  maxlinkdim=1000 maxerr=3.05E-07 time=184.577
After sweep 87 energy=-85.00110515055005  maxlinkdim=1000 maxerr=3.05E-07 time=176.979
After sweep 88 energy=-85.00110522868204  maxlinkdim=1000 maxerr=3.04E-07 time=182.634
After sweep 89 energy=-85.00110522591766  maxlinkdim=1000 maxerr=3.04E-07 time=182.349
After sweep 90 energy=-85.00110525769105  maxlinkdim=1000 maxerr=3.04E-07 time=177.741
After sweep 91 energy=-85.00110529355933  maxlinkdim=1000 maxerr=3.04E-07 time=178.652
After sweep 92 energy=-85.0011053141281  maxlinkdim=1000 maxerr=3.04E-07 time=180.148
After sweep 93 energy=-85.00110534882127  maxlinkdim=1000 maxerr=3.04E-07 time=178.974
After sweep 94 energy=-85.00110535216953  maxlinkdim=1000 maxerr=3.04E-07 time=177.334
After sweep 95 energy=-85.00110536712681  maxlinkdim=1000 maxerr=3.05E-07 time=177.297
After sweep 96 energy=-85.00110534796241  maxlinkdim=1000 maxerr=3.05E-07 time=177.588
After sweep 97 energy=-85.00110538594092  maxlinkdim=1000 maxerr=3.05E-07 time=176.298
After sweep 98 energy=-85.00110543460114  maxlinkdim=1000 maxerr=3.05E-07 time=174.855
After sweep 99 energy=-85.00110548777266  maxlinkdim=1000 maxerr=3.05E-07 time=175.525
After sweep 100 energy=-85.00110549902801  maxlinkdim=1000 maxerr=3.05E-07 time=177.217
  E(N) = -85.00110549902801

============================================================
RESULTS:
  E(118) = -88.34816045627261
  E(119) = -86.60136411219072
  E(120)     = -85.00110549902801
  E_p = -0.14653773  (attractive hole pairing)
============================================================
RESULT: E_p = -0.14653773091916378
