Calculating pair binding energy for ladder
L=64, U=8.0, V=1.0, t0=1.0, density=0.9375
============================================================
Pair binding energy for Hubbard ladder
L = 64 rungs, 128 sites
U = 8.0, V = 1.0, t = 1.0, t0 = 1.0, density = 0.9375
N_base = 120
============================================================

[1/3] Computing E(N-2=118)
  Initial state: 118 particles (59 up, 59 dn)
After sweep 1 energy=129.89116649568035  maxlinkdim=20 maxerr=3.71E-04 time=48.057
After sweep 2 energy=115.23605064572769  maxlinkdim=50 maxerr=6.17E-05 time=29.459
After sweep 3 energy=105.21795190613804  maxlinkdim=100 maxerr=1.30E-05 time=44.268
After sweep 4 energy=99.64704454610732  maxlinkdim=200 maxerr=1.09E-07 time=62.611
After sweep 5 energy=95.69406810126242  maxlinkdim=843 maxerr=1.00E-10 time=82.181
After sweep 6 energy=93.0089046177531  maxlinkdim=1000 maxerr=1.03E-08 time=124.950
After sweep 7 energy=91.03882312638562  maxlinkdim=1000 maxerr=5.18E-08 time=138.709
After sweep 8 energy=90.12526635152383  maxlinkdim=1000 maxerr=5.58E-08 time=142.995
After sweep 9 energy=89.03919638180254  maxlinkdim=1000 maxerr=3.13E-07 time=149.688
After sweep 10 energy=88.37635675024612  maxlinkdim=1000 maxerr=1.31E-07 time=159.491
After sweep 11 energy=87.82060730180845  maxlinkdim=1000 maxerr=1.43E-07 time=171.986
After sweep 12 energy=87.41427657656452  maxlinkdim=1000 maxerr=1.06E-07 time=175.009
After sweep 13 energy=87.0812432721073  maxlinkdim=1000 maxerr=9.91E-08 time=184.930
After sweep 14 energy=86.76518800899001  maxlinkdim=1000 maxerr=8.90E-08 time=192.082
After sweep 15 energy=86.52688113373266  maxlinkdim=1000 maxerr=9.54E-08 time=199.420
After sweep 16 energy=86.2507976882106  maxlinkdim=1000 maxerr=2.72E-07 time=201.153
After sweep 17 energy=85.98583277216017  maxlinkdim=1000 maxerr=4.83E-07 time=207.142
After sweep 18 energy=85.80027079988554  maxlinkdim=1000 maxerr=1.98E-07 time=208.707
After sweep 19 energy=85.64840490872606  maxlinkdim=1000 maxerr=1.62E-07 time=212.026
After sweep 20 energy=85.48712203963137  maxlinkdim=1000 maxerr=3.62E-07 time=213.498
After sweep 21 energy=85.35225008361057  maxlinkdim=1000 maxerr=2.89E-07 time=206.606
After sweep 22 energy=85.18891181104976  maxlinkdim=1000 maxerr=1.79E-06 time=205.556
After sweep 23 energy=85.01548284464033  maxlinkdim=1000 maxerr=1.70E-05 time=209.262
After sweep 24 energy=84.88059887988318  maxlinkdim=1000 maxerr=5.77E-06 time=206.595
After sweep 25 energy=84.7777890586441  maxlinkdim=1000 maxerr=1.79E-06 time=204.357
After sweep 26 energy=84.68098978437615  maxlinkdim=1000 maxerr=2.00E-06 time=212.721
After sweep 27 energy=84.59058677114639  maxlinkdim=1000 maxerr=1.61E-05 time=202.219
After sweep 28 energy=84.50307789295903  maxlinkdim=1000 maxerr=1.36E-05 time=201.768
After sweep 29 energy=84.42698311303  maxlinkdim=1000 maxerr=2.09E-05 time=196.899
After sweep 30 energy=84.35482428277233  maxlinkdim=1000 maxerr=5.68E-06 time=200.722
After sweep 31 energy=84.29635549693877  maxlinkdim=1000 maxerr=2.20E-06 time=214.620
After sweep 32 energy=84.24098596597128  maxlinkdim=1000 maxerr=9.46E-06 time=216.565
After sweep 33 energy=84.18920182896551  maxlinkdim=1000 maxerr=5.78E-06 time=216.431
After sweep 34 energy=84.14158580897846  maxlinkdim=1000 maxerr=5.39E-06 time=219.939
After sweep 35 energy=84.09538028013449  maxlinkdim=1000 maxerr=4.41E-06 time=220.904
After sweep 36 energy=84.05073735452086  maxlinkdim=1000 maxerr=5.68E-06 time=218.598
After sweep 37 energy=84.00527218786213  maxlinkdim=1000 maxerr=4.61E-06 time=215.077
After sweep 38 energy=83.96453248291907  maxlinkdim=1000 maxerr=1.02E-05 time=218.033
After sweep 39 energy=83.92669488326094  maxlinkdim=1000 maxerr=1.83E-05 time=215.625
After sweep 40 energy=83.89101895078576  maxlinkdim=1000 maxerr=1.46E-05 time=220.832
After sweep 41 energy=83.85513358825281  maxlinkdim=1000 maxerr=1.16E-05 time=214.384
After sweep 42 energy=83.82683961284653  maxlinkdim=1000 maxerr=1.33E-05 time=220.243
After sweep 43 energy=83.7568875207951  maxlinkdim=1000 maxerr=1.06E-05 time=222.735
After sweep 44 energy=83.70293826626907  maxlinkdim=1000 maxerr=1.16E-05 time=224.236
After sweep 45 energy=83.67027514663309  maxlinkdim=1000 maxerr=1.52E-05 time=227.962
After sweep 46 energy=83.64383178877902  maxlinkdim=1000 maxerr=2.06E-05 time=225.506
After sweep 47 energy=83.62293837580455  maxlinkdim=1000 maxerr=1.48E-05 time=214.432
After sweep 48 energy=83.60672765947201  maxlinkdim=1000 maxerr=1.21E-05 time=208.444
After sweep 49 energy=83.58489617872081  maxlinkdim=1000 maxerr=1.52E-05 time=207.859
After sweep 50 energy=83.56316196295845  maxlinkdim=1000 maxerr=1.37E-05 time=207.351
After sweep 51 energy=83.54995340494582  maxlinkdim=1000 maxerr=1.39E-05 time=219.341
After sweep 52 energy=83.54377877863907  maxlinkdim=1000 maxerr=1.25E-05 time=217.257
After sweep 53 energy=83.54046337991736  maxlinkdim=1000 maxerr=1.19E-05 time=215.173
After sweep 54 energy=83.53888014569235  maxlinkdim=1000 maxerr=1.14E-05 time=215.010
After sweep 55 energy=83.53812727379957  maxlinkdim=1000 maxerr=1.05E-05 time=209.313
After sweep 56 energy=83.53774927754012  maxlinkdim=1000 maxerr=1.04E-05 time=208.231
After sweep 57 energy=83.53755528467963  maxlinkdim=1000 maxerr=1.02E-05 time=217.013
After sweep 58 energy=83.53745519925288  maxlinkdim=1000 maxerr=1.03E-05 time=215.888
After sweep 59 energy=83.53740756660868  maxlinkdim=1000 maxerr=1.02E-05 time=215.893
After sweep 60 energy=83.53738159873315  maxlinkdim=1000 maxerr=1.02E-05 time=217.530
After sweep 61 energy=83.5373611648966  maxlinkdim=1000 maxerr=1.01E-05 time=214.696
After sweep 62 energy=83.5373538796724  maxlinkdim=1000 maxerr=1.01E-05 time=212.844
After sweep 63 energy=83.53734411203827  maxlinkdim=1000 maxerr=1.01E-05 time=209.426
After sweep 64 energy=83.53734181528164  maxlinkdim=1000 maxerr=1.01E-05 time=211.702
After sweep 65 energy=83.53733803012965  maxlinkdim=1000 maxerr=1.01E-05 time=210.837
After sweep 66 energy=83.53733349658022  maxlinkdim=1000 maxerr=1.01E-05 time=213.544
After sweep 67 energy=83.53733357765125  maxlinkdim=1000 maxerr=1.01E-05 time=213.828
After sweep 68 energy=83.53733172160356  maxlinkdim=1000 maxerr=1.01E-05 time=216.433
After sweep 69 energy=83.53733271543113  maxlinkdim=1000 maxerr=1.01E-05 time=214.199
After sweep 70 energy=83.53732956820086  maxlinkdim=1000 maxerr=1.01E-05 time=217.561
After sweep 71 energy=83.53733035812638  maxlinkdim=1000 maxerr=1.01E-05 time=224.557
After sweep 72 energy=83.53733035293625  maxlinkdim=1000 maxerr=1.01E-05 time=217.387
After sweep 73 energy=83.53732955074898  maxlinkdim=1000 maxerr=1.01E-05 time=223.281
After sweep 74 energy=83.53732888281333  maxlinkdim=1000 maxerr=1.01E-05 time=218.763
After sweep 75 energy=83.53732899755867  maxlinkdim=1000 maxerr=1.01E-05 time=212.787
After sweep 76 energy=83.53732732226737  maxlinkdim=1000 maxerr=1.01E-05 time=216.449
After sweep 77 energy=83.53732797397888  maxlinkdim=1000 maxerr=1.01E-05 time=216.611
After sweep 78 energy=83.53732690799167  maxlinkdim=1000 maxerr=1.01E-05 time=214.739
After sweep 79 energy=83.53732685031329  maxlinkdim=1000 maxerr=1.01E-05 time=216.428
After sweep 80 energy=83.53732788095003  maxlinkdim=1000 maxerr=1.01E-05 time=219.239
After sweep 81 energy=83.53732707262779  maxlinkdim=1000 maxerr=1.01E-05 time=222.744
After sweep 82 energy=83.53732788856698  maxlinkdim=1000 maxerr=1.01E-05 time=221.679
After sweep 83 energy=83.53732500137171  maxlinkdim=1000 maxerr=1.01E-05 time=214.223
After sweep 84 energy=83.53732533817376  maxlinkdim=1000 maxerr=1.01E-05 time=215.266
After sweep 85 energy=83.5373244584482  maxlinkdim=1000 maxerr=1.01E-05 time=212.004
After sweep 86 energy=83.53732406112034  maxlinkdim=1000 maxerr=1.01E-05 time=214.277
After sweep 87 energy=83.53732408859318  maxlinkdim=1000 maxerr=1.01E-05 time=217.752
After sweep 88 energy=83.53732372014488  maxlinkdim=1000 maxerr=1.01E-05 time=215.577
After sweep 89 energy=83.5373234699953  maxlinkdim=1000 maxerr=1.01E-05 time=216.346
After sweep 90 energy=83.53732342832616  maxlinkdim=1000 maxerr=1.01E-05 time=220.849
After sweep 91 energy=83.53732327976417  maxlinkdim=1000 maxerr=1.01E-05 time=221.715
After sweep 92 energy=83.5373227840552  maxlinkdim=1000 maxerr=1.01E-05 time=219.245
After sweep 93 energy=83.53732266049217  maxlinkdim=1000 maxerr=1.01E-05 time=220.016
After sweep 94 energy=83.53732292868277  maxlinkdim=1000 maxerr=1.01E-05 time=218.331
After sweep 95 energy=83.53732273175761  maxlinkdim=1000 maxerr=1.01E-05 time=211.832
After sweep 96 energy=83.53732304913228  maxlinkdim=1000 maxerr=1.01E-05 time=211.888
After sweep 97 energy=83.53732257488114  maxlinkdim=1000 maxerr=1.01E-05 time=216.546
After sweep 98 energy=83.53732253832652  maxlinkdim=1000 maxerr=1.01E-05 time=214.761
After sweep 99 energy=83.53732230390894  maxlinkdim=1000 maxerr=1.01E-05 time=214.008
After sweep 100 energy=83.53732212474146  maxlinkdim=1000 maxerr=1.01E-05 time=215.670
  E(N-2) = 83.53732212474146

[2/3] Computing E(N-1=119)
  Initial state: 119 particles (60 up, 59 dn)
After sweep 1 energy=130.11541069726914  maxlinkdim=20 maxerr=3.99E-04 time=11.707
After sweep 2 energy=116.29643213390895  maxlinkdim=50 maxerr=4.79E-05 time=24.262
After sweep 3 energy=106.17746484193096  maxlinkdim=100 maxerr=1.47E-05 time=35.319
After sweep 4 energy=101.71961096342532  maxlinkdim=200 maxerr=1.80E-07 time=59.076
After sweep 5 energy=98.15047012254537  maxlinkdim=935 maxerr=1.00E-10 time=81.541
After sweep 6 energy=95.5431110416848  maxlinkdim=1000 maxerr=3.12E-08 time=121.478
After sweep 7 energy=94.48901398261734  maxlinkdim=1000 maxerr=3.39E-08 time=138.020
After sweep 8 energy=93.77799124973288  maxlinkdim=1000 maxerr=4.21E-08 time=142.265
After sweep 9 energy=93.20160442846826  maxlinkdim=1000 maxerr=4.68E-08 time=149.966
After sweep 10 energy=92.60788340629801  maxlinkdim=1000 maxerr=5.82E-08 time=158.319
After sweep 11 energy=92.08967238745016  maxlinkdim=1000 maxerr=5.55E-08 time=162.350
After sweep 12 energy=91.72237630737611  maxlinkdim=1000 maxerr=5.39E-08 time=173.988
After sweep 13 energy=91.36846257931732  maxlinkdim=1000 maxerr=1.35E-07 time=178.970
After sweep 14 energy=91.05486367415689  maxlinkdim=1000 maxerr=1.84E-07 time=184.064
After sweep 15 energy=90.75919656962023  maxlinkdim=1000 maxerr=2.55E-07 time=198.439
After sweep 16 energy=90.44006882895515  maxlinkdim=1000 maxerr=5.78E-07 time=200.800
After sweep 17 energy=90.16240157222062  maxlinkdim=1000 maxerr=7.63E-07 time=206.374
After sweep 18 energy=89.94815421078128  maxlinkdim=1000 maxerr=7.95E-07 time=204.398
After sweep 19 energy=89.80432331208394  maxlinkdim=1000 maxerr=5.08E-07 time=204.001
After sweep 20 energy=89.68978693186708  maxlinkdim=1000 maxerr=3.51E-07 time=204.667
After sweep 21 energy=89.58301591156837  maxlinkdim=1000 maxerr=2.57E-07 time=209.250
After sweep 22 energy=89.48940703020877  maxlinkdim=1000 maxerr=2.95E-07 time=207.174
After sweep 23 energy=89.39631306735217  maxlinkdim=1000 maxerr=3.55E-07 time=206.132
After sweep 24 energy=89.31512793338885  maxlinkdim=1000 maxerr=1.84E-06 time=204.049
After sweep 25 energy=89.23586492997882  maxlinkdim=1000 maxerr=6.44E-07 time=208.798
After sweep 26 energy=89.16258302072106  maxlinkdim=1000 maxerr=6.58E-06 time=206.328
After sweep 27 energy=89.09331313635232  maxlinkdim=1000 maxerr=2.29E-06 time=208.276
After sweep 28 energy=89.02322714291553  maxlinkdim=1000 maxerr=4.66E-06 time=210.267
After sweep 29 energy=88.94425241835258  maxlinkdim=1000 maxerr=6.17E-06 time=211.289
After sweep 30 energy=88.8667250374907  maxlinkdim=1000 maxerr=5.36E-06 time=213.698
After sweep 31 energy=88.79947196725378  maxlinkdim=1000 maxerr=4.24E-06 time=215.315
After sweep 32 energy=88.7449716090557  maxlinkdim=1000 maxerr=6.73E-06 time=215.744
After sweep 33 energy=88.69288723652015  maxlinkdim=1000 maxerr=5.71E-06 time=214.306
After sweep 34 energy=88.65040609512812  maxlinkdim=1000 maxerr=1.07E-05 time=208.044
After sweep 35 energy=88.60490446044399  maxlinkdim=1000 maxerr=2.14E-05 time=206.507
After sweep 36 energy=88.56471807385383  maxlinkdim=1000 maxerr=1.51E-05 time=209.611
After sweep 37 energy=88.52626836539824  maxlinkdim=1000 maxerr=1.01E-05 time=211.895
After sweep 38 energy=88.49285969639911  maxlinkdim=1000 maxerr=1.24E-05 time=210.899
After sweep 39 energy=88.46198069595567  maxlinkdim=1000 maxerr=3.91E-06 time=210.766
After sweep 40 energy=88.43078385044392  maxlinkdim=1000 maxerr=1.04E-05 time=212.296
After sweep 41 energy=88.40167287669426  maxlinkdim=1000 maxerr=7.61E-06 time=214.776
After sweep 42 energy=88.37972371753415  maxlinkdim=1000 maxerr=8.50E-06 time=224.156
After sweep 43 energy=88.32802223270943  maxlinkdim=1000 maxerr=1.28E-05 time=220.610
After sweep 44 energy=88.28579103074638  maxlinkdim=1000 maxerr=1.56E-05 time=224.456
After sweep 45 energy=88.25712773849085  maxlinkdim=1000 maxerr=1.69E-05 time=224.614
After sweep 46 energy=88.2361462683419  maxlinkdim=1000 maxerr=1.99E-05 time=226.484
After sweep 47 energy=88.21935453164328  maxlinkdim=1000 maxerr=1.76E-05 time=213.559
After sweep 48 energy=88.20718169487718  maxlinkdim=1000 maxerr=1.79E-05 time=215.598
After sweep 49 energy=88.19870734144358  maxlinkdim=1000 maxerr=1.77E-05 time=216.627
After sweep 50 energy=88.19286561329463  maxlinkdim=1000 maxerr=1.49E-05 time=213.549
After sweep 51 energy=88.18928945066871  maxlinkdim=1000 maxerr=1.45E-05 time=216.833
After sweep 52 energy=88.187205455713  maxlinkdim=1000 maxerr=1.40E-05 time=210.598
After sweep 53 energy=88.18606083680343  maxlinkdim=1000 maxerr=1.37E-05 time=212.785
After sweep 54 energy=88.18538466969805  maxlinkdim=1000 maxerr=1.38E-05 time=211.927
After sweep 55 energy=88.18496532169421  maxlinkdim=1000 maxerr=1.39E-05 time=212.892
After sweep 56 energy=88.18470173955978  maxlinkdim=1000 maxerr=1.41E-05 time=215.220
After sweep 57 energy=88.18452347594398  maxlinkdim=1000 maxerr=1.42E-05 time=215.177
After sweep 58 energy=88.18440023415341  maxlinkdim=1000 maxerr=1.42E-05 time=215.265
After sweep 59 energy=88.18430900780291  maxlinkdim=1000 maxerr=1.43E-05 time=215.539
After sweep 60 energy=88.18424099118995  maxlinkdim=1000 maxerr=1.44E-05 time=214.679
After sweep 61 energy=88.18417941845213  maxlinkdim=1000 maxerr=1.44E-05 time=214.071
After sweep 62 energy=88.18413148121105  maxlinkdim=1000 maxerr=1.45E-05 time=213.279
After sweep 63 energy=88.18409935190981  maxlinkdim=1000 maxerr=1.45E-05 time=213.253
After sweep 64 energy=88.18406632478303  maxlinkdim=1000 maxerr=1.45E-05 time=215.909
After sweep 65 energy=88.18404482152816  maxlinkdim=1000 maxerr=1.45E-05 time=213.999
After sweep 66 energy=88.18402028043187  maxlinkdim=1000 maxerr=1.46E-05 time=214.081
After sweep 67 energy=88.1839996991528  maxlinkdim=1000 maxerr=1.46E-05 time=215.091
After sweep 68 energy=88.183983065664  maxlinkdim=1000 maxerr=1.46E-05 time=215.804
After sweep 69 energy=88.1839678197722  maxlinkdim=1000 maxerr=1.45E-05 time=217.752
After sweep 70 energy=88.1839518763193  maxlinkdim=1000 maxerr=1.45E-05 time=221.978
After sweep 71 energy=88.18393891157255  maxlinkdim=1000 maxerr=1.45E-05 time=221.938
After sweep 72 energy=88.18393122148777  maxlinkdim=1000 maxerr=1.45E-05 time=220.167
After sweep 73 energy=88.18391567368549  maxlinkdim=1000 maxerr=1.45E-05 time=220.380
After sweep 74 energy=88.18390789100386  maxlinkdim=1000 maxerr=1.45E-05 time=222.846
After sweep 75 energy=88.18390024130376  maxlinkdim=1000 maxerr=1.45E-05 time=218.274
After sweep 76 energy=88.18389112838258  maxlinkdim=1000 maxerr=1.45E-05 time=220.499
After sweep 77 energy=88.18388484268556  maxlinkdim=1000 maxerr=1.46E-05 time=221.339
After sweep 78 energy=88.18387566650408  maxlinkdim=1000 maxerr=1.46E-05 time=221.274
After sweep 79 energy=88.18387275661475  maxlinkdim=1000 maxerr=1.47E-05 time=223.355
After sweep 80 energy=88.18386669072724  maxlinkdim=1000 maxerr=1.47E-05 time=225.717
After sweep 81 energy=88.18385956549307  maxlinkdim=1000 maxerr=1.47E-05 time=225.911
After sweep 82 energy=88.18385202794515  maxlinkdim=1000 maxerr=1.48E-05 time=225.693
After sweep 83 energy=88.1838493322061  maxlinkdim=1000 maxerr=1.48E-05 time=221.657
After sweep 84 energy=88.18384501675203  maxlinkdim=1000 maxerr=1.48E-05 time=214.978
After sweep 85 energy=88.18384194724774  maxlinkdim=1000 maxerr=1.48E-05 time=213.305
After sweep 86 energy=88.18383725443003  maxlinkdim=1000 maxerr=1.49E-05 time=216.019
After sweep 87 energy=88.18383478861506  maxlinkdim=1000 maxerr=1.49E-05 time=215.681
After sweep 88 energy=88.18383323720124  maxlinkdim=1000 maxerr=1.49E-05 time=216.031
After sweep 89 energy=88.18382879137235  maxlinkdim=1000 maxerr=1.50E-05 time=216.692
After sweep 90 energy=88.18382639227178  maxlinkdim=1000 maxerr=1.50E-05 time=220.167
After sweep 91 energy=88.18382448271456  maxlinkdim=1000 maxerr=1.50E-05 time=215.459
After sweep 92 energy=88.18381951645449  maxlinkdim=1000 maxerr=1.50E-05 time=223.376
After sweep 93 energy=88.18381679010562  maxlinkdim=1000 maxerr=1.50E-05 time=219.763
After sweep 94 energy=88.18381634669811  maxlinkdim=1000 maxerr=1.51E-05 time=215.453
After sweep 95 energy=88.18381484940502  maxlinkdim=1000 maxerr=1.51E-05 time=214.765
After sweep 96 energy=88.18381126880146  maxlinkdim=1000 maxerr=1.51E-05 time=221.617
After sweep 97 energy=88.18380784651377  maxlinkdim=1000 maxerr=1.51E-05 time=218.567
After sweep 98 energy=88.18380837096282  maxlinkdim=1000 maxerr=1.51E-05 time=217.472
After sweep 99 energy=88.18380559892108  maxlinkdim=1000 maxerr=1.51E-05 time=218.113
After sweep 100 energy=88.183805482079  maxlinkdim=1000 maxerr=1.51E-05 time=219.164
  E(N-1) = 88.183805482079

[3/3] Computing E(N=120)
  Initial state: 120 particles (60 up, 60 dn)
After sweep 1 energy=132.68480909019004  maxlinkdim=20 maxerr=3.85E-04 time=11.543
After sweep 2 energy=117.04410901276181  maxlinkdim=50 maxerr=2.62E-05 time=23.877
After sweep 3 energy=107.89945939074596  maxlinkdim=100 maxerr=1.11E-05 time=35.235
After sweep 4 energy=103.7539709104864  maxlinkdim=200 maxerr=1.15E-06 time=55.547
After sweep 5 energy=101.53909915195374  maxlinkdim=906 maxerr=1.00E-10 time=78.214
After sweep 6 energy=98.72647881959463  maxlinkdim=1000 maxerr=1.29E-08 time=113.303
After sweep 7 energy=97.47175906789343  maxlinkdim=1000 maxerr=6.58E-08 time=133.130
After sweep 8 energy=96.97979275715679  maxlinkdim=1000 maxerr=1.51E-08 time=145.511
After sweep 9 energy=96.52982769962551  maxlinkdim=1000 maxerr=2.31E-08 time=140.707
After sweep 10 energy=96.00317403867524  maxlinkdim=1000 maxerr=5.95E-08 time=142.524
After sweep 11 energy=95.67720433240359  maxlinkdim=1000 maxerr=3.70E-08 time=150.434
After sweep 12 energy=95.33819563899232  maxlinkdim=1000 maxerr=8.44E-08 time=157.728
After sweep 13 energy=95.03565566320826  maxlinkdim=1000 maxerr=1.01E-07 time=172.834
After sweep 14 energy=94.80374817493102  maxlinkdim=1000 maxerr=1.24E-07 time=182.112
After sweep 15 energy=94.60388833330965  maxlinkdim=1000 maxerr=1.38E-07 time=191.108
After sweep 16 energy=94.42539092375392  maxlinkdim=1000 maxerr=1.70E-07 time=199.671
After sweep 17 energy=94.26958555489195  maxlinkdim=1000 maxerr=2.50E-07 time=201.235
After sweep 18 energy=94.14580005068659  maxlinkdim=1000 maxerr=2.28E-07 time=207.556
After sweep 19 energy=94.03163551084359  maxlinkdim=1000 maxerr=2.70E-07 time=206.979
After sweep 20 energy=93.94141735259778  maxlinkdim=1000 maxerr=2.07E-07 time=209.388
After sweep 21 energy=93.85494875413144  maxlinkdim=1000 maxerr=2.78E-07 time=209.249
After sweep 22 energy=93.77513759690238  maxlinkdim=1000 maxerr=2.17E-07 time=207.930
After sweep 23 energy=93.67519690691654  maxlinkdim=1000 maxerr=5.45E-06 time=206.460
After sweep 24 energy=93.58994588761925  maxlinkdim=1000 maxerr=2.55E-06 time=206.126
After sweep 25 energy=93.52817515883322  maxlinkdim=1000 maxerr=9.71E-06 time=210.249
After sweep 26 energy=93.46812247507262  maxlinkdim=1000 maxerr=1.87E-06 time=212.650
After sweep 27 energy=93.42150177893707  maxlinkdim=1000 maxerr=3.67E-06 time=214.603
After sweep 28 energy=93.37904603519233  maxlinkdim=1000 maxerr=8.34E-06 time=214.075
After sweep 29 energy=93.3312505897994  maxlinkdim=1000 maxerr=1.47E-05 time=214.105
After sweep 30 energy=93.28189028056909  maxlinkdim=1000 maxerr=2.12E-06 time=214.605
After sweep 31 energy=93.22934267788496  maxlinkdim=1000 maxerr=6.52E-06 time=214.484
After sweep 32 energy=93.18272301088874  maxlinkdim=1000 maxerr=1.42E-05 time=213.903
After sweep 33 energy=93.13823867828953  maxlinkdim=1000 maxerr=1.87E-05 time=214.291
After sweep 34 energy=93.09836722632033  maxlinkdim=1000 maxerr=7.33E-06 time=214.335
After sweep 35 energy=93.06199407770868  maxlinkdim=1000 maxerr=1.15E-05 time=214.865
After sweep 36 energy=93.03089583032087  maxlinkdim=1000 maxerr=5.56E-06 time=214.057
After sweep 37 energy=93.00371835901451  maxlinkdim=1000 maxerr=5.50E-06 time=211.138
After sweep 38 energy=92.98041151040381  maxlinkdim=1000 maxerr=8.54E-06 time=214.930
After sweep 39 energy=92.95446575040867  maxlinkdim=1000 maxerr=7.39E-06 time=214.951
After sweep 40 energy=92.93137066634492  maxlinkdim=1000 maxerr=6.76E-06 time=213.554
After sweep 41 energy=92.91056111780195  maxlinkdim=1000 maxerr=1.49E-05 time=215.390
After sweep 42 energy=92.89324184405977  maxlinkdim=1000 maxerr=6.57E-06 time=220.467
After sweep 43 energy=92.87793587820065  maxlinkdim=1000 maxerr=5.44E-06 time=224.195
After sweep 44 energy=92.86501004575145  maxlinkdim=1000 maxerr=5.64E-06 time=224.287
After sweep 45 energy=92.8367919953981  maxlinkdim=1000 maxerr=1.08E-05 time=216.768
After sweep 46 energy=92.81393670753683  maxlinkdim=1000 maxerr=1.14E-05 time=217.026
After sweep 47 energy=92.79842346071078  maxlinkdim=1000 maxerr=1.23E-05 time=216.825
After sweep 48 energy=92.78658123779952  maxlinkdim=1000 maxerr=1.21E-05 time=216.833
After sweep 49 energy=92.77564754566835  maxlinkdim=1000 maxerr=1.12E-05 time=216.221
After sweep 50 energy=92.76916139111185  maxlinkdim=1000 maxerr=8.61E-06 time=215.188
After sweep 51 energy=92.76559492537876  maxlinkdim=1000 maxerr=9.65E-06 time=215.455
After sweep 52 energy=92.76357039214565  maxlinkdim=1000 maxerr=8.23E-06 time=218.942
After sweep 53 energy=92.7625009316512  maxlinkdim=1000 maxerr=8.15E-06 time=216.160
After sweep 54 energy=92.76190207115549  maxlinkdim=1000 maxerr=7.93E-06 time=213.632
After sweep 55 energy=92.76157032104149  maxlinkdim=1000 maxerr=7.77E-06 time=218.493
After sweep 56 energy=92.7613782795268  maxlinkdim=1000 maxerr=7.74E-06 time=217.865
After sweep 57 energy=92.7612744774976  maxlinkdim=1000 maxerr=7.68E-06 time=216.280
After sweep 58 energy=92.76121063489889  maxlinkdim=1000 maxerr=7.63E-06 time=218.925
After sweep 59 energy=92.76117498011223  maxlinkdim=1000 maxerr=7.61E-06 time=221.469
After sweep 60 energy=92.76115019885566  maxlinkdim=1000 maxerr=7.62E-06 time=219.703
After sweep 61 energy=92.76113885775221  maxlinkdim=1000 maxerr=7.62E-06 time=218.788
After sweep 62 energy=92.76113290161523  maxlinkdim=1000 maxerr=7.64E-06 time=212.721
After sweep 63 energy=92.7611224606215  maxlinkdim=1000 maxerr=7.60E-06 time=214.845
After sweep 64 energy=92.76111481951416  maxlinkdim=1000 maxerr=7.60E-06 time=215.640
After sweep 65 energy=92.76111034963704  maxlinkdim=1000 maxerr=7.62E-06 time=215.476
After sweep 66 energy=92.76110573576308  maxlinkdim=1000 maxerr=7.61E-06 time=208.202
After sweep 67 energy=92.76110446179537  maxlinkdim=1000 maxerr=7.62E-06 time=212.571
After sweep 68 energy=92.76110164919396  maxlinkdim=1000 maxerr=7.63E-06 time=220.357
After sweep 69 energy=92.76109920515952  maxlinkdim=1000 maxerr=7.63E-06 time=211.472
After sweep 70 energy=92.76109806757195  maxlinkdim=1000 maxerr=7.65E-06 time=211.750
After sweep 71 energy=92.76109583191229  maxlinkdim=1000 maxerr=7.65E-06 time=208.809
After sweep 72 energy=92.76109418212144  maxlinkdim=1000 maxerr=7.65E-06 time=213.988
After sweep 73 energy=92.7610923696029  maxlinkdim=1000 maxerr=7.66E-06 time=216.838
After sweep 74 energy=92.7610907941779  maxlinkdim=1000 maxerr=7.66E-06 time=225.490
After sweep 75 energy=92.76109073512781  maxlinkdim=1000 maxerr=7.66E-06 time=224.596
After sweep 76 energy=92.76109031771759  maxlinkdim=1000 maxerr=7.66E-06 time=219.624
After sweep 77 energy=92.76108939726551  maxlinkdim=1000 maxerr=7.66E-06 time=220.821
After sweep 78 energy=92.76109028474205  maxlinkdim=1000 maxerr=7.66E-06 time=220.947
After sweep 79 energy=92.76108955861227  maxlinkdim=1000 maxerr=7.66E-06 time=219.674
After sweep 80 energy=92.7610895604526  maxlinkdim=1000 maxerr=7.66E-06 time=218.337
After sweep 81 energy=92.76108911393075  maxlinkdim=1000 maxerr=7.66E-06 time=222.832
After sweep 82 energy=92.7610893570398  maxlinkdim=1000 maxerr=7.66E-06 time=221.959
After sweep 83 energy=92.76108938414328  maxlinkdim=1000 maxerr=7.66E-06 time=217.941
After sweep 84 energy=92.76108911386243  maxlinkdim=1000 maxerr=7.66E-06 time=213.449
After sweep 85 energy=92.76108833117033  maxlinkdim=1000 maxerr=7.66E-06 time=214.092
After sweep 86 energy=92.76108879231114  maxlinkdim=1000 maxerr=7.66E-06 time=212.004
After sweep 87 energy=92.76108873349942  maxlinkdim=1000 maxerr=7.66E-06 time=215.061
After sweep 88 energy=92.76108848350471  maxlinkdim=1000 maxerr=7.66E-06 time=217.171
After sweep 89 energy=92.7610884592322  maxlinkdim=1000 maxerr=7.66E-06 time=217.196
After sweep 90 energy=92.76108869820179  maxlinkdim=1000 maxerr=7.66E-06 time=215.561
After sweep 91 energy=92.76108894289132  maxlinkdim=1000 maxerr=7.66E-06 time=210.213
After sweep 92 energy=92.76108852245328  maxlinkdim=1000 maxerr=7.66E-06 time=220.780
After sweep 93 energy=92.76108897798026  maxlinkdim=1000 maxerr=7.66E-06 time=228.912
After sweep 94 energy=92.7610884258887  maxlinkdim=1000 maxerr=7.66E-06 time=228.268
After sweep 95 energy=92.76108834635778  maxlinkdim=1000 maxerr=7.66E-06 time=227.739
After sweep 96 energy=92.76108828736531  maxlinkdim=1000 maxerr=7.66E-06 time=217.100
After sweep 97 energy=92.76108822142058  maxlinkdim=1000 maxerr=7.66E-06 time=218.807
After sweep 98 energy=92.76108822917524  maxlinkdim=1000 maxerr=7.66E-06 time=219.595
After sweep 99 energy=92.76108833308969  maxlinkdim=1000 maxerr=7.66E-06 time=223.726
After sweep 100 energy=92.76108861100825  maxlinkdim=1000 maxerr=7.66E-06 time=224.195
  E(N) = 92.76108861100825

============================================================
RESULTS:
  E(118) = 83.53732212474146
  E(119) = 88.183805482079
  E(120)     = 92.76108861100825
  E_p = -0.06920023  (attractive hole pairing)
============================================================
RESULT: E_p = -0.06920022840827755
