Calculating pair binding energy for ladder
L=64, U=8.0, V=1.0, t0=1.0, density=0.875
============================================================
Pair binding energy for Hubbard ladder
L = 64 rungs, 128 sites
U = 8.0, V = 1.0, t = 1.0, t0 = 1.0, density = 0.875
N_base = 112
============================================================

[1/3] Computing E(N-2=110)
  Initial state: 110 particles (55 up, 55 dn)
After sweep 1 energy=118.9207779444055  maxlinkdim=20 maxerr=4.24E-04 time=47.462
After sweep 2 energy=103.81276361811075  maxlinkdim=50 maxerr=3.33E-05 time=29.102
After sweep 3 energy=93.35766161890423  maxlinkdim=100 maxerr=1.08E-05 time=41.975
After sweep 4 energy=87.27336018455847  maxlinkdim=200 maxerr=1.03E-07 time=63.156
After sweep 5 energy=81.83113310192904  maxlinkdim=838 maxerr=1.00E-10 time=81.326
After sweep 6 energy=76.38237978697903  maxlinkdim=1000 maxerr=3.40E-09 time=116.902
After sweep 7 energy=71.9804723262658  maxlinkdim=1000 maxerr=2.22E-08 time=136.851
After sweep 8 energy=69.01613193815064  maxlinkdim=1000 maxerr=1.29E-08 time=148.337
After sweep 9 energy=66.33093683885888  maxlinkdim=1000 maxerr=4.50E-08 time=156.902
After sweep 10 energy=64.35675505206089  maxlinkdim=1000 maxerr=9.75E-08 time=159.873
After sweep 11 energy=62.57683208804168  maxlinkdim=1000 maxerr=1.34E-07 time=165.559
After sweep 12 energy=61.02975820680422  maxlinkdim=1000 maxerr=1.84E-07 time=177.687
After sweep 13 energy=59.97489275496725  maxlinkdim=1000 maxerr=1.49E-07 time=183.738
After sweep 14 energy=59.18905212841585  maxlinkdim=1000 maxerr=1.04E-07 time=196.337
After sweep 15 energy=58.571775409423275  maxlinkdim=1000 maxerr=7.40E-08 time=204.467
After sweep 16 energy=58.04815522210287  maxlinkdim=1000 maxerr=6.09E-08 time=204.204
After sweep 17 energy=57.46882041591409  maxlinkdim=1000 maxerr=1.01E-07 time=209.096
After sweep 18 energy=56.86655366240149  maxlinkdim=1000 maxerr=1.34E-07 time=215.499
After sweep 19 energy=56.302605234522744  maxlinkdim=1000 maxerr=1.17E-07 time=211.804
After sweep 20 energy=55.87913382918509  maxlinkdim=1000 maxerr=6.95E-08 time=213.153
After sweep 21 energy=55.51412975479392  maxlinkdim=1000 maxerr=5.23E-08 time=207.759
After sweep 22 energy=55.19014388107952  maxlinkdim=1000 maxerr=4.84E-08 time=204.812
After sweep 23 energy=54.868954026431076  maxlinkdim=1000 maxerr=5.06E-08 time=212.143
After sweep 24 energy=54.54411286564056  maxlinkdim=1000 maxerr=6.57E-08 time=212.069
After sweep 25 energy=54.218157972970836  maxlinkdim=1000 maxerr=1.75E-07 time=210.442
After sweep 26 energy=53.882852767846686  maxlinkdim=1000 maxerr=1.59E-07 time=210.114
After sweep 27 energy=53.56747537832303  maxlinkdim=1000 maxerr=2.01E-07 time=195.231
After sweep 28 energy=53.24658883415866  maxlinkdim=1000 maxerr=3.71E-07 time=190.312
After sweep 29 energy=52.98448242466217  maxlinkdim=1000 maxerr=1.85E-07 time=186.759
After sweep 30 energy=52.739163140175606  maxlinkdim=1000 maxerr=1.78E-07 time=207.567
After sweep 31 energy=52.452103209362576  maxlinkdim=1000 maxerr=3.86E-06 time=205.485
After sweep 32 energy=52.18217898573756  maxlinkdim=1000 maxerr=1.56E-05 time=208.792
After sweep 33 energy=51.96153683326168  maxlinkdim=1000 maxerr=1.15E-05 time=206.887
After sweep 34 energy=51.75492825669858  maxlinkdim=1000 maxerr=1.01E-05 time=203.566
After sweep 35 energy=51.533684103971794  maxlinkdim=1000 maxerr=1.18E-05 time=212.027
After sweep 36 energy=51.271667170893394  maxlinkdim=1000 maxerr=1.61E-05 time=207.304
After sweep 37 energy=51.03922257384747  maxlinkdim=1000 maxerr=4.93E-06 time=200.866
After sweep 38 energy=50.8657008274603  maxlinkdim=1000 maxerr=5.54E-06 time=196.132
After sweep 39 energy=50.688449345713394  maxlinkdim=1000 maxerr=7.85E-06 time=197.376
After sweep 40 energy=50.53913618917408  maxlinkdim=1000 maxerr=5.12E-06 time=198.031
After sweep 41 energy=50.3936220495708  maxlinkdim=1000 maxerr=4.59E-06 time=196.380
After sweep 42 energy=50.26000143583001  maxlinkdim=1000 maxerr=4.68E-06 time=194.816
After sweep 43 energy=50.126276013002986  maxlinkdim=1000 maxerr=4.59E-06 time=198.440
After sweep 44 energy=50.00178957800904  maxlinkdim=1000 maxerr=1.28E-05 time=196.292
After sweep 45 energy=49.87903904098949  maxlinkdim=1000 maxerr=6.44E-06 time=202.152
After sweep 46 energy=49.77833091328046  maxlinkdim=1000 maxerr=4.83E-06 time=198.437
After sweep 47 energy=49.66361447735612  maxlinkdim=1000 maxerr=8.48E-06 time=208.257
After sweep 48 energy=49.56051475966626  maxlinkdim=1000 maxerr=5.49E-06 time=209.125
After sweep 49 energy=49.45812680528005  maxlinkdim=1000 maxerr=9.34E-06 time=210.248
After sweep 50 energy=49.35987164343202  maxlinkdim=1000 maxerr=6.83E-06 time=209.294
After sweep 51 energy=49.27250254590942  maxlinkdim=1000 maxerr=5.40E-06 time=210.293
After sweep 52 energy=49.19050731778257  maxlinkdim=1000 maxerr=2.30E-05 time=210.922
After sweep 53 energy=49.109098441102795  maxlinkdim=1000 maxerr=1.34E-05 time=210.485
After sweep 54 energy=49.03186326027283  maxlinkdim=1000 maxerr=1.46E-05 time=208.906
After sweep 55 energy=48.959305429011586  maxlinkdim=1000 maxerr=9.71E-06 time=209.363
After sweep 56 energy=48.890344063443834  maxlinkdim=1000 maxerr=2.45E-05 time=209.598
After sweep 57 energy=48.82736603414157  maxlinkdim=1000 maxerr=1.63E-05 time=207.128
After sweep 58 energy=48.767369830619266  maxlinkdim=1000 maxerr=1.47E-05 time=207.729
After sweep 59 energy=48.71027862243407  maxlinkdim=1000 maxerr=1.24E-05 time=208.546
After sweep 60 energy=48.655931914213966  maxlinkdim=1000 maxerr=1.76E-05 time=210.681
After sweep 61 energy=48.603561803101854  maxlinkdim=1000 maxerr=1.75E-05 time=208.692
After sweep 62 energy=48.55358024406148  maxlinkdim=1000 maxerr=2.33E-05 time=211.829
After sweep 63 energy=48.32910657603159  maxlinkdim=1000 maxerr=1.50E-05 time=207.907
After sweep 64 energy=48.19785036883966  maxlinkdim=1000 maxerr=1.63E-05 time=213.438
After sweep 65 energy=48.142511922883855  maxlinkdim=1000 maxerr=1.65E-05 time=214.736
After sweep 66 energy=48.10593385801122  maxlinkdim=1000 maxerr=1.34E-05 time=205.589
After sweep 67 energy=48.081721677410485  maxlinkdim=1000 maxerr=1.76E-05 time=211.399
After sweep 68 energy=48.067430630412865  maxlinkdim=1000 maxerr=1.58E-05 time=208.105
After sweep 69 energy=48.06023988213454  maxlinkdim=1000 maxerr=1.50E-05 time=220.218
After sweep 70 energy=48.057197867417244  maxlinkdim=1000 maxerr=1.43E-05 time=216.843
After sweep 71 energy=48.055945313529264  maxlinkdim=1000 maxerr=1.44E-05 time=216.509
After sweep 72 energy=48.05531825341448  maxlinkdim=1000 maxerr=1.48E-05 time=213.127
After sweep 73 energy=48.05494266270402  maxlinkdim=1000 maxerr=1.52E-05 time=213.303
After sweep 74 energy=48.05468066586627  maxlinkdim=1000 maxerr=1.56E-05 time=214.215
After sweep 75 energy=48.05448545221047  maxlinkdim=1000 maxerr=1.60E-05 time=211.331
After sweep 76 energy=48.054328662527126  maxlinkdim=1000 maxerr=1.62E-05 time=212.144
After sweep 77 energy=48.054209447301986  maxlinkdim=1000 maxerr=1.64E-05 time=214.630
After sweep 78 energy=48.054110408670645  maxlinkdim=1000 maxerr=1.66E-05 time=209.910
After sweep 79 energy=48.05402955408639  maxlinkdim=1000 maxerr=1.68E-05 time=206.799
After sweep 80 energy=48.05396149413011  maxlinkdim=1000 maxerr=1.70E-05 time=210.528
After sweep 81 energy=48.053905744579055  maxlinkdim=1000 maxerr=1.71E-05 time=205.552
After sweep 82 energy=48.05386044258043  maxlinkdim=1000 maxerr=1.72E-05 time=197.693
After sweep 83 energy=48.05381806871609  maxlinkdim=1000 maxerr=1.73E-05 time=202.118
After sweep 84 energy=48.05378494050438  maxlinkdim=1000 maxerr=1.74E-05 time=214.903
After sweep 85 energy=48.05376110588762  maxlinkdim=1000 maxerr=1.75E-05 time=213.661
After sweep 86 energy=48.05373542691886  maxlinkdim=1000 maxerr=1.75E-05 time=215.454
After sweep 87 energy=48.05371288777277  maxlinkdim=1000 maxerr=1.76E-05 time=216.850
After sweep 88 energy=48.05369505582208  maxlinkdim=1000 maxerr=1.76E-05 time=215.064
After sweep 89 energy=48.05368000839062  maxlinkdim=1000 maxerr=1.77E-05 time=219.210
After sweep 90 energy=48.05366488438951  maxlinkdim=1000 maxerr=1.77E-05 time=208.254
After sweep 91 energy=48.053656581368216  maxlinkdim=1000 maxerr=1.77E-05 time=205.215
After sweep 92 energy=48.05364482889823  maxlinkdim=1000 maxerr=1.78E-05 time=202.707
After sweep 93 energy=48.05363716447241  maxlinkdim=1000 maxerr=1.78E-05 time=199.148
After sweep 94 energy=48.05362682514031  maxlinkdim=1000 maxerr=1.78E-05 time=210.942
After sweep 95 energy=48.05362309948206  maxlinkdim=1000 maxerr=1.78E-05 time=211.249
After sweep 96 energy=48.05361547601821  maxlinkdim=1000 maxerr=1.79E-05 time=213.021
After sweep 97 energy=48.05361279394557  maxlinkdim=1000 maxerr=1.79E-05 time=211.035
After sweep 98 energy=48.05360839733678  maxlinkdim=1000 maxerr=1.79E-05 time=199.246
After sweep 99 energy=48.053604186394566  maxlinkdim=1000 maxerr=1.79E-05 time=198.981
After sweep 100 energy=48.053600841528194  maxlinkdim=1000 maxerr=1.79E-05 time=198.015
  E(N-2) = 48.053600841528194

[2/3] Computing E(N-1=111)
  Initial state: 111 particles (56 up, 55 dn)
After sweep 1 energy=118.74283818963723  maxlinkdim=20 maxerr=3.70E-04 time=9.296
After sweep 2 energy=104.12992344767213  maxlinkdim=50 maxerr=3.88E-05 time=18.434
After sweep 3 energy=92.91135411524735  maxlinkdim=100 maxerr=1.06E-05 time=30.207
After sweep 4 energy=87.472874846148  maxlinkdim=200 maxerr=3.40E-07 time=51.977
After sweep 5 energy=84.34909137157334  maxlinkdim=617 maxerr=1.00E-10 time=65.017
After sweep 6 energy=78.2883575371002  maxlinkdim=1000 maxerr=2.79E-09 time=92.695
After sweep 7 energy=74.8124168568056  maxlinkdim=1000 maxerr=2.05E-08 time=104.506
After sweep 8 energy=70.4857461242309  maxlinkdim=1000 maxerr=6.82E-08 time=114.806
After sweep 9 energy=67.90144671975008  maxlinkdim=1000 maxerr=4.45E-07 time=129.537
After sweep 10 energy=66.32088614631307  maxlinkdim=1000 maxerr=3.83E-07 time=143.085
After sweep 11 energy=64.97163675943611  maxlinkdim=1000 maxerr=6.45E-08 time=155.094
After sweep 12 energy=63.763500668391266  maxlinkdim=1000 maxerr=1.23E-07 time=165.256
After sweep 13 energy=62.75779255590338  maxlinkdim=1000 maxerr=1.04E-07 time=172.311
After sweep 14 energy=61.9075157845778  maxlinkdim=1000 maxerr=1.67E-07 time=182.225
After sweep 15 energy=61.16361002648095  maxlinkdim=1000 maxerr=1.28E-07 time=191.009
After sweep 16 energy=60.679515375804975  maxlinkdim=1000 maxerr=4.38E-08 time=199.819
After sweep 17 energy=60.26222494934377  maxlinkdim=1000 maxerr=4.21E-08 time=192.659
After sweep 18 energy=59.855159466652296  maxlinkdim=1000 maxerr=5.71E-08 time=193.525
After sweep 19 energy=59.46547736908111  maxlinkdim=1000 maxerr=4.92E-08 time=194.028
After sweep 20 energy=59.03724075257545  maxlinkdim=1000 maxerr=1.92E-07 time=206.446
After sweep 21 energy=58.63582963564257  maxlinkdim=1000 maxerr=3.07E-07 time=204.814
After sweep 22 energy=58.21090081058381  maxlinkdim=1000 maxerr=6.02E-06 time=194.189
After sweep 23 energy=57.7946513633804  maxlinkdim=1000 maxerr=2.04E-06 time=196.740
After sweep 24 energy=57.51154825161711  maxlinkdim=1000 maxerr=1.92E-07 time=196.216
After sweep 25 energy=57.254080152069584  maxlinkdim=1000 maxerr=1.91E-06 time=194.945
After sweep 26 energy=57.00104172642071  maxlinkdim=1000 maxerr=6.41E-07 time=194.431
After sweep 27 energy=56.755534941709  maxlinkdim=1000 maxerr=4.38E-06 time=200.854
After sweep 28 energy=56.49239229663911  maxlinkdim=1000 maxerr=2.65E-05 time=202.267
After sweep 29 energy=56.23814904070854  maxlinkdim=1000 maxerr=4.30E-06 time=213.060
After sweep 30 energy=56.04187195050519  maxlinkdim=1000 maxerr=7.73E-06 time=208.957
After sweep 31 energy=55.84204515545883  maxlinkdim=1000 maxerr=1.34E-05 time=206.318
After sweep 32 energy=55.65950315087594  maxlinkdim=1000 maxerr=6.17E-06 time=207.975
After sweep 33 energy=55.44915785097803  maxlinkdim=1000 maxerr=2.52E-05 time=207.673
After sweep 34 energy=55.19065499999658  maxlinkdim=1000 maxerr=8.39E-06 time=204.516
After sweep 35 energy=54.994623794608664  maxlinkdim=1000 maxerr=3.70E-06 time=201.660
After sweep 36 energy=54.82555336120455  maxlinkdim=1000 maxerr=4.37E-06 time=196.935
After sweep 37 energy=54.66068991141574  maxlinkdim=1000 maxerr=5.65E-06 time=199.870
After sweep 38 energy=54.51803634658541  maxlinkdim=1000 maxerr=9.80E-06 time=201.166
After sweep 39 energy=54.38709303326708  maxlinkdim=1000 maxerr=5.42E-06 time=198.531
After sweep 40 energy=54.240201948639026  maxlinkdim=1000 maxerr=1.39E-05 time=202.727
After sweep 41 energy=54.10650329632367  maxlinkdim=1000 maxerr=5.21E-06 time=199.693
After sweep 42 energy=53.997683647462395  maxlinkdim=1000 maxerr=4.87E-06 time=199.559
After sweep 43 energy=53.8984455802534  maxlinkdim=1000 maxerr=1.08E-05 time=209.787
After sweep 44 energy=53.801125842548245  maxlinkdim=1000 maxerr=1.21E-05 time=212.769
After sweep 45 energy=53.707762667604  maxlinkdim=1000 maxerr=3.98E-06 time=209.503
After sweep 46 energy=53.61168270958657  maxlinkdim=1000 maxerr=6.43E-06 time=197.854
After sweep 47 energy=53.530183452914955  maxlinkdim=1000 maxerr=1.05E-05 time=201.105
After sweep 48 energy=53.452642644013196  maxlinkdim=1000 maxerr=1.29E-05 time=203.056
After sweep 49 energy=53.37819297563694  maxlinkdim=1000 maxerr=2.71E-05 time=203.766
After sweep 50 energy=53.301438409027064  maxlinkdim=1000 maxerr=1.76E-05 time=201.889
After sweep 51 energy=53.226167983817156  maxlinkdim=1000 maxerr=1.34E-05 time=203.848
After sweep 52 energy=53.15889058980366  maxlinkdim=1000 maxerr=1.47E-05 time=206.223
After sweep 53 energy=53.097444897392435  maxlinkdim=1000 maxerr=1.28E-05 time=206.162
After sweep 54 energy=53.03815025335227  maxlinkdim=1000 maxerr=2.33E-05 time=210.149
After sweep 55 energy=52.982754205655034  maxlinkdim=1000 maxerr=1.49E-05 time=212.988
After sweep 56 energy=52.93264883018334  maxlinkdim=1000 maxerr=1.36E-05 time=212.770
After sweep 57 energy=52.88449308953151  maxlinkdim=1000 maxerr=1.18E-05 time=215.428
After sweep 58 energy=52.82561651906827  maxlinkdim=1000 maxerr=1.92E-05 time=209.539
After sweep 59 energy=52.78209507850049  maxlinkdim=1000 maxerr=1.36E-05 time=208.493
After sweep 60 energy=52.60046273770292  maxlinkdim=1000 maxerr=1.66E-05 time=209.397
After sweep 61 energy=52.496721659885836  maxlinkdim=1000 maxerr=1.53E-05 time=214.663
After sweep 62 energy=52.45058055618257  maxlinkdim=1000 maxerr=1.83E-05 time=211.616
After sweep 63 energy=52.41956665325472  maxlinkdim=1000 maxerr=2.08E-05 time=210.272
After sweep 64 energy=52.40015505256037  maxlinkdim=1000 maxerr=1.87E-05 time=208.090
After sweep 65 energy=52.3898203785081  maxlinkdim=1000 maxerr=2.13E-05 time=207.220
After sweep 66 energy=52.38485676885861  maxlinkdim=1000 maxerr=2.03E-05 time=208.289
After sweep 67 energy=52.38249387076963  maxlinkdim=1000 maxerr=2.00E-05 time=210.908
After sweep 68 energy=52.38130070926486  maxlinkdim=1000 maxerr=1.98E-05 time=211.322
After sweep 69 energy=52.38061304109308  maxlinkdim=1000 maxerr=1.99E-05 time=210.038
After sweep 70 energy=52.380168515923025  maxlinkdim=1000 maxerr=2.03E-05 time=211.727
After sweep 71 energy=52.37986576217808  maxlinkdim=1000 maxerr=2.05E-05 time=205.145
After sweep 72 energy=52.37964145397137  maxlinkdim=1000 maxerr=2.08E-05 time=211.967
After sweep 73 energy=52.379474009415425  maxlinkdim=1000 maxerr=2.10E-05 time=211.673
After sweep 74 energy=52.37933289009104  maxlinkdim=1000 maxerr=2.11E-05 time=208.857
After sweep 75 energy=52.37921813081187  maxlinkdim=1000 maxerr=2.12E-05 time=207.812
After sweep 76 energy=52.37912272797884  maxlinkdim=1000 maxerr=2.13E-05 time=213.862
After sweep 77 energy=52.3790411382082  maxlinkdim=1000 maxerr=2.13E-05 time=213.513
After sweep 78 energy=52.37897921705403  maxlinkdim=1000 maxerr=2.13E-05 time=212.142
After sweep 79 energy=52.37891450547455  maxlinkdim=1000 maxerr=2.13E-05 time=212.004
After sweep 80 energy=52.37886063849888  maxlinkdim=1000 maxerr=2.13E-05 time=215.742
After sweep 81 energy=52.37881541028032  maxlinkdim=1000 maxerr=2.13E-05 time=216.876
After sweep 82 energy=52.37876692264374  maxlinkdim=1000 maxerr=2.13E-05 time=215.556
After sweep 83 energy=52.37871935231994  maxlinkdim=1000 maxerr=2.13E-05 time=213.862
After sweep 84 energy=52.378676052038  maxlinkdim=1000 maxerr=2.13E-05 time=212.916
After sweep 85 energy=52.37863424635779  maxlinkdim=1000 maxerr=2.13E-05 time=213.620
After sweep 86 energy=52.37859570725342  maxlinkdim=1000 maxerr=2.12E-05 time=208.104
After sweep 87 energy=52.37855971883449  maxlinkdim=1000 maxerr=2.12E-05 time=206.999
After sweep 88 energy=52.3785230628677  maxlinkdim=1000 maxerr=2.12E-05 time=199.936
After sweep 89 energy=52.37848332660996  maxlinkdim=1000 maxerr=2.12E-05 time=204.678
After sweep 90 energy=52.378440701944314  maxlinkdim=1000 maxerr=2.11E-05 time=204.536
After sweep 91 energy=52.37840518540373  maxlinkdim=1000 maxerr=2.10E-05 time=211.711
After sweep 92 energy=52.37836917956479  maxlinkdim=1000 maxerr=2.10E-05 time=205.787
After sweep 93 energy=52.37833065859163  maxlinkdim=1000 maxerr=2.10E-05 time=205.617
After sweep 94 energy=52.37829610490708  maxlinkdim=1000 maxerr=2.11E-05 time=205.592
After sweep 95 energy=52.37826070537618  maxlinkdim=1000 maxerr=2.11E-05 time=205.417
After sweep 96 energy=52.378221063117266  maxlinkdim=1000 maxerr=2.11E-05 time=203.434
After sweep 97 energy=52.3781867040503  maxlinkdim=1000 maxerr=2.11E-05 time=202.754
After sweep 98 energy=52.37814647947797  maxlinkdim=1000 maxerr=2.12E-05 time=202.532
After sweep 99 energy=52.37810978407179  maxlinkdim=1000 maxerr=2.12E-05 time=202.707
After sweep 100 energy=52.378072690886235  maxlinkdim=1000 maxerr=2.12E-05 time=200.627
  E(N-1) = 52.378072690886235

[3/3] Computing E(N=112)
  Initial state: 112 particles (56 up, 56 dn)
After sweep 1 energy=121.72781592248836  maxlinkdim=20 maxerr=3.63E-04 time=9.141
After sweep 2 energy=106.37092756941409  maxlinkdim=50 maxerr=1.74E-05 time=18.701
After sweep 3 energy=96.7098325164162  maxlinkdim=100 maxerr=1.52E-05 time=27.671
After sweep 4 energy=90.40220765128228  maxlinkdim=200 maxerr=2.95E-07 time=49.041
After sweep 5 energy=83.58001522220795  maxlinkdim=1000 maxerr=1.32E-10 time=72.268
After sweep 6 energy=77.51492723266831  maxlinkdim=1000 maxerr=2.25E-08 time=100.806
After sweep 7 energy=75.15562937658898  maxlinkdim=1000 maxerr=6.92E-08 time=113.323
After sweep 8 energy=73.37656967116472  maxlinkdim=1000 maxerr=9.53E-09 time=114.254
After sweep 9 energy=72.10152969835885  maxlinkdim=1000 maxerr=2.54E-08 time=118.531
After sweep 10 energy=70.92597437444486  maxlinkdim=1000 maxerr=5.36E-08 time=125.751
After sweep 11 energy=69.36775406390004  maxlinkdim=1000 maxerr=1.08E-07 time=139.541
After sweep 12 energy=67.66893336946008  maxlinkdim=1000 maxerr=2.48E-07 time=157.231
After sweep 13 energy=66.45839648774466  maxlinkdim=1000 maxerr=2.77E-07 time=173.608
After sweep 14 energy=65.33284979614113  maxlinkdim=1000 maxerr=3.94E-07 time=189.044
After sweep 15 energy=64.53312082316177  maxlinkdim=1000 maxerr=4.47E-07 time=199.464
After sweep 16 energy=63.966119805803444  maxlinkdim=1000 maxerr=2.71E-07 time=195.478
After sweep 17 energy=63.60047654712211  maxlinkdim=1000 maxerr=7.59E-08 time=197.994
After sweep 18 energy=63.16399393646854  maxlinkdim=1000 maxerr=6.78E-08 time=201.467
After sweep 19 energy=62.70514699197614  maxlinkdim=1000 maxerr=1.33E-07 time=206.112
After sweep 20 energy=62.240800876443565  maxlinkdim=1000 maxerr=2.01E-07 time=204.830
After sweep 21 energy=61.79604219670267  maxlinkdim=1000 maxerr=2.74E-07 time=204.964
After sweep 22 energy=61.39816995172074  maxlinkdim=1000 maxerr=3.58E-07 time=202.784
After sweep 23 energy=61.09026622101735  maxlinkdim=1000 maxerr=2.79E-07 time=199.162
After sweep 24 energy=60.84823510548566  maxlinkdim=1000 maxerr=2.30E-07 time=205.755
After sweep 25 energy=60.632864124713244  maxlinkdim=1000 maxerr=2.39E-07 time=210.012
After sweep 26 energy=60.41462328674008  maxlinkdim=1000 maxerr=2.79E-07 time=203.082
After sweep 27 energy=60.21852143275883  maxlinkdim=1000 maxerr=3.33E-07 time=204.600
After sweep 28 energy=60.06370414573971  maxlinkdim=1000 maxerr=1.89E-07 time=203.185
After sweep 29 energy=59.92141452501542  maxlinkdim=1000 maxerr=3.14E-07 time=203.843
After sweep 30 energy=59.796706474726236  maxlinkdim=1000 maxerr=1.48E-07 time=199.979
After sweep 31 energy=59.675863822394376  maxlinkdim=1000 maxerr=1.88E-07 time=196.359
After sweep 32 energy=59.561589062399726  maxlinkdim=1000 maxerr=1.61E-07 time=198.361
After sweep 33 energy=59.43782683180099  maxlinkdim=1000 maxerr=4.69E-07 time=200.218
After sweep 34 energy=59.32028776734476  maxlinkdim=1000 maxerr=2.07E-06 time=201.426
After sweep 35 energy=59.18167001156568  maxlinkdim=1000 maxerr=2.14E-06 time=200.327
After sweep 36 energy=59.04787835247019  maxlinkdim=1000 maxerr=1.26E-06 time=201.320
After sweep 37 energy=58.93314736341871  maxlinkdim=1000 maxerr=7.02E-06 time=199.788
After sweep 38 energy=58.816246414663105  maxlinkdim=1000 maxerr=2.06E-05 time=200.291
After sweep 39 energy=58.688007935762734  maxlinkdim=1000 maxerr=2.43E-05 time=202.352
After sweep 40 energy=58.57531949663973  maxlinkdim=1000 maxerr=7.97E-06 time=200.972
After sweep 41 energy=58.46271256104406  maxlinkdim=1000 maxerr=1.03E-05 time=198.993
After sweep 42 energy=58.35424722768909  maxlinkdim=1000 maxerr=1.62E-05 time=197.422
After sweep 43 energy=58.243254172234266  maxlinkdim=1000 maxerr=5.24E-06 time=200.428
After sweep 44 energy=58.141096616553405  maxlinkdim=1000 maxerr=7.89E-06 time=196.244
After sweep 45 energy=58.047290503350524  maxlinkdim=1000 maxerr=4.91E-06 time=198.852
After sweep 46 energy=57.96481046561316  maxlinkdim=1000 maxerr=7.29E-06 time=204.321
After sweep 47 energy=57.87838626020253  maxlinkdim=1000 maxerr=5.39E-06 time=205.511
After sweep 48 energy=57.80195002597437  maxlinkdim=1000 maxerr=6.35E-06 time=200.020
After sweep 49 energy=57.7182253175952  maxlinkdim=1000 maxerr=8.81E-06 time=197.771
After sweep 50 energy=57.639483258950364  maxlinkdim=1000 maxerr=7.96E-06 time=200.454
After sweep 51 energy=57.3832414595677  maxlinkdim=1000 maxerr=1.70E-05 time=198.088
After sweep 52 energy=57.22026239501255  maxlinkdim=1000 maxerr=1.98E-05 time=204.348
After sweep 53 energy=57.130963313347394  maxlinkdim=1000 maxerr=1.26E-05 time=205.308
After sweep 54 energy=57.06072949505787  maxlinkdim=1000 maxerr=1.43E-05 time=201.528
After sweep 55 energy=57.002463184781085  maxlinkdim=1000 maxerr=1.27E-05 time=204.337
After sweep 56 energy=56.94936551562612  maxlinkdim=1000 maxerr=1.36E-05 time=203.760
After sweep 57 energy=56.90334133403034  maxlinkdim=1000 maxerr=1.69E-05 time=206.257
After sweep 58 energy=56.861928956678234  maxlinkdim=1000 maxerr=1.65E-05 time=208.510
After sweep 59 energy=56.82760019306677  maxlinkdim=1000 maxerr=1.65E-05 time=208.855
After sweep 60 energy=56.79609890719892  maxlinkdim=1000 maxerr=1.72E-05 time=209.472
After sweep 61 energy=56.76758585706877  maxlinkdim=1000 maxerr=2.55E-05 time=207.177
After sweep 62 energy=56.7434704142614  maxlinkdim=1000 maxerr=1.74E-05 time=203.614
After sweep 63 energy=56.72477468904668  maxlinkdim=1000 maxerr=1.52E-05 time=200.524
After sweep 64 energy=56.705780575248866  maxlinkdim=1000 maxerr=2.04E-05 time=203.373
After sweep 65 energy=56.692931070243695  maxlinkdim=1000 maxerr=1.53E-05 time=201.435
After sweep 66 energy=56.68476886643088  maxlinkdim=1000 maxerr=1.56E-05 time=198.701
After sweep 67 energy=56.674147662946396  maxlinkdim=1000 maxerr=1.50E-05 time=202.914
After sweep 68 energy=56.6680804254988  maxlinkdim=1000 maxerr=1.44E-05 time=203.652
After sweep 69 energy=56.666196244797156  maxlinkdim=1000 maxerr=1.52E-05 time=203.864
After sweep 70 energy=56.66535341535386  maxlinkdim=1000 maxerr=1.50E-05 time=203.267
After sweep 71 energy=56.66486393446324  maxlinkdim=1000 maxerr=1.53E-05 time=205.517
After sweep 72 energy=56.66454096391825  maxlinkdim=1000 maxerr=1.56E-05 time=203.024
After sweep 73 energy=56.66431198382143  maxlinkdim=1000 maxerr=1.58E-05 time=204.119
After sweep 74 energy=56.664140709216646  maxlinkdim=1000 maxerr=1.59E-05 time=204.469
After sweep 75 energy=56.664012761710254  maxlinkdim=1000 maxerr=1.61E-05 time=207.247
After sweep 76 energy=56.66391437853644  maxlinkdim=1000 maxerr=1.62E-05 time=212.920
After sweep 77 energy=56.66383665850011  maxlinkdim=1000 maxerr=1.63E-05 time=211.067
After sweep 78 energy=56.66377957069466  maxlinkdim=1000 maxerr=1.63E-05 time=211.228
After sweep 79 energy=56.6637327921113  maxlinkdim=1000 maxerr=1.64E-05 time=213.200
After sweep 80 energy=56.66370154412824  maxlinkdim=1000 maxerr=1.65E-05 time=211.153
After sweep 81 energy=56.66367589427697  maxlinkdim=1000 maxerr=1.65E-05 time=209.239
After sweep 82 energy=56.66365355925815  maxlinkdim=1000 maxerr=1.65E-05 time=209.370
After sweep 83 energy=56.663636315135705  maxlinkdim=1000 maxerr=1.65E-05 time=209.672
After sweep 84 energy=56.6636224598794  maxlinkdim=1000 maxerr=1.65E-05 time=210.285
After sweep 85 energy=56.663614653618  maxlinkdim=1000 maxerr=1.66E-05 time=213.272
After sweep 86 energy=56.66360500928038  maxlinkdim=1000 maxerr=1.66E-05 time=213.943
After sweep 87 energy=56.663599869864754  maxlinkdim=1000 maxerr=1.66E-05 time=196.102
After sweep 88 energy=56.66359405679566  maxlinkdim=1000 maxerr=1.66E-05 time=197.223
After sweep 89 energy=56.66358798537089  maxlinkdim=1000 maxerr=1.66E-05 time=197.959
After sweep 90 energy=56.6635857265661  maxlinkdim=1000 maxerr=1.66E-05 time=203.039
After sweep 91 energy=56.663584378794546  maxlinkdim=1000 maxerr=1.66E-05 time=208.055
After sweep 92 energy=56.66358118050871  maxlinkdim=1000 maxerr=1.66E-05 time=211.467
After sweep 93 energy=56.66357997137702  maxlinkdim=1000 maxerr=1.66E-05 time=214.619
After sweep 94 energy=56.66358007836794  maxlinkdim=1000 maxerr=1.66E-05 time=211.540
After sweep 95 energy=56.66357720765478  maxlinkdim=1000 maxerr=1.66E-05 time=213.711
After sweep 96 energy=56.66357727551746  maxlinkdim=1000 maxerr=1.66E-05 time=213.810
After sweep 97 energy=56.663575295620305  maxlinkdim=1000 maxerr=1.66E-05 time=210.000
After sweep 98 energy=56.663575981819335  maxlinkdim=1000 maxerr=1.66E-05 time=211.692
After sweep 99 energy=56.66357511121453  maxlinkdim=1000 maxerr=1.66E-05 time=213.826
After sweep 100 energy=56.66357539132947  maxlinkdim=1000 maxerr=1.66E-05 time=212.511
  E(N) = 56.66357539132947

============================================================
RESULTS:
  E(110) = 48.053600841528194
  E(111) = 52.378072690886235
  E(112)     = 56.66357539132947
  E_p = -0.03896915  (attractive hole pairing)
============================================================
RESULT: E_p = -0.038969148914802076
