Calculating pair binding energy for ladder
L=64, U=4.0, V=0.2, t0=1.0, density=0.9375
============================================================
Pair binding energy for Hubbard ladder
L = 64 rungs, 128 sites
U = 4.0, V = 0.2, t = 1.0, t0 = 1.0, density = 0.9375
N_base = 120
============================================================

[1/3] Computing E(N-2=118)
  Initial state: 118 particles (59 up, 59 dn)
After sweep 1 energy=-54.22735371845819  maxlinkdim=20 maxerr=1.07E-03 time=49.423
After sweep 2 energy=-63.43853848559496  maxlinkdim=50 maxerr=7.64E-04 time=35.376
After sweep 3 energy=-66.78950133164179  maxlinkdim=100 maxerr=4.51E-04 time=52.835
After sweep 4 energy=-68.62814751607824  maxlinkdim=200 maxerr=1.76E-04 time=71.152
After sweep 5 energy=-69.9376541146128  maxlinkdim=1500 maxerr=5.31E-07 time=173.442
After sweep 6 energy=-70.61460107649816  maxlinkdim=1500 maxerr=7.77E-07 time=345.605
After sweep 7 energy=-71.18778843401017  maxlinkdim=1500 maxerr=3.46E-05 time=346.547
After sweep 8 energy=-71.6483478595549  maxlinkdim=1500 maxerr=9.41E-06 time=347.643
After sweep 9 energy=-71.98754578783199  maxlinkdim=1500 maxerr=5.84E-06 time=339.780
After sweep 10 energy=-72.24286704960714  maxlinkdim=1500 maxerr=4.75E-06 time=362.290
After sweep 11 energy=-72.42906356606379  maxlinkdim=1500 maxerr=1.03E-05 time=365.778
After sweep 12 energy=-72.5737869955364  maxlinkdim=1500 maxerr=9.40E-06 time=368.659
After sweep 13 energy=-72.69082057669847  maxlinkdim=1500 maxerr=1.17E-05 time=358.258
After sweep 14 energy=-72.77060488961094  maxlinkdim=1500 maxerr=1.72E-05 time=361.793
After sweep 15 energy=-72.84162527351539  maxlinkdim=1500 maxerr=2.53E-05 time=363.676
After sweep 16 energy=-72.90606525463461  maxlinkdim=1500 maxerr=2.03E-05 time=361.102
After sweep 17 energy=-72.97814320776642  maxlinkdim=1500 maxerr=1.62E-05 time=358.873
After sweep 18 energy=-73.03459567449002  maxlinkdim=1500 maxerr=4.63E-05 time=355.060
After sweep 19 energy=-73.08960241275209  maxlinkdim=1500 maxerr=1.75E-05 time=352.555
After sweep 20 energy=-73.12853113532216  maxlinkdim=1500 maxerr=2.57E-05 time=347.768
After sweep 21 energy=-73.17608959538268  maxlinkdim=1500 maxerr=2.85E-05 time=346.725
After sweep 22 energy=-73.21308935201836  maxlinkdim=1500 maxerr=3.33E-05 time=355.686
After sweep 23 energy=-73.23101482654425  maxlinkdim=1500 maxerr=3.03E-05 time=346.637
After sweep 24 energy=-73.23979735883638  maxlinkdim=1500 maxerr=2.53E-05 time=355.138
After sweep 25 energy=-73.2434022564024  maxlinkdim=1500 maxerr=2.27E-05 time=353.052
After sweep 26 energy=-73.24454505940969  maxlinkdim=1500 maxerr=2.32E-05 time=353.064
After sweep 27 energy=-73.24494225900918  maxlinkdim=1500 maxerr=2.31E-05 time=368.365
After sweep 28 energy=-73.24509817812415  maxlinkdim=1500 maxerr=2.32E-05 time=365.377
After sweep 29 energy=-73.24516416568613  maxlinkdim=1500 maxerr=2.32E-05 time=365.055
Stopping DMRG after sweep 29
  E(N-2) = -73.24516416568613

[2/3] Computing E(N-1=119)
  Initial state: 119 particles (60 up, 59 dn)
After sweep 1 energy=-55.0378283677366  maxlinkdim=20 maxerr=1.07E-03 time=10.204
After sweep 2 energy=-63.225220651770876  maxlinkdim=50 maxerr=7.82E-04 time=25.686
After sweep 3 energy=-66.09404420741876  maxlinkdim=100 maxerr=4.81E-04 time=39.379
After sweep 4 energy=-67.72154821521895  maxlinkdim=200 maxerr=1.64E-04 time=59.012
After sweep 5 energy=-68.74120714270894  maxlinkdim=1500 maxerr=2.32E-07 time=173.093
After sweep 6 energy=-69.28441120058814  maxlinkdim=1500 maxerr=2.16E-06 time=359.570
After sweep 7 energy=-69.67924303430092  maxlinkdim=1500 maxerr=5.93E-06 time=364.857
After sweep 8 energy=-70.01599115381521  maxlinkdim=1500 maxerr=3.76E-06 time=343.575
After sweep 9 energy=-70.288267286488  maxlinkdim=1500 maxerr=3.25E-06 time=363.957
After sweep 10 energy=-70.4820710968224  maxlinkdim=1500 maxerr=8.36E-06 time=367.363
After sweep 11 energy=-70.62262445859223  maxlinkdim=1500 maxerr=1.00E-05 time=372.817
After sweep 12 energy=-70.74800353238508  maxlinkdim=1500 maxerr=1.41E-05 time=357.943
After sweep 13 energy=-70.86112076389111  maxlinkdim=1500 maxerr=1.08E-05 time=349.938
After sweep 14 energy=-70.95165140887849  maxlinkdim=1500 maxerr=1.07E-05 time=352.877
After sweep 15 energy=-71.02493874963506  maxlinkdim=1500 maxerr=1.47E-05 time=355.499
After sweep 16 energy=-71.0806047752565  maxlinkdim=1500 maxerr=2.15E-05 time=344.793
After sweep 17 energy=-71.13164527244392  maxlinkdim=1500 maxerr=1.73E-05 time=342.320
After sweep 18 energy=-71.19183667779345  maxlinkdim=1500 maxerr=3.23E-05 time=338.367
After sweep 19 energy=-71.23059384625418  maxlinkdim=1500 maxerr=2.35E-05 time=346.564
After sweep 20 energy=-71.26201422412939  maxlinkdim=1500 maxerr=2.21E-05 time=349.675
After sweep 21 energy=-71.29033681802076  maxlinkdim=1500 maxerr=3.37E-05 time=349.295
After sweep 22 energy=-71.31453793715872  maxlinkdim=1500 maxerr=1.81E-05 time=353.449
After sweep 23 energy=-71.33253107645524  maxlinkdim=1500 maxerr=2.19E-05 time=350.071
After sweep 24 energy=-71.3465213894871  maxlinkdim=1500 maxerr=1.68E-05 time=354.024
After sweep 25 energy=-71.37445550205776  maxlinkdim=1500 maxerr=1.99E-05 time=356.688
After sweep 26 energy=-71.39010778721278  maxlinkdim=1500 maxerr=2.70E-05 time=358.108
After sweep 27 energy=-71.39496622215893  maxlinkdim=1500 maxerr=2.46E-05 time=355.017
After sweep 28 energy=-71.39665589715415  maxlinkdim=1500 maxerr=2.53E-05 time=367.198
After sweep 29 energy=-71.39736671712298  maxlinkdim=1500 maxerr=2.50E-05 time=362.677
After sweep 30 energy=-71.39773029621576  maxlinkdim=1500 maxerr=2.55E-05 time=354.136
After sweep 31 energy=-71.39795196244239  maxlinkdim=1500 maxerr=2.58E-05 time=358.214
After sweep 32 energy=-71.39809971498367  maxlinkdim=1500 maxerr=2.61E-05 time=357.942
After sweep 33 energy=-71.39819766734111  maxlinkdim=1500 maxerr=2.64E-05 time=354.809
After sweep 34 energy=-71.39827324365552  maxlinkdim=1500 maxerr=2.66E-05 time=357.527
After sweep 35 energy=-71.39833288812846  maxlinkdim=1500 maxerr=2.68E-05 time=357.581
Stopping DMRG after sweep 35
  E(N-1) = -71.39833288812846

[3/3] Computing E(N=120)
  Initial state: 120 particles (60 up, 60 dn)
After sweep 1 energy=-54.651976625330136  maxlinkdim=20 maxerr=1.07E-03 time=10.989
After sweep 2 energy=-62.79100360340327  maxlinkdim=50 maxerr=7.56E-04 time=28.087
After sweep 3 energy=-65.33839757269199  maxlinkdim=100 maxerr=4.23E-04 time=41.367
After sweep 4 energy=-66.78268320077927  maxlinkdim=200 maxerr=2.00E-04 time=60.773
After sweep 5 energy=-67.72358645490257  maxlinkdim=1500 maxerr=4.30E-07 time=172.782
After sweep 6 energy=-68.19237141831223  maxlinkdim=1500 maxerr=2.13E-06 time=366.169
After sweep 7 energy=-68.49874592261878  maxlinkdim=1500 maxerr=2.76E-06 time=361.338
After sweep 8 energy=-68.74249436091154  maxlinkdim=1500 maxerr=2.20E-05 time=363.681
After sweep 9 energy=-68.91237454338894  maxlinkdim=1500 maxerr=2.36E-05 time=365.597
After sweep 10 energy=-69.04611159069476  maxlinkdim=1500 maxerr=1.12E-05 time=361.841
After sweep 11 energy=-69.15180594942372  maxlinkdim=1500 maxerr=1.78E-05 time=347.339
After sweep 12 energy=-69.2384238946843  maxlinkdim=1500 maxerr=1.15E-05 time=342.733
After sweep 13 energy=-69.31402773606692  maxlinkdim=1500 maxerr=1.03E-05 time=344.600
After sweep 14 energy=-69.37098590386668  maxlinkdim=1500 maxerr=1.18E-05 time=361.778
After sweep 15 energy=-69.41466732679403  maxlinkdim=1500 maxerr=1.35E-05 time=360.406
After sweep 16 energy=-69.47773020387949  maxlinkdim=1500 maxerr=1.35E-05 time=365.160
After sweep 17 energy=-69.5282472332275  maxlinkdim=1500 maxerr=2.73E-05 time=356.331
After sweep 18 energy=-69.55891433935213  maxlinkdim=1500 maxerr=1.99E-05 time=344.086
After sweep 19 energy=-69.58243817847898  maxlinkdim=1500 maxerr=2.11E-05 time=344.818
After sweep 20 energy=-69.59799461989736  maxlinkdim=1500 maxerr=2.10E-05 time=342.260
After sweep 21 energy=-69.60779487907381  maxlinkdim=1500 maxerr=1.75E-05 time=344.682
After sweep 22 energy=-69.61712155863715  maxlinkdim=1500 maxerr=2.12E-05 time=348.790
After sweep 23 energy=-69.61959704621403  maxlinkdim=1500 maxerr=2.00E-05 time=346.239
After sweep 24 energy=-69.62029263677394  maxlinkdim=1500 maxerr=1.99E-05 time=347.547
After sweep 25 energy=-69.62051231601953  maxlinkdim=1500 maxerr=1.97E-05 time=364.680
After sweep 26 energy=-69.62058622383942  maxlinkdim=1500 maxerr=1.98E-05 time=366.846
After sweep 27 energy=-69.62061056504474  maxlinkdim=1500 maxerr=1.98E-05 time=364.939
Stopping DMRG after sweep 27
  E(N) = -69.62061056504474

============================================================
RESULTS:
  E(118) = -73.24516416568613
  E(119) = -71.39833288812846
  E(120)     = -69.62061056504474
  E_p = -0.06910895  (attractive hole pairing)
============================================================
RESULT: E_p = -0.06910895447396115
