Calculating pair binding energy for ladder
L=64, U=8.0, V=0.0, t0=1.1, density=0.875
============================================================
Pair binding energy for Hubbard ladder
L = 64 rungs, 128 sites
U = 8.0, V = 0.0, t = 1.0, t0 = 1.1, density = 0.875
N_base = 112
============================================================

[1/3] Computing E(N-2=110)
  Initial state: 110 particles (55 up, 55 dn)
After sweep 1 energy=-51.83170657171249  maxlinkdim=20 maxerr=2.78E-04 time=48.620
After sweep 2 energy=-60.96278688289062  maxlinkdim=50 maxerr=1.98E-05 time=28.122
After sweep 3 energy=-64.61079205546855  maxlinkdim=100 maxerr=2.86E-06 time=39.862
After sweep 4 energy=-66.46926948206305  maxlinkdim=200 maxerr=1.27E-07 time=58.179
After sweep 5 energy=-70.39854896903252  maxlinkdim=1025 maxerr=1.00E-10 time=71.135
After sweep 6 energy=-72.25833005386916  maxlinkdim=1499 maxerr=1.04E-10 time=94.467
After sweep 7 energy=-74.03994698993002  maxlinkdim=1500 maxerr=4.97E-10 time=110.821
After sweep 8 energy=-75.94141941940867  maxlinkdim=1500 maxerr=2.07E-09 time=124.390
After sweep 9 energy=-77.34675877952375  maxlinkdim=1500 maxerr=2.73E-09 time=137.415
After sweep 10 energy=-78.37514825384656  maxlinkdim=1500 maxerr=3.23E-09 time=145.430
After sweep 11 energy=-79.15902151353461  maxlinkdim=1500 maxerr=3.80E-09 time=149.020
After sweep 12 energy=-80.02276352116674  maxlinkdim=1500 maxerr=9.87E-09 time=161.448
After sweep 13 energy=-80.63887539971716  maxlinkdim=1500 maxerr=6.35E-09 time=170.356
After sweep 14 energy=-81.14680039708196  maxlinkdim=1500 maxerr=7.46E-09 time=177.747
After sweep 15 energy=-81.55493952096155  maxlinkdim=1500 maxerr=7.41E-09 time=187.721
After sweep 16 energy=-81.90550097506852  maxlinkdim=1500 maxerr=6.63E-09 time=202.857
After sweep 17 energy=-82.19373279680403  maxlinkdim=1500 maxerr=6.54E-09 time=209.806
After sweep 18 energy=-82.45617746261024  maxlinkdim=1500 maxerr=5.54E-09 time=217.360
After sweep 19 energy=-82.68683132559116  maxlinkdim=1500 maxerr=5.61E-09 time=220.419
After sweep 20 energy=-82.91833346126656  maxlinkdim=1500 maxerr=4.57E-09 time=231.770
After sweep 21 energy=-83.15655770257578  maxlinkdim=1500 maxerr=5.66E-09 time=239.386
After sweep 22 energy=-83.37314186740305  maxlinkdim=1500 maxerr=7.48E-09 time=248.421
After sweep 23 energy=-83.58386380168348  maxlinkdim=1500 maxerr=9.72E-09 time=258.348
After sweep 24 energy=-83.78622312041196  maxlinkdim=1500 maxerr=1.13E-08 time=259.282
After sweep 25 energy=-83.98407648597187  maxlinkdim=1500 maxerr=1.40E-08 time=262.880
After sweep 26 energy=-84.16859491206772  maxlinkdim=1500 maxerr=1.42E-08 time=267.786
After sweep 27 energy=-84.33992364195969  maxlinkdim=1500 maxerr=1.99E-08 time=272.091
After sweep 28 energy=-84.49599713934875  maxlinkdim=1500 maxerr=1.91E-08 time=273.145
After sweep 29 energy=-84.63178443525659  maxlinkdim=1500 maxerr=1.73E-08 time=269.188
After sweep 30 energy=-84.76174460001491  maxlinkdim=1500 maxerr=2.12E-08 time=271.797
After sweep 31 energy=-84.89096961413424  maxlinkdim=1500 maxerr=2.96E-08 time=275.276
After sweep 32 energy=-85.01649585177249  maxlinkdim=1500 maxerr=3.22E-08 time=276.090
After sweep 33 energy=-85.16022335963085  maxlinkdim=1500 maxerr=1.39E-06 time=278.876
After sweep 34 energy=-85.2843156342862  maxlinkdim=1500 maxerr=7.66E-08 time=290.489
After sweep 35 energy=-85.4059633434669  maxlinkdim=1500 maxerr=6.40E-08 time=294.201
After sweep 36 energy=-85.50963216467456  maxlinkdim=1500 maxerr=5.61E-07 time=295.756
After sweep 37 energy=-85.61886904334071  maxlinkdim=1500 maxerr=7.53E-08 time=300.957
After sweep 38 energy=-85.7134175323574  maxlinkdim=1500 maxerr=2.00E-07 time=295.109
After sweep 39 energy=-85.8126031272108  maxlinkdim=1500 maxerr=9.98E-08 time=304.692
After sweep 40 energy=-85.89542595389419  maxlinkdim=1500 maxerr=1.78E-07 time=303.419
After sweep 41 energy=-85.99398239843839  maxlinkdim=1500 maxerr=1.04E-06 time=308.049
After sweep 42 energy=-86.10886948532031  maxlinkdim=1500 maxerr=5.80E-07 time=307.078
After sweep 43 energy=-86.1931475350623  maxlinkdim=1500 maxerr=3.05E-07 time=299.601
After sweep 44 energy=-86.26018065638414  maxlinkdim=1500 maxerr=1.37E-07 time=303.646
After sweep 45 energy=-86.31785125544002  maxlinkdim=1500 maxerr=9.95E-07 time=303.091
After sweep 46 energy=-86.37676040454433  maxlinkdim=1500 maxerr=9.91E-07 time=295.294
After sweep 47 energy=-86.43649724251061  maxlinkdim=1500 maxerr=1.09E-07 time=310.813
After sweep 48 energy=-86.48862789406259  maxlinkdim=1500 maxerr=1.19E-07 time=315.664
After sweep 49 energy=-86.53562736916331  maxlinkdim=1500 maxerr=1.98E-06 time=317.145
After sweep 50 energy=-86.60007043656555  maxlinkdim=1500 maxerr=7.86E-07 time=315.383
After sweep 51 energy=-86.65004406063287  maxlinkdim=1500 maxerr=2.41E-07 time=313.610
After sweep 52 energy=-86.6951879477356  maxlinkdim=1500 maxerr=8.18E-07 time=314.803
