Calculating pair binding energy for ladder
L=64, U=8.0, V=0.0, t0=0.2, density=0.875
============================================================
Pair binding energy for Hubbard ladder
L = 64 rungs, 128 sites
U = 8.0, V = 0.0, t = 1.0, t0 = 0.2, density = 0.875
N_base = 112
============================================================

[1/3] Computing E(N-2=110)
  Initial state: 110 particles (55 up, 55 dn)
After sweep 1 energy=-16.08150862487595  maxlinkdim=20 maxerr=1.57E-04 time=47.751
After sweep 2 energy=-38.1879292331066  maxlinkdim=50 maxerr=2.11E-05 time=28.448
After sweep 3 energy=-46.0071047456401  maxlinkdim=100 maxerr=3.56E-06 time=41.342
After sweep 4 energy=-49.80486811005698  maxlinkdim=200 maxerr=1.35E-06 time=60.300
After sweep 5 energy=-52.38024747699167  maxlinkdim=1000 maxerr=6.56E-10 time=85.112
After sweep 6 energy=-54.19483388899127  maxlinkdim=1000 maxerr=1.83E-08 time=125.262
After sweep 7 energy=-56.25880112697452  maxlinkdim=1000 maxerr=8.75E-08 time=137.317
After sweep 8 energy=-58.27162398630825  maxlinkdim=1000 maxerr=2.44E-06 time=154.132
After sweep 9 energy=-59.41107941688079  maxlinkdim=1000 maxerr=1.18E-07 time=164.179
After sweep 10 energy=-60.17296159144474  maxlinkdim=1000 maxerr=7.55E-08 time=167.731
After sweep 11 energy=-60.842913048038504  maxlinkdim=1000 maxerr=1.08E-07 time=172.183
After sweep 12 energy=-61.607008914884794  maxlinkdim=1000 maxerr=2.39E-07 time=177.125
After sweep 13 energy=-62.13758770588207  maxlinkdim=1000 maxerr=1.37E-07 time=181.625
After sweep 14 energy=-62.69473343193156  maxlinkdim=1000 maxerr=4.50E-07 time=178.070
After sweep 15 energy=-63.110121571296276  maxlinkdim=1000 maxerr=6.55E-07 time=179.184
After sweep 16 energy=-63.49253917963898  maxlinkdim=1000 maxerr=1.60E-07 time=180.183
After sweep 17 energy=-63.85972149159836  maxlinkdim=1000 maxerr=2.19E-07 time=186.373
After sweep 18 energy=-64.18750091537972  maxlinkdim=1000 maxerr=1.87E-07 time=177.634
After sweep 19 energy=-64.46795698779998  maxlinkdim=1000 maxerr=1.68E-07 time=174.796
After sweep 20 energy=-64.75227917300451  maxlinkdim=1000 maxerr=2.14E-07 time=183.038
After sweep 21 energy=-65.01443012413154  maxlinkdim=1000 maxerr=2.44E-07 time=177.948
After sweep 22 energy=-65.29821821313655  maxlinkdim=1000 maxerr=3.46E-07 time=181.581
After sweep 23 energy=-65.60326109056798  maxlinkdim=1000 maxerr=4.53E-07 time=179.426
After sweep 24 energy=-65.82934474752746  maxlinkdim=1000 maxerr=2.43E-07 time=177.223
After sweep 25 energy=-66.02563461616812  maxlinkdim=1000 maxerr=8.82E-07 time=177.360
After sweep 26 energy=-66.19245819156387  maxlinkdim=1000 maxerr=2.08E-06 time=179.276
After sweep 27 energy=-66.34124227853334  maxlinkdim=1000 maxerr=1.48E-06 time=178.999
After sweep 28 energy=-66.4852969500375  maxlinkdim=1000 maxerr=2.56E-06 time=175.572
After sweep 29 energy=-66.62432294416453  maxlinkdim=1000 maxerr=2.66E-06 time=171.446
After sweep 30 energy=-66.75426635149495  maxlinkdim=1000 maxerr=2.54E-06 time=167.911
After sweep 31 energy=-66.88287797533077  maxlinkdim=1000 maxerr=3.06E-06 time=166.682
After sweep 32 energy=-66.99522517229987  maxlinkdim=1000 maxerr=1.30E-06 time=165.208
After sweep 33 energy=-67.10436265335342  maxlinkdim=1000 maxerr=4.02E-06 time=167.836
After sweep 34 energy=-67.20985688994926  maxlinkdim=1000 maxerr=1.79E-06 time=166.539
After sweep 35 energy=-67.30853244696229  maxlinkdim=1000 maxerr=2.03E-06 time=166.318
After sweep 36 energy=-67.40529068993628  maxlinkdim=1000 maxerr=2.46E-06 time=168.263
After sweep 37 energy=-67.77530282763121  maxlinkdim=1000 maxerr=2.12E-05 time=167.029
After sweep 38 energy=-68.07130619287321  maxlinkdim=1000 maxerr=7.42E-06 time=172.472
After sweep 39 energy=-68.2723495993688  maxlinkdim=1000 maxerr=1.38E-05 time=178.272
After sweep 40 energy=-68.44241922439515  maxlinkdim=1000 maxerr=1.94E-05 time=182.276
After sweep 41 energy=-68.58286511061155  maxlinkdim=1000 maxerr=1.82E-05 time=180.655
After sweep 42 energy=-68.69947254191291  maxlinkdim=1000 maxerr=1.89E-05 time=187.005
After sweep 43 energy=-68.80712524069848  maxlinkdim=1000 maxerr=1.77E-05 time=182.797
After sweep 44 energy=-68.90938746460017  maxlinkdim=1000 maxerr=1.91E-05 time=176.405
After sweep 45 energy=-69.01758371653241  maxlinkdim=1000 maxerr=2.38E-05 time=175.859
After sweep 46 energy=-69.1635138618294  maxlinkdim=1000 maxerr=1.56E-05 time=181.474
After sweep 47 energy=-69.28064272342665  maxlinkdim=1000 maxerr=2.78E-05 time=175.878
After sweep 48 energy=-69.35908703537  maxlinkdim=1000 maxerr=1.79E-05 time=176.668
After sweep 49 energy=-69.4302428680658  maxlinkdim=1000 maxerr=2.12E-05 time=171.283
After sweep 50 energy=-69.48507705190349  maxlinkdim=1000 maxerr=1.91E-05 time=170.143
After sweep 51 energy=-69.5208470017629  maxlinkdim=1000 maxerr=2.03E-05 time=174.682
After sweep 52 energy=-69.55081072545312  maxlinkdim=1000 maxerr=1.90E-05 time=171.921
After sweep 53 energy=-69.56723156463606  maxlinkdim=1000 maxerr=1.74E-05 time=170.552
After sweep 54 energy=-69.57323187609649  maxlinkdim=1000 maxerr=1.40E-05 time=168.510
After sweep 55 energy=-69.57563253595205  maxlinkdim=1000 maxerr=1.26E-05 time=166.918
After sweep 56 energy=-69.57673707543194  maxlinkdim=1000 maxerr=1.27E-05 time=168.888
After sweep 57 energy=-69.57728430471379  maxlinkdim=1000 maxerr=1.28E-05 time=173.783
After sweep 58 energy=-69.57759131917635  maxlinkdim=1000 maxerr=1.29E-05 time=188.169
After sweep 59 energy=-69.57776118593058  maxlinkdim=1000 maxerr=1.33E-05 time=189.311
After sweep 60 energy=-69.57786952121249  maxlinkdim=1000 maxerr=1.29E-05 time=186.761
After sweep 61 energy=-69.5779424698129  maxlinkdim=1000 maxerr=1.27E-05 time=186.692
After sweep 62 energy=-69.57798997978642  maxlinkdim=1000 maxerr=1.28E-05 time=186.937
After sweep 63 energy=-69.57801515334974  maxlinkdim=1000 maxerr=1.27E-05 time=185.002
After sweep 64 energy=-69.5780338221129  maxlinkdim=1000 maxerr=1.26E-05 time=183.847
After sweep 65 energy=-69.57805380301176  maxlinkdim=1000 maxerr=1.27E-05 time=183.927
After sweep 66 energy=-69.57806357520394  maxlinkdim=1000 maxerr=1.29E-05 time=181.935
After sweep 67 energy=-69.57807280607585  maxlinkdim=1000 maxerr=1.29E-05 time=181.918
After sweep 68 energy=-69.57808081789338  maxlinkdim=1000 maxerr=1.30E-05 time=183.280
After sweep 69 energy=-69.57808802099284  maxlinkdim=1000 maxerr=1.30E-05 time=182.530
After sweep 70 energy=-69.57809600932285  maxlinkdim=1000 maxerr=1.30E-05 time=185.830
After sweep 71 energy=-69.57809284289604  maxlinkdim=1000 maxerr=1.30E-05 time=166.463
After sweep 72 energy=-69.57810107711208  maxlinkdim=1000 maxerr=1.30E-05 time=166.800
After sweep 73 energy=-69.57810218173768  maxlinkdim=1000 maxerr=1.30E-05 time=165.047
After sweep 74 energy=-69.57810403812081  maxlinkdim=1000 maxerr=1.31E-05 time=165.699
After sweep 75 energy=-69.5781084404323  maxlinkdim=1000 maxerr=1.31E-05 time=167.461
After sweep 76 energy=-69.57810926482136  maxlinkdim=1000 maxerr=1.31E-05 time=173.570
After sweep 77 energy=-69.5781084945549  maxlinkdim=1000 maxerr=1.31E-05 time=179.843
After sweep 78 energy=-69.57810967027217  maxlinkdim=1000 maxerr=1.31E-05 time=184.017
After sweep 79 energy=-69.57811162807793  maxlinkdim=1000 maxerr=1.31E-05 time=181.926
After sweep 80 energy=-69.57811238323748  maxlinkdim=1000 maxerr=1.31E-05 time=179.078
After sweep 81 energy=-69.57811381188127  maxlinkdim=1000 maxerr=1.31E-05 time=178.339
After sweep 82 energy=-69.57811605645958  maxlinkdim=1000 maxerr=1.31E-05 time=182.133
After sweep 83 energy=-69.57811522320895  maxlinkdim=1000 maxerr=1.31E-05 time=177.758
After sweep 84 energy=-69.57811641855227  maxlinkdim=1000 maxerr=1.31E-05 time=174.810
After sweep 85 energy=-69.5781165927782  maxlinkdim=1000 maxerr=1.31E-05 time=165.737
After sweep 86 energy=-69.57811713411063  maxlinkdim=1000 maxerr=1.31E-05 time=178.911
After sweep 87 energy=-69.57811806551533  maxlinkdim=1000 maxerr=1.31E-05 time=184.358
After sweep 88 energy=-69.57812021093945  maxlinkdim=1000 maxerr=1.31E-05 time=178.460
After sweep 89 energy=-69.57812053180879  maxlinkdim=1000 maxerr=1.32E-05 time=189.707
After sweep 90 energy=-69.57812192883071  maxlinkdim=1000 maxerr=1.32E-05 time=184.169
After sweep 91 energy=-69.57812107675494  maxlinkdim=1000 maxerr=1.32E-05 time=180.935
After sweep 92 energy=-69.57811964947807  maxlinkdim=1000 maxerr=1.31E-05 time=173.653
After sweep 93 energy=-69.57812016595379  maxlinkdim=1000 maxerr=1.31E-05 time=169.312
After sweep 94 energy=-69.57812057231898  maxlinkdim=1000 maxerr=1.31E-05 time=176.268
After sweep 95 energy=-69.57812138163048  maxlinkdim=1000 maxerr=1.31E-05 time=183.125
After sweep 96 energy=-69.57812090612259  maxlinkdim=1000 maxerr=1.30E-05 time=186.902
After sweep 97 energy=-69.57811852259289  maxlinkdim=1000 maxerr=1.27E-05 time=179.728
After sweep 98 energy=-69.57812097184673  maxlinkdim=1000 maxerr=1.27E-05 time=181.180
After sweep 99 energy=-69.57812247067658  maxlinkdim=1000 maxerr=1.27E-05 time=187.479
After sweep 100 energy=-69.57812202509801  maxlinkdim=1000 maxerr=1.27E-05 time=182.699
  E(N-2) = -69.57812202509801

[2/3] Computing E(N-1=111)
  Initial state: 111 particles (56 up, 55 dn)
After sweep 1 energy=-17.63828343486962  maxlinkdim=20 maxerr=2.67E-04 time=10.586
After sweep 2 energy=-40.8573430349654  maxlinkdim=50 maxerr=7.28E-05 time=24.138
After sweep 3 energy=-48.062530205943915  maxlinkdim=100 maxerr=1.14E-05 time=36.982
After sweep 4 energy=-51.567388832657414  maxlinkdim=200 maxerr=2.21E-06 time=54.817
After sweep 5 energy=-54.09726408505461  maxlinkdim=1000 maxerr=2.56E-09 time=79.688
After sweep 6 energy=-55.79634165632637  maxlinkdim=1000 maxerr=2.34E-08 time=116.855
After sweep 7 energy=-57.556385519747046  maxlinkdim=1000 maxerr=8.89E-08 time=129.243
After sweep 8 energy=-58.886508803975346  maxlinkdim=1000 maxerr=1.20E-07 time=142.627
After sweep 9 energy=-59.928730901586896  maxlinkdim=1000 maxerr=1.24E-07 time=157.063
After sweep 10 energy=-60.60087130412319  maxlinkdim=1000 maxerr=1.20E-07 time=163.089
After sweep 11 energy=-61.192829105839834  maxlinkdim=1000 maxerr=9.45E-08 time=168.096
After sweep 12 energy=-61.57687570318438  maxlinkdim=1000 maxerr=7.91E-08 time=170.844
After sweep 13 energy=-61.89214786485535  maxlinkdim=1000 maxerr=7.71E-08 time=176.103
After sweep 14 energy=-62.25379275850521  maxlinkdim=1000 maxerr=4.00E-07 time=179.499
After sweep 15 energy=-62.729546110474956  maxlinkdim=1000 maxerr=3.78E-07 time=182.119
After sweep 16 energy=-63.05274872545755  maxlinkdim=1000 maxerr=2.10E-07 time=178.669
After sweep 17 energy=-63.30683418878098  maxlinkdim=1000 maxerr=1.15E-07 time=178.966
After sweep 18 energy=-63.56141456786249  maxlinkdim=1000 maxerr=5.70E-07 time=172.592
After sweep 19 energy=-63.80887927418193  maxlinkdim=1000 maxerr=4.40E-07 time=171.358
After sweep 20 energy=-64.04131461097073  maxlinkdim=1000 maxerr=3.63E-07 time=170.197
After sweep 21 energy=-64.28428222309053  maxlinkdim=1000 maxerr=7.46E-07 time=172.661
After sweep 22 energy=-64.53831801872013  maxlinkdim=1000 maxerr=7.02E-07 time=172.745
After sweep 23 energy=-64.7219067524041  maxlinkdim=1000 maxerr=1.12E-06 time=171.185
After sweep 24 energy=-64.88631577413709  maxlinkdim=1000 maxerr=4.67E-07 time=171.527
After sweep 25 energy=-65.04847268795635  maxlinkdim=1000 maxerr=6.27E-07 time=170.506
After sweep 26 energy=-65.21052591265251  maxlinkdim=1000 maxerr=3.40E-06 time=170.149
After sweep 27 energy=-65.36263040541739  maxlinkdim=1000 maxerr=4.22E-06 time=168.074
After sweep 28 energy=-65.50370193743625  maxlinkdim=1000 maxerr=5.79E-06 time=173.326
After sweep 29 energy=-65.63346030888266  maxlinkdim=1000 maxerr=3.35E-06 time=170.965
After sweep 30 energy=-65.7610423120182  maxlinkdim=1000 maxerr=1.76E-06 time=172.923
After sweep 31 energy=-65.89125936768616  maxlinkdim=1000 maxerr=6.22E-06 time=174.818
After sweep 32 energy=-66.00226187761697  maxlinkdim=1000 maxerr=5.69E-06 time=173.778
After sweep 33 energy=-66.12364255085296  maxlinkdim=1000 maxerr=7.40E-06 time=175.467
After sweep 34 energy=-66.23048125983888  maxlinkdim=1000 maxerr=1.36E-05 time=172.075
After sweep 35 energy=-66.33527686364675  maxlinkdim=1000 maxerr=1.13E-05 time=171.929
After sweep 36 energy=-66.43179829407593  maxlinkdim=1000 maxerr=1.24E-05 time=178.519
After sweep 37 energy=-66.52627688724203  maxlinkdim=1000 maxerr=6.27E-06 time=183.648
After sweep 38 energy=-66.60560362012939  maxlinkdim=1000 maxerr=5.82E-06 time=184.382
After sweep 39 energy=-66.68206316495389  maxlinkdim=1000 maxerr=9.09E-06 time=181.907
After sweep 40 energy=-66.75837114380079  maxlinkdim=1000 maxerr=4.76E-06 time=182.081
After sweep 41 energy=-66.83131688826018  maxlinkdim=1000 maxerr=6.28E-06 time=190.579
After sweep 42 energy=-66.90643890060497  maxlinkdim=1000 maxerr=5.41E-06 time=186.541
After sweep 43 energy=-67.23564447904823  maxlinkdim=1000 maxerr=1.82E-05 time=183.204
After sweep 44 energy=-67.52678455982357  maxlinkdim=1000 maxerr=2.99E-05 time=173.856
After sweep 45 energy=-67.69460062018615  maxlinkdim=1000 maxerr=1.83E-05 time=171.569
After sweep 46 energy=-67.80999306780726  maxlinkdim=1000 maxerr=1.70E-05 time=175.552
After sweep 47 energy=-67.89963039323176  maxlinkdim=1000 maxerr=1.89E-05 time=169.605
After sweep 48 energy=-68.0106665718606  maxlinkdim=1000 maxerr=2.67E-05 time=170.433
After sweep 49 energy=-68.08601899747511  maxlinkdim=1000 maxerr=2.45E-05 time=173.301
After sweep 50 energy=-68.13253085481631  maxlinkdim=1000 maxerr=2.37E-05 time=171.896
After sweep 51 energy=-68.16570562381122  maxlinkdim=1000 maxerr=2.36E-05 time=166.898
After sweep 52 energy=-68.18972582727422  maxlinkdim=1000 maxerr=2.02E-05 time=169.265
After sweep 53 energy=-68.20607598191827  maxlinkdim=1000 maxerr=1.92E-05 time=168.841
After sweep 54 energy=-68.21740034686296  maxlinkdim=1000 maxerr=1.74E-05 time=167.299
After sweep 55 energy=-68.22508127864197  maxlinkdim=1000 maxerr=1.70E-05 time=167.495
After sweep 56 energy=-68.22970404631602  maxlinkdim=1000 maxerr=1.66E-05 time=166.231
After sweep 57 energy=-68.23210813649422  maxlinkdim=1000 maxerr=1.60E-05 time=181.554
After sweep 58 energy=-68.23344396920277  maxlinkdim=1000 maxerr=1.57E-05 time=183.343
After sweep 59 energy=-68.23423044329118  maxlinkdim=1000 maxerr=1.57E-05 time=183.023
After sweep 60 energy=-68.23475840468517  maxlinkdim=1000 maxerr=1.54E-05 time=185.865
After sweep 61 energy=-68.23513153025044  maxlinkdim=1000 maxerr=1.55E-05 time=184.335
After sweep 62 energy=-68.23540924367427  maxlinkdim=1000 maxerr=1.57E-05 time=183.304
After sweep 63 energy=-68.23562825794079  maxlinkdim=1000 maxerr=1.57E-05 time=184.564
After sweep 64 energy=-68.23580680370002  maxlinkdim=1000 maxerr=1.57E-05 time=183.858
After sweep 65 energy=-68.23595367787995  maxlinkdim=1000 maxerr=1.57E-05 time=174.146
After sweep 66 energy=-68.23607414044989  maxlinkdim=1000 maxerr=1.58E-05 time=175.229
After sweep 67 energy=-68.23617336355663  maxlinkdim=1000 maxerr=1.59E-05 time=175.502
After sweep 68 energy=-68.2362629242257  maxlinkdim=1000 maxerr=1.60E-05 time=176.800
After sweep 69 energy=-68.23634205076883  maxlinkdim=1000 maxerr=1.61E-05 time=176.365
After sweep 70 energy=-68.23640797793769  maxlinkdim=1000 maxerr=1.62E-05 time=173.947
After sweep 71 energy=-68.23646956796352  maxlinkdim=1000 maxerr=1.63E-05 time=174.625
After sweep 72 energy=-68.23651867467755  maxlinkdim=1000 maxerr=1.63E-05 time=170.747
After sweep 73 energy=-68.2365671199671  maxlinkdim=1000 maxerr=1.64E-05 time=176.066
After sweep 74 energy=-68.23660851984928  maxlinkdim=1000 maxerr=1.65E-05 time=179.879
After sweep 75 energy=-68.23664274439642  maxlinkdim=1000 maxerr=1.65E-05 time=177.861
After sweep 76 energy=-68.23668405776509  maxlinkdim=1000 maxerr=1.66E-05 time=176.687
After sweep 77 energy=-68.23671065472055  maxlinkdim=1000 maxerr=1.66E-05 time=171.567
After sweep 78 energy=-68.2367381290962  maxlinkdim=1000 maxerr=1.66E-05 time=174.728
After sweep 79 energy=-68.23676041983238  maxlinkdim=1000 maxerr=1.66E-05 time=174.142
After sweep 80 energy=-68.23678405890138  maxlinkdim=1000 maxerr=1.67E-05 time=173.254
After sweep 81 energy=-68.23680379529719  maxlinkdim=1000 maxerr=1.67E-05 time=176.473
After sweep 82 energy=-68.23682586777032  maxlinkdim=1000 maxerr=1.67E-05 time=176.645
After sweep 83 energy=-68.23684433343546  maxlinkdim=1000 maxerr=1.67E-05 time=174.166
After sweep 84 energy=-68.23686112137085  maxlinkdim=1000 maxerr=1.67E-05 time=173.645
After sweep 85 energy=-68.23688185601362  maxlinkdim=1000 maxerr=1.67E-05 time=176.664
After sweep 86 energy=-68.23689318697333  maxlinkdim=1000 maxerr=1.67E-05 time=175.613
After sweep 87 energy=-68.23690636553383  maxlinkdim=1000 maxerr=1.68E-05 time=172.465
After sweep 88 energy=-68.23691342343902  maxlinkdim=1000 maxerr=1.68E-05 time=176.791
After sweep 89 energy=-68.23692340605298  maxlinkdim=1000 maxerr=1.68E-05 time=176.855
After sweep 90 energy=-68.2369325215131  maxlinkdim=1000 maxerr=1.68E-05 time=175.368
After sweep 91 energy=-68.23694625775211  maxlinkdim=1000 maxerr=1.68E-05 time=176.032
After sweep 92 energy=-68.23694971586832  maxlinkdim=1000 maxerr=1.68E-05 time=182.988
After sweep 93 energy=-68.23695964319381  maxlinkdim=1000 maxerr=1.68E-05 time=182.611
After sweep 94 energy=-68.23696510475664  maxlinkdim=1000 maxerr=1.69E-05 time=178.894
After sweep 95 energy=-68.2369717012247  maxlinkdim=1000 maxerr=1.69E-05 time=180.481
After sweep 96 energy=-68.2369802755005  maxlinkdim=1000 maxerr=1.69E-05 time=181.113
After sweep 97 energy=-68.23699005131496  maxlinkdim=1000 maxerr=1.69E-05 time=180.256
After sweep 98 energy=-68.23699199840935  maxlinkdim=1000 maxerr=1.69E-05 time=177.942
After sweep 99 energy=-68.23700194079973  maxlinkdim=1000 maxerr=1.69E-05 time=173.411
After sweep 100 energy=-68.23700326173204  maxlinkdim=1000 maxerr=1.69E-05 time=170.945
  E(N-1) = -68.23700326173204

[3/3] Computing E(N=112)
  Initial state: 112 particles (56 up, 56 dn)
After sweep 1 energy=-17.698086408748328  maxlinkdim=20 maxerr=2.11E-04 time=8.953
After sweep 2 energy=-39.79114353290876  maxlinkdim=50 maxerr=6.11E-05 time=21.293
After sweep 3 energy=-45.97091440886313  maxlinkdim=100 maxerr=2.76E-06 time=31.622
After sweep 4 energy=-49.15745289344594  maxlinkdim=200 maxerr=6.05E-07 time=49.825
After sweep 5 energy=-51.271627774545536  maxlinkdim=1000 maxerr=1.12E-10 time=68.207
After sweep 6 energy=-53.121525702503625  maxlinkdim=1000 maxerr=1.14E-08 time=97.507
After sweep 7 energy=-55.21542479169504  maxlinkdim=1000 maxerr=1.50E-07 time=112.193
After sweep 8 energy=-56.671327828891606  maxlinkdim=1000 maxerr=1.66E-07 time=127.399
After sweep 9 energy=-58.00259337374477  maxlinkdim=1000 maxerr=6.17E-07 time=137.688
After sweep 10 energy=-59.11858230997523  maxlinkdim=1000 maxerr=2.83E-07 time=151.233
After sweep 11 energy=-60.0450912820717  maxlinkdim=1000 maxerr=6.11E-07 time=157.850
After sweep 12 energy=-60.59199295930368  maxlinkdim=1000 maxerr=2.58E-07 time=163.174
After sweep 13 energy=-61.23786793633647  maxlinkdim=1000 maxerr=8.01E-07 time=166.176
After sweep 14 energy=-61.8216981890457  maxlinkdim=1000 maxerr=1.95E-06 time=169.628
After sweep 15 energy=-62.17619756194968  maxlinkdim=1000 maxerr=1.44E-06 time=169.929
After sweep 16 energy=-62.48893385175442  maxlinkdim=1000 maxerr=3.16E-07 time=168.197
After sweep 17 energy=-62.813533477933326  maxlinkdim=1000 maxerr=9.57E-07 time=170.144
After sweep 18 energy=-63.07687062397823  maxlinkdim=1000 maxerr=5.99E-07 time=169.570
After sweep 19 energy=-63.268525815980716  maxlinkdim=1000 maxerr=1.93E-07 time=164.569
After sweep 20 energy=-63.4469168127797  maxlinkdim=1000 maxerr=1.91E-07 time=168.527
After sweep 21 energy=-63.64850048884627  maxlinkdim=1000 maxerr=1.56E-06 time=171.194
After sweep 22 energy=-63.91722573349171  maxlinkdim=1000 maxerr=6.30E-06 time=173.759
After sweep 23 energy=-64.12723766033875  maxlinkdim=1000 maxerr=1.53E-05 time=172.199
After sweep 24 energy=-64.29238924883157  maxlinkdim=1000 maxerr=1.56E-05 time=170.015
After sweep 25 energy=-64.43710066598065  maxlinkdim=1000 maxerr=3.31E-06 time=171.708
After sweep 26 energy=-64.57670645660083  maxlinkdim=1000 maxerr=1.21E-06 time=171.656
After sweep 27 energy=-64.70794726962366  maxlinkdim=1000 maxerr=5.25E-06 time=169.796
After sweep 28 energy=-64.83460080176827  maxlinkdim=1000 maxerr=6.51E-06 time=173.000
After sweep 29 energy=-64.96497853950684  maxlinkdim=1000 maxerr=5.33E-06 time=176.269
After sweep 30 energy=-65.08826995349065  maxlinkdim=1000 maxerr=4.16E-06 time=174.665
After sweep 31 energy=-65.19212266070792  maxlinkdim=1000 maxerr=3.51E-06 time=172.063
After sweep 32 energy=-65.30324906710254  maxlinkdim=1000 maxerr=4.47E-06 time=171.640
After sweep 33 energy=-65.4210039276264  maxlinkdim=1000 maxerr=5.90E-06 time=174.496
After sweep 34 energy=-65.52374106316188  maxlinkdim=1000 maxerr=7.88E-06 time=173.406
After sweep 35 energy=-65.61810132873772  maxlinkdim=1000 maxerr=4.03E-06 time=175.380
After sweep 36 energy=-65.70595542679501  maxlinkdim=1000 maxerr=4.96E-06 time=177.489
After sweep 37 energy=-65.78581749804508  maxlinkdim=1000 maxerr=1.16E-05 time=172.916
After sweep 38 energy=-65.85546439293702  maxlinkdim=1000 maxerr=8.16E-06 time=174.506
After sweep 39 energy=-65.92428041665474  maxlinkdim=1000 maxerr=1.93E-05 time=173.496
After sweep 40 energy=-65.99517709661055  maxlinkdim=1000 maxerr=2.33E-05 time=173.631
After sweep 41 energy=-66.06366599494605  maxlinkdim=1000 maxerr=1.52E-05 time=178.775
After sweep 42 energy=-66.31183876342139  maxlinkdim=1000 maxerr=2.65E-05 time=183.115
After sweep 43 energy=-66.48412616175013  maxlinkdim=1000 maxerr=1.72E-05 time=183.281
After sweep 44 energy=-66.58591458499626  maxlinkdim=1000 maxerr=1.98E-05 time=172.892
After sweep 45 energy=-66.66561785736667  maxlinkdim=1000 maxerr=1.88E-05 time=185.593
After sweep 46 energy=-66.72610342343654  maxlinkdim=1000 maxerr=2.32E-05 time=177.181
After sweep 47 energy=-66.7940194624819  maxlinkdim=1000 maxerr=3.29E-05 time=176.608
After sweep 48 energy=-66.83528428257041  maxlinkdim=1000 maxerr=1.95E-05 time=177.619
After sweep 49 energy=-66.8584709594867  maxlinkdim=1000 maxerr=1.77E-05 time=176.846
After sweep 50 energy=-66.87188549671093  maxlinkdim=1000 maxerr=1.61E-05 time=180.332
After sweep 51 energy=-66.87922055683245  maxlinkdim=1000 maxerr=1.47E-05 time=178.331
After sweep 52 energy=-66.88274894212543  maxlinkdim=1000 maxerr=1.32E-05 time=179.437
After sweep 53 energy=-66.88444246400012  maxlinkdim=1000 maxerr=1.32E-05 time=172.829
After sweep 54 energy=-66.88532757949527  maxlinkdim=1000 maxerr=1.36E-05 time=181.555
After sweep 55 energy=-66.8858438098922  maxlinkdim=1000 maxerr=1.36E-05 time=178.315
After sweep 56 energy=-66.88616545485056  maxlinkdim=1000 maxerr=1.34E-05 time=178.809
After sweep 57 energy=-66.8863757575  maxlinkdim=1000 maxerr=1.32E-05 time=180.730
After sweep 58 energy=-66.88651024964709  maxlinkdim=1000 maxerr=1.34E-05 time=179.868
After sweep 59 energy=-66.88661744519575  maxlinkdim=1000 maxerr=1.34E-05 time=177.038
After sweep 60 energy=-66.88669372601062  maxlinkdim=1000 maxerr=1.35E-05 time=177.924
After sweep 61 energy=-66.88675253492649  maxlinkdim=1000 maxerr=1.37E-05 time=180.253
After sweep 62 energy=-66.88680324762038  maxlinkdim=1000 maxerr=1.38E-05 time=173.184
After sweep 63 energy=-66.88684372468593  maxlinkdim=1000 maxerr=1.39E-05 time=178.288
After sweep 64 energy=-66.8868750099605  maxlinkdim=1000 maxerr=1.39E-05 time=181.955
After sweep 65 energy=-66.88690255814141  maxlinkdim=1000 maxerr=1.40E-05 time=183.042
After sweep 66 energy=-66.88692109464978  maxlinkdim=1000 maxerr=1.41E-05 time=180.081
After sweep 67 energy=-66.88694018541635  maxlinkdim=1000 maxerr=1.42E-05 time=177.660
After sweep 68 energy=-66.88695684209856  maxlinkdim=1000 maxerr=1.42E-05 time=178.363
After sweep 69 energy=-66.88696760500378  maxlinkdim=1000 maxerr=1.43E-05 time=180.374
After sweep 70 energy=-66.88697290310145  maxlinkdim=1000 maxerr=1.44E-05 time=179.532
After sweep 71 energy=-66.88698604689002  maxlinkdim=1000 maxerr=1.44E-05 time=179.025
After sweep 72 energy=-66.88699443848041  maxlinkdim=1000 maxerr=1.44E-05 time=181.923
After sweep 73 energy=-66.88700036961524  maxlinkdim=1000 maxerr=1.45E-05 time=181.620
After sweep 74 energy=-66.88700459141981  maxlinkdim=1000 maxerr=1.45E-05 time=177.635
After sweep 75 energy=-66.88700864855245  maxlinkdim=1000 maxerr=1.46E-05 time=178.926
After sweep 76 energy=-66.88701284083024  maxlinkdim=1000 maxerr=1.46E-05 time=180.811
After sweep 77 energy=-66.88701674702656  maxlinkdim=1000 maxerr=1.46E-05 time=177.446
After sweep 78 energy=-66.88702019765641  maxlinkdim=1000 maxerr=1.46E-05 time=175.081
After sweep 79 energy=-66.88702668605063  maxlinkdim=1000 maxerr=1.46E-05 time=179.392
After sweep 80 energy=-66.88702702244787  maxlinkdim=1000 maxerr=1.47E-05 time=174.235
After sweep 81 energy=-66.88703226901222  maxlinkdim=1000 maxerr=1.47E-05 time=169.227
After sweep 82 energy=-66.88703565036334  maxlinkdim=1000 maxerr=1.47E-05 time=171.524
After sweep 83 energy=-66.88703577505034  maxlinkdim=1000 maxerr=1.47E-05 time=180.535
After sweep 84 energy=-66.8870386000349  maxlinkdim=1000 maxerr=1.48E-05 time=182.489
After sweep 85 energy=-66.88704014884962  maxlinkdim=1000 maxerr=1.48E-05 time=183.988
After sweep 86 energy=-66.8870412119076  maxlinkdim=1000 maxerr=1.48E-05 time=178.485
After sweep 87 energy=-66.88704225269274  maxlinkdim=1000 maxerr=1.48E-05 time=184.893
After sweep 88 energy=-66.88704527028969  maxlinkdim=1000 maxerr=1.49E-05 time=180.968
After sweep 89 energy=-66.88704687978743  maxlinkdim=1000 maxerr=1.49E-05 time=181.198
After sweep 90 energy=-66.88704791571557  maxlinkdim=1000 maxerr=1.49E-05 time=180.418
After sweep 91 energy=-66.88704884062516  maxlinkdim=1000 maxerr=1.49E-05 time=171.828
After sweep 92 energy=-66.88704868720863  maxlinkdim=1000 maxerr=1.49E-05 time=170.680
After sweep 93 energy=-66.88705058266152  maxlinkdim=1000 maxerr=1.50E-05 time=176.176
After sweep 94 energy=-66.88705284515974  maxlinkdim=1000 maxerr=1.50E-05 time=172.076
After sweep 95 energy=-66.88705450579117  maxlinkdim=1000 maxerr=1.50E-05 time=168.314
After sweep 96 energy=-66.88705238918104  maxlinkdim=1000 maxerr=1.50E-05 time=172.823
After sweep 97 energy=-66.8870556213983  maxlinkdim=1000 maxerr=1.50E-05 time=178.845
After sweep 98 energy=-66.88705450419003  maxlinkdim=1000 maxerr=1.50E-05 time=179.452
After sweep 99 energy=-66.88705448841671  maxlinkdim=1000 maxerr=1.51E-05 time=180.263
After sweep 100 energy=-66.8870573800074  maxlinkdim=1000 maxerr=1.51E-05 time=177.220
  E(N) = -66.8870573800074

============================================================
RESULTS:
  E(110) = -69.57812202509801
  E(111) = -68.23700326173204
  E(112)     = -66.8870573800074
  E_p = 0.00882712  (repulsive hole pairing)
============================================================
RESULT: E_p = 0.008827118358681219
