L=64, U=-4.0, t0=0.0, density=0.5
============================================================
Pair binding energy for Hubbard ladder
L = 64 rungs, 128 sites
U = -4.0, t = 1.0, t0 = 0.0, density = 0.5
N_base = 64
============================================================

[1/3] Computing E(N-2=62)
  Initial state: 62 particles (31 up, 31 dn)
After sweep 1 energy=-58.47539909380747  maxlinkdim=20 maxerr=2.57E-05 time=34.498
After sweep 2 energy=-121.79909814192291  maxlinkdim=50 maxerr=2.07E-05 time=6.582
After sweep 3 energy=-128.36882035328875  maxlinkdim=100 maxerr=2.48E-07 time=10.359
After sweep 4 energy=-131.0669547640085  maxlinkdim=200 maxerr=2.01E-09 time=17.590
After sweep 5 energy=-137.84871828765958  maxlinkdim=598 maxerr=1.00E-10 time=25.086
After sweep 6 energy=-146.1894893280919  maxlinkdim=1000 maxerr=1.45E-10 time=166.350
After sweep 7 energy=-155.8840978918663  maxlinkdim=1000 maxerr=1.01E-08 time=401.951
After sweep 8 energy=-159.36484902016423  maxlinkdim=1000 maxerr=3.79E-08 time=607.641
After sweep 9 energy=-161.92106599377203  maxlinkdim=1000 maxerr=8.67E-08 time=724.677
After sweep 10 energy=-163.23960886875136  maxlinkdim=1000 maxerr=9.97E-08 time=731.513
After sweep 11 energy=-163.85958086073165  maxlinkdim=1000 maxerr=1.55E-07 time=781.686
After sweep 12 energy=-164.34184501193653  maxlinkdim=1000 maxerr=1.69E-07 time=510.342
After sweep 13 energy=-164.80779943724679  maxlinkdim=1000 maxerr=7.10E-06 time=843.746
After sweep 14 energy=-165.3788511136041  maxlinkdim=1000 maxerr=4.62E-07 time=835.961
srun: Job step aborted: Waiting up to 32 seconds for job step to finish.
slurmstepd: error: *** STEP 47461476.0 ON nid006091 CANCELLED AT 2026-01-06T22:23:33 ***
slurmstepd: error: *** JOB 47461476 ON nid006091 CANCELLED AT 2026-01-06T22:23:33 ***

[1666616] signal 15: Terminated
in expression starting at /global/cfs/cdirs/m4863/MPS-MFT/calculate_E_p_ladder.jl:217
pthread_cond_wait at /lib64/libpthread.so.0 (unknown line)
