outfile_name: results_U_-4.0_t_p_0.05.h5
[ Info:  started timer at: 2025-11-13T08:23:08.116
Starting fresh run
Running with t_p=0.05 U=-4.0 L=100 chi_max=300 E_p=1.476 mu_init=-2.65
After sweep 1 energy=-5.05746673463769  maxlinkdim=16 maxerr=9.66E-11 time=30.102
After sweep 2 energy=-6.053417613211573  maxlinkdim=73 maxerr=9.99E-11 time=2.763
After sweep 3 energy=-6.24683677056315  maxlinkdim=83 maxerr=9.98E-11 time=3.826
After sweep 4 energy=-6.36923344085553  maxlinkdim=104 maxerr=9.99E-11 time=4.746
After sweep 5 energy=-6.459529792399825  maxlinkdim=94 maxerr=9.99E-11 time=5.006
After sweep 6 energy=-6.526552399688072  maxlinkdim=115 maxerr=9.99E-11 time=5.268
After sweep 7 energy=-6.569498785506985  maxlinkdim=164 maxerr=1.00E-10 time=5.431
After sweep 8 energy=-6.599285577064284  maxlinkdim=136 maxerr=9.99E-11 time=5.122
After sweep 9 energy=-6.626889082261656  maxlinkdim=109 maxerr=9.98E-11 time=5.814
After sweep 10 energy=-6.6450219927399194  maxlinkdim=107 maxerr=1.00E-10 time=6.380
After sweep 11 energy=-6.651638868471066  maxlinkdim=123 maxerr=1.00E-10 time=6.360
After sweep 12 energy=-6.655930776514237  maxlinkdim=147 maxerr=1.00E-10 time=6.166
After sweep 13 energy=-6.659463744950436  maxlinkdim=156 maxerr=9.98E-11 time=6.870
After sweep 14 energy=-6.660595260656052  maxlinkdim=160 maxerr=1.00E-10 time=7.470
After sweep 15 energy=-6.6610776106734875  maxlinkdim=129 maxerr=9.99E-11 time=7.183
After sweep 16 energy=-6.661387538229915  maxlinkdim=140 maxerr=1.00E-10 time=7.735
After sweep 17 energy=-6.6614857619345385  maxlinkdim=140 maxerr=9.99E-11 time=8.063
After sweep 18 energy=-6.661499621479172  maxlinkdim=157 maxerr=1.00E-10 time=8.601
After sweep 19 energy=-6.66150038536117  maxlinkdim=128 maxerr=1.00E-10 time=8.936
After sweep 20 energy=-6.661500399015255  maxlinkdim=119 maxerr=1.00E-10 time=8.760
After sweep 21 energy=-6.661500399362078  maxlinkdim=119 maxerr=9.92E-11 time=8.820
After sweep 22 energy=-6.661500399416046  maxlinkdim=119 maxerr=9.92E-11 time=8.730
After sweep 23 energy=-6.66150039942047  maxlinkdim=119 maxerr=9.92E-11 time=8.624
After sweep 24 energy=-6.6615003994206115  maxlinkdim=119 maxerr=9.92E-11 time=8.754
After sweep 25 energy=-6.661500399420984  maxlinkdim=119 maxerr=9.92E-11 time=8.707
After sweep 26 energy=-6.66150039942176  maxlinkdim=119 maxerr=9.92E-11 time=8.479
After sweep 27 energy=-6.66150039942289  maxlinkdim=119 maxerr=9.92E-11 time=8.532
After sweep 28 energy=-6.661500399424175  maxlinkdim=119 maxerr=9.92E-11 time=8.644
After sweep 29 energy=-6.6615003994254955  maxlinkdim=119 maxerr=9.92E-11 time=8.364
After sweep 30 energy=-6.661500399426634  maxlinkdim=119 maxerr=9.92E-11 time=8.740
Not same mu, searching again
After sweep 1 energy=-4.562620778630908  maxlinkdim=16 maxerr=8.01E-11 time=0.877
After sweep 2 energy=-5.576729878455707  maxlinkdim=74 maxerr=9.99E-11 time=2.763
After sweep 3 energy=-5.772185080039359  maxlinkdim=97 maxerr=9.99E-11 time=4.017
After sweep 4 energy=-5.892156915605196  maxlinkdim=107 maxerr=9.99E-11 time=4.583
After sweep 5 energy=-5.9849950774720355  maxlinkdim=146 maxerr=1.00E-10 time=4.947
After sweep 6 energy=-6.048235461719053  maxlinkdim=117 maxerr=9.99E-11 time=5.761
After sweep 7 energy=-6.089569432457608  maxlinkdim=162 maxerr=9.99E-11 time=5.337
After sweep 8 energy=-6.117439249582406  maxlinkdim=155 maxerr=9.99E-11 time=5.529
After sweep 9 energy=-6.135895359656474  maxlinkdim=123 maxerr=1.00E-10 time=5.392
After sweep 10 energy=-6.149755984007383  maxlinkdim=114 maxerr=9.98E-11 time=5.751
After sweep 11 energy=-6.158729330757847  maxlinkdim=140 maxerr=9.99E-11 time=6.150
After sweep 12 energy=-6.163473526505685  maxlinkdim=151 maxerr=1.00E-10 time=6.555
After sweep 13 energy=-6.165385133018621  maxlinkdim=127 maxerr=9.99E-11 time=6.875
After sweep 14 energy=-6.1665543917025865  maxlinkdim=138 maxerr=9.99E-11 time=7.345
After sweep 15 energy=-6.1668341756315135  maxlinkdim=144 maxerr=1.00E-10 time=7.759
After sweep 16 energy=-6.166899770108443  maxlinkdim=130 maxerr=1.00E-10 time=7.598
After sweep 17 energy=-6.166910981265329  maxlinkdim=127 maxerr=1.00E-10 time=8.351
After sweep 18 energy=-6.16691190438544  maxlinkdim=124 maxerr=1.00E-10 time=8.222
After sweep 19 energy=-6.166911930401315  maxlinkdim=115 maxerr=1.00E-10 time=8.713
After sweep 20 energy=-6.166911929379156  maxlinkdim=115 maxerr=1.00E-10 time=8.450
After sweep 21 energy=-6.166911929485109  maxlinkdim=115 maxerr=9.99E-11 time=8.514
After sweep 22 energy=-6.166911929543454  maxlinkdim=115 maxerr=9.99E-11 time=8.106
After sweep 23 energy=-6.166911929572777  maxlinkdim=115 maxerr=9.99E-11 time=8.557
After sweep 24 energy=-6.166911929655743  maxlinkdim=115 maxerr=9.99E-11 time=8.220
After sweep 25 energy=-6.166911929675074  maxlinkdim=115 maxerr=9.99E-11 time=8.089
After sweep 26 energy=-6.166911929688515  maxlinkdim=115 maxerr=9.99E-11 time=8.565
After sweep 27 energy=-6.166911929698272  maxlinkdim=115 maxerr=9.99E-11 time=7.945
After sweep 28 energy=-6.166911929708985  maxlinkdim=115 maxerr=9.99E-11 time=8.200
After sweep 29 energy=-6.166911929722988  maxlinkdim=115 maxerr=9.99E-11 time=7.876
After sweep 30 energy=-6.166911929734083  maxlinkdim=115 maxerr=9.99E-11 time=7.974
n0: 0.48825920011452667; n1: 0.500847126625278; mu0: -2.6599999999999997; mu1: -2.65

Range found between mu0: -2.6599999999999997 (n0: 0.48825920011452667) and mu1: -2.65 (n1: 0.500847126625278); refining...
n0: 0.48825920011452667; n1: 0.500847126625278; mu0: -2.6599999999999997; mu1: -2.65
Trying secant step...
After sweep 1 energy=-5.023370737369951  maxlinkdim=16 maxerr=9.74E-11 time=0.864
After sweep 2 energy=-6.017481842901113  maxlinkdim=78 maxerr=9.97E-11 time=2.779
After sweep 3 energy=-6.210996839569734  maxlinkdim=89 maxerr=1.00E-10 time=3.909
After sweep 4 energy=-6.324359689474767  maxlinkdim=84 maxerr=9.98E-11 time=4.519
After sweep 5 energy=-6.419540186048971  maxlinkdim=140 maxerr=1.00E-10 time=4.244
After sweep 6 energy=-6.486404217792315  maxlinkdim=145 maxerr=9.99E-11 time=4.529
After sweep 7 energy=-6.532496971676841  maxlinkdim=186 maxerr=9.99E-11 time=4.953
After sweep 8 energy=-6.561378074493445  maxlinkdim=124 maxerr=9.96E-11 time=5.026
After sweep 9 energy=-6.584154887439716  maxlinkdim=145 maxerr=1.00E-10 time=5.077
After sweep 10 energy=-6.6022972659482635  maxlinkdim=154 maxerr=1.00E-10 time=5.502
After sweep 11 energy=-6.613035820032035  maxlinkdim=122 maxerr=9.98E-11 time=6.283
After sweep 12 energy=-6.619790863072368  maxlinkdim=160 maxerr=9.99E-11 time=6.298
After sweep 13 energy=-6.624567902377896  maxlinkdim=155 maxerr=1.00E-10 time=6.934
After sweep 14 energy=-6.626295949401729  maxlinkdim=177 maxerr=1.00E-10 time=7.039
After sweep 15 energy=-6.627276356386301  maxlinkdim=171 maxerr=1.00E-10 time=7.153
After sweep 16 energy=-6.627726939547651  maxlinkdim=134 maxerr=9.99E-11 time=8.163
After sweep 17 energy=-6.627807186154883  maxlinkdim=163 maxerr=1.00E-10 time=7.859
After sweep 18 energy=-6.627821007080487  maxlinkdim=158 maxerr=1.00E-10 time=8.057
After sweep 19 energy=-6.627822937672516  maxlinkdim=130 maxerr=9.99E-11 time=8.616
After sweep 20 energy=-6.627823064739608  maxlinkdim=120 maxerr=1.00E-10 time=8.414
After sweep 21 energy=-6.627823064008146  maxlinkdim=119 maxerr=9.99E-11 time=8.438
After sweep 22 energy=-6.627823064192487  maxlinkdim=119 maxerr=9.91E-11 time=8.351
After sweep 23 energy=-6.627823064209657  maxlinkdim=119 maxerr=9.91E-11 time=8.783
After sweep 24 energy=-6.627823064210549  maxlinkdim=119 maxerr=9.91E-11 time=8.413
After sweep 25 energy=-6.627823064210438  maxlinkdim=119 maxerr=9.91E-11 time=8.382
After sweep 26 energy=-6.62782306421062  maxlinkdim=119 maxerr=9.91E-11 time=8.342
After sweep 27 energy=-6.627823064210832  maxlinkdim=119 maxerr=9.91E-11 time=8.798
After sweep 28 energy=-6.627823064211072  maxlinkdim=119 maxerr=9.91E-11 time=8.428
After sweep 29 energy=-6.627823064211177  maxlinkdim=119 maxerr=9.91E-11 time=8.147
After sweep 30 energy=-6.627823064211344  maxlinkdim=119 maxerr=9.91E-11 time=8.286
n0: 0.5000131132871154; n1: 0.500847126625278; mu0: -2.650672967565035; mu1: -2.65
Trying secant step...
After sweep 1 energy=-5.018312081363529  maxlinkdim=16 maxerr=9.81E-11 time=0.881
After sweep 2 energy=-6.0166288115937165  maxlinkdim=73 maxerr=9.98E-11 time=2.797
After sweep 3 energy=-6.2153313675412925  maxlinkdim=83 maxerr=9.99E-11 time=4.299
After sweep 4 energy=-6.335748404845279  maxlinkdim=114 maxerr=1.00E-10 time=4.351
After sweep 5 energy=-6.42352575167519  maxlinkdim=112 maxerr=1.00E-10 time=4.673
After sweep 6 energy=-6.490942176295907  maxlinkdim=147 maxerr=1.00E-10 time=4.952
After sweep 7 energy=-6.533047498700697  maxlinkdim=111 maxerr=1.00E-10 time=5.072
After sweep 8 energy=-6.563445902449974  maxlinkdim=164 maxerr=9.99E-11 time=4.990
After sweep 9 energy=-6.585528901798912  maxlinkdim=123 maxerr=9.98E-11 time=5.101
After sweep 10 energy=-6.602801988909847  maxlinkdim=147 maxerr=9.99E-11 time=5.529
After sweep 11 energy=-6.613099924372812  maxlinkdim=143 maxerr=9.99E-11 time=6.006
After sweep 12 energy=-6.61923322045854  maxlinkdim=158 maxerr=9.99E-11 time=6.352
After sweep 13 energy=-6.622969788280545  maxlinkdim=158 maxerr=1.00E-10 time=6.081
After sweep 14 energy=-6.62495052323803  maxlinkdim=165 maxerr=1.00E-10 time=6.266
After sweep 15 energy=-6.626215803867237  maxlinkdim=175 maxerr=1.00E-10 time=6.819
After sweep 16 energy=-6.626721491251023  maxlinkdim=151 maxerr=9.99E-11 time=6.734
After sweep 17 energy=-6.627082786663066  maxlinkdim=167 maxerr=9.97E-11 time=7.039
After sweep 18 energy=-6.627238909023657  maxlinkdim=134 maxerr=9.99E-11 time=7.447
After sweep 19 energy=-6.627283273016622  maxlinkdim=151 maxerr=1.00E-10 time=8.002
After sweep 20 energy=-6.627292771399164  maxlinkdim=159 maxerr=1.00E-10 time=8.056
After sweep 21 energy=-6.627293918624685  maxlinkdim=135 maxerr=1.00E-10 time=8.140
After sweep 22 energy=-6.627294000218087  maxlinkdim=120 maxerr=1.00E-10 time=8.269
After sweep 23 energy=-6.627294000086086  maxlinkdim=119 maxerr=9.99E-11 time=8.205
After sweep 24 energy=-6.627294000277385  maxlinkdim=119 maxerr=9.91E-11 time=8.802
After sweep 25 energy=-6.6272940002903775  maxlinkdim=119 maxerr=9.91E-11 time=8.235
After sweep 26 energy=-6.627294000289689  maxlinkdim=119 maxerr=9.91E-11 time=8.226
After sweep 27 energy=-6.62729400028832  maxlinkdim=119 maxerr=9.91E-11 time=8.256
After sweep 28 energy=-6.62729400028746  maxlinkdim=119 maxerr=9.91E-11 time=8.328
After sweep 29 energy=-6.627294000286867  maxlinkdim=119 maxerr=9.91E-11 time=8.840
After sweep 30 energy=-6.6272940002866925  maxlinkdim=119 maxerr=9.91E-11 time=8.394
FOUND MU (secant); mu: -2.650683548711038  n: 0.49999998538905344
Target density achieved with mu=-2.650683548711038, n=0.49999998538905344
Checking {alpha,beta} vs measured
NOT CONVERGED; updating alpha, beta and continuing...
After sweep 1 energy=-4.742948614528719  maxlinkdim=16 maxerr=7.32E-11 time=1.100
After sweep 2 energy=-5.804990257952277  maxlinkdim=104 maxerr=1.00E-10 time=4.896
After sweep 3 energy=-5.899464871136546  maxlinkdim=135 maxerr=9.99E-11 time=8.906
After sweep 4 energy=-5.949466158987525  maxlinkdim=167 maxerr=9.99E-11 time=10.402
After sweep 5 energy=-5.979070598161113  maxlinkdim=127 maxerr=9.99E-11 time=9.977
After sweep 6 energy=-6.0014840097321835  maxlinkdim=127 maxerr=1.00E-10 time=8.698
After sweep 7 energy=-6.02288676467543  maxlinkdim=112 maxerr=9.98E-11 time=9.160
After sweep 8 energy=-6.043528703554926  maxlinkdim=201 maxerr=9.99E-11 time=10.838
After sweep 9 energy=-6.055710704464351  maxlinkdim=136 maxerr=9.98E-11 time=11.590
After sweep 10 energy=-6.0629577993363375  maxlinkdim=150 maxerr=9.99E-11 time=11.183
After sweep 11 energy=-6.069088257205791  maxlinkdim=211 maxerr=1.00E-10 time=11.787
After sweep 12 energy=-6.073855178766328  maxlinkdim=189 maxerr=9.98E-11 time=11.880
After sweep 13 energy=-6.07832603815329  maxlinkdim=234 maxerr=9.99E-11 time=13.471
After sweep 14 energy=-6.081219209589763  maxlinkdim=233 maxerr=9.99E-11 time=16.977
After sweep 15 energy=-6.082469685964679  maxlinkdim=214 maxerr=9.98E-11 time=19.853
After sweep 16 energy=-6.083049547264546  maxlinkdim=210 maxerr=9.99E-11 time=20.909
After sweep 17 energy=-6.083318655230459  maxlinkdim=224 maxerr=9.99E-11 time=21.102
After sweep 18 energy=-6.08347836074133  maxlinkdim=248 maxerr=1.00E-10 time=29.952
After sweep 19 energy=-6.083546512099904  maxlinkdim=231 maxerr=1.00E-10 time=35.233
After sweep 20 energy=-6.083585645621696  maxlinkdim=231 maxerr=1.00E-10 time=42.134
After sweep 21 energy=-6.083594391275052  maxlinkdim=249 maxerr=9.99E-11 time=46.131
After sweep 22 energy=-6.083597145759508  maxlinkdim=242 maxerr=1.00E-10 time=55.489
After sweep 23 energy=-6.083597737830937  maxlinkdim=201 maxerr=1.00E-10 time=50.855
After sweep 24 energy=-6.083597792079358  maxlinkdim=193 maxerr=1.00E-10 time=46.526
After sweep 25 energy=-6.083597793492482  maxlinkdim=187 maxerr=1.00E-10 time=46.410
After sweep 26 energy=-6.083597794111158  maxlinkdim=187 maxerr=1.00E-10 time=45.720
After sweep 27 energy=-6.083597794418631  maxlinkdim=187 maxerr=1.00E-10 time=45.648
After sweep 28 energy=-6.0835977946817  maxlinkdim=187 maxerr=1.00E-10 time=44.846
After sweep 29 energy=-6.083597794799283  maxlinkdim=187 maxerr=9.99E-11 time=52.909
After sweep 30 energy=-6.083597794948524  maxlinkdim=187 maxerr=1.00E-10 time=44.279
Not same mu, searching again
After sweep 1 energy=-5.240713638035609  maxlinkdim=16 maxerr=7.54E-11 time=1.179
After sweep 2 energy=-6.303209528737967  maxlinkdim=104 maxerr=9.99E-11 time=4.929
After sweep 3 energy=-6.391545709964701  maxlinkdim=108 maxerr=9.97E-11 time=8.550
After sweep 4 energy=-6.441798235201451  maxlinkdim=120 maxerr=9.99E-11 time=9.028
After sweep 5 energy=-6.475013300347147  maxlinkdim=128 maxerr=1.00E-10 time=8.726
After sweep 6 energy=-6.49957327445692  maxlinkdim=118 maxerr=9.98E-11 time=8.924
After sweep 7 energy=-6.526939611812715  maxlinkdim=186 maxerr=9.99E-11 time=10.066
After sweep 8 energy=-6.546742777902437  maxlinkdim=153 maxerr=1.00E-10 time=12.051
After sweep 9 energy=-6.559298608949958  maxlinkdim=181 maxerr=9.99E-11 time=11.679
After sweep 10 energy=-6.567175447953499  maxlinkdim=241 maxerr=1.00E-10 time=14.604
After sweep 11 energy=-6.573440344821529  maxlinkdim=190 maxerr=9.95E-11 time=11.760
After sweep 12 energy=-6.581361633985823  maxlinkdim=206 maxerr=1.00E-10 time=13.609
After sweep 13 energy=-6.584447002823581  maxlinkdim=217 maxerr=9.99E-11 time=14.774
After sweep 14 energy=-6.5861760468731  maxlinkdim=164 maxerr=9.98E-11 time=14.544
After sweep 15 energy=-6.587584182549905  maxlinkdim=172 maxerr=1.00E-10 time=14.579
After sweep 16 energy=-6.588529938421587  maxlinkdim=212 maxerr=9.99E-11 time=17.017
After sweep 17 energy=-6.588954655393498  maxlinkdim=241 maxerr=9.99E-11 time=19.502
After sweep 18 energy=-6.5892564747015525  maxlinkdim=206 maxerr=1.00E-10 time=22.466
After sweep 19 energy=-6.5894247231134475  maxlinkdim=283 maxerr=9.99E-11 time=31.361
After sweep 20 energy=-6.589504466348042  maxlinkdim=257 maxerr=1.00E-10 time=39.049
After sweep 21 energy=-6.5895288078733945  maxlinkdim=264 maxerr=1.00E-10 time=41.431
After sweep 22 energy=-6.589534867113324  maxlinkdim=238 maxerr=1.00E-10 time=55.996
After sweep 23 energy=-6.589535980442502  maxlinkdim=216 maxerr=1.00E-10 time=47.374
After sweep 24 energy=-6.589536115268667  maxlinkdim=204 maxerr=9.99E-11 time=55.488
After sweep 25 energy=-6.589536122156189  maxlinkdim=195 maxerr=1.00E-10 time=52.469
After sweep 26 energy=-6.589536122470167  maxlinkdim=194 maxerr=1.00E-10 time=47.990
After sweep 27 energy=-6.589536122982095  maxlinkdim=194 maxerr=1.00E-10 time=62.065
After sweep 28 energy=-6.58953612318596  maxlinkdim=194 maxerr=1.00E-10 time=49.791
After sweep 29 energy=-6.589536123318469  maxlinkdim=194 maxerr=1.00E-10 time=48.248
After sweep 30 energy=-6.589536123512989  maxlinkdim=194 maxerr=1.00E-10 time=42.596
n0: 0.4997235436247883; n1: 0.5120876659110679; mu0: -2.650683548711038; mu1: -2.640683548711038

Range found between mu0: -2.650683548711038 (n0: 0.4997235436247883) and mu1: -2.640683548711038 (n1: 0.5120876659110679); refining...
n0: 0.4997235436247883; n1: 0.5120876659110679; mu0: -2.650683548711038; mu1: -2.640683548711038
Trying secant step...
After sweep 1 energy=-4.753964328423489  maxlinkdim=16 maxerr=7.33E-11 time=1.212
After sweep 2 energy=-5.816028736793146  maxlinkdim=104 maxerr=1.00E-10 time=4.754
After sweep 3 energy=-5.908346811876736  maxlinkdim=123 maxerr=9.99E-11 time=8.675
After sweep 4 energy=-5.96019245312565  maxlinkdim=168 maxerr=1.00E-10 time=9.573
After sweep 5 energy=-5.9898262284751045  maxlinkdim=127 maxerr=9.98E-11 time=9.884
After sweep 6 energy=-6.013648059670396  maxlinkdim=118 maxerr=9.99E-11 time=9.148
After sweep 7 energy=-6.034895067811236  maxlinkdim=131 maxerr=1.00E-10 time=10.470
After sweep 8 energy=-6.055690194478729  maxlinkdim=204 maxerr=1.00E-10 time=12.496
After sweep 9 energy=-6.067226183523033  maxlinkdim=189 maxerr=1.00E-10 time=12.723
After sweep 10 energy=-6.074029737200836  maxlinkdim=209 maxerr=9.99E-11 time=11.924
After sweep 11 energy=-6.079938780725  maxlinkdim=208 maxerr=1.00E-10 time=11.501
After sweep 12 energy=-6.084938829665036  maxlinkdim=203 maxerr=9.99E-11 time=11.840
After sweep 13 energy=-6.0891014068356215  maxlinkdim=195 maxerr=9.99E-11 time=13.702
After sweep 14 energy=-6.0920770972823295  maxlinkdim=207 maxerr=1.00E-10 time=15.848
After sweep 15 energy=-6.093492129089445  maxlinkdim=273 maxerr=9.99E-11 time=21.159
After sweep 16 energy=-6.094100914765393  maxlinkdim=184 maxerr=1.00E-10 time=19.548
After sweep 17 energy=-6.094471306123673  maxlinkdim=251 maxerr=1.00E-10 time=22.609
After sweep 18 energy=-6.094677666965257  maxlinkdim=228 maxerr=9.99E-11 time=27.287
After sweep 19 energy=-6.094749007837896  maxlinkdim=226 maxerr=1.00E-10 time=27.336
After sweep 20 energy=-6.094768543202952  maxlinkdim=223 maxerr=9.99E-11 time=31.786
After sweep 21 energy=-6.094773722091337  maxlinkdim=216 maxerr=1.00E-10 time=37.691
After sweep 22 energy=-6.094774457773786  maxlinkdim=218 maxerr=1.00E-10 time=45.690
After sweep 23 energy=-6.09477453138928  maxlinkdim=192 maxerr=1.00E-10 time=39.459
After sweep 24 energy=-6.094774533296606  maxlinkdim=186 maxerr=1.00E-10 time=38.541
After sweep 25 energy=-6.0947745341499315  maxlinkdim=186 maxerr=1.00E-10 time=38.217
After sweep 26 energy=-6.094774534621999  maxlinkdim=187 maxerr=1.00E-10 time=41.014
After sweep 27 energy=-6.094774534831021  maxlinkdim=187 maxerr=1.00E-10 time=45.239
After sweep 28 energy=-6.09477453518991  maxlinkdim=187 maxerr=1.00E-10 time=39.498
After sweep 29 energy=-6.094774535324396  maxlinkdim=187 maxerr=1.00E-10 time=37.365
After sweep 30 energy=-6.094774535509739  maxlinkdim=187 maxerr=9.99E-11 time=39.217
FOUND MU (secant); mu: -2.6504599530777933  n: 0.500004310814719
Target density achieved with mu=-2.6504599530777933, n=0.500004310814719
Checking {alpha,beta} vs measured
NOT CONVERGED; updating alpha, beta and continuing...
After sweep 1 energy=-4.7234075607162165  maxlinkdim=16 maxerr=8.68E-11 time=1.270
After sweep 2 energy=-5.7971061573781935  maxlinkdim=100 maxerr=9.98E-11 time=4.603
After sweep 3 energy=-5.888727957767352  maxlinkdim=107 maxerr=1.00E-10 time=8.271
After sweep 4 energy=-5.936759818776661  maxlinkdim=117 maxerr=1.00E-10 time=9.623
After sweep 5 energy=-5.966910946305846  maxlinkdim=113 maxerr=1.00E-10 time=9.159
After sweep 6 energy=-5.991421407761401  maxlinkdim=199 maxerr=9.98E-11 time=9.413
After sweep 7 energy=-6.015737831725046  maxlinkdim=174 maxerr=9.99E-11 time=11.858
After sweep 8 energy=-6.031131976279734  maxlinkdim=154 maxerr=1.00E-10 time=12.292
After sweep 9 energy=-6.039395206420064  maxlinkdim=165 maxerr=9.97E-11 time=11.613
After sweep 10 energy=-6.046130252684353  maxlinkdim=147 maxerr=9.99E-11 time=10.672
After sweep 11 energy=-6.051910475275141  maxlinkdim=246 maxerr=1.00E-10 time=12.440
After sweep 12 energy=-6.057111566204894  maxlinkdim=205 maxerr=9.98E-11 time=13.152
After sweep 13 energy=-6.060098570673882  maxlinkdim=209 maxerr=1.00E-10 time=13.483
After sweep 14 energy=-6.062551017502582  maxlinkdim=177 maxerr=9.98E-11 time=13.058
After sweep 15 energy=-6.064431425082193  maxlinkdim=167 maxerr=9.96E-11 time=13.134
After sweep 16 energy=-6.066309897833848  maxlinkdim=252 maxerr=1.00E-10 time=17.513
After sweep 17 energy=-6.066977947333258  maxlinkdim=211 maxerr=1.00E-10 time=17.360
After sweep 18 energy=-6.067546872381008  maxlinkdim=263 maxerr=9.99E-11 time=18.747
After sweep 19 energy=-6.06803558240496  maxlinkdim=197 maxerr=1.00E-10 time=18.320
After sweep 20 energy=-6.068265834546408  maxlinkdim=251 maxerr=9.99E-11 time=23.403
After sweep 21 energy=-6.068360747510068  maxlinkdim=270 maxerr=9.99E-11 time=26.507
After sweep 22 energy=-6.068430432636415  maxlinkdim=289 maxerr=9.99E-11 time=29.784
After sweep 23 energy=-6.06846667172311  maxlinkdim=266 maxerr=1.00E-10 time=41.849
After sweep 24 energy=-6.068477756284669  maxlinkdim=269 maxerr=1.00E-10 time=61.596
After sweep 25 energy=-6.068482784754027  maxlinkdim=261 maxerr=9.99E-11 time=78.422
After sweep 26 energy=-6.06848433330718  maxlinkdim=239 maxerr=1.00E-10 time=113.232
After sweep 27 energy=-6.068484689426261  maxlinkdim=220 maxerr=9.99E-11 time=88.359
After sweep 28 energy=-6.068484718391443  maxlinkdim=211 maxerr=1.00E-10 time=57.471
After sweep 29 energy=-6.068484718914051  maxlinkdim=207 maxerr=1.00E-10 time=56.143
After sweep 30 energy=-6.068484719424337  maxlinkdim=207 maxerr=1.00E-10 time=47.696
Not same mu, searching again
After sweep 1 energy=-4.231602493669563  maxlinkdim=16 maxerr=8.95E-11 time=1.275
After sweep 2 energy=-5.307175215931063  maxlinkdim=100 maxerr=1.00E-10 time=5.216
After sweep 3 energy=-5.3923344161085165  maxlinkdim=110 maxerr=9.99E-11 time=9.176
After sweep 4 energy=-5.439813378640478  maxlinkdim=124 maxerr=9.99E-11 time=10.067
After sweep 5 energy=-5.469201744881223  maxlinkdim=107 maxerr=1.00E-10 time=9.695
After sweep 6 energy=-5.491515192785232  maxlinkdim=163 maxerr=1.00E-10 time=9.374
After sweep 7 energy=-5.509340990069829  maxlinkdim=144 maxerr=9.99E-11 time=9.805
After sweep 8 energy=-5.5257348599756675  maxlinkdim=116 maxerr=9.98E-11 time=10.574
After sweep 9 energy=-5.537540007694496  maxlinkdim=145 maxerr=9.99E-11 time=10.319
After sweep 10 energy=-5.547249763967132  maxlinkdim=155 maxerr=1.00E-10 time=10.799
After sweep 11 energy=-5.559336398229847  maxlinkdim=150 maxerr=1.00E-10 time=12.856
After sweep 12 energy=-5.5644937750846175  maxlinkdim=185 maxerr=1.00E-10 time=13.973
After sweep 13 energy=-5.5678978933056715  maxlinkdim=196 maxerr=1.00E-10 time=13.700
After sweep 14 energy=-5.57103045216073  maxlinkdim=273 maxerr=9.99E-11 time=17.360
After sweep 15 energy=-5.572416908942503  maxlinkdim=250 maxerr=9.99E-11 time=17.638
After sweep 16 energy=-5.573160282369422  maxlinkdim=228 maxerr=1.00E-10 time=17.331
After sweep 17 energy=-5.57371680275155  maxlinkdim=195 maxerr=1.00E-10 time=17.999
After sweep 18 energy=-5.5741810746504825  maxlinkdim=233 maxerr=9.99E-11 time=24.342
After sweep 19 energy=-5.574370112317303  maxlinkdim=262 maxerr=1.00E-10 time=23.804
After sweep 20 energy=-5.574448462706836  maxlinkdim=226 maxerr=9.99E-11 time=25.657
After sweep 21 energy=-5.574469514504777  maxlinkdim=196 maxerr=1.00E-10 time=28.251
After sweep 22 energy=-5.574479251127028  maxlinkdim=226 maxerr=1.00E-10 time=33.305
After sweep 23 energy=-5.574482090914264  maxlinkdim=254 maxerr=1.00E-10 time=56.582
After sweep 24 energy=-5.574482665980219  maxlinkdim=214 maxerr=1.00E-10 time=56.255
After sweep 25 energy=-5.574482780793654  maxlinkdim=209 maxerr=1.00E-10 time=51.952
After sweep 26 energy=-5.5744827854776835  maxlinkdim=200 maxerr=1.00E-10 time=77.681
After sweep 27 energy=-5.574482786373296  maxlinkdim=199 maxerr=1.00E-10 time=49.620
After sweep 28 energy=-5.574482786918403  maxlinkdim=199 maxerr=1.00E-10 time=45.127
After sweep 29 energy=-5.574482787206271  maxlinkdim=199 maxerr=1.00E-10 time=43.907
After sweep 30 energy=-5.574482787366072  maxlinkdim=199 maxerr=1.00E-10 time=53.794
n0: 0.4875549284656157; n1: 0.500359500484316; mu0: -2.660459953077793; mu1: -2.6504599530777933

Range found between mu0: -2.660459953077793 (n0: 0.4875549284656157) and mu1: -2.6504599530777933 (n1: 0.500359500484316); refining...
n0: 0.4875549284656157; n1: 0.500359500484316; mu0: -2.660459953077793; mu1: -2.6504599530777933
Trying secant step...
After sweep 1 energy=-4.709561903731427  maxlinkdim=16 maxerr=8.66E-11 time=1.289
After sweep 2 energy=-5.784032168453283  maxlinkdim=100 maxerr=9.99E-11 time=4.835
After sweep 3 energy=-5.874519181800716  maxlinkdim=109 maxerr=9.99E-11 time=8.579
After sweep 4 energy=-5.923432202931037  maxlinkdim=115 maxerr=1.00E-10 time=9.311
After sweep 5 energy=-5.953946665162494  maxlinkdim=121 maxerr=1.00E-10 time=9.176
After sweep 6 energy=-5.976113722094718  maxlinkdim=171 maxerr=9.98E-11 time=8.912
After sweep 7 energy=-5.99940320919056  maxlinkdim=217 maxerr=1.00E-10 time=9.770
After sweep 8 energy=-6.019076035561034  maxlinkdim=157 maxerr=9.99E-11 time=11.486
After sweep 9 energy=-6.027523310121639  maxlinkdim=141 maxerr=1.00E-10 time=11.186
After sweep 10 energy=-6.0344889381801226  maxlinkdim=168 maxerr=9.96E-11 time=11.142
After sweep 11 energy=-6.041361869227564  maxlinkdim=173 maxerr=9.99E-11 time=13.745
After sweep 12 energy=-6.045913034050977  maxlinkdim=243 maxerr=1.00E-10 time=15.826
After sweep 13 energy=-6.0486122807232325  maxlinkdim=216 maxerr=1.00E-10 time=13.622
After sweep 14 energy=-6.050810291261722  maxlinkdim=265 maxerr=9.99E-11 time=15.765
After sweep 15 energy=-6.0521214549548965  maxlinkdim=200 maxerr=9.99E-11 time=15.056
After sweep 16 energy=-6.053277561788471  maxlinkdim=243 maxerr=9.99E-11 time=19.426
After sweep 17 energy=-6.053871098113881  maxlinkdim=255 maxerr=1.00E-10 time=22.984
After sweep 18 energy=-6.054158671910084  maxlinkdim=247 maxerr=1.00E-10 time=28.152
After sweep 19 energy=-6.054318981168659  maxlinkdim=279 maxerr=1.26E-10 time=32.945
After sweep 20 energy=-6.0543823575369755  maxlinkdim=258 maxerr=1.00E-10 time=43.102
After sweep 21 energy=-6.054415425406867  maxlinkdim=264 maxerr=1.00E-10 time=34.605
After sweep 22 energy=-6.054431978646448  maxlinkdim=224 maxerr=1.00E-10 time=37.938
After sweep 23 energy=-6.054439317635514  maxlinkdim=256 maxerr=1.00E-10 time=52.523
After sweep 24 energy=-6.054441089291225  maxlinkdim=247 maxerr=1.00E-10 time=61.192
After sweep 25 energy=-6.054441527829534  maxlinkdim=238 maxerr=1.00E-10 time=73.414
After sweep 26 energy=-6.05444159690963  maxlinkdim=218 maxerr=1.00E-10 time=74.638
After sweep 27 energy=-6.054441600533154  maxlinkdim=208 maxerr=1.00E-10 time=76.523
After sweep 28 energy=-6.054441600948872  maxlinkdim=207 maxerr=1.00E-10 time=63.786
After sweep 29 energy=-6.054441601248753  maxlinkdim=207 maxerr=1.00E-10 time=66.978
After sweep 30 energy=-6.05444160135432  maxlinkdim=207 maxerr=9.99E-11 time=59.147
n0: 0.5000069536799361; n1: 0.500359500484316; mu0: -2.650740712546982; mu1: -2.6504599530777933
Trying secant step...
After sweep 1 energy=-4.709297062035327  maxlinkdim=16 maxerr=8.66E-11 time=1.219
After sweep 2 energy=-5.78396566842529  maxlinkdim=100 maxerr=1.00E-10 time=4.907
After sweep 3 energy=-5.874850747328855  maxlinkdim=109 maxerr=9.99E-11 time=8.824
After sweep 4 energy=-5.922383697793922  maxlinkdim=112 maxerr=1.00E-10 time=9.300
After sweep 5 energy=-5.952493161883688  maxlinkdim=110 maxerr=1.00E-10 time=9.054
After sweep 6 energy=-5.977558923545273  maxlinkdim=143 maxerr=1.00E-10 time=9.265
After sweep 7 energy=-6.002371311187191  maxlinkdim=156 maxerr=1.00E-10 time=11.260
After sweep 8 energy=-6.018865506241875  maxlinkdim=153 maxerr=1.00E-10 time=12.245
After sweep 9 energy=-6.0273389707768255  maxlinkdim=124 maxerr=1.00E-10 time=11.178
After sweep 10 energy=-6.03505191903069  maxlinkdim=209 maxerr=1.00E-10 time=11.499
After sweep 11 energy=-6.042091309718415  maxlinkdim=187 maxerr=9.99E-11 time=13.689
After sweep 12 energy=-6.045368811226542  maxlinkdim=136 maxerr=1.00E-10 time=12.673
After sweep 13 energy=-6.049170342198532  maxlinkdim=154 maxerr=9.99E-11 time=12.885
After sweep 14 energy=-6.051036348944473  maxlinkdim=184 maxerr=9.98E-11 time=15.752
After sweep 15 energy=-6.051983825410196  maxlinkdim=184 maxerr=1.00E-10 time=14.110
After sweep 16 energy=-6.052634415797653  maxlinkdim=167 maxerr=1.00E-10 time=13.995
After sweep 17 energy=-6.053164679030486  maxlinkdim=261 maxerr=1.00E-10 time=14.999
After sweep 18 energy=-6.053610805392583  maxlinkdim=182 maxerr=1.00E-10 time=17.778
After sweep 19 energy=-6.053925150563852  maxlinkdim=300 maxerr=1.20E-10 time=30.727
After sweep 20 energy=-6.05403304756192  maxlinkdim=260 maxerr=1.00E-10 time=30.935
After sweep 21 energy=-6.054133117442777  maxlinkdim=296 maxerr=9.99E-11 time=35.541
After sweep 22 energy=-6.054154724242482  maxlinkdim=228 maxerr=1.00E-10 time=37.454
After sweep 23 energy=-6.054161976428329  maxlinkdim=279 maxerr=1.00E-10 time=46.919
After sweep 24 energy=-6.054164170424817  maxlinkdim=258 maxerr=1.00E-10 time=73.144
After sweep 25 energy=-6.054164649550703  maxlinkdim=234 maxerr=1.00E-10 time=88.516
After sweep 26 energy=-6.054164709220755  maxlinkdim=212 maxerr=9.99E-11 time=82.365
After sweep 27 energy=-6.0541647109687835  maxlinkdim=207 maxerr=1.00E-10 time=63.490
After sweep 28 energy=-6.054164711528427  maxlinkdim=207 maxerr=9.98E-11 time=51.542
After sweep 29 energy=-6.054164711667159  maxlinkdim=207 maxerr=1.00E-10 time=51.090
After sweep 30 energy=-6.054164711850791  maxlinkdim=207 maxerr=9.99E-11 time=66.985
FOUND MU (secant); mu: -2.650746250283996  n: 0.499999994677486
Target density achieved with mu=-2.650746250283996, n=0.499999994677486
Checking {alpha,beta} vs measured
NOT CONVERGED; updating alpha, beta and continuing...
After sweep 1 energy=-4.716076350797205  maxlinkdim=16 maxerr=9.80E-11 time=1.338
After sweep 2 energy=-5.787539483814302  maxlinkdim=101 maxerr=9.98E-11 time=4.906
After sweep 3 energy=-5.874325439220413  maxlinkdim=114 maxerr=9.99E-11 time=8.098
After sweep 4 energy=-5.917522137863562  maxlinkdim=108 maxerr=9.99E-11 time=8.655
After sweep 5 energy=-5.9480011797527865  maxlinkdim=117 maxerr=1.00E-10 time=8.514
After sweep 6 energy=-5.97188899273398  maxlinkdim=126 maxerr=1.00E-10 time=8.929
After sweep 7 energy=-5.989314710728613  maxlinkdim=121 maxerr=9.99E-11 time=9.145
After sweep 8 energy=-6.004769490404207  maxlinkdim=130 maxerr=9.98E-11 time=9.937
After sweep 9 energy=-6.017532770743856  maxlinkdim=198 maxerr=9.98E-11 time=13.901
After sweep 10 energy=-6.026539368548769  maxlinkdim=159 maxerr=9.99E-11 time=11.581
After sweep 11 energy=-6.033623391944741  maxlinkdim=197 maxerr=9.98E-11 time=12.531
After sweep 12 energy=-6.0384182566530535  maxlinkdim=160 maxerr=1.00E-10 time=13.360
After sweep 13 energy=-6.042801748100344  maxlinkdim=183 maxerr=1.00E-10 time=15.159
After sweep 14 energy=-6.045027123589066  maxlinkdim=198 maxerr=9.99E-11 time=17.435
After sweep 15 energy=-6.0462999503619095  maxlinkdim=176 maxerr=9.99E-11 time=16.237
After sweep 16 energy=-6.04749468223483  maxlinkdim=237 maxerr=1.00E-10 time=17.050
After sweep 17 energy=-6.048340367728225  maxlinkdim=207 maxerr=1.00E-10 time=22.240
After sweep 18 energy=-6.048864022193849  maxlinkdim=289 maxerr=1.00E-10 time=36.465
After sweep 19 energy=-6.049000084423737  maxlinkdim=251 maxerr=1.01E-10 time=40.840
After sweep 20 energy=-6.049063330655697  maxlinkdim=261 maxerr=1.40E-10 time=44.419
After sweep 21 energy=-6.04907869450842  maxlinkdim=292 maxerr=1.00E-10 time=55.838
After sweep 22 energy=-6.049082246473454  maxlinkdim=252 maxerr=1.00E-10 time=60.958
After sweep 23 energy=-6.04908311273151  maxlinkdim=258 maxerr=1.00E-10 time=73.000
After sweep 24 energy=-6.049083236978746  maxlinkdim=225 maxerr=1.00E-10 time=122.382
After sweep 25 energy=-6.049083246540613  maxlinkdim=214 maxerr=1.00E-10 time=84.531
After sweep 26 energy=-6.049083247664185  maxlinkdim=212 maxerr=1.00E-10 time=82.532
After sweep 27 energy=-6.049083248070253  maxlinkdim=212 maxerr=1.00E-10 time=79.715
After sweep 28 energy=-6.049083248181696  maxlinkdim=212 maxerr=1.00E-10 time=88.366
After sweep 29 energy=-6.049083248177146  maxlinkdim=212 maxerr=1.00E-10 time=83.238
After sweep 30 energy=-6.049083248233055  maxlinkdim=212 maxerr=1.00E-10 time=69.495
Not same mu, searching again
After sweep 1 energy=-4.203319925412449  maxlinkdim=16 maxerr=9.67E-11 time=1.307
After sweep 2 energy=-5.279989599888172  maxlinkdim=101 maxerr=9.99E-11 time=4.867
After sweep 3 energy=-5.373046521870203  maxlinkdim=114 maxerr=9.99E-11 time=8.120
After sweep 4 energy=-5.421457166975701  maxlinkdim=120 maxerr=1.00E-10 time=9.057
After sweep 5 energy=-5.451901539545451  maxlinkdim=144 maxerr=9.99E-11 time=8.863
After sweep 6 energy=-5.476995759119552  maxlinkdim=149 maxerr=1.00E-10 time=9.431
After sweep 7 energy=-5.500010778383674  maxlinkdim=190 maxerr=1.00E-10 time=10.313
After sweep 8 energy=-5.515953317680672  maxlinkdim=217 maxerr=1.00E-10 time=11.765
After sweep 9 energy=-5.52467186712807  maxlinkdim=184 maxerr=1.00E-10 time=11.861
After sweep 10 energy=-5.533709416782367  maxlinkdim=175 maxerr=1.00E-10 time=11.887
After sweep 11 energy=-5.540058055366479  maxlinkdim=258 maxerr=1.00E-10 time=13.671
After sweep 12 energy=-5.544781441081535  maxlinkdim=180 maxerr=9.99E-11 time=12.771
After sweep 13 energy=-5.548375801131115  maxlinkdim=152 maxerr=9.97E-11 time=12.851
After sweep 14 energy=-5.551893540068609  maxlinkdim=213 maxerr=1.00E-10 time=16.593
After sweep 15 energy=-5.553197618313364  maxlinkdim=191 maxerr=1.00E-10 time=18.191
After sweep 16 energy=-5.553906685769414  maxlinkdim=201 maxerr=1.00E-10 time=15.801
After sweep 17 energy=-5.554360200177431  maxlinkdim=208 maxerr=1.00E-10 time=14.805
After sweep 18 energy=-5.554715650884775  maxlinkdim=218 maxerr=1.00E-10 time=15.719
After sweep 19 energy=-5.555024583330894  maxlinkdim=237 maxerr=1.00E-10 time=21.299
After sweep 20 energy=-5.555189655230979  maxlinkdim=296 maxerr=9.99E-11 time=23.499
After sweep 21 energy=-5.555297309803389  maxlinkdim=289 maxerr=1.00E-10 time=30.051
After sweep 22 energy=-5.555345066557603  maxlinkdim=288 maxerr=1.00E-10 time=36.117
After sweep 23 energy=-5.555367460271477  maxlinkdim=269 maxerr=1.00E-10 time=43.938
After sweep 24 energy=-5.5553732995235725  maxlinkdim=265 maxerr=9.99E-11 time=48.591
After sweep 25 energy=-5.555374757871184  maxlinkdim=237 maxerr=1.00E-10 time=63.908
After sweep 26 energy=-5.555375085819704  maxlinkdim=229 maxerr=1.00E-10 time=86.485
After sweep 27 energy=-5.555375129890105  maxlinkdim=208 maxerr=1.00E-10 time=57.208
After sweep 28 energy=-5.5553751308654356  maxlinkdim=204 maxerr=1.00E-10 time=63.097
After sweep 29 energy=-5.555375131681253  maxlinkdim=204 maxerr=1.00E-10 time=42.484
After sweep 30 energy=-5.55537513205706  maxlinkdim=204 maxerr=9.98E-11 time=44.420
n0: 0.4872441081198751; n1: 0.500075529440349; mu0: -2.660746250283996; mu1: -2.650746250283996

Range found between mu0: -2.660746250283996 (n0: 0.4872441081198751) and mu1: -2.650746250283996 (n1: 0.500075529440349); refining...
n0: 0.4872441081198751; n1: 0.500075529440349; mu0: -2.660746250283996; mu1: -2.650746250283996
Trying secant step...
After sweep 1 energy=-4.713187635308335  maxlinkdim=16 maxerr=9.78E-11 time=1.338
After sweep 2 energy=-5.784535739443436  maxlinkdim=101 maxerr=9.99E-11 time=5.166
After sweep 3 energy=-5.871043459219705  maxlinkdim=114 maxerr=9.99E-11 time=8.649
After sweep 4 energy=-5.915110444813127  maxlinkdim=109 maxerr=9.98E-11 time=9.256
After sweep 5 energy=-5.945689051424805  maxlinkdim=137 maxerr=9.97E-11 time=9.260
After sweep 6 energy=-5.967986831296779  maxlinkdim=117 maxerr=9.99E-11 time=9.653
After sweep 7 energy=-5.986715168395427  maxlinkdim=118 maxerr=9.99E-11 time=9.899
After sweep 8 energy=-6.0018403265218625  maxlinkdim=122 maxerr=1.00E-10 time=10.259
After sweep 9 energy=-6.012606511480699  maxlinkdim=133 maxerr=1.00E-10 time=10.471
After sweep 10 energy=-6.020981202960222  maxlinkdim=181 maxerr=9.99E-11 time=10.719
After sweep 11 energy=-6.028298567315885  maxlinkdim=229 maxerr=1.00E-10 time=11.802
After sweep 12 energy=-6.035857226691534  maxlinkdim=178 maxerr=1.00E-10 time=16.012
After sweep 13 energy=-6.040125428239018  maxlinkdim=211 maxerr=1.00E-10 time=15.715
After sweep 14 energy=-6.042123608104905  maxlinkdim=179 maxerr=9.99E-11 time=15.641
After sweep 15 energy=-6.043679202490801  maxlinkdim=246 maxerr=9.99E-11 time=16.412
After sweep 16 energy=-6.044955031371121  maxlinkdim=300 maxerr=1.10E-10 time=20.724
After sweep 17 energy=-6.045518516262764  maxlinkdim=257 maxerr=9.99E-11 time=22.949
After sweep 18 energy=-6.045866842028405  maxlinkdim=237 maxerr=9.99E-11 time=26.185
After sweep 19 energy=-6.046036689192582  maxlinkdim=284 maxerr=1.00E-10 time=55.063
After sweep 20 energy=-6.046100819957822  maxlinkdim=251 maxerr=9.99E-11 time=79.126
After sweep 21 energy=-6.04613064271434  maxlinkdim=300 maxerr=1.24E-10 time=70.928
After sweep 22 energy=-6.046137756468417  maxlinkdim=262 maxerr=1.00E-10 time=92.676
After sweep 23 energy=-6.046139469779052  maxlinkdim=240 maxerr=1.00E-10 time=100.430
After sweep 24 energy=-6.046139830825725  maxlinkdim=236 maxerr=1.00E-10 time=113.912
After sweep 25 energy=-6.046139873559005  maxlinkdim=219 maxerr=1.00E-10 time=157.624
After sweep 26 energy=-6.0461398757681355  maxlinkdim=212 maxerr=1.00E-10 time=131.839
After sweep 27 energy=-6.046139876493985  maxlinkdim=212 maxerr=1.00E-10 time=104.054
After sweep 28 energy=-6.046139876766196  maxlinkdim=212 maxerr=9.99E-11 time=107.226
After sweep 29 energy=-6.046139877109692  maxlinkdim=212 maxerr=1.00E-10 time=78.902
After sweep 30 energy=-6.046139877157609  maxlinkdim=212 maxerr=1.00E-10 time=86.782
FOUND MU (secant); mu: -2.6508051131632224  n: 0.500001611588736
Target density achieved with mu=-2.6508051131632224, n=0.500001611588736
Checking {alpha,beta} vs measured
NOT CONVERGED; updating alpha, beta and continuing...
After sweep 1 energy=-4.709363800024152  maxlinkdim=16 maxerr=9.49E-11 time=1.262
After sweep 2 energy=-5.776270051709078  maxlinkdim=99 maxerr=9.99E-11 time=5.017
After sweep 3 energy=-5.86751108689451  maxlinkdim=122 maxerr=9.99E-11 time=8.192
After sweep 4 energy=-5.9165075374918095  maxlinkdim=129 maxerr=1.00E-10 time=9.074
After sweep 5 energy=-5.950998380153957  maxlinkdim=145 maxerr=1.00E-10 time=9.874
After sweep 6 energy=-5.972942327878227  maxlinkdim=137 maxerr=9.97E-11 time=9.816
After sweep 7 energy=-5.989495366305219  maxlinkdim=150 maxerr=9.98E-11 time=9.701
After sweep 8 energy=-6.0048276714633575  maxlinkdim=194 maxerr=1.00E-10 time=10.517
After sweep 9 energy=-6.014222407730729  maxlinkdim=167 maxerr=1.00E-10 time=11.580
After sweep 10 energy=-6.021191190579713  maxlinkdim=176 maxerr=9.98E-11 time=11.013
After sweep 11 energy=-6.027136340620402  maxlinkdim=155 maxerr=9.99E-11 time=11.507
After sweep 12 energy=-6.032319490389901  maxlinkdim=184 maxerr=1.00E-10 time=13.758
After sweep 13 energy=-6.035944146365658  maxlinkdim=173 maxerr=1.00E-10 time=13.185
After sweep 14 energy=-6.0387097722738785  maxlinkdim=187 maxerr=1.00E-10 time=13.913
After sweep 15 energy=-6.040762472875851  maxlinkdim=160 maxerr=9.99E-11 time=14.125
After sweep 16 energy=-6.042370994936215  maxlinkdim=256 maxerr=1.00E-10 time=21.550
After sweep 17 energy=-6.043360520266504  maxlinkdim=226 maxerr=1.00E-10 time=22.413
After sweep 18 energy=-6.0439570922739225  maxlinkdim=242 maxerr=1.00E-10 time=24.983
After sweep 19 energy=-6.044310454893881  maxlinkdim=207 maxerr=1.00E-10 time=29.995
After sweep 20 energy=-6.044601599489684  maxlinkdim=264 maxerr=1.00E-10 time=34.083
After sweep 21 energy=-6.04472331731297  maxlinkdim=235 maxerr=1.00E-10 time=32.797
After sweep 22 energy=-6.044815875809089  maxlinkdim=291 maxerr=9.99E-11 time=43.957
After sweep 23 energy=-6.044842556782914  maxlinkdim=243 maxerr=1.00E-10 time=49.139
After sweep 24 energy=-6.0448550480629235  maxlinkdim=265 maxerr=1.00E-10 time=55.128
After sweep 25 energy=-6.04486016196247  maxlinkdim=244 maxerr=1.00E-10 time=55.778
After sweep 26 energy=-6.044861699946582  maxlinkdim=246 maxerr=1.00E-10 time=73.971
After sweep 27 energy=-6.044862127461875  maxlinkdim=229 maxerr=1.00E-10 time=105.600
After sweep 28 energy=-6.044862215963431  maxlinkdim=225 maxerr=1.00E-10 time=125.743
After sweep 29 energy=-6.0448622212294  maxlinkdim=215 maxerr=1.00E-10 time=114.618
After sweep 30 energy=-6.044862222105344  maxlinkdim=213 maxerr=1.00E-10 time=92.604
Not same mu, searching again
After sweep 1 energy=-4.210712891639127  maxlinkdim=16 maxerr=8.39E-11 time=1.308
After sweep 2 energy=-5.276453105878842  maxlinkdim=102 maxerr=1.00E-10 time=5.490
After sweep 3 energy=-5.367033896785468  maxlinkdim=124 maxerr=9.99E-11 time=8.371
After sweep 4 energy=-5.416750414374895  maxlinkdim=117 maxerr=9.99E-11 time=8.779
After sweep 5 energy=-5.449891794033899  maxlinkdim=131 maxerr=1.00E-10 time=9.081
After sweep 6 energy=-5.475054129800735  maxlinkdim=148 maxerr=9.98E-11 time=9.442
After sweep 7 energy=-5.497481869756169  maxlinkdim=162 maxerr=1.00E-10 time=10.729
After sweep 8 energy=-5.5129798658824285  maxlinkdim=176 maxerr=9.99E-11 time=13.370
After sweep 9 energy=-5.522030765021643  maxlinkdim=195 maxerr=9.98E-11 time=11.581
After sweep 10 energy=-5.529616509979153  maxlinkdim=246 maxerr=9.98E-11 time=13.121
After sweep 11 energy=-5.5358311698630365  maxlinkdim=230 maxerr=1.00E-10 time=13.823
After sweep 12 energy=-5.539972656011266  maxlinkdim=161 maxerr=1.00E-10 time=12.407
After sweep 13 energy=-5.543397509846032  maxlinkdim=167 maxerr=9.99E-11 time=12.894
After sweep 14 energy=-5.546484650446806  maxlinkdim=189 maxerr=9.99E-11 time=16.956
After sweep 15 energy=-5.548127921370336  maxlinkdim=169 maxerr=1.00E-10 time=17.239
After sweep 16 energy=-5.549230308504958  maxlinkdim=268 maxerr=1.00E-10 time=19.808
After sweep 17 energy=-5.550022935844057  maxlinkdim=230 maxerr=1.00E-10 time=22.788
After sweep 18 energy=-5.55042256477893  maxlinkdim=258 maxerr=3.07E-10 time=32.395
After sweep 19 energy=-5.550682433658684  maxlinkdim=240 maxerr=9.99E-11 time=25.935
After sweep 20 energy=-5.55091672593321  maxlinkdim=267 maxerr=1.00E-10 time=29.806
After sweep 21 energy=-5.551028534438693  maxlinkdim=218 maxerr=1.00E-10 time=34.051
After sweep 22 energy=-5.5511068891904625  maxlinkdim=257 maxerr=1.00E-10 time=37.066
After sweep 23 energy=-5.551165361359399  maxlinkdim=278 maxerr=1.00E-10 time=40.033
After sweep 24 energy=-5.551197925641072  maxlinkdim=266 maxerr=1.00E-10 time=51.622
After sweep 25 energy=-5.551207400085221  maxlinkdim=273 maxerr=1.00E-10 time=57.307
After sweep 26 energy=-5.55121020557047  maxlinkdim=244 maxerr=1.00E-10 time=122.809
After sweep 27 energy=-5.55121094847965  maxlinkdim=251 maxerr=9.99E-11 time=121.421
After sweep 28 energy=-5.551211099240696  maxlinkdim=216 maxerr=1.00E-10 time=105.880
After sweep 29 energy=-5.551211110108863  maxlinkdim=207 maxerr=9.99E-11 time=65.719
After sweep 30 energy=-5.551211110620382  maxlinkdim=205 maxerr=1.00E-10 time=87.906
n0: 0.4871824911581847; n1: 0.5000208741810784; mu0: -2.660805113163222; mu1: -2.6508051131632224

Range found between mu0: -2.660805113163222 (n0: 0.4871824911581847) and mu1: -2.6508051131632224 (n1: 0.5000208741810784); refining...
n0: 0.4871824911581847; n1: 0.5000208741810784; mu0: -2.660805113163222; mu1: -2.6508051131632224
Trying secant step...
After sweep 1 energy=-4.708452746760684  maxlinkdim=16 maxerr=9.52E-11 time=1.265
After sweep 2 energy=-5.775299096608586  maxlinkdim=99 maxerr=1.00E-10 time=5.125
After sweep 3 energy=-5.866395278885494  maxlinkdim=122 maxerr=1.00E-10 time=8.318
After sweep 4 energy=-5.914682015330304  maxlinkdim=133 maxerr=9.99E-11 time=9.245
After sweep 5 energy=-5.949231994864199  maxlinkdim=133 maxerr=9.99E-11 time=10.202
After sweep 6 energy=-5.97212926565294  maxlinkdim=155 maxerr=9.96E-11 time=9.518
After sweep 7 energy=-5.988437113564008  maxlinkdim=121 maxerr=1.00E-10 time=9.042
After sweep 8 energy=-6.004289083316967  maxlinkdim=166 maxerr=1.00E-10 time=9.987
After sweep 9 energy=-6.016182901934981  maxlinkdim=197 maxerr=1.00E-10 time=11.106
After sweep 10 energy=-6.023431265820286  maxlinkdim=253 maxerr=1.00E-10 time=13.707
After sweep 11 energy=-6.028592474000328  maxlinkdim=252 maxerr=9.99E-11 time=13.881
After sweep 12 energy=-6.032805666627639  maxlinkdim=186 maxerr=1.00E-10 time=15.385
After sweep 13 energy=-6.036805906970119  maxlinkdim=221 maxerr=1.32E-10 time=19.314
After sweep 14 energy=-6.039168466307754  maxlinkdim=220 maxerr=1.00E-10 time=16.284
After sweep 15 energy=-6.040869241909894  maxlinkdim=227 maxerr=9.99E-11 time=19.764
After sweep 16 energy=-6.041892879477586  maxlinkdim=218 maxerr=9.99E-11 time=19.738
After sweep 17 energy=-6.04277262292935  maxlinkdim=228 maxerr=1.00E-10 time=21.028
After sweep 18 energy=-6.043512168464631  maxlinkdim=300 maxerr=9.99E-11 time=33.121
After sweep 19 energy=-6.0438563125084555  maxlinkdim=282 maxerr=1.00E-10 time=34.628
After sweep 20 energy=-6.043977254686105  maxlinkdim=227 maxerr=1.00E-10 time=30.927
After sweep 21 energy=-6.044016064447435  maxlinkdim=261 maxerr=1.00E-10 time=31.243
After sweep 22 energy=-6.044039946814663  maxlinkdim=226 maxerr=1.00E-10 time=46.669
After sweep 23 energy=-6.044047432857594  maxlinkdim=234 maxerr=9.99E-11 time=52.261
After sweep 24 energy=-6.044048825132476  maxlinkdim=241 maxerr=1.00E-10 time=102.208
After sweep 25 energy=-6.044049191291917  maxlinkdim=235 maxerr=1.00E-10 time=123.726
After sweep 26 energy=-6.044049241184888  maxlinkdim=223 maxerr=1.00E-10 time=187.750
After sweep 27 energy=-6.044049243838483  maxlinkdim=214 maxerr=1.00E-10 time=160.889
After sweep 28 energy=-6.0440492445015  maxlinkdim=213 maxerr=1.00E-10 time=131.117
After sweep 29 energy=-6.044049244784418  maxlinkdim=213 maxerr=1.00E-10 time=109.190
After sweep 30 energy=-6.04404924523768  maxlinkdim=213 maxerr=1.00E-10 time=94.665
FOUND MU (secant); mu: -2.650821372361161  n: 0.5000004832994629
Target density achieved with mu=-2.650821372361161, n=0.5000004832994629
Checking {alpha,beta} vs measured
NOT CONVERGED; updating alpha, beta and continuing...
After sweep 1 energy=-4.710629301707334  maxlinkdim=16 maxerr=8.87E-11 time=1.364
After sweep 2 energy=-5.781123210422574  maxlinkdim=101 maxerr=1.00E-10 time=5.111
After sweep 3 energy=-5.868464829448192  maxlinkdim=122 maxerr=9.99E-11 time=8.465
After sweep 4 energy=-5.912676789998515  maxlinkdim=116 maxerr=9.99E-11 time=9.121
After sweep 5 energy=-5.9451346784141474  maxlinkdim=147 maxerr=9.99E-11 time=9.219
After sweep 6 energy=-5.968039934484954  maxlinkdim=161 maxerr=9.99E-11 time=9.182
After sweep 7 energy=-5.9893969536529585  maxlinkdim=204 maxerr=1.00E-10 time=10.150
After sweep 8 energy=-6.004692796717941  maxlinkdim=244 maxerr=9.97E-11 time=11.165
After sweep 9 energy=-6.0142598908522835  maxlinkdim=175 maxerr=1.00E-10 time=10.792
After sweep 10 energy=-6.022233316370324  maxlinkdim=181 maxerr=1.00E-10 time=11.991
After sweep 11 energy=-6.0280657832551405  maxlinkdim=209 maxerr=9.99E-11 time=15.078
After sweep 12 energy=-6.033057007317004  maxlinkdim=294 maxerr=1.29E-10 time=21.073
After sweep 13 energy=-6.036083601810405  maxlinkdim=220 maxerr=1.00E-10 time=15.166
After sweep 14 energy=-6.038299420851166  maxlinkdim=206 maxerr=1.00E-10 time=17.307
After sweep 15 energy=-6.039934100895727  maxlinkdim=300 maxerr=1.14E-10 time=23.561
After sweep 16 energy=-6.041992608326433  maxlinkdim=269 maxerr=1.00E-10 time=34.098
After sweep 17 energy=-6.042712570183462  maxlinkdim=219 maxerr=1.00E-10 time=23.271
After sweep 18 energy=-6.043104569009536  maxlinkdim=264 maxerr=1.00E-10 time=22.841
After sweep 19 energy=-6.043351229135566  maxlinkdim=227 maxerr=1.00E-10 time=28.118
After sweep 20 energy=-6.043515509029252  maxlinkdim=243 maxerr=1.00E-10 time=29.816
After sweep 21 energy=-6.043616466334742  maxlinkdim=229 maxerr=1.00E-10 time=31.484
After sweep 22 energy=-6.043680320516861  maxlinkdim=246 maxerr=1.00E-10 time=45.734
After sweep 23 energy=-6.043694713637296  maxlinkdim=280 maxerr=1.00E-10 time=53.978
After sweep 24 energy=-6.043701340347959  maxlinkdim=252 maxerr=1.00E-10 time=65.752
After sweep 25 energy=-6.043703706089529  maxlinkdim=236 maxerr=1.00E-10 time=113.351
After sweep 26 energy=-6.043704088311337  maxlinkdim=241 maxerr=1.00E-10 time=125.998
After sweep 27 energy=-6.0437041386516235  maxlinkdim=222 maxerr=1.00E-10 time=116.235
After sweep 28 energy=-6.043704141547757  maxlinkdim=214 maxerr=1.00E-10 time=93.001
After sweep 29 energy=-6.043704142015141  maxlinkdim=214 maxerr=1.00E-10 time=99.841
After sweep 30 energy=-6.043704142639903  maxlinkdim=214 maxerr=9.99E-11 time=113.894
Not same mu, searching again
After sweep 1 energy=-4.21095140096955  maxlinkdim=16 maxerr=9.01E-11 time=1.474
After sweep 2 energy=-5.278595492396627  maxlinkdim=99 maxerr=1.00E-10 time=5.109
After sweep 3 energy=-5.369300124592118  maxlinkdim=122 maxerr=9.99E-11 time=8.021
After sweep 4 energy=-5.415902472070612  maxlinkdim=126 maxerr=1.00E-10 time=8.760
After sweep 5 energy=-5.4455318348671735  maxlinkdim=117 maxerr=1.00E-10 time=8.741
After sweep 6 energy=-5.4699153973426675  maxlinkdim=159 maxerr=1.00E-10 time=9.061
After sweep 7 energy=-5.4938805068670105  maxlinkdim=157 maxerr=1.00E-10 time=10.340
After sweep 8 energy=-5.511654944518061  maxlinkdim=134 maxerr=9.99E-11 time=11.423
After sweep 9 energy=-5.522017778964557  maxlinkdim=252 maxerr=9.99E-11 time=13.405
After sweep 10 energy=-5.529302602663581  maxlinkdim=172 maxerr=1.00E-10 time=11.332
After sweep 11 energy=-5.535476325246944  maxlinkdim=280 maxerr=9.99E-11 time=13.543
After sweep 12 energy=-5.541893596321781  maxlinkdim=193 maxerr=1.00E-10 time=14.630
After sweep 13 energy=-5.545248457188594  maxlinkdim=230 maxerr=1.00E-10 time=16.685
After sweep 14 energy=-5.547323014678233  maxlinkdim=208 maxerr=1.00E-10 time=18.015
After sweep 15 energy=-5.54829951271319  maxlinkdim=201 maxerr=1.00E-10 time=17.864
After sweep 16 energy=-5.548944725647377  maxlinkdim=222 maxerr=1.00E-10 time=20.789
After sweep 17 energy=-5.549417716355042  maxlinkdim=182 maxerr=9.99E-11 time=19.889
After sweep 18 energy=-5.549752870972994  maxlinkdim=257 maxerr=9.99E-11 time=30.355
After sweep 19 energy=-5.549916080671505  maxlinkdim=229 maxerr=1.00E-10 time=41.612
After sweep 20 energy=-5.550001372151011  maxlinkdim=288 maxerr=1.00E-10 time=39.934
After sweep 21 energy=-5.5500434599630735  maxlinkdim=218 maxerr=9.99E-11 time=61.123
After sweep 22 energy=-5.5500618842451495  maxlinkdim=291 maxerr=9.99E-11 time=82.901
After sweep 23 energy=-5.550067499182643  maxlinkdim=262 maxerr=1.00E-10 time=112.198
After sweep 24 energy=-5.550068766816283  maxlinkdim=244 maxerr=1.00E-10 time=151.911
After sweep 25 energy=-5.550068854613052  maxlinkdim=216 maxerr=1.00E-10 time=118.668
After sweep 26 energy=-5.550068854118805  maxlinkdim=206 maxerr=1.00E-10 time=104.268
After sweep 27 energy=-5.550068854069603  maxlinkdim=205 maxerr=1.00E-10 time=96.202
After sweep 28 energy=-5.5500688544321495  maxlinkdim=205 maxerr=9.99E-11 time=89.347
After sweep 29 energy=-5.550068854517956  maxlinkdim=205 maxerr=9.99E-11 time=47.631
After sweep 30 energy=-5.550068854459718  maxlinkdim=205 maxerr=9.99E-11 time=43.753
n0: 0.4871652084236534; n1: 0.5000057577266139; mu0: -2.660821372361161; mu1: -2.650821372361161

Range found between mu0: -2.660821372361161 (n0: 0.4871652084236534) and mu1: -2.650821372361161 (n1: 0.5000057577266139); refining...
n0: 0.4871652084236534; n1: 0.5000057577266139; mu0: -2.660821372361161; mu1: -2.650821372361161
Trying secant step...
After sweep 1 energy=-4.710404884349679  maxlinkdim=16 maxerr=8.85E-11 time=1.341
After sweep 2 energy=-5.780924476141965  maxlinkdim=101 maxerr=1.00E-10 time=5.309
After sweep 3 energy=-5.868174301932151  maxlinkdim=122 maxerr=1.00E-10 time=8.512
After sweep 4 energy=-5.912719113758689  maxlinkdim=115 maxerr=1.00E-10 time=9.194
After sweep 5 energy=-5.944959097712126  maxlinkdim=150 maxerr=1.00E-10 time=9.460
After sweep 6 energy=-5.968157554492207  maxlinkdim=189 maxerr=9.98E-11 time=9.032
After sweep 7 energy=-5.986573128161591  maxlinkdim=221 maxerr=9.99E-11 time=9.045
After sweep 8 energy=-6.003274898381491  maxlinkdim=172 maxerr=1.00E-10 time=10.502
After sweep 9 energy=-6.012982678361763  maxlinkdim=208 maxerr=1.00E-10 time=10.857
After sweep 10 energy=-6.022058506222269  maxlinkdim=172 maxerr=1.00E-10 time=11.436
After sweep 11 energy=-6.029451786528945  maxlinkdim=179 maxerr=1.00E-10 time=12.920
After sweep 12 energy=-6.03320004207863  maxlinkdim=174 maxerr=9.98E-11 time=12.478
After sweep 13 energy=-6.036062475721912  maxlinkdim=276 maxerr=1.00E-10 time=15.690
After sweep 14 energy=-6.038588589752809  maxlinkdim=219 maxerr=9.99E-11 time=17.009
After sweep 15 energy=-6.041127443752078  maxlinkdim=272 maxerr=1.00E-10 time=21.858
After sweep 16 energy=-6.041955597154572  maxlinkdim=300 maxerr=1.18E-10 time=24.897
After sweep 17 energy=-6.042483096020733  maxlinkdim=224 maxerr=9.98E-11 time=23.189
After sweep 18 energy=-6.042875368275291  maxlinkdim=196 maxerr=1.00E-10 time=24.730
After sweep 19 energy=-6.043271780596776  maxlinkdim=213 maxerr=1.00E-10 time=32.019
After sweep 20 energy=-6.043429750606238  maxlinkdim=281 maxerr=1.00E-10 time=33.706
After sweep 21 energy=-6.043466233076746  maxlinkdim=254 maxerr=1.00E-10 time=59.041
After sweep 22 energy=-6.043476044118639  maxlinkdim=244 maxerr=1.00E-10 time=46.939
After sweep 23 energy=-6.043479305840829  maxlinkdim=242 maxerr=1.00E-10 time=81.472
After sweep 24 energy=-6.043479839467726  maxlinkdim=243 maxerr=1.00E-10 time=102.824
After sweep 25 energy=-6.043479932546278  maxlinkdim=225 maxerr=1.00E-10 time=117.499
After sweep 26 energy=-6.043479938902396  maxlinkdim=215 maxerr=1.00E-10 time=130.905
After sweep 27 energy=-6.043479939447812  maxlinkdim=214 maxerr=1.00E-10 time=113.414
After sweep 28 energy=-6.0434799400730554  maxlinkdim=214 maxerr=1.00E-10 time=111.449
After sweep 29 energy=-6.04347994048414  maxlinkdim=214 maxerr=9.99E-11 time=140.976
After sweep 30 energy=-6.043479940687636  maxlinkdim=214 maxerr=1.00E-10 time=89.402
FOUND MU (secant); mu: -2.6508258563800906  n: 0.5000001346406193
Target density achieved with mu=-2.6508258563800906, n=0.5000001346406193
Checking {alpha,beta} vs measured
NOT CONVERGED; updating alpha, beta and continuing...
After sweep 1 energy=-4.702116895823847  maxlinkdim=16 maxerr=8.46E-11 time=1.328
After sweep 2 energy=-5.776281549692347  maxlinkdim=97 maxerr=9.96E-11 time=5.074
After sweep 3 energy=-5.868608017259427  maxlinkdim=118 maxerr=9.99E-11 time=7.939
After sweep 4 energy=-5.917867120733122  maxlinkdim=132 maxerr=9.99E-11 time=9.000
After sweep 5 energy=-5.946689267814947  maxlinkdim=123 maxerr=1.00E-10 time=9.055
After sweep 6 energy=-5.969377267186866  maxlinkdim=137 maxerr=9.94E-11 time=8.886
After sweep 7 energy=-5.9884722760876175  maxlinkdim=174 maxerr=9.98E-11 time=9.743
After sweep 8 energy=-6.003037128927341  maxlinkdim=167 maxerr=9.98E-11 time=10.496
After sweep 9 energy=-6.012827812649562  maxlinkdim=230 maxerr=9.99E-11 time=10.465
After sweep 10 energy=-6.0227177680697315  maxlinkdim=233 maxerr=9.99E-11 time=13.681
After sweep 11 energy=-6.030211815219201  maxlinkdim=181 maxerr=1.00E-10 time=14.258
After sweep 12 energy=-6.035052954158841  maxlinkdim=198 maxerr=9.99E-11 time=15.997
After sweep 13 energy=-6.037646790772523  maxlinkdim=196 maxerr=1.00E-10 time=16.111
After sweep 14 energy=-6.03963666465934  maxlinkdim=266 maxerr=1.00E-10 time=19.853
After sweep 15 energy=-6.04096543035183  maxlinkdim=247 maxerr=1.00E-10 time=27.993
After sweep 16 energy=-6.041958873822415  maxlinkdim=280 maxerr=1.00E-10 time=26.702
After sweep 17 energy=-6.042723979806614  maxlinkdim=259 maxerr=1.00E-10 time=27.810
After sweep 18 energy=-6.043053683965014  maxlinkdim=229 maxerr=9.99E-11 time=25.693
After sweep 19 energy=-6.043230755006927  maxlinkdim=300 maxerr=1.19E-10 time=37.387
After sweep 20 energy=-6.043310077279959  maxlinkdim=216 maxerr=1.00E-10 time=32.433
After sweep 21 energy=-6.043358274241815  maxlinkdim=232 maxerr=1.00E-10 time=64.952
After sweep 22 energy=-6.043378653511325  maxlinkdim=248 maxerr=1.00E-10 time=106.591
After sweep 23 energy=-6.04338346489285  maxlinkdim=238 maxerr=1.41E-10 time=129.422
After sweep 24 energy=-6.0433841602562  maxlinkdim=242 maxerr=1.00E-10 time=134.377
After sweep 25 energy=-6.0433842718628465  maxlinkdim=231 maxerr=1.00E-10 time=117.766
After sweep 26 energy=-6.043384281082443  maxlinkdim=216 maxerr=9.99E-11 time=132.290
After sweep 27 energy=-6.043384281698217  maxlinkdim=214 maxerr=1.00E-10 time=126.378
After sweep 28 energy=-6.043384282260872  maxlinkdim=214 maxerr=1.00E-10 time=105.486
After sweep 29 energy=-6.0433842827481286  maxlinkdim=214 maxerr=1.00E-10 time=109.855
After sweep 30 energy=-6.04338428292008  maxlinkdim=214 maxerr=1.00E-10 time=107.461
Same mu: -2.6508258563800906 and continuing
Target density achieved with mu=-2.6508258563800906, n=0.5000016053407581
Checking {alpha,beta} vs measured
NOT CONVERGED; updating alpha, beta and continuing...
After sweep 1 energy=-4.709190338553178  maxlinkdim=16 maxerr=8.42E-11 time=1.344
After sweep 2 energy=-5.775731384907583  maxlinkdim=96 maxerr=9.99E-11 time=5.129
After sweep 3 energy=-5.868144698928491  maxlinkdim=114 maxerr=1.00E-10 time=7.739
After sweep 4 energy=-5.915750721090476  maxlinkdim=115 maxerr=1.00E-10 time=8.805
After sweep 5 energy=-5.945752187670769  maxlinkdim=112 maxerr=9.99E-11 time=8.897
After sweep 6 energy=-5.968657685771742  maxlinkdim=135 maxerr=1.00E-10 time=8.634
After sweep 7 energy=-5.9900604555073516  maxlinkdim=165 maxerr=1.00E-10 time=9.801
After sweep 8 energy=-6.004797576677533  maxlinkdim=210 maxerr=1.00E-10 time=11.135
After sweep 9 energy=-6.013373084831492  maxlinkdim=200 maxerr=9.99E-11 time=10.866
After sweep 10 energy=-6.021725597147904  maxlinkdim=184 maxerr=9.98E-11 time=10.894
After sweep 11 energy=-6.031804315760731  maxlinkdim=221 maxerr=1.00E-10 time=14.256
After sweep 12 energy=-6.035918406156183  maxlinkdim=157 maxerr=9.99E-11 time=14.006
After sweep 13 energy=-6.038162073914223  maxlinkdim=200 maxerr=1.00E-10 time=13.090
After sweep 14 energy=-6.0407064512646045  maxlinkdim=288 maxerr=1.00E-10 time=19.235
After sweep 15 energy=-6.041716642308437  maxlinkdim=268 maxerr=9.99E-11 time=21.333
After sweep 16 energy=-6.0426184773114935  maxlinkdim=248 maxerr=1.00E-10 time=24.581
After sweep 17 energy=-6.043000159693888  maxlinkdim=249 maxerr=1.00E-10 time=24.552
After sweep 18 energy=-6.043224150528845  maxlinkdim=293 maxerr=1.00E-10 time=30.558
After sweep 19 energy=-6.043295460665442  maxlinkdim=213 maxerr=1.00E-10 time=31.069
After sweep 20 energy=-6.043333379219132  maxlinkdim=272 maxerr=1.00E-10 time=35.030
After sweep 21 energy=-6.043348048224294  maxlinkdim=273 maxerr=1.00E-10 time=52.358
After sweep 22 energy=-6.043354530865595  maxlinkdim=273 maxerr=9.99E-11 time=72.190
After sweep 23 energy=-6.043356498079592  maxlinkdim=236 maxerr=1.00E-10 time=103.219
After sweep 24 energy=-6.043356932238141  maxlinkdim=239 maxerr=1.00E-10 time=123.608
After sweep 25 energy=-6.04335698996119  maxlinkdim=222 maxerr=1.00E-10 time=160.346
After sweep 26 energy=-6.043356992651115  maxlinkdim=215 maxerr=1.00E-10 time=165.590
After sweep 27 energy=-6.043356993222686  maxlinkdim=214 maxerr=1.00E-10 time=183.528
After sweep 28 energy=-6.043356993718474  maxlinkdim=214 maxerr=1.00E-10 time=182.087
After sweep 29 energy=-6.043356993897129  maxlinkdim=214 maxerr=1.00E-10 time=185.135
After sweep 30 energy=-6.043356994050584  maxlinkdim=214 maxerr=1.00E-10 time=169.655
Same mu: -2.6508258563800906 and continuing
Target density achieved with mu=-2.6508258563800906, n=0.5000020019207295
Checking {alpha,beta} vs measured
NOT CONVERGED; updating alpha, beta and continuing...
After sweep 1 energy=-4.698092501733724  maxlinkdim=16 maxerr=6.80E-11 time=1.317
After sweep 2 energy=-5.771941485961854  maxlinkdim=96 maxerr=1.00E-10 time=5.099
After sweep 3 energy=-5.864108717366434  maxlinkdim=118 maxerr=1.00E-10 time=7.699
After sweep 4 energy=-5.91317628978338  maxlinkdim=122 maxerr=9.98E-11 time=8.853
After sweep 5 energy=-5.9445002824339  maxlinkdim=122 maxerr=1.00E-10 time=9.168
After sweep 6 energy=-5.969324993376272  maxlinkdim=157 maxerr=9.98E-11 time=8.978
After sweep 7 energy=-5.993115061791405  maxlinkdim=210 maxerr=1.00E-10 time=10.470
After sweep 8 energy=-6.008064525486969  maxlinkdim=215 maxerr=1.00E-10 time=11.821
After sweep 9 energy=-6.015935160090287  maxlinkdim=179 maxerr=9.99E-11 time=10.889
After sweep 10 energy=-6.02305080066661  maxlinkdim=241 maxerr=1.00E-10 time=13.099
After sweep 11 energy=-6.030416751300638  maxlinkdim=237 maxerr=1.00E-10 time=15.816
After sweep 12 energy=-6.034439031449857  maxlinkdim=197 maxerr=1.00E-10 time=17.701
After sweep 13 energy=-6.036808811521691  maxlinkdim=283 maxerr=9.99E-11 time=24.581
After sweep 14 energy=-6.039182088663792  maxlinkdim=223 maxerr=1.00E-10 time=19.680
After sweep 15 energy=-6.040412691180567  maxlinkdim=216 maxerr=9.99E-11 time=18.659
After sweep 16 energy=-6.041544212764974  maxlinkdim=240 maxerr=9.99E-11 time=29.299
After sweep 17 energy=-6.042227407404558  maxlinkdim=195 maxerr=9.99E-11 time=23.199
After sweep 18 energy=-6.042659431032122  maxlinkdim=288 maxerr=9.99E-11 time=28.370
After sweep 19 energy=-6.042923597335382  maxlinkdim=300 maxerr=1.20E-10 time=31.475
After sweep 20 energy=-6.043150168617104  maxlinkdim=271 maxerr=1.22E-10 time=39.386
After sweep 21 energy=-6.043268908164354  maxlinkdim=283 maxerr=1.00E-10 time=44.514
After sweep 22 energy=-6.04332022634312  maxlinkdim=283 maxerr=1.00E-10 time=47.780
After sweep 23 energy=-6.043337264666726  maxlinkdim=232 maxerr=1.00E-10 time=62.886
After sweep 24 energy=-6.043344555946994  maxlinkdim=244 maxerr=1.00E-10 time=49.665
After sweep 25 energy=-6.043347949655895  maxlinkdim=246 maxerr=1.00E-10 time=89.367
After sweep 26 energy=-6.043349066346463  maxlinkdim=236 maxerr=9.99E-11 time=145.831
After sweep 27 energy=-6.043349268529008  maxlinkdim=236 maxerr=1.00E-10 time=121.484
After sweep 28 energy=-6.043349288260646  maxlinkdim=217 maxerr=1.00E-10 time=130.862
After sweep 29 energy=-6.0433492893582805  maxlinkdim=214 maxerr=1.00E-10 time=157.626
After sweep 30 energy=-6.043349289760341  maxlinkdim=214 maxerr=1.00E-10 time=128.409
Same mu: -2.6508258563800906 and continuing
Target density achieved with mu=-2.6508258563800906, n=0.5000021078573598
Checking {alpha,beta} vs measured
NOT CONVERGED; updating alpha, beta and continuing...
After sweep 1 energy=-4.698327027100664  maxlinkdim=16 maxerr=6.78E-11 time=1.330
After sweep 2 energy=-5.77240821604739  maxlinkdim=96 maxerr=1.00E-10 time=5.092
After sweep 3 energy=-5.863960842556093  maxlinkdim=124 maxerr=1.00E-10 time=7.918
After sweep 4 energy=-5.914453472739647  maxlinkdim=127 maxerr=1.00E-10 time=8.951
After sweep 5 energy=-5.945685854679441  maxlinkdim=154 maxerr=1.00E-10 time=9.584
After sweep 6 energy=-5.967662443921109  maxlinkdim=183 maxerr=1.00E-10 time=9.571
After sweep 7 energy=-5.988554570689208  maxlinkdim=137 maxerr=9.99E-11 time=9.879
After sweep 8 energy=-6.005137059199357  maxlinkdim=167 maxerr=9.99E-11 time=11.164
After sweep 9 energy=-6.014841292748262  maxlinkdim=164 maxerr=9.99E-11 time=10.841
After sweep 10 energy=-6.024644276389333  maxlinkdim=168 maxerr=9.99E-11 time=11.980
After sweep 11 energy=-6.029874510871325  maxlinkdim=168 maxerr=9.99E-11 time=12.369
After sweep 12 energy=-6.03310734140604  maxlinkdim=149 maxerr=9.99E-11 time=11.469
After sweep 13 energy=-6.037024568603076  maxlinkdim=248 maxerr=1.00E-10 time=17.160
After sweep 14 energy=-6.0388962857057225  maxlinkdim=213 maxerr=4.64E-10 time=16.942
After sweep 15 energy=-6.040306798673971  maxlinkdim=211 maxerr=1.00E-10 time=15.843
After sweep 16 energy=-6.0416274977120805  maxlinkdim=193 maxerr=9.99E-11 time=18.558
After sweep 17 energy=-6.042505683488754  maxlinkdim=279 maxerr=9.99E-11 time=18.249
After sweep 18 energy=-6.043086566540435  maxlinkdim=188 maxerr=9.99E-11 time=23.112
After sweep 19 energy=-6.0432661238555525  maxlinkdim=242 maxerr=9.99E-11 time=35.302
After sweep 20 energy=-6.0433198128685275  maxlinkdim=249 maxerr=1.00E-10 time=34.962
After sweep 21 energy=-6.0433409076196885  maxlinkdim=264 maxerr=1.00E-10 time=55.237
After sweep 22 energy=-6.0433457721267505  maxlinkdim=239 maxerr=1.00E-10 time=58.792
After sweep 23 energy=-6.043346917728527  maxlinkdim=232 maxerr=1.00E-10 time=81.861
After sweep 24 energy=-6.043347110022696  maxlinkdim=238 maxerr=1.00E-10 time=131.197
After sweep 25 energy=-6.0433471299966826  maxlinkdim=219 maxerr=1.00E-10 time=152.543
After sweep 26 energy=-6.043347130962445  maxlinkdim=214 maxerr=1.00E-10 time=108.209
slurmstepd: error: *** STEP 45164682.0 ON nid005819 CANCELLED AT 2025-11-13T22:38:05 ***
slurmstepd: error: *** JOB 45164682 ON nid005819 CANCELLED AT 2025-11-13T22:38:05 ***

[756692] signal 15: Terminated
in expression starting at /global/u2/k/kwang98/MPS-MFT/main_loop_script.jl:552
