outfile_name: results_L_64_U_8.0_t0_1.0_t_p_0.1_chi_1000_gpu.h5
[ Info:  started timer at: 2026-02-14T02:58:05.191
Inheriting alpha/beta/mu from results_L_64_U_8.0_t0_1.0_t_p_0.1_chi_500_gpu.h5
Running with t0=1.0 t_p=0.1 U=8.0 L=64 chi_max=1000 E_p=0.134 mu_init=1.5920087879241795
After sweep 1 energy=-236.42851  maxlinkdim=10 maxerr=4.49E-03 time=33.844
After sweep 2 energy=-244.54005  maxlinkdim=20 maxerr=2.28E-03 time=1.684
After sweep 3 energy=-248.28479  maxlinkdim=100 maxerr=6.57E-06 time=3.240
After sweep 4 energy=-248.75414  maxlinkdim=1000 maxerr=3.74E-10 time=67.750
After sweep 5 energy=-249.28722  maxlinkdim=1000 maxerr=3.25E-09 time=148.495
After sweep 6 energy=-249.62817  maxlinkdim=1000 maxerr=3.34E-10 time=105.625
After sweep 7 energy=-249.894  maxlinkdim=1000 maxerr=3.13E-08 time=102.704
After sweep 8 energy=-250.11496  maxlinkdim=1000 maxerr=7.90E-08 time=120.373
After sweep 9 energy=-250.28127  maxlinkdim=1000 maxerr=1.37E-07 time=135.858
After sweep 10 energy=-250.44049  maxlinkdim=1000 maxerr=3.52E-07 time=145.077
After sweep 11 energy=-250.58727  maxlinkdim=1000 maxerr=5.89E-08 time=165.333
After sweep 12 energy=-250.7402  maxlinkdim=1000 maxerr=1.94E-07 time=174.371
After sweep 13 energy=-250.86157  maxlinkdim=1000 maxerr=3.73E-07 time=175.308
After sweep 14 energy=-250.97676  maxlinkdim=1000 maxerr=1.96E-07 time=181.756
After sweep 15 energy=-251.08893  maxlinkdim=1000 maxerr=1.08E-06 time=185.584
After sweep 16 energy=-251.26689  maxlinkdim=1000 maxerr=5.29E-07 time=201.224
After sweep 17 energy=-251.46283  maxlinkdim=1000 maxerr=1.47E-06 time=216.199
After sweep 18 energy=-251.65988  maxlinkdim=1000 maxerr=4.10E-06 time=216.992
After sweep 19 energy=-251.80548  maxlinkdim=1000 maxerr=3.05E-06 time=203.147
After sweep 20 energy=-251.95183  maxlinkdim=1000 maxerr=7.62E-07 time=212.884
After sweep 21 energy=-252.04355  maxlinkdim=1000 maxerr=4.76E-07 time=204.110
After sweep 22 energy=-252.16202  maxlinkdim=1000 maxerr=1.19E-06 time=209.984
After sweep 23 energy=-252.28297  maxlinkdim=1000 maxerr=3.65E-07 time=228.585
After sweep 24 energy=-252.39438  maxlinkdim=1000 maxerr=1.46E-06 time=238.123
After sweep 25 energy=-252.46388  maxlinkdim=1000 maxerr=3.00E-07 time=238.374
After sweep 26 energy=-252.5046  maxlinkdim=1000 maxerr=2.59E-07 time=235.424
After sweep 27 energy=-252.53448  maxlinkdim=1000 maxerr=4.46E-07 time=240.524
After sweep 28 energy=-252.56914  maxlinkdim=1000 maxerr=1.05E-06 time=243.198
After sweep 29 energy=-252.59361  maxlinkdim=1000 maxerr=5.34E-07 time=243.621
After sweep 30 energy=-252.62004  maxlinkdim=1000 maxerr=3.43E-07 time=250.973
Not same mu, searching again
After sweep 1 energy=-251.43527  maxlinkdim=1000 maxerr=6.15E-07 time=251.905
After sweep 2 energy=-251.4616  maxlinkdim=1000 maxerr=7.04E-07 time=254.334
After sweep 3 energy=-251.4892  maxlinkdim=1000 maxerr=4.53E-07 time=254.312
After sweep 4 energy=-251.52304  maxlinkdim=1000 maxerr=4.26E-07 time=255.337
After sweep 5 energy=-251.54828  maxlinkdim=1000 maxerr=5.44E-07 time=256.627
After sweep 6 energy=-251.56427  maxlinkdim=1000 maxerr=4.75E-07 time=256.053
After sweep 7 energy=-251.57759  maxlinkdim=1000 maxerr=5.24E-07 time=256.763
After sweep 8 energy=-251.58215  maxlinkdim=1000 maxerr=7.32E-07 time=257.765
After sweep 9 energy=-251.5902  maxlinkdim=1000 maxerr=5.05E-07 time=257.184
After sweep 10 energy=-251.59097  maxlinkdim=1000 maxerr=4.98E-07 time=257.354
After sweep 11 energy=-251.59357  maxlinkdim=1000 maxerr=5.46E-07 time=257.153
After sweep 12 energy=-251.59612  maxlinkdim=1000 maxerr=5.21E-07 time=257.227
After sweep 13 energy=-251.59605  maxlinkdim=1000 maxerr=5.01E-07 time=257.157
Energy converged after sweep 13, stopping DMRG early
n0: 0.9293317; n1: 0.94542164; mu0: 1.5820087879241795; mu1: 1.5920087879241795

Range found between mu0: 1.5820087879241795 (n0: 0.9293317) and mu1: 1.5920087879241795 (n1: 0.94542164); refining...
n0: 0.9293317; n1: 0.94542164; mu0: 1.5820087879241795; mu1: 1.5920087879241795
Trying secant step...
After sweep 1 energy=-252.20319  maxlinkdim=1000 maxerr=6.31E-07 time=260.062
After sweep 2 energy=-252.20695  maxlinkdim=1000 maxerr=4.96E-07 time=257.667
After sweep 3 energy=-252.20831  maxlinkdim=1000 maxerr=4.66E-07 time=257.184
After sweep 4 energy=-252.2101  maxlinkdim=1000 maxerr=4.68E-07 time=257.127
After sweep 5 energy=-252.20978  maxlinkdim=1000 maxerr=4.40E-07 time=257.171
After sweep 6 energy=-252.20998  maxlinkdim=1000 maxerr=4.55E-07 time=257.652
Energy converged after sweep 6, stopping DMRG early
n0: 0.93311375; n1: 0.94542164; mu0: 1.587085433450659; mu1: 1.5920087879241795
Trying secant step...
After sweep 1 energy=-252.42148  maxlinkdim=1000 maxerr=4.38E-07 time=257.795
After sweep 2 energy=-252.42061  maxlinkdim=1000 maxerr=4.33E-07 time=257.008
After sweep 3 energy=-252.42093  maxlinkdim=1000 maxerr=4.38E-07 time=257.537
After sweep 4 energy=-252.42271  maxlinkdim=1000 maxerr=4.29E-07 time=257.132
After sweep 5 energy=-252.42136  maxlinkdim=1000 maxerr=4.24E-07 time=257.069
After sweep 6 energy=-252.42152  maxlinkdim=1000 maxerr=4.34E-07 time=257.098
Energy converged after sweep 6, stopping DMRG early
n0: 0.93311375; n1: 0.93465495; mu0: 1.587085433450659; mu1: 1.5888400037601718
Trying secant step...
After sweep 1 energy=-252.81146  maxlinkdim=1000 maxerr=6.04E-07 time=256.900
After sweep 2 energy=-252.81184  maxlinkdim=1000 maxerr=4.59E-07 time=257.121
After sweep 3 energy=-252.81096  maxlinkdim=1000 maxerr=3.96E-07 time=257.798
After sweep 4 energy=-252.81198  maxlinkdim=1000 maxerr=4.09E-07 time=256.960
After sweep 5 energy=-252.8107  maxlinkdim=1000 maxerr=3.82E-07 time=257.102
After sweep 6 energy=-252.81062  maxlinkdim=1000 maxerr=3.80E-07 time=257.137
Energy converged after sweep 6, stopping DMRG early
FOUND MU (secant); mu: 1.5920789390586851  n: 0.93747973
Target density achieved with mu=1.5920789390586851, n=0.93747973
Checking {alpha,beta} vs measured
Alpha not converged.
NOT CONVERGED; updating alpha, beta and continuing...
After sweep 1 energy=-252.79951  maxlinkdim=1000 maxerr=4.63E-07 time=259.393
After sweep 2 energy=-252.80037  maxlinkdim=1000 maxerr=4.17E-07 time=257.400
After sweep 3 energy=-252.79988  maxlinkdim=1000 maxerr=3.55E-07 time=257.257
After sweep 4 energy=-252.80179  maxlinkdim=1000 maxerr=3.42E-07 time=257.137
After sweep 5 energy=-252.8006  maxlinkdim=1000 maxerr=3.48E-07 time=257.411
After sweep 6 energy=-252.80067  maxlinkdim=1000 maxerr=3.63E-07 time=257.299
Energy converged after sweep 6, stopping DMRG early
Same mu: 1.5920789390586851 and continuing
Target density achieved with mu=1.5920789390586851, n=0.9380426
Checking {alpha,beta} vs measured
Alpha not converged.
NOT CONVERGED; updating alpha, beta and continuing...
After sweep 1 energy=-252.80945  maxlinkdim=1000 maxerr=3.80E-07 time=259.392
After sweep 2 energy=-252.80922  maxlinkdim=1000 maxerr=3.31E-07 time=257.400
Energy converged after sweep 2, stopping DMRG early
Same mu: 1.5920789390586851 and continuing
Target density achieved with mu=1.5920789390586851, n=0.9377975
Checking {alpha,beta} vs measured
Alpha not converged.
NOT CONVERGED; updating alpha, beta and continuing...
After sweep 1 energy=-252.80525  maxlinkdim=1000 maxerr=3.39E-07 time=259.369
After sweep 2 energy=-252.80333  maxlinkdim=1000 maxerr=3.26E-07 time=257.202
After sweep 3 energy=-252.80557  maxlinkdim=1000 maxerr=3.47E-07 time=257.139
After sweep 4 energy=-252.80621  maxlinkdim=1000 maxerr=3.42E-07 time=257.425
After sweep 5 energy=-252.80525  maxlinkdim=1000 maxerr=3.23E-07 time=256.710
After sweep 6 energy=-252.80577  maxlinkdim=1000 maxerr=3.32E-07 time=257.139
After sweep 7 energy=-252.80374  maxlinkdim=1000 maxerr=3.23E-07 time=257.123
After sweep 8 energy=-252.80553  maxlinkdim=1000 maxerr=3.46E-07 time=257.154
After sweep 9 energy=-252.80484  maxlinkdim=1000 maxerr=3.45E-07 time=257.321
After sweep 10 energy=-252.80345  maxlinkdim=1000 maxerr=3.42E-07 time=257.338
After sweep 11 energy=-252.80547  maxlinkdim=1000 maxerr=3.29E-07 time=257.276
After sweep 12 energy=-252.80583  maxlinkdim=1000 maxerr=3.44E-07 time=256.656
After sweep 13 energy=-252.80449  maxlinkdim=1000 maxerr=3.54E-07 time=257.302
After sweep 14 energy=-252.80269  maxlinkdim=1000 maxerr=3.38E-07 time=257.269
After sweep 15 energy=-252.80443  maxlinkdim=1000 maxerr=3.52E-07 time=257.277
After sweep 16 energy=-252.80464  maxlinkdim=1000 maxerr=3.46E-07 time=257.341
Energy converged after sweep 16, stopping DMRG early
Same mu: 1.5920789390586851 and continuing
Target density achieved with mu=1.5920789390586851, n=0.93786734
Checking {alpha,beta} vs measured
Alpha not converged.
NOT CONVERGED; updating alpha, beta and continuing...
After sweep 1 energy=-252.8069  maxlinkdim=1000 maxerr=3.24E-07 time=259.258
After sweep 2 energy=-252.80661  maxlinkdim=1000 maxerr=3.62E-07 time=257.165
After sweep 3 energy=-252.8057  maxlinkdim=1000 maxerr=3.42E-07 time=257.258
After sweep 4 energy=-252.80719  maxlinkdim=1000 maxerr=3.36E-07 time=257.274
After sweep 5 energy=-252.80797  maxlinkdim=1000 maxerr=3.50E-07 time=257.283
After sweep 6 energy=-252.80634  maxlinkdim=1000 maxerr=3.39E-07 time=257.278
After sweep 7 energy=-252.80534  maxlinkdim=1000 maxerr=3.64E-07 time=256.825
After sweep 8 energy=-252.80597  maxlinkdim=1000 maxerr=3.54E-07 time=257.199
After sweep 9 energy=-252.80711  maxlinkdim=1000 maxerr=3.52E-07 time=257.126
After sweep 10 energy=-252.8047  maxlinkdim=1000 maxerr=3.55E-07 time=257.285
After sweep 11 energy=-252.80656  maxlinkdim=1000 maxerr=3.36E-07 time=257.368
After sweep 12 energy=-252.80482  maxlinkdim=1000 maxerr=3.58E-07 time=257.387
After sweep 13 energy=-252.80583  maxlinkdim=1000 maxerr=3.31E-07 time=257.281
After sweep 14 energy=-252.80635  maxlinkdim=1000 maxerr=3.43E-07 time=257.420
After sweep 15 energy=-252.80597  maxlinkdim=1000 maxerr=3.32E-07 time=256.646
After sweep 16 energy=-252.80377  maxlinkdim=1000 maxerr=3.67E-07 time=257.253
After sweep 17 energy=-252.80551  maxlinkdim=1000 maxerr=3.61E-07 time=257.221
After sweep 18 energy=-252.80684  maxlinkdim=1000 maxerr=3.79E-07 time=257.164
After sweep 19 energy=-252.80525  maxlinkdim=1000 maxerr=3.51E-07 time=257.127
After sweep 20 energy=-252.80666  maxlinkdim=1000 maxerr=3.63E-07 time=257.093
After sweep 21 energy=-252.80722  maxlinkdim=1000 maxerr=3.66E-07 time=256.631
After sweep 22 energy=-252.80629  maxlinkdim=1000 maxerr=3.52E-07 time=257.149
After sweep 23 energy=-252.80719  maxlinkdim=1000 maxerr=3.60E-07 time=257.227
After sweep 24 energy=-252.80585  maxlinkdim=1000 maxerr=3.52E-07 time=257.062
After sweep 25 energy=-252.80597  maxlinkdim=1000 maxerr=3.72E-07 time=257.362
Energy converged after sweep 25, stopping DMRG early
Same mu: 1.5920789390586851 and continuing
Target density achieved with mu=1.5920789390586851, n=0.9377881
Checking {alpha,beta} vs measured
Alpha not converged.
NOT CONVERGED; updating alpha, beta and continuing...
After sweep 1 energy=-252.80478  maxlinkdim=1000 maxerr=3.95E-07 time=259.327
After sweep 2 energy=-252.80478  maxlinkdim=1000 maxerr=3.65E-07 time=257.239
Energy converged after sweep 2, stopping DMRG early
Same mu: 1.5920789390586851 and continuing
Target density achieved with mu=1.5920789390586851, n=0.9378544
Checking {alpha,beta} vs measured
Alpha not converged.
NOT CONVERGED; updating alpha, beta and continuing...
After sweep 1 energy=-252.80489  maxlinkdim=1000 maxerr=3.58E-07 time=259.324
After sweep 2 energy=-252.80609  maxlinkdim=1000 maxerr=3.58E-07 time=257.138
After sweep 3 energy=-252.80595  maxlinkdim=1000 maxerr=3.58E-07 time=257.165
Energy converged after sweep 3, stopping DMRG early
Same mu: 1.5920789390586851 and continuing
Target density achieved with mu=1.5920789390586851, n=0.93784904
Checking {alpha,beta} vs measured
Alpha not converged.
NOT CONVERGED; updating alpha, beta and continuing...
After sweep 1 energy=-252.80544  maxlinkdim=1000 maxerr=3.59E-07 time=259.351
After sweep 2 energy=-252.80577  maxlinkdim=1000 maxerr=3.43E-07 time=257.449
After sweep 3 energy=-252.80553  maxlinkdim=1000 maxerr=3.50E-07 time=257.367
Energy converged after sweep 3, stopping DMRG early
Same mu: 1.5920789390586851 and continuing
Target density achieved with mu=1.5920789390586851, n=0.937836
Checking {alpha,beta} vs measured
Alpha not converged.
NOT CONVERGED; updating alpha, beta and continuing...
After sweep 1 energy=-252.80522  maxlinkdim=1000 maxerr=3.70E-07 time=259.533
After sweep 2 energy=-252.80594  maxlinkdim=1000 maxerr=3.49E-07 time=257.415
After sweep 3 energy=-252.80566  maxlinkdim=1000 maxerr=3.53E-07 time=257.337
After sweep 4 energy=-252.80554  maxlinkdim=1000 maxerr=3.36E-07 time=257.332
Energy converged after sweep 4, stopping DMRG early
Same mu: 1.5920789390586851 and continuing
Target density achieved with mu=1.5920789390586851, n=0.93783164
Checking {alpha,beta} vs measured
Alpha not converged.
NOT CONVERGED; updating alpha, beta and continuing...
After sweep 1 energy=-252.80553  maxlinkdim=1000 maxerr=3.36E-07 time=259.401
After sweep 2 energy=-252.80643  maxlinkdim=1000 maxerr=3.48E-07 time=257.411
After sweep 3 energy=-252.80632  maxlinkdim=1000 maxerr=3.68E-07 time=257.305
Energy converged after sweep 3, stopping DMRG early
Same mu: 1.5920789390586851 and continuing
Target density achieved with mu=1.5920789390586851, n=0.9378475
Checking {alpha,beta} vs measured
Alpha not converged.
NOT CONVERGED; updating alpha, beta and continuing...
After sweep 1 energy=-252.80579  maxlinkdim=1000 maxerr=3.51E-07 time=259.205
After sweep 2 energy=-252.80656  maxlinkdim=1000 maxerr=3.57E-07 time=257.245
After sweep 3 energy=-252.80574  maxlinkdim=1000 maxerr=3.55E-07 time=257.422
After sweep 4 energy=-252.80678  maxlinkdim=1000 maxerr=3.65E-07 time=257.278
After sweep 5 energy=-252.80527  maxlinkdim=1000 maxerr=3.60E-07 time=257.245
After sweep 6 energy=-252.80568  maxlinkdim=1000 maxerr=3.58E-07 time=256.633
After sweep 7 energy=-252.80594  maxlinkdim=1000 maxerr=3.48E-07 time=257.176
After sweep 8 energy=-252.8054  maxlinkdim=1000 maxerr=3.70E-07 time=257.359
After sweep 9 energy=-252.8062  maxlinkdim=1000 maxerr=3.55E-07 time=257.251
After sweep 10 energy=-252.80637  maxlinkdim=1000 maxerr=3.67E-07 time=257.236
Energy converged after sweep 10, stopping DMRG early
Same mu: 1.5920789390586851 and continuing
Target density achieved with mu=1.5920789390586851, n=0.93782675
Checking {alpha,beta} vs measured
Alpha not converged.
NOT CONVERGED; updating alpha, beta and continuing...
After sweep 1 energy=-252.80576  maxlinkdim=1000 maxerr=3.78E-07 time=259.216
After sweep 2 energy=-252.8051  maxlinkdim=1000 maxerr=3.62E-07 time=257.206
After sweep 3 energy=-252.80632  maxlinkdim=1000 maxerr=3.56E-07 time=257.173
After sweep 4 energy=-252.80627  maxlinkdim=1000 maxerr=3.50E-07 time=257.299
Energy converged after sweep 4, stopping DMRG early
Same mu: 1.5920789390586851 and continuing
Target density achieved with mu=1.5920789390586851, n=0.9378469
Checking {alpha,beta} vs measured
Alpha not converged.
NOT CONVERGED; updating alpha, beta and continuing...
After sweep 1 energy=-252.8063  maxlinkdim=1000 maxerr=3.54E-07 time=259.405
After sweep 2 energy=-252.80724  maxlinkdim=1000 maxerr=3.62E-07 time=257.095
After sweep 3 energy=-252.80579  maxlinkdim=1000 maxerr=3.70E-07 time=257.208
After sweep 4 energy=-252.80664  maxlinkdim=1000 maxerr=3.51E-07 time=257.160
After sweep 5 energy=-252.80634  maxlinkdim=1000 maxerr=3.63E-07 time=257.144
After sweep 6 energy=-252.80733  maxlinkdim=1000 maxerr=3.61E-07 time=257.074
After sweep 7 energy=-252.8063  maxlinkdim=1000 maxerr=3.79E-07 time=256.671
After sweep 8 energy=-252.80685  maxlinkdim=1000 maxerr=3.44E-07 time=257.152
After sweep 9 energy=-252.80568  maxlinkdim=1000 maxerr=3.54E-07 time=257.193
After sweep 10 energy=-252.80644  maxlinkdim=1000 maxerr=3.42E-07 time=257.336
After sweep 11 energy=-252.80678  maxlinkdim=1000 maxerr=3.60E-07 time=257.056
After sweep 12 energy=-252.80508  maxlinkdim=1000 maxerr=3.66E-07 time=257.253
After sweep 13 energy=-252.806  maxlinkdim=1000 maxerr=3.70E-07 time=256.583
After sweep 14 energy=-252.80637  maxlinkdim=1000 maxerr=3.71E-07 time=257.154
After sweep 15 energy=-252.80713  maxlinkdim=1000 maxerr=3.56E-07 time=257.179
After sweep 16 energy=-252.80539  maxlinkdim=1000 maxerr=3.46E-07 time=257.243
After sweep 17 energy=-252.80489  maxlinkdim=1000 maxerr=3.73E-07 time=257.322
After sweep 18 energy=-252.80702  maxlinkdim=1000 maxerr=3.67E-07 time=257.180
After sweep 19 energy=-252.80643  maxlinkdim=1000 maxerr=3.52E-07 time=257.214
After sweep 20 energy=-252.80562  maxlinkdim=1000 maxerr=3.59E-07 time=257.368
After sweep 21 energy=-252.8071  maxlinkdim=1000 maxerr=3.49E-07 time=256.654
After sweep 22 energy=-252.80693  maxlinkdim=1000 maxerr=3.50E-07 time=257.173
Energy converged after sweep 22, stopping DMRG early
Same mu: 1.5920789390586851 and continuing
Target density achieved with mu=1.5920789390586851, n=0.9378406
Checking {alpha,beta} vs measured
Alpha not converged.
NOT CONVERGED; updating alpha, beta and continuing...
After sweep 1 energy=-252.80624  maxlinkdim=1000 maxerr=3.72E-07 time=259.386
After sweep 2 energy=-252.8065  maxlinkdim=1000 maxerr=3.69E-07 time=257.292
After sweep 3 energy=-252.80763  maxlinkdim=1000 maxerr=3.57E-07 time=257.308
After sweep 4 energy=-252.80605  maxlinkdim=1000 maxerr=3.59E-07 time=256.754
After sweep 5 energy=-252.80678  maxlinkdim=1000 maxerr=3.69E-07 time=257.283
After sweep 6 energy=-252.80641  maxlinkdim=1000 maxerr=3.79E-07 time=257.197
After sweep 7 energy=-252.80482  maxlinkdim=1000 maxerr=3.68E-07 time=257.140
After sweep 8 energy=-252.80614  maxlinkdim=1000 maxerr=3.46E-07 time=257.263
After sweep 9 energy=-252.80666  maxlinkdim=1000 maxerr=3.52E-07 time=256.669
After sweep 10 energy=-252.80554  maxlinkdim=1000 maxerr=3.65E-07 time=257.197
After sweep 11 energy=-252.80634  maxlinkdim=1000 maxerr=3.88E-07 time=257.270
After sweep 12 energy=-252.80722  maxlinkdim=1000 maxerr=3.73E-07 time=257.256
After sweep 13 energy=-252.80753  maxlinkdim=1000 maxerr=3.56E-07 time=257.314
After sweep 14 energy=-252.80626  maxlinkdim=1000 maxerr=3.70E-07 time=256.653
After sweep 15 energy=-252.8076  maxlinkdim=1000 maxerr=3.61E-07 time=257.066
After sweep 16 energy=-252.80568  maxlinkdim=1000 maxerr=3.60E-07 time=257.193
After sweep 17 energy=-252.80717  maxlinkdim=1000 maxerr=3.70E-07 time=257.174
After sweep 18 energy=-252.80536  maxlinkdim=1000 maxerr=3.45E-07 time=257.434
After sweep 19 energy=-252.80583  maxlinkdim=1000 maxerr=3.54E-07 time=257.191
After sweep 20 energy=-252.80557  maxlinkdim=1000 maxerr=3.45E-07 time=257.457
After sweep 21 energy=-252.80777  maxlinkdim=1000 maxerr=3.71E-07 time=256.556
After sweep 22 energy=-252.80606  maxlinkdim=1000 maxerr=3.76E-07 time=257.680
After sweep 23 energy=-252.80583  maxlinkdim=1000 maxerr=3.63E-07 time=257.026
Energy converged after sweep 23, stopping DMRG early
Same mu: 1.5920789390586851 and continuing
Target density achieved with mu=1.5920789390586851, n=0.9378364
Checking {alpha,beta} vs measured
Alpha not converged.
NOT CONVERGED; updating alpha, beta and continuing...
After sweep 1 energy=-252.80667  maxlinkdim=1000 maxerr=3.53E-07 time=259.946
After sweep 2 energy=-252.80699  maxlinkdim=1000 maxerr=3.56E-07 time=257.328
After sweep 3 energy=-252.80661  maxlinkdim=1000 maxerr=3.63E-07 time=257.166
After sweep 4 energy=-252.80525  maxlinkdim=1000 maxerr=3.47E-07 time=257.211
After sweep 5 energy=-252.80551  maxlinkdim=1000 maxerr=3.62E-07 time=257.089
After sweep 6 energy=-252.80678  maxlinkdim=1000 maxerr=3.35E-07 time=257.401
After sweep 7 energy=-252.8056  maxlinkdim=1000 maxerr=3.39E-07 time=257.347
After sweep 8 energy=-252.80608  maxlinkdim=1000 maxerr=3.50E-07 time=256.941
After sweep 9 energy=-252.80653  maxlinkdim=1000 maxerr=3.56E-07 time=257.120
After sweep 10 energy=-252.8062  maxlinkdim=1000 maxerr=3.76E-07 time=257.276
After sweep 11 energy=-252.80629  maxlinkdim=1000 maxerr=3.71E-07 time=257.214
Energy converged after sweep 11, stopping DMRG early
Same mu: 1.5920789390586851 and continuing
Target density achieved with mu=1.5920789390586851, n=0.93785316
Checking {alpha,beta} vs measured
Alpha not converged.
NOT CONVERGED; updating alpha, beta and continuing...
After sweep 1 energy=-252.8069  maxlinkdim=1000 maxerr=3.78E-07 time=259.437
After sweep 2 energy=-252.80537  maxlinkdim=1000 maxerr=3.73E-07 time=257.235
After sweep 3 energy=-252.80576  maxlinkdim=1000 maxerr=3.67E-07 time=257.366
After sweep 4 energy=-252.80598  maxlinkdim=1000 maxerr=3.43E-07 time=257.119
Energy converged after sweep 4, stopping DMRG early
Same mu: 1.5920789390586851 and continuing
Target density achieved with mu=1.5920789390586851, n=0.9378535
Checking {alpha,beta} vs measured
Alpha not converged.
NOT CONVERGED; updating alpha, beta and continuing...
After sweep 1 energy=-252.80537  maxlinkdim=1000 maxerr=3.65E-07 time=259.283
After sweep 2 energy=-252.80641  maxlinkdim=1000 maxerr=3.63E-07 time=257.229
After sweep 3 energy=-252.80614  maxlinkdim=1000 maxerr=3.57E-07 time=257.351
After sweep 4 energy=-252.80554  maxlinkdim=1000 maxerr=3.59E-07 time=256.626
After sweep 5 energy=-252.80603  maxlinkdim=1000 maxerr=3.47E-07 time=257.132
After sweep 6 energy=-252.80704  maxlinkdim=1000 maxerr=3.69E-07 time=257.283
After sweep 7 energy=-252.80563  maxlinkdim=1000 maxerr=3.51E-07 time=257.216
After sweep 8 energy=-252.80634  maxlinkdim=1000 maxerr=3.60E-07 time=257.140
After sweep 9 energy=-252.80634  maxlinkdim=1000 maxerr=3.54E-07 time=257.593
Energy converged after sweep 9, stopping DMRG early
Same mu: 1.5920789390586851 and continuing
Target density achieved with mu=1.5920789390586851, n=0.9378311
Checking {alpha,beta} vs measured
Alpha not converged.
NOT CONVERGED; updating alpha, beta and continuing...
After sweep 1 energy=-252.80513  maxlinkdim=1000 maxerr=3.78E-07 time=259.361
After sweep 2 energy=-252.80498  maxlinkdim=1000 maxerr=3.42E-07 time=257.203
Energy converged after sweep 2, stopping DMRG early
Same mu: 1.5920789390586851 and continuing
Target density achieved with mu=1.5920789390586851, n=0.93783057
Checking {alpha,beta} vs measured
Alpha not converged.
NOT CONVERGED; updating alpha, beta and continuing...
After sweep 1 energy=-252.80629  maxlinkdim=1000 maxerr=3.66E-07 time=259.350
After sweep 2 energy=-252.805  maxlinkdim=1000 maxerr=3.75E-07 time=257.438
After sweep 3 energy=-252.80598  maxlinkdim=1000 maxerr=3.65E-07 time=257.429
After sweep 4 energy=-252.80556  maxlinkdim=1000 maxerr=3.50E-07 time=257.409
After sweep 5 energy=-252.80566  maxlinkdim=1000 maxerr=3.40E-07 time=256.539
Energy converged after sweep 5, stopping DMRG early
Same mu: 1.5920789390586851 and continuing
Target density achieved with mu=1.5920789390586851, n=0.9378527
Checking {alpha,beta} vs measured
Alpha not converged.
NOT CONVERGED; updating alpha, beta and continuing...
After sweep 1 energy=-252.80641  maxlinkdim=1000 maxerr=3.44E-07 time=259.226
After sweep 2 energy=-252.80603  maxlinkdim=1000 maxerr=3.76E-07 time=257.125
After sweep 3 energy=-252.8058  maxlinkdim=1000 maxerr=3.47E-07 time=257.359
Energy converged after sweep 3, stopping DMRG early
Same mu: 1.5920789390586851 and continuing
Target density achieved with mu=1.5920789390586851, n=0.93783575
Checking {alpha,beta} vs measured
Alpha not converged.
NOT CONVERGED; updating alpha, beta and continuing...
After sweep 1 energy=-252.8057  maxlinkdim=1000 maxerr=3.73E-07 time=259.399
After sweep 2 energy=-252.8057  maxlinkdim=1000 maxerr=3.75E-07 time=257.230
Energy converged after sweep 2, stopping DMRG early
Same mu: 1.5920789390586851 and continuing
Target density achieved with mu=1.5920789390586851, n=0.9378365
Checking {alpha,beta} vs measured
Alpha not converged.
NOT CONVERGED; updating alpha, beta and continuing...
After sweep 1 energy=-252.80518  maxlinkdim=1000 maxerr=3.44E-07 time=259.284
After sweep 2 energy=-252.80614  maxlinkdim=1000 maxerr=3.65E-07 time=257.419
After sweep 3 energy=-252.80487  maxlinkdim=1000 maxerr=3.56E-07 time=257.277
After sweep 4 energy=-252.80513  maxlinkdim=1000 maxerr=3.61E-07 time=256.776
After sweep 5 energy=-252.80554  maxlinkdim=1000 maxerr=3.68E-07 time=257.238
After sweep 6 energy=-252.80614  maxlinkdim=1000 maxerr=3.69E-07 time=257.203
After sweep 7 energy=-252.80605  maxlinkdim=1000 maxerr=3.54E-07 time=257.359
Energy converged after sweep 7, stopping DMRG early
Same mu: 1.5920789390586851 and continuing
Target density achieved with mu=1.5920789390586851, n=0.93784416
Checking {alpha,beta} vs measured
Alpha not converged.
NOT CONVERGED; updating alpha, beta and continuing...
After sweep 1 energy=-252.806  maxlinkdim=1000 maxerr=3.55E-07 time=259.389
After sweep 2 energy=-252.80672  maxlinkdim=1000 maxerr=3.62E-07 time=257.335
After sweep 3 energy=-252.80563  maxlinkdim=1000 maxerr=3.54E-07 time=257.347
After sweep 4 energy=-252.80699  maxlinkdim=1000 maxerr=3.51E-07 time=257.104
After sweep 5 energy=-252.80629  maxlinkdim=1000 maxerr=3.49E-07 time=256.704
After sweep 6 energy=-252.80717  maxlinkdim=1000 maxerr=3.63E-07 time=257.107
After sweep 7 energy=-252.80597  maxlinkdim=1000 maxerr=3.60E-07 time=257.108
After sweep 8 energy=-252.80666  maxlinkdim=1000 maxerr=3.55E-07 time=257.227
After sweep 9 energy=-252.8054  maxlinkdim=1000 maxerr=3.77E-07 time=257.363
After sweep 10 energy=-252.80553  maxlinkdim=1000 maxerr=3.78E-07 time=257.132
Energy converged after sweep 10, stopping DMRG early
Same mu: 1.5920789390586851 and continuing
Target density achieved with mu=1.5920789390586851, n=0.9378457
Checking {alpha,beta} vs measured
Alpha not converged.
NOT CONVERGED; updating alpha, beta and continuing...
After sweep 1 energy=-252.80551  maxlinkdim=1000 maxerr=3.71E-07 time=259.445
After sweep 2 energy=-252.80501  maxlinkdim=1000 maxerr=3.62E-07 time=257.148
After sweep 3 energy=-252.80585  maxlinkdim=1000 maxerr=3.52E-07 time=257.366
After sweep 4 energy=-252.80666  maxlinkdim=1000 maxerr=3.66E-07 time=257.135
After sweep 5 energy=-252.80647  maxlinkdim=1000 maxerr=3.56E-07 time=257.364
Energy converged after sweep 5, stopping DMRG early
Same mu: 1.5920789390586851 and continuing
Target density achieved with mu=1.5920789390586851, n=0.9378505
Checking {alpha,beta} vs measured
Alpha not converged.
NOT CONVERGED; updating alpha, beta and continuing...
After sweep 1 energy=-252.80655  maxlinkdim=1000 maxerr=3.60E-07 time=259.501
After sweep 2 energy=-252.80574  maxlinkdim=1000 maxerr=3.71E-07 time=257.341
After sweep 3 energy=-252.80553  maxlinkdim=1000 maxerr=3.79E-07 time=257.135
Energy converged after sweep 3, stopping DMRG early
Same mu: 1.5920789390586851 and continuing
Target density achieved with mu=1.5920789390586851, n=0.93783754
Checking {alpha,beta} vs measured
Alpha not converged.
NOT CONVERGED; updating alpha, beta and continuing...
After sweep 1 energy=-252.80515  maxlinkdim=1000 maxerr=3.81E-07 time=259.684
After sweep 2 energy=-252.80724  maxlinkdim=1000 maxerr=3.64E-07 time=257.390
After sweep 3 energy=-252.80528  maxlinkdim=1000 maxerr=3.85E-07 time=256.804
After sweep 4 energy=-252.80559  maxlinkdim=1000 maxerr=3.59E-07 time=256.971
After sweep 5 energy=-252.80655  maxlinkdim=1000 maxerr=3.54E-07 time=257.144
After sweep 6 energy=-252.80637  maxlinkdim=1000 maxerr=3.49E-07 time=257.216
Energy converged after sweep 6, stopping DMRG early
Same mu: 1.5920789390586851 and continuing
Target density achieved with mu=1.5920789390586851, n=0.93785936
Checking {alpha,beta} vs measured
Alpha not converged.
NOT CONVERGED; updating alpha, beta and continuing...
After sweep 1 energy=-252.80652  maxlinkdim=1000 maxerr=3.79E-07 time=259.349
After sweep 2 energy=-252.8054  maxlinkdim=1000 maxerr=3.78E-07 time=257.127
After sweep 3 energy=-252.80614  maxlinkdim=1000 maxerr=3.54E-07 time=257.191
After sweep 4 energy=-252.80655  maxlinkdim=1000 maxerr=3.50E-07 time=257.252
After sweep 5 energy=-252.80614  maxlinkdim=1000 maxerr=3.43E-07 time=257.199
After sweep 6 energy=-252.80609  maxlinkdim=1000 maxerr=3.56E-07 time=256.685
Energy converged after sweep 6, stopping DMRG early
Same mu: 1.5920789390586851 and continuing
Target density achieved with mu=1.5920789390586851, n=0.9378313
Checking {alpha,beta} vs measured
Alpha not converged.
NOT CONVERGED; updating alpha, beta and continuing...
After sweep 1 energy=-252.80551  maxlinkdim=1000 maxerr=3.75E-07 time=259.337
After sweep 2 energy=-252.80762  maxlinkdim=1000 maxerr=3.61E-07 time=257.381
After sweep 3 energy=-252.80692  maxlinkdim=1000 maxerr=3.69E-07 time=257.304
After sweep 4 energy=-252.80592  maxlinkdim=1000 maxerr=3.71E-07 time=256.649
After sweep 5 energy=-252.8058  maxlinkdim=1000 maxerr=3.79E-07 time=257.071
Energy converged after sweep 5, stopping DMRG early
Same mu: 1.5920789390586851 and continuing
Target density achieved with mu=1.5920789390586851, n=0.9378463
Checking {alpha,beta} vs measured
Alpha not converged.
NOT CONVERGED; updating alpha, beta and continuing...
After sweep 1 energy=-252.80618  maxlinkdim=1000 maxerr=3.72E-07 time=259.567
After sweep 2 energy=-252.80421  maxlinkdim=1000 maxerr=3.74E-07 time=257.407
After sweep 3 energy=-252.80623  maxlinkdim=1000 maxerr=3.69E-07 time=257.158
After sweep 4 energy=-252.80531  maxlinkdim=1000 maxerr=3.81E-07 time=257.232
After sweep 5 energy=-252.80595  maxlinkdim=1000 maxerr=3.74E-07 time=256.726
After sweep 6 energy=-252.80688  maxlinkdim=1000 maxerr=3.45E-07 time=257.201
After sweep 7 energy=-252.80664  maxlinkdim=1000 maxerr=3.71E-07 time=257.158
Energy converged after sweep 7, stopping DMRG early
Same mu: 1.5920789390586851 and continuing
Target density achieved with mu=1.5920789390586851, n=0.9378442
Checking {alpha,beta} vs measured
Alpha not converged.
NOT CONVERGED; updating alpha, beta and continuing...
After sweep 1 energy=-252.80591  maxlinkdim=1000 maxerr=3.80E-07 time=259.324
After sweep 2 energy=-252.80501  maxlinkdim=1000 maxerr=3.60E-07 time=257.339
After sweep 3 energy=-252.80725  maxlinkdim=1000 maxerr=3.67E-07 time=257.202
After sweep 4 energy=-252.806  maxlinkdim=1000 maxerr=3.57E-07 time=257.172
After sweep 5 energy=-252.80557  maxlinkdim=1000 maxerr=3.59E-07 time=257.306
After sweep 6 energy=-252.80498  maxlinkdim=1000 maxerr=3.59E-07 time=256.609
After sweep 7 energy=-252.8064  maxlinkdim=1000 maxerr=3.76E-07 time=257.177
After sweep 8 energy=-252.80605  maxlinkdim=1000 maxerr=3.55E-07 time=257.125
After sweep 9 energy=-252.8046  maxlinkdim=1000 maxerr=3.54E-07 time=257.287
After sweep 10 energy=-252.8056  maxlinkdim=1000 maxerr=3.67E-07 time=257.317
After sweep 11 energy=-252.8061  maxlinkdim=1000 maxerr=3.49E-07 time=257.215
After sweep 12 energy=-252.8065  maxlinkdim=1000 maxerr=3.50E-07 time=256.570
After sweep 13 energy=-252.80641  maxlinkdim=1000 maxerr=3.62E-07 time=257.156
Energy converged after sweep 13, stopping DMRG early
Same mu: 1.5920789390586851 and continuing
Target density achieved with mu=1.5920789390586851, n=0.9378452
Checking {alpha,beta} vs measured
Alpha not converged.
NOT CONVERGED; updating alpha, beta and continuing...
After sweep 1 energy=-252.80566  maxlinkdim=1000 maxerr=3.58E-07 time=259.485
After sweep 2 energy=-252.80537  maxlinkdim=1000 maxerr=3.53E-07 time=257.307
After sweep 3 energy=-252.80534  maxlinkdim=1000 maxerr=3.54E-07 time=257.225
Energy converged after sweep 3, stopping DMRG early
Same mu: 1.5920789390586851 and continuing
Target density achieved with mu=1.5920789390586851, n=0.93782526
Checking {alpha,beta} vs measured
Alpha not converged.
NOT CONVERGED; updating alpha, beta and continuing...
After sweep 1 energy=-252.80571  maxlinkdim=1000 maxerr=3.66E-07 time=259.230
After sweep 2 energy=-252.80531  maxlinkdim=1000 maxerr=3.43E-07 time=257.203
After sweep 3 energy=-252.80432  maxlinkdim=1000 maxerr=3.39E-07 time=257.091
After sweep 4 energy=-252.80579  maxlinkdim=1000 maxerr=3.48E-07 time=257.096
After sweep 5 energy=-252.80495  maxlinkdim=1000 maxerr=3.57E-07 time=257.357
After sweep 6 energy=-252.80579  maxlinkdim=1000 maxerr=3.54E-07 time=256.816
After sweep 7 energy=-252.80472  maxlinkdim=1000 maxerr=3.82E-07 time=257.268
After sweep 8 energy=-252.80609  maxlinkdim=1000 maxerr=3.71E-07 time=257.046
After sweep 9 energy=-252.80524  maxlinkdim=1000 maxerr=3.62E-07 time=257.312
After sweep 10 energy=-252.80562  maxlinkdim=1000 maxerr=3.55E-07 time=257.177
After sweep 11 energy=-252.80643  maxlinkdim=1000 maxerr=3.61E-07 time=257.179
After sweep 12 energy=-252.80482  maxlinkdim=1000 maxerr=3.74E-07 time=257.336
After sweep 13 energy=-252.80515  maxlinkdim=1000 maxerr=3.74E-07 time=257.299
After sweep 14 energy=-252.80666  maxlinkdim=1000 maxerr=3.64E-07 time=256.634
After sweep 15 energy=-252.80632  maxlinkdim=1000 maxerr=3.46E-07 time=257.258
After sweep 16 energy=-252.80461  maxlinkdim=1000 maxerr=3.66E-07 time=257.212
After sweep 17 energy=-252.80467  maxlinkdim=1000 maxerr=3.67E-07 time=257.272
Energy converged after sweep 17, stopping DMRG early
Same mu: 1.5920789390586851 and continuing
Target density achieved with mu=1.5920789390586851, n=0.93784404
Checking {alpha,beta} vs measured
Alpha not converged.
NOT CONVERGED; updating alpha, beta and continuing...
After sweep 1 energy=-252.8053  maxlinkdim=1000 maxerr=3.61E-07 time=259.235
After sweep 2 energy=-252.80507  maxlinkdim=1000 maxerr=3.66E-07 time=257.348
Energy converged after sweep 2, stopping DMRG early
Same mu: 1.5920789390586851 and continuing
Target density achieved with mu=1.5920789390586851, n=0.9378281
Checking {alpha,beta} vs measured
Alpha not converged.
NOT CONVERGED; updating alpha, beta and continuing...
After sweep 1 energy=-252.80511  maxlinkdim=1000 maxerr=3.61E-07 time=259.433
After sweep 2 energy=-252.80595  maxlinkdim=1000 maxerr=3.55E-07 time=257.378
After sweep 3 energy=-252.80531  maxlinkdim=1000 maxerr=3.52E-07 time=257.372
After sweep 4 energy=-252.8062  maxlinkdim=1000 maxerr=3.57E-07 time=257.286
After sweep 5 energy=-252.80591  maxlinkdim=1000 maxerr=3.66E-07 time=256.735
After sweep 6 energy=-252.8056  maxlinkdim=1000 maxerr=3.52E-07 time=257.325
After sweep 7 energy=-252.80583  maxlinkdim=1000 maxerr=3.68E-07 time=257.047
Energy converged after sweep 7, stopping DMRG early
Same mu: 1.5920789390586851 and continuing
Target density achieved with mu=1.5920789390586851, n=0.9378372
Checking {alpha,beta} vs measured
Alpha not converged.
NOT CONVERGED; updating alpha, beta and continuing...
After sweep 1 energy=-252.80539  maxlinkdim=1000 maxerr=3.58E-07 time=259.540
After sweep 2 energy=-252.80539  maxlinkdim=1000 maxerr=3.74E-07 time=257.281
Energy converged after sweep 2, stopping DMRG early
Same mu: 1.5920789390586851 and continuing
Target density achieved with mu=1.5920789390586851, n=0.93783486
Checking {alpha,beta} vs measured
Alpha not converged.
NOT CONVERGED; updating alpha, beta and continuing...
After sweep 1 energy=-252.80582  maxlinkdim=1000 maxerr=3.43E-07 time=259.352
After sweep 2 energy=-252.80495  maxlinkdim=1000 maxerr=3.55E-07 time=257.553
After sweep 3 energy=-252.80524  maxlinkdim=1000 maxerr=3.62E-07 time=257.312
After sweep 4 energy=-252.80583  maxlinkdim=1000 maxerr=3.54E-07 time=257.366
After sweep 5 energy=-252.8061  maxlinkdim=1000 maxerr=3.51E-07 time=256.687
After sweep 6 energy=-252.80542  maxlinkdim=1000 maxerr=3.59E-07 time=257.176
After sweep 7 energy=-252.80618  maxlinkdim=1000 maxerr=3.51E-07 time=257.453
After sweep 8 energy=-252.80574  maxlinkdim=1000 maxerr=3.53E-07 time=257.310
After sweep 9 energy=-252.80739  maxlinkdim=1000 maxerr=3.65E-07 time=257.201
After sweep 10 energy=-252.80525  maxlinkdim=1000 maxerr=3.47E-07 time=256.786
After sweep 11 energy=-252.80539  maxlinkdim=1000 maxerr=3.52E-07 time=257.184
Energy converged after sweep 11, stopping DMRG early
Same mu: 1.5920789390586851 and continuing
Target density achieved with mu=1.5920789390586851, n=0.9378579
Checking {alpha,beta} vs measured
Alpha not converged.
NOT CONVERGED; updating alpha, beta and continuing...
After sweep 1 energy=-252.80544  maxlinkdim=1000 maxerr=3.80E-07 time=259.409
After sweep 2 energy=-252.80714  maxlinkdim=1000 maxerr=3.61E-07 time=257.390
After sweep 3 energy=-252.80658  maxlinkdim=1000 maxerr=3.84E-07 time=257.401
After sweep 4 energy=-252.80685  maxlinkdim=1000 maxerr=3.55E-07 time=256.758
After sweep 5 energy=-252.80591  maxlinkdim=1000 maxerr=3.63E-07 time=257.494
After sweep 6 energy=-252.80664  maxlinkdim=1000 maxerr=3.67E-07 time=257.238
After sweep 7 energy=-252.80652  maxlinkdim=1000 maxerr=3.69E-07 time=257.379
Energy converged after sweep 7, stopping DMRG early
Same mu: 1.5920789390586851 and continuing
Target density achieved with mu=1.5920789390586851, n=0.93783027
Checking {alpha,beta} vs measured
Alpha not converged.
NOT CONVERGED; updating alpha, beta and continuing...
After sweep 1 energy=-252.80429  maxlinkdim=1000 maxerr=3.55E-07 time=259.385
slurmstepd: error: *** STEP 48912957.0 ON nid008417 CANCELLED AT 2026-02-15T11:02:29 ***
slurmstepd: error: *** JOB 48912957 ON nid008417 CANCELLED AT 2026-02-15T11:02:29 ***
srun: Job step aborted: Waiting up to 32 seconds for job step to finish.
