Calculating pair binding energy for ladder
L=64, U=8.0, V=0.0, t0=2.0, density=0.875
============================================================
Pair binding energy for Hubbard ladder
L = 64 rungs, 128 sites
U = 8.0, V = 0.0, t = 1.0, t0 = 2.0, density = 0.875
N_base = 112
============================================================

[1/3] Computing E(N-2=110)
  Initial state: 110 particles (55 up, 55 dn)
After sweep 1 energy=-107.77407620216675  maxlinkdim=20 maxerr=2.39E-04 time=47.578
After sweep 2 energy=-115.60359696253906  maxlinkdim=50 maxerr=1.71E-05 time=26.431
After sweep 3 energy=-120.40565429505614  maxlinkdim=100 maxerr=9.47E-07 time=39.233
After sweep 4 energy=-124.53676191393293  maxlinkdim=200 maxerr=1.34E-07 time=60.123
After sweep 5 energy=-127.89575928429127  maxlinkdim=851 maxerr=1.00E-10 time=64.100
After sweep 6 energy=-130.7033328148655  maxlinkdim=1000 maxerr=1.01E-09 time=73.786
After sweep 7 energy=-132.54251994120824  maxlinkdim=1000 maxerr=1.97E-09 time=80.809
After sweep 8 energy=-134.10454940516183  maxlinkdim=1000 maxerr=2.90E-09 time=79.159
After sweep 9 energy=-135.10351743383944  maxlinkdim=1000 maxerr=1.34E-09 time=81.395
After sweep 10 energy=-135.9367999274245  maxlinkdim=1000 maxerr=1.46E-09 time=82.980
After sweep 11 energy=-136.6153777502672  maxlinkdim=1000 maxerr=1.14E-09 time=85.239
After sweep 12 energy=-137.196776268437  maxlinkdim=1000 maxerr=1.01E-09 time=88.102
After sweep 13 energy=-137.68074326743468  maxlinkdim=1000 maxerr=1.01E-09 time=89.084
After sweep 14 energy=-138.10938774952115  maxlinkdim=1000 maxerr=1.04E-09 time=88.999
After sweep 15 energy=-138.50247676578263  maxlinkdim=1000 maxerr=1.15E-09 time=90.120
After sweep 16 energy=-138.84081559163872  maxlinkdim=1000 maxerr=1.01E-09 time=92.149
After sweep 17 energy=-139.15579664278312  maxlinkdim=1000 maxerr=1.14E-09 time=92.861
After sweep 18 energy=-139.4269919584448  maxlinkdim=1000 maxerr=1.21E-09 time=96.240
After sweep 19 energy=-139.67235975824866  maxlinkdim=1000 maxerr=1.47E-09 time=98.231
After sweep 20 energy=-139.90815688986294  maxlinkdim=1000 maxerr=1.85E-09 time=96.239
After sweep 21 energy=-140.11185453883328  maxlinkdim=1000 maxerr=1.66E-09 time=95.116
After sweep 22 energy=-140.3047730039438  maxlinkdim=1000 maxerr=2.11E-09 time=97.627
After sweep 23 energy=-140.51687079356202  maxlinkdim=1000 maxerr=3.90E-09 time=103.710
After sweep 24 energy=-140.7498908090388  maxlinkdim=1000 maxerr=4.93E-09 time=110.713
After sweep 25 energy=-140.9776128402927  maxlinkdim=1000 maxerr=5.68E-09 time=115.119
After sweep 26 energy=-141.19121616289064  maxlinkdim=1000 maxerr=7.10E-09 time=117.968
After sweep 27 energy=-141.40755249967737  maxlinkdim=1000 maxerr=8.10E-09 time=124.918
After sweep 28 energy=-141.53986085680103  maxlinkdim=1000 maxerr=1.58E-09 time=123.402
After sweep 29 energy=-141.66537386193224  maxlinkdim=1000 maxerr=2.42E-09 time=120.129
After sweep 30 energy=-141.77283863788958  maxlinkdim=1000 maxerr=2.04E-09 time=120.579
After sweep 31 energy=-141.92627902244953  maxlinkdim=1000 maxerr=2.34E-08 time=124.589
After sweep 32 energy=-142.1220736769246  maxlinkdim=1000 maxerr=2.81E-07 time=127.254
After sweep 33 energy=-142.2251285199376  maxlinkdim=1000 maxerr=1.70E-09 time=127.452
After sweep 34 energy=-142.30821581224498  maxlinkdim=1000 maxerr=8.75E-10 time=126.128
After sweep 35 energy=-142.38839305913103  maxlinkdim=1000 maxerr=8.17E-10 time=130.997
After sweep 36 energy=-142.4950444229598  maxlinkdim=1000 maxerr=8.31E-09 time=129.501
After sweep 37 energy=-142.62152493182654  maxlinkdim=1000 maxerr=9.47E-08 time=130.611
After sweep 38 energy=-142.69887580940025  maxlinkdim=1000 maxerr=1.03E-08 time=130.358
After sweep 39 energy=-142.79057655981305  maxlinkdim=1000 maxerr=5.28E-08 time=126.833
After sweep 40 energy=-142.85633503338735  maxlinkdim=1000 maxerr=4.24E-09 time=127.672
After sweep 41 energy=-142.94721053893542  maxlinkdim=1000 maxerr=1.13E-07 time=129.288
After sweep 42 energy=-143.0234002803687  maxlinkdim=1000 maxerr=4.47E-07 time=131.232
After sweep 43 energy=-143.10532905308722  maxlinkdim=1000 maxerr=3.56E-08 time=128.559
After sweep 44 energy=-143.19082926743357  maxlinkdim=1000 maxerr=2.81E-07 time=131.471
After sweep 45 energy=-143.24577292513743  maxlinkdim=1000 maxerr=2.83E-09 time=135.661
After sweep 46 energy=-143.30863698634707  maxlinkdim=1000 maxerr=2.56E-09 time=134.574
After sweep 47 energy=-143.3530431075577  maxlinkdim=1000 maxerr=1.99E-09 time=129.430
After sweep 48 energy=-143.396318816348  maxlinkdim=1000 maxerr=2.64E-09 time=134.400
After sweep 49 energy=-143.44489472237007  maxlinkdim=1000 maxerr=4.30E-09 time=131.388
After sweep 50 energy=-143.49406916564723  maxlinkdim=1000 maxerr=5.37E-09 time=133.317
After sweep 51 energy=-143.5480304668542  maxlinkdim=1000 maxerr=6.67E-09 time=134.478
After sweep 52 energy=-143.600415790166  maxlinkdim=1000 maxerr=7.51E-09 time=135.693
After sweep 53 energy=-143.6535814467808  maxlinkdim=1000 maxerr=8.58E-09 time=137.952
After sweep 54 energy=-143.70661185785093  maxlinkdim=1000 maxerr=9.10E-09 time=137.850
After sweep 55 energy=-143.7576380647995  maxlinkdim=1000 maxerr=8.74E-09 time=143.216
After sweep 56 energy=-143.7995504770036  maxlinkdim=1000 maxerr=5.03E-09 time=146.170
After sweep 57 energy=-143.8365320433388  maxlinkdim=1000 maxerr=4.32E-09 time=143.572
After sweep 58 energy=-143.87134875579167  maxlinkdim=1000 maxerr=3.48E-09 time=139.743
After sweep 59 energy=-143.90227799398943  maxlinkdim=1000 maxerr=3.13E-09 time=138.102
After sweep 60 energy=-143.93293633356043  maxlinkdim=1000 maxerr=3.79E-09 time=138.859
After sweep 61 energy=-143.96309922646492  maxlinkdim=1000 maxerr=3.84E-09 time=138.690
After sweep 62 energy=-143.9948448321567  maxlinkdim=1000 maxerr=4.48E-09 time=138.127
After sweep 63 energy=-144.02215821035784  maxlinkdim=1000 maxerr=3.40E-09 time=133.758
After sweep 64 energy=-144.04878586973138  maxlinkdim=1000 maxerr=2.96E-09 time=138.540
After sweep 65 energy=-144.0759893813589  maxlinkdim=1000 maxerr=3.73E-09 time=137.699
After sweep 66 energy=-144.104016862506  maxlinkdim=1000 maxerr=4.76E-09 time=141.368
After sweep 67 energy=-144.13468638330863  maxlinkdim=1000 maxerr=5.82E-09 time=143.122
After sweep 68 energy=-144.16663989816365  maxlinkdim=1000 maxerr=7.12E-09 time=142.129
After sweep 69 energy=-144.197734443083  maxlinkdim=1000 maxerr=6.96E-09 time=144.759
After sweep 70 energy=-144.22809220137935  maxlinkdim=1000 maxerr=6.82E-09 time=150.226
After sweep 71 energy=-144.25709112974934  maxlinkdim=1000 maxerr=6.57E-09 time=153.267
After sweep 72 energy=-144.28123726050836  maxlinkdim=1000 maxerr=1.14E-09 time=156.165
After sweep 73 energy=-144.30017431322966  maxlinkdim=1000 maxerr=1.92E-09 time=159.503
After sweep 74 energy=-144.3201951161509  maxlinkdim=1000 maxerr=2.33E-09 time=150.613
After sweep 75 energy=-144.34181093082287  maxlinkdim=1000 maxerr=3.82E-09 time=148.657
After sweep 76 energy=-144.3644353451571  maxlinkdim=1000 maxerr=5.09E-09 time=152.267
After sweep 77 energy=-144.38874485333642  maxlinkdim=1000 maxerr=6.50E-09 time=146.620
After sweep 78 energy=-144.40828192425056  maxlinkdim=1000 maxerr=1.19E-09 time=149.561
After sweep 79 energy=-144.4271846745865  maxlinkdim=1000 maxerr=7.06E-09 time=153.505
After sweep 80 energy=-144.44433088506204  maxlinkdim=1000 maxerr=1.90E-09 time=145.618
After sweep 81 energy=-144.4590898959508  maxlinkdim=1000 maxerr=1.83E-09 time=146.271
After sweep 82 energy=-144.47438303553915  maxlinkdim=1000 maxerr=2.27E-09 time=152.655
After sweep 83 energy=-144.48976302195348  maxlinkdim=1000 maxerr=4.55E-09 time=153.197
After sweep 84 energy=-144.50417363062905  maxlinkdim=1000 maxerr=3.60E-09 time=155.065
After sweep 85 energy=-144.51787450365342  maxlinkdim=1000 maxerr=3.02E-09 time=153.468
After sweep 86 energy=-144.53337550066576  maxlinkdim=1000 maxerr=4.64E-09 time=155.308
After sweep 87 energy=-144.54682701144083  maxlinkdim=1000 maxerr=3.56E-09 time=157.693
After sweep 88 energy=-144.56032388232447  maxlinkdim=1000 maxerr=2.33E-09 time=159.349
After sweep 89 energy=-144.5722211800648  maxlinkdim=1000 maxerr=2.94E-09 time=155.336
After sweep 90 energy=-144.5841629771171  maxlinkdim=1000 maxerr=3.39E-09 time=156.000
After sweep 91 energy=-144.59554736762905  maxlinkdim=1000 maxerr=2.49E-09 time=157.574
After sweep 92 energy=-144.60667935803744  maxlinkdim=1000 maxerr=2.29E-09 time=160.519
After sweep 93 energy=-144.61759139430094  maxlinkdim=1000 maxerr=2.23E-09 time=157.375
After sweep 94 energy=-144.6283568325594  maxlinkdim=1000 maxerr=2.33E-09 time=150.241
After sweep 95 energy=-144.63934762881522  maxlinkdim=1000 maxerr=2.32E-09 time=153.936
After sweep 96 energy=-144.6501137977649  maxlinkdim=1000 maxerr=2.40E-09 time=155.280
After sweep 97 energy=-144.66070611352995  maxlinkdim=1000 maxerr=3.31E-09 time=157.489
After sweep 98 energy=-144.67055443281734  maxlinkdim=1000 maxerr=2.43E-09 time=152.970
After sweep 99 energy=-144.6800769714815  maxlinkdim=1000 maxerr=2.34E-09 time=152.922
After sweep 100 energy=-144.68946673446558  maxlinkdim=1000 maxerr=2.59E-09 time=156.892
  E(N-2) = -144.68946673446558

[2/3] Computing E(N-1=111)
  Initial state: 111 particles (56 up, 55 dn)
After sweep 1 energy=-109.49018969091311  maxlinkdim=20 maxerr=7.75E-04 time=10.843
After sweep 2 energy=-116.33838246751219  maxlinkdim=50 maxerr=1.51E-05 time=24.505
After sweep 3 energy=-121.1528825648103  maxlinkdim=100 maxerr=1.19E-06 time=39.555
After sweep 4 energy=-124.85739879618957  maxlinkdim=200 maxerr=8.39E-08 time=58.996
After sweep 5 energy=-128.1397083171586  maxlinkdim=793 maxerr=1.00E-10 time=61.687
After sweep 6 energy=-130.37454310895308  maxlinkdim=1000 maxerr=3.89E-10 time=72.235
After sweep 7 energy=-132.48627335743473  maxlinkdim=1000 maxerr=8.59E-10 time=76.891
After sweep 8 energy=-133.61385992944753  maxlinkdim=1000 maxerr=8.06E-10 time=76.557
After sweep 9 energy=-134.528818871444  maxlinkdim=1000 maxerr=1.01E-09 time=78.372
After sweep 10 energy=-135.27464637564606  maxlinkdim=1000 maxerr=8.79E-10 time=81.786
After sweep 11 energy=-135.90344687916485  maxlinkdim=1000 maxerr=7.70E-10 time=83.189
After sweep 12 energy=-136.4372430521705  maxlinkdim=1000 maxerr=8.24E-10 time=82.904
After sweep 13 energy=-136.8976411475109  maxlinkdim=1000 maxerr=8.80E-10 time=82.562
After sweep 14 energy=-137.27640430586797  maxlinkdim=1000 maxerr=7.28E-10 time=86.443
After sweep 15 energy=-137.61165426678872  maxlinkdim=1000 maxerr=6.44E-10 time=89.380
After sweep 16 energy=-137.92106721559693  maxlinkdim=1000 maxerr=7.75E-10 time=86.302
After sweep 17 energy=-138.20353334030438  maxlinkdim=1000 maxerr=1.15E-09 time=87.806
After sweep 18 energy=-138.50817679036084  maxlinkdim=1000 maxerr=2.85E-09 time=88.888
After sweep 19 energy=-138.82749772658906  maxlinkdim=1000 maxerr=6.38E-09 time=88.527
After sweep 20 energy=-139.14323778119208  maxlinkdim=1000 maxerr=1.18E-08 time=91.548
After sweep 21 energy=-139.44758995140376  maxlinkdim=1000 maxerr=8.70E-09 time=96.398
After sweep 22 energy=-139.7139148555617  maxlinkdim=1000 maxerr=1.02E-08 time=98.616
After sweep 23 energy=-139.9264391500602  maxlinkdim=1000 maxerr=7.13E-09 time=99.625
After sweep 24 energy=-140.13670625916478  maxlinkdim=1000 maxerr=1.17E-08 time=102.684
After sweep 25 energy=-140.33656088514564  maxlinkdim=1000 maxerr=1.52E-08 time=112.224
After sweep 26 energy=-140.50428705905648  maxlinkdim=1000 maxerr=1.20E-08 time=113.040
After sweep 27 energy=-140.6294610739566  maxlinkdim=1000 maxerr=8.70E-09 time=114.493
After sweep 28 energy=-140.7063915102739  maxlinkdim=1000 maxerr=6.37E-10 time=114.475
After sweep 29 energy=-140.78046806899027  maxlinkdim=1000 maxerr=6.15E-10 time=114.801
After sweep 30 energy=-140.84967544786593  maxlinkdim=1000 maxerr=8.04E-10 time=108.232
After sweep 31 energy=-140.9210045511207  maxlinkdim=1000 maxerr=9.55E-10 time=110.017
After sweep 32 energy=-140.99856161449583  maxlinkdim=1000 maxerr=1.27E-09 time=110.560
After sweep 33 energy=-141.07830215111693  maxlinkdim=1000 maxerr=1.64E-09 time=112.484
After sweep 34 energy=-141.1570586176929  maxlinkdim=1000 maxerr=1.77E-09 time=118.560
After sweep 35 energy=-141.23552542157506  maxlinkdim=1000 maxerr=1.58E-09 time=116.061
After sweep 36 energy=-141.32988974121034  maxlinkdim=1000 maxerr=7.52E-09 time=122.991
After sweep 37 energy=-141.40628157646975  maxlinkdim=1000 maxerr=3.36E-09 time=128.650
After sweep 38 energy=-141.46512662106358  maxlinkdim=1000 maxerr=1.10E-09 time=133.405
After sweep 39 energy=-141.51846646272918  maxlinkdim=1000 maxerr=8.00E-10 time=127.519
After sweep 40 energy=-141.5696723050967  maxlinkdim=1000 maxerr=1.17E-09 time=126.661
After sweep 41 energy=-141.6174220657229  maxlinkdim=1000 maxerr=1.25E-09 time=130.360
After sweep 42 energy=-141.66504983131753  maxlinkdim=1000 maxerr=1.82E-09 time=127.494
After sweep 43 energy=-141.7077655689499  maxlinkdim=1000 maxerr=1.38E-09 time=127.720
After sweep 44 energy=-141.74880471628703  maxlinkdim=1000 maxerr=1.41E-09 time=127.618
After sweep 45 energy=-141.7906527614106  maxlinkdim=1000 maxerr=1.70E-09 time=130.840
After sweep 46 energy=-141.8314317314743  maxlinkdim=1000 maxerr=1.71E-09 time=128.163
After sweep 47 energy=-141.87182178290863  maxlinkdim=1000 maxerr=1.72E-09 time=130.781
After sweep 48 energy=-141.91062332733696  maxlinkdim=1000 maxerr=1.57E-09 time=134.446
After sweep 49 energy=-141.94921218613973  maxlinkdim=1000 maxerr=1.52E-09 time=130.213
After sweep 50 energy=-141.9834881368095  maxlinkdim=1000 maxerr=1.18E-09 time=126.353
After sweep 51 energy=-142.01982090035008  maxlinkdim=1000 maxerr=1.57E-09 time=131.071
After sweep 52 energy=-142.05443741723462  maxlinkdim=1000 maxerr=1.56E-09 time=141.113
After sweep 53 energy=-142.0875744733176  maxlinkdim=1000 maxerr=1.51E-09 time=135.116
After sweep 54 energy=-142.1218455395929  maxlinkdim=1000 maxerr=2.10E-09 time=134.577
After sweep 55 energy=-142.15269279524625  maxlinkdim=1000 maxerr=1.78E-09 time=132.948
After sweep 56 energy=-142.18325107414913  maxlinkdim=1000 maxerr=1.66E-09 time=131.228
After sweep 57 energy=-142.21647309690835  maxlinkdim=1000 maxerr=2.40E-09 time=134.131
After sweep 58 energy=-142.2475818487704  maxlinkdim=1000 maxerr=1.86E-09 time=138.640
After sweep 59 energy=-142.27607042185286  maxlinkdim=1000 maxerr=1.63E-09 time=137.202
After sweep 60 energy=-142.30443875362434  maxlinkdim=1000 maxerr=1.80E-09 time=134.278
After sweep 61 energy=-142.33165255652116  maxlinkdim=1000 maxerr=1.66E-09 time=135.582
After sweep 62 energy=-142.35709637370186  maxlinkdim=1000 maxerr=1.78E-09 time=139.222
After sweep 63 energy=-142.38399003349093  maxlinkdim=1000 maxerr=1.85E-09 time=136.998
After sweep 64 energy=-142.4101836859552  maxlinkdim=1000 maxerr=1.66E-09 time=127.959
After sweep 65 energy=-142.4357437944649  maxlinkdim=1000 maxerr=1.92E-09 time=135.509
After sweep 66 energy=-142.459223325229  maxlinkdim=1000 maxerr=1.76E-09 time=138.993
After sweep 67 energy=-142.48193818249604  maxlinkdim=1000 maxerr=1.74E-09 time=138.437
After sweep 68 energy=-142.50322326038813  maxlinkdim=1000 maxerr=1.55E-09 time=135.529
After sweep 69 energy=-142.5255970016804  maxlinkdim=1000 maxerr=1.94E-09 time=131.412
After sweep 70 energy=-142.5481808834653  maxlinkdim=1000 maxerr=2.43E-09 time=136.231
After sweep 71 energy=-142.57553005204733  maxlinkdim=1000 maxerr=3.31E-09 time=137.253
After sweep 72 energy=-142.59584084194972  maxlinkdim=1000 maxerr=1.31E-09 time=138.941
After sweep 73 energy=-142.61405394729994  maxlinkdim=1000 maxerr=1.45E-09 time=141.096
After sweep 74 energy=-142.63345589251102  maxlinkdim=1000 maxerr=2.55E-09 time=136.610
After sweep 75 energy=-142.65317762212817  maxlinkdim=1000 maxerr=3.05E-09 time=138.004
After sweep 76 energy=-142.6714913652488  maxlinkdim=1000 maxerr=2.46E-09 time=139.041
After sweep 77 energy=-142.6882980870219  maxlinkdim=1000 maxerr=1.56E-09 time=144.808
After sweep 78 energy=-142.7075206871098  maxlinkdim=1000 maxerr=3.47E-09 time=146.545
After sweep 79 energy=-142.72426560670897  maxlinkdim=1000 maxerr=1.87E-09 time=142.679
After sweep 80 energy=-142.74091243308226  maxlinkdim=1000 maxerr=2.86E-09 time=145.720
After sweep 81 energy=-142.758352426471  maxlinkdim=1000 maxerr=4.17E-09 time=153.304
After sweep 82 energy=-142.777185774955  maxlinkdim=1000 maxerr=4.83E-09 time=154.625
After sweep 83 energy=-142.796293293183  maxlinkdim=1000 maxerr=4.60E-09 time=154.420
After sweep 84 energy=-142.81556370732642  maxlinkdim=1000 maxerr=3.35E-09 time=158.111
After sweep 85 energy=-142.83088348313112  maxlinkdim=1000 maxerr=3.36E-09 time=156.319
After sweep 86 energy=-142.84681434852772  maxlinkdim=1000 maxerr=4.35E-09 time=155.217
After sweep 87 energy=-142.86354551155677  maxlinkdim=1000 maxerr=4.65E-09 time=155.031
After sweep 88 energy=-142.88298957099008  maxlinkdim=1000 maxerr=5.26E-09 time=159.300
After sweep 89 energy=-142.90013445277552  maxlinkdim=1000 maxerr=7.57E-09 time=149.961
After sweep 90 energy=-142.9143789921011  maxlinkdim=1000 maxerr=5.11E-09 time=153.651
After sweep 91 energy=-142.92855905148363  maxlinkdim=1000 maxerr=3.47E-09 time=150.326
After sweep 92 energy=-142.9415330591186  maxlinkdim=1000 maxerr=2.38E-09 time=154.700
After sweep 93 energy=-142.95682494849976  maxlinkdim=1000 maxerr=5.09E-09 time=154.096
After sweep 94 energy=-142.97238598554708  maxlinkdim=1000 maxerr=6.24E-09 time=152.391
After sweep 95 energy=-142.98812661192528  maxlinkdim=1000 maxerr=4.25E-09 time=160.734
After sweep 96 energy=-143.0013155729956  maxlinkdim=1000 maxerr=2.37E-09 time=165.598
After sweep 97 energy=-143.01176643813966  maxlinkdim=1000 maxerr=3.80E-09 time=162.777
After sweep 98 energy=-143.0236237123198  maxlinkdim=1000 maxerr=6.22E-09 time=165.781
After sweep 99 energy=-143.03654618644785  maxlinkdim=1000 maxerr=9.22E-09 time=167.312
After sweep 100 energy=-143.0461937340389  maxlinkdim=1000 maxerr=2.88E-09 time=165.750
  E(N-1) = -143.0461937340389

[3/3] Computing E(N=112)
  Initial state: 112 particles (56 up, 56 dn)
After sweep 1 energy=-109.45124117771361  maxlinkdim=20 maxerr=2.35E-04 time=11.037
After sweep 2 energy=-116.97898319169697  maxlinkdim=50 maxerr=1.63E-05 time=25.797
After sweep 3 energy=-121.60062681375463  maxlinkdim=100 maxerr=7.97E-07 time=40.553
After sweep 4 energy=-125.35674306468354  maxlinkdim=200 maxerr=1.07E-07 time=55.520
After sweep 5 energy=-128.30023751063925  maxlinkdim=829 maxerr=1.00E-10 time=58.431
After sweep 6 energy=-130.44212810260888  maxlinkdim=1000 maxerr=6.95E-10 time=68.875
After sweep 7 energy=-132.02429613445452  maxlinkdim=1000 maxerr=1.47E-09 time=78.878
After sweep 8 energy=-133.094197428512  maxlinkdim=1000 maxerr=9.67E-10 time=83.762
After sweep 9 energy=-133.89811767659603  maxlinkdim=1000 maxerr=1.09E-09 time=85.500
After sweep 10 energy=-134.5787021116364  maxlinkdim=1000 maxerr=9.88E-10 time=85.519
After sweep 11 energy=-135.12763399423955  maxlinkdim=1000 maxerr=7.56E-10 time=87.746
After sweep 12 energy=-135.5800627389343  maxlinkdim=1000 maxerr=6.54E-10 time=88.712
After sweep 13 energy=-135.96408819185612  maxlinkdim=1000 maxerr=6.87E-10 time=91.756
After sweep 14 energy=-136.28156320206318  maxlinkdim=1000 maxerr=8.22E-10 time=92.559
After sweep 15 energy=-136.56274821546972  maxlinkdim=1000 maxerr=1.19E-09 time=94.517
After sweep 16 energy=-136.8234054083674  maxlinkdim=1000 maxerr=1.43E-09 time=88.253
After sweep 17 energy=-137.06662402476735  maxlinkdim=1000 maxerr=1.68E-09 time=88.239
After sweep 18 energy=-137.3576724267188  maxlinkdim=1000 maxerr=4.27E-09 time=91.884
After sweep 19 energy=-137.67386297141803  maxlinkdim=1000 maxerr=8.20E-09 time=95.175
After sweep 20 energy=-137.92923480846738  maxlinkdim=1000 maxerr=5.31E-09 time=99.928
After sweep 21 energy=-138.20468233478312  maxlinkdim=1000 maxerr=9.45E-09 time=103.554
After sweep 22 energy=-138.41085098538338  maxlinkdim=1000 maxerr=5.68E-09 time=103.110
After sweep 23 energy=-138.60446035317113  maxlinkdim=1000 maxerr=9.48E-09 time=105.765
After sweep 24 energy=-138.7725103643612  maxlinkdim=1000 maxerr=9.43E-09 time=112.555
After sweep 25 energy=-138.92072309292286  maxlinkdim=1000 maxerr=8.61E-09 time=110.476
After sweep 26 energy=-139.13413897416999  maxlinkdim=1000 maxerr=3.37E-08 time=117.083
After sweep 27 energy=-139.30440387453473  maxlinkdim=1000 maxerr=1.34E-08 time=122.569
After sweep 28 energy=-139.40180195522504  maxlinkdim=1000 maxerr=2.27E-09 time=117.830
After sweep 29 energy=-139.474857371268  maxlinkdim=1000 maxerr=1.40E-09 time=114.862
After sweep 30 energy=-139.54488299409357  maxlinkdim=1000 maxerr=1.38E-09 time=113.837
After sweep 31 energy=-139.6104873570393  maxlinkdim=1000 maxerr=1.24E-09 time=115.675
After sweep 32 energy=-139.67575903836848  maxlinkdim=1000 maxerr=1.38E-09 time=116.922
After sweep 33 energy=-139.73505644014472  maxlinkdim=1000 maxerr=1.29E-09 time=116.314
After sweep 34 energy=-139.7905280377478  maxlinkdim=1000 maxerr=1.14E-09 time=115.606
After sweep 35 energy=-139.8452303281495  maxlinkdim=1000 maxerr=1.23E-09 time=116.956
After sweep 36 energy=-139.90026423242495  maxlinkdim=1000 maxerr=1.36E-09 time=118.779
After sweep 37 energy=-139.9504190125684  maxlinkdim=1000 maxerr=1.43E-09 time=120.131
After sweep 38 energy=-140.00157443361687  maxlinkdim=1000 maxerr=1.69E-09 time=116.870
After sweep 39 energy=-140.0538611606645  maxlinkdim=1000 maxerr=2.00E-09 time=117.101
After sweep 40 energy=-140.10284708940898  maxlinkdim=1000 maxerr=1.98E-09 time=119.840
After sweep 41 energy=-140.15043676097665  maxlinkdim=1000 maxerr=2.01E-09 time=119.295
After sweep 42 energy=-140.19345179088523  maxlinkdim=1000 maxerr=1.86E-09 time=122.482
After sweep 43 energy=-140.23847927945516  maxlinkdim=1000 maxerr=2.45E-09 time=122.780
After sweep 44 energy=-140.28432794172684  maxlinkdim=1000 maxerr=2.80E-09 time=128.716
After sweep 45 energy=-140.32965810720046  maxlinkdim=1000 maxerr=3.20E-09 time=129.469
After sweep 46 energy=-140.37572173080227  maxlinkdim=1000 maxerr=3.34E-09 time=123.582
After sweep 47 energy=-140.42101364965643  maxlinkdim=1000 maxerr=3.19E-09 time=131.698
After sweep 48 energy=-140.46730493446722  maxlinkdim=1000 maxerr=2.80E-09 time=134.971
After sweep 49 energy=-140.50983153637696  maxlinkdim=1000 maxerr=2.68E-09 time=133.260
After sweep 50 energy=-140.55139373082443  maxlinkdim=1000 maxerr=3.45E-09 time=130.596
After sweep 51 energy=-140.5908510292922  maxlinkdim=1000 maxerr=3.91E-09 time=133.121
After sweep 52 energy=-140.62729998047465  maxlinkdim=1000 maxerr=4.32E-09 time=128.846
After sweep 53 energy=-140.66255805419704  maxlinkdim=1000 maxerr=4.51E-09 time=131.309
After sweep 54 energy=-140.69788744822134  maxlinkdim=1000 maxerr=4.95E-09 time=133.423
After sweep 55 energy=-140.73266519163855  maxlinkdim=1000 maxerr=5.06E-09 time=135.547
After sweep 56 energy=-140.767151929507  maxlinkdim=1000 maxerr=5.45E-09 time=134.688
After sweep 57 energy=-140.80042702782367  maxlinkdim=1000 maxerr=5.19E-09 time=136.776
After sweep 58 energy=-140.82805206146017  maxlinkdim=1000 maxerr=3.86E-09 time=131.268
After sweep 59 energy=-140.8546243697569  maxlinkdim=1000 maxerr=3.91E-09 time=138.497
After sweep 60 energy=-140.88115909452802  maxlinkdim=1000 maxerr=4.18E-09 time=139.707
After sweep 61 energy=-140.90802940778326  maxlinkdim=1000 maxerr=4.87E-09 time=138.646
After sweep 62 energy=-140.93464712352895  maxlinkdim=1000 maxerr=5.25E-09 time=139.692
After sweep 63 energy=-140.95934350844303  maxlinkdim=1000 maxerr=4.46E-09 time=140.879
After sweep 64 energy=-140.9834520216334  maxlinkdim=1000 maxerr=4.32E-09 time=140.171
After sweep 65 energy=-141.00644387903498  maxlinkdim=1000 maxerr=4.12E-09 time=140.014
After sweep 66 energy=-141.0284996018146  maxlinkdim=1000 maxerr=3.65E-09 time=142.109
After sweep 67 energy=-141.0500883739003  maxlinkdim=1000 maxerr=3.53E-09 time=140.973
After sweep 68 energy=-141.07132599224497  maxlinkdim=1000 maxerr=3.22E-09 time=142.362
After sweep 69 energy=-141.09066211013626  maxlinkdim=1000 maxerr=2.57E-09 time=144.447
After sweep 70 energy=-141.11283551848317  maxlinkdim=1000 maxerr=1.61E-09 time=147.232
After sweep 71 energy=-141.1300888846211  maxlinkdim=1000 maxerr=2.43E-09 time=146.796
After sweep 72 energy=-141.1467901624296  maxlinkdim=1000 maxerr=1.56E-09 time=144.346
After sweep 73 energy=-141.16723738468028  maxlinkdim=1000 maxerr=5.10E-09 time=146.905
After sweep 74 energy=-141.1826920062447  maxlinkdim=1000 maxerr=1.63E-09 time=144.535
After sweep 75 energy=-141.2057754822207  maxlinkdim=1000 maxerr=2.28E-08 time=145.317
After sweep 76 energy=-141.22661475791708  maxlinkdim=1000 maxerr=3.03E-09 time=149.108
After sweep 77 energy=-141.24386240811992  maxlinkdim=1000 maxerr=1.71E-09 time=150.664
After sweep 78 energy=-141.25994122360675  maxlinkdim=1000 maxerr=2.60E-09 time=145.283
After sweep 79 energy=-141.27589100064705  maxlinkdim=1000 maxerr=3.55E-09 time=147.751
After sweep 80 energy=-141.29171153084192  maxlinkdim=1000 maxerr=1.65E-09 time=150.928
After sweep 81 energy=-141.30464068286736  maxlinkdim=1000 maxerr=3.66E-09 time=146.727
After sweep 82 energy=-141.31734549629132  maxlinkdim=1000 maxerr=4.25E-09 time=148.850
After sweep 83 energy=-141.33029861707368  maxlinkdim=1000 maxerr=1.59E-09 time=149.103
After sweep 84 energy=-141.3447509668988  maxlinkdim=1000 maxerr=4.60E-09 time=152.988
After sweep 85 energy=-141.363989470067  maxlinkdim=1000 maxerr=7.83E-09 time=154.428
After sweep 86 energy=-141.3824003381711  maxlinkdim=1000 maxerr=5.17E-09 time=159.991
After sweep 87 energy=-141.39350868596875  maxlinkdim=1000 maxerr=1.55E-09 time=159.344
After sweep 88 energy=-141.40532698570922  maxlinkdim=1000 maxerr=3.24E-09 time=159.038
After sweep 89 energy=-141.41607177569384  maxlinkdim=1000 maxerr=2.96E-09 time=162.484
After sweep 90 energy=-141.42832208610048  maxlinkdim=1000 maxerr=1.05E-08 time=163.944
After sweep 91 energy=-141.4459366812734  maxlinkdim=1000 maxerr=1.85E-08 time=166.396
After sweep 92 energy=-141.4660768792338  maxlinkdim=1000 maxerr=2.33E-08 time=165.201
After sweep 93 energy=-141.48163218330694  maxlinkdim=1000 maxerr=1.37E-08 time=163.211
After sweep 94 energy=-141.49611718411518  maxlinkdim=1000 maxerr=1.56E-08 time=164.276
After sweep 95 energy=-141.50951791646136  maxlinkdim=1000 maxerr=1.55E-08 time=162.249
After sweep 96 energy=-141.52070045335736  maxlinkdim=1000 maxerr=1.16E-08 time=165.521
After sweep 97 energy=-141.53175684317813  maxlinkdim=1000 maxerr=1.57E-08 time=165.297
After sweep 98 energy=-141.54273371723076  maxlinkdim=1000 maxerr=1.73E-08 time=165.451
After sweep 99 energy=-141.55314439689175  maxlinkdim=1000 maxerr=1.80E-08 time=166.036
After sweep 100 energy=-141.56006060772134  maxlinkdim=1000 maxerr=2.44E-09 time=163.889
  E(N) = -141.56006060772134

============================================================
RESULTS:
  E(110) = -144.68946673446558
  E(111) = -143.0461937340389
  E(112)     = -141.56006060772134
  E_p = -0.15713987  (attractive hole pairing)
============================================================
RESULT: E_p = -0.15713987410913433
E_p calculation completed
