Calculating pair binding energy for ladder
L=64, U=4.0, V=0.0, t0=2.0, density=0.9375
============================================================
Pair binding energy for Hubbard ladder
L = 64 rungs, 128 sites
U = 4.0, V = 0.0, t = 1.0, t0 = 2.0, density = 0.9375
N_base = 120
============================================================

[1/3] Computing E(N-2=118)
  Initial state: 118 particles (59 up, 59 dn)
After sweep 1 energy=-158.40432326056745  maxlinkdim=20 maxerr=3.40E-04 time=46.913
After sweep 2 energy=-164.14516995013466  maxlinkdim=50 maxerr=3.88E-05 time=29.772
After sweep 3 energy=-167.4867087476999  maxlinkdim=100 maxerr=2.28E-06 time=38.659
After sweep 4 energy=-169.3317767123378  maxlinkdim=200 maxerr=1.40E-07 time=58.955
After sweep 5 energy=-170.51727447993258  maxlinkdim=804 maxerr=1.00E-10 time=74.891
After sweep 6 energy=-171.29650620047232  maxlinkdim=1136 maxerr=1.00E-10 time=90.492
After sweep 7 energy=-171.8645293492902  maxlinkdim=1331 maxerr=1.00E-10 time=100.110
After sweep 8 energy=-172.310618827689  maxlinkdim=1431 maxerr=1.00E-10 time=107.260
After sweep 9 energy=-172.61744208064022  maxlinkdim=1448 maxerr=1.38E-10 time=111.579
After sweep 10 energy=-172.83691475342573  maxlinkdim=1467 maxerr=1.10E-10 time=110.978
After sweep 11 energy=-173.01670010870052  maxlinkdim=1488 maxerr=1.38E-10 time=114.477
After sweep 12 energy=-173.16779123651568  maxlinkdim=1500 maxerr=1.62E-10 time=117.088
After sweep 13 energy=-173.30246475298628  maxlinkdim=1500 maxerr=1.51E-10 time=118.295
After sweep 14 energy=-173.41624410771402  maxlinkdim=1500 maxerr=1.62E-10 time=127.787
After sweep 15 energy=-173.5215115469499  maxlinkdim=1500 maxerr=1.97E-10 time=131.619
After sweep 16 energy=-173.6147011118991  maxlinkdim=1500 maxerr=2.43E-10 time=128.969
After sweep 17 energy=-173.6942759857601  maxlinkdim=1500 maxerr=2.40E-10 time=127.339
After sweep 18 energy=-173.7642516456427  maxlinkdim=1500 maxerr=2.37E-10 time=127.962
After sweep 19 energy=-173.82653497524205  maxlinkdim=1500 maxerr=2.13E-10 time=130.511
After sweep 20 energy=-173.8926256884315  maxlinkdim=1500 maxerr=3.41E-10 time=134.346
After sweep 21 energy=-173.9587481213736  maxlinkdim=1500 maxerr=3.63E-10 time=136.544
After sweep 22 energy=-174.01162456946489  maxlinkdim=1500 maxerr=3.69E-10 time=139.468
After sweep 23 energy=-174.0569268516394  maxlinkdim=1500 maxerr=3.69E-10 time=138.482
After sweep 24 energy=-174.09464386381364  maxlinkdim=1500 maxerr=3.06E-10 time=142.050
After sweep 25 energy=-174.12935343619188  maxlinkdim=1500 maxerr=3.32E-10 time=138.024
After sweep 26 energy=-174.18192178891323  maxlinkdim=1500 maxerr=1.40E-09 time=145.387
After sweep 27 energy=-174.2299801086782  maxlinkdim=1500 maxerr=4.13E-10 time=160.820
After sweep 28 energy=-174.29391007643824  maxlinkdim=1500 maxerr=1.45E-09 time=168.131
After sweep 29 energy=-174.36373450855615  maxlinkdim=1500 maxerr=3.62E-09 time=179.469
After sweep 30 energy=-174.40661252947493  maxlinkdim=1500 maxerr=4.17E-10 time=183.116
After sweep 31 energy=-174.4326115085327  maxlinkdim=1500 maxerr=5.21E-10 time=177.520
After sweep 32 energy=-174.46575293531157  maxlinkdim=1500 maxerr=1.23E-09 time=183.833
After sweep 33 energy=-174.51223055156126  maxlinkdim=1500 maxerr=4.55E-09 time=194.006
After sweep 34 energy=-174.5407053553015  maxlinkdim=1500 maxerr=1.47E-09 time=197.302
After sweep 35 energy=-174.55600033497635  maxlinkdim=1500 maxerr=4.04E-10 time=191.243
After sweep 36 energy=-174.56863911571776  maxlinkdim=1500 maxerr=2.71E-10 time=184.950
After sweep 37 energy=-174.5809240087252  maxlinkdim=1500 maxerr=3.02E-10 time=180.050
After sweep 38 energy=-174.59404642823117  maxlinkdim=1500 maxerr=5.62E-10 time=174.982
After sweep 39 energy=-174.60933657166999  maxlinkdim=1500 maxerr=9.50E-10 time=178.867
After sweep 40 energy=-174.6291664716373  maxlinkdim=1500 maxerr=1.80E-09 time=191.205
After sweep 41 energy=-174.65319224602547  maxlinkdim=1500 maxerr=3.20E-09 time=203.361
After sweep 42 energy=-174.6772480934217  maxlinkdim=1500 maxerr=3.79E-09 time=206.186
After sweep 43 energy=-174.70021227869574  maxlinkdim=1500 maxerr=4.04E-09 time=213.756
After sweep 44 energy=-174.7116127460724  maxlinkdim=1500 maxerr=9.93E-10 time=212.138
After sweep 45 energy=-174.7233810239277  maxlinkdim=1500 maxerr=1.73E-09 time=201.116
After sweep 46 energy=-174.73307459259695  maxlinkdim=1500 maxerr=8.68E-10 time=200.843
After sweep 47 energy=-174.74412988190647  maxlinkdim=1500 maxerr=1.74E-09 time=209.324
After sweep 48 energy=-174.75588468555327  maxlinkdim=1500 maxerr=1.89E-09 time=207.928
After sweep 49 energy=-174.76694906868119  maxlinkdim=1500 maxerr=2.11E-09 time=212.441
After sweep 50 energy=-174.77732289520625  maxlinkdim=1500 maxerr=2.19E-09 time=211.878
After sweep 51 energy=-174.78849157337544  maxlinkdim=1500 maxerr=3.20E-09 time=214.163
After sweep 52 energy=-174.79914545627648  maxlinkdim=1500 maxerr=3.28E-09 time=218.748
After sweep 53 energy=-174.81246209708115  maxlinkdim=1500 maxerr=8.32E-09 time=224.307
After sweep 54 energy=-174.8199759573017  maxlinkdim=1500 maxerr=1.31E-09 time=226.006
After sweep 55 energy=-174.82600314854878  maxlinkdim=1500 maxerr=9.05E-10 time=217.213
After sweep 56 energy=-174.83170418317565  maxlinkdim=1500 maxerr=9.61E-10 time=216.122
After sweep 57 energy=-174.83737495072583  maxlinkdim=1500 maxerr=1.19E-09 time=214.065
After sweep 58 energy=-174.84330482720227  maxlinkdim=1500 maxerr=1.59E-09 time=216.649
After sweep 59 energy=-174.84866418450395  maxlinkdim=1500 maxerr=1.38E-09 time=213.214
After sweep 60 energy=-174.8531909239383  maxlinkdim=1500 maxerr=9.24E-10 time=209.811
After sweep 61 energy=-174.85734685593627  maxlinkdim=1500 maxerr=7.60E-10 time=208.079
After sweep 62 energy=-174.861575673633  maxlinkdim=1500 maxerr=9.76E-10 time=207.297
After sweep 63 energy=-174.86546491011256  maxlinkdim=1500 maxerr=8.98E-10 time=208.052
After sweep 64 energy=-174.86955110693623  maxlinkdim=1500 maxerr=1.21E-09 time=208.407
After sweep 65 energy=-174.87438668677865  maxlinkdim=1500 maxerr=2.02E-09 time=215.827
After sweep 66 energy=-174.87906975625262  maxlinkdim=1500 maxerr=1.85E-09 time=220.693
After sweep 67 energy=-174.8833409856177  maxlinkdim=1500 maxerr=1.65E-09 time=228.230
After sweep 68 energy=-174.8875615384642  maxlinkdim=1500 maxerr=1.60E-09 time=244.008
After sweep 69 energy=-174.8910517760715  maxlinkdim=1500 maxerr=1.87E-09 time=238.223
After sweep 70 energy=-174.89423732961282  maxlinkdim=1500 maxerr=8.93E-10 time=236.971
After sweep 71 energy=-174.89754988321164  maxlinkdim=1500 maxerr=1.40E-09 time=240.447
After sweep 72 energy=-174.90097305344307  maxlinkdim=1500 maxerr=1.80E-09 time=240.402
After sweep 73 energy=-174.90656151062547  maxlinkdim=1500 maxerr=2.11E-07 time=255.353
After sweep 74 energy=-174.9100804059787  maxlinkdim=1500 maxerr=2.60E-09 time=252.169
After sweep 75 energy=-174.9129132220084  maxlinkdim=1500 maxerr=1.09E-09 time=233.467
After sweep 76 energy=-174.91582744703155  maxlinkdim=1500 maxerr=1.39E-09 time=237.421
After sweep 77 energy=-174.91867743022948  maxlinkdim=1500 maxerr=2.24E-09 time=235.810
After sweep 78 energy=-174.92114326557984  maxlinkdim=1500 maxerr=2.02E-09 time=236.618
After sweep 79 energy=-174.9243178283014  maxlinkdim=1500 maxerr=5.68E-09 time=237.308
After sweep 80 energy=-174.92733855515857  maxlinkdim=1500 maxerr=5.98E-09 time=245.242
After sweep 81 energy=-174.92995180905274  maxlinkdim=1500 maxerr=4.66E-09 time=263.380
After sweep 82 energy=-174.93208460249005  maxlinkdim=1500 maxerr=2.96E-09 time=262.460
After sweep 83 energy=-174.93377499610278  maxlinkdim=1500 maxerr=1.28E-09 time=258.175
After sweep 84 energy=-174.9353944240441  maxlinkdim=1500 maxerr=2.41E-09 time=259.006
After sweep 85 energy=-174.936864004337  maxlinkdim=1500 maxerr=1.94E-09 time=258.778
After sweep 86 energy=-174.93842051991464  maxlinkdim=1500 maxerr=3.54E-09 time=260.445
After sweep 87 energy=-174.93990296932685  maxlinkdim=1500 maxerr=3.50E-09 time=262.979
After sweep 88 energy=-174.94127318457572  maxlinkdim=1500 maxerr=3.10E-09 time=261.577
After sweep 89 energy=-174.94280003808214  maxlinkdim=1500 maxerr=8.66E-09 time=263.836
After sweep 90 energy=-174.9443959332844  maxlinkdim=1500 maxerr=1.33E-08 time=266.748
After sweep 91 energy=-174.94596277997232  maxlinkdim=1500 maxerr=2.11E-07 time=271.275
After sweep 92 energy=-174.94705896318575  maxlinkdim=1500 maxerr=3.40E-08 time=271.791
After sweep 93 energy=-174.94803296194934  maxlinkdim=1500 maxerr=2.33E-08 time=274.948
After sweep 94 energy=-174.94872568043823  maxlinkdim=1500 maxerr=8.42E-09 time=274.420
After sweep 95 energy=-174.94937589160952  maxlinkdim=1500 maxerr=1.68E-08 time=278.239
After sweep 96 energy=-174.9500412748833  maxlinkdim=1500 maxerr=3.11E-07 time=275.862
After sweep 97 energy=-174.95065638218966  maxlinkdim=1500 maxerr=1.12E-07 time=271.541
After sweep 98 energy=-174.95142010711612  maxlinkdim=1500 maxerr=1.62E-07 time=276.485
After sweep 99 energy=-174.9519076212676  maxlinkdim=1500 maxerr=6.70E-08 time=277.409
After sweep 100 energy=-174.95227841423426  maxlinkdim=1500 maxerr=8.94E-08 time=273.153
After sweep 101 energy=-174.95252797730856  maxlinkdim=1500 maxerr=6.77E-08 time=283.838
After sweep 102 energy=-174.95275626343613  maxlinkdim=1500 maxerr=1.22E-07 time=276.780
After sweep 103 energy=-174.95289571517418  maxlinkdim=1500 maxerr=9.08E-08 time=281.616
Stopping DMRG after sweep 103
  E(N-2) = -174.95289571517418

[2/3] Computing E(N-1=119)
  Initial state: 119 particles (60 up, 59 dn)
After sweep 1 energy=-159.22537158067618  maxlinkdim=20 maxerr=4.33E-04 time=9.247
After sweep 2 energy=-164.8751603957078  maxlinkdim=50 maxerr=2.18E-05 time=21.837
After sweep 3 energy=-167.82723167794876  maxlinkdim=100 maxerr=2.11E-06 time=30.229
After sweep 4 energy=-169.2828938444967  maxlinkdim=200 maxerr=1.13E-07 time=50.423
After sweep 5 energy=-170.23963987020468  maxlinkdim=754 maxerr=1.00E-10 time=69.933
After sweep 6 energy=-170.8026740118511  maxlinkdim=1009 maxerr=1.00E-10 time=78.509
After sweep 7 energy=-171.18422669283194  maxlinkdim=1081 maxerr=1.00E-10 time=83.447
After sweep 8 energy=-171.47393826439122  maxlinkdim=1131 maxerr=1.00E-10 time=87.024
After sweep 9 energy=-171.70896442195627  maxlinkdim=1172 maxerr=1.00E-10 time=89.541
After sweep 10 energy=-171.9028112737463  maxlinkdim=1239 maxerr=1.00E-10 time=93.055
After sweep 11 energy=-172.06758390978345  maxlinkdim=1287 maxerr=1.00E-10 time=104.188
After sweep 12 energy=-172.20443443319735  maxlinkdim=1337 maxerr=1.00E-10 time=102.032
After sweep 13 energy=-172.32817137080792  maxlinkdim=1359 maxerr=1.00E-10 time=102.682
After sweep 14 energy=-172.4418151374809  maxlinkdim=1412 maxerr=1.00E-10 time=104.194
After sweep 15 energy=-172.55326051269216  maxlinkdim=1464 maxerr=1.00E-10 time=113.165
After sweep 16 energy=-172.65489980718402  maxlinkdim=1500 maxerr=1.30E-10 time=116.820
After sweep 17 energy=-172.73561292277066  maxlinkdim=1500 maxerr=1.63E-10 time=116.791
After sweep 18 energy=-172.80507529343356  maxlinkdim=1500 maxerr=1.86E-10 time=114.233
After sweep 19 energy=-172.86469923058945  maxlinkdim=1500 maxerr=1.62E-10 time=115.727
After sweep 20 energy=-172.91559736224147  maxlinkdim=1500 maxerr=2.19E-10 time=117.480
After sweep 21 energy=-172.96603884823622  maxlinkdim=1500 maxerr=3.05E-10 time=121.000
After sweep 22 energy=-173.0155201119627  maxlinkdim=1500 maxerr=4.81E-10 time=122.892
After sweep 23 energy=-173.06677068696544  maxlinkdim=1500 maxerr=6.90E-10 time=129.911
After sweep 24 energy=-173.11665071082712  maxlinkdim=1500 maxerr=1.04E-09 time=132.534
After sweep 25 energy=-173.1592952795774  maxlinkdim=1500 maxerr=5.98E-10 time=138.058
After sweep 26 energy=-173.20434485606637  maxlinkdim=1500 maxerr=8.85E-10 time=141.476
After sweep 27 energy=-173.2434820223188  maxlinkdim=1500 maxerr=1.18E-09 time=149.232
After sweep 28 energy=-173.28045016044658  maxlinkdim=1500 maxerr=2.00E-09 time=151.260
After sweep 29 energy=-173.32502683245627  maxlinkdim=1500 maxerr=5.48E-09 time=154.340
After sweep 30 energy=-173.36036099553547  maxlinkdim=1500 maxerr=3.65E-09 time=161.127
After sweep 31 energy=-173.38685099843036  maxlinkdim=1500 maxerr=1.41E-09 time=163.351
After sweep 32 energy=-173.40892480980756  maxlinkdim=1500 maxerr=1.19E-09 time=168.666
After sweep 33 energy=-173.4291592790974  maxlinkdim=1500 maxerr=1.26E-09 time=166.279
After sweep 34 energy=-173.44796089890724  maxlinkdim=1500 maxerr=1.31E-09 time=167.475
After sweep 35 energy=-173.46480250098503  maxlinkdim=1500 maxerr=9.17E-10 time=168.057
After sweep 36 energy=-173.4854505646283  maxlinkdim=1500 maxerr=2.69E-09 time=169.794
After sweep 37 energy=-173.5037477052421  maxlinkdim=1500 maxerr=2.10E-09 time=177.175
After sweep 38 energy=-173.51571338593618  maxlinkdim=1500 maxerr=3.34E-10 time=176.282
After sweep 39 energy=-173.52617251674545  maxlinkdim=1500 maxerr=3.94E-10 time=168.243
After sweep 40 energy=-173.53588939534148  maxlinkdim=1500 maxerr=6.20E-10 time=166.929
After sweep 41 energy=-173.5457070215895  maxlinkdim=1500 maxerr=5.64E-10 time=168.976
After sweep 42 energy=-173.5546896456816  maxlinkdim=1500 maxerr=6.48E-10 time=171.910
After sweep 43 energy=-173.56333296867857  maxlinkdim=1500 maxerr=6.17E-10 time=172.628
After sweep 44 energy=-173.57159913113352  maxlinkdim=1500 maxerr=5.98E-10 time=171.009
After sweep 45 energy=-173.57965453714883  maxlinkdim=1500 maxerr=7.84E-10 time=178.617
After sweep 46 energy=-173.58798404182576  maxlinkdim=1500 maxerr=1.11E-09 time=176.795
After sweep 47 energy=-173.59745183418846  maxlinkdim=1500 maxerr=1.77E-09 time=183.678
After sweep 48 energy=-173.60916992702715  maxlinkdim=1500 maxerr=3.40E-09 time=186.221
After sweep 49 energy=-173.61949031276723  maxlinkdim=1500 maxerr=1.70E-09 time=189.484
After sweep 50 energy=-173.6295445706631  maxlinkdim=1500 maxerr=2.79E-09 time=192.575
After sweep 51 energy=-173.63940206248603  maxlinkdim=1500 maxerr=3.21E-09 time=195.255
After sweep 52 energy=-173.6475914607133  maxlinkdim=1500 maxerr=2.16E-09 time=190.120
After sweep 53 energy=-173.65338485371453  maxlinkdim=1500 maxerr=8.35E-10 time=190.412
After sweep 54 energy=-173.65884478170946  maxlinkdim=1500 maxerr=8.67E-10 time=195.912
After sweep 55 energy=-173.66426299729244  maxlinkdim=1500 maxerr=1.17E-09 time=199.660
After sweep 56 energy=-173.67078327244172  maxlinkdim=1500 maxerr=2.67E-09 time=203.561
After sweep 57 energy=-173.6790648069071  maxlinkdim=1500 maxerr=4.87E-09 time=207.050
After sweep 58 energy=-173.68760308028925  maxlinkdim=1500 maxerr=7.74E-09 time=205.007
After sweep 59 energy=-173.6933529155315  maxlinkdim=1500 maxerr=2.51E-09 time=208.132
After sweep 60 energy=-173.69882937731683  maxlinkdim=1500 maxerr=2.72E-09 time=209.819
After sweep 61 energy=-173.70492918445382  maxlinkdim=1500 maxerr=4.70E-09 time=209.870
After sweep 62 energy=-173.7110566128252  maxlinkdim=1500 maxerr=6.26E-09 time=213.955
After sweep 63 energy=-173.7156525272359  maxlinkdim=1500 maxerr=2.53E-09 time=216.455
After sweep 64 energy=-173.72013190011023  maxlinkdim=1500 maxerr=2.66E-09 time=212.359
After sweep 65 energy=-173.72422003378085  maxlinkdim=1500 maxerr=2.62E-09 time=228.351
After sweep 66 energy=-173.72811184186162  maxlinkdim=1500 maxerr=2.63E-09 time=228.163
After sweep 67 energy=-173.73161767363797  maxlinkdim=1500 maxerr=1.47E-09 time=227.809
After sweep 68 energy=-173.73440758782203  maxlinkdim=1500 maxerr=1.35E-09 time=228.037
After sweep 69 energy=-173.7372550966255  maxlinkdim=1500 maxerr=1.73E-09 time=227.172
After sweep 70 energy=-173.7424617904688  maxlinkdim=1500 maxerr=2.03E-08 time=232.832
After sweep 71 energy=-173.7454729332112  maxlinkdim=1500 maxerr=5.08E-10 time=251.262
After sweep 72 energy=-173.74795635684666  maxlinkdim=1500 maxerr=6.22E-10 time=242.853
After sweep 73 energy=-173.750315285277  maxlinkdim=1500 maxerr=7.42E-10 time=245.365
After sweep 74 energy=-173.752773881443  maxlinkdim=1500 maxerr=2.24E-09 time=239.739
After sweep 75 energy=-173.7552739771371  maxlinkdim=1500 maxerr=2.54E-09 time=243.643
After sweep 76 energy=-173.75769375329855  maxlinkdim=1500 maxerr=2.38E-09 time=250.148
After sweep 77 energy=-173.7601238743611  maxlinkdim=1500 maxerr=2.94E-09 time=245.185
After sweep 78 energy=-173.76220875492032  maxlinkdim=1500 maxerr=1.28E-09 time=250.009
After sweep 79 energy=-173.76435614549345  maxlinkdim=1500 maxerr=7.07E-09 time=252.301
After sweep 80 energy=-173.76660676956467  maxlinkdim=1500 maxerr=3.55E-09 time=259.051
After sweep 81 energy=-173.76890756141117  maxlinkdim=1500 maxerr=7.50E-09 time=256.451
After sweep 82 energy=-173.77165985895383  maxlinkdim=1500 maxerr=1.26E-08 time=257.160
After sweep 83 energy=-173.77433689224685  maxlinkdim=1500 maxerr=1.04E-08 time=264.355
After sweep 84 energy=-173.77583641891187  maxlinkdim=1500 maxerr=2.75E-09 time=258.938
After sweep 85 energy=-173.77725249455864  maxlinkdim=1500 maxerr=3.70E-09 time=253.264
After sweep 86 energy=-173.77865030676244  maxlinkdim=1500 maxerr=5.01E-09 time=266.604
After sweep 87 energy=-173.7796521785284  maxlinkdim=1500 maxerr=7.95E-10 time=259.314
After sweep 88 energy=-173.78049943392224  maxlinkdim=1500 maxerr=1.14E-09 time=259.936
After sweep 89 energy=-173.7822813357625  maxlinkdim=1500 maxerr=7.31E-07 time=260.262
After sweep 90 energy=-173.78518588974103  maxlinkdim=1500 maxerr=1.04E-07 time=264.994
After sweep 91 energy=-173.78626819586074  maxlinkdim=1500 maxerr=5.20E-08 time=260.313
After sweep 92 energy=-173.787067918795  maxlinkdim=1500 maxerr=1.87E-08 time=255.824
After sweep 93 energy=-173.7877816899084  maxlinkdim=1500 maxerr=1.89E-08 time=261.501
After sweep 94 energy=-173.78847053274453  maxlinkdim=1500 maxerr=2.73E-08 time=259.425
After sweep 95 energy=-173.7891197490243  maxlinkdim=1500 maxerr=4.25E-08 time=256.921
After sweep 96 energy=-173.78976167207657  maxlinkdim=1500 maxerr=1.95E-07 time=259.516
After sweep 97 energy=-173.79033202047336  maxlinkdim=1500 maxerr=1.01E-07 time=262.264
After sweep 98 energy=-173.79078542960465  maxlinkdim=1500 maxerr=6.61E-08 time=258.634
After sweep 99 energy=-173.79118592862366  maxlinkdim=1500 maxerr=1.10E-07 time=258.146
After sweep 100 energy=-173.79153988191888  maxlinkdim=1500 maxerr=4.78E-08 time=255.429
After sweep 101 energy=-173.7918256051856  maxlinkdim=1500 maxerr=6.31E-08 time=264.690
After sweep 102 energy=-173.79228229974504  maxlinkdim=1500 maxerr=2.24E-07 time=260.931
After sweep 103 energy=-173.79264212083223  maxlinkdim=1500 maxerr=2.70E-07 time=265.818
After sweep 104 energy=-173.79285955317837  maxlinkdim=1500 maxerr=9.14E-08 time=270.578
After sweep 105 energy=-173.79297598912606  maxlinkdim=1500 maxerr=5.19E-08 time=272.899
Stopping DMRG after sweep 105
  E(N-1) = -173.79297598912606

[3/3] Computing E(N=120)
  Initial state: 120 particles (60 up, 60 dn)
After sweep 1 energy=-160.6099995212796  maxlinkdim=20 maxerr=2.87E-04 time=8.713
After sweep 2 energy=-165.69948801101327  maxlinkdim=50 maxerr=3.17E-05 time=20.508
After sweep 3 energy=-168.01007661272166  maxlinkdim=100 maxerr=3.53E-06 time=27.806
After sweep 4 energy=-169.26605358594503  maxlinkdim=200 maxerr=1.81E-07 time=48.900
After sweep 5 energy=-169.8854135140233  maxlinkdim=710 maxerr=1.00E-10 time=60.492
After sweep 6 energy=-170.3388951415862  maxlinkdim=911 maxerr=1.00E-10 time=72.270
After sweep 7 energy=-170.64291921717918  maxlinkdim=984 maxerr=1.00E-10 time=79.714
After sweep 8 energy=-170.884552777063  maxlinkdim=1066 maxerr=1.00E-10 time=90.888
After sweep 9 energy=-171.07395694012823  maxlinkdim=1164 maxerr=1.00E-10 time=96.055
After sweep 10 energy=-171.22440474132318  maxlinkdim=1205 maxerr=1.00E-10 time=97.879
After sweep 11 energy=-171.35970398702935  maxlinkdim=1254 maxerr=1.00E-10 time=101.602
After sweep 12 energy=-171.47925848646304  maxlinkdim=1322 maxerr=1.00E-10 time=101.918
After sweep 13 energy=-171.5939372736998  maxlinkdim=1407 maxerr=1.00E-10 time=110.845
After sweep 14 energy=-171.70511991052527  maxlinkdim=1472 maxerr=1.43E-10 time=119.112
After sweep 15 energy=-171.80024561341713  maxlinkdim=1494 maxerr=2.27E-10 time=127.168
After sweep 16 energy=-171.87326303515846  maxlinkdim=1500 maxerr=2.57E-10 time=131.708
After sweep 17 energy=-171.930782602232  maxlinkdim=1500 maxerr=2.41E-10 time=131.031
After sweep 18 energy=-171.9784282010431  maxlinkdim=1500 maxerr=2.53E-10 time=128.981
After sweep 19 energy=-172.02146238225015  maxlinkdim=1500 maxerr=3.20E-10 time=126.633
After sweep 20 energy=-172.05775646597655  maxlinkdim=1500 maxerr=2.48E-10 time=130.500
After sweep 21 energy=-172.09061568695708  maxlinkdim=1500 maxerr=2.87E-10 time=133.494
After sweep 22 energy=-172.11947989342747  maxlinkdim=1500 maxerr=2.47E-10 time=129.477
After sweep 23 energy=-172.14622223696253  maxlinkdim=1500 maxerr=2.70E-10 time=120.856
After sweep 24 energy=-172.17139403489793  maxlinkdim=1500 maxerr=3.67E-10 time=123.841
After sweep 25 energy=-172.19233908947496  maxlinkdim=1500 maxerr=2.20E-10 time=136.711
After sweep 26 energy=-172.21151038640826  maxlinkdim=1500 maxerr=2.70E-10 time=147.163
After sweep 27 energy=-172.2324966293003  maxlinkdim=1500 maxerr=5.27E-10 time=148.547
After sweep 28 energy=-172.25610315709437  maxlinkdim=1500 maxerr=1.17E-09 time=146.283
After sweep 29 energy=-172.27695245412343  maxlinkdim=1500 maxerr=1.31E-09 time=147.345
After sweep 30 energy=-172.2943099127595  maxlinkdim=1500 maxerr=8.94E-10 time=148.446
After sweep 31 energy=-172.30656519646595  maxlinkdim=1500 maxerr=3.60E-10 time=144.741
After sweep 32 energy=-172.3175731562862  maxlinkdim=1500 maxerr=2.88E-10 time=151.674
After sweep 33 energy=-172.32908741212353  maxlinkdim=1500 maxerr=3.36E-10 time=151.209
After sweep 34 energy=-172.34083975538417  maxlinkdim=1500 maxerr=5.21E-10 time=148.846
After sweep 35 energy=-172.35292403611135  maxlinkdim=1500 maxerr=7.54E-10 time=140.823
After sweep 36 energy=-172.3661585326445  maxlinkdim=1500 maxerr=1.04E-09 time=149.606
After sweep 37 energy=-172.37976158162144  maxlinkdim=1500 maxerr=1.43E-09 time=156.364
After sweep 38 energy=-172.39338666200584  maxlinkdim=1500 maxerr=1.52E-09 time=162.801
After sweep 39 energy=-172.40707456063768  maxlinkdim=1500 maxerr=1.65E-09 time=166.348
After sweep 40 energy=-172.4181607503307  maxlinkdim=1500 maxerr=1.22E-09 time=168.041
After sweep 41 energy=-172.4276156525199  maxlinkdim=1500 maxerr=8.74E-10 time=165.409
After sweep 42 energy=-172.4354784614693  maxlinkdim=1500 maxerr=2.49E-10 time=166.303
After sweep 43 energy=-172.44251736860613  maxlinkdim=1500 maxerr=6.48E-10 time=165.773
After sweep 44 energy=-172.4496894800981  maxlinkdim=1500 maxerr=5.89E-10 time=164.430
After sweep 45 energy=-172.45706670843953  maxlinkdim=1500 maxerr=7.34E-10 time=177.803
After sweep 46 energy=-172.4653295221829  maxlinkdim=1500 maxerr=5.48E-10 time=183.075
After sweep 47 energy=-172.47227665938573  maxlinkdim=1500 maxerr=4.50E-10 time=185.060
After sweep 48 energy=-172.4817357477037  maxlinkdim=1500 maxerr=8.44E-10 time=182.081
After sweep 49 energy=-172.4959283399241  maxlinkdim=1500 maxerr=1.72E-08 time=203.940
After sweep 50 energy=-172.5008078571556  maxlinkdim=1500 maxerr=4.41E-10 time=183.264
After sweep 51 energy=-172.50513071379362  maxlinkdim=1500 maxerr=4.20E-10 time=176.160
After sweep 52 energy=-172.51054057422735  maxlinkdim=1500 maxerr=7.21E-10 time=175.993
After sweep 53 energy=-172.51463114814982  maxlinkdim=1500 maxerr=3.70E-10 time=179.151
After sweep 54 energy=-172.5185688441567  maxlinkdim=1500 maxerr=5.36E-10 time=178.157
After sweep 55 energy=-172.5225457770929  maxlinkdim=1500 maxerr=6.18E-10 time=175.155
After sweep 56 energy=-172.5263251059595  maxlinkdim=1500 maxerr=7.46E-10 time=172.376
After sweep 57 energy=-172.5303423709767  maxlinkdim=1500 maxerr=9.75E-10 time=176.220
After sweep 58 energy=-172.535075422591  maxlinkdim=1500 maxerr=1.38E-09 time=185.176
After sweep 59 energy=-172.5410720622323  maxlinkdim=1500 maxerr=3.65E-09 time=207.265
After sweep 60 energy=-172.54604386755597  maxlinkdim=1500 maxerr=1.01E-09 time=218.919
After sweep 61 energy=-172.55059693528617  maxlinkdim=1500 maxerr=7.58E-10 time=221.839
After sweep 62 energy=-172.5549291020644  maxlinkdim=1500 maxerr=1.28E-09 time=213.369
After sweep 63 energy=-172.56113398339053  maxlinkdim=1500 maxerr=1.62E-08 time=221.684
After sweep 64 energy=-172.5643229777014  maxlinkdim=1500 maxerr=1.05E-09 time=227.017
After sweep 65 energy=-172.56823618476173  maxlinkdim=1500 maxerr=2.60E-09 time=224.285
After sweep 66 energy=-172.57194355180476  maxlinkdim=1500 maxerr=1.19E-09 time=230.473
After sweep 67 energy=-172.57669531989046  maxlinkdim=1500 maxerr=7.13E-09 time=223.701
After sweep 68 energy=-172.5805971173077  maxlinkdim=1500 maxerr=4.47E-08 time=225.609
After sweep 69 energy=-172.58276604689553  maxlinkdim=1500 maxerr=5.59E-10 time=220.197
After sweep 70 energy=-172.58483984850108  maxlinkdim=1500 maxerr=8.25E-10 time=216.169
After sweep 71 energy=-172.5867181149602  maxlinkdim=1500 maxerr=6.77E-10 time=224.779
After sweep 72 energy=-172.58849349108587  maxlinkdim=1500 maxerr=5.22E-10 time=226.970
After sweep 73 energy=-172.5902939187708  maxlinkdim=1500 maxerr=7.56E-10 time=223.375
After sweep 74 energy=-172.59205318307656  maxlinkdim=1500 maxerr=6.94E-10 time=225.648
After sweep 75 energy=-172.59395770717205  maxlinkdim=1500 maxerr=9.24E-10 time=230.439
After sweep 76 energy=-172.5961688572912  maxlinkdim=1500 maxerr=2.05E-09 time=238.587
After sweep 77 energy=-172.59885544396687  maxlinkdim=1500 maxerr=4.16E-09 time=248.571
After sweep 78 energy=-172.6015330461655  maxlinkdim=1500 maxerr=5.26E-09 time=260.428
After sweep 79 energy=-172.60355234727115  maxlinkdim=1500 maxerr=1.89E-09 time=263.360
After sweep 80 energy=-172.60556210260378  maxlinkdim=1500 maxerr=1.61E-07 time=256.646
After sweep 81 energy=-172.6083773915322  maxlinkdim=1500 maxerr=1.14E-08 time=258.583
After sweep 82 energy=-172.61032046909014  maxlinkdim=1500 maxerr=5.62E-09 time=273.055
After sweep 83 energy=-172.61207164089754  maxlinkdim=1500 maxerr=7.91E-09 time=266.939
After sweep 84 energy=-172.6136442132328  maxlinkdim=1500 maxerr=8.60E-09 time=269.149
After sweep 85 energy=-172.61517566428478  maxlinkdim=1500 maxerr=5.21E-07 time=265.146
After sweep 86 energy=-172.61604618600128  maxlinkdim=1500 maxerr=2.87E-09 time=265.747
After sweep 87 energy=-172.61704113640772  maxlinkdim=1500 maxerr=3.82E-09 time=261.588
After sweep 88 energy=-172.61816633744576  maxlinkdim=1500 maxerr=1.83E-08 time=271.903
After sweep 89 energy=-172.61896843324033  maxlinkdim=1500 maxerr=2.88E-09 time=266.985
After sweep 90 energy=-172.6195766698104  maxlinkdim=1500 maxerr=2.07E-09 time=262.463
After sweep 91 energy=-172.62040726596447  maxlinkdim=1500 maxerr=3.08E-07 time=256.837
After sweep 92 energy=-172.62100681226013  maxlinkdim=1500 maxerr=2.25E-07 time=265.229
After sweep 93 energy=-172.62144616989323  maxlinkdim=1500 maxerr=3.79E-09 time=264.299
After sweep 94 energy=-172.62255885163083  maxlinkdim=1500 maxerr=2.80E-07 time=271.561
After sweep 95 energy=-172.62317484826664  maxlinkdim=1500 maxerr=1.78E-07 time=276.446
After sweep 96 energy=-172.6235528073262  maxlinkdim=1500 maxerr=1.48E-08 time=268.367
After sweep 97 energy=-172.623791006631  maxlinkdim=1500 maxerr=8.38E-09 time=261.517
After sweep 98 energy=-172.6241697058006  maxlinkdim=1500 maxerr=1.84E-07 time=265.044
After sweep 99 energy=-172.62451307077617  maxlinkdim=1500 maxerr=1.56E-07 time=269.455
After sweep 100 energy=-172.62477066563247  maxlinkdim=1500 maxerr=1.48E-07 time=267.429
After sweep 101 energy=-172.62502888487558  maxlinkdim=1500 maxerr=1.36E-07 time=268.741
After sweep 102 energy=-172.62523320990263  maxlinkdim=1500 maxerr=1.10E-07 time=279.154
After sweep 103 energy=-172.62534128623622  maxlinkdim=1500 maxerr=5.43E-08 time=285.992
Stopping DMRG after sweep 103
  E(N) = -172.62534128623622

============================================================
RESULTS:
  E(118) = -174.95289571517418
  E(119) = -173.79297598912606
  E(120)     = -172.62534128623622
  E_p = 0.00771498  (repulsive hole pairing)
============================================================
RESULT: E_p = 0.007714976841725729
E_p calculation completed
