outfile_name: results_U_-4.0_t_p_0.1.h5
[ Info:  started timer at: 2025-11-11T20:34:05.058
Starting fresh run
Running with t_p=0.1 U=-4.0 L=100 chi_max=300 E_p=1.476 mu_init=-2.65
After sweep 1 energy=-6.695593692986006  maxlinkdim=16 maxerr=8.75E-11 time=30.200
After sweep 2 energy=-8.095119161720802  maxlinkdim=70 maxerr=1.00E-10 time=2.516
After sweep 3 energy=-8.359782933757492  maxlinkdim=102 maxerr=1.00E-10 time=4.002
After sweep 4 energy=-8.467155503943442  maxlinkdim=89 maxerr=1.00E-10 time=4.171
After sweep 5 energy=-8.524042096446346  maxlinkdim=85 maxerr=1.00E-10 time=3.908
After sweep 6 energy=-8.556751937382577  maxlinkdim=92 maxerr=1.00E-10 time=3.532
After sweep 7 energy=-8.577411407313646  maxlinkdim=109 maxerr=1.00E-10 time=3.682
After sweep 8 energy=-8.589453827166059  maxlinkdim=107 maxerr=9.98E-11 time=4.154
After sweep 9 energy=-8.5938410694321  maxlinkdim=107 maxerr=1.00E-10 time=4.054
After sweep 10 energy=-8.595233719444225  maxlinkdim=104 maxerr=9.99E-11 time=4.118
After sweep 11 energy=-8.595742116518363  maxlinkdim=98 maxerr=1.00E-10 time=4.352
After sweep 12 energy=-8.595793252333104  maxlinkdim=96 maxerr=9.99E-11 time=4.219
After sweep 13 energy=-8.595796180954283  maxlinkdim=88 maxerr=1.00E-10 time=4.255
After sweep 14 energy=-8.595796205868764  maxlinkdim=69 maxerr=1.00E-10 time=4.390
After sweep 15 energy=-8.595796205359175  maxlinkdim=69 maxerr=9.96E-11 time=4.113
After sweep 16 energy=-8.595796205370993  maxlinkdim=69 maxerr=9.96E-11 time=4.121
After sweep 17 energy=-8.595796205373011  maxlinkdim=69 maxerr=9.96E-11 time=4.154
After sweep 18 energy=-8.595796205373366  maxlinkdim=69 maxerr=9.96E-11 time=4.337
After sweep 19 energy=-8.595796205373315  maxlinkdim=69 maxerr=9.96E-11 time=4.115
After sweep 20 energy=-8.595796205373041  maxlinkdim=69 maxerr=9.96E-11 time=4.139
After sweep 21 energy=-8.595796205372677  maxlinkdim=69 maxerr=9.96E-11 time=4.130
After sweep 22 energy=-8.595796205372183  maxlinkdim=69 maxerr=9.96E-11 time=4.175
After sweep 23 energy=-8.595796205371865  maxlinkdim=69 maxerr=9.96E-11 time=4.311
After sweep 24 energy=-8.595796205371588  maxlinkdim=69 maxerr=9.96E-11 time=4.101
slurmstepd: error: *** STEP 45135865.0 ON nid008288 CANCELLED AT 2025-11-12T04:37:02 ***
slurmstepd: error: *** JOB 45135865 ON nid008288 CANCELLED AT 2025-11-12T04:37:02 ***

[185790] signal 15: Terminated
in expression starting at /global/u2/k/kwang98/MPS-MFT/main_loop_script.jl:554
srun: Job step aborted: Waiting up to 32 seconds for job step to finish.
