Calculating pair binding energy for ladder
L=64, U=8.0, V=0.0, t0=0.2, density=0.9375
============================================================
Pair binding energy for Hubbard ladder
L = 64 rungs, 128 sites
U = 8.0, V = 0.0, t = 1.0, t0 = 0.2, density = 0.9375
N_base = 120
============================================================

[1/3] Computing E(N-2=118)
  Initial state: 118 particles (59 up, 59 dn)
After sweep 1 energy=-15.646596785935905  maxlinkdim=20 maxerr=5.02E-04 time=47.638
After sweep 2 energy=-34.88790144308372  maxlinkdim=50 maxerr=1.87E-05 time=28.174
After sweep 3 energy=-41.655870063853826  maxlinkdim=100 maxerr=1.21E-05 time=40.278
After sweep 4 energy=-46.10387453998383  maxlinkdim=200 maxerr=1.12E-06 time=58.865
After sweep 5 energy=-48.55778570039056  maxlinkdim=912 maxerr=1.00E-10 time=77.081
After sweep 6 energy=-50.62122050437222  maxlinkdim=1000 maxerr=4.45E-09 time=110.432
After sweep 7 energy=-52.153515575691415  maxlinkdim=1000 maxerr=4.15E-08 time=130.412
After sweep 8 energy=-53.05803504920276  maxlinkdim=1000 maxerr=5.45E-08 time=136.572
After sweep 9 energy=-53.634154906758226  maxlinkdim=1000 maxerr=3.32E-08 time=140.011
After sweep 10 energy=-54.16179087972357  maxlinkdim=1000 maxerr=5.00E-08 time=147.027
After sweep 11 energy=-54.7299178639524  maxlinkdim=1000 maxerr=1.78E-07 time=154.392
After sweep 12 energy=-55.122875035830994  maxlinkdim=1000 maxerr=3.42E-06 time=160.074
After sweep 13 energy=-55.51884919225729  maxlinkdim=1000 maxerr=8.40E-06 time=164.475
After sweep 14 energy=-55.78409998817672  maxlinkdim=1000 maxerr=1.23E-06 time=162.699
After sweep 15 energy=-56.013800205835736  maxlinkdim=1000 maxerr=8.87E-07 time=166.923
After sweep 16 energy=-56.23820702074586  maxlinkdim=1000 maxerr=9.37E-06 time=175.341
After sweep 17 energy=-56.44517930358267  maxlinkdim=1000 maxerr=1.48E-05 time=174.432
After sweep 18 energy=-56.57438155454904  maxlinkdim=1000 maxerr=1.79E-06 time=174.785
After sweep 19 energy=-56.672428853870024  maxlinkdim=1000 maxerr=1.34E-06 time=168.510
After sweep 20 energy=-56.78138550954895  maxlinkdim=1000 maxerr=1.40E-05 time=167.294
After sweep 21 energy=-56.888332617274315  maxlinkdim=1000 maxerr=1.63E-05 time=169.810
After sweep 22 energy=-56.9757130642381  maxlinkdim=1000 maxerr=4.01E-05 time=169.882
After sweep 23 energy=-57.059962186571724  maxlinkdim=1000 maxerr=1.75E-05 time=171.584
After sweep 24 energy=-57.14749514130158  maxlinkdim=1000 maxerr=2.42E-05 time=164.804
After sweep 25 energy=-57.22285698923892  maxlinkdim=1000 maxerr=2.48E-05 time=164.986
After sweep 26 energy=-57.31184331126062  maxlinkdim=1000 maxerr=5.54E-05 time=166.003
After sweep 27 energy=-57.378415886128465  maxlinkdim=1000 maxerr=2.11E-05 time=171.721
After sweep 28 energy=-57.45659887860459  maxlinkdim=1000 maxerr=2.36E-05 time=186.203
After sweep 29 energy=-57.57666836538695  maxlinkdim=1000 maxerr=3.00E-05 time=183.635
After sweep 30 energy=-57.679776784344725  maxlinkdim=1000 maxerr=2.11E-05 time=183.226
After sweep 31 energy=-57.76021084072439  maxlinkdim=1000 maxerr=2.28E-05 time=178.828
After sweep 32 energy=-57.827094497359255  maxlinkdim=1000 maxerr=2.55E-05 time=174.818
After sweep 33 energy=-57.88878021932302  maxlinkdim=1000 maxerr=2.84E-05 time=179.658
After sweep 34 energy=-57.93949275057651  maxlinkdim=1000 maxerr=1.99E-05 time=177.890
After sweep 35 energy=-57.98402423987951  maxlinkdim=1000 maxerr=2.38E-05 time=182.878
After sweep 36 energy=-58.02306379191477  maxlinkdim=1000 maxerr=1.60E-05 time=186.645
After sweep 37 energy=-58.053532131270046  maxlinkdim=1000 maxerr=1.84E-05 time=191.501
After sweep 38 energy=-58.07578061016735  maxlinkdim=1000 maxerr=1.65E-05 time=194.489
After sweep 39 energy=-58.09307728854416  maxlinkdim=1000 maxerr=1.56E-05 time=188.406
After sweep 40 energy=-58.10829044760655  maxlinkdim=1000 maxerr=1.84E-05 time=188.743
After sweep 41 energy=-58.11934984223338  maxlinkdim=1000 maxerr=1.50E-05 time=193.770
After sweep 42 energy=-58.127071331609855  maxlinkdim=1000 maxerr=1.39E-05 time=191.874
After sweep 43 energy=-58.131454162894784  maxlinkdim=1000 maxerr=1.25E-05 time=189.490
After sweep 44 energy=-58.133857599884706  maxlinkdim=1000 maxerr=1.14E-05 time=190.256
After sweep 45 energy=-58.135200786620764  maxlinkdim=1000 maxerr=1.17E-05 time=188.833
After sweep 46 energy=-58.13599327050235  maxlinkdim=1000 maxerr=1.16E-05 time=188.436
After sweep 47 energy=-58.13647850721121  maxlinkdim=1000 maxerr=1.16E-05 time=193.306
After sweep 48 energy=-58.13678818691848  maxlinkdim=1000 maxerr=1.15E-05 time=184.796
After sweep 49 energy=-58.13698056234448  maxlinkdim=1000 maxerr=1.15E-05 time=186.705
After sweep 50 energy=-58.137096979481335  maxlinkdim=1000 maxerr=1.25E-05 time=186.839
After sweep 51 energy=-58.13718703575726  maxlinkdim=1000 maxerr=1.19E-05 time=192.986
After sweep 52 energy=-58.13724492778831  maxlinkdim=1000 maxerr=1.14E-05 time=187.087
After sweep 53 energy=-58.137284650198566  maxlinkdim=1000 maxerr=1.14E-05 time=188.350
After sweep 54 energy=-58.13731721853193  maxlinkdim=1000 maxerr=1.15E-05 time=186.708
After sweep 55 energy=-58.137342558706244  maxlinkdim=1000 maxerr=1.15E-05 time=184.531
After sweep 56 energy=-58.137357220775534  maxlinkdim=1000 maxerr=1.15E-05 time=186.006
After sweep 57 energy=-58.13737318117429  maxlinkdim=1000 maxerr=1.14E-05 time=183.910
After sweep 58 energy=-58.137382298909955  maxlinkdim=1000 maxerr=1.14E-05 time=188.793
After sweep 59 energy=-58.13738364087443  maxlinkdim=1000 maxerr=1.14E-05 time=189.564
After sweep 60 energy=-58.137391606679905  maxlinkdim=1000 maxerr=1.14E-05 time=188.413
After sweep 61 energy=-58.1373983674355  maxlinkdim=1000 maxerr=1.14E-05 time=192.719
After sweep 62 energy=-58.137404457959995  maxlinkdim=1000 maxerr=1.14E-05 time=189.711
After sweep 63 energy=-58.137407894571446  maxlinkdim=1000 maxerr=1.14E-05 time=189.003
After sweep 64 energy=-58.13741223169932  maxlinkdim=1000 maxerr=1.14E-05 time=192.256
After sweep 65 energy=-58.13741171564617  maxlinkdim=1000 maxerr=1.14E-05 time=187.352
After sweep 66 energy=-58.13741596618447  maxlinkdim=1000 maxerr=1.14E-05 time=185.852
After sweep 67 energy=-58.137419624140215  maxlinkdim=1000 maxerr=1.14E-05 time=187.787
After sweep 68 energy=-58.1374219776074  maxlinkdim=1000 maxerr=1.14E-05 time=185.501
After sweep 69 energy=-58.137422503195204  maxlinkdim=1000 maxerr=1.14E-05 time=182.502
After sweep 70 energy=-58.13742378330862  maxlinkdim=1000 maxerr=1.14E-05 time=189.859
After sweep 71 energy=-58.13742443149589  maxlinkdim=1000 maxerr=1.15E-05 time=194.904
After sweep 72 energy=-58.13742684937355  maxlinkdim=1000 maxerr=1.15E-05 time=187.027
After sweep 73 energy=-58.13742697674178  maxlinkdim=1000 maxerr=1.15E-05 time=182.837
After sweep 74 energy=-58.137428213707096  maxlinkdim=1000 maxerr=1.15E-05 time=183.190
After sweep 75 energy=-58.137429311445224  maxlinkdim=1000 maxerr=1.15E-05 time=182.582
After sweep 76 energy=-58.13742988458503  maxlinkdim=1000 maxerr=1.15E-05 time=180.507
After sweep 77 energy=-58.13742836857674  maxlinkdim=1000 maxerr=1.15E-05 time=181.469
After sweep 78 energy=-58.1374305018346  maxlinkdim=1000 maxerr=1.15E-05 time=182.713
After sweep 79 energy=-58.137431192025396  maxlinkdim=1000 maxerr=1.15E-05 time=177.518
After sweep 80 energy=-58.13743255610672  maxlinkdim=1000 maxerr=1.15E-05 time=180.234
After sweep 81 energy=-58.1374309811689  maxlinkdim=1000 maxerr=1.15E-05 time=182.360
After sweep 82 energy=-58.13743118618997  maxlinkdim=1000 maxerr=1.15E-05 time=182.035
After sweep 83 energy=-58.137431474812594  maxlinkdim=1000 maxerr=1.15E-05 time=183.894
After sweep 84 energy=-58.13743370882535  maxlinkdim=1000 maxerr=1.15E-05 time=184.084
After sweep 85 energy=-58.13743203761164  maxlinkdim=1000 maxerr=1.15E-05 time=181.733
After sweep 86 energy=-58.1374325008728  maxlinkdim=1000 maxerr=1.15E-05 time=186.010
After sweep 87 energy=-58.13743467291461  maxlinkdim=1000 maxerr=1.15E-05 time=185.797
After sweep 88 energy=-58.137434306399776  maxlinkdim=1000 maxerr=1.15E-05 time=190.488
After sweep 89 energy=-58.13743479685854  maxlinkdim=1000 maxerr=1.15E-05 time=189.890
After sweep 90 energy=-58.137435774479556  maxlinkdim=1000 maxerr=1.16E-05 time=187.897
After sweep 91 energy=-58.13743566746065  maxlinkdim=1000 maxerr=1.16E-05 time=188.446
After sweep 92 energy=-58.137434669015065  maxlinkdim=1000 maxerr=1.16E-05 time=186.724
After sweep 93 energy=-58.13743598252722  maxlinkdim=1000 maxerr=1.16E-05 time=170.339
After sweep 94 energy=-58.13743690156578  maxlinkdim=1000 maxerr=1.16E-05 time=172.053
After sweep 95 energy=-58.137435485414656  maxlinkdim=1000 maxerr=1.16E-05 time=176.886
After sweep 96 energy=-58.137437146125556  maxlinkdim=1000 maxerr=1.16E-05 time=181.425
After sweep 97 energy=-58.137437380358065  maxlinkdim=1000 maxerr=1.16E-05 time=180.312
After sweep 98 energy=-58.137438199540036  maxlinkdim=1000 maxerr=1.16E-05 time=180.370
After sweep 99 energy=-58.13743850325191  maxlinkdim=1000 maxerr=1.16E-05 time=187.153
After sweep 100 energy=-58.13743752495005  maxlinkdim=1000 maxerr=1.16E-05 time=177.729
  E(N-2) = -58.13743752495005

[2/3] Computing E(N-1=119)
  Initial state: 119 particles (60 up, 59 dn)
After sweep 1 energy=-17.38486189029668  maxlinkdim=20 maxerr=2.83E-04 time=10.632
After sweep 2 energy=-39.24241631643338  maxlinkdim=50 maxerr=4.60E-05 time=23.892
After sweep 3 energy=-44.88697286101341  maxlinkdim=100 maxerr=4.20E-06 time=35.978
After sweep 4 energy=-47.293731010642986  maxlinkdim=200 maxerr=1.77E-06 time=57.543
After sweep 5 energy=-48.9178456147376  maxlinkdim=960 maxerr=1.00E-10 time=77.763
After sweep 6 energy=-50.576710222613976  maxlinkdim=1000 maxerr=5.19E-09 time=115.317
After sweep 7 energy=-51.92220872130974  maxlinkdim=1000 maxerr=1.78E-07 time=129.709
After sweep 8 energy=-52.76087707041575  maxlinkdim=1000 maxerr=5.03E-07 time=137.184
After sweep 9 energy=-53.12975168238801  maxlinkdim=1000 maxerr=7.42E-08 time=148.309
After sweep 10 energy=-53.41978118214925  maxlinkdim=1000 maxerr=8.20E-08 time=165.828
After sweep 11 energy=-53.674254537997015  maxlinkdim=1000 maxerr=1.29E-07 time=167.476
After sweep 12 energy=-53.89072636126777  maxlinkdim=1000 maxerr=8.39E-08 time=170.187
After sweep 13 energy=-54.085105915702314  maxlinkdim=1000 maxerr=1.00E-07 time=172.338
After sweep 14 energy=-54.30346434777711  maxlinkdim=1000 maxerr=2.65E-07 time=170.806
After sweep 15 energy=-54.560592515950745  maxlinkdim=1000 maxerr=1.94E-06 time=177.241
After sweep 16 energy=-54.72285519005976  maxlinkdim=1000 maxerr=8.45E-07 time=179.009
After sweep 17 energy=-54.86305074325352  maxlinkdim=1000 maxerr=8.74E-07 time=177.443
After sweep 18 energy=-54.997697301464406  maxlinkdim=1000 maxerr=1.37E-06 time=176.707
After sweep 19 energy=-55.11315889867375  maxlinkdim=1000 maxerr=7.28E-07 time=177.707
After sweep 20 energy=-55.18440627300258  maxlinkdim=1000 maxerr=2.57E-07 time=178.784
After sweep 21 energy=-55.24879833501006  maxlinkdim=1000 maxerr=5.30E-07 time=178.518
After sweep 22 energy=-55.320721653143536  maxlinkdim=1000 maxerr=8.14E-07 time=174.889
After sweep 23 energy=-55.38424805470104  maxlinkdim=1000 maxerr=3.00E-07 time=174.893
After sweep 24 energy=-55.44313676295667  maxlinkdim=1000 maxerr=4.09E-07 time=179.939
After sweep 25 energy=-55.4960429943413  maxlinkdim=1000 maxerr=2.69E-07 time=179.566
After sweep 26 energy=-55.546932621870674  maxlinkdim=1000 maxerr=3.10E-07 time=175.826
After sweep 27 energy=-55.59982757354919  maxlinkdim=1000 maxerr=1.18E-06 time=176.925
After sweep 28 energy=-55.68498391488036  maxlinkdim=1000 maxerr=1.30E-05 time=174.342
After sweep 29 energy=-55.76737852966967  maxlinkdim=1000 maxerr=1.80E-05 time=178.344
After sweep 30 energy=-55.83695241851214  maxlinkdim=1000 maxerr=3.00E-05 time=181.226
After sweep 31 energy=-55.90678782184426  maxlinkdim=1000 maxerr=2.24E-05 time=182.556
After sweep 32 energy=-55.96385927942401  maxlinkdim=1000 maxerr=2.88E-05 time=178.669
After sweep 33 energy=-56.035233919536395  maxlinkdim=1000 maxerr=2.22E-05 time=179.748
After sweep 34 energy=-56.092258065508446  maxlinkdim=1000 maxerr=1.69E-05 time=179.147
After sweep 35 energy=-56.13789410095158  maxlinkdim=1000 maxerr=3.25E-05 time=179.486
After sweep 36 energy=-56.18928879215674  maxlinkdim=1000 maxerr=1.85E-05 time=182.701
After sweep 37 energy=-56.235675633352805  maxlinkdim=1000 maxerr=1.83E-05 time=181.937
After sweep 38 energy=-56.27621121478806  maxlinkdim=1000 maxerr=1.68E-05 time=185.569
After sweep 39 energy=-56.317864204499614  maxlinkdim=1000 maxerr=1.72E-05 time=175.851
After sweep 40 energy=-56.35959192931384  maxlinkdim=1000 maxerr=3.00E-05 time=176.833
After sweep 41 energy=-56.39289852889934  maxlinkdim=1000 maxerr=1.72E-05 time=180.092
After sweep 42 energy=-56.41999238703032  maxlinkdim=1000 maxerr=2.37E-05 time=178.548
After sweep 43 energy=-56.44526358147677  maxlinkdim=1000 maxerr=1.60E-05 time=180.050
After sweep 44 energy=-56.46674594514818  maxlinkdim=1000 maxerr=1.79E-05 time=180.858
After sweep 45 energy=-56.484863215111496  maxlinkdim=1000 maxerr=1.70E-05 time=181.448
After sweep 46 energy=-56.50106408643485  maxlinkdim=1000 maxerr=1.51E-05 time=186.167
After sweep 47 energy=-56.51529437775697  maxlinkdim=1000 maxerr=1.89E-05 time=182.567
After sweep 48 energy=-56.529550120734356  maxlinkdim=1000 maxerr=1.77E-05 time=181.138
After sweep 49 energy=-56.53987550591536  maxlinkdim=1000 maxerr=1.58E-05 time=186.847
After sweep 50 energy=-56.54857764615254  maxlinkdim=1000 maxerr=1.40E-05 time=188.457
After sweep 51 energy=-56.555537512468376  maxlinkdim=1000 maxerr=1.30E-05 time=189.697
After sweep 52 energy=-56.56117328283885  maxlinkdim=1000 maxerr=1.25E-05 time=186.914
After sweep 53 energy=-56.565835394171955  maxlinkdim=1000 maxerr=1.23E-05 time=192.496
After sweep 54 energy=-56.56972879524974  maxlinkdim=1000 maxerr=1.22E-05 time=192.317
After sweep 55 energy=-56.57296922155809  maxlinkdim=1000 maxerr=1.23E-05 time=195.283
After sweep 56 energy=-56.57940175773721  maxlinkdim=1000 maxerr=1.40E-05 time=188.344
After sweep 57 energy=-56.585279572185485  maxlinkdim=1000 maxerr=1.39E-05 time=190.079
After sweep 58 energy=-56.58806906265984  maxlinkdim=1000 maxerr=1.33E-05 time=188.319
After sweep 59 energy=-56.58970582750541  maxlinkdim=1000 maxerr=1.30E-05 time=188.814
After sweep 60 energy=-56.59074977303974  maxlinkdim=1000 maxerr=1.31E-05 time=184.963
After sweep 61 energy=-56.59145863017655  maxlinkdim=1000 maxerr=1.34E-05 time=188.248
After sweep 62 energy=-56.591934535870436  maxlinkdim=1000 maxerr=1.39E-05 time=188.064
After sweep 63 energy=-56.592285628859194  maxlinkdim=1000 maxerr=1.39E-05 time=184.849
After sweep 64 energy=-56.59254655663563  maxlinkdim=1000 maxerr=1.38E-05 time=176.565
After sweep 65 energy=-56.592739755438515  maxlinkdim=1000 maxerr=1.35E-05 time=172.935
After sweep 66 energy=-56.59288832580828  maxlinkdim=1000 maxerr=1.33E-05 time=176.018
After sweep 67 energy=-56.593004632741966  maxlinkdim=1000 maxerr=1.34E-05 time=179.352
After sweep 68 energy=-56.59310488159458  maxlinkdim=1000 maxerr=1.35E-05 time=179.297
After sweep 69 energy=-56.5931809236956  maxlinkdim=1000 maxerr=1.36E-05 time=179.519
After sweep 70 energy=-56.59324410559853  maxlinkdim=1000 maxerr=1.36E-05 time=179.548
After sweep 71 energy=-56.593294050751375  maxlinkdim=1000 maxerr=1.37E-05 time=180.509
After sweep 72 energy=-56.59333479081852  maxlinkdim=1000 maxerr=1.38E-05 time=179.375
After sweep 73 energy=-56.59337420882067  maxlinkdim=1000 maxerr=1.39E-05 time=181.561
After sweep 74 energy=-56.59340557872916  maxlinkdim=1000 maxerr=1.42E-05 time=181.514
After sweep 75 energy=-56.59343375109837  maxlinkdim=1000 maxerr=1.41E-05 time=179.896
After sweep 76 energy=-56.59345390500436  maxlinkdim=1000 maxerr=1.41E-05 time=175.001
After sweep 77 energy=-56.59346632270757  maxlinkdim=1000 maxerr=1.41E-05 time=174.096
After sweep 78 energy=-56.59348331396994  maxlinkdim=1000 maxerr=1.41E-05 time=173.311
After sweep 79 energy=-56.593498239898004  maxlinkdim=1000 maxerr=1.41E-05 time=170.066
After sweep 80 energy=-56.593506496456946  maxlinkdim=1000 maxerr=1.41E-05 time=169.844
After sweep 81 energy=-56.59351875130044  maxlinkdim=1000 maxerr=1.41E-05 time=176.904
After sweep 82 energy=-56.59352531157643  maxlinkdim=1000 maxerr=1.41E-05 time=176.123
After sweep 83 energy=-56.59353616058527  maxlinkdim=1000 maxerr=1.41E-05 time=173.541
After sweep 84 energy=-56.593544092832715  maxlinkdim=1000 maxerr=1.41E-05 time=179.762
After sweep 85 energy=-56.593548382165665  maxlinkdim=1000 maxerr=1.41E-05 time=177.507
After sweep 86 energy=-56.59355614436966  maxlinkdim=1000 maxerr=1.41E-05 time=180.435
After sweep 87 energy=-56.59356188609708  maxlinkdim=1000 maxerr=1.41E-05 time=180.303
After sweep 88 energy=-56.593567342256094  maxlinkdim=1000 maxerr=1.41E-05 time=178.936
After sweep 89 energy=-56.59356796706398  maxlinkdim=1000 maxerr=1.41E-05 time=179.151
After sweep 90 energy=-56.59357133171217  maxlinkdim=1000 maxerr=1.41E-05 time=177.874
After sweep 91 energy=-56.59357549631228  maxlinkdim=1000 maxerr=1.41E-05 time=183.321
After sweep 92 energy=-56.59357847220309  maxlinkdim=1000 maxerr=1.41E-05 time=184.282
After sweep 93 energy=-56.59358014792247  maxlinkdim=1000 maxerr=1.41E-05 time=182.467
After sweep 94 energy=-56.593582554606996  maxlinkdim=1000 maxerr=1.41E-05 time=184.443
After sweep 95 energy=-56.59358119881472  maxlinkdim=1000 maxerr=1.41E-05 time=185.631
After sweep 96 energy=-56.59358511629133  maxlinkdim=1000 maxerr=1.41E-05 time=184.532
After sweep 97 energy=-56.5935854122112  maxlinkdim=1000 maxerr=1.41E-05 time=187.170
After sweep 98 energy=-56.593585351766585  maxlinkdim=1000 maxerr=1.41E-05 time=189.178
After sweep 99 energy=-56.593588474580166  maxlinkdim=1000 maxerr=1.41E-05 time=190.860
After sweep 100 energy=-56.593589021681126  maxlinkdim=1000 maxerr=1.41E-05 time=190.957
  E(N-1) = -56.593589021681126

[3/3] Computing E(N=120)
  Initial state: 120 particles (60 up, 60 dn)
After sweep 1 energy=-17.13648158723766  maxlinkdim=20 maxerr=2.27E-04 time=10.964
After sweep 2 energy=-39.703490249209544  maxlinkdim=50 maxerr=8.70E-05 time=25.608
After sweep 3 energy=-44.86859954588983  maxlinkdim=100 maxerr=2.61E-06 time=38.172
After sweep 4 energy=-46.850977047154274  maxlinkdim=200 maxerr=1.35E-06 time=55.853
After sweep 5 energy=-48.18542539532394  maxlinkdim=848 maxerr=1.00E-10 time=74.724
After sweep 6 energy=-49.329518148257236  maxlinkdim=1000 maxerr=9.24E-10 time=101.170
After sweep 7 energy=-50.25729686604783  maxlinkdim=1000 maxerr=4.44E-09 time=118.777
After sweep 8 energy=-50.94306717351019  maxlinkdim=1000 maxerr=9.16E-09 time=132.901
After sweep 9 energy=-51.510961486198546  maxlinkdim=1000 maxerr=1.32E-08 time=143.617
After sweep 10 energy=-51.963596014400665  maxlinkdim=1000 maxerr=2.65E-08 time=146.830
After sweep 11 energy=-52.297465893118456  maxlinkdim=1000 maxerr=4.14E-08 time=159.443
After sweep 12 energy=-52.68941789542486  maxlinkdim=1000 maxerr=7.38E-07 time=163.918
After sweep 13 energy=-53.04357002481917  maxlinkdim=1000 maxerr=4.86E-06 time=168.494
After sweep 14 energy=-53.35244711085228  maxlinkdim=1000 maxerr=9.35E-06 time=186.393
After sweep 15 energy=-53.504975097213325  maxlinkdim=1000 maxerr=5.01E-07 time=180.747
After sweep 16 energy=-53.66903454913967  maxlinkdim=1000 maxerr=6.64E-07 time=177.779
After sweep 17 energy=-53.80139418934689  maxlinkdim=1000 maxerr=1.12E-06 time=175.289
After sweep 18 energy=-53.89744711086723  maxlinkdim=1000 maxerr=6.13E-07 time=166.026
After sweep 19 energy=-53.99179644546727  maxlinkdim=1000 maxerr=1.11E-06 time=164.258
After sweep 20 energy=-54.07922652536633  maxlinkdim=1000 maxerr=2.85E-06 time=166.928
After sweep 21 energy=-54.1488624029792  maxlinkdim=1000 maxerr=9.50E-07 time=171.701
After sweep 22 energy=-54.2305610800031  maxlinkdim=1000 maxerr=7.38E-06 time=171.379
After sweep 23 energy=-54.30331701628262  maxlinkdim=1000 maxerr=2.19E-05 time=174.501
After sweep 24 energy=-54.37854113767937  maxlinkdim=1000 maxerr=2.16E-05 time=167.714
After sweep 25 energy=-54.444313487821475  maxlinkdim=1000 maxerr=1.96E-05 time=168.960
After sweep 26 energy=-54.5053620149703  maxlinkdim=1000 maxerr=2.20E-05 time=176.777
After sweep 27 energy=-54.55126988578288  maxlinkdim=1000 maxerr=2.01E-05 time=172.383
After sweep 28 energy=-54.59044837122574  maxlinkdim=1000 maxerr=2.31E-05 time=179.638
After sweep 29 energy=-54.62841525732515  maxlinkdim=1000 maxerr=1.73E-05 time=179.120
After sweep 30 energy=-54.65701904396916  maxlinkdim=1000 maxerr=2.04E-05 time=174.108
After sweep 31 energy=-54.685077969425386  maxlinkdim=1000 maxerr=1.64E-05 time=177.663
After sweep 32 energy=-54.713647389875476  maxlinkdim=1000 maxerr=1.67E-05 time=177.153
After sweep 33 energy=-54.74819366887871  maxlinkdim=1000 maxerr=2.29E-05 time=171.023
After sweep 34 energy=-54.776241323452716  maxlinkdim=1000 maxerr=3.64E-05 time=169.714
After sweep 35 energy=-54.8002261439081  maxlinkdim=1000 maxerr=2.17E-05 time=171.172
After sweep 36 energy=-54.8249119596942  maxlinkdim=1000 maxerr=1.76E-05 time=172.812
After sweep 37 energy=-54.860525472484056  maxlinkdim=1000 maxerr=1.95E-05 time=173.841
After sweep 38 energy=-54.89433894841201  maxlinkdim=1000 maxerr=2.29E-05 time=172.935
After sweep 39 energy=-54.92209206466064  maxlinkdim=1000 maxerr=1.80E-05 time=171.888
After sweep 40 energy=-54.94514809356988  maxlinkdim=1000 maxerr=2.40E-05 time=176.150
After sweep 41 energy=-54.96646712507291  maxlinkdim=1000 maxerr=1.40E-05 time=180.556
After sweep 42 energy=-54.98585989721596  maxlinkdim=1000 maxerr=1.30E-05 time=182.490
After sweep 43 energy=-55.001810852618256  maxlinkdim=1000 maxerr=1.21E-05 time=184.620
After sweep 44 energy=-55.01522241081259  maxlinkdim=1000 maxerr=1.79E-05 time=176.627
After sweep 45 energy=-55.02543149340655  maxlinkdim=1000 maxerr=1.18E-05 time=180.292
After sweep 46 energy=-55.03406274340043  maxlinkdim=1000 maxerr=1.24E-05 time=179.911
After sweep 47 energy=-55.04042662312404  maxlinkdim=1000 maxerr=1.07E-05 time=177.660
After sweep 48 energy=-55.04421416291134  maxlinkdim=1000 maxerr=9.68E-06 time=175.950
After sweep 49 energy=-55.04629716670914  maxlinkdim=1000 maxerr=9.26E-06 time=182.025
After sweep 50 energy=-55.04747746640574  maxlinkdim=1000 maxerr=8.90E-06 time=177.566
After sweep 51 energy=-55.04814169217882  maxlinkdim=1000 maxerr=8.68E-06 time=173.643
After sweep 52 energy=-55.048533156384025  maxlinkdim=1000 maxerr=8.52E-06 time=177.510
After sweep 53 energy=-55.04877274424926  maxlinkdim=1000 maxerr=8.42E-06 time=174.893
After sweep 54 energy=-55.048918823060916  maxlinkdim=1000 maxerr=8.41E-06 time=178.789
After sweep 55 energy=-55.04900326166817  maxlinkdim=1000 maxerr=8.43E-06 time=176.202
After sweep 56 energy=-55.04905584457723  maxlinkdim=1000 maxerr=8.38E-06 time=178.309
After sweep 57 energy=-55.049092319698076  maxlinkdim=1000 maxerr=8.49E-06 time=181.529
After sweep 58 energy=-55.049113206613065  maxlinkdim=1000 maxerr=8.47E-06 time=183.226
After sweep 59 energy=-55.04913254825469  maxlinkdim=1000 maxerr=8.45E-06 time=181.153
After sweep 60 energy=-55.04914246232759  maxlinkdim=1000 maxerr=8.45E-06 time=187.555
After sweep 61 energy=-55.04915224139605  maxlinkdim=1000 maxerr=8.45E-06 time=180.513
After sweep 62 energy=-55.049154813642936  maxlinkdim=1000 maxerr=8.45E-06 time=178.765
After sweep 63 energy=-55.04915867887269  maxlinkdim=1000 maxerr=8.44E-06 time=181.729
After sweep 64 energy=-55.04916588513635  maxlinkdim=1000 maxerr=8.41E-06 time=182.362
After sweep 65 energy=-55.04916965876215  maxlinkdim=1000 maxerr=8.39E-06 time=177.126
After sweep 66 energy=-55.04917163896389  maxlinkdim=1000 maxerr=8.40E-06 time=181.960
After sweep 67 energy=-55.049172395942385  maxlinkdim=1000 maxerr=8.42E-06 time=180.344
After sweep 68 energy=-55.04917455796922  maxlinkdim=1000 maxerr=8.44E-06 time=183.232
After sweep 69 energy=-55.049175037805576  maxlinkdim=1000 maxerr=8.45E-06 time=177.910
After sweep 70 energy=-55.04917636787542  maxlinkdim=1000 maxerr=8.46E-06 time=181.812
After sweep 71 energy=-55.04917847977593  maxlinkdim=1000 maxerr=8.47E-06 time=185.765
After sweep 72 energy=-55.049178402230815  maxlinkdim=1000 maxerr=8.45E-06 time=180.819
After sweep 73 energy=-55.049179050028975  maxlinkdim=1000 maxerr=8.46E-06 time=179.295
After sweep 74 energy=-55.04917925797399  maxlinkdim=1000 maxerr=8.47E-06 time=182.472
After sweep 75 energy=-55.04917992653296  maxlinkdim=1000 maxerr=8.47E-06 time=183.168
After sweep 76 energy=-55.04918170797833  maxlinkdim=1000 maxerr=8.47E-06 time=184.873
After sweep 77 energy=-55.049181614851605  maxlinkdim=1000 maxerr=8.48E-06 time=182.604
After sweep 78 energy=-55.049182439843705  maxlinkdim=1000 maxerr=8.46E-06 time=180.324
After sweep 79 energy=-55.04918286996306  maxlinkdim=1000 maxerr=8.47E-06 time=183.471
After sweep 80 energy=-55.049181669458825  maxlinkdim=1000 maxerr=8.47E-06 time=181.640
After sweep 81 energy=-55.049182622969354  maxlinkdim=1000 maxerr=8.47E-06 time=178.362
After sweep 82 energy=-55.04918276470109  maxlinkdim=1000 maxerr=8.47E-06 time=179.165
After sweep 83 energy=-55.04918369874622  maxlinkdim=1000 maxerr=8.46E-06 time=178.279
After sweep 84 energy=-55.04918303680031  maxlinkdim=1000 maxerr=8.46E-06 time=178.311
After sweep 85 energy=-55.049184073987774  maxlinkdim=1000 maxerr=8.45E-06 time=177.523
After sweep 86 energy=-55.04918410196677  maxlinkdim=1000 maxerr=8.46E-06 time=184.336
After sweep 87 energy=-55.04918458912817  maxlinkdim=1000 maxerr=8.47E-06 time=181.846
After sweep 88 energy=-55.0491842794437  maxlinkdim=1000 maxerr=8.47E-06 time=180.966
After sweep 89 energy=-55.049184495914325  maxlinkdim=1000 maxerr=8.47E-06 time=179.426
After sweep 90 energy=-55.04918435623397  maxlinkdim=1000 maxerr=8.47E-06 time=178.884
After sweep 91 energy=-55.04918501205106  maxlinkdim=1000 maxerr=8.47E-06 time=177.739
After sweep 92 energy=-55.04918479320786  maxlinkdim=1000 maxerr=8.47E-06 time=175.035
After sweep 93 energy=-55.049185331561986  maxlinkdim=1000 maxerr=8.47E-06 time=177.442
After sweep 94 energy=-55.04918560883874  maxlinkdim=1000 maxerr=8.47E-06 time=179.108
After sweep 95 energy=-55.049185714038614  maxlinkdim=1000 maxerr=8.47E-06 time=182.263
After sweep 96 energy=-55.049185423426344  maxlinkdim=1000 maxerr=8.47E-06 time=181.402
After sweep 97 energy=-55.04918578006593  maxlinkdim=1000 maxerr=8.47E-06 time=178.277
After sweep 98 energy=-55.04918554263801  maxlinkdim=1000 maxerr=8.47E-06 time=178.636
After sweep 99 energy=-55.04918577408862  maxlinkdim=1000 maxerr=8.47E-06 time=178.826
After sweep 100 energy=-55.04918593824505  maxlinkdim=1000 maxerr=8.47E-06 time=178.531
  E(N) = -55.04918593824505

============================================================
RESULTS:
  E(118) = -58.13743752495005
  E(119) = -56.593589021681126
  E(120)     = -55.04918593824505
  E_p = 0.00055458  (repulsive hole pairing)
============================================================
RESULT: E_p = 0.0005545801671473782
E_p calculation completed
