Calculating pair binding energy for ladder
L=64, U=8.0, V=0.0, t0=1.0, density=0.875
============================================================
Pair binding energy for Hubbard ladder
L = 64 rungs, 128 sites
U = 8.0, V = 0.0, t = 1.0, t0 = 1.0, density = 0.875
N_base = 112
============================================================

[1/3] Computing E(N-2=110)
  Initial state: 110 particles (55 up, 55 dn)
After sweep 1 energy=-47.975461046365886  maxlinkdim=20 maxerr=2.92E-04 time=46.236
After sweep 2 energy=-60.10908287815612  maxlinkdim=50 maxerr=3.46E-05 time=26.897
After sweep 3 energy=-63.80685794470601  maxlinkdim=100 maxerr=2.92E-06 time=41.063
After sweep 4 energy=-66.41937782926497  maxlinkdim=200 maxerr=2.54E-07 time=58.368
After sweep 5 energy=-68.96375903965885  maxlinkdim=1000 maxerr=9.46E-10 time=74.055
After sweep 6 energy=-70.41722827914174  maxlinkdim=1000 maxerr=6.66E-10 time=94.917
After sweep 7 energy=-71.706595735938  maxlinkdim=1000 maxerr=1.99E-09 time=101.815
After sweep 8 energy=-73.14770570812847  maxlinkdim=1000 maxerr=7.46E-09 time=117.261
After sweep 9 energy=-74.42612732212919  maxlinkdim=1000 maxerr=1.47E-08 time=127.500
After sweep 10 energy=-75.53021838972124  maxlinkdim=1000 maxerr=1.15E-07 time=134.553
After sweep 11 energy=-76.23345368358825  maxlinkdim=1000 maxerr=2.89E-08 time=134.734
After sweep 12 energy=-76.73286971231482  maxlinkdim=1000 maxerr=3.18E-08 time=134.590
After sweep 13 energy=-77.11723746673836  maxlinkdim=1000 maxerr=2.66E-08 time=139.268
After sweep 14 energy=-77.53821267178739  maxlinkdim=1000 maxerr=4.96E-08 time=151.638
After sweep 15 energy=-77.97839567644407  maxlinkdim=1000 maxerr=9.74E-08 time=162.731
After sweep 16 energy=-78.2745395376335  maxlinkdim=1000 maxerr=3.27E-08 time=157.980
After sweep 17 energy=-78.5982780731938  maxlinkdim=1000 maxerr=5.23E-08 time=163.329
After sweep 18 energy=-78.89161420440931  maxlinkdim=1000 maxerr=4.18E-08 time=155.262
After sweep 19 energy=-79.11886051464867  maxlinkdim=1000 maxerr=2.23E-08 time=155.753
After sweep 20 energy=-79.45302659238213  maxlinkdim=1000 maxerr=1.00E-07 time=159.361
After sweep 21 energy=-79.6701388107801  maxlinkdim=1000 maxerr=3.29E-08 time=164.803
After sweep 22 energy=-79.90470323789722  maxlinkdim=1000 maxerr=7.08E-08 time=164.122
After sweep 23 energy=-80.10980157933646  maxlinkdim=1000 maxerr=5.14E-08 time=163.032
After sweep 24 energy=-80.30961157258086  maxlinkdim=1000 maxerr=7.49E-08 time=165.891
After sweep 25 energy=-80.48389760630859  maxlinkdim=1000 maxerr=1.35E-07 time=160.543
After sweep 26 energy=-80.66025849474049  maxlinkdim=1000 maxerr=1.09E-06 time=163.078
After sweep 27 energy=-80.83896053527782  maxlinkdim=1000 maxerr=6.90E-07 time=164.590
After sweep 28 energy=-80.99174378740305  maxlinkdim=1000 maxerr=1.51E-06 time=167.163
After sweep 29 energy=-81.14460521376803  maxlinkdim=1000 maxerr=2.06E-07 time=182.841
After sweep 30 energy=-81.2994865567331  maxlinkdim=1000 maxerr=4.58E-07 time=177.015
After sweep 31 energy=-81.47262531750376  maxlinkdim=1000 maxerr=7.89E-07 time=177.586
After sweep 32 energy=-81.61416874992413  maxlinkdim=1000 maxerr=3.51E-06 time=177.464
After sweep 33 energy=-81.74294601253764  maxlinkdim=1000 maxerr=1.46E-06 time=175.061
After sweep 34 energy=-81.87844439407468  maxlinkdim=1000 maxerr=2.78E-06 time=179.175
After sweep 35 energy=-82.04000006766624  maxlinkdim=1000 maxerr=6.81E-06 time=179.365
After sweep 36 energy=-82.14325999832505  maxlinkdim=1000 maxerr=7.45E-06 time=174.956
After sweep 37 energy=-82.24314783948503  maxlinkdim=1000 maxerr=7.20E-06 time=178.339
After sweep 38 energy=-82.37106075345051  maxlinkdim=1000 maxerr=3.59E-06 time=175.063
After sweep 39 energy=-82.47885783568522  maxlinkdim=1000 maxerr=3.33E-06 time=174.753
After sweep 40 energy=-82.56386305936891  maxlinkdim=1000 maxerr=3.31E-06 time=181.731
After sweep 41 energy=-82.64330800289899  maxlinkdim=1000 maxerr=1.77E-06 time=180.938
After sweep 42 energy=-82.7340455301126  maxlinkdim=1000 maxerr=6.92E-06 time=181.605
After sweep 43 energy=-82.80681250560568  maxlinkdim=1000 maxerr=6.44E-06 time=181.603
After sweep 44 energy=-83.07617708482273  maxlinkdim=1000 maxerr=9.10E-06 time=175.340
After sweep 45 energy=-83.23559052032455  maxlinkdim=1000 maxerr=5.90E-06 time=174.127
After sweep 46 energy=-83.3193732492444  maxlinkdim=1000 maxerr=9.62E-06 time=173.153
After sweep 47 energy=-83.38948672687901  maxlinkdim=1000 maxerr=9.00E-06 time=180.594
After sweep 48 energy=-83.44940071473494  maxlinkdim=1000 maxerr=9.25E-06 time=176.503
After sweep 49 energy=-83.50991500453007  maxlinkdim=1000 maxerr=1.16E-05 time=182.997
After sweep 50 energy=-83.56334848770457  maxlinkdim=1000 maxerr=1.19E-05 time=181.182
After sweep 51 energy=-83.61219839521483  maxlinkdim=1000 maxerr=1.63E-05 time=181.638
After sweep 52 energy=-83.66741216063929  maxlinkdim=1000 maxerr=1.67E-05 time=182.575
After sweep 53 energy=-83.71732386303941  maxlinkdim=1000 maxerr=2.64E-05 time=183.505
After sweep 54 energy=-83.76154156633025  maxlinkdim=1000 maxerr=1.58E-05 time=182.239
After sweep 55 energy=-83.80408098826861  maxlinkdim=1000 maxerr=2.68E-05 time=180.608
After sweep 56 energy=-83.84829641201027  maxlinkdim=1000 maxerr=1.67E-05 time=178.716
After sweep 57 energy=-83.88496892363436  maxlinkdim=1000 maxerr=1.36E-05 time=179.583
After sweep 58 energy=-83.91612870214706  maxlinkdim=1000 maxerr=1.44E-05 time=179.802
After sweep 59 energy=-83.95082160344344  maxlinkdim=1000 maxerr=1.24E-05 time=180.455
After sweep 60 energy=-83.97740290054792  maxlinkdim=1000 maxerr=1.13E-05 time=180.008
After sweep 61 energy=-84.00406109230047  maxlinkdim=1000 maxerr=1.36E-05 time=183.236
After sweep 62 energy=-84.03059928278586  maxlinkdim=1000 maxerr=1.20E-05 time=182.529
After sweep 63 energy=-84.05211166735887  maxlinkdim=1000 maxerr=1.49E-05 time=181.888
After sweep 64 energy=-84.07076979886071  maxlinkdim=1000 maxerr=1.30E-05 time=181.949
After sweep 65 energy=-84.08798113256732  maxlinkdim=1000 maxerr=1.39E-05 time=179.814
After sweep 66 energy=-84.1238036568438  maxlinkdim=1000 maxerr=1.37E-05 time=188.032
After sweep 67 energy=-84.14553620700116  maxlinkdim=1000 maxerr=1.46E-05 time=191.049
After sweep 68 energy=-84.1540305168994  maxlinkdim=1000 maxerr=1.37E-05 time=195.151
After sweep 69 energy=-84.1577905567404  maxlinkdim=1000 maxerr=1.17E-05 time=178.187
After sweep 70 energy=-84.15939913352122  maxlinkdim=1000 maxerr=1.06E-05 time=171.435
After sweep 71 energy=-84.16014436398392  maxlinkdim=1000 maxerr=1.04E-05 time=170.784
After sweep 72 energy=-84.16050862412268  maxlinkdim=1000 maxerr=1.06E-05 time=187.202
After sweep 73 energy=-84.1607040202547  maxlinkdim=1000 maxerr=1.05E-05 time=186.863
After sweep 74 energy=-84.16080335643237  maxlinkdim=1000 maxerr=1.04E-05 time=184.943
After sweep 75 energy=-84.1608586515201  maxlinkdim=1000 maxerr=1.04E-05 time=188.691
After sweep 76 energy=-84.16088944421998  maxlinkdim=1000 maxerr=1.04E-05 time=186.124
After sweep 77 energy=-84.16090634607043  maxlinkdim=1000 maxerr=1.04E-05 time=185.270
After sweep 78 energy=-84.16091568398524  maxlinkdim=1000 maxerr=1.04E-05 time=189.628
After sweep 79 energy=-84.1609240217551  maxlinkdim=1000 maxerr=1.04E-05 time=187.693
After sweep 80 energy=-84.16092788206522  maxlinkdim=1000 maxerr=1.04E-05 time=188.294
After sweep 81 energy=-84.16093124572787  maxlinkdim=1000 maxerr=1.03E-05 time=183.669
After sweep 82 energy=-84.16093303469393  maxlinkdim=1000 maxerr=1.03E-05 time=177.909
After sweep 83 energy=-84.16093654829682  maxlinkdim=1000 maxerr=1.03E-05 time=179.557
After sweep 84 energy=-84.16093633859404  maxlinkdim=1000 maxerr=1.03E-05 time=181.281
After sweep 85 energy=-84.16093821149927  maxlinkdim=1000 maxerr=1.03E-05 time=176.113
After sweep 86 energy=-84.16094031631468  maxlinkdim=1000 maxerr=1.03E-05 time=185.342
After sweep 87 energy=-84.16094025332701  maxlinkdim=1000 maxerr=1.03E-05 time=195.643
After sweep 88 energy=-84.16094078721956  maxlinkdim=1000 maxerr=1.03E-05 time=187.887
After sweep 89 energy=-84.16094002038875  maxlinkdim=1000 maxerr=1.03E-05 time=181.740
After sweep 90 energy=-84.16094057966653  maxlinkdim=1000 maxerr=1.03E-05 time=166.532
After sweep 91 energy=-84.16094159651152  maxlinkdim=1000 maxerr=1.03E-05 time=189.174
After sweep 92 energy=-84.16094133955006  maxlinkdim=1000 maxerr=1.03E-05 time=190.798
After sweep 93 energy=-84.16094119976489  maxlinkdim=1000 maxerr=1.03E-05 time=186.985
After sweep 94 energy=-84.16094197613572  maxlinkdim=1000 maxerr=1.03E-05 time=184.234
After sweep 95 energy=-84.1609412640918  maxlinkdim=1000 maxerr=1.03E-05 time=185.219
After sweep 96 energy=-84.16094226377162  maxlinkdim=1000 maxerr=1.03E-05 time=185.357
After sweep 97 energy=-84.16094214220688  maxlinkdim=1000 maxerr=1.03E-05 time=185.489
After sweep 98 energy=-84.16094303674485  maxlinkdim=1000 maxerr=1.03E-05 time=186.393
After sweep 99 energy=-84.16094324857748  maxlinkdim=1000 maxerr=1.03E-05 time=185.600
After sweep 100 energy=-84.16094324511802  maxlinkdim=1000 maxerr=1.03E-05 time=181.224
  E(N-2) = -84.16094324511802

[2/3] Computing E(N-1=111)
  Initial state: 111 particles (56 up, 55 dn)
After sweep 1 energy=-49.3941986935892  maxlinkdim=20 maxerr=3.87E-04 time=8.773
After sweep 2 energy=-60.25567749391315  maxlinkdim=50 maxerr=3.20E-05 time=21.276
After sweep 3 energy=-64.21041947518522  maxlinkdim=100 maxerr=2.88E-06 time=33.253
After sweep 4 energy=-66.47645183018632  maxlinkdim=200 maxerr=3.13E-07 time=54.413
After sweep 5 energy=-68.63361735433632  maxlinkdim=999 maxerr=6.89E-10 time=69.788
After sweep 6 energy=-69.80163280955287  maxlinkdim=1000 maxerr=6.14E-10 time=87.406
After sweep 7 energy=-70.94642832766945  maxlinkdim=1000 maxerr=1.36E-09 time=87.412
After sweep 8 energy=-71.73727270202544  maxlinkdim=1000 maxerr=3.25E-09 time=91.279
After sweep 9 energy=-72.85217893096433  maxlinkdim=1000 maxerr=9.37E-09 time=96.316
After sweep 10 energy=-73.91166296909759  maxlinkdim=1000 maxerr=3.11E-08 time=102.101
After sweep 11 energy=-74.77864918058704  maxlinkdim=1000 maxerr=4.87E-08 time=105.180
After sweep 12 energy=-75.56459397779516  maxlinkdim=1000 maxerr=9.70E-08 time=123.699
After sweep 13 energy=-75.93856846508402  maxlinkdim=1000 maxerr=2.66E-08 time=122.101
After sweep 14 energy=-76.2726746727598  maxlinkdim=1000 maxerr=3.26E-08 time=124.166
After sweep 15 energy=-76.77267120726214  maxlinkdim=1000 maxerr=1.45E-07 time=129.562
After sweep 16 energy=-77.25289329118448  maxlinkdim=1000 maxerr=1.04E-06 time=127.478
After sweep 17 energy=-77.56748001235192  maxlinkdim=1000 maxerr=6.58E-07 time=133.976
After sweep 18 energy=-77.80980311037311  maxlinkdim=1000 maxerr=4.86E-08 time=142.457
After sweep 19 energy=-78.03712383513609  maxlinkdim=1000 maxerr=4.04E-08 time=145.930
After sweep 20 energy=-78.22444135775419  maxlinkdim=1000 maxerr=2.29E-08 time=144.324
After sweep 21 energy=-78.42390895716629  maxlinkdim=1000 maxerr=3.32E-08 time=147.482
After sweep 22 energy=-78.62975915671353  maxlinkdim=1000 maxerr=9.58E-08 time=158.325
After sweep 23 energy=-78.83132625389126  maxlinkdim=1000 maxerr=6.05E-08 time=166.937
After sweep 24 energy=-79.0065867136028  maxlinkdim=1000 maxerr=5.41E-08 time=166.729
After sweep 25 energy=-79.21532497649861  maxlinkdim=1000 maxerr=1.95E-07 time=168.392
After sweep 26 energy=-79.37430556640416  maxlinkdim=1000 maxerr=9.48E-08 time=170.612
After sweep 27 energy=-79.50273016002063  maxlinkdim=1000 maxerr=4.76E-08 time=169.188
After sweep 28 energy=-79.62642012605383  maxlinkdim=1000 maxerr=6.14E-08 time=171.647
After sweep 29 energy=-79.77241016134282  maxlinkdim=1000 maxerr=1.58E-07 time=166.023
After sweep 30 energy=-79.96277691111173  maxlinkdim=1000 maxerr=1.34E-05 time=161.080
After sweep 31 energy=-80.10640343033738  maxlinkdim=1000 maxerr=1.77E-06 time=162.258
After sweep 32 energy=-80.23329051178443  maxlinkdim=1000 maxerr=1.26E-06 time=166.129
After sweep 33 energy=-80.38212912987375  maxlinkdim=1000 maxerr=5.94E-07 time=178.317
After sweep 34 energy=-80.50084860096119  maxlinkdim=1000 maxerr=1.15E-06 time=173.645
After sweep 35 energy=-80.61075871338089  maxlinkdim=1000 maxerr=4.93E-06 time=175.258
After sweep 36 energy=-80.69698532690283  maxlinkdim=1000 maxerr=1.40E-06 time=172.871
After sweep 37 energy=-80.78638359188689  maxlinkdim=1000 maxerr=8.35E-06 time=174.130
After sweep 38 energy=-80.86884430641499  maxlinkdim=1000 maxerr=3.52E-06 time=175.146
After sweep 39 energy=-80.94881267953674  maxlinkdim=1000 maxerr=2.60E-06 time=176.878
After sweep 40 energy=-81.02745774945024  maxlinkdim=1000 maxerr=2.01E-06 time=176.225
After sweep 41 energy=-81.09384512847247  maxlinkdim=1000 maxerr=1.83E-06 time=175.097
After sweep 42 energy=-81.16028297624848  maxlinkdim=1000 maxerr=5.35E-06 time=176.302
After sweep 43 energy=-81.24718317223194  maxlinkdim=1000 maxerr=9.21E-06 time=177.030
After sweep 44 energy=-81.36528585024759  maxlinkdim=1000 maxerr=1.40E-05 time=174.069
After sweep 45 energy=-81.4483630563287  maxlinkdim=1000 maxerr=1.20E-05 time=172.089
After sweep 46 energy=-81.65870985705143  maxlinkdim=1000 maxerr=1.47E-05 time=169.292
After sweep 47 energy=-81.82395560122728  maxlinkdim=1000 maxerr=1.12E-05 time=173.313
After sweep 48 energy=-81.92643155162055  maxlinkdim=1000 maxerr=2.67E-05 time=170.176
After sweep 49 energy=-82.01230743605294  maxlinkdim=1000 maxerr=1.55E-05 time=177.591
After sweep 50 energy=-82.10086515973644  maxlinkdim=1000 maxerr=2.59E-05 time=183.914
After sweep 51 energy=-82.17422867333988  maxlinkdim=1000 maxerr=1.74E-05 time=184.354
After sweep 52 energy=-82.22964932010295  maxlinkdim=1000 maxerr=2.00E-05 time=179.818
After sweep 53 energy=-82.27515895869523  maxlinkdim=1000 maxerr=2.00E-05 time=170.833
After sweep 54 energy=-82.3131877482556  maxlinkdim=1000 maxerr=1.85E-05 time=169.346
After sweep 55 energy=-82.34736175480018  maxlinkdim=1000 maxerr=1.76E-05 time=169.949
After sweep 56 energy=-82.41852183532443  maxlinkdim=1000 maxerr=2.15E-05 time=170.206
After sweep 57 energy=-82.47669672355052  maxlinkdim=1000 maxerr=2.09E-05 time=166.905
After sweep 58 energy=-82.5100347679282  maxlinkdim=1000 maxerr=1.98E-05 time=174.932
After sweep 59 energy=-82.5368106195117  maxlinkdim=1000 maxerr=2.12E-05 time=182.945
After sweep 60 energy=-82.55720177808985  maxlinkdim=1000 maxerr=1.78E-05 time=185.447
After sweep 61 energy=-82.5702585504703  maxlinkdim=1000 maxerr=1.73E-05 time=176.817
After sweep 62 energy=-82.57723703273977  maxlinkdim=1000 maxerr=1.69E-05 time=168.244
After sweep 63 energy=-82.5811008690072  maxlinkdim=1000 maxerr=1.66E-05 time=168.143
After sweep 64 energy=-82.58276751585224  maxlinkdim=1000 maxerr=1.64E-05 time=166.374
After sweep 65 energy=-82.58359706037855  maxlinkdim=1000 maxerr=1.64E-05 time=168.147
After sweep 66 energy=-82.58407857248895  maxlinkdim=1000 maxerr=1.65E-05 time=167.590
After sweep 67 energy=-82.5843739887718  maxlinkdim=1000 maxerr=1.66E-05 time=167.003
After sweep 68 energy=-82.58458246058774  maxlinkdim=1000 maxerr=1.67E-05 time=167.190
After sweep 69 energy=-82.58473385929169  maxlinkdim=1000 maxerr=1.68E-05 time=169.231
After sweep 70 energy=-82.58485363601417  maxlinkdim=1000 maxerr=1.68E-05 time=170.395
After sweep 71 energy=-82.58495085400992  maxlinkdim=1000 maxerr=1.68E-05 time=168.789
After sweep 72 energy=-82.58503782500387  maxlinkdim=1000 maxerr=1.69E-05 time=173.046
After sweep 73 energy=-82.58510641954386  maxlinkdim=1000 maxerr=1.69E-05 time=175.019
After sweep 74 energy=-82.58516389722995  maxlinkdim=1000 maxerr=1.69E-05 time=167.960
After sweep 75 energy=-82.5852189607904  maxlinkdim=1000 maxerr=1.69E-05 time=163.856
After sweep 76 energy=-82.58526398776402  maxlinkdim=1000 maxerr=1.69E-05 time=163.381
After sweep 77 energy=-82.58531012028502  maxlinkdim=1000 maxerr=1.69E-05 time=165.906
After sweep 78 energy=-82.58534723164921  maxlinkdim=1000 maxerr=1.69E-05 time=171.872
After sweep 79 energy=-82.5853799373334  maxlinkdim=1000 maxerr=1.69E-05 time=169.666
After sweep 80 energy=-82.58541331520415  maxlinkdim=1000 maxerr=1.69E-05 time=170.034
After sweep 81 energy=-82.58543703021529  maxlinkdim=1000 maxerr=1.69E-05 time=169.406
After sweep 82 energy=-82.58546746349988  maxlinkdim=1000 maxerr=1.69E-05 time=171.303
After sweep 83 energy=-82.58549098078022  maxlinkdim=1000 maxerr=1.69E-05 time=180.994
After sweep 84 energy=-82.58551658712315  maxlinkdim=1000 maxerr=1.69E-05 time=172.945
After sweep 85 energy=-82.58553682166226  maxlinkdim=1000 maxerr=1.69E-05 time=171.652
After sweep 86 energy=-82.58555722072134  maxlinkdim=1000 maxerr=1.69E-05 time=168.079
After sweep 87 energy=-82.58557579052191  maxlinkdim=1000 maxerr=1.69E-05 time=170.356
After sweep 88 energy=-82.58559299040688  maxlinkdim=1000 maxerr=1.69E-05 time=166.435
After sweep 89 energy=-82.58561241423543  maxlinkdim=1000 maxerr=1.69E-05 time=166.791
After sweep 90 energy=-82.58562565040427  maxlinkdim=1000 maxerr=1.69E-05 time=166.598
After sweep 91 energy=-82.58564167031632  maxlinkdim=1000 maxerr=1.69E-05 time=165.106
After sweep 92 energy=-82.5856574071841  maxlinkdim=1000 maxerr=1.69E-05 time=163.850
After sweep 93 energy=-82.58567231432707  maxlinkdim=1000 maxerr=1.69E-05 time=168.919
After sweep 94 energy=-82.58568644762548  maxlinkdim=1000 maxerr=1.69E-05 time=169.263
After sweep 95 energy=-82.585697728272  maxlinkdim=1000 maxerr=1.69E-05 time=170.278
After sweep 96 energy=-82.58570961698278  maxlinkdim=1000 maxerr=1.69E-05 time=169.554
After sweep 97 energy=-82.58572023111763  maxlinkdim=1000 maxerr=1.69E-05 time=173.706
After sweep 98 energy=-82.58572806411813  maxlinkdim=1000 maxerr=1.69E-05 time=170.336
After sweep 99 energy=-82.58573769060244  maxlinkdim=1000 maxerr=1.69E-05 time=173.943
After sweep 100 energy=-82.58574934578256  maxlinkdim=1000 maxerr=1.69E-05 time=173.554
  E(N-1) = -82.58574934578256

[3/3] Computing E(N=112)
  Initial state: 112 particles (56 up, 56 dn)
After sweep 1 energy=-48.83993032322801  maxlinkdim=20 maxerr=2.91E-04 time=8.569
After sweep 2 energy=-60.07146582961303  maxlinkdim=50 maxerr=1.86E-05 time=21.156
After sweep 3 energy=-63.50861574152113  maxlinkdim=100 maxerr=2.54E-06 time=31.762
After sweep 4 energy=-65.72255559500874  maxlinkdim=200 maxerr=3.44E-07 time=49.255
After sweep 5 energy=-67.87086216306682  maxlinkdim=1000 maxerr=6.09E-10 time=60.497
After sweep 6 energy=-69.043597007879  maxlinkdim=1000 maxerr=1.40E-09 time=77.020
After sweep 7 energy=-70.30815491950995  maxlinkdim=1000 maxerr=1.20E-08 time=83.226
After sweep 8 energy=-71.21938180494038  maxlinkdim=1000 maxerr=6.35E-09 time=93.303
After sweep 9 energy=-72.13498564070203  maxlinkdim=1000 maxerr=3.74E-09 time=95.078
After sweep 10 energy=-72.89077103895328  maxlinkdim=1000 maxerr=1.32E-08 time=100.831
After sweep 11 energy=-73.44003497434917  maxlinkdim=1000 maxerr=1.16E-08 time=107.891
After sweep 12 energy=-74.15342579940308  maxlinkdim=1000 maxerr=4.94E-08 time=113.319
After sweep 13 energy=-74.66750498229953  maxlinkdim=1000 maxerr=4.38E-08 time=117.766
After sweep 14 energy=-75.03594525637143  maxlinkdim=1000 maxerr=2.29E-08 time=122.238
After sweep 15 energy=-75.47812804587905  maxlinkdim=1000 maxerr=5.48E-08 time=125.763
After sweep 16 energy=-75.99029391454492  maxlinkdim=1000 maxerr=1.38E-07 time=139.587
After sweep 17 energy=-76.46785857980309  maxlinkdim=1000 maxerr=1.95E-07 time=152.108
After sweep 18 energy=-76.88789632097956  maxlinkdim=1000 maxerr=5.67E-06 time=149.090
After sweep 19 energy=-77.13457874092381  maxlinkdim=1000 maxerr=2.99E-07 time=151.727
After sweep 20 energy=-77.356615808344  maxlinkdim=1000 maxerr=1.45E-07 time=150.288
After sweep 21 energy=-77.6428796503594  maxlinkdim=1000 maxerr=1.00E-06 time=153.136
After sweep 22 energy=-77.90601877576424  maxlinkdim=1000 maxerr=3.40E-06 time=155.392
After sweep 23 energy=-78.10376147072148  maxlinkdim=1000 maxerr=2.87E-07 time=149.210
After sweep 24 energy=-78.25804010699997  maxlinkdim=1000 maxerr=1.15E-07 time=150.318
After sweep 25 energy=-78.39938585373801  maxlinkdim=1000 maxerr=1.62E-07 time=152.531
After sweep 26 energy=-78.55486172964774  maxlinkdim=1000 maxerr=6.84E-07 time=156.860
After sweep 27 energy=-78.68931528239833  maxlinkdim=1000 maxerr=2.72E-06 time=163.473
After sweep 28 energy=-78.79759567223118  maxlinkdim=1000 maxerr=1.18E-06 time=158.040
After sweep 29 energy=-78.89128522157586  maxlinkdim=1000 maxerr=3.56E-07 time=160.181
After sweep 30 energy=-78.9818068661313  maxlinkdim=1000 maxerr=4.36E-07 time=170.289
After sweep 31 energy=-79.0691248743673  maxlinkdim=1000 maxerr=4.64E-07 time=175.868
After sweep 32 energy=-79.15685720376786  maxlinkdim=1000 maxerr=5.31E-07 time=170.465
After sweep 33 energy=-79.26323255559778  maxlinkdim=1000 maxerr=5.55E-07 time=172.255
After sweep 34 energy=-79.3631759084927  maxlinkdim=1000 maxerr=1.54E-06 time=174.967
After sweep 35 energy=-79.45650891434077  maxlinkdim=1000 maxerr=1.07E-06 time=175.630
After sweep 36 energy=-79.57012665666859  maxlinkdim=1000 maxerr=3.08E-05 time=177.723
After sweep 37 energy=-79.65527010445926  maxlinkdim=1000 maxerr=1.27E-06 time=178.358
After sweep 38 energy=-79.74279974385254  maxlinkdim=1000 maxerr=1.78E-05 time=175.556
After sweep 39 energy=-79.82573783574651  maxlinkdim=1000 maxerr=3.69E-06 time=177.814
After sweep 40 energy=-79.91259354204752  maxlinkdim=1000 maxerr=7.63E-06 time=181.400
After sweep 41 energy=-79.99417745904742  maxlinkdim=1000 maxerr=7.97E-06 time=182.562
After sweep 42 energy=-80.06033167766671  maxlinkdim=1000 maxerr=1.14E-06 time=170.894
After sweep 43 energy=-80.12207289106433  maxlinkdim=1000 maxerr=1.54E-06 time=167.815
After sweep 44 energy=-80.18097772149679  maxlinkdim=1000 maxerr=1.53E-06 time=165.290
After sweep 45 energy=-80.23629714304725  maxlinkdim=1000 maxerr=3.50E-06 time=168.216
After sweep 46 energy=-80.29268469457034  maxlinkdim=1000 maxerr=1.85E-05 time=163.862
After sweep 47 energy=-80.35522469888299  maxlinkdim=1000 maxerr=8.86E-06 time=166.878
After sweep 48 energy=-80.40629806919057  maxlinkdim=1000 maxerr=2.07E-05 time=175.436
After sweep 49 energy=-80.45834380599867  maxlinkdim=1000 maxerr=4.32E-06 time=173.808
After sweep 50 energy=-80.500927034396  maxlinkdim=1000 maxerr=4.52E-06 time=178.027
After sweep 51 energy=-80.54128621719549  maxlinkdim=1000 maxerr=4.36E-06 time=179.176
After sweep 52 energy=-80.5809674681633  maxlinkdim=1000 maxerr=4.03E-06 time=177.027
After sweep 53 energy=-80.62010712206884  maxlinkdim=1000 maxerr=3.87E-06 time=176.132
After sweep 54 energy=-80.65901425366656  maxlinkdim=1000 maxerr=1.01E-05 time=174.034
After sweep 55 energy=-80.81598237480625  maxlinkdim=1000 maxerr=1.51E-05 time=174.643
After sweep 56 energy=-80.91629443079493  maxlinkdim=1000 maxerr=9.88E-06 time=184.680
After sweep 57 energy=-80.96717348536657  maxlinkdim=1000 maxerr=1.09E-05 time=188.321
After sweep 58 energy=-81.00634630114831  maxlinkdim=1000 maxerr=1.39E-05 time=183.816
After sweep 59 energy=-81.03442870750933  maxlinkdim=1000 maxerr=1.10E-05 time=185.531
After sweep 60 energy=-81.05613400696886  maxlinkdim=1000 maxerr=1.16E-05 time=178.239
After sweep 61 energy=-81.07315640368549  maxlinkdim=1000 maxerr=1.25E-05 time=184.699
After sweep 62 energy=-81.08393383999285  maxlinkdim=1000 maxerr=1.58E-05 time=187.539
After sweep 63 energy=-81.09221339738792  maxlinkdim=1000 maxerr=1.15E-05 time=187.003
After sweep 64 energy=-81.09652974834805  maxlinkdim=1000 maxerr=1.09E-05 time=180.317
After sweep 65 energy=-81.09861090166349  maxlinkdim=1000 maxerr=1.03E-05 time=177.477
After sweep 66 energy=-81.09946904806401  maxlinkdim=1000 maxerr=9.48E-06 time=181.619
After sweep 67 energy=-81.099839573103  maxlinkdim=1000 maxerr=9.12E-06 time=185.348
After sweep 68 energy=-81.10000273402908  maxlinkdim=1000 maxerr=9.10E-06 time=174.403
After sweep 69 energy=-81.10008211055845  maxlinkdim=1000 maxerr=9.10E-06 time=169.190
After sweep 70 energy=-81.10012498651447  maxlinkdim=1000 maxerr=9.07E-06 time=171.487
After sweep 71 energy=-81.10014997185267  maxlinkdim=1000 maxerr=9.02E-06 time=169.197
After sweep 72 energy=-81.1001613745697  maxlinkdim=1000 maxerr=9.04E-06 time=170.907
After sweep 73 energy=-81.10017105905737  maxlinkdim=1000 maxerr=9.06E-06 time=172.202
After sweep 74 energy=-81.10017377833861  maxlinkdim=1000 maxerr=9.04E-06 time=172.036
After sweep 75 energy=-81.10017969545082  maxlinkdim=1000 maxerr=9.05E-06 time=171.825
After sweep 76 energy=-81.10018078155342  maxlinkdim=1000 maxerr=9.05E-06 time=172.734
After sweep 77 energy=-81.10018376479563  maxlinkdim=1000 maxerr=9.06E-06 time=171.326
After sweep 78 energy=-81.10018573930579  maxlinkdim=1000 maxerr=9.07E-06 time=171.336
After sweep 79 energy=-81.10018880874932  maxlinkdim=1000 maxerr=9.07E-06 time=172.020
After sweep 80 energy=-81.10018790518399  maxlinkdim=1000 maxerr=9.07E-06 time=172.587
After sweep 81 energy=-81.10019050736635  maxlinkdim=1000 maxerr=9.07E-06 time=172.969
After sweep 82 energy=-81.10019133233754  maxlinkdim=1000 maxerr=9.08E-06 time=171.400
After sweep 83 energy=-81.10019161609205  maxlinkdim=1000 maxerr=9.08E-06 time=167.959
After sweep 84 energy=-81.10019223378958  maxlinkdim=1000 maxerr=9.08E-06 time=171.061
After sweep 85 energy=-81.10019321738429  maxlinkdim=1000 maxerr=9.08E-06 time=172.244
After sweep 86 energy=-81.10019281603817  maxlinkdim=1000 maxerr=9.08E-06 time=168.153
After sweep 87 energy=-81.10019411076803  maxlinkdim=1000 maxerr=9.08E-06 time=167.027
After sweep 88 energy=-81.10019447435323  maxlinkdim=1000 maxerr=9.08E-06 time=167.764
After sweep 89 energy=-81.10019465519015  maxlinkdim=1000 maxerr=9.07E-06 time=166.864
After sweep 90 energy=-81.1001939549539  maxlinkdim=1000 maxerr=9.07E-06 time=166.388
After sweep 91 energy=-81.10019544682353  maxlinkdim=1000 maxerr=9.06E-06 time=168.401
After sweep 92 energy=-81.10019558487387  maxlinkdim=1000 maxerr=9.07E-06 time=167.456
After sweep 93 energy=-81.10019567747122  maxlinkdim=1000 maxerr=9.07E-06 time=164.998
After sweep 94 energy=-81.100195549347  maxlinkdim=1000 maxerr=9.07E-06 time=166.419
After sweep 95 energy=-81.10019564906862  maxlinkdim=1000 maxerr=9.07E-06 time=167.743
After sweep 96 energy=-81.10019568971249  maxlinkdim=1000 maxerr=9.08E-06 time=172.055
After sweep 97 energy=-81.10019601347395  maxlinkdim=1000 maxerr=9.08E-06 time=174.896
After sweep 98 energy=-81.10019589765074  maxlinkdim=1000 maxerr=9.08E-06 time=178.354
After sweep 99 energy=-81.1001965398407  maxlinkdim=1000 maxerr=9.09E-06 time=176.215
After sweep 100 energy=-81.10019668394756  maxlinkdim=1000 maxerr=9.09E-06 time=180.073
  E(N) = -81.10019668394756

============================================================
RESULTS:
  E(110) = -84.16094324511802
  E(111) = -82.58574934578256
  E(112)     = -81.10019668394756
  E_p = -0.08964124  (attractive hole pairing)
============================================================
RESULT: E_p = -0.0896412375004445
E_p calculation completed
