Calculating pair binding energy for ladder
L=64, U=8.0, V=0.0, t0=1.3, density=0.9375
============================================================
Pair binding energy for Hubbard ladder
L = 64 rungs, 128 sites
U = 8.0, V = 0.0, t = 1.0, t0 = 1.3, density = 0.9375
N_base = 120
============================================================

[1/3] Computing E(N-2=118)
  Initial state: 118 particles (59 up, 59 dn)
After sweep 1 energy=-65.01764993947467  maxlinkdim=20 maxerr=4.37E-04 time=47.901
After sweep 2 energy=-71.92387092868965  maxlinkdim=50 maxerr=1.37E-05 time=26.760
After sweep 3 energy=-74.75967120040465  maxlinkdim=100 maxerr=7.90E-07 time=39.630
After sweep 4 energy=-75.92828151471826  maxlinkdim=200 maxerr=5.79E-08 time=59.947
After sweep 5 energy=-77.46167878123352  maxlinkdim=664 maxerr=1.00E-10 time=67.026
After sweep 6 energy=-78.58826183509515  maxlinkdim=1301 maxerr=1.00E-10 time=88.142
After sweep 7 energy=-79.42288498046827  maxlinkdim=1500 maxerr=8.21E-10 time=108.938
After sweep 8 energy=-80.04649859245559  maxlinkdim=1500 maxerr=1.38E-09 time=120.471
After sweep 9 energy=-80.4980078064604  maxlinkdim=1500 maxerr=3.35E-09 time=135.607
After sweep 10 energy=-80.80980854923942  maxlinkdim=1500 maxerr=4.57E-09 time=145.204
After sweep 11 energy=-81.04010826321986  maxlinkdim=1500 maxerr=4.67E-09 time=152.862
After sweep 12 energy=-81.2413021600932  maxlinkdim=1500 maxerr=3.76E-09 time=164.605
After sweep 13 energy=-81.4048070146195  maxlinkdim=1500 maxerr=5.07E-09 time=171.722
After sweep 14 energy=-81.5660852590057  maxlinkdim=1500 maxerr=9.46E-09 time=177.666
After sweep 15 energy=-81.70960145861676  maxlinkdim=1500 maxerr=9.27E-09 time=184.600
After sweep 16 energy=-81.86018161998888  maxlinkdim=1500 maxerr=1.76E-08 time=196.090
After sweep 17 energy=-81.99611782214464  maxlinkdim=1500 maxerr=1.96E-08 time=205.103
After sweep 18 energy=-82.10444387575335  maxlinkdim=1500 maxerr=1.79E-08 time=210.551
After sweep 19 energy=-82.19705208565028  maxlinkdim=1500 maxerr=1.87E-08 time=209.664
After sweep 20 energy=-82.27658198369096  maxlinkdim=1500 maxerr=1.96E-08 time=213.914
After sweep 21 energy=-82.34467552064584  maxlinkdim=1500 maxerr=1.89E-08 time=219.184
After sweep 22 energy=-82.40630542105687  maxlinkdim=1500 maxerr=2.19E-08 time=227.849
After sweep 23 energy=-82.46433086414493  maxlinkdim=1500 maxerr=3.96E-08 time=234.473
After sweep 24 energy=-82.51437646943765  maxlinkdim=1500 maxerr=2.27E-08 time=239.658
After sweep 25 energy=-82.55890006811912  maxlinkdim=1500 maxerr=2.47E-08 time=250.871
After sweep 26 energy=-82.60446756640206  maxlinkdim=1500 maxerr=6.36E-08 time=265.624
After sweep 27 energy=-82.64682478310846  maxlinkdim=1500 maxerr=6.33E-08 time=268.797
After sweep 28 energy=-82.68375929419564  maxlinkdim=1500 maxerr=5.60E-08 time=272.137
After sweep 29 energy=-82.71300272842807  maxlinkdim=1500 maxerr=4.24E-08 time=277.597
After sweep 30 energy=-82.74150832145413  maxlinkdim=1500 maxerr=5.88E-08 time=279.955
After sweep 31 energy=-82.7815037919185  maxlinkdim=1500 maxerr=1.19E-07 time=283.299
After sweep 32 energy=-82.81025310199333  maxlinkdim=1500 maxerr=3.76E-08 time=291.650
After sweep 33 energy=-82.82866157242788  maxlinkdim=1500 maxerr=2.20E-08 time=300.882
After sweep 34 energy=-82.84502311380888  maxlinkdim=1500 maxerr=1.74E-08 time=307.947
After sweep 35 energy=-82.8596348956563  maxlinkdim=1500 maxerr=1.66E-08 time=308.017
After sweep 36 energy=-82.87386132239203  maxlinkdim=1500 maxerr=5.03E-08 time=291.331
After sweep 37 energy=-82.88726221092755  maxlinkdim=1500 maxerr=1.68E-08 time=294.477
After sweep 38 energy=-82.89953898994574  maxlinkdim=1500 maxerr=1.71E-07 time=294.107
After sweep 39 energy=-82.91120047151807  maxlinkdim=1500 maxerr=4.36E-07 time=294.832
After sweep 40 energy=-82.92314616820707  maxlinkdim=1500 maxerr=3.68E-08 time=298.004
After sweep 41 energy=-82.93451871591064  maxlinkdim=1500 maxerr=4.06E-08 time=297.056
After sweep 42 energy=-82.94547186626109  maxlinkdim=1500 maxerr=1.14E-07 time=296.839
After sweep 43 energy=-82.95554864644818  maxlinkdim=1500 maxerr=2.26E-08 time=297.053
After sweep 44 energy=-82.96499501780602  maxlinkdim=1500 maxerr=2.11E-08 time=296.291
After sweep 45 energy=-82.973109098084  maxlinkdim=1500 maxerr=3.27E-08 time=301.745
After sweep 46 energy=-82.98072827951793  maxlinkdim=1500 maxerr=1.26E-08 time=303.672
After sweep 47 energy=-82.9891302517275  maxlinkdim=1500 maxerr=1.54E-07 time=307.369
After sweep 48 energy=-82.99757221617115  maxlinkdim=1500 maxerr=1.69E-07 time=301.855
After sweep 49 energy=-83.00672236062914  maxlinkdim=1500 maxerr=2.18E-07 time=302.985
After sweep 50 energy=-83.01598647121642  maxlinkdim=1500 maxerr=2.00E-07 time=297.086
After sweep 51 energy=-83.02307212613455  maxlinkdim=1500 maxerr=1.15E-07 time=305.021
After sweep 52 energy=-83.03058923819884  maxlinkdim=1500 maxerr=2.64E-08 time=304.532
After sweep 53 energy=-83.03767127860564  maxlinkdim=1500 maxerr=2.87E-08 time=297.252
After sweep 54 energy=-83.0444015198598  maxlinkdim=1500 maxerr=3.55E-08 time=298.889
After sweep 55 energy=-83.05169390300635  maxlinkdim=1500 maxerr=5.00E-08 time=300.934
After sweep 56 energy=-83.05800410510868  maxlinkdim=1500 maxerr=3.12E-08 time=301.991
After sweep 57 energy=-83.063674882798  maxlinkdim=1500 maxerr=1.86E-07 time=301.227
After sweep 58 energy=-83.06909295451405  maxlinkdim=1500 maxerr=3.31E-08 time=302.111
After sweep 59 energy=-83.07430991619584  maxlinkdim=1500 maxerr=9.95E-08 time=303.038
After sweep 60 energy=-83.08022724670691  maxlinkdim=1500 maxerr=1.48E-07 time=304.302
After sweep 61 energy=-83.08584524344987  maxlinkdim=1500 maxerr=1.66E-07 time=307.169
After sweep 62 energy=-83.09280674966428  maxlinkdim=1500 maxerr=1.70E-06 time=303.123
After sweep 63 energy=-83.09929870494736  maxlinkdim=1500 maxerr=3.03E-07 time=299.577
After sweep 64 energy=-83.10518649728596  maxlinkdim=1500 maxerr=7.60E-08 time=300.182
After sweep 65 energy=-83.11014348878139  maxlinkdim=1500 maxerr=4.87E-08 time=295.784
After sweep 66 energy=-83.11420201214219  maxlinkdim=1500 maxerr=3.28E-08 time=296.703
After sweep 67 energy=-83.11831730178925  maxlinkdim=1500 maxerr=1.84E-07 time=297.227
After sweep 68 energy=-83.12202712319231  maxlinkdim=1500 maxerr=6.93E-08 time=313.158
After sweep 69 energy=-83.12580358826152  maxlinkdim=1500 maxerr=2.23E-07 time=313.617
After sweep 70 energy=-83.12968474489388  maxlinkdim=1500 maxerr=8.70E-07 time=313.182
After sweep 71 energy=-83.13319305092575  maxlinkdim=1500 maxerr=1.85E-07 time=314.102
After sweep 72 energy=-83.13619528623181  maxlinkdim=1500 maxerr=1.07E-07 time=313.391
After sweep 73 energy=-83.13910427287493  maxlinkdim=1500 maxerr=4.82E-07 time=315.782
After sweep 74 energy=-83.14225322356434  maxlinkdim=1500 maxerr=1.14E-06 time=317.812
After sweep 75 energy=-83.14482749464703  maxlinkdim=1500 maxerr=8.02E-07 time=321.351
After sweep 76 energy=-83.15084429949404  maxlinkdim=1500 maxerr=1.54E-06 time=321.926
After sweep 77 energy=-83.1548378384862  maxlinkdim=1500 maxerr=7.40E-07 time=311.886
After sweep 78 energy=-83.1575597887355  maxlinkdim=1500 maxerr=4.51E-07 time=318.852
After sweep 79 energy=-83.15979946671284  maxlinkdim=1500 maxerr=3.84E-07 time=316.376
After sweep 80 energy=-83.16162036637212  maxlinkdim=1500 maxerr=4.32E-07 time=312.134
After sweep 81 energy=-83.16300466732733  maxlinkdim=1500 maxerr=3.42E-07 time=312.380
After sweep 82 energy=-83.16420591363155  maxlinkdim=1500 maxerr=9.07E-07 time=307.199
After sweep 83 energy=-83.16560442960194  maxlinkdim=1500 maxerr=1.06E-06 time=306.770
After sweep 84 energy=-83.16677099204956  maxlinkdim=1500 maxerr=5.83E-07 time=307.396
After sweep 85 energy=-83.16738528237181  maxlinkdim=1500 maxerr=5.10E-07 time=303.946
After sweep 86 energy=-83.16771888603648  maxlinkdim=1500 maxerr=4.92E-07 time=310.093
After sweep 87 energy=-83.16787104469527  maxlinkdim=1500 maxerr=3.94E-07 time=309.512
After sweep 88 energy=-83.1679351241886  maxlinkdim=1500 maxerr=3.72E-07 time=310.433
Stopping DMRG after sweep 88
  E(N-2) = -83.1679351241886

[2/3] Computing E(N-1=119)
  Initial state: 119 particles (60 up, 59 dn)
After sweep 1 energy=-66.04319909756637  maxlinkdim=20 maxerr=6.31E-04 time=9.243
After sweep 2 energy=-72.15723813831042  maxlinkdim=50 maxerr=1.37E-05 time=20.454
After sweep 3 energy=-74.56740420543234  maxlinkdim=100 maxerr=8.95E-07 time=34.710
After sweep 4 energy=-76.02054069757116  maxlinkdim=200 maxerr=5.50E-08 time=56.680
After sweep 5 energy=-77.0665628255535  maxlinkdim=781 maxerr=1.00E-10 time=66.349
After sweep 6 energy=-78.11964936727333  maxlinkdim=1500 maxerr=1.24E-10 time=89.239
After sweep 7 energy=-78.68665593892649  maxlinkdim=1500 maxerr=8.06E-10 time=107.806
After sweep 8 energy=-79.13636152752161  maxlinkdim=1500 maxerr=2.96E-09 time=121.185
After sweep 9 energy=-79.41641845244564  maxlinkdim=1500 maxerr=5.31E-09 time=133.304
After sweep 10 energy=-79.6280999565664  maxlinkdim=1500 maxerr=8.26E-09 time=144.052
After sweep 11 energy=-79.80772393100874  maxlinkdim=1500 maxerr=6.71E-09 time=152.275
After sweep 12 energy=-79.9606338173203  maxlinkdim=1500 maxerr=1.01E-08 time=159.481
After sweep 13 energy=-80.09388537111985  maxlinkdim=1500 maxerr=1.44E-08 time=166.007
After sweep 14 energy=-80.21352518811118  maxlinkdim=1500 maxerr=1.57E-08 time=175.488
After sweep 15 energy=-80.31866666057827  maxlinkdim=1500 maxerr=1.65E-08 time=180.382
After sweep 16 energy=-80.4126764934235  maxlinkdim=1500 maxerr=2.13E-08 time=185.693
After sweep 17 energy=-80.50961556211352  maxlinkdim=1500 maxerr=2.89E-08 time=195.206
After sweep 18 energy=-80.58889861629059  maxlinkdim=1500 maxerr=5.12E-08 time=195.927
After sweep 19 energy=-80.65428658996555  maxlinkdim=1500 maxerr=3.74E-08 time=203.401
After sweep 20 energy=-80.7177057872276  maxlinkdim=1500 maxerr=5.09E-08 time=208.415
After sweep 21 energy=-80.7740813997618  maxlinkdim=1500 maxerr=5.11E-08 time=219.584
After sweep 22 energy=-80.83041133578763  maxlinkdim=1500 maxerr=2.33E-07 time=229.655
After sweep 23 energy=-80.88545814562086  maxlinkdim=1500 maxerr=6.55E-07 time=234.738
After sweep 24 energy=-80.92419464063232  maxlinkdim=1500 maxerr=4.37E-07 time=237.895
After sweep 25 energy=-80.96721079521876  maxlinkdim=1500 maxerr=2.76E-07 time=243.512
After sweep 26 energy=-81.00239814237841  maxlinkdim=1500 maxerr=1.03E-07 time=249.288
After sweep 27 energy=-81.0322547607002  maxlinkdim=1500 maxerr=8.08E-08 time=260.468
After sweep 28 energy=-81.0595597900057  maxlinkdim=1500 maxerr=1.32E-07 time=263.661
After sweep 29 energy=-81.08188698885438  maxlinkdim=1500 maxerr=1.15E-07 time=264.942
After sweep 30 energy=-81.11002180583883  maxlinkdim=1500 maxerr=4.84E-07 time=270.177
After sweep 31 energy=-81.1255307691466  maxlinkdim=1500 maxerr=1.46E-07 time=272.285
After sweep 32 energy=-81.14006938985314  maxlinkdim=1500 maxerr=1.35E-07 time=278.784
After sweep 33 energy=-81.15435805364406  maxlinkdim=1500 maxerr=2.48E-07 time=279.019
After sweep 34 energy=-81.16686362762799  maxlinkdim=1500 maxerr=1.84E-07 time=280.216
After sweep 35 energy=-81.18035628455719  maxlinkdim=1500 maxerr=1.54E-07 time=290.029
After sweep 36 energy=-81.1937134234625  maxlinkdim=1500 maxerr=1.12E-06 time=299.262
After sweep 37 energy=-81.20493949624907  maxlinkdim=1500 maxerr=1.74E-07 time=297.422
After sweep 38 energy=-81.21606986831516  maxlinkdim=1500 maxerr=5.21E-07 time=300.697
After sweep 39 energy=-81.22520257691929  maxlinkdim=1500 maxerr=2.41E-07 time=305.012
After sweep 40 energy=-81.23574011979152  maxlinkdim=1500 maxerr=1.83E-06 time=308.761
After sweep 41 energy=-81.24553789290897  maxlinkdim=1500 maxerr=8.88E-07 time=305.547
After sweep 42 energy=-81.25767870382926  maxlinkdim=1500 maxerr=1.42E-06 time=306.992
After sweep 43 energy=-81.26585936534653  maxlinkdim=1500 maxerr=1.68E-06 time=307.594
After sweep 44 energy=-81.27217260839548  maxlinkdim=1500 maxerr=3.74E-07 time=312.266
After sweep 45 energy=-81.27810053650359  maxlinkdim=1500 maxerr=9.85E-07 time=311.934
After sweep 46 energy=-81.28375235995782  maxlinkdim=1500 maxerr=3.96E-07 time=304.591
After sweep 47 energy=-81.29301005927083  maxlinkdim=1500 maxerr=3.83E-06 time=301.649
After sweep 48 energy=-81.30540428339025  maxlinkdim=1500 maxerr=1.49E-06 time=307.427
After sweep 49 energy=-81.31343645234992  maxlinkdim=1500 maxerr=2.85E-07 time=302.633
After sweep 50 energy=-81.31819991799456  maxlinkdim=1500 maxerr=3.39E-07 time=302.466
After sweep 51 energy=-81.32211340517705  maxlinkdim=1500 maxerr=3.53E-07 time=298.386
After sweep 52 energy=-81.32894536079083  maxlinkdim=1500 maxerr=3.18E-06 time=302.640
After sweep 53 energy=-81.33457632394492  maxlinkdim=1500 maxerr=1.78E-06 time=303.019
After sweep 54 energy=-81.33969503229018  maxlinkdim=1500 maxerr=3.73E-06 time=311.325
After sweep 55 energy=-81.34384209114958  maxlinkdim=1500 maxerr=1.59E-06 time=316.618
After sweep 56 energy=-81.3479781895213  maxlinkdim=1500 maxerr=1.83E-06 time=304.089
After sweep 57 energy=-81.35144876043823  maxlinkdim=1500 maxerr=1.86E-06 time=306.064
After sweep 58 energy=-81.35443868408893  maxlinkdim=1500 maxerr=1.44E-06 time=309.407
After sweep 59 energy=-81.35730849325594  maxlinkdim=1500 maxerr=1.75E-06 time=310.896
After sweep 60 energy=-81.3600830362826  maxlinkdim=1500 maxerr=1.50E-06 time=312.056
After sweep 61 energy=-81.3631598464967  maxlinkdim=1500 maxerr=2.47E-06 time=312.316
After sweep 62 energy=-81.36573740353198  maxlinkdim=1500 maxerr=1.49E-06 time=309.227
After sweep 63 energy=-81.36815783291667  maxlinkdim=1500 maxerr=1.47E-06 time=305.694
After sweep 64 energy=-81.37040573721767  maxlinkdim=1500 maxerr=1.43E-06 time=301.602
After sweep 65 energy=-81.37249199401214  maxlinkdim=1500 maxerr=1.43E-06 time=300.505
After sweep 66 energy=-81.37446013222518  maxlinkdim=1500 maxerr=1.46E-06 time=306.728
After sweep 67 energy=-81.3763267161154  maxlinkdim=1500 maxerr=1.35E-06 time=304.998
After sweep 68 energy=-81.37807112575693  maxlinkdim=1500 maxerr=1.34E-06 time=307.538
After sweep 69 energy=-81.37975452767334  maxlinkdim=1500 maxerr=1.38E-06 time=304.808
After sweep 70 energy=-81.38135478529271  maxlinkdim=1500 maxerr=1.40E-06 time=302.367
After sweep 71 energy=-81.38311322599802  maxlinkdim=1500 maxerr=1.38E-06 time=305.256
After sweep 72 energy=-81.38492690756821  maxlinkdim=1500 maxerr=1.41E-06 time=309.985
After sweep 73 energy=-81.38648842273352  maxlinkdim=1500 maxerr=1.39E-06 time=317.829
After sweep 74 energy=-81.38794829258211  maxlinkdim=1500 maxerr=1.37E-06 time=313.117
After sweep 75 energy=-81.38917387641342  maxlinkdim=1500 maxerr=1.35E-06 time=307.795
After sweep 76 energy=-81.39030501090119  maxlinkdim=1500 maxerr=1.31E-06 time=309.757
After sweep 77 energy=-81.39134060974663  maxlinkdim=1500 maxerr=1.30E-06 time=312.450
After sweep 78 energy=-81.39233880024679  maxlinkdim=1500 maxerr=1.28E-06 time=307.879
After sweep 79 energy=-81.39323470483308  maxlinkdim=1500 maxerr=1.27E-06 time=307.220
After sweep 80 energy=-81.39464630923396  maxlinkdim=1500 maxerr=1.29E-06 time=303.278
After sweep 81 energy=-81.39614248678011  maxlinkdim=1500 maxerr=1.30E-06 time=301.490
After sweep 82 energy=-81.39713222120683  maxlinkdim=1500 maxerr=1.26E-06 time=300.700
After sweep 83 energy=-81.39790034610901  maxlinkdim=1500 maxerr=1.23E-06 time=302.798
After sweep 84 energy=-81.3987212848127  maxlinkdim=1500 maxerr=1.20E-06 time=309.693
After sweep 85 energy=-81.39949857800627  maxlinkdim=1500 maxerr=1.26E-06 time=311.777
After sweep 86 energy=-81.40001867988786  maxlinkdim=1500 maxerr=1.19E-06 time=310.500
After sweep 87 energy=-81.40042323873608  maxlinkdim=1500 maxerr=1.18E-06 time=308.620
After sweep 88 energy=-81.40072024664406  maxlinkdim=1500 maxerr=1.19E-06 time=308.890
After sweep 89 energy=-81.40105273298846  maxlinkdim=1500 maxerr=1.17E-06 time=308.262
After sweep 90 energy=-81.40132948827127  maxlinkdim=1500 maxerr=1.16E-06 time=310.241
After sweep 91 energy=-81.40145539462594  maxlinkdim=1500 maxerr=1.16E-06 time=311.580
After sweep 92 energy=-81.40153391873491  maxlinkdim=1500 maxerr=1.16E-06 time=313.101
Stopping DMRG after sweep 92
  E(N-1) = -81.40153391873491

[3/3] Computing E(N=120)
  Initial state: 120 particles (60 up, 60 dn)
After sweep 1 energy=-65.57763148665018  maxlinkdim=20 maxerr=4.37E-04 time=9.027
After sweep 2 energy=-72.02165419088442  maxlinkdim=50 maxerr=1.37E-05 time=19.766
After sweep 3 energy=-74.35997980948824  maxlinkdim=100 maxerr=7.91E-07 time=29.541
After sweep 4 energy=-75.29673146465757  maxlinkdim=200 maxerr=5.47E-08 time=45.951
After sweep 5 energy=-76.09486836081085  maxlinkdim=617 maxerr=1.00E-10 time=58.481
After sweep 6 energy=-76.84427283439749  maxlinkdim=1020 maxerr=1.00E-10 time=76.305
After sweep 7 energy=-77.34287867886549  maxlinkdim=1452 maxerr=1.28E-10 time=92.691
After sweep 8 energy=-77.70233433597787  maxlinkdim=1500 maxerr=3.90E-10 time=105.084
After sweep 9 energy=-77.98392468496333  maxlinkdim=1500 maxerr=9.96E-10 time=114.684
After sweep 10 energy=-78.1825831294708  maxlinkdim=1500 maxerr=1.49E-09 time=118.004
After sweep 11 energy=-78.37151953857361  maxlinkdim=1500 maxerr=2.84E-09 time=127.580
After sweep 12 energy=-78.53599569919494  maxlinkdim=1500 maxerr=5.74E-09 time=135.148
After sweep 13 energy=-78.68640931828223  maxlinkdim=1500 maxerr=1.29E-08 time=150.279
After sweep 14 energy=-78.8086841077205  maxlinkdim=1500 maxerr=1.17E-08 time=149.128
After sweep 15 energy=-78.92093612035185  maxlinkdim=1500 maxerr=1.70E-08 time=155.467
After sweep 16 energy=-79.02009957539548  maxlinkdim=1500 maxerr=1.36E-08 time=164.861
After sweep 17 energy=-79.10586006585588  maxlinkdim=1500 maxerr=2.15E-08 time=177.420
After sweep 18 energy=-79.17889870304953  maxlinkdim=1500 maxerr=1.73E-08 time=186.142
After sweep 19 energy=-79.24304582994871  maxlinkdim=1500 maxerr=2.95E-08 time=192.426
After sweep 20 energy=-79.3002036142972  maxlinkdim=1500 maxerr=4.27E-08 time=189.352
After sweep 21 energy=-79.34597673042092  maxlinkdim=1500 maxerr=2.61E-08 time=188.035
After sweep 22 energy=-79.38790518813343  maxlinkdim=1500 maxerr=3.02E-08 time=200.360
After sweep 23 energy=-79.42161796231163  maxlinkdim=1500 maxerr=2.37E-08 time=211.818
After sweep 24 energy=-79.4548108768195  maxlinkdim=1500 maxerr=3.56E-08 time=223.710
After sweep 25 energy=-79.48488839440967  maxlinkdim=1500 maxerr=3.53E-08 time=234.867
After sweep 26 energy=-79.51522421060521  maxlinkdim=1500 maxerr=4.38E-08 time=248.948
After sweep 27 energy=-79.53837169284574  maxlinkdim=1500 maxerr=3.32E-08 time=252.571
After sweep 28 energy=-79.55670743730256  maxlinkdim=1500 maxerr=2.67E-08 time=260.048
After sweep 29 energy=-79.57152405444826  maxlinkdim=1500 maxerr=2.13E-08 time=263.429
After sweep 30 energy=-79.58562359535904  maxlinkdim=1500 maxerr=2.16E-08 time=271.803
After sweep 31 energy=-79.5993064359315  maxlinkdim=1500 maxerr=2.94E-08 time=275.272
After sweep 32 energy=-79.61783282748131  maxlinkdim=1500 maxerr=1.58E-06 time=282.625
After sweep 33 energy=-79.62833237659608  maxlinkdim=1500 maxerr=4.93E-08 time=287.810
After sweep 34 energy=-79.63805585780686  maxlinkdim=1500 maxerr=5.94E-08 time=280.332
After sweep 35 energy=-79.64685540403487  maxlinkdim=1500 maxerr=3.63E-08 time=282.276
After sweep 36 energy=-79.65482288280282  maxlinkdim=1500 maxerr=2.20E-08 time=280.695
After sweep 37 energy=-79.66228236632948  maxlinkdim=1500 maxerr=2.58E-08 time=286.392
After sweep 38 energy=-79.66981184355166  maxlinkdim=1500 maxerr=2.87E-08 time=290.763
After sweep 39 energy=-79.6767000369068  maxlinkdim=1500 maxerr=2.52E-08 time=292.487
After sweep 40 energy=-79.68392642913192  maxlinkdim=1500 maxerr=7.12E-08 time=288.049
After sweep 41 energy=-79.68986513672566  maxlinkdim=1500 maxerr=2.15E-08 time=292.488
After sweep 42 energy=-79.69552190656876  maxlinkdim=1500 maxerr=3.28E-08 time=291.715
After sweep 43 energy=-79.70121308604097  maxlinkdim=1500 maxerr=3.83E-08 time=293.854
After sweep 44 energy=-79.70682040221884  maxlinkdim=1500 maxerr=3.14E-08 time=299.648
After sweep 45 energy=-79.7120990326832  maxlinkdim=1500 maxerr=2.43E-08 time=307.509
After sweep 46 energy=-79.71813494805315  maxlinkdim=1500 maxerr=1.52E-07 time=306.244
After sweep 47 energy=-79.72645708393941  maxlinkdim=1500 maxerr=1.10E-07 time=306.973
After sweep 48 energy=-79.73341930636943  maxlinkdim=1500 maxerr=8.34E-08 time=301.417
After sweep 49 energy=-79.73932384922375  maxlinkdim=1500 maxerr=8.68E-07 time=299.116
After sweep 50 energy=-79.74445937411006  maxlinkdim=1500 maxerr=3.97E-07 time=304.212
After sweep 51 energy=-79.75168040997929  maxlinkdim=1500 maxerr=1.57E-06 time=300.104
After sweep 52 energy=-79.75637081700492  maxlinkdim=1500 maxerr=9.12E-07 time=298.264
After sweep 53 energy=-79.76090425271819  maxlinkdim=1500 maxerr=9.42E-07 time=300.350
After sweep 54 energy=-79.76487068383139  maxlinkdim=1500 maxerr=1.17E-06 time=297.510
After sweep 55 energy=-79.76877286047672  maxlinkdim=1500 maxerr=1.05E-06 time=300.452
After sweep 56 energy=-79.77292584250522  maxlinkdim=1500 maxerr=4.06E-07 time=301.225
After sweep 57 energy=-79.77766103580421  maxlinkdim=1500 maxerr=4.63E-07 time=298.775
After sweep 58 energy=-79.78188172778455  maxlinkdim=1500 maxerr=6.88E-07 time=298.935
After sweep 59 energy=-79.78505869580486  maxlinkdim=1500 maxerr=8.54E-07 time=297.536
After sweep 60 energy=-79.78782910921996  maxlinkdim=1500 maxerr=7.14E-07 time=297.590
After sweep 61 energy=-79.79084534352022  maxlinkdim=1500 maxerr=8.46E-07 time=300.554
After sweep 62 energy=-79.79369481222541  maxlinkdim=1500 maxerr=4.76E-07 time=300.503
After sweep 63 energy=-79.79704416503233  maxlinkdim=1500 maxerr=9.59E-07 time=295.426
After sweep 64 energy=-79.80154131516336  maxlinkdim=1500 maxerr=3.56E-07 time=296.454
After sweep 65 energy=-79.80400511900662  maxlinkdim=1500 maxerr=2.41E-07 time=308.562
After sweep 66 energy=-79.80614296357317  maxlinkdim=1500 maxerr=2.40E-07 time=310.350
After sweep 67 energy=-79.80837964340283  maxlinkdim=1500 maxerr=2.46E-07 time=315.455
After sweep 68 energy=-79.81026983573204  maxlinkdim=1500 maxerr=7.02E-07 time=318.107
After sweep 69 energy=-79.81194381902239  maxlinkdim=1500 maxerr=3.98E-07 time=300.691
After sweep 70 energy=-79.81359950019447  maxlinkdim=1500 maxerr=1.02E-06 time=302.728
After sweep 71 energy=-79.81527457900826  maxlinkdim=1500 maxerr=3.35E-07 time=304.268
After sweep 72 energy=-79.81673442258784  maxlinkdim=1500 maxerr=6.29E-07 time=305.569
After sweep 73 energy=-79.81773368573165  maxlinkdim=1500 maxerr=2.67E-07 time=306.879
After sweep 74 energy=-79.81856748333288  maxlinkdim=1500 maxerr=2.42E-07 time=304.476
After sweep 75 energy=-79.81947568211763  maxlinkdim=1500 maxerr=5.21E-07 time=302.708
After sweep 76 energy=-79.82026023193342  maxlinkdim=1500 maxerr=2.90E-07 time=305.803
After sweep 77 energy=-79.82106201957546  maxlinkdim=1500 maxerr=3.82E-07 time=309.682
After sweep 78 energy=-79.82173497389114  maxlinkdim=1500 maxerr=3.73E-07 time=308.885
After sweep 79 energy=-79.822181850855  maxlinkdim=1500 maxerr=4.50E-07 time=309.364
After sweep 80 energy=-79.82248725247283  maxlinkdim=1500 maxerr=3.39E-07 time=306.528
After sweep 81 energy=-79.82267703728355  maxlinkdim=1500 maxerr=3.55E-07 time=308.681
After sweep 82 energy=-79.82278105059244  maxlinkdim=1500 maxerr=2.79E-07 time=306.769
After sweep 83 energy=-79.82283944297322  maxlinkdim=1500 maxerr=2.64E-07 time=304.588
Stopping DMRG after sweep 83
  E(N) = -79.82283944297322

============================================================
RESULTS:
  E(118) = -83.1679351241886
  E(119) = -81.40153391873491
  E(120)     = -79.82283944297322
  E_p = -0.18770673  (attractive hole pairing)
============================================================
RESULT: E_p = -0.1877067296919961
E_p calculation completed
