outfile_name: results_L_64_U_8.0_t0_1.0_t_p_0.05_chi_1000_gpu.h5
[ Info:  started timer at: 2026-03-03T00:59:14.339
Resuming from checkpoint results_L_64_U_8.0_t0_1.0_t_p_0.05_chi_1000_gpu.h5
Resuming with mu_init=1.6779079313017822, psi_resume=loaded
Running with t0=1.0 t_p=0.05 U=8.0 L=64 chi_max=1000 E_p=0.134 mu_init=1.6779079313017822
After sweep 1 energy=-267.62927  maxlinkdim=1000 maxerr=2.53E-06 time=158.374
After sweep 2 energy=-267.647  maxlinkdim=1000 maxerr=2.05E-06 time=126.585
After sweep 3 energy=-267.6606  maxlinkdim=1000 maxerr=1.68E-06 time=125.668
After sweep 4 energy=-267.65958  maxlinkdim=1000 maxerr=1.58E-06 time=126.226
After sweep 5 energy=-267.66043  maxlinkdim=1000 maxerr=1.56E-06 time=90.962
After sweep 6 energy=-267.65958  maxlinkdim=1000 maxerr=1.55E-06 time=91.363
After sweep 7 energy=-267.66092  maxlinkdim=1000 maxerr=1.58E-06 time=90.698
After sweep 8 energy=-267.66043  maxlinkdim=1000 maxerr=1.55E-06 time=91.346
After sweep 9 energy=-267.66162  maxlinkdim=1000 maxerr=1.58E-06 time=90.665
After sweep 10 energy=-267.65997  maxlinkdim=1000 maxerr=1.55E-06 time=91.335
After sweep 11 energy=-267.6611  maxlinkdim=1000 maxerr=1.56E-06 time=90.676
After sweep 12 energy=-267.66098  maxlinkdim=1000 maxerr=1.57E-06 time=91.343
Energy converged after sweep 12, stopping DMRG early
Same mu: 1.6779079313017822 and continuing
Target density achieved with mu=1.6779079313017822, n=0.93749726
Checking {alpha,beta} vs measured
Converged {alpha,beta}. mu=1.6779079313017822, n=0.93749726
Exiting loop
After sweep 1 energy=-251.93746247362702  maxlinkdim=10 maxerr=7.76E-03 time=29.176
After sweep 2 energy=-260.00749589079555  maxlinkdim=20 maxerr=2.24E-03 time=2.410
After sweep 3 energy=-264.1022012871398  maxlinkdim=100 maxerr=5.93E-05 time=3.337
After sweep 4 energy=-264.7168755639851  maxlinkdim=949 maxerr=1.00E-10 time=22.409
After sweep 5 energy=-264.9527900471231  maxlinkdim=1000 maxerr=3.44E-10 time=49.295
After sweep 6 energy=-265.1299084089529  maxlinkdim=1000 maxerr=8.64E-10 time=63.415
After sweep 7 energy=-265.29353744941903  maxlinkdim=1000 maxerr=8.97E-09 time=72.456
After sweep 8 energy=-265.4995495797152  maxlinkdim=1000 maxerr=2.08E-06 time=82.131
After sweep 9 energy=-265.69172746738394  maxlinkdim=1000 maxerr=3.13E-07 time=92.413
After sweep 10 energy=-265.8462417679234  maxlinkdim=1000 maxerr=3.99E-07 time=95.687
After sweep 11 energy=-265.97443757383735  maxlinkdim=1000 maxerr=1.11E-07 time=98.279
After sweep 12 energy=-266.0857716819712  maxlinkdim=1000 maxerr=3.60E-08 time=99.390
After sweep 13 energy=-266.1966956733411  maxlinkdim=1000 maxerr=7.98E-08 time=101.240
After sweep 14 energy=-266.31172941954276  maxlinkdim=1000 maxerr=2.09E-07 time=102.873
After sweep 15 energy=-266.4118257510812  maxlinkdim=1000 maxerr=3.65E-07 time=103.648
After sweep 16 energy=-266.50488818124046  maxlinkdim=1000 maxerr=1.91E-07 time=104.094
After sweep 17 energy=-266.58525840319527  maxlinkdim=1000 maxerr=2.67E-07 time=105.393
After sweep 18 energy=-266.6539976040767  maxlinkdim=1000 maxerr=2.40E-07 time=106.018
After sweep 19 energy=-266.71822479042476  maxlinkdim=1000 maxerr=1.17E-05 time=107.493
After sweep 20 energy=-266.77852335573914  maxlinkdim=1000 maxerr=7.86E-06 time=108.122
After sweep 21 energy=-266.8285048772387  maxlinkdim=1000 maxerr=2.57E-06 time=108.920
After sweep 22 energy=-266.8913503822907  maxlinkdim=1000 maxerr=1.10E-05 time=110.928
After sweep 23 energy=-266.9993631283079  maxlinkdim=1000 maxerr=3.53E-05 time=116.992
After sweep 24 energy=-267.06152373063975  maxlinkdim=1000 maxerr=7.13E-06 time=118.062
After sweep 25 energy=-267.10755640620107  maxlinkdim=1000 maxerr=4.19E-06 time=118.063
After sweep 26 energy=-267.1383077572388  maxlinkdim=1000 maxerr=5.09E-06 time=118.773
After sweep 27 energy=-267.1589176694831  maxlinkdim=1000 maxerr=8.89E-06 time=118.841
After sweep 28 energy=-267.1780649466364  maxlinkdim=1000 maxerr=1.23E-05 time=118.665
After sweep 29 energy=-267.19561826495885  maxlinkdim=1000 maxerr=5.52E-06 time=118.753
After sweep 30 energy=-267.22983813236937  maxlinkdim=1000 maxerr=1.36E-05 time=118.547
Calculation finished. Saving results to results_L_64_U_8.0_t0_1.0_t_p_0.05_chi_1000_gpu.h5
Run completed successfully!
