outfile_name: results_U_-4.0_t_p_0.15_gpu.h5
[ Info:  started timer at: 2025-11-16T13:25:32.617
Starting fresh run
Running with t_p=0.15 U=-4.0 L=100 chi_max=300 E_p=1.476 mu_init=-2.65
After sweep 1 energy=-10.94014  maxlinkdim=16 maxerr=1.74E-07 time=18.149
After sweep 2 energy=-12.253733  maxlinkdim=130 maxerr=9.94E-08 time=1.187
After sweep 3 energy=-12.388444  maxlinkdim=165 maxerr=2.04E-08 time=1.579
After sweep 4 energy=-12.438064  maxlinkdim=157 maxerr=4.99E-10 time=1.403
After sweep 5 energy=-12.458329  maxlinkdim=132 maxerr=9.80E-10 time=1.301
After sweep 6 energy=-12.466589  maxlinkdim=126 maxerr=2.58E-08 time=1.261
After sweep 7 energy=-12.470287  maxlinkdim=125 maxerr=2.12E-07 time=1.192
After sweep 8 energy=-12.471216  maxlinkdim=97 maxerr=2.86E-10 time=1.190
After sweep 9 energy=-12.471373  maxlinkdim=94 maxerr=2.01E-07 time=1.169
After sweep 10 energy=-12.4713  maxlinkdim=91 maxerr=1.42E-08 time=1.205
After sweep 11 energy=-12.471231  maxlinkdim=89 maxerr=3.15E-08 time=1.165
After sweep 12 energy=-12.471237  maxlinkdim=89 maxerr=9.97E-11 time=1.158
After sweep 13 energy=-12.471277  maxlinkdim=89 maxerr=1.32E-07 time=1.207
After sweep 14 energy=-12.471254  maxlinkdim=89 maxerr=1.98E-07 time=1.181
After sweep 15 energy=-12.47129  maxlinkdim=90 maxerr=7.20E-08 time=1.179
After sweep 16 energy=-12.471204  maxlinkdim=89 maxerr=1.00E-10 time=1.163
After sweep 17 energy=-12.471287  maxlinkdim=89 maxerr=1.73E-07 time=1.157
After sweep 18 energy=-12.471263  maxlinkdim=88 maxerr=3.61E-07 time=1.187
After sweep 19 energy=-12.471287  maxlinkdim=89 maxerr=1.50E-08 time=1.100
After sweep 20 energy=-12.471315  maxlinkdim=89 maxerr=2.74E-07 time=1.103
After sweep 21 energy=-12.471282  maxlinkdim=92 maxerr=1.31E-07 time=1.100
After sweep 22 energy=-12.47126  maxlinkdim=89 maxerr=2.46E-10 time=1.101
After sweep 23 energy=-12.471331  maxlinkdim=90 maxerr=3.20E-07 time=1.142
After sweep 24 energy=-12.471298  maxlinkdim=89 maxerr=1.09E-07 time=1.120
After sweep 25 energy=-12.471283  maxlinkdim=89 maxerr=9.19E-10 time=1.102
After sweep 26 energy=-12.471276  maxlinkdim=94 maxerr=1.45E-07 time=1.101
After sweep 27 energy=-12.471289  maxlinkdim=90 maxerr=1.36E-07 time=1.103
After sweep 28 energy=-12.471233  maxlinkdim=90 maxerr=2.34E-08 time=1.100
After sweep 29 energy=-12.4712925  maxlinkdim=92 maxerr=2.36E-08 time=1.145
After sweep 30 energy=-12.471302  maxlinkdim=89 maxerr=1.06E-07 time=1.103
Not same mu, searching again
After sweep 1 energy=-11.366405  maxlinkdim=16 maxerr=2.06E-07 time=0.554
After sweep 2 energy=-12.73448  maxlinkdim=128 maxerr=1.59E-08 time=1.090
After sweep 3 energy=-12.880732  maxlinkdim=145 maxerr=2.48E-09 time=1.405
After sweep 4 energy=-12.935192  maxlinkdim=137 maxerr=2.38E-07 time=1.407
After sweep 5 energy=-12.957126  maxlinkdim=126 maxerr=2.55E-10 time=1.267
After sweep 6 energy=-12.965906  maxlinkdim=127 maxerr=5.92E-10 time=1.197
After sweep 7 energy=-12.969515  maxlinkdim=116 maxerr=4.00E-10 time=1.151
After sweep 8 energy=-12.970791  maxlinkdim=111 maxerr=2.40E-07 time=1.145
After sweep 9 energy=-12.970936  maxlinkdim=99 maxerr=1.98E-07 time=1.138
After sweep 10 energy=-12.970896  maxlinkdim=95 maxerr=1.27E-07 time=1.124
After sweep 11 energy=-12.97098  maxlinkdim=90 maxerr=3.55E-07 time=1.120
After sweep 12 energy=-12.970988  maxlinkdim=90 maxerr=3.15E-07 time=1.118
After sweep 13 energy=-12.970962  maxlinkdim=90 maxerr=2.19E-07 time=1.110
After sweep 14 energy=-12.970921  maxlinkdim=94 maxerr=4.19E-07 time=1.113
After sweep 15 energy=-12.970978  maxlinkdim=91 maxerr=6.30E-10 time=1.160
After sweep 16 energy=-12.970976  maxlinkdim=90 maxerr=2.71E-08 time=1.120
After sweep 17 energy=-12.970961  maxlinkdim=94 maxerr=4.57E-10 time=1.124
After sweep 18 energy=-12.970937  maxlinkdim=91 maxerr=1.97E-07 time=1.123
After sweep 19 energy=-12.970962  maxlinkdim=92 maxerr=1.43E-07 time=1.124
After sweep 20 energy=-12.970996  maxlinkdim=90 maxerr=6.02E-09 time=1.126
After sweep 21 energy=-12.970979  maxlinkdim=91 maxerr=3.89E-10 time=1.128
After sweep 22 energy=-12.97094  maxlinkdim=90 maxerr=1.02E-09 time=1.122
After sweep 23 energy=-12.970939  maxlinkdim=94 maxerr=3.32E-07 time=1.130
After sweep 24 energy=-12.970928  maxlinkdim=94 maxerr=1.55E-07 time=1.128
After sweep 25 energy=-12.970898  maxlinkdim=91 maxerr=1.15E-07 time=1.125
After sweep 26 energy=-12.97101  maxlinkdim=91 maxerr=3.72E-10 time=1.123
After sweep 27 energy=-12.97094  maxlinkdim=92 maxerr=1.12E-08 time=1.123
After sweep 28 energy=-12.970986  maxlinkdim=90 maxerr=1.30E-09 time=1.179
After sweep 29 energy=-12.97097  maxlinkdim=92 maxerr=9.60E-08 time=1.127
After sweep 30 energy=-12.9709015  maxlinkdim=91 maxerr=4.66E-10 time=1.124
n0: 0.49418896; n1: 0.5051201; mu0: -2.65; mu1: -2.64

Range found between mu0: -2.65 (n0: 0.49418896) and mu1: -2.64 (n1: 0.5051201); refining...
n0: 0.49418896; n1: 0.5051201; mu0: -2.65; mu1: -2.64
Trying secant step...
After sweep 1 energy=-11.165055  maxlinkdim=16 maxerr=2.20E-07 time=0.579
After sweep 2 energy=-12.505738  maxlinkdim=128 maxerr=2.59E-07 time=1.127
After sweep 3 energy=-12.646662  maxlinkdim=149 maxerr=1.66E-08 time=1.427
After sweep 4 energy=-12.699581  maxlinkdim=138 maxerr=5.10E-08 time=1.372
After sweep 5 energy=-12.721664  maxlinkdim=128 maxerr=1.20E-09 time=1.295
After sweep 6 energy=-12.730681  maxlinkdim=110 maxerr=1.69E-07 time=1.214
After sweep 7 energy=-12.734304  maxlinkdim=122 maxerr=1.93E-10 time=1.164
After sweep 8 energy=-12.73544  maxlinkdim=108 maxerr=9.52E-10 time=1.165
After sweep 9 energy=-12.735568  maxlinkdim=93 maxerr=7.80E-10 time=1.149
After sweep 10 energy=-12.735512  maxlinkdim=91 maxerr=2.02E-07 time=1.131
After sweep 11 energy=-12.735517  maxlinkdim=93 maxerr=1.97E-07 time=1.128
After sweep 12 energy=-12.735532  maxlinkdim=92 maxerr=1.23E-09 time=1.139
After sweep 13 energy=-12.735507  maxlinkdim=90 maxerr=3.29E-08 time=1.137
After sweep 14 energy=-12.735507  maxlinkdim=90 maxerr=3.66E-10 time=1.145
After sweep 15 energy=-12.735521  maxlinkdim=91 maxerr=1.79E-07 time=1.141
After sweep 16 energy=-12.735535  maxlinkdim=91 maxerr=3.42E-08 time=1.141
After sweep 17 energy=-12.735571  maxlinkdim=93 maxerr=1.05E-07 time=1.139
After sweep 18 energy=-12.735499  maxlinkdim=91 maxerr=9.01E-10 time=1.144
After sweep 19 energy=-12.7355385  maxlinkdim=89 maxerr=6.60E-10 time=1.140
After sweep 20 energy=-12.735544  maxlinkdim=95 maxerr=1.58E-07 time=1.151
After sweep 21 energy=-12.735541  maxlinkdim=90 maxerr=1.27E-07 time=1.144
After sweep 22 energy=-12.735541  maxlinkdim=91 maxerr=3.25E-08 time=1.140
After sweep 23 energy=-12.735603  maxlinkdim=89 maxerr=1.81E-07 time=1.189
After sweep 24 energy=-12.73564  maxlinkdim=90 maxerr=2.41E-07 time=1.137
After sweep 25 energy=-12.7355385  maxlinkdim=90 maxerr=1.54E-07 time=1.141
After sweep 26 energy=-12.7355385  maxlinkdim=90 maxerr=2.30E-10 time=1.157
After sweep 27 energy=-12.735579  maxlinkdim=89 maxerr=3.25E-07 time=1.137
After sweep 28 energy=-12.735562  maxlinkdim=90 maxerr=5.40E-10 time=1.142
After sweep 29 energy=-12.735596  maxlinkdim=94 maxerr=2.76E-10 time=1.135
After sweep 30 energy=-12.735529  maxlinkdim=89 maxerr=1.04E-09 time=1.138
n0: 0.5000229; n1: 0.5051201; mu0: -2.6446839591262528; mu1: -2.64
Trying secant step...
After sweep 1 energy=-11.157707  maxlinkdim=16 maxerr=3.41E-07 time=0.552
After sweep 2 energy=-12.502421  maxlinkdim=129 maxerr=1.11E-08 time=1.102
After sweep 3 energy=-12.645085  maxlinkdim=153 maxerr=1.39E-07 time=1.449
After sweep 4 energy=-12.698074  maxlinkdim=142 maxerr=1.08E-09 time=1.408
After sweep 5 energy=-12.720306  maxlinkdim=129 maxerr=5.20E-10 time=1.296
After sweep 6 energy=-12.729314  maxlinkdim=124 maxerr=4.58E-10 time=1.229
After sweep 7 energy=-12.73296  maxlinkdim=106 maxerr=6.08E-09 time=1.174
After sweep 8 energy=-12.734289  maxlinkdim=105 maxerr=1.85E-07 time=1.149
After sweep 9 energy=-12.734556  maxlinkdim=100 maxerr=9.07E-08 time=1.148
After sweep 10 energy=-12.734484  maxlinkdim=99 maxerr=5.30E-10 time=1.140
After sweep 11 energy=-12.734488  maxlinkdim=89 maxerr=1.33E-09 time=1.135
After sweep 12 energy=-12.734425  maxlinkdim=88 maxerr=1.11E-07 time=1.130
After sweep 13 energy=-12.734522  maxlinkdim=94 maxerr=2.38E-10 time=1.131
After sweep 14 energy=-12.734486  maxlinkdim=88 maxerr=4.28E-08 time=1.124
After sweep 15 energy=-12.734482  maxlinkdim=95 maxerr=5.75E-10 time=1.126
After sweep 16 energy=-12.7344885  maxlinkdim=90 maxerr=1.89E-09 time=1.126
After sweep 17 energy=-12.73442  maxlinkdim=92 maxerr=3.98E-08 time=1.127
After sweep 18 energy=-12.734523  maxlinkdim=92 maxerr=4.87E-10 time=1.124
After sweep 19 energy=-12.734495  maxlinkdim=91 maxerr=1.31E-08 time=1.127
After sweep 20 energy=-12.734486  maxlinkdim=90 maxerr=9.99E-11 time=1.123
After sweep 21 energy=-12.734558  maxlinkdim=91 maxerr=1.63E-07 time=1.125
After sweep 22 energy=-12.734459  maxlinkdim=90 maxerr=2.76E-08 time=1.178
After sweep 23 energy=-12.734507  maxlinkdim=89 maxerr=1.31E-07 time=1.124
After sweep 24 energy=-12.734495  maxlinkdim=91 maxerr=1.01E-07 time=1.078
After sweep 25 energy=-12.734457  maxlinkdim=90 maxerr=5.49E-08 time=1.132
After sweep 26 energy=-12.734533  maxlinkdim=90 maxerr=6.40E-08 time=1.131
After sweep 27 energy=-12.73452  maxlinkdim=92 maxerr=2.01E-07 time=1.128
After sweep 28 energy=-12.734494  maxlinkdim=90 maxerr=8.60E-08 time=1.126
After sweep 29 energy=-12.734561  maxlinkdim=90 maxerr=2.68E-07 time=1.132
After sweep 30 energy=-12.734517  maxlinkdim=91 maxerr=5.76E-08 time=1.125
FOUND MU (secant); mu: -2.6447049916730503  n: 0.49999973
Target density achieved with mu=-2.6447049916730503, n=0.49999973
Checking {alpha,beta} vs measured
Alpha not converged.
NOT CONVERGED; updating alpha, beta and continuing...
After sweep 1 energy=-4.954943  maxlinkdim=16 maxerr=1.62E-07 time=0.547
After sweep 2 energy=-6.3555665  maxlinkdim=145 maxerr=8.00E-08 time=1.167
After sweep 3 energy=-6.603581  maxlinkdim=178 maxerr=1.08E-07 time=1.992
After sweep 4 energy=-6.732051  maxlinkdim=164 maxerr=8.03E-09 time=1.832
After sweep 5 energy=-6.8046136  maxlinkdim=169 maxerr=2.86E-08 time=1.782
After sweep 6 energy=-6.8426104  maxlinkdim=145 maxerr=2.20E-09 time=1.638
After sweep 7 energy=-6.863557  maxlinkdim=164 maxerr=1.39E-09 time=1.597
After sweep 8 energy=-6.8752174  maxlinkdim=136 maxerr=1.34E-07 time=1.500
After sweep 9 energy=-6.8814917  maxlinkdim=116 maxerr=2.52E-07 time=1.480
After sweep 10 energy=-6.8845115  maxlinkdim=128 maxerr=2.00E-07 time=1.469
After sweep 11 energy=-6.885865  maxlinkdim=128 maxerr=1.11E-09 time=1.480
After sweep 12 energy=-6.886279  maxlinkdim=122 maxerr=1.28E-07 time=1.540
After sweep 13 energy=-6.886299  maxlinkdim=115 maxerr=4.75E-10 time=1.525
After sweep 14 energy=-6.886331  maxlinkdim=111 maxerr=1.24E-07 time=1.528
After sweep 15 energy=-6.8863  maxlinkdim=112 maxerr=3.43E-07 time=1.510
After sweep 16 energy=-6.886304  maxlinkdim=111 maxerr=8.08E-10 time=1.502
After sweep 17 energy=-6.886343  maxlinkdim=110 maxerr=2.21E-07 time=1.533
After sweep 18 energy=-6.886319  maxlinkdim=109 maxerr=1.22E-07 time=1.504
After sweep 19 energy=-6.886347  maxlinkdim=110 maxerr=1.45E-07 time=1.497
After sweep 20 energy=-6.886349  maxlinkdim=111 maxerr=4.61E-08 time=1.495
After sweep 21 energy=-6.8862963  maxlinkdim=110 maxerr=2.04E-10 time=1.492
After sweep 22 energy=-6.886324  maxlinkdim=110 maxerr=9.23E-10 time=1.502
After sweep 23 energy=-6.886302  maxlinkdim=110 maxerr=2.06E-07 time=1.500
After sweep 24 energy=-6.8862877  maxlinkdim=110 maxerr=4.32E-10 time=1.535
After sweep 25 energy=-6.886307  maxlinkdim=110 maxerr=1.90E-08 time=1.488
After sweep 26 energy=-6.886309  maxlinkdim=110 maxerr=6.56E-10 time=1.494
After sweep 27 energy=-6.886346  maxlinkdim=114 maxerr=2.92E-08 time=1.487
After sweep 28 energy=-6.8863416  maxlinkdim=111 maxerr=3.06E-07 time=1.495
After sweep 29 energy=-6.8863335  maxlinkdim=113 maxerr=6.64E-09 time=1.498
After sweep 30 energy=-6.8863306  maxlinkdim=111 maxerr=6.64E-08 time=1.539
Not same mu, searching again
After sweep 1 energy=-5.410997  maxlinkdim=16 maxerr=1.47E-07 time=0.582
After sweep 2 energy=-6.8099403  maxlinkdim=146 maxerr=1.97E-08 time=1.134
After sweep 3 energy=-7.069685  maxlinkdim=199 maxerr=5.03E-09 time=2.139
After sweep 4 energy=-7.200134  maxlinkdim=184 maxerr=7.08E-08 time=2.010
After sweep 5 energy=-7.2745843  maxlinkdim=190 maxerr=2.97E-07 time=1.870
After sweep 6 energy=-7.3149295  maxlinkdim=153 maxerr=3.12E-07 time=1.757
After sweep 7 energy=-7.337565  maxlinkdim=156 maxerr=2.29E-07 time=1.654
After sweep 8 energy=-7.349778  maxlinkdim=142 maxerr=2.07E-07 time=1.547
After sweep 9 energy=-7.356229  maxlinkdim=130 maxerr=1.04E-09 time=1.505
After sweep 10 energy=-7.359749  maxlinkdim=131 maxerr=1.34E-07 time=1.543
After sweep 11 energy=-7.361298  maxlinkdim=123 maxerr=8.58E-10 time=1.497
After sweep 12 energy=-7.361666  maxlinkdim=126 maxerr=3.57E-07 time=1.506
After sweep 13 energy=-7.3617086  maxlinkdim=120 maxerr=1.10E-07 time=1.513
After sweep 14 energy=-7.361706  maxlinkdim=116 maxerr=9.43E-08 time=1.566
After sweep 15 energy=-7.361708  maxlinkdim=114 maxerr=7.40E-10 time=1.554
After sweep 16 energy=-7.3617177  maxlinkdim=112 maxerr=1.32E-07 time=1.539
After sweep 17 energy=-7.361679  maxlinkdim=111 maxerr=3.11E-08 time=1.548
After sweep 18 energy=-7.361746  maxlinkdim=113 maxerr=1.90E-07 time=1.555
After sweep 19 energy=-7.3617134  maxlinkdim=110 maxerr=8.96E-10 time=1.576
After sweep 20 energy=-7.361711  maxlinkdim=111 maxerr=3.69E-08 time=1.537
After sweep 21 energy=-7.3617134  maxlinkdim=112 maxerr=6.32E-08 time=1.547
After sweep 22 energy=-7.361703  maxlinkdim=111 maxerr=9.74E-08 time=1.542
After sweep 23 energy=-7.3617444  maxlinkdim=113 maxerr=5.23E-08 time=1.564
After sweep 24 energy=-7.3617215  maxlinkdim=111 maxerr=2.36E-08 time=1.517
After sweep 25 energy=-7.3617253  maxlinkdim=113 maxerr=1.28E-07 time=1.530
After sweep 26 energy=-7.361722  maxlinkdim=112 maxerr=8.18E-10 time=1.537
After sweep 27 energy=-7.3617105  maxlinkdim=112 maxerr=2.02E-07 time=1.539
After sweep 28 energy=-7.3617153  maxlinkdim=114 maxerr=1.49E-07 time=1.590
After sweep 29 energy=-7.3616586  maxlinkdim=113 maxerr=2.74E-07 time=1.534
After sweep 30 energy=-7.3616824  maxlinkdim=113 maxerr=2.16E-07 time=1.529
n0: 0.4686163; n1: 0.48210087; mu0: -2.6447049916730503; mu1: -2.6347049916730505
n_target > n1 and n_target > n0 triggered
After sweep 1 energy=-5.8572726  maxlinkdim=16 maxerr=1.48E-07 time=0.560
After sweep 2 energy=-7.2634087  maxlinkdim=150 maxerr=3.29E-08 time=1.219
After sweep 3 energy=-7.5314255  maxlinkdim=183 maxerr=3.62E-08 time=1.929
After sweep 4 energy=-7.672737  maxlinkdim=169 maxerr=1.80E-07 time=1.986
After sweep 5 energy=-7.7535167  maxlinkdim=179 maxerr=9.31E-10 time=1.918
After sweep 6 energy=-7.7982216  maxlinkdim=158 maxerr=1.87E-09 time=1.813
After sweep 7 energy=-7.8224373  maxlinkdim=135 maxerr=3.00E-07 time=1.665
After sweep 8 energy=-7.8360653  maxlinkdim=136 maxerr=9.70E-08 time=1.556
After sweep 9 energy=-7.8433876  maxlinkdim=140 maxerr=1.16E-09 time=1.523
After sweep 10 energy=-7.8474474  maxlinkdim=121 maxerr=1.15E-09 time=1.566
After sweep 11 energy=-7.849701  maxlinkdim=130 maxerr=8.61E-08 time=1.529
After sweep 12 energy=-7.8503423  maxlinkdim=132 maxerr=2.93E-08 time=1.535
After sweep 13 energy=-7.8503957  maxlinkdim=117 maxerr=1.25E-09 time=1.579
After sweep 14 energy=-7.8503847  maxlinkdim=119 maxerr=1.76E-08 time=1.540
After sweep 15 energy=-7.8503776  maxlinkdim=115 maxerr=6.17E-10 time=1.530
After sweep 16 energy=-7.850403  maxlinkdim=116 maxerr=2.98E-07 time=1.557
After sweep 17 energy=-7.850364  maxlinkdim=115 maxerr=1.31E-08 time=1.588
After sweep 18 energy=-7.850386  maxlinkdim=115 maxerr=1.22E-09 time=1.528
After sweep 19 energy=-7.850401  maxlinkdim=113 maxerr=2.30E-09 time=1.520
After sweep 20 energy=-7.8503895  maxlinkdim=116 maxerr=5.56E-08 time=1.557
After sweep 21 energy=-7.8503637  maxlinkdim=113 maxerr=3.53E-08 time=1.530
After sweep 22 energy=-7.8503613  maxlinkdim=115 maxerr=5.08E-08 time=1.522
After sweep 23 energy=-7.8503733  maxlinkdim=113 maxerr=1.53E-09 time=1.560
After sweep 24 energy=-7.8503656  maxlinkdim=116 maxerr=1.00E-10 time=1.519
After sweep 25 energy=-7.8503447  maxlinkdim=114 maxerr=2.29E-09 time=1.525
After sweep 26 energy=-7.8503823  maxlinkdim=115 maxerr=1.00E-07 time=1.517
After sweep 27 energy=-7.850375  maxlinkdim=114 maxerr=1.02E-09 time=1.558
After sweep 28 energy=-7.850382  maxlinkdim=115 maxerr=1.38E-09 time=1.520
After sweep 29 energy=-7.8504076  maxlinkdim=114 maxerr=2.54E-07 time=1.523
After sweep 30 energy=-7.8503904  maxlinkdim=113 maxerr=1.35E-07 time=1.564
n0: 0.48210087; n1: 0.49516776; mu0: -2.6347049916730505; mu1: -2.6247049916730507
n_target > n1 and n_target > n0 triggered
After sweep 1 energy=-6.3170295  maxlinkdim=16 maxerr=1.79E-07 time=0.566
After sweep 2 energy=-7.6933985  maxlinkdim=145 maxerr=2.86E-08 time=1.164
After sweep 3 energy=-7.9868464  maxlinkdim=188 maxerr=2.30E-09 time=2.106
After sweep 4 energy=-8.146171  maxlinkdim=192 maxerr=3.92E-09 time=2.300
After sweep 5 energy=-8.237942  maxlinkdim=186 maxerr=7.71E-08 time=1.974
After sweep 6 energy=-8.289094  maxlinkdim=165 maxerr=7.75E-10 time=1.819
After sweep 7 energy=-8.318882  maxlinkdim=146 maxerr=5.60E-08 time=1.699
After sweep 8 energy=-8.334517  maxlinkdim=144 maxerr=5.90E-08 time=1.553
After sweep 9 energy=-8.343297  maxlinkdim=137 maxerr=1.26E-08 time=1.553
After sweep 10 energy=-8.348348  maxlinkdim=139 maxerr=4.37E-07 time=1.520
After sweep 11 energy=-8.3509655  maxlinkdim=157 maxerr=1.19E-09 time=1.516
After sweep 12 energy=-8.351848  maxlinkdim=134 maxerr=2.63E-07 time=1.554
After sweep 13 energy=-8.35194  maxlinkdim=128 maxerr=8.57E-10 time=1.507
After sweep 14 energy=-8.35183  maxlinkdim=121 maxerr=7.47E-10 time=1.506
After sweep 15 energy=-8.351907  maxlinkdim=118 maxerr=2.05E-10 time=1.533
After sweep 16 energy=-8.3518715  maxlinkdim=119 maxerr=1.06E-09 time=1.501
After sweep 17 energy=-8.351916  maxlinkdim=119 maxerr=2.85E-09 time=1.496
After sweep 18 energy=-8.351909  maxlinkdim=119 maxerr=6.44E-10 time=1.499
After sweep 19 energy=-8.351942  maxlinkdim=116 maxerr=4.44E-08 time=1.540
After sweep 20 energy=-8.351918  maxlinkdim=116 maxerr=7.62E-10 time=1.497
After sweep 21 energy=-8.351938  maxlinkdim=116 maxerr=1.59E-07 time=1.498
After sweep 22 energy=-8.351919  maxlinkdim=115 maxerr=6.98E-08 time=1.546
After sweep 23 energy=-8.351914  maxlinkdim=117 maxerr=3.70E-07 time=1.495
After sweep 24 energy=-8.35192  maxlinkdim=117 maxerr=1.19E-10 time=1.499
After sweep 25 energy=-8.35196  maxlinkdim=118 maxerr=1.33E-07 time=1.534
After sweep 26 energy=-8.351914  maxlinkdim=118 maxerr=1.01E-07 time=1.504
After sweep 27 energy=-8.351916  maxlinkdim=117 maxerr=1.85E-09 time=1.503
After sweep 28 energy=-8.351914  maxlinkdim=116 maxerr=2.67E-07 time=1.502
After sweep 29 energy=-8.351927  maxlinkdim=117 maxerr=3.81E-09 time=1.545
After sweep 30 energy=-8.351958  maxlinkdim=117 maxerr=4.60E-08 time=1.506
n0: 0.49516776; n1: 0.5078474; mu0: -2.6247049916730507; mu1: -2.614704991673051

Range found between mu0: -2.6247049916730507 (n0: 0.49516776) and mu1: -2.614704991673051 (n1: 0.5078474); refining...
n0: 0.49516776; n1: 0.5078474; mu0: -2.6247049916730507; mu1: -2.614704991673051
Trying secant step...
After sweep 1 energy=-6.030613  maxlinkdim=16 maxerr=1.72E-07 time=0.559
After sweep 2 energy=-7.4669814  maxlinkdim=152 maxerr=5.33E-08 time=1.226
After sweep 3 energy=-7.725196  maxlinkdim=174 maxerr=4.11E-07 time=1.934
After sweep 4 energy=-7.8644323  maxlinkdim=166 maxerr=1.48E-07 time=1.956
After sweep 5 energy=-7.9439006  maxlinkdim=181 maxerr=1.45E-09 time=1.902
After sweep 6 energy=-7.986933  maxlinkdim=152 maxerr=2.59E-09 time=1.765
After sweep 7 energy=-8.0125675  maxlinkdim=140 maxerr=1.22E-09 time=1.661
After sweep 8 energy=-8.0261  maxlinkdim=130 maxerr=9.03E-08 time=1.559
After sweep 9 energy=-8.033406  maxlinkdim=133 maxerr=7.01E-10 time=1.517
After sweep 10 energy=-8.037433  maxlinkdim=127 maxerr=3.19E-10 time=1.561
After sweep 11 energy=-8.03944  maxlinkdim=130 maxerr=2.22E-09 time=1.511
After sweep 12 energy=-8.039987  maxlinkdim=132 maxerr=4.97E-08 time=1.516
After sweep 13 energy=-8.0400505  maxlinkdim=125 maxerr=9.32E-09 time=1.550
After sweep 14 energy=-8.040032  maxlinkdim=121 maxerr=1.04E-09 time=1.508
After sweep 15 energy=-8.040015  maxlinkdim=116 maxerr=2.17E-09 time=1.514
After sweep 16 energy=-8.040062  maxlinkdim=117 maxerr=1.01E-09 time=1.565
After sweep 17 energy=-8.03997  maxlinkdim=114 maxerr=9.99E-11 time=1.511
After sweep 18 energy=-8.040038  maxlinkdim=115 maxerr=1.47E-09 time=1.521
After sweep 19 energy=-8.040059  maxlinkdim=118 maxerr=4.86E-10 time=1.565
After sweep 20 energy=-8.040044  maxlinkdim=116 maxerr=3.75E-07 time=1.515
After sweep 21 energy=-8.04007  maxlinkdim=113 maxerr=2.02E-07 time=1.513
After sweep 22 energy=-8.039994  maxlinkdim=115 maxerr=1.93E-07 time=1.521
After sweep 23 energy=-8.040003  maxlinkdim=114 maxerr=5.70E-10 time=1.566
After sweep 24 energy=-8.040003  maxlinkdim=114 maxerr=9.89E-10 time=1.502
After sweep 25 energy=-8.040003  maxlinkdim=116 maxerr=1.83E-09 time=1.505
After sweep 26 energy=-8.04  maxlinkdim=115 maxerr=7.62E-08 time=1.553
After sweep 27 energy=-8.040024  maxlinkdim=115 maxerr=2.25E-07 time=1.508
After sweep 28 energy=-8.040005  maxlinkdim=114 maxerr=1.37E-07 time=1.509
After sweep 29 energy=-8.040031  maxlinkdim=114 maxerr=1.82E-09 time=1.562
After sweep 30 energy=-8.04001  maxlinkdim=116 maxerr=1.74E-08 time=1.512
n0: 0.49516776; n1: 0.50004387; mu0: -2.6247049916730507; mu1: -2.6208939781558844
Trying secant step...
After sweep 1 energy=-6.0237412  maxlinkdim=16 maxerr=3.82E-07 time=0.555
After sweep 2 energy=-7.439248  maxlinkdim=148 maxerr=4.33E-08 time=1.221
After sweep 3 energy=-7.713806  maxlinkdim=188 maxerr=1.12E-07 time=1.964
After sweep 4 energy=-7.8578224  maxlinkdim=182 maxerr=1.04E-07 time=2.044
After sweep 5 energy=-7.9382935  maxlinkdim=174 maxerr=1.63E-09 time=1.964
After sweep 6 energy=-7.9828815  maxlinkdim=157 maxerr=4.79E-08 time=1.779
After sweep 7 energy=-8.008811  maxlinkdim=140 maxerr=5.51E-08 time=1.607
After sweep 8 energy=-8.023647  maxlinkdim=127 maxerr=7.43E-09 time=1.568
After sweep 9 energy=-8.03126  maxlinkdim=137 maxerr=1.93E-07 time=1.496
After sweep 10 energy=-8.035408  maxlinkdim=142 maxerr=6.70E-10 time=1.499
After sweep 11 energy=-8.037666  maxlinkdim=134 maxerr=1.07E-09 time=1.511
After sweep 12 energy=-8.038217  maxlinkdim=126 maxerr=1.01E-07 time=1.548
After sweep 13 energy=-8.038329  maxlinkdim=118 maxerr=9.16E-10 time=1.500
After sweep 14 energy=-8.0383  maxlinkdim=116 maxerr=6.65E-10 time=1.556
After sweep 15 energy=-8.038271  maxlinkdim=117 maxerr=1.18E-09 time=1.505
After sweep 16 energy=-8.03832  maxlinkdim=116 maxerr=1.16E-09 time=1.508
After sweep 17 energy=-8.038316  maxlinkdim=118 maxerr=1.32E-07 time=1.512
After sweep 18 energy=-8.038299  maxlinkdim=115 maxerr=1.18E-07 time=1.551
After sweep 19 energy=-8.038285  maxlinkdim=113 maxerr=2.21E-09 time=1.520
After sweep 20 energy=-8.038318  maxlinkdim=115 maxerr=8.83E-10 time=1.515
After sweep 21 energy=-8.038327  maxlinkdim=117 maxerr=6.10E-08 time=1.552
After sweep 22 energy=-8.038339  maxlinkdim=116 maxerr=1.35E-09 time=1.522
After sweep 23 energy=-8.038336  maxlinkdim=115 maxerr=4.73E-08 time=1.523
After sweep 24 energy=-8.038344  maxlinkdim=114 maxerr=1.96E-07 time=1.557
After sweep 25 energy=-8.038298  maxlinkdim=115 maxerr=1.67E-07 time=1.501
After sweep 26 energy=-8.038339  maxlinkdim=115 maxerr=5.09E-08 time=1.510
After sweep 27 energy=-8.038291  maxlinkdim=117 maxerr=1.24E-09 time=1.549
After sweep 28 energy=-8.038297  maxlinkdim=114 maxerr=9.08E-08 time=1.503
After sweep 29 energy=-8.038286  maxlinkdim=115 maxerr=1.32E-08 time=1.514
After sweep 30 energy=-8.038327  maxlinkdim=115 maxerr=7.21E-08 time=1.562
FOUND MU (secant); mu: -2.620928264816015  n: 0.5000011
Target density achieved with mu=-2.620928264816015, n=0.5000011
Checking {alpha,beta} vs measured
Alpha not converged.
NOT CONVERGED; updating alpha, beta and continuing...
After sweep 1 energy=-5.662678  maxlinkdim=16 maxerr=1.73E-07 time=0.574
After sweep 2 energy=-7.0631843  maxlinkdim=166 maxerr=3.06E-08 time=1.168
After sweep 3 energy=-7.3311462  maxlinkdim=182 maxerr=3.03E-09 time=2.091
After sweep 4 energy=-7.476142  maxlinkdim=194 maxerr=1.73E-09 time=2.116
After sweep 5 energy=-7.56086  maxlinkdim=205 maxerr=1.40E-07 time=1.999
After sweep 6 energy=-7.6069617  maxlinkdim=158 maxerr=1.77E-07 time=1.871
After sweep 7 energy=-7.632948  maxlinkdim=144 maxerr=1.21E-09 time=1.657
After sweep 8 energy=-7.6484814  maxlinkdim=158 maxerr=1.53E-07 time=1.628
After sweep 9 energy=-7.6568933  maxlinkdim=145 maxerr=9.99E-11 time=1.551
After sweep 10 energy=-7.6618433  maxlinkdim=147 maxerr=4.98E-09 time=1.587
After sweep 11 energy=-7.664466  maxlinkdim=146 maxerr=1.39E-09 time=1.554
After sweep 12 energy=-7.6653447  maxlinkdim=140 maxerr=2.86E-08 time=1.579
After sweep 13 energy=-7.665416  maxlinkdim=125 maxerr=2.35E-08 time=1.529
After sweep 14 energy=-7.665431  maxlinkdim=124 maxerr=9.25E-08 time=1.582
After sweep 15 energy=-7.6654496  maxlinkdim=123 maxerr=8.03E-10 time=1.538
After sweep 16 energy=-7.6654406  maxlinkdim=120 maxerr=1.86E-09 time=1.563
After sweep 17 energy=-7.6654487  maxlinkdim=120 maxerr=1.43E-09 time=1.523
After sweep 18 energy=-7.665416  maxlinkdim=121 maxerr=1.88E-07 time=1.568
After sweep 19 energy=-7.665429  maxlinkdim=121 maxerr=1.96E-07 time=1.526
After sweep 20 energy=-7.665423  maxlinkdim=121 maxerr=8.30E-08 time=1.518
After sweep 21 energy=-7.6654034  maxlinkdim=122 maxerr=1.67E-09 time=1.571
After sweep 22 energy=-7.6654425  maxlinkdim=121 maxerr=1.90E-09 time=1.521
After sweep 23 energy=-7.665446  maxlinkdim=120 maxerr=4.57E-08 time=1.569
After sweep 24 energy=-7.665396  maxlinkdim=120 maxerr=1.17E-09 time=1.520
After sweep 25 energy=-7.6654043  maxlinkdim=119 maxerr=3.04E-07 time=1.563
After sweep 26 energy=-7.66547  maxlinkdim=120 maxerr=7.26E-08 time=1.528
After sweep 27 energy=-7.6654315  maxlinkdim=122 maxerr=2.94E-08 time=1.563
After sweep 28 energy=-7.6654387  maxlinkdim=120 maxerr=6.52E-10 time=1.519
After sweep 29 energy=-7.665433  maxlinkdim=119 maxerr=1.24E-08 time=1.567
After sweep 30 energy=-7.6654234  maxlinkdim=123 maxerr=6.86E-08 time=1.521
Not same mu, searching again
After sweep 1 energy=-5.1990542  maxlinkdim=16 maxerr=1.52E-07 time=0.554
After sweep 2 energy=-6.592117  maxlinkdim=147 maxerr=2.24E-07 time=1.224
After sweep 3 energy=-6.8554077  maxlinkdim=199 maxerr=5.61E-10 time=2.003
After sweep 4 energy=-6.9915586  maxlinkdim=186 maxerr=9.40E-10 time=2.139
After sweep 5 energy=-7.070334  maxlinkdim=190 maxerr=1.04E-07 time=2.010
After sweep 6 energy=-7.1155148  maxlinkdim=169 maxerr=1.07E-08 time=1.875
After sweep 7 energy=-7.1401296  maxlinkdim=153 maxerr=2.32E-07 time=1.665
After sweep 8 energy=-7.154855  maxlinkdim=131 maxerr=1.19E-07 time=1.614
After sweep 9 energy=-7.1629963  maxlinkdim=151 maxerr=3.27E-08 time=1.519
After sweep 10 energy=-7.1677613  maxlinkdim=160 maxerr=2.27E-08 time=1.559
After sweep 11 energy=-7.1704183  maxlinkdim=133 maxerr=6.29E-08 time=1.509
After sweep 12 energy=-7.171366  maxlinkdim=122 maxerr=1.30E-07 time=1.545
After sweep 13 energy=-7.1715817  maxlinkdim=122 maxerr=1.46E-07 time=1.510
After sweep 14 energy=-7.1716  maxlinkdim=127 maxerr=2.85E-10 time=1.564
After sweep 15 energy=-7.1715946  maxlinkdim=123 maxerr=3.64E-09 time=1.527
After sweep 16 energy=-7.1715937  maxlinkdim=119 maxerr=1.94E-07 time=1.506
After sweep 17 energy=-7.1715918  maxlinkdim=121 maxerr=1.04E-07 time=1.547
After sweep 18 energy=-7.1715865  maxlinkdim=119 maxerr=1.59E-07 time=1.506
After sweep 19 energy=-7.171569  maxlinkdim=118 maxerr=1.70E-07 time=1.543
After sweep 20 energy=-7.171592  maxlinkdim=121 maxerr=1.53E-07 time=1.503
After sweep 21 energy=-7.1715856  maxlinkdim=122 maxerr=2.84E-07 time=1.546
After sweep 22 energy=-7.171594  maxlinkdim=119 maxerr=5.23E-08 time=1.500
After sweep 23 energy=-7.1715918  maxlinkdim=119 maxerr=2.36E-07 time=1.552
After sweep 24 energy=-7.171589  maxlinkdim=118 maxerr=1.93E-08 time=1.503
After sweep 25 energy=-7.171597  maxlinkdim=117 maxerr=1.14E-09 time=1.515
After sweep 26 energy=-7.17159  maxlinkdim=118 maxerr=4.84E-08 time=1.558
After sweep 27 energy=-7.1716022  maxlinkdim=119 maxerr=5.27E-10 time=1.503
After sweep 28 energy=-7.171588  maxlinkdim=119 maxerr=1.30E-07 time=1.556
After sweep 29 energy=-7.1715846  maxlinkdim=119 maxerr=1.09E-09 time=1.518
After sweep 30 energy=-7.171601  maxlinkdim=118 maxerr=1.02E-08 time=1.537
n0: 0.48727745; n1: 0.50036484; mu0: -2.630928264816015; mu1: -2.620928264816015

Range found between mu0: -2.630928264816015 (n0: 0.48727745) and mu1: -2.620928264816015 (n1: 0.50036484); refining...
n0: 0.48727745; n1: 0.50036484; mu0: -2.630928264816015; mu1: -2.620928264816015
Trying secant step...
After sweep 1 energy=-5.6483154  maxlinkdim=16 maxerr=2.15E-07 time=0.567
After sweep 2 energy=-7.0325594  maxlinkdim=163 maxerr=2.86E-08 time=1.155
After sweep 3 energy=-7.2997127  maxlinkdim=185 maxerr=8.58E-08 time=1.987
After sweep 4 energy=-7.448613  maxlinkdim=160 maxerr=1.31E-07 time=1.882
After sweep 5 energy=-7.5386477  maxlinkdim=190 maxerr=2.25E-07 time=1.871
After sweep 6 energy=-7.588964  maxlinkdim=166 maxerr=1.08E-09 time=1.790
After sweep 7 energy=-7.6172786  maxlinkdim=172 maxerr=2.19E-07 time=1.707
After sweep 8 energy=-7.633824  maxlinkdim=157 maxerr=2.05E-09 time=1.639
After sweep 9 energy=-7.6429048  maxlinkdim=145 maxerr=1.17E-07 time=1.552
After sweep 10 energy=-7.6477985  maxlinkdim=134 maxerr=8.66E-08 time=1.556
After sweep 11 energy=-7.6501436  maxlinkdim=131 maxerr=5.00E-08 time=1.526
After sweep 12 energy=-7.651276  maxlinkdim=146 maxerr=5.99E-10 time=1.542
After sweep 13 energy=-7.6514893  maxlinkdim=127 maxerr=1.66E-07 time=1.581
After sweep 14 energy=-7.651502  maxlinkdim=128 maxerr=9.83E-10 time=1.578
After sweep 15 energy=-7.651507  maxlinkdim=122 maxerr=2.40E-07 time=1.541
After sweep 16 energy=-7.6514716  maxlinkdim=121 maxerr=8.48E-10 time=1.560
After sweep 17 energy=-7.6514573  maxlinkdim=122 maxerr=4.24E-08 time=1.531
After sweep 18 energy=-7.651497  maxlinkdim=122 maxerr=8.48E-08 time=1.558
After sweep 19 energy=-7.6515045  maxlinkdim=120 maxerr=7.48E-09 time=1.534
After sweep 20 energy=-7.6514773  maxlinkdim=121 maxerr=1.48E-09 time=1.556
After sweep 21 energy=-7.6514955  maxlinkdim=121 maxerr=6.90E-08 time=1.528
After sweep 22 energy=-7.6514716  maxlinkdim=120 maxerr=1.91E-08 time=1.565
After sweep 23 energy=-7.6515245  maxlinkdim=120 maxerr=1.42E-09 time=1.518
After sweep 24 energy=-7.651471  maxlinkdim=120 maxerr=1.20E-07 time=1.560
After sweep 25 energy=-7.65151  maxlinkdim=122 maxerr=7.98E-09 time=1.560
After sweep 26 energy=-7.6514716  maxlinkdim=120 maxerr=1.10E-07 time=1.521
After sweep 27 energy=-7.651492  maxlinkdim=119 maxerr=8.26E-09 time=1.564
After sweep 28 energy=-7.6515102  maxlinkdim=119 maxerr=7.11E-10 time=1.530
After sweep 29 energy=-7.6515155  maxlinkdim=121 maxerr=2.65E-07 time=1.566
After sweep 30 energy=-7.6515207  maxlinkdim=120 maxerr=5.99E-10 time=1.523
n0: 0.50000525; n1: 0.50036484; mu0: -2.621207036961572; mu1: -2.620928264816015
Trying secant step...
After sweep 1 energy=-5.6459756  maxlinkdim=16 maxerr=1.59E-07 time=0.562
After sweep 2 energy=-7.0289235  maxlinkdim=150 maxerr=1.82E-08 time=1.230
After sweep 3 energy=-7.296985  maxlinkdim=190 maxerr=2.96E-09 time=1.933
After sweep 4 energy=-7.447326  maxlinkdim=191 maxerr=1.51E-07 time=2.038
After sweep 5 energy=-7.5357766  maxlinkdim=184 maxerr=5.29E-08 time=1.902
After sweep 6 energy=-7.586844  maxlinkdim=185 maxerr=1.53E-09 time=1.799
After sweep 7 energy=-7.61651  maxlinkdim=165 maxerr=2.50E-09 time=1.709
After sweep 8 energy=-7.633131  maxlinkdim=161 maxerr=2.88E-09 time=1.639
After sweep 9 energy=-7.6421776  maxlinkdim=142 maxerr=2.54E-07 time=1.556
After sweep 10 energy=-7.6471996  maxlinkdim=131 maxerr=3.01E-08 time=1.574
After sweep 11 energy=-7.6501374  maxlinkdim=149 maxerr=1.06E-08 time=1.540
After sweep 12 energy=-7.6511474  maxlinkdim=137 maxerr=1.03E-09 time=1.600
After sweep 13 energy=-7.651319  maxlinkdim=123 maxerr=2.29E-07 time=1.576
After sweep 14 energy=-7.6512833  maxlinkdim=121 maxerr=6.34E-08 time=1.536
After sweep 15 energy=-7.65126  maxlinkdim=121 maxerr=9.99E-11 time=1.576
After sweep 16 energy=-7.651277  maxlinkdim=121 maxerr=1.81E-09 time=1.528
After sweep 17 energy=-7.6513343  maxlinkdim=121 maxerr=2.96E-07 time=1.571
After sweep 18 energy=-7.6513233  maxlinkdim=119 maxerr=4.04E-10 time=1.558
After sweep 19 energy=-7.6513023  maxlinkdim=120 maxerr=9.52E-10 time=1.525
After sweep 20 energy=-7.6512833  maxlinkdim=122 maxerr=1.32E-09 time=1.568
After sweep 21 energy=-7.6512885  maxlinkdim=121 maxerr=3.80E-08 time=1.538
After sweep 22 energy=-7.6512775  maxlinkdim=121 maxerr=1.26E-09 time=1.566
After sweep 23 energy=-7.651332  maxlinkdim=122 maxerr=2.83E-07 time=1.567
After sweep 24 energy=-7.6513033  maxlinkdim=120 maxerr=7.30E-08 time=1.522
After sweep 25 energy=-7.651304  maxlinkdim=122 maxerr=1.59E-09 time=1.550
After sweep 26 energy=-7.651281  maxlinkdim=120 maxerr=1.23E-09 time=1.515
After sweep 27 energy=-7.65131  maxlinkdim=120 maxerr=7.43E-08 time=1.565
After sweep 28 energy=-7.651308  maxlinkdim=120 maxerr=1.80E-08 time=1.584
After sweep 29 energy=-7.6512756  maxlinkdim=121 maxerr=9.99E-11 time=1.520
After sweep 30 energy=-7.651311  maxlinkdim=122 maxerr=1.61E-09 time=1.561
FOUND MU (secant); mu: -2.6212111032550927  n: 0.49999955
Target density achieved with mu=-2.6212111032550927, n=0.49999955
Checking {alpha,beta} vs measured
Alpha not converged.
NOT CONVERGED; updating alpha, beta and continuing...
After sweep 1 energy=-5.612591  maxlinkdim=16 maxerr=1.39E-07 time=0.572
After sweep 2 energy=-6.945801  maxlinkdim=147 maxerr=2.30E-08 time=1.205
After sweep 3 energy=-7.2248206  maxlinkdim=170 maxerr=3.10E-09 time=1.927
After sweep 4 energy=-7.388526  maxlinkdim=203 maxerr=4.41E-08 time=2.107
After sweep 5 energy=-7.4809766  maxlinkdim=205 maxerr=4.51E-08 time=2.022
After sweep 6 energy=-7.5322657  maxlinkdim=173 maxerr=2.43E-09 time=1.914
After sweep 7 energy=-7.5620017  maxlinkdim=163 maxerr=2.46E-07 time=1.725
After sweep 8 energy=-7.5790434  maxlinkdim=133 maxerr=8.86E-10 time=1.635
After sweep 9 energy=-7.589123  maxlinkdim=132 maxerr=4.04E-08 time=1.592
After sweep 10 energy=-7.5946774  maxlinkdim=135 maxerr=7.38E-08 time=1.524
After sweep 11 energy=-7.5977974  maxlinkdim=138 maxerr=1.49E-07 time=1.572
After sweep 12 energy=-7.599336  maxlinkdim=141 maxerr=6.74E-10 time=1.579
After sweep 13 energy=-7.599872  maxlinkdim=132 maxerr=4.96E-08 time=1.555
After sweep 14 energy=-7.599836  maxlinkdim=126 maxerr=9.99E-11 time=1.580
After sweep 15 energy=-7.5998645  maxlinkdim=124 maxerr=1.68E-07 time=1.588
After sweep 16 energy=-7.599896  maxlinkdim=123 maxerr=8.35E-10 time=1.544
After sweep 17 energy=-7.5999146  maxlinkdim=121 maxerr=9.30E-08 time=1.563
After sweep 18 energy=-7.59992  maxlinkdim=122 maxerr=1.43E-07 time=1.556
After sweep 19 energy=-7.5998874  maxlinkdim=122 maxerr=2.12E-07 time=1.527
After sweep 20 energy=-7.599873  maxlinkdim=123 maxerr=8.03E-08 time=1.562
After sweep 21 energy=-7.5998864  maxlinkdim=123 maxerr=4.55E-08 time=1.560
After sweep 22 energy=-7.599876  maxlinkdim=123 maxerr=3.29E-07 time=1.558
After sweep 23 energy=-7.5998626  maxlinkdim=120 maxerr=4.70E-08 time=1.529
After sweep 24 energy=-7.5998826  maxlinkdim=121 maxerr=8.28E-10 time=1.563
After sweep 25 energy=-7.5998836  maxlinkdim=123 maxerr=1.28E-07 time=1.549
After sweep 26 energy=-7.599907  maxlinkdim=123 maxerr=2.37E-09 time=1.518
After sweep 27 energy=-7.5998607  maxlinkdim=121 maxerr=6.79E-09 time=1.556
After sweep 28 energy=-7.599827  maxlinkdim=121 maxerr=9.99E-11 time=1.560
After sweep 29 energy=-7.5998745  maxlinkdim=125 maxerr=1.62E-08 time=1.520
After sweep 30 energy=-7.599868  maxlinkdim=120 maxerr=4.02E-08 time=1.556
Not same mu, searching again
After sweep 1 energy=-5.1389036  maxlinkdim=16 maxerr=1.98E-07 time=0.570
After sweep 2 energy=-6.5173597  maxlinkdim=158 maxerr=7.33E-08 time=1.268
After sweep 3 energy=-6.775976  maxlinkdim=178 maxerr=2.80E-08 time=1.900
After sweep 4 energy=-6.9160066  maxlinkdim=175 maxerr=2.16E-07 time=1.900
After sweep 5 energy=-6.9995694  maxlinkdim=188 maxerr=7.32E-08 time=1.846
After sweep 6 energy=-7.046621  maxlinkdim=155 maxerr=2.50E-07 time=1.762
After sweep 7 energy=-7.074676  maxlinkdim=143 maxerr=1.08E-07 time=1.612
After sweep 8 energy=-7.090233  maxlinkdim=150 maxerr=1.86E-07 time=1.584
After sweep 9 energy=-7.098499  maxlinkdim=136 maxerr=1.13E-07 time=1.522
After sweep 10 energy=-7.1030245  maxlinkdim=136 maxerr=9.52E-09 time=1.504
After sweep 11 energy=-7.105599  maxlinkdim=130 maxerr=9.99E-11 time=1.549
After sweep 12 energy=-7.106122  maxlinkdim=125 maxerr=3.53E-07 time=1.510
After sweep 13 energy=-7.1062007  maxlinkdim=131 maxerr=1.65E-08 time=1.501
After sweep 14 energy=-7.106256  maxlinkdim=127 maxerr=1.19E-09 time=1.546
After sweep 15 energy=-7.10625  maxlinkdim=120 maxerr=1.69E-08 time=1.509
After sweep 16 energy=-7.106217  maxlinkdim=117 maxerr=3.75E-10 time=1.488
After sweep 17 energy=-7.1062155  maxlinkdim=119 maxerr=1.28E-09 time=1.536
After sweep 18 energy=-7.106244  maxlinkdim=120 maxerr=1.23E-09 time=1.514
After sweep 19 energy=-7.1062293  maxlinkdim=119 maxerr=9.68E-08 time=1.527
After sweep 20 energy=-7.1062446  maxlinkdim=118 maxerr=2.41E-07 time=1.492
After sweep 21 energy=-7.10622  maxlinkdim=118 maxerr=2.15E-07 time=1.486
After sweep 22 energy=-7.106218  maxlinkdim=120 maxerr=1.12E-09 time=1.535
After sweep 23 energy=-7.1062384  maxlinkdim=119 maxerr=2.63E-08 time=1.491
After sweep 24 energy=-7.1062336  maxlinkdim=122 maxerr=9.78E-08 time=1.496
After sweep 25 energy=-7.1062727  maxlinkdim=118 maxerr=1.16E-08 time=1.527
After sweep 26 energy=-7.106262  maxlinkdim=117 maxerr=6.27E-10 time=1.494
After sweep 27 energy=-7.1062202  maxlinkdim=121 maxerr=1.26E-07 time=1.491
After sweep 28 energy=-7.106202  maxlinkdim=116 maxerr=1.48E-09 time=1.530
After sweep 29 energy=-7.1062384  maxlinkdim=119 maxerr=3.16E-07 time=1.489
After sweep 30 energy=-7.1062202  maxlinkdim=119 maxerr=1.05E-08 time=1.495
n0: 0.48705888; n1: 0.5001778; mu0: -2.6312111032550924; mu1: -2.6212111032550927

Range found between mu0: -2.6312111032550924 (n0: 0.48705888) and mu1: -2.6212111032550927 (n1: 0.5001778); refining...
n0: 0.48705888; n1: 0.5001778; mu0: -2.6312111032550924; mu1: -2.6212111032550927
Trying secant step...
After sweep 1 energy=-5.5877852  maxlinkdim=16 maxerr=3.15E-07 time=0.543
After sweep 2 energy=-6.9699283  maxlinkdim=159 maxerr=4.59E-08 time=1.176
After sweep 3 energy=-7.235516  maxlinkdim=180 maxerr=1.30E-07 time=1.964
After sweep 4 energy=-7.3857555  maxlinkdim=187 maxerr=1.59E-08 time=1.972
After sweep 5 energy=-7.477334  maxlinkdim=194 maxerr=6.92E-08 time=1.930
After sweep 6 energy=-7.5284553  maxlinkdim=173 maxerr=2.25E-09 time=1.833
After sweep 7 energy=-7.55674  maxlinkdim=174 maxerr=2.89E-08 time=1.715
After sweep 8 energy=-7.573283  maxlinkdim=156 maxerr=1.63E-09 time=1.621
After sweep 9 energy=-7.582794  maxlinkdim=157 maxerr=1.75E-08 time=1.531
After sweep 10 energy=-7.58824  maxlinkdim=145 maxerr=8.84E-10 time=1.510
After sweep 11 energy=-7.5912757  maxlinkdim=132 maxerr=1.48E-07 time=1.544
After sweep 12 energy=-7.592649  maxlinkdim=145 maxerr=1.39E-09 time=1.523
After sweep 13 energy=-7.5930243  maxlinkdim=145 maxerr=4.87E-10 time=1.568
After sweep 14 energy=-7.5931377  maxlinkdim=128 maxerr=8.60E-10 time=1.534
After sweep 15 energy=-7.5931225  maxlinkdim=126 maxerr=1.35E-09 time=1.568
After sweep 16 energy=-7.5931253  maxlinkdim=126 maxerr=1.92E-09 time=1.541
After sweep 17 energy=-7.5930667  maxlinkdim=123 maxerr=4.17E-08 time=1.537
After sweep 18 energy=-7.5931  maxlinkdim=123 maxerr=3.17E-08 time=1.590
After sweep 19 energy=-7.5930834  maxlinkdim=121 maxerr=1.52E-09 time=1.529
After sweep 20 energy=-7.5931253  maxlinkdim=122 maxerr=2.07E-07 time=1.566
After sweep 21 energy=-7.593121  maxlinkdim=122 maxerr=4.43E-10 time=1.526
After sweep 22 energy=-7.5930867  maxlinkdim=119 maxerr=2.63E-10 time=1.571
After sweep 23 energy=-7.5930834  maxlinkdim=121 maxerr=2.19E-08 time=1.522
After sweep 24 energy=-7.5931025  maxlinkdim=123 maxerr=7.25E-08 time=1.558
After sweep 25 energy=-7.5931163  maxlinkdim=122 maxerr=1.85E-09 time=1.521
After sweep 26 energy=-7.5930843  maxlinkdim=121 maxerr=5.90E-10 time=1.515
After sweep 27 energy=-7.5931225  maxlinkdim=122 maxerr=4.22E-10 time=1.565
After sweep 28 energy=-7.5930996  maxlinkdim=122 maxerr=1.13E-09 time=1.518
After sweep 29 energy=-7.5930614  maxlinkdim=123 maxerr=9.75E-10 time=1.560
After sweep 30 energy=-7.59309  maxlinkdim=124 maxerr=1.43E-07 time=1.521
FOUND MU (secant); mu: -2.6213466331757194  n: 0.500003
Target density achieved with mu=-2.6213466331757194, n=0.500003
Checking {alpha,beta} vs measured
Alpha not converged.
NOT CONVERGED; updating alpha, beta and continuing...
After sweep 1 energy=-5.5846105  maxlinkdim=16 maxerr=2.03E-07 time=0.566
After sweep 2 energy=-6.950438  maxlinkdim=146 maxerr=1.74E-08 time=1.221
After sweep 3 energy=-7.2176814  maxlinkdim=173 maxerr=1.59E-08 time=1.905
After sweep 4 energy=-7.371232  maxlinkdim=191 maxerr=9.77E-10 time=1.957
After sweep 5 energy=-7.4635596  maxlinkdim=201 maxerr=1.19E-08 time=1.920
After sweep 6 energy=-7.5158057  maxlinkdim=173 maxerr=1.40E-08 time=1.804
After sweep 7 energy=-7.546623  maxlinkdim=175 maxerr=3.05E-09 time=1.684
After sweep 8 energy=-7.564783  maxlinkdim=168 maxerr=4.01E-07 time=1.606
After sweep 9 energy=-7.574349  maxlinkdim=161 maxerr=1.19E-09 time=1.585
After sweep 10 energy=-7.5795565  maxlinkdim=129 maxerr=2.10E-07 time=1.511
After sweep 11 energy=-7.582527  maxlinkdim=144 maxerr=2.35E-07 time=1.576
After sweep 12 energy=-7.5840826  maxlinkdim=150 maxerr=2.08E-09 time=1.541
After sweep 13 energy=-7.5843916  maxlinkdim=127 maxerr=2.48E-09 time=1.563
After sweep 14 energy=-7.5844536  maxlinkdim=142 maxerr=1.54E-07 time=1.533
After sweep 15 energy=-7.584443  maxlinkdim=124 maxerr=5.01E-08 time=1.574
After sweep 16 energy=-7.584463  maxlinkdim=121 maxerr=3.34E-09 time=1.537
After sweep 17 energy=-7.584394  maxlinkdim=122 maxerr=1.50E-09 time=1.559
After sweep 18 energy=-7.5844116  maxlinkdim=121 maxerr=3.18E-07 time=1.525
After sweep 19 energy=-7.5844016  maxlinkdim=122 maxerr=1.98E-08 time=1.522
After sweep 20 energy=-7.5844355  maxlinkdim=123 maxerr=1.01E-09 time=1.560
After sweep 21 energy=-7.584414  maxlinkdim=124 maxerr=2.81E-07 time=1.526
After sweep 22 energy=-7.584394  maxlinkdim=122 maxerr=4.15E-10 time=1.557
After sweep 23 energy=-7.5844154  maxlinkdim=125 maxerr=2.80E-08 time=1.521
After sweep 24 energy=-7.584423  maxlinkdim=121 maxerr=3.39E-08 time=1.561
After sweep 25 energy=-7.584387  maxlinkdim=121 maxerr=1.62E-07 time=1.517
After sweep 26 energy=-7.5844355  maxlinkdim=124 maxerr=7.60E-10 time=1.558
After sweep 27 energy=-7.584449  maxlinkdim=121 maxerr=2.63E-08 time=1.522
After sweep 28 energy=-7.584395  maxlinkdim=124 maxerr=1.45E-09 time=1.560
After sweep 29 energy=-7.584403  maxlinkdim=124 maxerr=2.12E-09 time=1.520
After sweep 30 energy=-7.584416  maxlinkdim=121 maxerr=1.49E-09 time=1.559
Not same mu, searching again
After sweep 1 energy=-5.1236525  maxlinkdim=16 maxerr=1.90E-07 time=0.555
After sweep 2 energy=-6.4908066  maxlinkdim=162 maxerr=1.29E-08 time=1.210
After sweep 3 energy=-6.748011  maxlinkdim=176 maxerr=2.07E-07 time=1.937
After sweep 4 energy=-6.8958983  maxlinkdim=183 maxerr=1.53E-07 time=1.982
After sweep 5 energy=-6.9817758  maxlinkdim=187 maxerr=3.31E-09 time=1.973
After sweep 6 energy=-7.029452  maxlinkdim=162 maxerr=9.85E-10 time=1.804
After sweep 7 energy=-7.0568132  maxlinkdim=157 maxerr=4.60E-08 time=1.676
After sweep 8 energy=-7.0725007  maxlinkdim=134 maxerr=4.80E-08 time=1.559
After sweep 9 energy=-7.081337  maxlinkdim=147 maxerr=1.63E-09 time=1.558
After sweep 10 energy=-7.0862536  maxlinkdim=148 maxerr=4.95E-08 time=1.500
After sweep 11 energy=-7.089222  maxlinkdim=164 maxerr=3.42E-07 time=1.514
After sweep 12 energy=-7.090481  maxlinkdim=145 maxerr=1.45E-09 time=1.548
After sweep 13 energy=-7.090848  maxlinkdim=131 maxerr=2.02E-09 time=1.513
After sweep 14 energy=-7.0909147  maxlinkdim=124 maxerr=1.16E-07 time=1.548
After sweep 15 energy=-7.0909204  maxlinkdim=127 maxerr=8.86E-10 time=1.508
After sweep 16 energy=-7.090913  maxlinkdim=121 maxerr=2.03E-07 time=1.555
After sweep 17 energy=-7.090913  maxlinkdim=120 maxerr=8.07E-10 time=1.502
After sweep 18 energy=-7.09093  maxlinkdim=118 maxerr=1.22E-07 time=1.531
After sweep 19 energy=-7.0909095  maxlinkdim=119 maxerr=1.46E-09 time=1.500
After sweep 20 energy=-7.0909104  maxlinkdim=120 maxerr=1.03E-07 time=1.499
After sweep 21 energy=-7.090932  maxlinkdim=118 maxerr=8.59E-10 time=1.543
After sweep 22 energy=-7.090909  maxlinkdim=118 maxerr=5.83E-10 time=1.505
After sweep 23 energy=-7.090934  maxlinkdim=120 maxerr=6.09E-08 time=1.540
After sweep 24 energy=-7.090927  maxlinkdim=117 maxerr=2.28E-07 time=1.495
After sweep 25 energy=-7.0908976  maxlinkdim=119 maxerr=2.80E-10 time=1.548
After sweep 26 energy=-7.090947  maxlinkdim=117 maxerr=6.77E-10 time=1.503
After sweep 27 energy=-7.090933  maxlinkdim=118 maxerr=3.30E-08 time=1.535
After sweep 28 energy=-7.0909443  maxlinkdim=118 maxerr=9.60E-08 time=1.497
After sweep 29 energy=-7.0909095  maxlinkdim=120 maxerr=2.24E-08 time=1.539
After sweep 30 energy=-7.0908947  maxlinkdim=118 maxerr=1.85E-07 time=1.498
n0: 0.4869077; n1: 0.50003624; mu0: -2.631346633175719; mu1: -2.6213466331757194

Range found between mu0: -2.631346633175719 (n0: 0.4869077) and mu1: -2.6213466331757194 (n1: 0.50003624); refining...
n0: 0.4869077; n1: 0.50003624; mu0: -2.631346633175719; mu1: -2.6213466331757194
Trying secant step...
After sweep 1 energy=-5.5934224  maxlinkdim=16 maxerr=2.05E-07 time=0.564
After sweep 2 energy=-6.9453297  maxlinkdim=152 maxerr=1.84E-08 time=1.251
After sweep 3 energy=-7.2203894  maxlinkdim=188 maxerr=6.53E-08 time=1.940
After sweep 4 energy=-7.3741064  maxlinkdim=181 maxerr=1.17E-07 time=2.013
After sweep 5 energy=-7.4650464  maxlinkdim=192 maxerr=1.68E-07 time=1.981
After sweep 6 energy=-7.5165977  maxlinkdim=172 maxerr=1.70E-09 time=1.799
After sweep 7 energy=-7.546402  maxlinkdim=165 maxerr=1.26E-09 time=1.690
After sweep 8 energy=-7.5633907  maxlinkdim=130 maxerr=4.99E-08 time=1.596
After sweep 9 energy=-7.572854  maxlinkdim=154 maxerr=4.47E-08 time=1.561
After sweep 10 energy=-7.5780783  maxlinkdim=138 maxerr=3.02E-08 time=1.514
After sweep 11 energy=-7.5811133  maxlinkdim=131 maxerr=1.00E-10 time=1.556
After sweep 12 energy=-7.582686  maxlinkdim=151 maxerr=1.38E-09 time=1.539
After sweep 13 energy=-7.5830116  maxlinkdim=133 maxerr=1.67E-09 time=1.572
After sweep 14 energy=-7.583023  maxlinkdim=127 maxerr=1.97E-07 time=1.538
After sweep 15 energy=-7.583056  maxlinkdim=125 maxerr=8.90E-08 time=1.574
After sweep 16 energy=-7.5830507  maxlinkdim=122 maxerr=1.25E-07 time=1.534
After sweep 17 energy=-7.58307  maxlinkdim=124 maxerr=8.82E-10 time=1.569
After sweep 18 energy=-7.5830503  maxlinkdim=121 maxerr=2.30E-09 time=1.564
After sweep 19 energy=-7.583061  maxlinkdim=122 maxerr=2.20E-07 time=1.530
After sweep 20 energy=-7.583024  maxlinkdim=121 maxerr=1.22E-07 time=1.562
After sweep 21 energy=-7.583032  maxlinkdim=120 maxerr=1.35E-09 time=1.523
After sweep 22 energy=-7.5830245  maxlinkdim=121 maxerr=1.63E-07 time=1.566
After sweep 23 energy=-7.5830417  maxlinkdim=121 maxerr=9.72E-08 time=1.524
After sweep 24 energy=-7.583057  maxlinkdim=123 maxerr=3.89E-10 time=1.557
After sweep 25 energy=-7.583035  maxlinkdim=123 maxerr=5.17E-08 time=1.526
After sweep 26 energy=-7.583028  maxlinkdim=122 maxerr=1.06E-09 time=1.556
After sweep 27 energy=-7.583051  maxlinkdim=121 maxerr=1.74E-09 time=1.522
After sweep 28 energy=-7.5830398  maxlinkdim=122 maxerr=8.35E-10 time=1.571
After sweep 29 energy=-7.5830064  maxlinkdim=121 maxerr=1.42E-09 time=1.559
After sweep 30 energy=-7.5830345  maxlinkdim=121 maxerr=2.86E-10 time=1.526
FOUND MU (secant); mu: -2.6213742368540913  n: 0.49999923
Target density achieved with mu=-2.6213742368540913, n=0.49999923
Checking {alpha,beta} vs measured
Alpha not converged.
NOT CONVERGED; updating alpha, beta and continuing...
After sweep 1 energy=-5.5807605  maxlinkdim=16 maxerr=1.73E-07 time=0.577
After sweep 2 energy=-6.930909  maxlinkdim=158 maxerr=1.36E-08 time=1.142
After sweep 3 energy=-7.213664  maxlinkdim=193 maxerr=3.51E-09 time=2.036
After sweep 4 energy=-7.3717027  maxlinkdim=181 maxerr=3.57E-10 time=2.069
After sweep 5 energy=-7.46356  maxlinkdim=185 maxerr=1.68E-09 time=2.026
After sweep 6 energy=-7.5154233  maxlinkdim=188 maxerr=1.06E-07 time=1.925
After sweep 7 energy=-7.5447707  maxlinkdim=162 maxerr=1.61E-07 time=1.743
After sweep 8 energy=-7.561536  maxlinkdim=164 maxerr=4.69E-08 time=1.624
After sweep 9 energy=-7.5714025  maxlinkdim=143 maxerr=1.02E-07 time=1.533
After sweep 10 energy=-7.5771155  maxlinkdim=139 maxerr=6.73E-10 time=1.594
After sweep 11 energy=-7.5800686  maxlinkdim=140 maxerr=3.65E-08 time=1.576
After sweep 12 energy=-7.5812902  maxlinkdim=143 maxerr=1.92E-09 time=1.548
After sweep 13 energy=-7.5814886  maxlinkdim=132 maxerr=1.13E-07 time=1.576
After sweep 14 energy=-7.581562  maxlinkdim=126 maxerr=1.13E-08 time=1.531
After sweep 15 energy=-7.581575  maxlinkdim=125 maxerr=1.19E-07 time=1.567
After sweep 16 energy=-7.5815153  maxlinkdim=122 maxerr=1.01E-09 time=1.556
After sweep 17 energy=-7.5815563  maxlinkdim=121 maxerr=1.68E-08 time=1.519
After sweep 18 energy=-7.58154  maxlinkdim=119 maxerr=6.30E-10 time=1.554
After sweep 19 energy=-7.581561  maxlinkdim=123 maxerr=3.11E-07 time=1.530
After sweep 20 energy=-7.5815415  maxlinkdim=124 maxerr=9.66E-10 time=1.559
After sweep 21 energy=-7.581542  maxlinkdim=122 maxerr=1.42E-09 time=1.550
After sweep 22 energy=-7.581583  maxlinkdim=123 maxerr=3.46E-08 time=1.526
After sweep 23 energy=-7.5815473  maxlinkdim=122 maxerr=5.91E-10 time=1.551
After sweep 24 energy=-7.581539  maxlinkdim=123 maxerr=1.61E-09 time=1.518
After sweep 25 energy=-7.5815287  maxlinkdim=122 maxerr=2.12E-09 time=1.553
After sweep 26 energy=-7.5815406  maxlinkdim=124 maxerr=1.77E-07 time=1.552
After sweep 27 energy=-7.581556  maxlinkdim=122 maxerr=4.32E-08 time=1.512
After sweep 28 energy=-7.581565  maxlinkdim=122 maxerr=1.05E-09 time=1.562
After sweep 29 energy=-7.5815187  maxlinkdim=122 maxerr=1.07E-09 time=1.554
After sweep 30 energy=-7.5815253  maxlinkdim=120 maxerr=3.43E-09 time=1.518
Not same mu, searching again
After sweep 1 energy=-5.1191754  maxlinkdim=16 maxerr=1.59E-07 time=0.549
After sweep 2 energy=-6.4800315  maxlinkdim=155 maxerr=1.75E-08 time=1.208
After sweep 3 energy=-6.7451425  maxlinkdim=181 maxerr=1.85E-07 time=1.979
After sweep 4 energy=-6.8914485  maxlinkdim=176 maxerr=1.30E-09 time=2.015
After sweep 5 energy=-6.9764457  maxlinkdim=178 maxerr=1.46E-07 time=1.878
After sweep 6 energy=-7.025206  maxlinkdim=164 maxerr=4.53E-08 time=1.777
After sweep 7 energy=-7.053489  maxlinkdim=172 maxerr=2.04E-09 time=1.612
After sweep 8 energy=-7.0703855  maxlinkdim=144 maxerr=1.36E-09 time=1.601
After sweep 9 energy=-7.0799327  maxlinkdim=138 maxerr=1.60E-07 time=1.560
After sweep 10 energy=-7.084413  maxlinkdim=132 maxerr=9.07E-10 time=1.495
After sweep 11 energy=-7.0866737  maxlinkdim=126 maxerr=5.66E-10 time=1.520
After sweep 12 energy=-7.0877137  maxlinkdim=132 maxerr=6.27E-10 time=1.495
After sweep 13 energy=-7.088035  maxlinkdim=127 maxerr=1.37E-07 time=1.539
After sweep 14 energy=-7.0880966  maxlinkdim=126 maxerr=1.17E-07 time=1.499
After sweep 15 energy=-7.088064  maxlinkdim=124 maxerr=7.73E-08 time=1.539
After sweep 16 energy=-7.088101  maxlinkdim=119 maxerr=4.69E-10 time=1.503
After sweep 17 energy=-7.0881033  maxlinkdim=117 maxerr=8.09E-10 time=1.534
After sweep 18 energy=-7.088111  maxlinkdim=121 maxerr=1.53E-09 time=1.534
After sweep 19 energy=-7.088097  maxlinkdim=121 maxerr=5.53E-09 time=1.491
After sweep 20 energy=-7.0881033  maxlinkdim=123 maxerr=3.18E-07 time=1.526
After sweep 21 energy=-7.0880985  maxlinkdim=119 maxerr=1.59E-09 time=1.496
After sweep 22 energy=-7.0881095  maxlinkdim=118 maxerr=2.08E-09 time=1.530
After sweep 23 energy=-7.088071  maxlinkdim=120 maxerr=5.72E-09 time=1.491
After sweep 24 energy=-7.088106  maxlinkdim=120 maxerr=1.59E-07 time=1.531
After sweep 25 energy=-7.088079  maxlinkdim=118 maxerr=1.43E-07 time=1.532
After sweep 26 energy=-7.0881224  maxlinkdim=119 maxerr=5.39E-10 time=1.496
After sweep 27 energy=-7.0881104  maxlinkdim=120 maxerr=8.55E-10 time=1.527
After sweep 28 energy=-7.088112  maxlinkdim=123 maxerr=2.25E-09 time=1.496
After sweep 29 energy=-7.088088  maxlinkdim=121 maxerr=2.05E-09 time=1.535
After sweep 30 energy=-7.0880594  maxlinkdim=121 maxerr=1.31E-07 time=1.536
n0: 0.48687562; n1: 0.5000067; mu0: -2.631374236854091; mu1: -2.6213742368540913

Range found between mu0: -2.631374236854091 (n0: 0.48687562) and mu1: -2.6213742368540913 (n1: 0.5000067); refining...
n0: 0.48687562; n1: 0.5000067; mu0: -2.631374236854091; mu1: -2.6213742368540913
Trying secant step...
After sweep 1 energy=-5.57768  maxlinkdim=16 maxerr=2.39E-07 time=0.562
After sweep 2 energy=-6.9291897  maxlinkdim=141 maxerr=1.68E-08 time=1.145
After sweep 3 energy=-7.211059  maxlinkdim=185 maxerr=7.53E-08 time=1.924
After sweep 4 energy=-7.368057  maxlinkdim=191 maxerr=3.26E-09 time=2.073
After sweep 5 energy=-7.461267  maxlinkdim=186 maxerr=2.37E-08 time=1.994
After sweep 6 energy=-7.513285  maxlinkdim=170 maxerr=2.53E-07 time=1.901
After sweep 7 energy=-7.542864  maxlinkdim=154 maxerr=2.02E-07 time=1.722
After sweep 8 energy=-7.560733  maxlinkdim=150 maxerr=2.02E-07 time=1.625
After sweep 9 energy=-7.570711  maxlinkdim=144 maxerr=8.08E-08 time=1.569
After sweep 10 energy=-7.5761986  maxlinkdim=137 maxerr=1.08E-09 time=1.505
After sweep 11 energy=-7.5794435  maxlinkdim=152 maxerr=2.23E-07 time=1.562
After sweep 12 energy=-7.5809574  maxlinkdim=147 maxerr=6.18E-09 time=1.569
After sweep 13 energy=-7.5812063  maxlinkdim=125 maxerr=1.70E-07 time=1.530
After sweep 14 energy=-7.581315  maxlinkdim=128 maxerr=2.87E-08 time=1.560
After sweep 15 energy=-7.5812936  maxlinkdim=127 maxerr=7.49E-08 time=1.576
After sweep 16 energy=-7.5812726  maxlinkdim=120 maxerr=5.40E-10 time=1.566
After sweep 17 energy=-7.5813007  maxlinkdim=121 maxerr=2.19E-08 time=1.525
After sweep 18 energy=-7.5812817  maxlinkdim=122 maxerr=3.17E-07 time=1.553
After sweep 19 energy=-7.5812974  maxlinkdim=120 maxerr=1.73E-08 time=1.554
After sweep 20 energy=-7.581303  maxlinkdim=121 maxerr=4.28E-10 time=1.520
After sweep 21 energy=-7.5812845  maxlinkdim=122 maxerr=2.00E-10 time=1.558
After sweep 22 energy=-7.581329  maxlinkdim=121 maxerr=6.64E-08 time=1.551
After sweep 23 energy=-7.581269  maxlinkdim=123 maxerr=1.71E-09 time=1.556
After sweep 24 energy=-7.5812416  maxlinkdim=122 maxerr=1.54E-09 time=1.523
After sweep 25 energy=-7.5813136  maxlinkdim=121 maxerr=3.34E-07 time=1.553
After sweep 26 energy=-7.5812807  maxlinkdim=127 maxerr=8.52E-08 time=1.547
After sweep 27 energy=-7.5812764  maxlinkdim=123 maxerr=1.10E-09 time=1.555
After sweep 28 energy=-7.5812926  maxlinkdim=119 maxerr=9.39E-08 time=1.520
After sweep 29 energy=-7.581295  maxlinkdim=123 maxerr=1.34E-09 time=1.555
After sweep 30 energy=-7.581315  maxlinkdim=121 maxerr=4.37E-09 time=1.549
FOUND MU (secant); mu: -2.6213793207727942  n: 0.49999997
Target density achieved with mu=-2.6213793207727942, n=0.49999997
Checking {alpha,beta} vs measured
Alpha not converged.
NOT CONVERGED; updating alpha, beta and continuing...
After sweep 1 energy=-5.5800605  maxlinkdim=16 maxerr=1.84E-07 time=0.533
After sweep 2 energy=-6.9525547  maxlinkdim=164 maxerr=1.52E-08 time=1.238
After sweep 3 energy=-7.221941  maxlinkdim=166 maxerr=1.08E-07 time=1.912
After sweep 4 energy=-7.37512  maxlinkdim=172 maxerr=3.34E-09 time=1.994
After sweep 5 energy=-7.463679  maxlinkdim=181 maxerr=1.38E-08 time=1.940
After sweep 6 energy=-7.5142007  maxlinkdim=164 maxerr=2.07E-07 time=1.836
After sweep 7 energy=-7.543966  maxlinkdim=170 maxerr=1.87E-07 time=1.719
After sweep 8 energy=-7.56128  maxlinkdim=171 maxerr=1.62E-08 time=1.605
After sweep 9 energy=-7.570585  maxlinkdim=140 maxerr=3.89E-08 time=1.557
After sweep 10 energy=-7.5761538  maxlinkdim=143 maxerr=2.55E-07 time=1.506
After sweep 11 energy=-7.579362  maxlinkdim=151 maxerr=1.49E-09 time=1.562
After sweep 12 energy=-7.580752  maxlinkdim=148 maxerr=2.16E-10 time=1.536
After sweep 13 energy=-7.581013  maxlinkdim=128 maxerr=5.79E-09 time=1.528
After sweep 14 energy=-7.581052  maxlinkdim=128 maxerr=1.81E-09 time=1.560
After sweep 15 energy=-7.5810547  maxlinkdim=125 maxerr=1.65E-09 time=1.553
After sweep 16 energy=-7.580996  maxlinkdim=122 maxerr=9.31E-10 time=1.564
After sweep 17 energy=-7.5810575  maxlinkdim=125 maxerr=6.79E-10 time=1.525
After sweep 18 energy=-7.581049  maxlinkdim=122 maxerr=9.99E-11 time=1.518
After sweep 19 energy=-7.581047  maxlinkdim=122 maxerr=1.45E-09 time=1.558
After sweep 20 energy=-7.581005  maxlinkdim=122 maxerr=7.30E-08 time=1.528
After sweep 21 energy=-7.5810375  maxlinkdim=121 maxerr=8.29E-08 time=1.563
After sweep 22 energy=-7.5810246  maxlinkdim=122 maxerr=9.74E-10 time=1.530
After sweep 23 energy=-7.58103  maxlinkdim=122 maxerr=1.02E-07 time=1.563
After sweep 24 energy=-7.58105  maxlinkdim=122 maxerr=1.34E-09 time=1.526
After sweep 25 energy=-7.5810184  maxlinkdim=122 maxerr=1.00E-10 time=1.524
After sweep 26 energy=-7.581066  maxlinkdim=121 maxerr=1.04E-09 time=1.566
After sweep 27 energy=-7.5810685  maxlinkdim=124 maxerr=9.84E-10 time=1.524
After sweep 28 energy=-7.5810394  maxlinkdim=120 maxerr=1.30E-07 time=1.564
After sweep 29 energy=-7.5810423  maxlinkdim=122 maxerr=1.81E-09 time=1.528
After sweep 30 energy=-7.5810366  maxlinkdim=124 maxerr=1.44E-07 time=1.565
Same mu: -2.6213793207727942 and continuing
Target density achieved with mu=-2.6213793207727942, n=0.5000008
Checking {alpha,beta} vs measured
Converged {alpha,beta}. mu=-2.6213793207727942, n=0.5000008
Exiting loop
After sweep 1 energy=-5.609060036919025  maxlinkdim=16 maxerr=8.80E-11 time=18.370
After sweep 2 energy=-6.867059139088523  maxlinkdim=102 maxerr=9.99E-11 time=1.339
After sweep 3 energy=-7.180302374465594  maxlinkdim=135 maxerr=1.00E-10 time=2.129
After sweep 4 energy=-7.2427653840428246  maxlinkdim=133 maxerr=9.99E-11 time=2.166
After sweep 5 energy=-7.285617281103014  maxlinkdim=149 maxerr=1.00E-10 time=2.190
After sweep 6 energy=-7.31867778616945  maxlinkdim=219 maxerr=9.99E-11 time=2.341
After sweep 7 energy=-7.337992842636438  maxlinkdim=192 maxerr=1.00E-10 time=2.431
After sweep 8 energy=-7.347850650815953  maxlinkdim=153 maxerr=9.99E-11 time=2.310
After sweep 9 energy=-7.353719807661152  maxlinkdim=184 maxerr=9.99E-11 time=2.153
After sweep 10 energy=-7.359488837005712  maxlinkdim=160 maxerr=9.99E-11 time=2.173
After sweep 11 energy=-7.363525349655124  maxlinkdim=183 maxerr=1.00E-10 time=2.171
After sweep 12 energy=-7.365628427568032  maxlinkdim=175 maxerr=9.99E-11 time=2.178
After sweep 13 energy=-7.366464519845149  maxlinkdim=158 maxerr=1.00E-10 time=2.138
After sweep 14 energy=-7.367063905205135  maxlinkdim=169 maxerr=9.99E-11 time=2.073
After sweep 15 energy=-7.367528967302599  maxlinkdim=163 maxerr=1.00E-10 time=2.030
After sweep 16 energy=-7.367881606370465  maxlinkdim=163 maxerr=1.00E-10 time=1.986
After sweep 17 energy=-7.36810977853947  maxlinkdim=160 maxerr=1.00E-10 time=1.947
After sweep 18 energy=-7.3682775841171235  maxlinkdim=163 maxerr=1.00E-10 time=1.927
After sweep 19 energy=-7.368369043620876  maxlinkdim=149 maxerr=9.99E-11 time=1.855
After sweep 20 energy=-7.368437168384157  maxlinkdim=143 maxerr=1.00E-10 time=1.783
After sweep 21 energy=-7.3684873602762755  maxlinkdim=140 maxerr=1.00E-10 time=1.815
After sweep 22 energy=-7.368528405228443  maxlinkdim=154 maxerr=9.96E-11 time=1.759
After sweep 23 energy=-7.36855173542598  maxlinkdim=139 maxerr=1.00E-10 time=1.750
After sweep 24 energy=-7.368568184709409  maxlinkdim=147 maxerr=9.99E-11 time=1.785
After sweep 25 energy=-7.368578939637063  maxlinkdim=148 maxerr=9.98E-11 time=1.767
After sweep 26 energy=-7.368585059428448  maxlinkdim=153 maxerr=1.00E-10 time=1.804
After sweep 27 energy=-7.368588592153074  maxlinkdim=159 maxerr=9.97E-11 time=1.812
After sweep 28 energy=-7.368590837674384  maxlinkdim=151 maxerr=1.00E-10 time=1.771
After sweep 29 energy=-7.368592085687663  maxlinkdim=157 maxerr=9.98E-11 time=1.836
After sweep 30 energy=-7.368592769238278  maxlinkdim=166 maxerr=9.98E-11 time=1.819
Calculation finished. Saving results to results_U_-4.0_t_p_0.15_gpu.h5
Run completed successfully!
