outfile_name: results_U_-4.0_t0_0.1_t_p_0.1_gpu.h5
[ Info:  started timer at: 2026-01-05T08:58:13.859
Starting fresh run
Running with t0=0.1 t_p=0.1 U=-4.0 L=64 chi_max=1000 E_p=1.476 mu_init=-2.64
After sweep 1 energy=1.9175678  maxlinkdim=10 maxerr=3.75E-03 time=30.353
After sweep 2 energy=-4.557601  maxlinkdim=20 maxerr=2.43E-04 time=1.522
After sweep 3 energy=-5.9774666  maxlinkdim=100 maxerr=2.77E-06 time=2.660
After sweep 4 energy=-6.580757  maxlinkdim=444 maxerr=1.00E-10 time=7.791
After sweep 5 energy=-7.260788  maxlinkdim=622 maxerr=7.02E-08 time=10.732
After sweep 6 energy=-7.772695  maxlinkdim=619 maxerr=4.43E-08 time=12.286
After sweep 7 energy=-8.290893  maxlinkdim=992 maxerr=2.09E-08 time=15.707
After sweep 8 energy=-8.627243  maxlinkdim=779 maxerr=5.95E-08 time=21.626
After sweep 9 energy=-8.851299  maxlinkdim=752 maxerr=9.99E-11 time=22.935
After sweep 10 energy=-9.003047  maxlinkdim=878 maxerr=3.74E-08 time=28.993
After sweep 11 energy=-9.096137  maxlinkdim=983 maxerr=4.41E-09 time=32.016
After sweep 12 energy=-9.155584  maxlinkdim=1000 maxerr=6.18E-10 time=43.573
After sweep 13 energy=-9.184484  maxlinkdim=1000 maxerr=1.08E-08 time=63.130
After sweep 14 energy=-9.1928005  maxlinkdim=1000 maxerr=2.25E-09 time=63.641
After sweep 15 energy=-9.196054  maxlinkdim=1000 maxerr=3.26E-09 time=70.846
After sweep 16 energy=-9.196935  maxlinkdim=1000 maxerr=1.08E-08 time=81.816
After sweep 17 energy=-9.197043  maxlinkdim=1000 maxerr=1.96E-07 time=84.772
After sweep 18 energy=-9.196971  maxlinkdim=1000 maxerr=1.78E-07 time=85.603
After sweep 19 energy=-9.196892  maxlinkdim=1000 maxerr=2.00E-08 time=84.453
After sweep 20 energy=-9.196936  maxlinkdim=1000 maxerr=9.72E-08 time=85.098
After sweep 21 energy=-9.196934  maxlinkdim=1000 maxerr=4.03E-08 time=84.399
After sweep 22 energy=-9.196972  maxlinkdim=1000 maxerr=3.00E-09 time=84.591
After sweep 23 energy=-9.196988  maxlinkdim=1000 maxerr=9.04E-08 time=85.017
After sweep 24 energy=-9.196973  maxlinkdim=1000 maxerr=2.53E-08 time=84.500
After sweep 25 energy=-9.1969595  maxlinkdim=1000 maxerr=4.22E-08 time=85.039
After sweep 26 energy=-9.196931  maxlinkdim=1000 maxerr=3.31E-09 time=84.427
After sweep 27 energy=-9.196976  maxlinkdim=1000 maxerr=3.01E-09 time=84.998
After sweep 28 energy=-9.196904  maxlinkdim=1000 maxerr=3.07E-09 time=84.331
After sweep 29 energy=-9.196943  maxlinkdim=1000 maxerr=1.70E-08 time=85.063
After sweep 30 energy=-9.196957  maxlinkdim=1000 maxerr=1.14E-07 time=84.395
Not same mu, searching again
After sweep 1 energy=2.5385084  maxlinkdim=10 maxerr=6.19E-03 time=1.356
After sweep 2 energy=-4.85289  maxlinkdim=20 maxerr=1.49E-04 time=1.654
After sweep 3 energy=-6.217021  maxlinkdim=100 maxerr=9.76E-07 time=2.374
After sweep 4 energy=-6.738511  maxlinkdim=462 maxerr=1.00E-10 time=8.358
After sweep 5 energy=-7.125485  maxlinkdim=476 maxerr=5.69E-10 time=10.503
After sweep 6 energy=-7.3996167  maxlinkdim=504 maxerr=1.24E-08 time=11.357
After sweep 7 energy=-7.609183  maxlinkdim=576 maxerr=1.33E-09 time=13.192
After sweep 8 energy=-7.809713  maxlinkdim=766 maxerr=1.42E-09 time=16.083
After sweep 9 energy=-8.024302  maxlinkdim=1000 maxerr=4.48E-08 time=22.486
After sweep 10 energy=-8.246957  maxlinkdim=1000 maxerr=1.84E-07 time=32.063
After sweep 11 energy=-8.409749  maxlinkdim=1000 maxerr=8.63E-08 time=38.161
After sweep 12 energy=-8.496589  maxlinkdim=1000 maxerr=1.30E-08 time=45.716
After sweep 13 energy=-8.530155  maxlinkdim=1000 maxerr=2.42E-08 time=50.738
After sweep 14 energy=-8.544767  maxlinkdim=1000 maxerr=6.59E-08 time=55.800
After sweep 15 energy=-8.552067  maxlinkdim=1000 maxerr=2.33E-07 time=67.846
After sweep 16 energy=-8.553711  maxlinkdim=1000 maxerr=5.02E-08 time=80.534
After sweep 17 energy=-8.5539055  maxlinkdim=1000 maxerr=2.91E-07 time=84.538
After sweep 18 energy=-8.553947  maxlinkdim=1000 maxerr=8.86E-08 time=84.437
After sweep 19 energy=-8.553912  maxlinkdim=1000 maxerr=1.12E-07 time=85.164
After sweep 20 energy=-8.55391  maxlinkdim=1000 maxerr=2.49E-09 time=84.256
After sweep 21 energy=-8.5539055  maxlinkdim=1000 maxerr=1.05E-08 time=85.036
After sweep 22 energy=-8.5539055  maxlinkdim=1000 maxerr=1.92E-07 time=84.242
After sweep 23 energy=-8.553927  maxlinkdim=1000 maxerr=2.35E-09 time=84.360
After sweep 24 energy=-8.553868  maxlinkdim=1000 maxerr=7.70E-08 time=85.045
After sweep 25 energy=-8.55389  maxlinkdim=1000 maxerr=1.44E-08 time=84.271
After sweep 26 energy=-8.553898  maxlinkdim=1000 maxerr=2.58E-08 time=85.056
After sweep 27 energy=-8.55388  maxlinkdim=1000 maxerr=1.40E-08 time=84.187
After sweep 28 energy=-8.553871  maxlinkdim=1000 maxerr=3.14E-07 time=84.909
After sweep 29 energy=-8.553971  maxlinkdim=1000 maxerr=1.14E-07 time=84.185
After sweep 30 energy=-8.55385  maxlinkdim=1000 maxerr=4.42E-08 time=84.949
n0: 0.49626148; n1: 0.5085281; mu0: -2.65; mu1: -2.64

Range found between mu0: -2.65 (n0: 0.49626148) and mu1: -2.64 (n1: 0.5085281); refining...
n0: 0.49626148; n1: 0.5085281; mu0: -2.65; mu1: -2.64
Trying secant step...
After sweep 1 energy=2.270638  maxlinkdim=10 maxerr=9.09E-03 time=1.397
After sweep 2 energy=-4.7214255  maxlinkdim=20 maxerr=3.15E-04 time=1.778
After sweep 3 energy=-6.239157  maxlinkdim=100 maxerr=3.17E-06 time=2.413
After sweep 4 energy=-6.863645  maxlinkdim=519 maxerr=9.99E-11 time=8.442
After sweep 5 energy=-7.368252  maxlinkdim=614 maxerr=6.12E-08 time=11.242
After sweep 6 energy=-7.7746015  maxlinkdim=716 maxerr=1.00E-10 time=13.950
After sweep 7 energy=-8.140471  maxlinkdim=816 maxerr=1.60E-08 time=17.954
After sweep 8 energy=-8.416826  maxlinkdim=1000 maxerr=1.80E-08 time=28.263
After sweep 9 energy=-8.576405  maxlinkdim=1000 maxerr=1.62E-07 time=35.357
After sweep 10 energy=-8.66533  maxlinkdim=1000 maxerr=4.85E-08 time=40.282
After sweep 11 energy=-8.719577  maxlinkdim=1000 maxerr=1.59E-07 time=50.140
After sweep 12 energy=-8.740511  maxlinkdim=1000 maxerr=2.85E-08 time=64.078
After sweep 13 energy=-8.74687  maxlinkdim=1000 maxerr=1.99E-08 time=75.241
After sweep 14 energy=-8.747977  maxlinkdim=1000 maxerr=2.89E-09 time=78.722
After sweep 15 energy=-8.748218  maxlinkdim=1000 maxerr=4.86E-09 time=81.446
After sweep 16 energy=-8.748228  maxlinkdim=1000 maxerr=1.55E-08 time=85.063
After sweep 17 energy=-8.748249  maxlinkdim=1000 maxerr=8.79E-09 time=84.224
After sweep 18 energy=-8.748248  maxlinkdim=1000 maxerr=2.75E-09 time=85.135
After sweep 19 energy=-8.748213  maxlinkdim=1000 maxerr=1.31E-07 time=84.204
After sweep 20 energy=-8.748173  maxlinkdim=1000 maxerr=2.67E-09 time=85.015
After sweep 21 energy=-8.748215  maxlinkdim=1000 maxerr=6.72E-09 time=84.212
After sweep 22 energy=-8.7481785  maxlinkdim=1000 maxerr=2.55E-08 time=84.999
After sweep 23 energy=-8.7482395  maxlinkdim=1000 maxerr=1.07E-07 time=84.223
After sweep 24 energy=-8.748156  maxlinkdim=1000 maxerr=1.67E-07 time=84.326
After sweep 25 energy=-8.748203  maxlinkdim=1000 maxerr=2.37E-07 time=85.000
After sweep 26 energy=-8.748148  maxlinkdim=1000 maxerr=2.02E-07 time=84.264
After sweep 27 energy=-8.748188  maxlinkdim=1000 maxerr=2.78E-09 time=84.995
After sweep 28 energy=-8.748215  maxlinkdim=1000 maxerr=1.24E-07 time=84.233
After sweep 29 energy=-8.748234  maxlinkdim=1000 maxerr=2.21E-08 time=84.972
After sweep 30 energy=-8.748152  maxlinkdim=1000 maxerr=1.51E-07 time=84.271
n0: 0.49626148; n1: 0.5000424; mu0: -2.65; mu1: -2.646952283770651
Trying secant step...
After sweep 1 energy=1.7960526  maxlinkdim=10 maxerr=7.39E-03 time=1.389
After sweep 2 energy=-4.977034  maxlinkdim=20 maxerr=2.52E-04 time=1.770
After sweep 3 energy=-6.590102  maxlinkdim=100 maxerr=7.67E-06 time=2.408
After sweep 4 energy=-7.1570344  maxlinkdim=503 maxerr=1.00E-10 time=8.963
After sweep 5 energy=-7.7309923  maxlinkdim=567 maxerr=4.21E-09 time=12.018
After sweep 6 energy=-8.112448  maxlinkdim=558 maxerr=1.00E-10 time=13.963
After sweep 7 energy=-8.397616  maxlinkdim=692 maxerr=6.12E-09 time=18.131
After sweep 8 energy=-8.582341  maxlinkdim=1000 maxerr=2.29E-08 time=23.723
After sweep 9 energy=-8.674626  maxlinkdim=1000 maxerr=1.85E-08 time=35.929
After sweep 10 energy=-8.717529  maxlinkdim=1000 maxerr=5.89E-08 time=44.048
After sweep 11 energy=-8.739704  maxlinkdim=1000 maxerr=9.16E-08 time=61.948
After sweep 12 energy=-8.744705  maxlinkdim=1000 maxerr=2.92E-08 time=71.697
After sweep 13 energy=-8.745847  maxlinkdim=1000 maxerr=2.06E-08 time=78.398
After sweep 14 energy=-8.746044  maxlinkdim=1000 maxerr=2.00E-08 time=82.234
After sweep 15 energy=-8.746018  maxlinkdim=1000 maxerr=1.24E-07 time=84.744
After sweep 16 energy=-8.746039  maxlinkdim=1000 maxerr=2.93E-08 time=84.529
After sweep 17 energy=-8.746038  maxlinkdim=1000 maxerr=2.34E-08 time=85.129
After sweep 18 energy=-8.745987  maxlinkdim=1000 maxerr=1.18E-07 time=84.269
After sweep 19 energy=-8.746012  maxlinkdim=1000 maxerr=2.97E-08 time=84.921
After sweep 20 energy=-8.746024  maxlinkdim=1000 maxerr=2.76E-08 time=84.224
After sweep 21 energy=-8.746042  maxlinkdim=1000 maxerr=7.63E-08 time=84.986
After sweep 22 energy=-8.746035  maxlinkdim=1000 maxerr=2.60E-09 time=84.233
After sweep 23 energy=-8.745999  maxlinkdim=1000 maxerr=4.85E-08 time=84.278
After sweep 24 energy=-8.74603  maxlinkdim=1000 maxerr=2.47E-08 time=84.918
After sweep 25 energy=-8.746015  maxlinkdim=1000 maxerr=1.78E-08 time=84.232
After sweep 26 energy=-8.746036  maxlinkdim=1000 maxerr=3.04E-08 time=84.997
After sweep 27 energy=-8.746051  maxlinkdim=1000 maxerr=2.57E-09 time=84.285
After sweep 28 energy=-8.746069  maxlinkdim=1000 maxerr=2.80E-09 time=85.047
After sweep 29 energy=-8.74602  maxlinkdim=1000 maxerr=2.75E-09 time=84.216
After sweep 30 energy=-8.745987  maxlinkdim=1000 maxerr=2.57E-09 time=84.982
FOUND MU (secant); mu: -2.6469864446370623  n: 0.49999994
Target density achieved with mu=-2.6469864446370623, n=0.49999994
Checking {alpha,beta} vs measured
Alpha not converged.
NOT CONVERGED; updating alpha, beta and continuing...
After sweep 1 energy=3.8632152  maxlinkdim=10 maxerr=5.80E-03 time=1.298
After sweep 2 energy=-2.7873728  maxlinkdim=20 maxerr=2.35E-04 time=1.644
After sweep 3 energy=-3.786787  maxlinkdim=100 maxerr=3.96E-06 time=2.685
After sweep 4 energy=-4.1252856  maxlinkdim=840 maxerr=1.00E-10 time=26.057
After sweep 5 energy=-4.38479  maxlinkdim=673 maxerr=4.63E-08 time=42.569
After sweep 6 energy=-4.6183615  maxlinkdim=659 maxerr=1.18E-09 time=30.144
After sweep 7 energy=-4.851155  maxlinkdim=689 maxerr=2.29E-07 time=29.772
After sweep 8 energy=-5.077535  maxlinkdim=714 maxerr=1.01E-09 time=33.203
After sweep 9 energy=-5.3300037  maxlinkdim=673 maxerr=9.05E-09 time=38.341
After sweep 10 energy=-5.5279536  maxlinkdim=735 maxerr=6.35E-10 time=45.538
After sweep 11 energy=-5.667617  maxlinkdim=801 maxerr=3.31E-08 time=55.876
After sweep 12 energy=-5.7750945  maxlinkdim=912 maxerr=1.83E-08 time=71.015
After sweep 13 energy=-5.8504667  maxlinkdim=1000 maxerr=1.80E-08 time=93.434
After sweep 14 energy=-5.902464  maxlinkdim=1000 maxerr=2.02E-08 time=126.450
After sweep 15 energy=-5.930249  maxlinkdim=1000 maxerr=4.80E-08 time=158.395
After sweep 16 energy=-5.9421935  maxlinkdim=1000 maxerr=3.29E-08 time=170.950
After sweep 17 energy=-5.9478617  maxlinkdim=1000 maxerr=1.40E-08 time=193.086
After sweep 18 energy=-5.949744  maxlinkdim=1000 maxerr=9.56E-08 time=223.911
After sweep 19 energy=-5.9500113  maxlinkdim=1000 maxerr=6.24E-08 time=241.462
After sweep 20 energy=-5.9500294  maxlinkdim=1000 maxerr=1.16E-08 time=248.690
After sweep 21 energy=-5.9500184  maxlinkdim=1000 maxerr=1.78E-08 time=248.963
After sweep 22 energy=-5.9499683  maxlinkdim=1000 maxerr=2.63E-08 time=248.918
After sweep 23 energy=-5.949977  maxlinkdim=1000 maxerr=1.03E-08 time=250.479
After sweep 24 energy=-5.949996  maxlinkdim=1000 maxerr=9.20E-08 time=248.200
After sweep 25 energy=-5.9499726  maxlinkdim=1000 maxerr=1.37E-08 time=250.874
After sweep 26 energy=-5.949981  maxlinkdim=1000 maxerr=1.19E-07 time=248.189
After sweep 27 energy=-5.9499645  maxlinkdim=1000 maxerr=6.53E-08 time=248.453
After sweep 28 energy=-5.949994  maxlinkdim=1000 maxerr=1.74E-08 time=248.221
After sweep 29 energy=-5.9500055  maxlinkdim=1000 maxerr=1.75E-08 time=248.369
After sweep 30 energy=-5.9499574  maxlinkdim=1000 maxerr=1.59E-09 time=248.609
Not same mu, searching again
After sweep 1 energy=3.9466696  maxlinkdim=10 maxerr=5.67E-03 time=1.311
After sweep 2 energy=-2.8020754  maxlinkdim=20 maxerr=7.30E-04 time=1.638
After sweep 3 energy=-3.8802438  maxlinkdim=100 maxerr=6.89E-06 time=2.809
After sweep 4 energy=-4.189666  maxlinkdim=883 maxerr=1.00E-10 time=27.863
After sweep 5 energy=-4.4490037  maxlinkdim=803 maxerr=4.19E-09 time=46.242
After sweep 6 energy=-4.706424  maxlinkdim=784 maxerr=1.60E-08 time=36.350
After sweep 7 energy=-4.992987  maxlinkdim=781 maxerr=7.75E-09 time=35.745
After sweep 8 energy=-5.3567653  maxlinkdim=797 maxerr=1.62E-08 time=39.395
After sweep 9 energy=-5.727363  maxlinkdim=859 maxerr=4.21E-08 time=47.117
After sweep 10 energy=-5.991966  maxlinkdim=912 maxerr=1.29E-08 time=58.838
After sweep 11 energy=-6.189493  maxlinkdim=877 maxerr=1.31E-07 time=68.271
After sweep 12 energy=-6.3349223  maxlinkdim=1000 maxerr=2.53E-08 time=80.765
After sweep 13 energy=-6.4452586  maxlinkdim=1000 maxerr=7.49E-08 time=102.713
After sweep 14 energy=-6.497573  maxlinkdim=1000 maxerr=4.52E-08 time=124.456
After sweep 15 energy=-6.521225  maxlinkdim=1000 maxerr=7.07E-10 time=147.158
After sweep 16 energy=-6.531285  maxlinkdim=1000 maxerr=6.75E-09 time=185.277
After sweep 17 energy=-6.534247  maxlinkdim=1000 maxerr=4.44E-08 time=215.166
After sweep 18 energy=-6.535077  maxlinkdim=1000 maxerr=1.23E-07 time=224.607
After sweep 19 energy=-6.535325  maxlinkdim=1000 maxerr=1.10E-07 time=239.941
After sweep 20 energy=-6.5353327  maxlinkdim=1000 maxerr=1.99E-08 time=248.449
After sweep 21 energy=-6.535293  maxlinkdim=1000 maxerr=3.43E-08 time=250.209
After sweep 22 energy=-6.535307  maxlinkdim=1000 maxerr=3.64E-08 time=249.792
After sweep 23 energy=-6.53527  maxlinkdim=1000 maxerr=9.43E-08 time=252.240
After sweep 24 energy=-6.535287  maxlinkdim=1000 maxerr=4.45E-09 time=249.667
After sweep 25 energy=-6.535335  maxlinkdim=1000 maxerr=5.16E-09 time=249.309
After sweep 26 energy=-6.5352654  maxlinkdim=1000 maxerr=2.32E-08 time=253.236
After sweep 27 energy=-6.5353136  maxlinkdim=1000 maxerr=1.08E-07 time=249.258
After sweep 28 energy=-6.5353045  maxlinkdim=1000 maxerr=2.40E-08 time=249.352
After sweep 29 energy=-6.535305  maxlinkdim=1000 maxerr=3.42E-08 time=249.224
After sweep 30 energy=-6.5353017  maxlinkdim=1000 maxerr=2.26E-09 time=249.575
n0: 0.44987798; n1: 0.4646412; mu0: -2.6469864446370623; mu1: -2.6369864446370626
n_target > n1 and n_target > n0 triggered
After sweep 1 energy=3.7439477  maxlinkdim=10 maxerr=5.72E-03 time=1.376
After sweep 2 energy=-3.6165142  maxlinkdim=20 maxerr=1.47E-04 time=1.537
After sweep 3 energy=-4.7504916  maxlinkdim=100 maxerr=2.86E-06 time=2.628
After sweep 4 energy=-5.2115993  maxlinkdim=826 maxerr=1.00E-10 time=27.111
After sweep 5 energy=-5.592881  maxlinkdim=730 maxerr=1.00E-10 time=41.135
After sweep 6 energy=-5.8946595  maxlinkdim=719 maxerr=7.94E-08 time=32.059
After sweep 7 energy=-6.160306  maxlinkdim=766 maxerr=9.73E-09 time=34.122
After sweep 8 energy=-6.457207  maxlinkdim=948 maxerr=1.30E-07 time=43.536
After sweep 9 energy=-6.6791005  maxlinkdim=914 maxerr=5.36E-08 time=65.155
After sweep 10 energy=-6.829649  maxlinkdim=973 maxerr=2.93E-08 time=70.028
After sweep 11 energy=-6.942967  maxlinkdim=974 maxerr=2.11E-08 time=78.220
After sweep 12 energy=-7.0196376  maxlinkdim=973 maxerr=1.46E-08 time=87.690
After sweep 13 energy=-7.0752425  maxlinkdim=1000 maxerr=3.93E-08 time=101.754
After sweep 14 energy=-7.115028  maxlinkdim=1000 maxerr=1.77E-08 time=145.406
After sweep 15 energy=-7.1307936  maxlinkdim=1000 maxerr=1.28E-08 time=190.120
After sweep 16 energy=-7.136156  maxlinkdim=1000 maxerr=1.54E-08 time=188.941
After sweep 17 energy=-7.138558  maxlinkdim=1000 maxerr=1.21E-08 time=215.245
After sweep 18 energy=-7.139088  maxlinkdim=1000 maxerr=1.98E-08 time=235.537
After sweep 19 energy=-7.1391597  maxlinkdim=1000 maxerr=5.50E-09 time=250.630
After sweep 20 energy=-7.139124  maxlinkdim=1000 maxerr=2.33E-07 time=251.063
After sweep 21 energy=-7.139178  maxlinkdim=1000 maxerr=2.49E-08 time=250.820
After sweep 22 energy=-7.139158  maxlinkdim=1000 maxerr=5.85E-09 time=250.317
After sweep 23 energy=-7.1391554  maxlinkdim=1000 maxerr=1.35E-08 time=251.540
After sweep 24 energy=-7.1391325  maxlinkdim=1000 maxerr=2.62E-09 time=249.707
After sweep 25 energy=-7.1391044  maxlinkdim=1000 maxerr=2.66E-09 time=250.153
After sweep 26 energy=-7.1391835  maxlinkdim=1000 maxerr=1.25E-08 time=250.353
After sweep 27 energy=-7.1391473  maxlinkdim=1000 maxerr=5.45E-08 time=250.617
After sweep 28 energy=-7.139196  maxlinkdim=1000 maxerr=1.85E-08 time=250.478
After sweep 29 energy=-7.1391735  maxlinkdim=1000 maxerr=5.27E-09 time=251.950
After sweep 30 energy=-7.139153  maxlinkdim=1000 maxerr=6.31E-09 time=250.222
n0: 0.4646412; n1: 0.47886083; mu0: -2.6369864446370626; mu1: -2.6269864446370628
n_target > n1 and n_target > n0 triggered
After sweep 1 energy=1.8714846  maxlinkdim=10 maxerr=4.92E-03 time=1.384
After sweep 2 energy=-4.122192  maxlinkdim=20 maxerr=2.42E-04 time=1.527
After sweep 3 energy=-5.353094  maxlinkdim=100 maxerr=1.90E-06 time=2.607
After sweep 4 energy=-5.7931833  maxlinkdim=734 maxerr=1.00E-10 time=28.162
After sweep 5 energy=-6.217378  maxlinkdim=616 maxerr=1.50E-08 time=47.183
After sweep 6 energy=-6.545344  maxlinkdim=654 maxerr=4.97E-08 time=34.739
After sweep 7 energy=-6.826607  maxlinkdim=602 maxerr=1.44E-09 time=34.482
After sweep 8 energy=-7.1242685  maxlinkdim=688 maxerr=1.19E-07 time=41.297
After sweep 9 energy=-7.357289  maxlinkdim=783 maxerr=1.39E-08 time=58.626
After sweep 10 energy=-7.5303535  maxlinkdim=1000 maxerr=3.89E-09 time=80.212
After sweep 11 energy=-7.6363444  maxlinkdim=1000 maxerr=3.92E-08 time=100.881
After sweep 12 energy=-7.703258  maxlinkdim=1000 maxerr=9.35E-10 time=136.670
After sweep 13 energy=-7.735879  maxlinkdim=1000 maxerr=6.96E-09 time=170.668
After sweep 14 energy=-7.750687  maxlinkdim=1000 maxerr=7.21E-08 time=192.096
After sweep 15 energy=-7.7575507  maxlinkdim=1000 maxerr=9.91E-08 time=210.556
After sweep 16 energy=-7.7601995  maxlinkdim=1000 maxerr=8.82E-09 time=236.405
After sweep 17 energy=-7.7608314  maxlinkdim=1000 maxerr=5.54E-09 time=250.878
After sweep 18 energy=-7.7608776  maxlinkdim=1000 maxerr=3.67E-09 time=251.487
After sweep 19 energy=-7.760925  maxlinkdim=1000 maxerr=2.54E-08 time=251.292
After sweep 20 energy=-7.7609134  maxlinkdim=1000 maxerr=3.80E-09 time=251.748
After sweep 21 energy=-7.7608724  maxlinkdim=1000 maxerr=3.43E-09 time=252.882
After sweep 22 energy=-7.760868  maxlinkdim=1000 maxerr=2.53E-08 time=250.702
After sweep 23 energy=-7.760902  maxlinkdim=1000 maxerr=2.79E-08 time=250.448
After sweep 24 energy=-7.7608476  maxlinkdim=1000 maxerr=6.04E-09 time=250.147
After sweep 25 energy=-7.760887  maxlinkdim=1000 maxerr=3.51E-09 time=250.572
After sweep 26 energy=-7.760892  maxlinkdim=1000 maxerr=3.34E-09 time=251.015
After sweep 27 energy=-7.76089  maxlinkdim=1000 maxerr=3.99E-08 time=250.747
After sweep 28 energy=-7.760901  maxlinkdim=1000 maxerr=3.64E-09 time=250.790
After sweep 29 energy=-7.7608895  maxlinkdim=1000 maxerr=2.39E-08 time=253.192
After sweep 30 energy=-7.76093  maxlinkdim=1000 maxerr=3.75E-09 time=250.570
n0: 0.47886083; n1: 0.49258292; mu0: -2.6269864446370628; mu1: -2.616986444637063
n_target > n1 and n_target > n0 triggered
After sweep 1 energy=2.9308534  maxlinkdim=10 maxerr=5.39E-03 time=1.359
After sweep 2 energy=-3.8866625  maxlinkdim=20 maxerr=4.08E-04 time=1.521
After sweep 3 energy=-5.3348584  maxlinkdim=100 maxerr=2.98E-06 time=2.647
After sweep 4 energy=-5.8850255  maxlinkdim=760 maxerr=1.00E-10 time=26.317
After sweep 5 energy=-6.421992  maxlinkdim=755 maxerr=4.75E-08 time=45.191
After sweep 6 energy=-6.856067  maxlinkdim=792 maxerr=1.10E-07 time=38.622
After sweep 7 energy=-7.194296  maxlinkdim=776 maxerr=8.86E-09 time=39.196
After sweep 8 energy=-7.4973617  maxlinkdim=745 maxerr=2.86E-08 time=44.031
After sweep 9 energy=-7.738717  maxlinkdim=994 maxerr=2.29E-10 time=54.025
After sweep 10 energy=-7.9546566  maxlinkdim=1000 maxerr=5.91E-08 time=63.039
After sweep 11 energy=-8.103997  maxlinkdim=1000 maxerr=1.53E-08 time=85.373
After sweep 12 energy=-8.210737  maxlinkdim=1000 maxerr=3.72E-09 time=96.964
After sweep 13 energy=-8.284522  maxlinkdim=1000 maxerr=1.10E-08 time=112.512
After sweep 14 energy=-8.340466  maxlinkdim=1000 maxerr=2.77E-09 time=136.138
After sweep 15 energy=-8.375954  maxlinkdim=1000 maxerr=5.70E-08 time=173.398
After sweep 16 energy=-8.391394  maxlinkdim=1000 maxerr=4.67E-08 time=202.775
After sweep 17 energy=-8.397071  maxlinkdim=1000 maxerr=2.86E-08 time=216.839
After sweep 18 energy=-8.399581  maxlinkdim=1000 maxerr=3.98E-08 time=233.388
After sweep 19 energy=-8.399906  maxlinkdim=1000 maxerr=2.90E-08 time=252.394
After sweep 20 energy=-8.399926  maxlinkdim=1000 maxerr=2.20E-08 time=252.607
After sweep 21 energy=-8.399919  maxlinkdim=1000 maxerr=8.38E-08 time=251.450
After sweep 22 energy=-8.399904  maxlinkdim=1000 maxerr=6.09E-08 time=251.796
After sweep 23 energy=-8.399895  maxlinkdim=1000 maxerr=7.02E-08 time=251.505
After sweep 24 energy=-8.3998995  maxlinkdim=1000 maxerr=3.40E-08 time=252.078
After sweep 25 energy=-8.399896  maxlinkdim=1000 maxerr=6.89E-08 time=254.403
After sweep 26 energy=-8.399918  maxlinkdim=1000 maxerr=6.72E-08 time=251.763
After sweep 27 energy=-8.39993  maxlinkdim=1000 maxerr=6.71E-08 time=251.445
After sweep 28 energy=-8.399891  maxlinkdim=1000 maxerr=3.25E-08 time=251.843
After sweep 29 energy=-8.399858  maxlinkdim=1000 maxerr=6.07E-09 time=252.024
After sweep 30 energy=-8.399912  maxlinkdim=1000 maxerr=4.16E-09 time=255.215
n0: 0.49258292; n1: 0.5058404; mu0: -2.616986444637063; mu1: -2.606986444637063

Range found between mu0: -2.616986444637063 (n0: 0.49258292) and mu1: -2.606986444637063 (n1: 0.5058404); refining...
n0: 0.49258292; n1: 0.5058404; mu0: -2.616986444637063; mu1: -2.606986444637063
Trying secant step...
After sweep 1 energy=2.7845926  maxlinkdim=10 maxerr=6.04E-03 time=1.313
After sweep 2 energy=-4.8096786  maxlinkdim=20 maxerr=5.09E-04 time=1.439
After sweep 3 energy=-6.097616  maxlinkdim=100 maxerr=3.02E-06 time=2.940
After sweep 4 energy=-6.5184984  maxlinkdim=913 maxerr=1.00E-10 time=37.652
After sweep 5 energy=-6.8782887  maxlinkdim=744 maxerr=8.80E-09 time=61.572
After sweep 6 energy=-7.144878  maxlinkdim=760 maxerr=9.99E-11 time=45.544
After sweep 7 energy=-7.3724794  maxlinkdim=830 maxerr=4.94E-08 time=47.328
After sweep 8 energy=-7.5760574  maxlinkdim=893 maxerr=6.78E-08 time=55.905
After sweep 9 energy=-7.743352  maxlinkdim=983 maxerr=7.37E-08 time=70.843
After sweep 10 energy=-7.8766904  maxlinkdim=1000 maxerr=1.50E-08 time=86.071
After sweep 11 energy=-7.986675  maxlinkdim=1000 maxerr=1.47E-08 time=109.687
After sweep 12 energy=-8.067189  maxlinkdim=1000 maxerr=3.00E-08 time=145.174
After sweep 13 energy=-8.095611  maxlinkdim=1000 maxerr=3.29E-08 time=170.871
After sweep 14 energy=-8.108737  maxlinkdim=1000 maxerr=2.51E-08 time=186.967
After sweep 15 energy=-8.114733  maxlinkdim=1000 maxerr=2.31E-08 time=227.143
After sweep 16 energy=-8.11606  maxlinkdim=1000 maxerr=2.24E-08 time=240.057
After sweep 17 energy=-8.116321  maxlinkdim=1000 maxerr=8.03E-09 time=247.771
After sweep 18 energy=-8.116301  maxlinkdim=1000 maxerr=8.28E-09 time=252.459
After sweep 19 energy=-8.116271  maxlinkdim=1000 maxerr=2.25E-08 time=251.959
After sweep 20 energy=-8.1163025  maxlinkdim=1000 maxerr=3.95E-09 time=251.651
After sweep 21 energy=-8.116326  maxlinkdim=1000 maxerr=7.19E-09 time=250.746
After sweep 22 energy=-8.116343  maxlinkdim=1000 maxerr=3.76E-09 time=251.308
After sweep 23 energy=-8.116293  maxlinkdim=1000 maxerr=4.00E-09 time=250.993
After sweep 24 energy=-8.116306  maxlinkdim=1000 maxerr=2.92E-08 time=251.181
After sweep 25 energy=-8.116292  maxlinkdim=1000 maxerr=1.10E-08 time=250.802
After sweep 26 energy=-8.116301  maxlinkdim=1000 maxerr=1.26E-08 time=251.413
After sweep 27 energy=-8.116268  maxlinkdim=1000 maxerr=3.84E-09 time=251.345
After sweep 28 energy=-8.116316  maxlinkdim=1000 maxerr=1.17E-08 time=251.886
After sweep 29 energy=-8.116293  maxlinkdim=1000 maxerr=1.32E-07 time=251.576
After sweep 30 energy=-8.116308  maxlinkdim=1000 maxerr=4.38E-09 time=251.217
n0: 0.5000547; n1: 0.5058404; mu0: -2.611391814561172; mu1: -2.606986444637063
Trying secant step...
After sweep 1 energy=3.0325649  maxlinkdim=10 maxerr=8.85E-03 time=1.255
After sweep 2 energy=-4.5923743  maxlinkdim=20 maxerr=1.27E-03 time=1.616
After sweep 3 energy=-5.986638  maxlinkdim=100 maxerr=2.38E-06 time=2.740
After sweep 4 energy=-6.3654075  maxlinkdim=849 maxerr=1.00E-10 time=34.887
After sweep 5 energy=-6.6658764  maxlinkdim=674 maxerr=9.39E-09 time=59.701
After sweep 6 energy=-6.956032  maxlinkdim=698 maxerr=2.36E-08 time=44.182
After sweep 7 energy=-7.2338443  maxlinkdim=758 maxerr=2.00E-07 time=45.170
After sweep 8 energy=-7.5177627  maxlinkdim=1000 maxerr=5.74E-08 time=62.285
After sweep 9 energy=-7.740026  maxlinkdim=1000 maxerr=8.06E-08 time=78.578
After sweep 10 energy=-7.9113994  maxlinkdim=1000 maxerr=5.14E-08 time=98.355
After sweep 11 energy=-8.039421  maxlinkdim=1000 maxerr=6.38E-09 time=125.217
After sweep 12 energy=-8.094799  maxlinkdim=1000 maxerr=3.16E-09 time=186.411
After sweep 13 energy=-8.108421  maxlinkdim=1000 maxerr=9.96E-09 time=210.570
After sweep 14 energy=-8.112385  maxlinkdim=1000 maxerr=5.83E-08 time=216.831
After sweep 15 energy=-8.113446  maxlinkdim=1000 maxerr=2.01E-08 time=234.085
After sweep 16 energy=-8.113635  maxlinkdim=1000 maxerr=1.12E-08 time=249.875
After sweep 17 energy=-8.113654  maxlinkdim=1000 maxerr=4.87E-09 time=255.035
After sweep 18 energy=-8.113643  maxlinkdim=1000 maxerr=1.51E-08 time=252.863
After sweep 19 energy=-8.113634  maxlinkdim=1000 maxerr=2.27E-08 time=251.168
After sweep 20 energy=-8.113638  maxlinkdim=1000 maxerr=2.00E-08 time=251.627
After sweep 21 energy=-8.113631  maxlinkdim=1000 maxerr=3.98E-09 time=251.634
After sweep 22 energy=-8.113651  maxlinkdim=1000 maxerr=2.12E-08 time=252.796
After sweep 23 energy=-8.113574  maxlinkdim=1000 maxerr=1.56E-08 time=250.853
After sweep 24 energy=-8.113623  maxlinkdim=1000 maxerr=1.66E-08 time=251.913
After sweep 25 energy=-8.113566  maxlinkdim=1000 maxerr=2.31E-08 time=251.401
After sweep 26 energy=-8.113611  maxlinkdim=1000 maxerr=5.69E-09 time=251.565
After sweep 27 energy=-8.113604  maxlinkdim=1000 maxerr=6.68E-09 time=252.030
After sweep 28 energy=-8.113638  maxlinkdim=1000 maxerr=4.66E-08 time=253.397
After sweep 29 energy=-8.113649  maxlinkdim=1000 maxerr=1.35E-08 time=251.543
After sweep 30 energy=-8.11362  maxlinkdim=1000 maxerr=1.28E-08 time=254.236
FOUND MU (secant); mu: -2.6114334774118575  n: 0.49999917
Target density achieved with mu=-2.6114334774118575, n=0.49999917
Checking {alpha,beta} vs measured
Alpha not converged.
NOT CONVERGED; updating alpha, beta and continuing...
After sweep 1 energy=3.6765096  maxlinkdim=10 maxerr=1.18E-02 time=1.364
After sweep 2 energy=-3.72022  maxlinkdim=20 maxerr=5.21E-04 time=1.534
After sweep 3 energy=-4.9575796  maxlinkdim=100 maxerr=8.32E-06 time=2.629
After sweep 4 energy=-5.4322248  maxlinkdim=990 maxerr=1.00E-10 time=31.316
After sweep 5 energy=-5.862457  maxlinkdim=894 maxerr=2.05E-09 time=49.806
After sweep 6 energy=-6.2956285  maxlinkdim=859 maxerr=2.77E-08 time=38.384
After sweep 7 energy=-6.7252502  maxlinkdim=930 maxerr=1.89E-07 time=39.930
After sweep 8 energy=-7.1509748  maxlinkdim=995 maxerr=2.31E-08 time=50.461
After sweep 9 energy=-7.4982824  maxlinkdim=1000 maxerr=7.08E-08 time=71.601
After sweep 10 energy=-7.7674165  maxlinkdim=1000 maxerr=4.35E-08 time=86.472
After sweep 11 energy=-7.9097724  maxlinkdim=1000 maxerr=1.79E-07 time=101.639
After sweep 12 energy=-8.001782  maxlinkdim=1000 maxerr=6.02E-09 time=112.581
After sweep 13 energy=-8.05326  maxlinkdim=1000 maxerr=2.84E-08 time=124.183
After sweep 14 energy=-8.092887  maxlinkdim=1000 maxerr=2.19E-08 time=160.420
After sweep 15 energy=-8.106944  maxlinkdim=1000 maxerr=4.49E-08 time=208.928
After sweep 16 energy=-8.111077  maxlinkdim=1000 maxerr=4.74E-09 time=226.926
After sweep 17 energy=-8.112348  maxlinkdim=1000 maxerr=9.96E-09 time=240.680
After sweep 18 energy=-8.112557  maxlinkdim=1000 maxerr=1.92E-08 time=246.550
After sweep 19 energy=-8.112641  maxlinkdim=1000 maxerr=8.96E-09 time=252.652
After sweep 20 energy=-8.112581  maxlinkdim=1000 maxerr=1.27E-07 time=252.112
After sweep 21 energy=-8.112546  maxlinkdim=1000 maxerr=4.13E-09 time=251.199
After sweep 22 energy=-8.112567  maxlinkdim=1000 maxerr=9.76E-09 time=251.510
After sweep 23 energy=-8.112577  maxlinkdim=1000 maxerr=1.34E-08 time=251.626
After sweep 24 energy=-8.112547  maxlinkdim=1000 maxerr=3.95E-09 time=253.883
After sweep 25 energy=-8.112604  maxlinkdim=1000 maxerr=1.69E-08 time=251.146
After sweep 26 energy=-8.1125965  maxlinkdim=1000 maxerr=9.50E-08 time=251.331
After sweep 27 energy=-8.112558  maxlinkdim=1000 maxerr=6.34E-08 time=251.395
After sweep 28 energy=-8.11257  maxlinkdim=1000 maxerr=4.09E-08 time=251.796
After sweep 29 energy=-8.112584  maxlinkdim=1000 maxerr=8.30E-09 time=251.027
After sweep 30 energy=-8.112567  maxlinkdim=1000 maxerr=4.19E-09 time=251.530
Not same mu, searching again
After sweep 1 energy=2.842363  maxlinkdim=10 maxerr=5.43E-03 time=1.398
After sweep 2 energy=-3.5500858  maxlinkdim=20 maxerr=1.24E-04 time=1.556
After sweep 3 energy=-4.8141837  maxlinkdim=100 maxerr=2.22E-06 time=2.640
After sweep 4 energy=-5.3018193  maxlinkdim=784 maxerr=1.00E-10 time=27.176
After sweep 5 energy=-5.7096453  maxlinkdim=723 maxerr=1.55E-07 time=43.703
After sweep 6 energy=-6.045284  maxlinkdim=688 maxerr=1.43E-07 time=34.123
After sweep 7 energy=-6.2917075  maxlinkdim=725 maxerr=2.92E-09 time=34.159
After sweep 8 energy=-6.5025907  maxlinkdim=752 maxerr=1.84E-08 time=41.569
After sweep 9 energy=-6.688246  maxlinkdim=913 maxerr=1.00E-10 time=54.047
After sweep 10 energy=-6.831341  maxlinkdim=1000 maxerr=8.85E-08 time=75.349
After sweep 11 energy=-6.929663  maxlinkdim=1000 maxerr=2.17E-08 time=85.660
After sweep 12 energy=-7.0024385  maxlinkdim=1000 maxerr=3.26E-08 time=87.265
After sweep 13 energy=-7.0700774  maxlinkdim=1000 maxerr=4.95E-08 time=105.571
After sweep 14 energy=-7.1308365  maxlinkdim=1000 maxerr=1.06E-07 time=135.703
After sweep 15 energy=-7.1817718  maxlinkdim=1000 maxerr=2.48E-08 time=154.543
After sweep 16 energy=-7.229032  maxlinkdim=1000 maxerr=3.50E-08 time=165.105
After sweep 17 energy=-7.278237  maxlinkdim=1000 maxerr=6.25E-09 time=195.351
After sweep 18 energy=-7.3244166  maxlinkdim=1000 maxerr=9.98E-08 time=212.003
After sweep 19 energy=-7.3757086  maxlinkdim=1000 maxerr=2.34E-08 time=208.396
After sweep 20 energy=-7.4469423  maxlinkdim=1000 maxerr=1.34E-08 time=224.556
After sweep 21 energy=-7.4758773  maxlinkdim=1000 maxerr=1.91E-08 time=228.070
After sweep 22 energy=-7.4802155  maxlinkdim=1000 maxerr=2.42E-08 time=234.203
After sweep 23 energy=-7.4807715  maxlinkdim=1000 maxerr=5.80E-09 time=243.498
After sweep 24 energy=-7.480856  maxlinkdim=1000 maxerr=6.41E-09 time=250.541
After sweep 25 energy=-7.480872  maxlinkdim=1000 maxerr=3.48E-09 time=251.198
After sweep 26 energy=-7.480886  maxlinkdim=1000 maxerr=3.35E-09 time=249.651
After sweep 27 energy=-7.480857  maxlinkdim=1000 maxerr=3.33E-09 time=250.614
After sweep 28 energy=-7.4808416  maxlinkdim=1000 maxerr=2.99E-08 time=250.801
After sweep 29 energy=-7.480867  maxlinkdim=1000 maxerr=5.72E-08 time=250.324
After sweep 30 energy=-7.4808583  maxlinkdim=1000 maxerr=1.61E-08 time=250.186
n0: 0.4868042; n1: 0.50021595; mu0: -2.6214334774118573; mu1: -2.6114334774118575

Range found between mu0: -2.6214334774118573 (n0: 0.4868042) and mu1: -2.6114334774118575 (n1: 0.50021595); refining...
n0: 0.4868042; n1: 0.50021595; mu0: -2.6214334774118573; mu1: -2.6114334774118575
Trying secant step...
After sweep 1 energy=2.788528  maxlinkdim=10 maxerr=6.54E-03 time=1.399
After sweep 2 energy=-3.9647927  maxlinkdim=20 maxerr=6.64E-04 time=1.542
After sweep 3 energy=-5.332697  maxlinkdim=100 maxerr=2.95E-06 time=2.623
After sweep 4 energy=-5.76006  maxlinkdim=845 maxerr=1.00E-10 time=31.551
After sweep 5 energy=-6.115388  maxlinkdim=771 maxerr=2.68E-07 time=57.355
After sweep 6 energy=-6.4809732  maxlinkdim=823 maxerr=8.35E-08 time=42.597
After sweep 7 energy=-6.849932  maxlinkdim=846 maxerr=1.13E-07 time=43.712
After sweep 8 energy=-7.283037  maxlinkdim=872 maxerr=1.28E-08 time=52.088
After sweep 9 energy=-7.5322914  maxlinkdim=916 maxerr=1.27E-07 time=75.125
After sweep 10 energy=-7.7038245  maxlinkdim=1000 maxerr=1.07E-07 time=82.539
After sweep 11 energy=-7.8405204  maxlinkdim=1000 maxerr=1.48E-08 time=110.925
After sweep 12 energy=-7.9352117  maxlinkdim=1000 maxerr=1.54E-07 time=139.128
After sweep 13 energy=-7.991916  maxlinkdim=1000 maxerr=6.41E-08 time=152.862
After sweep 14 energy=-8.0375185  maxlinkdim=1000 maxerr=1.04E-07 time=170.184
After sweep 15 energy=-8.066936  maxlinkdim=1000 maxerr=7.01E-08 time=203.763
After sweep 16 energy=-8.084844  maxlinkdim=1000 maxerr=2.00E-09 time=215.881
After sweep 17 energy=-8.097855  maxlinkdim=1000 maxerr=1.18E-08 time=236.676
After sweep 18 energy=-8.100841  maxlinkdim=1000 maxerr=2.89E-08 time=249.281
After sweep 19 energy=-8.101924  maxlinkdim=1000 maxerr=4.20E-08 time=251.304
After sweep 20 energy=-8.102134  maxlinkdim=1000 maxerr=1.57E-07 time=251.805
After sweep 21 energy=-8.102224  maxlinkdim=1000 maxerr=1.13E-08 time=252.335
After sweep 22 energy=-8.102262  maxlinkdim=1000 maxerr=7.80E-09 time=252.011
After sweep 23 energy=-8.102254  maxlinkdim=1000 maxerr=4.13E-09 time=251.054
After sweep 24 energy=-8.102277  maxlinkdim=1000 maxerr=2.59E-08 time=251.720
After sweep 25 energy=-8.102273  maxlinkdim=1000 maxerr=6.49E-08 time=254.284
After sweep 26 energy=-8.102257  maxlinkdim=1000 maxerr=3.01E-08 time=251.465
After sweep 27 energy=-8.102245  maxlinkdim=1000 maxerr=3.95E-09 time=250.736
After sweep 28 energy=-8.102297  maxlinkdim=1000 maxerr=1.70E-08 time=252.002
After sweep 29 energy=-8.10226  maxlinkdim=1000 maxerr=1.81E-08 time=251.665
After sweep 30 energy=-8.102233  maxlinkdim=1000 maxerr=2.01E-08 time=251.221
FOUND MU (secant); mu: -2.6115944910466857  n: 0.5000043
Target density achieved with mu=-2.6115944910466857, n=0.5000043
Checking {alpha,beta} vs measured
Alpha not converged.
NOT CONVERGED; updating alpha, beta and continuing...
After sweep 1 energy=3.2452638  maxlinkdim=10 maxerr=4.39E-03 time=1.562
After sweep 2 energy=-4.0900865  maxlinkdim=20 maxerr=8.70E-04 time=1.621
After sweep 3 energy=-5.3674293  maxlinkdim=100 maxerr=4.08E-06 time=3.027
After sweep 4 energy=-5.79496  maxlinkdim=913 maxerr=1.00E-10 time=27.610
After sweep 5 energy=-6.177141  maxlinkdim=760 maxerr=1.04E-07 time=44.723
After sweep 6 energy=-6.567428  maxlinkdim=717 maxerr=1.24E-07 time=34.224
After sweep 7 energy=-6.930623  maxlinkdim=685 maxerr=1.80E-08 time=34.013
After sweep 8 energy=-7.23203  maxlinkdim=650 maxerr=1.73E-08 time=37.483
After sweep 9 energy=-7.508732  maxlinkdim=720 maxerr=1.00E-07 time=43.707
After sweep 10 energy=-7.7501335  maxlinkdim=1000 maxerr=4.95E-09 time=60.977
After sweep 11 energy=-7.8928156  maxlinkdim=992 maxerr=4.98E-08 time=87.798
After sweep 12 energy=-7.983424  maxlinkdim=997 maxerr=4.00E-09 time=101.949
After sweep 13 energy=-8.038571  maxlinkdim=1000 maxerr=1.28E-07 time=126.938
After sweep 14 energy=-8.071169  maxlinkdim=1000 maxerr=2.23E-08 time=150.426
After sweep 15 energy=-8.089544  maxlinkdim=1000 maxerr=1.35E-07 time=185.018
After sweep 16 energy=-8.095053  maxlinkdim=1000 maxerr=1.15E-08 time=218.344
After sweep 17 energy=-8.096559  maxlinkdim=1000 maxerr=3.13E-08 time=230.535
After sweep 18 energy=-8.096926  maxlinkdim=1000 maxerr=4.52E-08 time=247.614
After sweep 19 energy=-8.096976  maxlinkdim=1000 maxerr=1.29E-08 time=254.261
After sweep 20 energy=-8.096983  maxlinkdim=1000 maxerr=1.74E-08 time=252.404
After sweep 21 energy=-8.096924  maxlinkdim=1000 maxerr=4.35E-09 time=251.247
After sweep 22 energy=-8.096992  maxlinkdim=1000 maxerr=1.53E-08 time=253.863
After sweep 23 energy=-8.096981  maxlinkdim=1000 maxerr=4.21E-09 time=250.905
After sweep 24 energy=-8.096944  maxlinkdim=1000 maxerr=4.37E-09 time=251.243
After sweep 25 energy=-8.096936  maxlinkdim=1000 maxerr=2.03E-08 time=251.444
After sweep 26 energy=-8.096962  maxlinkdim=1000 maxerr=3.02E-08 time=251.594
After sweep 27 energy=-8.0969715  maxlinkdim=1000 maxerr=4.12E-09 time=251.658
After sweep 28 energy=-8.096923  maxlinkdim=1000 maxerr=1.97E-08 time=250.304
After sweep 29 energy=-8.096983  maxlinkdim=1000 maxerr=2.07E-08 time=251.210
After sweep 30 energy=-8.096928  maxlinkdim=1000 maxerr=1.98E-08 time=251.407
Not same mu, searching again
After sweep 1 energy=3.6949167  maxlinkdim=10 maxerr=4.51E-03 time=1.268
After sweep 2 energy=-3.4532044  maxlinkdim=20 maxerr=1.80E-04 time=1.688
After sweep 3 energy=-4.7261744  maxlinkdim=100 maxerr=1.39E-06 time=2.683
After sweep 4 energy=-5.125698  maxlinkdim=765 maxerr=1.00E-10 time=27.649
After sweep 5 energy=-5.436474  maxlinkdim=687 maxerr=5.92E-09 time=45.230
After sweep 6 energy=-5.731325  maxlinkdim=626 maxerr=1.75E-08 time=32.586
After sweep 7 energy=-5.9760747  maxlinkdim=678 maxerr=1.42E-09 time=32.874
After sweep 8 energy=-6.188933  maxlinkdim=744 maxerr=7.68E-10 time=37.889
After sweep 9 energy=-6.385492  maxlinkdim=707 maxerr=2.08E-07 time=45.304
After sweep 10 energy=-6.5669217  maxlinkdim=754 maxerr=1.68E-08 time=58.427
After sweep 11 energy=-6.7324114  maxlinkdim=775 maxerr=5.72E-08 time=66.542
After sweep 12 energy=-6.891811  maxlinkdim=862 maxerr=1.58E-08 time=80.642
After sweep 13 energy=-7.0528417  maxlinkdim=1000 maxerr=2.15E-07 time=114.071
After sweep 14 energy=-7.164345  maxlinkdim=1000 maxerr=1.56E-07 time=141.032
After sweep 15 energy=-7.2541227  maxlinkdim=1000 maxerr=1.68E-07 time=140.721
After sweep 16 energy=-7.3302636  maxlinkdim=1000 maxerr=2.03E-08 time=146.204
After sweep 17 energy=-7.4083443  maxlinkdim=1000 maxerr=4.34E-08 time=179.391
After sweep 18 energy=-7.4400225  maxlinkdim=1000 maxerr=2.88E-08 time=191.797
After sweep 19 energy=-7.457598  maxlinkdim=1000 maxerr=1.04E-08 time=209.377
After sweep 20 energy=-7.464439  maxlinkdim=1000 maxerr=1.68E-08 time=232.082
After sweep 21 energy=-7.4653773  maxlinkdim=1000 maxerr=5.21E-08 time=247.743
After sweep 22 energy=-7.4654555  maxlinkdim=1000 maxerr=1.49E-08 time=250.655
After sweep 23 energy=-7.465433  maxlinkdim=1000 maxerr=1.30E-08 time=253.085
After sweep 24 energy=-7.46552  maxlinkdim=1000 maxerr=3.47E-09 time=250.466
After sweep 25 energy=-7.4654684  maxlinkdim=1000 maxerr=3.47E-09 time=250.244
After sweep 26 energy=-7.465447  maxlinkdim=1000 maxerr=3.45E-09 time=253.023
After sweep 27 energy=-7.4654803  maxlinkdim=1000 maxerr=1.87E-08 time=250.454
After sweep 28 energy=-7.465443  maxlinkdim=1000 maxerr=3.35E-09 time=252.111
After sweep 29 energy=-7.4654784  maxlinkdim=1000 maxerr=1.23E-08 time=250.082
After sweep 30 energy=-7.4654627  maxlinkdim=1000 maxerr=3.44E-09 time=250.350
n0: 0.48663083; n1: 0.5000627; mu0: -2.6215944910466855; mu1: -2.6115944910466857

Range found between mu0: -2.6215944910466855 (n0: 0.48663083) and mu1: -2.6115944910466857 (n1: 0.5000627); refining...
n0: 0.48663083; n1: 0.5000627; mu0: -2.6215944910466855; mu1: -2.6115944910466857
Trying secant step...
After sweep 1 energy=1.409263  maxlinkdim=10 maxerr=5.15E-03 time=1.356
After sweep 2 energy=-3.6030874  maxlinkdim=20 maxerr=1.42E-04 time=1.513
After sweep 3 energy=-4.595077  maxlinkdim=100 maxerr=1.83E-06 time=2.588
After sweep 4 energy=-5.006408  maxlinkdim=785 maxerr=1.00E-10 time=21.342
After sweep 5 energy=-5.441588  maxlinkdim=696 maxerr=1.86E-07 time=36.252
After sweep 6 energy=-5.7625656  maxlinkdim=711 maxerr=9.12E-09 time=29.191
After sweep 7 energy=-5.9850516  maxlinkdim=798 maxerr=1.05E-07 time=31.484
After sweep 8 energy=-6.183639  maxlinkdim=931 maxerr=7.94E-08 time=38.500
After sweep 9 energy=-6.365858  maxlinkdim=1000 maxerr=1.36E-08 time=51.047
After sweep 10 energy=-6.602014  maxlinkdim=947 maxerr=1.73E-08 time=52.346
After sweep 11 energy=-6.8833485  maxlinkdim=985 maxerr=2.81E-08 time=63.880
After sweep 12 energy=-7.0970974  maxlinkdim=1000 maxerr=2.04E-10 time=69.093
After sweep 13 energy=-7.2819414  maxlinkdim=1000 maxerr=7.57E-10 time=81.807
After sweep 14 energy=-7.458573  maxlinkdim=1000 maxerr=2.09E-07 time=95.455
After sweep 15 energy=-7.6295314  maxlinkdim=1000 maxerr=3.07E-07 time=108.464
After sweep 16 energy=-7.7993426  maxlinkdim=1000 maxerr=7.15E-09 time=135.852
After sweep 17 energy=-7.925381  maxlinkdim=1000 maxerr=2.23E-08 time=146.885
After sweep 18 energy=-7.9984236  maxlinkdim=1000 maxerr=9.29E-09 time=153.328
After sweep 19 energy=-8.055921  maxlinkdim=1000 maxerr=1.52E-08 time=176.235
After sweep 20 energy=-8.07901  maxlinkdim=1000 maxerr=3.63E-08 time=201.431
After sweep 21 energy=-8.088703  maxlinkdim=1000 maxerr=5.46E-09 time=198.291
After sweep 22 energy=-8.092604  maxlinkdim=1000 maxerr=1.81E-08 time=227.397
After sweep 23 energy=-8.093647  maxlinkdim=1000 maxerr=2.44E-08 time=243.081
After sweep 24 energy=-8.093893  maxlinkdim=1000 maxerr=1.84E-08 time=252.147
After sweep 25 energy=-8.093932  maxlinkdim=1000 maxerr=5.34E-09 time=251.543
After sweep 26 energy=-8.093969  maxlinkdim=1000 maxerr=2.21E-08 time=251.801
After sweep 27 energy=-8.09399  maxlinkdim=1000 maxerr=6.98E-08 time=252.250
After sweep 28 energy=-8.094002  maxlinkdim=1000 maxerr=2.98E-08 time=251.848
After sweep 29 energy=-8.093982  maxlinkdim=1000 maxerr=4.00E-09 time=251.257
After sweep 30 energy=-8.093972  maxlinkdim=1000 maxerr=4.08E-09 time=251.384
FOUND MU (secant); mu: -2.611641174087917  n: 0.5000023
Target density achieved with mu=-2.611641174087917, n=0.5000023
Checking {alpha,beta} vs measured
Alpha not converged.
NOT CONVERGED; updating alpha, beta and continuing...
After sweep 1 energy=2.1184452  maxlinkdim=10 maxerr=7.16E-03 time=1.365
After sweep 2 energy=-4.1319976  maxlinkdim=20 maxerr=4.36E-04 time=1.516
After sweep 3 energy=-5.850208  maxlinkdim=100 maxerr=3.77E-06 time=2.614
After sweep 4 energy=-6.4525185  maxlinkdim=858 maxerr=1.00E-10 time=37.812
After sweep 5 energy=-6.856979  maxlinkdim=722 maxerr=1.00E-10 time=62.838
After sweep 6 energy=-7.2076774  maxlinkdim=731 maxerr=4.74E-09 time=45.258
After sweep 7 energy=-7.5024843  maxlinkdim=792 maxerr=9.93E-08 time=48.392
After sweep 8 energy=-7.7058377  maxlinkdim=850 maxerr=1.08E-08 time=58.291
After sweep 9 energy=-7.8548365  maxlinkdim=879 maxerr=8.15E-08 time=70.547
After sweep 10 energy=-7.9651127  maxlinkdim=1000 maxerr=1.46E-08 time=95.841
After sweep 11 energy=-8.03688  maxlinkdim=1000 maxerr=4.87E-08 time=126.235
After sweep 12 energy=-8.069305  maxlinkdim=1000 maxerr=1.07E-07 time=167.578
After sweep 13 energy=-8.083787  maxlinkdim=1000 maxerr=4.86E-08 time=187.223
After sweep 14 energy=-8.090543  maxlinkdim=1000 maxerr=1.75E-08 time=214.841
After sweep 15 energy=-8.092663  maxlinkdim=1000 maxerr=5.19E-08 time=232.742
After sweep 16 energy=-8.093174  maxlinkdim=1000 maxerr=3.24E-08 time=236.692
After sweep 17 energy=-8.093283  maxlinkdim=1000 maxerr=5.39E-09 time=250.038
After sweep 18 energy=-8.093221  maxlinkdim=1000 maxerr=4.66E-09 time=252.251
After sweep 19 energy=-8.093267  maxlinkdim=1000 maxerr=1.18E-08 time=250.737
After sweep 20 energy=-8.0932255  maxlinkdim=1000 maxerr=4.24E-09 time=251.889
After sweep 21 energy=-8.093289  maxlinkdim=1000 maxerr=4.17E-09 time=251.444
After sweep 22 energy=-8.093281  maxlinkdim=1000 maxerr=1.15E-07 time=251.780
After sweep 23 energy=-8.093297  maxlinkdim=1000 maxerr=6.54E-09 time=251.125
After sweep 24 energy=-8.093266  maxlinkdim=1000 maxerr=2.31E-08 time=251.482
After sweep 25 energy=-8.093277  maxlinkdim=1000 maxerr=4.21E-09 time=251.615
After sweep 26 energy=-8.093288  maxlinkdim=1000 maxerr=1.25E-08 time=251.537
After sweep 27 energy=-8.093321  maxlinkdim=1000 maxerr=9.50E-08 time=252.016
After sweep 28 energy=-8.093221  maxlinkdim=1000 maxerr=1.26E-08 time=251.387
After sweep 29 energy=-8.093248  maxlinkdim=1000 maxerr=4.11E-09 time=251.739
After sweep 30 energy=-8.093236  maxlinkdim=1000 maxerr=1.05E-07 time=251.782
Same mu: -2.611641174087917 and continuing
Target density achieved with mu=-2.611641174087917, n=0.49999854
Checking {alpha,beta} vs measured
Alpha not converged.
NOT CONVERGED; updating alpha, beta and continuing...
After sweep 1 energy=2.2284384  maxlinkdim=10 maxerr=7.40E-03 time=1.375
After sweep 2 energy=-3.6549542  maxlinkdim=20 maxerr=5.34E-04 time=1.546
After sweep 3 energy=-4.960841  maxlinkdim=100 maxerr=5.39E-06 time=2.645
After sweep 4 energy=-5.5410624  maxlinkdim=896 maxerr=1.00E-10 time=33.800
After sweep 5 energy=-6.1056967  maxlinkdim=781 maxerr=7.83E-08 time=58.534
After sweep 6 energy=-6.606221  maxlinkdim=863 maxerr=9.93E-08 time=46.863
After sweep 7 energy=-7.037999  maxlinkdim=933 maxerr=2.09E-07 time=48.973
After sweep 8 energy=-7.3727164  maxlinkdim=937 maxerr=8.06E-09 time=56.212
After sweep 9 energy=-7.6416583  maxlinkdim=881 maxerr=1.14E-08 time=62.634
After sweep 10 energy=-7.8296313  maxlinkdim=963 maxerr=1.54E-07 time=81.823
After sweep 11 energy=-7.944996  maxlinkdim=1000 maxerr=1.85E-09 time=99.208
After sweep 12 energy=-8.019643  maxlinkdim=1000 maxerr=2.65E-08 time=124.748
After sweep 13 energy=-8.058734  maxlinkdim=1000 maxerr=3.67E-08 time=140.436
After sweep 14 energy=-8.078081  maxlinkdim=1000 maxerr=6.91E-09 time=158.011
After sweep 15 energy=-8.087456  maxlinkdim=1000 maxerr=1.16E-08 time=176.356
After sweep 16 energy=-8.091641  maxlinkdim=1000 maxerr=5.84E-09 time=212.311
After sweep 17 energy=-8.092891  maxlinkdim=1000 maxerr=6.35E-08 time=239.010
After sweep 18 energy=-8.093048  maxlinkdim=1000 maxerr=1.15E-08 time=251.195
After sweep 19 energy=-8.093088  maxlinkdim=1000 maxerr=1.09E-08 time=255.014
After sweep 20 energy=-8.093141  maxlinkdim=1000 maxerr=5.66E-08 time=251.831
After sweep 21 energy=-8.093066  maxlinkdim=1000 maxerr=8.48E-08 time=251.999
After sweep 22 energy=-8.093126  maxlinkdim=1000 maxerr=4.15E-09 time=250.746
After sweep 23 energy=-8.093119  maxlinkdim=1000 maxerr=2.33E-08 time=251.548
After sweep 24 energy=-8.093058  maxlinkdim=1000 maxerr=2.01E-08 time=251.475
After sweep 25 energy=-8.093115  maxlinkdim=1000 maxerr=1.31E-07 time=254.020
After sweep 26 energy=-8.093105  maxlinkdim=1000 maxerr=2.13E-08 time=250.472
After sweep 27 energy=-8.0930605  maxlinkdim=1000 maxerr=8.17E-08 time=251.216
After sweep 28 energy=-8.0930805  maxlinkdim=1000 maxerr=3.46E-08 time=251.526
After sweep 29 energy=-8.093077  maxlinkdim=1000 maxerr=7.14E-08 time=251.673
After sweep 30 energy=-8.093093  maxlinkdim=1000 maxerr=4.08E-09 time=251.800
Same mu: -2.611641174087917 and continuing
Target density achieved with mu=-2.611641174087917, n=0.5000038
Checking {alpha,beta} vs measured
Converged {alpha,beta}. mu=-2.611641174087917, n=0.5000038
Exiting loop
After sweep 1 energy=7.982195407554698  maxlinkdim=10 maxerr=7.14E-03 time=28.176
After sweep 2 energy=-3.654100641915414  maxlinkdim=20 maxerr=4.07E-04 time=2.281
After sweep 3 energy=-4.837426830060015  maxlinkdim=100 maxerr=4.44E-06 time=3.715
After sweep 4 energy=-5.396517334465819  maxlinkdim=901 maxerr=1.00E-10 time=26.683
After sweep 5 energy=-5.987634406184288  maxlinkdim=809 maxerr=1.00E-10 time=58.415
After sweep 6 energy=-6.366518702414291  maxlinkdim=798 maxerr=1.00E-10 time=57.923
After sweep 7 energy=-6.649723072912808  maxlinkdim=807 maxerr=1.00E-10 time=58.856
After sweep 8 energy=-6.937719019685604  maxlinkdim=1000 maxerr=2.40E-10 time=68.849
After sweep 9 energy=-7.1640242250136525  maxlinkdim=851 maxerr=1.00E-10 time=84.115
After sweep 10 energy=-7.348974714143896  maxlinkdim=983 maxerr=1.00E-10 time=94.114
After sweep 11 energy=-7.5167638099169976  maxlinkdim=971 maxerr=1.82E-10 time=132.379
After sweep 12 energy=-7.675213181334521  maxlinkdim=1000 maxerr=3.01E-10 time=212.252
After sweep 13 energy=-7.794677787594127  maxlinkdim=1000 maxerr=6.03E-10 time=291.612
After sweep 14 energy=-7.896426433562262  maxlinkdim=1000 maxerr=2.38E-09 time=321.685
After sweep 15 energy=-7.946051028798161  maxlinkdim=1000 maxerr=2.30E-08 time=324.516
After sweep 16 energy=-7.9680680164627535  maxlinkdim=1000 maxerr=1.46E-08 time=324.838
After sweep 17 energy=-7.9789919563449  maxlinkdim=1000 maxerr=1.81E-08 time=328.690
After sweep 18 energy=-7.985210793467382  maxlinkdim=1000 maxerr=1.73E-08 time=326.516
After sweep 19 energy=-7.9907993718429  maxlinkdim=1000 maxerr=7.06E-08 time=330.045
After sweep 20 energy=-7.99352772261133  maxlinkdim=1000 maxerr=9.14E-08 time=331.248
After sweep 21 energy=-7.99489220929648  maxlinkdim=1000 maxerr=4.77E-07 time=339.144
After sweep 22 energy=-7.995312260944392  maxlinkdim=1000 maxerr=7.79E-08 time=331.749
After sweep 23 energy=-7.995506455418654  maxlinkdim=1000 maxerr=2.08E-07 time=332.153
After sweep 24 energy=-7.995603204016813  maxlinkdim=1000 maxerr=1.37E-07 time=333.818
After sweep 25 energy=-7.995656967080819  maxlinkdim=1000 maxerr=1.03E-07 time=334.263
After sweep 26 energy=-7.995688735261699  maxlinkdim=1000 maxerr=6.49E-08 time=332.899
After sweep 27 energy=-7.995716398376111  maxlinkdim=1000 maxerr=6.35E-08 time=334.797
After sweep 28 energy=-7.995743847040879  maxlinkdim=1000 maxerr=6.56E-08 time=340.812
After sweep 29 energy=-7.99577276522303  maxlinkdim=1000 maxerr=6.84E-08 time=337.748
After sweep 30 energy=-7.995799951938865  maxlinkdim=1000 maxerr=7.06E-08 time=347.859
Calculation finished. Saving results to results_U_-4.0_t0_0.1_t_p_0.1_gpu.h5
Run completed successfully!
