Calculating pair binding energy for ladder
L=64, U=4.0, V=-0.6, t0=1.0, density=0.875
============================================================
Pair binding energy for Hubbard ladder
L = 64 rungs, 128 sites
U = 4.0, V = -0.6, t = 1.0, t0 = 1.0, density = 0.875
N_base = 112
============================================================

[1/3] Computing E(N-2=110)
  Initial state: 110 particles (55 up, 55 dn)
After sweep 1 energy=-171.41899375483717  maxlinkdim=20 maxerr=8.44E-04 time=49.166
After sweep 2 energy=-177.99494973242219  maxlinkdim=50 maxerr=3.19E-04 time=35.285
After sweep 3 energy=-181.02171120416344  maxlinkdim=100 maxerr=4.17E-04 time=51.727
After sweep 4 energy=-182.81365252854437  maxlinkdim=200 maxerr=1.27E-04 time=74.222
After sweep 5 energy=-184.1193658640341  maxlinkdim=1500 maxerr=1.27E-07 time=169.065
After sweep 6 energy=-184.73073328865615  maxlinkdim=1500 maxerr=1.67E-08 time=324.994
After sweep 7 energy=-185.35488833574246  maxlinkdim=1500 maxerr=4.63E-08 time=331.194
After sweep 8 energy=-185.8796261242053  maxlinkdim=1500 maxerr=1.64E-07 time=337.123
After sweep 9 energy=-186.24314746395027  maxlinkdim=1500 maxerr=5.06E-06 time=345.659
After sweep 10 energy=-186.50008321338848  maxlinkdim=1500 maxerr=4.06E-06 time=348.911
After sweep 11 energy=-186.721527003626  maxlinkdim=1500 maxerr=3.33E-06 time=347.687
After sweep 12 energy=-186.91394994254284  maxlinkdim=1500 maxerr=2.66E-06 time=347.265
After sweep 13 energy=-187.10376259386874  maxlinkdim=1500 maxerr=5.22E-06 time=346.819
After sweep 14 energy=-187.29514387647515  maxlinkdim=1500 maxerr=1.06E-05 time=337.851
After sweep 15 energy=-187.4986839958243  maxlinkdim=1500 maxerr=1.35E-05 time=336.073
After sweep 16 energy=-187.6833649814666  maxlinkdim=1500 maxerr=1.36E-05 time=331.527
After sweep 17 energy=-187.8956064417043  maxlinkdim=1500 maxerr=5.48E-06 time=336.800
After sweep 18 energy=-188.06575681524131  maxlinkdim=1500 maxerr=3.45E-06 time=336.268
After sweep 19 energy=-188.20073004305556  maxlinkdim=1500 maxerr=3.02E-06 time=338.640
After sweep 20 energy=-188.32994259026665  maxlinkdim=1500 maxerr=7.43E-06 time=330.732
After sweep 21 energy=-188.43654585974411  maxlinkdim=1500 maxerr=2.70E-06 time=334.569
After sweep 22 energy=-188.5387684357669  maxlinkdim=1500 maxerr=7.88E-06 time=337.212
After sweep 23 energy=-188.64003342946046  maxlinkdim=1500 maxerr=5.57E-06 time=338.372
After sweep 24 energy=-188.73783935009976  maxlinkdim=1500 maxerr=5.12E-06 time=336.657
After sweep 25 energy=-188.82555875145317  maxlinkdim=1500 maxerr=1.08E-05 time=335.502
After sweep 26 energy=-188.8988466888245  maxlinkdim=1500 maxerr=3.79E-06 time=336.972
After sweep 27 energy=-188.97737442697232  maxlinkdim=1500 maxerr=9.24E-06 time=331.033
After sweep 28 energy=-189.0716173934235  maxlinkdim=1500 maxerr=1.91E-05 time=332.734
After sweep 29 energy=-189.1534742206583  maxlinkdim=1500 maxerr=9.33E-06 time=331.808
After sweep 30 energy=-189.22588460731635  maxlinkdim=1500 maxerr=1.09E-05 time=324.966
After sweep 31 energy=-189.29918107653702  maxlinkdim=1500 maxerr=1.26E-05 time=330.639
After sweep 32 energy=-189.35907465841967  maxlinkdim=1500 maxerr=8.89E-06 time=341.893
After sweep 33 energy=-189.41251957153364  maxlinkdim=1500 maxerr=6.87E-06 time=344.946
After sweep 34 energy=-189.47283791024347  maxlinkdim=1500 maxerr=8.66E-06 time=345.652
After sweep 35 energy=-189.5268393061666  maxlinkdim=1500 maxerr=7.90E-06 time=344.705
After sweep 36 energy=-189.57604143384052  maxlinkdim=1500 maxerr=9.00E-06 time=353.548
After sweep 37 energy=-189.62056793338925  maxlinkdim=1500 maxerr=8.48E-06 time=349.098
After sweep 38 energy=-189.6630863548654  maxlinkdim=1500 maxerr=9.70E-06 time=348.638
After sweep 39 energy=-189.702856752002  maxlinkdim=1500 maxerr=1.39E-05 time=351.495
After sweep 40 energy=-189.8525484093039  maxlinkdim=1500 maxerr=1.85E-05 time=338.610
After sweep 41 energy=-189.9459385356787  maxlinkdim=1500 maxerr=1.42E-05 time=337.829
After sweep 42 energy=-189.9892153997852  maxlinkdim=1500 maxerr=1.88E-05 time=332.037
After sweep 43 energy=-190.02105167447152  maxlinkdim=1500 maxerr=1.90E-05 time=331.802
After sweep 44 energy=-190.04661651052888  maxlinkdim=1500 maxerr=2.16E-05 time=334.853
After sweep 45 energy=-190.06288481961687  maxlinkdim=1500 maxerr=1.95E-05 time=331.183
After sweep 46 energy=-190.07377817433152  maxlinkdim=1500 maxerr=1.81E-05 time=332.878
After sweep 47 energy=-190.07956196505842  maxlinkdim=1500 maxerr=2.17E-05 time=333.031
After sweep 48 energy=-190.08231472682724  maxlinkdim=1500 maxerr=1.99E-05 time=336.123
After sweep 49 energy=-190.0834142638812  maxlinkdim=1500 maxerr=1.85E-05 time=343.219
After sweep 50 energy=-190.08377396085086  maxlinkdim=1500 maxerr=1.81E-05 time=350.725
After sweep 51 energy=-190.08388810532261  maxlinkdim=1500 maxerr=1.81E-05 time=343.950
Stopping DMRG after sweep 51
  E(N-2) = -190.08388810532261

[2/3] Computing E(N-1=111)
  Initial state: 111 particles (56 up, 55 dn)
After sweep 1 energy=-173.48719035621906  maxlinkdim=20 maxerr=8.44E-04 time=10.173
After sweep 2 energy=-179.78082058426173  maxlinkdim=50 maxerr=3.00E-04 time=26.424
After sweep 3 energy=-182.46273270461853  maxlinkdim=100 maxerr=2.28E-04 time=41.284
After sweep 4 energy=-184.09484020375191  maxlinkdim=200 maxerr=1.03E-04 time=63.120
After sweep 5 energy=-185.20318915607922  maxlinkdim=1500 maxerr=5.10E-07 time=158.854
After sweep 6 energy=-185.76817410151983  maxlinkdim=1500 maxerr=4.08E-08 time=320.409
After sweep 7 energy=-186.29253828850162  maxlinkdim=1500 maxerr=8.75E-08 time=323.409
After sweep 8 energy=-186.77945615425713  maxlinkdim=1500 maxerr=2.67E-07 time=337.211
After sweep 9 energy=-187.1091911734453  maxlinkdim=1500 maxerr=1.20E-06 time=340.480
After sweep 10 energy=-187.34895834923182  maxlinkdim=1500 maxerr=1.81E-06 time=331.624
After sweep 11 energy=-187.5892450141617  maxlinkdim=1500 maxerr=7.58E-06 time=329.884
After sweep 12 energy=-187.80229136057253  maxlinkdim=1500 maxerr=4.11E-06 time=332.980
After sweep 13 energy=-188.0043047488688  maxlinkdim=1500 maxerr=1.31E-05 time=337.219
After sweep 14 energy=-188.24440668369184  maxlinkdim=1500 maxerr=6.58E-06 time=350.915
After sweep 15 energy=-188.4363666966921  maxlinkdim=1500 maxerr=4.60E-06 time=346.763
After sweep 16 energy=-188.59465190468734  maxlinkdim=1500 maxerr=3.05E-06 time=339.174
After sweep 17 energy=-188.72439294150308  maxlinkdim=1500 maxerr=1.52E-05 time=343.861
After sweep 18 energy=-188.82851886746542  maxlinkdim=1500 maxerr=1.19E-05 time=343.639
After sweep 19 energy=-188.95212325263972  maxlinkdim=1500 maxerr=7.12E-06 time=342.584
After sweep 20 energy=-189.0787063349583  maxlinkdim=1500 maxerr=4.25E-06 time=342.502
After sweep 21 energy=-189.19184679378543  maxlinkdim=1500 maxerr=3.60E-06 time=342.360
After sweep 22 energy=-189.28505807518806  maxlinkdim=1500 maxerr=3.23E-06 time=341.316
After sweep 23 energy=-189.36740271730238  maxlinkdim=1500 maxerr=2.96E-06 time=339.979
After sweep 24 energy=-189.44733134985609  maxlinkdim=1500 maxerr=3.67E-06 time=342.336
After sweep 25 energy=-189.5175487146871  maxlinkdim=1500 maxerr=5.86E-06 time=343.763
After sweep 26 energy=-189.5839522024414  maxlinkdim=1500 maxerr=4.71E-06 time=341.331
After sweep 27 energy=-189.64244804889512  maxlinkdim=1500 maxerr=5.70E-06 time=341.084
After sweep 28 energy=-189.70691301802958  maxlinkdim=1500 maxerr=5.40E-06 time=337.284
After sweep 29 energy=-189.77922002766863  maxlinkdim=1500 maxerr=2.30E-05 time=341.104
After sweep 30 energy=-189.83883253859253  maxlinkdim=1500 maxerr=1.51E-05 time=339.437
After sweep 31 energy=-189.89776799960507  maxlinkdim=1500 maxerr=8.20E-06 time=343.006
After sweep 32 energy=-189.9564252472264  maxlinkdim=1500 maxerr=1.04E-05 time=342.380
After sweep 33 energy=-190.01103733887388  maxlinkdim=1500 maxerr=7.30E-06 time=344.963
After sweep 34 energy=-190.05673717627133  maxlinkdim=1500 maxerr=1.08E-05 time=330.532
After sweep 35 energy=-190.1024777588642  maxlinkdim=1500 maxerr=9.32E-06 time=334.189
After sweep 36 energy=-190.153340054442  maxlinkdim=1500 maxerr=1.35E-05 time=329.925
After sweep 37 energy=-190.19695725597856  maxlinkdim=1500 maxerr=1.87E-05 time=334.485
After sweep 38 energy=-190.23866370472012  maxlinkdim=1500 maxerr=1.62E-05 time=344.885
After sweep 39 energy=-190.27580579046472  maxlinkdim=1500 maxerr=1.51E-05 time=345.342
After sweep 40 energy=-190.31281207724635  maxlinkdim=1500 maxerr=3.25E-05 time=343.268
After sweep 41 energy=-190.34582887483464  maxlinkdim=1500 maxerr=2.07E-05 time=338.377
After sweep 42 energy=-190.37454030156283  maxlinkdim=1500 maxerr=1.74E-05 time=340.202
After sweep 43 energy=-190.39965029520215  maxlinkdim=1500 maxerr=1.26E-05 time=338.277
After sweep 44 energy=-190.42275265355343  maxlinkdim=1500 maxerr=2.09E-05 time=344.132
After sweep 45 energy=-190.44275790018753  maxlinkdim=1500 maxerr=1.45E-05 time=341.289
After sweep 46 energy=-190.46029516145637  maxlinkdim=1500 maxerr=1.35E-05 time=337.640
After sweep 47 energy=-190.47585689177984  maxlinkdim=1500 maxerr=1.34E-05 time=343.571
After sweep 48 energy=-190.48968535545936  maxlinkdim=1500 maxerr=1.30E-05 time=341.546
After sweep 49 energy=-190.50210894528655  maxlinkdim=1500 maxerr=1.48E-05 time=344.178
After sweep 50 energy=-190.51315942264503  maxlinkdim=1500 maxerr=1.39E-05 time=341.073
After sweep 51 energy=-190.52270277176927  maxlinkdim=1500 maxerr=1.23E-05 time=342.764
After sweep 52 energy=-190.5531013580843  maxlinkdim=1500 maxerr=1.80E-05 time=340.563
After sweep 53 energy=-190.57342480462066  maxlinkdim=1500 maxerr=2.18E-05 time=347.676
After sweep 54 energy=-190.57948395441792  maxlinkdim=1500 maxerr=2.39E-05 time=348.168
After sweep 55 energy=-190.5816792398264  maxlinkdim=1500 maxerr=2.40E-05 time=346.169
After sweep 56 energy=-190.58259706850242  maxlinkdim=1500 maxerr=2.42E-05 time=350.604
After sweep 57 energy=-190.58304624427151  maxlinkdim=1500 maxerr=2.46E-05 time=350.566
After sweep 58 energy=-190.58331201066954  maxlinkdim=1500 maxerr=2.51E-05 time=350.951
After sweep 59 energy=-190.5834895184389  maxlinkdim=1500 maxerr=2.55E-05 time=346.274
Stopping DMRG after sweep 59
  E(N-1) = -190.5834895184389

[3/3] Computing E(N=112)
  Initial state: 112 particles (56 up, 56 dn)
After sweep 1 energy=-174.69600367610906  maxlinkdim=20 maxerr=9.20E-04 time=11.429
After sweep 2 energy=-181.05464127894217  maxlinkdim=50 maxerr=2.66E-04 time=29.110
After sweep 3 energy=-183.88656568268968  maxlinkdim=100 maxerr=2.54E-04 time=43.705
After sweep 4 energy=-185.3058289020252  maxlinkdim=200 maxerr=1.12E-04 time=63.640
After sweep 5 energy=-186.30503884957136  maxlinkdim=1500 maxerr=2.78E-07 time=156.167
After sweep 6 energy=-186.83936832710762  maxlinkdim=1500 maxerr=8.81E-08 time=326.008
After sweep 7 energy=-187.32633910724053  maxlinkdim=1500 maxerr=1.40E-07 time=327.412
After sweep 8 energy=-187.7574048130524  maxlinkdim=1500 maxerr=3.04E-07 time=333.726
After sweep 9 energy=-188.0762621506798  maxlinkdim=1500 maxerr=1.84E-06 time=329.486
After sweep 10 energy=-188.37436622422183  maxlinkdim=1500 maxerr=6.40E-06 time=333.894
After sweep 11 energy=-188.6125058219229  maxlinkdim=1500 maxerr=6.60E-06 time=340.008
After sweep 12 energy=-188.82636214899048  maxlinkdim=1500 maxerr=4.65E-06 time=345.657
After sweep 13 energy=-189.03273870160245  maxlinkdim=1500 maxerr=9.81E-06 time=349.503
After sweep 14 energy=-189.23262493908322  maxlinkdim=1500 maxerr=1.76E-05 time=349.259
After sweep 15 energy=-189.4082748287157  maxlinkdim=1500 maxerr=1.13E-05 time=349.095
After sweep 16 energy=-189.55663073734183  maxlinkdim=1500 maxerr=3.77E-06 time=350.661
After sweep 17 energy=-189.68829305485735  maxlinkdim=1500 maxerr=6.99E-06 time=351.027
After sweep 18 energy=-189.82394986133758  maxlinkdim=1500 maxerr=6.53E-06 time=349.996
After sweep 19 energy=-189.92387272309003  maxlinkdim=1500 maxerr=5.66E-06 time=354.055
After sweep 20 energy=-190.0221041379408  maxlinkdim=1500 maxerr=6.80E-06 time=353.811
After sweep 21 energy=-190.10786308738085  maxlinkdim=1500 maxerr=1.17E-05 time=353.637
After sweep 22 energy=-190.18314469021416  maxlinkdim=1500 maxerr=9.33E-06 time=352.364
After sweep 23 energy=-190.25015910817422  maxlinkdim=1500 maxerr=6.95E-06 time=350.599
After sweep 24 energy=-190.32866235056215  maxlinkdim=1500 maxerr=8.20E-06 time=343.805
After sweep 25 energy=-190.39779392067965  maxlinkdim=1500 maxerr=7.57E-06 time=348.600
After sweep 26 energy=-190.45438187692739  maxlinkdim=1500 maxerr=7.25E-06 time=348.412
After sweep 27 energy=-190.5120520960088  maxlinkdim=1500 maxerr=7.02E-06 time=346.748
After sweep 28 energy=-190.563128956717  maxlinkdim=1500 maxerr=7.59E-06 time=341.534
After sweep 29 energy=-190.61419530501016  maxlinkdim=1500 maxerr=9.47E-06 time=341.161
After sweep 30 energy=-190.65879087094248  maxlinkdim=1500 maxerr=9.43E-06 time=342.097
After sweep 31 energy=-190.71750722347105  maxlinkdim=1500 maxerr=8.59E-06 time=343.258
After sweep 32 energy=-190.76273779635932  maxlinkdim=1500 maxerr=8.92E-06 time=338.243
After sweep 33 energy=-190.8964904404008  maxlinkdim=1500 maxerr=1.47E-05 time=338.718
After sweep 34 energy=-190.99285872511246  maxlinkdim=1500 maxerr=1.73E-05 time=344.856
After sweep 35 energy=-191.04709166696065  maxlinkdim=1500 maxerr=1.29E-05 time=343.614
After sweep 36 energy=-191.08302756581827  maxlinkdim=1500 maxerr=1.41E-05 time=345.761
After sweep 37 energy=-191.1067276497795  maxlinkdim=1500 maxerr=1.76E-05 time=344.924
After sweep 38 energy=-191.12320319037886  maxlinkdim=1500 maxerr=1.51E-05 time=337.731
After sweep 39 energy=-191.14329843047355  maxlinkdim=1500 maxerr=1.62E-05 time=344.017
After sweep 40 energy=-191.1541148862387  maxlinkdim=1500 maxerr=1.78E-05 time=345.429
After sweep 41 energy=-191.15839257342773  maxlinkdim=1500 maxerr=1.94E-05 time=344.647
After sweep 42 energy=-191.15991576854395  maxlinkdim=1500 maxerr=1.66E-05 time=343.170
After sweep 43 energy=-191.16039681141402  maxlinkdim=1500 maxerr=1.59E-05 time=342.647
After sweep 44 energy=-191.16054519866108  maxlinkdim=1500 maxerr=1.58E-05 time=344.834
Stopping DMRG after sweep 44
  E(N) = -191.16054519866108

============================================================
RESULTS:
  E(110) = -190.08388810532261
  E(111) = -190.5834895184389
  E(112)     = -191.16054519866108
  E_p = -0.07745427  (attractive hole pairing)
============================================================
RESULT: E_p = -0.0774542671058498
E_p calculation completed
