Calculating pair binding energy for ladder
L=64, U=8.0, V=-1.0, t0=1.0, density=0.875
============================================================
Pair binding energy for Hubbard ladder
L = 64 rungs, 128 sites
U = 8.0, V = -1.0, t = 1.0, t0 = 1.0, density = 0.875
N_base = 112
============================================================

[1/3] Computing E(N-2=110)
  Initial state: 110 particles (55 up, 55 dn)
After sweep 1 energy=-189.77631696858506  maxlinkdim=20 maxerr=2.74E-04 time=48.230
After sweep 2 energy=-199.1979201516899  maxlinkdim=50 maxerr=1.48E-05 time=27.751
After sweep 3 energy=-206.6722985072832  maxlinkdim=100 maxerr=4.02E-07 time=37.269
After sweep 4 energy=-209.6456536590312  maxlinkdim=200 maxerr=1.72E-08 time=59.006
After sweep 5 energy=-211.0980508400179  maxlinkdim=528 maxerr=1.00E-10 time=71.787
After sweep 6 energy=-212.02078662381786  maxlinkdim=801 maxerr=1.00E-10 time=82.659
After sweep 7 energy=-212.7197091987465  maxlinkdim=1000 maxerr=1.46E-10 time=88.686
After sweep 8 energy=-213.3202742783961  maxlinkdim=1000 maxerr=7.50E-10 time=93.043
After sweep 9 energy=-213.86642220782727  maxlinkdim=1000 maxerr=2.03E-09 time=98.520
After sweep 10 energy=-214.40263776074124  maxlinkdim=1000 maxerr=2.90E-09 time=106.466
After sweep 11 energy=-214.76957272630506  maxlinkdim=1000 maxerr=3.48E-09 time=109.390
After sweep 12 energy=-215.07117216889282  maxlinkdim=1000 maxerr=4.53E-09 time=116.765
After sweep 13 energy=-215.43746414122697  maxlinkdim=1000 maxerr=3.95E-08 time=125.182
After sweep 14 energy=-215.6321449110147  maxlinkdim=1000 maxerr=1.31E-08 time=128.839
After sweep 15 energy=-215.82837216327871  maxlinkdim=1000 maxerr=2.01E-08 time=140.680
After sweep 16 energy=-215.9754685179667  maxlinkdim=1000 maxerr=3.39E-08 time=150.321
After sweep 17 energy=-216.13019614595297  maxlinkdim=1000 maxerr=4.69E-08 time=152.316
After sweep 18 energy=-216.34117441171537  maxlinkdim=1000 maxerr=4.31E-07 time=149.888
After sweep 19 energy=-216.46681168606904  maxlinkdim=1000 maxerr=7.04E-07 time=155.763
After sweep 20 energy=-216.55907102722986  maxlinkdim=1000 maxerr=1.28E-07 time=168.878
After sweep 21 energy=-216.66937896532306  maxlinkdim=1000 maxerr=2.70E-07 time=182.603
After sweep 22 energy=-216.7311996128012  maxlinkdim=1000 maxerr=7.20E-08 time=195.139
After sweep 23 energy=-216.78615981946956  maxlinkdim=1000 maxerr=8.07E-08 time=197.227
After sweep 24 energy=-216.8445893127999  maxlinkdim=1000 maxerr=1.34E-07 time=202.437
After sweep 25 energy=-216.90653895059373  maxlinkdim=1000 maxerr=1.36E-07 time=206.807
After sweep 26 energy=-216.96084178869526  maxlinkdim=1000 maxerr=1.26E-07 time=197.710
After sweep 27 energy=-217.02432670042168  maxlinkdim=1000 maxerr=1.67E-07 time=197.862
After sweep 28 energy=-217.07790552198142  maxlinkdim=1000 maxerr=1.02E-07 time=197.212
After sweep 29 energy=-217.1310017316207  maxlinkdim=1000 maxerr=1.13E-07 time=202.717
After sweep 30 energy=-217.1851244071138  maxlinkdim=1000 maxerr=1.42E-07 time=208.063
After sweep 31 energy=-217.25633471550594  maxlinkdim=1000 maxerr=3.98E-07 time=201.355
After sweep 32 energy=-217.32121044711997  maxlinkdim=1000 maxerr=3.51E-07 time=190.599
After sweep 33 energy=-217.37667296402225  maxlinkdim=1000 maxerr=2.50E-07 time=193.570
After sweep 34 energy=-217.4259580920263  maxlinkdim=1000 maxerr=1.55E-07 time=193.224
After sweep 35 energy=-217.47745870107065  maxlinkdim=1000 maxerr=2.02E-07 time=194.720
After sweep 36 energy=-217.52859888403168  maxlinkdim=1000 maxerr=2.42E-07 time=199.056
After sweep 37 energy=-217.58794338918602  maxlinkdim=1000 maxerr=3.82E-07 time=202.841
After sweep 38 energy=-217.64141922512528  maxlinkdim=1000 maxerr=5.34E-07 time=200.165
After sweep 39 energy=-217.7232992777883  maxlinkdim=1000 maxerr=1.17E-05 time=200.975
After sweep 40 energy=-217.76093757995758  maxlinkdim=1000 maxerr=3.37E-07 time=203.332
After sweep 41 energy=-217.7919106103396  maxlinkdim=1000 maxerr=1.28E-07 time=201.890
After sweep 42 energy=-217.8279750804303  maxlinkdim=1000 maxerr=2.63E-07 time=206.206
After sweep 43 energy=-217.85755311030448  maxlinkdim=1000 maxerr=1.49E-07 time=204.224
After sweep 44 energy=-217.8866939310013  maxlinkdim=1000 maxerr=2.13E-07 time=201.786
After sweep 45 energy=-217.91797611752335  maxlinkdim=1000 maxerr=2.76E-07 time=194.724
After sweep 46 energy=-217.95142678856493  maxlinkdim=1000 maxerr=3.15E-07 time=188.433
After sweep 47 energy=-217.98243382316628  maxlinkdim=1000 maxerr=3.20E-07 time=191.690
After sweep 48 energy=-218.01627040739268  maxlinkdim=1000 maxerr=3.86E-07 time=190.593
After sweep 49 energy=-218.04782098784693  maxlinkdim=1000 maxerr=4.23E-07 time=192.966
After sweep 50 energy=-218.08474763144326  maxlinkdim=1000 maxerr=5.58E-07 time=191.520
After sweep 51 energy=-218.226431172846  maxlinkdim=1000 maxerr=4.99E-07 time=196.149
After sweep 52 energy=-218.36439093805984  maxlinkdim=1000 maxerr=2.16E-07 time=193.810
After sweep 53 energy=-218.42381956316055  maxlinkdim=1000 maxerr=2.42E-07 time=195.569
After sweep 54 energy=-218.45466628153378  maxlinkdim=1000 maxerr=3.42E-07 time=197.956
After sweep 55 energy=-218.50518659714254  maxlinkdim=1000 maxerr=4.14E-05 time=193.702
After sweep 56 energy=-218.5756680085689  maxlinkdim=1000 maxerr=1.11E-05 time=191.562
After sweep 57 energy=-218.6069787757895  maxlinkdim=1000 maxerr=8.60E-07 time=187.391
After sweep 58 energy=-218.62936047314648  maxlinkdim=1000 maxerr=3.65E-07 time=182.966
After sweep 59 energy=-218.64830231930927  maxlinkdim=1000 maxerr=2.74E-07 time=184.412
After sweep 60 energy=-218.668144215835  maxlinkdim=1000 maxerr=3.63E-07 time=189.044
After sweep 61 energy=-218.73227949792079  maxlinkdim=1000 maxerr=1.42E-05 time=195.432
After sweep 62 energy=-218.80259241471165  maxlinkdim=1000 maxerr=2.35E-05 time=200.201
After sweep 63 energy=-218.8439970287553  maxlinkdim=1000 maxerr=5.66E-06 time=200.349
After sweep 64 energy=-218.89165307172982  maxlinkdim=1000 maxerr=5.92E-06 time=201.172
After sweep 65 energy=-218.9333538160995  maxlinkdim=1000 maxerr=1.88E-05 time=204.290
After sweep 66 energy=-218.97155787020586  maxlinkdim=1000 maxerr=1.01E-05 time=206.316
After sweep 67 energy=-219.00295541847416  maxlinkdim=1000 maxerr=1.04E-05 time=208.614
After sweep 68 energy=-219.0280455492896  maxlinkdim=1000 maxerr=8.67E-06 time=197.389
After sweep 69 energy=-219.05107078627708  maxlinkdim=1000 maxerr=8.48E-06 time=209.167
After sweep 70 energy=-219.07084162342395  maxlinkdim=1000 maxerr=9.27E-06 time=207.607
After sweep 71 energy=-219.08893443144805  maxlinkdim=1000 maxerr=9.37E-06 time=192.462
After sweep 72 energy=-219.10690222354228  maxlinkdim=1000 maxerr=8.83E-06 time=194.798
After sweep 73 energy=-219.12678392223927  maxlinkdim=1000 maxerr=9.44E-06 time=206.097
After sweep 74 energy=-219.14919029627342  maxlinkdim=1000 maxerr=8.68E-06 time=209.077
After sweep 75 energy=-219.16337866798455  maxlinkdim=1000 maxerr=8.49E-06 time=202.840
After sweep 76 energy=-219.17758550399103  maxlinkdim=1000 maxerr=2.00E-05 time=204.877
After sweep 77 energy=-219.1910162323712  maxlinkdim=1000 maxerr=8.84E-06 time=204.643
After sweep 78 energy=-219.20526518057946  maxlinkdim=1000 maxerr=9.65E-06 time=205.468
After sweep 79 energy=-219.21714578904925  maxlinkdim=1000 maxerr=7.16E-06 time=209.470
After sweep 80 energy=-219.22747669073524  maxlinkdim=1000 maxerr=8.35E-06 time=208.185
After sweep 81 energy=-219.23788917585392  maxlinkdim=1000 maxerr=8.24E-06 time=213.261
After sweep 82 energy=-219.2472849112902  maxlinkdim=1000 maxerr=8.25E-06 time=204.338
After sweep 83 energy=-219.2559489860391  maxlinkdim=1000 maxerr=8.11E-06 time=205.975
After sweep 84 energy=-219.26498190948456  maxlinkdim=1000 maxerr=1.04E-05 time=209.912
After sweep 85 energy=-219.2745576014848  maxlinkdim=1000 maxerr=8.48E-06 time=206.133
After sweep 86 energy=-219.2839010721439  maxlinkdim=1000 maxerr=1.01E-05 time=212.301
After sweep 87 energy=-219.2918570277108  maxlinkdim=1000 maxerr=9.47E-06 time=208.487
After sweep 88 energy=-219.29902077599377  maxlinkdim=1000 maxerr=7.38E-06 time=207.048
After sweep 89 energy=-219.31028768149704  maxlinkdim=1000 maxerr=7.94E-06 time=205.860
After sweep 90 energy=-219.3227026284429  maxlinkdim=1000 maxerr=9.13E-06 time=206.074
After sweep 91 energy=-219.3308538571972  maxlinkdim=1000 maxerr=1.02E-05 time=211.391
After sweep 92 energy=-219.33760435394578  maxlinkdim=1000 maxerr=5.84E-06 time=206.528
After sweep 93 energy=-219.3436791657134  maxlinkdim=1000 maxerr=5.95E-06 time=203.123
After sweep 94 energy=-219.34971920564718  maxlinkdim=1000 maxerr=8.21E-06 time=206.026
After sweep 95 energy=-219.3548028742306  maxlinkdim=1000 maxerr=6.33E-06 time=216.732
After sweep 96 energy=-219.35951034466453  maxlinkdim=1000 maxerr=7.00E-06 time=212.617
After sweep 97 energy=-219.36365607381694  maxlinkdim=1000 maxerr=5.32E-06 time=206.553
After sweep 98 energy=-219.36700273240456  maxlinkdim=1000 maxerr=5.57E-06 time=209.688
After sweep 99 energy=-219.37080791838216  maxlinkdim=1000 maxerr=5.98E-06 time=204.872
After sweep 100 energy=-219.37417035230274  maxlinkdim=1000 maxerr=4.78E-06 time=204.195
  E(N-2) = -219.37417035230274

[2/3] Computing E(N-1=111)
  Initial state: 111 particles (56 up, 55 dn)
After sweep 1 energy=-191.73658365344258  maxlinkdim=20 maxerr=2.74E-04 time=10.479
After sweep 2 energy=-201.08700710414544  maxlinkdim=50 maxerr=2.27E-06 time=23.038
After sweep 3 energy=-208.45522777801006  maxlinkdim=100 maxerr=3.53E-07 time=37.008
After sweep 4 energy=-211.4260395214073  maxlinkdim=200 maxerr=1.10E-08 time=58.466
After sweep 5 energy=-213.24472382326357  maxlinkdim=637 maxerr=1.00E-10 time=74.625
After sweep 6 energy=-214.08549308827028  maxlinkdim=895 maxerr=1.00E-10 time=88.319
After sweep 7 energy=-214.6050607713295  maxlinkdim=991 maxerr=1.00E-10 time=87.336
After sweep 8 energy=-215.00493442125907  maxlinkdim=1000 maxerr=3.13E-10 time=92.885
After sweep 9 energy=-215.35668695278557  maxlinkdim=1000 maxerr=1.00E-09 time=99.677
After sweep 10 energy=-215.70832515370853  maxlinkdim=1000 maxerr=3.32E-09 time=96.691
After sweep 11 energy=-216.1095673383172  maxlinkdim=1000 maxerr=4.86E-09 time=103.579
After sweep 12 energy=-216.50774227009973  maxlinkdim=1000 maxerr=1.02E-08 time=113.861
After sweep 13 energy=-216.97993435660038  maxlinkdim=1000 maxerr=1.55E-07 time=127.295
After sweep 14 energy=-217.19489761664838  maxlinkdim=1000 maxerr=2.14E-08 time=139.735
After sweep 15 energy=-217.35387336233345  maxlinkdim=1000 maxerr=5.15E-08 time=151.046
After sweep 16 energy=-217.51004849651505  maxlinkdim=1000 maxerr=1.27E-07 time=150.493
After sweep 17 energy=-217.7045185699087  maxlinkdim=1000 maxerr=4.91E-07 time=150.160
After sweep 18 energy=-217.83176164118046  maxlinkdim=1000 maxerr=2.60E-07 time=156.168
After sweep 19 energy=-217.92940857439774  maxlinkdim=1000 maxerr=2.82E-07 time=165.640
After sweep 20 energy=-218.0404569548422  maxlinkdim=1000 maxerr=4.98E-07 time=189.996
After sweep 21 energy=-218.1126660841145  maxlinkdim=1000 maxerr=2.48E-07 time=195.874
After sweep 22 energy=-218.1738725536241  maxlinkdim=1000 maxerr=2.99E-07 time=193.540
After sweep 23 energy=-218.23831380496938  maxlinkdim=1000 maxerr=3.86E-07 time=200.182
After sweep 24 energy=-218.31754640757032  maxlinkdim=1000 maxerr=4.89E-07 time=194.964
After sweep 25 energy=-218.3718017690796  maxlinkdim=1000 maxerr=2.36E-07 time=186.703
After sweep 26 energy=-218.42573262372312  maxlinkdim=1000 maxerr=4.47E-07 time=185.834
After sweep 27 energy=-218.47791843718502  maxlinkdim=1000 maxerr=4.52E-07 time=181.721
After sweep 28 energy=-218.51821968546756  maxlinkdim=1000 maxerr=1.92E-07 time=183.142
After sweep 29 energy=-218.56433405350444  maxlinkdim=1000 maxerr=4.53E-07 time=187.925
After sweep 30 energy=-218.61098826757225  maxlinkdim=1000 maxerr=4.45E-07 time=186.556
After sweep 31 energy=-218.6580989209356  maxlinkdim=1000 maxerr=6.21E-07 time=187.596
After sweep 32 energy=-218.71359620817142  maxlinkdim=1000 maxerr=9.96E-07 time=185.994
After sweep 33 energy=-218.76275225044287  maxlinkdim=1000 maxerr=7.42E-07 time=188.626
After sweep 34 energy=-218.81041409401115  maxlinkdim=1000 maxerr=7.35E-07 time=186.230
After sweep 35 energy=-218.86085161637635  maxlinkdim=1000 maxerr=9.46E-07 time=184.347
After sweep 36 energy=-218.90306126989103  maxlinkdim=1000 maxerr=1.13E-06 time=198.898
After sweep 37 energy=-218.9559317866939  maxlinkdim=1000 maxerr=1.54E-06 time=207.536
After sweep 38 energy=-218.99234036786828  maxlinkdim=1000 maxerr=4.99E-07 time=202.209
After sweep 39 energy=-219.03536296125074  maxlinkdim=1000 maxerr=9.57E-07 time=208.327
After sweep 40 energy=-219.0702742954192  maxlinkdim=1000 maxerr=5.94E-07 time=207.440
After sweep 41 energy=-219.10675726525798  maxlinkdim=1000 maxerr=7.50E-07 time=203.133
After sweep 42 energy=-219.13921969730194  maxlinkdim=1000 maxerr=3.92E-07 time=202.756
After sweep 43 energy=-219.17056711666825  maxlinkdim=1000 maxerr=4.14E-07 time=207.680
After sweep 44 energy=-219.20426440601486  maxlinkdim=1000 maxerr=5.48E-07 time=212.549
After sweep 45 energy=-219.23894290187147  maxlinkdim=1000 maxerr=4.56E-07 time=203.117
After sweep 46 energy=-219.26841061360105  maxlinkdim=1000 maxerr=4.47E-07 time=212.159
After sweep 47 energy=-219.29966802616528  maxlinkdim=1000 maxerr=4.50E-07 time=209.610
After sweep 48 energy=-219.39746180713163  maxlinkdim=1000 maxerr=8.52E-07 time=214.667
After sweep 49 energy=-219.57885057890593  maxlinkdim=1000 maxerr=1.30E-06 time=212.749
After sweep 50 energy=-219.65622216666094  maxlinkdim=1000 maxerr=8.41E-07 time=209.429
After sweep 51 energy=-219.69256272469684  maxlinkdim=1000 maxerr=5.49E-07 time=212.492
After sweep 52 energy=-219.72306008799055  maxlinkdim=1000 maxerr=1.16E-06 time=219.584
After sweep 53 energy=-219.74957526091794  maxlinkdim=1000 maxerr=7.56E-07 time=218.956
After sweep 54 energy=-219.77272236439512  maxlinkdim=1000 maxerr=1.86E-06 time=213.903
After sweep 55 energy=-219.85589018732603  maxlinkdim=1000 maxerr=1.17E-05 time=209.483
After sweep 56 energy=-219.9423910053175  maxlinkdim=1000 maxerr=9.01E-06 time=215.024
After sweep 57 energy=-219.98904542081382  maxlinkdim=1000 maxerr=1.15E-05 time=213.461
After sweep 58 energy=-220.02726711491493  maxlinkdim=1000 maxerr=1.27E-05 time=211.863
After sweep 59 energy=-220.06524811070764  maxlinkdim=1000 maxerr=1.61E-05 time=205.087
After sweep 60 energy=-220.10179966320692  maxlinkdim=1000 maxerr=1.61E-05 time=213.414
After sweep 61 energy=-220.12863061428806  maxlinkdim=1000 maxerr=1.65E-05 time=213.023
After sweep 62 energy=-220.15483891620482  maxlinkdim=1000 maxerr=1.58E-05 time=212.890
After sweep 63 energy=-220.17423542190593  maxlinkdim=1000 maxerr=1.39E-05 time=215.144
After sweep 64 energy=-220.1968458626952  maxlinkdim=1000 maxerr=1.33E-05 time=210.611
After sweep 65 energy=-220.2136689451838  maxlinkdim=1000 maxerr=1.66E-05 time=212.309
After sweep 66 energy=-220.2274164816448  maxlinkdim=1000 maxerr=1.54E-05 time=214.304
After sweep 67 energy=-220.2416888052553  maxlinkdim=1000 maxerr=1.46E-05 time=211.382
After sweep 68 energy=-220.2540749158698  maxlinkdim=1000 maxerr=1.45E-05 time=210.765
After sweep 69 energy=-220.26537184004283  maxlinkdim=1000 maxerr=1.37E-05 time=207.963
After sweep 70 energy=-220.27767569064005  maxlinkdim=1000 maxerr=1.33E-05 time=212.292
After sweep 71 energy=-220.29168836687748  maxlinkdim=1000 maxerr=1.32E-05 time=210.120
After sweep 72 energy=-220.31141790356682  maxlinkdim=1000 maxerr=1.33E-05 time=209.741
After sweep 73 energy=-220.32938401713275  maxlinkdim=1000 maxerr=1.31E-05 time=215.485
After sweep 74 energy=-220.34531725046207  maxlinkdim=1000 maxerr=1.26E-05 time=209.182
After sweep 75 energy=-220.35980464159326  maxlinkdim=1000 maxerr=1.21E-05 time=200.644
After sweep 76 energy=-220.37223369310664  maxlinkdim=1000 maxerr=1.16E-05 time=201.665
After sweep 77 energy=-220.38318113253956  maxlinkdim=1000 maxerr=1.12E-05 time=199.681
After sweep 78 energy=-220.39213922353628  maxlinkdim=1000 maxerr=1.09E-05 time=211.462
After sweep 79 energy=-220.39980129964394  maxlinkdim=1000 maxerr=1.07E-05 time=213.083
After sweep 80 energy=-220.40745403001205  maxlinkdim=1000 maxerr=1.05E-05 time=212.110
After sweep 81 energy=-220.41362741555767  maxlinkdim=1000 maxerr=1.03E-05 time=215.353
After sweep 82 energy=-220.41904912417442  maxlinkdim=1000 maxerr=1.01E-05 time=217.537
After sweep 83 energy=-220.42411569432144  maxlinkdim=1000 maxerr=9.91E-06 time=214.134
After sweep 84 energy=-220.42847537568866  maxlinkdim=1000 maxerr=9.74E-06 time=206.171
After sweep 85 energy=-220.4320796235665  maxlinkdim=1000 maxerr=9.61E-06 time=203.734
After sweep 86 energy=-220.4352425275763  maxlinkdim=1000 maxerr=9.53E-06 time=216.570
After sweep 87 energy=-220.43795437824573  maxlinkdim=1000 maxerr=9.47E-06 time=215.858
After sweep 88 energy=-220.44018584486722  maxlinkdim=1000 maxerr=9.42E-06 time=222.730
After sweep 89 energy=-220.44197630899959  maxlinkdim=1000 maxerr=9.32E-06 time=215.085
After sweep 90 energy=-220.44353503233765  maxlinkdim=1000 maxerr=9.25E-06 time=219.774
After sweep 91 energy=-220.4453649964442  maxlinkdim=1000 maxerr=9.17E-06 time=219.757
After sweep 92 energy=-220.44654197563173  maxlinkdim=1000 maxerr=9.13E-06 time=223.501
After sweep 93 energy=-220.4471745653912  maxlinkdim=1000 maxerr=9.05E-06 time=215.968
After sweep 94 energy=-220.4475296369618  maxlinkdim=1000 maxerr=8.97E-06 time=216.231
After sweep 95 energy=-220.44774242469396  maxlinkdim=1000 maxerr=8.90E-06 time=221.083
After sweep 96 energy=-220.4478749672857  maxlinkdim=1000 maxerr=8.88E-06 time=204.850
After sweep 97 energy=-220.44796317099969  maxlinkdim=1000 maxerr=8.87E-06 time=211.768
After sweep 98 energy=-220.44802221657469  maxlinkdim=1000 maxerr=8.86E-06 time=214.300
After sweep 99 energy=-220.44806052567085  maxlinkdim=1000 maxerr=8.85E-06 time=213.202
After sweep 100 energy=-220.44808792983034  maxlinkdim=1000 maxerr=8.83E-06 time=217.351
  E(N-1) = -220.44808792983034

[3/3] Computing E(N=112)
  Initial state: 112 particles (56 up, 56 dn)
After sweep 1 energy=-193.31143129875042  maxlinkdim=20 maxerr=2.73E-04 time=11.514
After sweep 2 energy=-202.85311007257496  maxlinkdim=50 maxerr=1.47E-05 time=24.166
After sweep 3 energy=-210.53935605810724  maxlinkdim=100 maxerr=3.44E-07 time=36.009
After sweep 4 energy=-213.3020377058262  maxlinkdim=200 maxerr=7.68E-09 time=52.834
After sweep 5 energy=-215.3090262847457  maxlinkdim=713 maxerr=1.00E-10 time=72.458
After sweep 6 energy=-216.0913047856062  maxlinkdim=865 maxerr=1.00E-10 time=91.134
After sweep 7 energy=-216.56078154614042  maxlinkdim=984 maxerr=1.00E-10 time=100.422
After sweep 8 energy=-216.99801003225548  maxlinkdim=1000 maxerr=6.25E-10 time=106.346
After sweep 9 energy=-217.38921875807767  maxlinkdim=1000 maxerr=1.70E-09 time=113.397
After sweep 10 energy=-217.749261903106  maxlinkdim=1000 maxerr=3.13E-09 time=117.051
After sweep 11 energy=-218.14168520583252  maxlinkdim=1000 maxerr=1.56E-08 time=119.732
After sweep 12 energy=-218.3667496511836  maxlinkdim=1000 maxerr=7.63E-09 time=126.544
After sweep 13 energy=-218.5868935705299  maxlinkdim=1000 maxerr=2.05E-08 time=133.858
After sweep 14 energy=-218.78224322091313  maxlinkdim=1000 maxerr=5.27E-08 time=139.130
After sweep 15 energy=-218.91163976705727  maxlinkdim=1000 maxerr=5.08E-08 time=149.342
After sweep 16 energy=-219.02377748031563  maxlinkdim=1000 maxerr=6.69E-08 time=157.388
After sweep 17 energy=-219.14711878730205  maxlinkdim=1000 maxerr=1.68E-07 time=169.242
After sweep 18 energy=-219.26105338498715  maxlinkdim=1000 maxerr=6.26E-07 time=168.426
After sweep 19 energy=-219.3719504134639  maxlinkdim=1000 maxerr=5.97E-06 time=171.151
After sweep 20 energy=-219.48066481500308  maxlinkdim=1000 maxerr=2.36E-06 time=173.641
After sweep 21 energy=-219.54783400281707  maxlinkdim=1000 maxerr=1.46E-06 time=177.738
After sweep 22 energy=-219.61879048496405  maxlinkdim=1000 maxerr=9.12E-07 time=182.021
After sweep 23 energy=-219.68027224230704  maxlinkdim=1000 maxerr=1.56E-07 time=180.016
After sweep 24 energy=-219.73886818858438  maxlinkdim=1000 maxerr=1.43E-07 time=191.428
After sweep 25 energy=-219.79495347424154  maxlinkdim=1000 maxerr=1.10E-07 time=192.834
After sweep 26 energy=-219.84658434421067  maxlinkdim=1000 maxerr=1.74E-07 time=192.710
After sweep 27 energy=-219.90587944558317  maxlinkdim=1000 maxerr=2.43E-07 time=195.077
After sweep 28 energy=-219.98037916015087  maxlinkdim=1000 maxerr=6.00E-07 time=188.481
After sweep 29 energy=-220.042646940625  maxlinkdim=1000 maxerr=6.28E-07 time=189.751
After sweep 30 energy=-220.1089697315495  maxlinkdim=1000 maxerr=1.10E-06 time=191.516
After sweep 31 energy=-220.16726107206898  maxlinkdim=1000 maxerr=8.56E-07 time=189.944
After sweep 32 energy=-220.21081583824497  maxlinkdim=1000 maxerr=3.06E-07 time=188.870
After sweep 33 energy=-220.25786849898864  maxlinkdim=1000 maxerr=9.34E-07 time=194.521
After sweep 34 energy=-220.33746353846462  maxlinkdim=1000 maxerr=9.09E-06 time=207.451
After sweep 35 energy=-220.40695101084125  maxlinkdim=1000 maxerr=1.39E-06 time=210.382
After sweep 36 energy=-220.47193226632194  maxlinkdim=1000 maxerr=3.69E-05 time=215.010
After sweep 37 energy=-220.53988143633526  maxlinkdim=1000 maxerr=1.06E-05 time=210.828
After sweep 38 energy=-220.59514883647014  maxlinkdim=1000 maxerr=1.08E-05 time=201.839
After sweep 39 energy=-220.64320775714708  maxlinkdim=1000 maxerr=1.45E-05 time=211.928
After sweep 40 energy=-220.68606184792296  maxlinkdim=1000 maxerr=1.06E-05 time=204.491
After sweep 41 energy=-220.72845756454342  maxlinkdim=1000 maxerr=1.05E-05 time=190.487
After sweep 42 energy=-220.77147291366347  maxlinkdim=1000 maxerr=1.17E-05 time=193.407
After sweep 43 energy=-220.8139960794006  maxlinkdim=1000 maxerr=1.48E-05 time=191.722
After sweep 44 energy=-220.85092002793587  maxlinkdim=1000 maxerr=1.75E-05 time=199.247
After sweep 45 energy=-220.9018900025992  maxlinkdim=1000 maxerr=2.25E-05 time=198.941
After sweep 46 energy=-220.94488517599817  maxlinkdim=1000 maxerr=8.63E-06 time=205.452
After sweep 47 energy=-220.98767801658633  maxlinkdim=1000 maxerr=9.08E-06 time=215.893
After sweep 48 energy=-221.01824102513157  maxlinkdim=1000 maxerr=9.44E-06 time=217.040
After sweep 49 energy=-221.0452285680797  maxlinkdim=1000 maxerr=9.17E-06 time=216.157
After sweep 50 energy=-221.1111081390113  maxlinkdim=1000 maxerr=1.37E-05 time=200.018
After sweep 51 energy=-221.35700557321397  maxlinkdim=1000 maxerr=1.39E-05 time=197.182
After sweep 52 energy=-221.39379600386758  maxlinkdim=1000 maxerr=8.52E-06 time=194.326
After sweep 53 energy=-221.42102532924753  maxlinkdim=1000 maxerr=9.02E-06 time=194.868
After sweep 54 energy=-221.44933570586645  maxlinkdim=1000 maxerr=8.75E-06 time=217.233
After sweep 55 energy=-221.4645146130929  maxlinkdim=1000 maxerr=1.06E-05 time=208.747
After sweep 56 energy=-221.47906145124992  maxlinkdim=1000 maxerr=7.87E-06 time=208.952
After sweep 57 energy=-221.50312344810806  maxlinkdim=1000 maxerr=2.47E-05 time=213.577
After sweep 58 energy=-221.51899539540398  maxlinkdim=1000 maxerr=1.39E-05 time=210.634
After sweep 59 energy=-221.53216879470395  maxlinkdim=1000 maxerr=8.32E-06 time=208.934
After sweep 60 energy=-221.54760442754767  maxlinkdim=1000 maxerr=1.44E-05 time=210.246
After sweep 61 energy=-221.559330487049  maxlinkdim=1000 maxerr=9.77E-06 time=208.267
After sweep 62 energy=-221.57105701655243  maxlinkdim=1000 maxerr=9.62E-06 time=207.575
After sweep 63 energy=-221.58739525064448  maxlinkdim=1000 maxerr=1.21E-05 time=209.071
After sweep 64 energy=-221.60056703704885  maxlinkdim=1000 maxerr=7.73E-06 time=206.431
After sweep 65 energy=-221.61144718915838  maxlinkdim=1000 maxerr=6.29E-06 time=203.795
After sweep 66 energy=-221.62291763701455  maxlinkdim=1000 maxerr=7.15E-06 time=202.094
After sweep 67 energy=-221.6330381068782  maxlinkdim=1000 maxerr=6.35E-06 time=204.626
After sweep 68 energy=-221.64053655049216  maxlinkdim=1000 maxerr=6.55E-06 time=207.952
After sweep 69 energy=-221.6469338881396  maxlinkdim=1000 maxerr=5.17E-06 time=202.685
After sweep 70 energy=-221.65258589992715  maxlinkdim=1000 maxerr=5.77E-06 time=197.685
After sweep 71 energy=-221.65883654494436  maxlinkdim=1000 maxerr=5.44E-06 time=198.659
After sweep 72 energy=-221.6659974226043  maxlinkdim=1000 maxerr=5.78E-06 time=200.163
After sweep 73 energy=-221.67562490581014  maxlinkdim=1000 maxerr=1.04E-05 time=200.075
After sweep 74 energy=-221.6842256313189  maxlinkdim=1000 maxerr=7.08E-06 time=207.215
After sweep 75 energy=-221.6904176358924  maxlinkdim=1000 maxerr=4.87E-06 time=209.326
After sweep 76 energy=-221.69707233146846  maxlinkdim=1000 maxerr=6.61E-06 time=204.992
After sweep 77 energy=-221.7041322716365  maxlinkdim=1000 maxerr=5.65E-06 time=202.981
After sweep 78 energy=-221.70925749370173  maxlinkdim=1000 maxerr=4.62E-06 time=207.369
After sweep 79 energy=-221.71358600207935  maxlinkdim=1000 maxerr=4.39E-06 time=206.093
After sweep 80 energy=-221.71739118416332  maxlinkdim=1000 maxerr=4.30E-06 time=200.720
After sweep 81 energy=-221.7201336667271  maxlinkdim=1000 maxerr=3.86E-06 time=204.073
After sweep 82 energy=-221.72235611529314  maxlinkdim=1000 maxerr=3.86E-06 time=208.012
After sweep 83 energy=-221.7239214906595  maxlinkdim=1000 maxerr=3.39E-06 time=209.661
After sweep 84 energy=-221.72484164980972  maxlinkdim=1000 maxerr=3.17E-06 time=201.937
After sweep 85 energy=-221.72538609001577  maxlinkdim=1000 maxerr=3.17E-06 time=203.334
After sweep 86 energy=-221.72571017204498  maxlinkdim=1000 maxerr=3.10E-06 time=202.886
After sweep 87 energy=-221.72590497520986  maxlinkdim=1000 maxerr=2.97E-06 time=198.605
After sweep 88 energy=-221.72602580393408  maxlinkdim=1000 maxerr=2.97E-06 time=199.318
After sweep 89 energy=-221.7261008573016  maxlinkdim=1000 maxerr=2.96E-06 time=200.234
After sweep 90 energy=-221.7261530444394  maxlinkdim=1000 maxerr=2.93E-06 time=204.459
After sweep 91 energy=-221.7261857439504  maxlinkdim=1000 maxerr=2.93E-06 time=198.730
After sweep 92 energy=-221.72620343795037  maxlinkdim=1000 maxerr=2.92E-06 time=200.690
After sweep 93 energy=-221.7262168083977  maxlinkdim=1000 maxerr=2.93E-06 time=200.109
After sweep 94 energy=-221.72622731575206  maxlinkdim=1000 maxerr=2.93E-06 time=199.456
After sweep 95 energy=-221.72623464026626  maxlinkdim=1000 maxerr=2.92E-06 time=200.919
After sweep 96 energy=-221.72624083112976  maxlinkdim=1000 maxerr=2.93E-06 time=200.569
After sweep 97 energy=-221.72624476623852  maxlinkdim=1000 maxerr=2.93E-06 time=197.472
After sweep 98 energy=-221.72624884175815  maxlinkdim=1000 maxerr=2.93E-06 time=200.412
After sweep 99 energy=-221.7262525010124  maxlinkdim=1000 maxerr=2.94E-06 time=200.901
After sweep 100 energy=-221.72625287770117  maxlinkdim=1000 maxerr=2.94E-06 time=198.328
  E(N) = -221.72625287770117

============================================================
RESULTS:
  E(110) = -219.37417035230274
  E(111) = -220.44808792983034
  E(112)     = -221.72625287770117
  E_p = -0.20424737  (attractive hole pairing)
============================================================
RESULT: E_p = -0.20424737034323925
E_p calculation completed
