Calculating pair binding energy for ladder
L=64, U=8.0, V=0.6, t0=1.0, density=0.875
============================================================
Pair binding energy for Hubbard ladder
L = 64 rungs, 128 sites
U = 8.0, V = 0.6, t = 1.0, t0 = 1.0, density = 0.875
N_base = 112
============================================================

[1/3] Computing E(N-2=110)
  Initial state: 110 particles (55 up, 55 dn)
After sweep 1 energy=46.3526852119705  maxlinkdim=20 maxerr=4.26E-04 time=50.019
After sweep 2 energy=35.97769654542873  maxlinkdim=50 maxerr=1.80E-05 time=31.618
After sweep 3 energy=30.31471278185528  maxlinkdim=100 maxerr=8.18E-07 time=44.242
After sweep 4 energy=27.691613828445483  maxlinkdim=200 maxerr=1.54E-07 time=66.206
After sweep 5 energy=24.40109763679509  maxlinkdim=612 maxerr=1.00E-10 time=78.567
After sweep 6 energy=19.99438977680915  maxlinkdim=1000 maxerr=4.93E-10 time=102.485
After sweep 7 energy=16.97178088774067  maxlinkdim=1000 maxerr=3.46E-09 time=116.275
After sweep 8 energy=13.998140133460058  maxlinkdim=1000 maxerr=1.12E-08 time=123.654
After sweep 9 energy=10.717481181798295  maxlinkdim=1000 maxerr=6.34E-08 time=137.123
After sweep 10 energy=8.990171526499067  maxlinkdim=1000 maxerr=1.99E-08 time=153.033
After sweep 11 energy=7.47587922684448  maxlinkdim=1000 maxerr=5.82E-08 time=157.307
After sweep 12 energy=6.3084197088884935  maxlinkdim=1000 maxerr=6.95E-08 time=166.379
After sweep 13 energy=5.121024942492415  maxlinkdim=1000 maxerr=1.00E-07 time=180.917
After sweep 14 energy=4.5685647811152  maxlinkdim=1000 maxerr=3.50E-08 time=180.565
After sweep 15 energy=4.126416498627305  maxlinkdim=1000 maxerr=2.16E-08 time=183.898
After sweep 16 energy=3.739658349759113  maxlinkdim=1000 maxerr=2.06E-08 time=191.980
After sweep 17 energy=3.3927931897315524  maxlinkdim=1000 maxerr=1.86E-08 time=188.465
After sweep 18 energy=3.0221021319719164  maxlinkdim=1000 maxerr=3.03E-08 time=192.392
After sweep 19 energy=2.6591284919367886  maxlinkdim=1000 maxerr=3.21E-08 time=196.092
After sweep 20 energy=2.316883919678807  maxlinkdim=1000 maxerr=3.02E-08 time=198.705
After sweep 21 energy=1.9748632573929594  maxlinkdim=1000 maxerr=3.80E-08 time=210.344
After sweep 22 energy=1.6651424721635162  maxlinkdim=1000 maxerr=3.39E-08 time=214.087
After sweep 23 energy=1.4123796364319336  maxlinkdim=1000 maxerr=3.18E-08 time=214.301
After sweep 24 energy=1.1555329765904925  maxlinkdim=1000 maxerr=2.79E-08 time=215.812
After sweep 25 energy=0.897436535587026  maxlinkdim=1000 maxerr=3.88E-08 time=217.499
After sweep 26 energy=0.6466011710526703  maxlinkdim=1000 maxerr=4.85E-08 time=212.308
After sweep 27 energy=0.37952997503185965  maxlinkdim=1000 maxerr=7.34E-08 time=202.283
After sweep 28 energy=0.11908671747973879  maxlinkdim=1000 maxerr=8.89E-08 time=201.184
After sweep 29 energy=-0.14296650110941891  maxlinkdim=1000 maxerr=1.36E-07 time=201.904
After sweep 30 energy=-0.4026828446268674  maxlinkdim=1000 maxerr=4.33E-07 time=200.098
After sweep 31 energy=-0.6307695009029648  maxlinkdim=1000 maxerr=1.90E-06 time=204.295
After sweep 32 energy=-0.7978103307442599  maxlinkdim=1000 maxerr=3.68E-07 time=192.122
After sweep 33 energy=-0.9590213413167699  maxlinkdim=1000 maxerr=7.00E-07 time=196.359
After sweep 34 energy=-1.116743058692752  maxlinkdim=1000 maxerr=1.28E-07 time=199.256
After sweep 35 energy=-1.2805487313785098  maxlinkdim=1000 maxerr=5.97E-07 time=199.441
After sweep 36 energy=-1.4772821909688332  maxlinkdim=1000 maxerr=4.90E-06 time=198.075
After sweep 37 energy=-1.657941086578201  maxlinkdim=1000 maxerr=2.08E-05 time=198.183
After sweep 38 energy=-1.8312103153030468  maxlinkdim=1000 maxerr=7.05E-06 time=202.973
After sweep 39 energy=-1.984122820922716  maxlinkdim=1000 maxerr=5.14E-06 time=210.329
After sweep 40 energy=-2.12271812115188  maxlinkdim=1000 maxerr=2.74E-06 time=210.763
After sweep 41 energy=-2.261291524924324  maxlinkdim=1000 maxerr=4.54E-06 time=209.366
After sweep 42 energy=-2.3827410727254703  maxlinkdim=1000 maxerr=4.60E-06 time=209.930
After sweep 43 energy=-2.497149750317463  maxlinkdim=1000 maxerr=6.71E-06 time=212.599
After sweep 44 energy=-2.606985579328427  maxlinkdim=1000 maxerr=6.73E-06 time=212.890
After sweep 45 energy=-2.7082776305319296  maxlinkdim=1000 maxerr=4.22E-06 time=211.736
After sweep 46 energy=-2.8068328834991  maxlinkdim=1000 maxerr=3.75E-06 time=206.728
After sweep 47 energy=-2.9015926145320585  maxlinkdim=1000 maxerr=3.76E-06 time=205.828
After sweep 48 energy=-2.993332748815373  maxlinkdim=1000 maxerr=3.43E-06 time=212.096
After sweep 49 energy=-3.082473327634938  maxlinkdim=1000 maxerr=4.07E-06 time=213.298
After sweep 50 energy=-3.181731779767203  maxlinkdim=1000 maxerr=7.66E-06 time=207.609
After sweep 51 energy=-3.2729124718113094  maxlinkdim=1000 maxerr=3.60E-06 time=209.658
After sweep 52 energy=-3.629763248449297  maxlinkdim=1000 maxerr=1.17E-05 time=219.637
After sweep 53 energy=-3.8484177814218654  maxlinkdim=1000 maxerr=1.39E-05 time=219.716
After sweep 54 energy=-3.9782178899600416  maxlinkdim=1000 maxerr=1.43E-05 time=207.012
After sweep 55 energy=-4.0820073925969735  maxlinkdim=1000 maxerr=1.18E-05 time=210.540
After sweep 56 energy=-4.1652532828704905  maxlinkdim=1000 maxerr=1.73E-05 time=205.195
After sweep 57 energy=-4.243761257852487  maxlinkdim=1000 maxerr=2.33E-05 time=213.033
After sweep 58 energy=-4.3053752538665035  maxlinkdim=1000 maxerr=1.22E-05 time=211.406
After sweep 59 energy=-4.354532585512559  maxlinkdim=1000 maxerr=1.45E-05 time=213.296
After sweep 60 energy=-4.398835655082914  maxlinkdim=1000 maxerr=1.43E-05 time=213.612
After sweep 61 energy=-4.430220047820684  maxlinkdim=1000 maxerr=1.54E-05 time=212.382
After sweep 62 energy=-4.4625925895689535  maxlinkdim=1000 maxerr=1.45E-05 time=215.440
After sweep 63 energy=-4.490147735170883  maxlinkdim=1000 maxerr=1.76E-05 time=207.589
After sweep 64 energy=-4.503939657245591  maxlinkdim=1000 maxerr=1.61E-05 time=206.311
After sweep 65 energy=-4.5134638266754115  maxlinkdim=1000 maxerr=1.41E-05 time=212.512
After sweep 66 energy=-4.5170816910538845  maxlinkdim=1000 maxerr=1.37E-05 time=208.871
After sweep 67 energy=-4.518590587272105  maxlinkdim=1000 maxerr=1.30E-05 time=212.403
After sweep 68 energy=-4.519368034497274  maxlinkdim=1000 maxerr=1.34E-05 time=212.598
After sweep 69 energy=-4.519864190701169  maxlinkdim=1000 maxerr=1.38E-05 time=210.807
After sweep 70 energy=-4.520198913898981  maxlinkdim=1000 maxerr=1.41E-05 time=209.688
After sweep 71 energy=-4.520440002908315  maxlinkdim=1000 maxerr=1.43E-05 time=208.999
After sweep 72 energy=-4.520619706759314  maxlinkdim=1000 maxerr=1.44E-05 time=211.640
After sweep 73 energy=-4.520759377697263  maxlinkdim=1000 maxerr=1.45E-05 time=204.944
After sweep 74 energy=-4.520858441769425  maxlinkdim=1000 maxerr=1.46E-05 time=208.664
After sweep 75 energy=-4.520929511191679  maxlinkdim=1000 maxerr=1.47E-05 time=206.804
After sweep 76 energy=-4.52098576124255  maxlinkdim=1000 maxerr=1.47E-05 time=215.460
After sweep 77 energy=-4.521026886805078  maxlinkdim=1000 maxerr=1.48E-05 time=209.941
After sweep 78 energy=-4.521057550146352  maxlinkdim=1000 maxerr=1.48E-05 time=201.061
After sweep 79 energy=-4.521081962430251  maxlinkdim=1000 maxerr=1.48E-05 time=205.468
After sweep 80 energy=-4.5210979606624875  maxlinkdim=1000 maxerr=1.48E-05 time=211.319
After sweep 81 energy=-4.521109409253401  maxlinkdim=1000 maxerr=1.48E-05 time=212.742
After sweep 82 energy=-4.5211202635872905  maxlinkdim=1000 maxerr=1.48E-05 time=206.510
After sweep 83 energy=-4.521127037861755  maxlinkdim=1000 maxerr=1.49E-05 time=200.252
After sweep 84 energy=-4.521136241228442  maxlinkdim=1000 maxerr=1.49E-05 time=204.507
After sweep 85 energy=-4.521139941205724  maxlinkdim=1000 maxerr=1.49E-05 time=202.305
After sweep 86 energy=-4.521142370336734  maxlinkdim=1000 maxerr=1.49E-05 time=206.038
After sweep 87 energy=-4.5211438936488495  maxlinkdim=1000 maxerr=1.49E-05 time=206.425
After sweep 88 energy=-4.521147175833342  maxlinkdim=1000 maxerr=1.49E-05 time=206.268
After sweep 89 energy=-4.521149722019773  maxlinkdim=1000 maxerr=1.49E-05 time=209.690
After sweep 90 energy=-4.521149728418752  maxlinkdim=1000 maxerr=1.49E-05 time=207.927
After sweep 91 energy=-4.521151755227538  maxlinkdim=1000 maxerr=1.49E-05 time=207.805
After sweep 92 energy=-4.521151801254461  maxlinkdim=1000 maxerr=1.49E-05 time=208.892
After sweep 93 energy=-4.521153156882428  maxlinkdim=1000 maxerr=1.49E-05 time=206.087
After sweep 94 energy=-4.521153875677836  maxlinkdim=1000 maxerr=1.48E-05 time=211.008
After sweep 95 energy=-4.521154121234262  maxlinkdim=1000 maxerr=1.48E-05 time=215.563
After sweep 96 energy=-4.521153032213443  maxlinkdim=1000 maxerr=1.48E-05 time=218.019
After sweep 97 energy=-4.521154438701789  maxlinkdim=1000 maxerr=1.48E-05 time=216.577
After sweep 98 energy=-4.521154388416269  maxlinkdim=1000 maxerr=1.48E-05 time=215.382
After sweep 99 energy=-4.521154970947889  maxlinkdim=1000 maxerr=1.48E-05 time=217.574
After sweep 100 energy=-4.521155124212468  maxlinkdim=1000 maxerr=1.48E-05 time=220.095
  E(N-2) = -4.521155124212468

[2/3] Computing E(N-1=111)
  Initial state: 111 particles (56 up, 55 dn)
After sweep 1 energy=45.65729000318203  maxlinkdim=20 maxerr=4.14E-04 time=11.315
After sweep 2 energy=36.159484340342786  maxlinkdim=50 maxerr=1.80E-05 time=25.048
After sweep 3 energy=31.46955998903824  maxlinkdim=100 maxerr=2.36E-06 time=38.837
After sweep 4 energy=27.225676775001354  maxlinkdim=200 maxerr=6.74E-07 time=63.129
After sweep 5 energy=23.40571015692049  maxlinkdim=869 maxerr=1.00E-10 time=77.476
After sweep 6 energy=18.329653414532515  maxlinkdim=1000 maxerr=8.62E-09 time=106.412
After sweep 7 energy=15.779891693646292  maxlinkdim=1000 maxerr=8.70E-09 time=122.423
After sweep 8 energy=13.979419877887233  maxlinkdim=1000 maxerr=7.57E-09 time=124.430
After sweep 9 energy=11.562738259639644  maxlinkdim=1000 maxerr=2.80E-08 time=133.204
After sweep 10 energy=10.258085428325439  maxlinkdim=1000 maxerr=2.33E-08 time=143.196
After sweep 11 energy=9.023973814090978  maxlinkdim=1000 maxerr=2.44E-08 time=146.854
After sweep 12 energy=8.088754995302743  maxlinkdim=1000 maxerr=1.77E-08 time=150.599
After sweep 13 energy=7.412727007225027  maxlinkdim=1000 maxerr=2.06E-08 time=154.503
After sweep 14 energy=6.8612667315141636  maxlinkdim=1000 maxerr=2.33E-08 time=159.869
After sweep 15 energy=6.250640303183174  maxlinkdim=1000 maxerr=1.05E-07 time=157.696
After sweep 16 energy=5.440299124668828  maxlinkdim=1000 maxerr=3.03E-07 time=162.248
After sweep 17 energy=4.783388215802322  maxlinkdim=1000 maxerr=5.76E-07 time=165.970
After sweep 18 energy=4.2708159057381145  maxlinkdim=1000 maxerr=1.64E-06 time=167.151
After sweep 19 energy=3.860712752640477  maxlinkdim=1000 maxerr=1.07E-06 time=171.118
After sweep 20 energy=3.5597141764470654  maxlinkdim=1000 maxerr=4.76E-07 time=171.120
After sweep 21 energy=3.326437199590427  maxlinkdim=1000 maxerr=9.30E-08 time=181.583
After sweep 22 energy=3.0964367687442595  maxlinkdim=1000 maxerr=9.21E-08 time=190.972
After sweep 23 energy=2.887620170778316  maxlinkdim=1000 maxerr=6.45E-08 time=203.400
After sweep 24 energy=2.714935577969171  maxlinkdim=1000 maxerr=7.07E-08 time=202.023
After sweep 25 energy=2.496833016777588  maxlinkdim=1000 maxerr=1.37E-06 time=204.893
After sweep 26 energy=2.277553312547058  maxlinkdim=1000 maxerr=3.69E-06 time=209.257
After sweep 27 energy=2.0503207858379455  maxlinkdim=1000 maxerr=6.08E-06 time=212.100
After sweep 28 energy=1.8433943264017396  maxlinkdim=1000 maxerr=3.14E-06 time=212.132
After sweep 29 energy=1.6925653205200994  maxlinkdim=1000 maxerr=7.52E-07 time=211.973
After sweep 30 energy=1.5418410500343367  maxlinkdim=1000 maxerr=1.48E-05 time=215.084
After sweep 31 energy=1.3951078668576335  maxlinkdim=1000 maxerr=6.58E-06 time=210.441
After sweep 32 energy=1.2593175804822838  maxlinkdim=1000 maxerr=7.84E-06 time=212.699
After sweep 33 energy=1.1352223758166717  maxlinkdim=1000 maxerr=4.78E-06 time=208.752
After sweep 34 energy=1.0099473067509448  maxlinkdim=1000 maxerr=3.83E-06 time=208.271
After sweep 35 energy=0.8911910343993069  maxlinkdim=1000 maxerr=6.90E-06 time=213.347
After sweep 36 energy=0.7784826018210504  maxlinkdim=1000 maxerr=6.27E-06 time=211.052
After sweep 37 energy=0.6756952996977991  maxlinkdim=1000 maxerr=2.28E-06 time=210.985
After sweep 38 energy=0.5867208724718116  maxlinkdim=1000 maxerr=9.56E-06 time=213.769
After sweep 39 energy=0.488213497130224  maxlinkdim=1000 maxerr=3.82E-06 time=208.280
After sweep 40 energy=0.3897344688033733  maxlinkdim=1000 maxerr=3.97E-06 time=210.511
After sweep 41 energy=0.29936776024321904  maxlinkdim=1000 maxerr=4.28E-06 time=206.690
After sweep 42 energy=0.2149866591233517  maxlinkdim=1000 maxerr=4.46E-06 time=212.551
After sweep 43 energy=0.1326537538065621  maxlinkdim=1000 maxerr=4.08E-06 time=215.978
After sweep 44 energy=0.055221871500437385  maxlinkdim=1000 maxerr=2.38E-06 time=216.508
After sweep 45 energy=-0.01847879724760949  maxlinkdim=1000 maxerr=6.14E-06 time=215.897
After sweep 46 energy=-0.09978326899169757  maxlinkdim=1000 maxerr=4.46E-06 time=215.953
After sweep 47 energy=-0.17966144604335357  maxlinkdim=1000 maxerr=9.95E-06 time=215.779
After sweep 48 energy=-0.25010572661194813  maxlinkdim=1000 maxerr=1.25E-05 time=214.028
After sweep 49 energy=-0.3178343433163928  maxlinkdim=1000 maxerr=9.82E-06 time=212.091
After sweep 50 energy=-0.5964585802179085  maxlinkdim=1000 maxerr=1.23E-05 time=210.235
After sweep 51 energy=-0.7688783180293751  maxlinkdim=1000 maxerr=1.56E-05 time=212.497
After sweep 52 energy=-0.85906937608104  maxlinkdim=1000 maxerr=1.62E-05 time=211.033
After sweep 53 energy=-0.9309945380580491  maxlinkdim=1000 maxerr=1.89E-05 time=212.767
After sweep 54 energy=-0.9966387572172906  maxlinkdim=1000 maxerr=2.08E-05 time=209.417
After sweep 55 energy=-1.053734074907215  maxlinkdim=1000 maxerr=2.19E-05 time=204.030
After sweep 56 energy=-1.1060376108587704  maxlinkdim=1000 maxerr=2.01E-05 time=206.266
After sweep 57 energy=-1.1532356785777136  maxlinkdim=1000 maxerr=2.69E-05 time=208.082
After sweep 58 energy=-1.1913274261801945  maxlinkdim=1000 maxerr=2.00E-05 time=207.085
After sweep 59 energy=-1.2211269520421748  maxlinkdim=1000 maxerr=2.45E-05 time=212.496
After sweep 60 energy=-1.246120393281287  maxlinkdim=1000 maxerr=1.96E-05 time=211.429
After sweep 61 energy=-1.2654655060219753  maxlinkdim=1000 maxerr=1.90E-05 time=212.867
After sweep 62 energy=-1.2841439906804126  maxlinkdim=1000 maxerr=2.03E-05 time=212.050
After sweep 63 energy=-1.2988033300893136  maxlinkdim=1000 maxerr=1.94E-05 time=215.368
After sweep 64 energy=-1.3033276542003407  maxlinkdim=1000 maxerr=1.91E-05 time=213.381
After sweep 65 energy=-1.3050628599634209  maxlinkdim=1000 maxerr=1.87E-05 time=211.631
After sweep 66 energy=-1.3058575073519931  maxlinkdim=1000 maxerr=1.89E-05 time=209.337
After sweep 67 energy=-1.3062735646018149  maxlinkdim=1000 maxerr=1.91E-05 time=212.813
After sweep 68 energy=-1.3065299533626573  maxlinkdim=1000 maxerr=1.92E-05 time=214.421
After sweep 69 energy=-1.3067023467492407  maxlinkdim=1000 maxerr=1.94E-05 time=214.106
After sweep 70 energy=-1.3068296457107  maxlinkdim=1000 maxerr=1.95E-05 time=215.764
After sweep 71 energy=-1.3069290662141069  maxlinkdim=1000 maxerr=1.95E-05 time=215.998
After sweep 72 energy=-1.307003746195979  maxlinkdim=1000 maxerr=1.95E-05 time=214.909
After sweep 73 energy=-1.3070782157388259  maxlinkdim=1000 maxerr=1.95E-05 time=219.193
After sweep 74 energy=-1.3071401343670361  maxlinkdim=1000 maxerr=1.95E-05 time=216.975
After sweep 75 energy=-1.307189708102278  maxlinkdim=1000 maxerr=1.95E-05 time=212.760
After sweep 76 energy=-1.3072340713541681  maxlinkdim=1000 maxerr=1.95E-05 time=215.465
After sweep 77 energy=-1.3072775651848831  maxlinkdim=1000 maxerr=1.95E-05 time=216.479
After sweep 78 energy=-1.3073236428578818  maxlinkdim=1000 maxerr=1.95E-05 time=215.291
After sweep 79 energy=-1.307359969262934  maxlinkdim=1000 maxerr=1.94E-05 time=215.604
After sweep 80 energy=-1.3073954144910596  maxlinkdim=1000 maxerr=1.94E-05 time=215.482
After sweep 81 energy=-1.3074316046708427  maxlinkdim=1000 maxerr=1.94E-05 time=216.261
After sweep 82 energy=-1.3074665793392997  maxlinkdim=1000 maxerr=1.94E-05 time=215.960
After sweep 83 energy=-1.3074990499260863  maxlinkdim=1000 maxerr=1.93E-05 time=214.297
After sweep 84 energy=-1.307529079251572  maxlinkdim=1000 maxerr=1.93E-05 time=214.742
After sweep 85 energy=-1.3075565842355  maxlinkdim=1000 maxerr=1.93E-05 time=213.530
After sweep 86 energy=-1.3075860875116556  maxlinkdim=1000 maxerr=1.93E-05 time=219.295
After sweep 87 energy=-1.3076089683120449  maxlinkdim=1000 maxerr=1.93E-05 time=221.214
After sweep 88 energy=-1.307639751133032  maxlinkdim=1000 maxerr=1.93E-05 time=214.581
After sweep 89 energy=-1.307664510874958  maxlinkdim=1000 maxerr=1.93E-05 time=216.055
After sweep 90 energy=-1.3076907037297423  maxlinkdim=1000 maxerr=1.93E-05 time=220.552
After sweep 91 energy=-1.3077187287943017  maxlinkdim=1000 maxerr=1.93E-05 time=215.087
After sweep 92 energy=-1.3077418498415236  maxlinkdim=1000 maxerr=1.93E-05 time=212.143
After sweep 93 energy=-1.3077659264724497  maxlinkdim=1000 maxerr=1.92E-05 time=209.387
After sweep 94 energy=-1.3077883651978404  maxlinkdim=1000 maxerr=1.92E-05 time=208.535
After sweep 95 energy=-1.3078093007593459  maxlinkdim=1000 maxerr=1.92E-05 time=212.376
After sweep 96 energy=-1.3078305589681636  maxlinkdim=1000 maxerr=1.92E-05 time=206.809
After sweep 97 energy=-1.3078544310754816  maxlinkdim=1000 maxerr=1.92E-05 time=215.330
After sweep 98 energy=-1.3078750237713268  maxlinkdim=1000 maxerr=1.92E-05 time=219.906
After sweep 99 energy=-1.307895981677987  maxlinkdim=1000 maxerr=1.92E-05 time=211.465
After sweep 100 energy=-1.3079155082022145  maxlinkdim=1000 maxerr=1.92E-05 time=208.895
  E(N-1) = -1.3079155082022145

[3/3] Computing E(N=112)
  Initial state: 112 particles (56 up, 56 dn)
After sweep 1 energy=47.52264378549311  maxlinkdim=20 maxerr=4.11E-04 time=11.386
After sweep 2 energy=37.31256161620537  maxlinkdim=50 maxerr=1.64E-05 time=25.576
After sweep 3 energy=32.1386566668122  maxlinkdim=100 maxerr=7.70E-07 time=39.139
After sweep 4 energy=28.264938087637116  maxlinkdim=200 maxerr=3.37E-07 time=62.751
After sweep 5 energy=23.03486223035044  maxlinkdim=939 maxerr=1.00E-10 time=78.482
After sweep 6 energy=18.286146454279887  maxlinkdim=1000 maxerr=1.25E-08 time=103.373
After sweep 7 energy=16.298648693057356  maxlinkdim=1000 maxerr=7.26E-09 time=116.515
After sweep 8 energy=14.611337420942657  maxlinkdim=1000 maxerr=1.06E-08 time=125.689
After sweep 9 energy=12.924684460615461  maxlinkdim=1000 maxerr=4.55E-08 time=131.955
After sweep 10 energy=11.839179996319562  maxlinkdim=1000 maxerr=4.72E-08 time=138.879
After sweep 11 energy=10.755846514250928  maxlinkdim=1000 maxerr=7.38E-08 time=149.275
After sweep 12 energy=9.956305924143736  maxlinkdim=1000 maxerr=7.60E-08 time=158.015
After sweep 13 energy=9.161601376796918  maxlinkdim=1000 maxerr=2.36E-07 time=162.631
After sweep 14 energy=8.729424902640517  maxlinkdim=1000 maxerr=4.01E-08 time=169.942
After sweep 15 energy=8.41811471336457  maxlinkdim=1000 maxerr=2.49E-08 time=178.378
After sweep 16 energy=8.11705313049032  maxlinkdim=1000 maxerr=2.61E-08 time=179.301
After sweep 17 energy=7.769614531054571  maxlinkdim=1000 maxerr=5.52E-08 time=185.988
After sweep 18 energy=7.399703040105321  maxlinkdim=1000 maxerr=7.35E-08 time=194.510
After sweep 19 energy=7.090828562310932  maxlinkdim=1000 maxerr=4.05E-08 time=201.529
After sweep 20 energy=6.781153658191327  maxlinkdim=1000 maxerr=3.34E-08 time=204.206
After sweep 21 energy=6.526240001868227  maxlinkdim=1000 maxerr=3.50E-08 time=208.025
After sweep 22 energy=6.26551938255854  maxlinkdim=1000 maxerr=6.52E-08 time=201.610
After sweep 23 energy=6.002733591750451  maxlinkdim=1000 maxerr=7.83E-08 time=207.525
After sweep 24 energy=5.771551111042615  maxlinkdim=1000 maxerr=8.02E-08 time=207.454
After sweep 25 energy=5.559682663401923  maxlinkdim=1000 maxerr=8.76E-08 time=206.028
After sweep 26 energy=5.375570010371387  maxlinkdim=1000 maxerr=9.08E-08 time=203.647
After sweep 27 energy=5.1752720195429145  maxlinkdim=1000 maxerr=1.38E-07 time=204.502
After sweep 28 energy=4.9820079970956686  maxlinkdim=1000 maxerr=2.05E-07 time=204.275
After sweep 29 energy=4.808969326367623  maxlinkdim=1000 maxerr=2.08E-07 time=205.463
After sweep 30 energy=4.674102701027499  maxlinkdim=1000 maxerr=1.51E-07 time=206.631
After sweep 31 energy=4.535266821840174  maxlinkdim=1000 maxerr=3.92E-07 time=209.321
After sweep 32 energy=4.423989416203576  maxlinkdim=1000 maxerr=1.49E-07 time=207.662
After sweep 33 energy=4.312308048356009  maxlinkdim=1000 maxerr=1.88E-07 time=205.431
After sweep 34 energy=4.215972782501853  maxlinkdim=1000 maxerr=1.97E-07 time=206.869
After sweep 35 energy=4.122817847437467  maxlinkdim=1000 maxerr=1.88E-07 time=208.114
After sweep 36 energy=4.023266717599341  maxlinkdim=1000 maxerr=7.40E-07 time=209.918
After sweep 37 energy=3.9341223609369793  maxlinkdim=1000 maxerr=8.11E-07 time=208.817
After sweep 38 energy=3.853307086864417  maxlinkdim=1000 maxerr=8.68E-07 time=212.064
After sweep 39 energy=3.7710192522052357  maxlinkdim=1000 maxerr=3.83E-07 time=212.090
After sweep 40 energy=3.683453298643092  maxlinkdim=1000 maxerr=8.98E-06 time=211.877
After sweep 41 energy=3.5879504818099988  maxlinkdim=1000 maxerr=5.14E-06 time=208.531
After sweep 42 energy=3.5046877211701584  maxlinkdim=1000 maxerr=5.43E-06 time=210.170
After sweep 43 energy=3.4272267018375238  maxlinkdim=1000 maxerr=5.02E-06 time=210.809
After sweep 44 energy=3.3522040909600404  maxlinkdim=1000 maxerr=4.35E-06 time=214.753
After sweep 45 energy=3.2801742435380077  maxlinkdim=1000 maxerr=1.11E-05 time=211.050
After sweep 46 energy=3.20174267202725  maxlinkdim=1000 maxerr=7.02E-06 time=212.793
After sweep 47 energy=3.1223703460063876  maxlinkdim=1000 maxerr=2.68E-06 time=215.331
After sweep 48 energy=3.0562741388143873  maxlinkdim=1000 maxerr=2.74E-06 time=211.712
After sweep 49 energy=2.978611864005223  maxlinkdim=1000 maxerr=2.43E-06 time=218.035
After sweep 50 energy=2.910691189678727  maxlinkdim=1000 maxerr=4.30E-06 time=218.070
After sweep 51 energy=2.849383860810817  maxlinkdim=1000 maxerr=3.56E-06 time=210.458
After sweep 52 energy=2.7865114133735203  maxlinkdim=1000 maxerr=5.84E-06 time=215.801
After sweep 53 energy=2.7224495097141435  maxlinkdim=1000 maxerr=5.26E-06 time=217.196
After sweep 54 energy=2.6604797166706686  maxlinkdim=1000 maxerr=1.39E-05 time=216.006
After sweep 55 energy=2.6005474449678903  maxlinkdim=1000 maxerr=5.03E-06 time=213.173
After sweep 56 energy=2.5489258392540974  maxlinkdim=1000 maxerr=1.33E-05 time=206.014
After sweep 57 energy=2.4985648503754083  maxlinkdim=1000 maxerr=5.82E-06 time=211.224
After sweep 58 energy=2.4513103435111363  maxlinkdim=1000 maxerr=1.04E-05 time=207.525
After sweep 59 energy=2.4048059572795433  maxlinkdim=1000 maxerr=1.13E-05 time=212.119
After sweep 60 energy=2.224314414851205  maxlinkdim=1000 maxerr=1.38E-05 time=215.786
After sweep 61 energy=2.1127510926473176  maxlinkdim=1000 maxerr=9.69E-06 time=219.234
After sweep 62 energy=2.0545803462867767  maxlinkdim=1000 maxerr=1.32E-05 time=218.097
After sweep 63 energy=2.008936065447532  maxlinkdim=1000 maxerr=1.17E-05 time=216.416
After sweep 64 energy=1.9727219504621143  maxlinkdim=1000 maxerr=1.27E-05 time=214.527
After sweep 65 energy=1.942643230495186  maxlinkdim=1000 maxerr=1.48E-05 time=219.578
After sweep 66 energy=1.907241139420611  maxlinkdim=1000 maxerr=1.82E-05 time=221.349
After sweep 67 energy=1.8765210250932327  maxlinkdim=1000 maxerr=2.00E-05 time=216.729
After sweep 68 energy=1.8628317715806226  maxlinkdim=1000 maxerr=1.71E-05 time=214.295
After sweep 69 energy=1.8572932230870327  maxlinkdim=1000 maxerr=1.41E-05 time=214.484
After sweep 70 energy=1.8547941039177367  maxlinkdim=1000 maxerr=1.31E-05 time=215.276
After sweep 71 energy=1.8536505327366177  maxlinkdim=1000 maxerr=1.30E-05 time=213.512
After sweep 72 energy=1.853019299635903  maxlinkdim=1000 maxerr=1.32E-05 time=211.654
After sweep 73 energy=1.8526448243240075  maxlinkdim=1000 maxerr=1.33E-05 time=211.757
After sweep 74 energy=1.8524124185809987  maxlinkdim=1000 maxerr=1.34E-05 time=210.157
After sweep 75 energy=1.852262319470281  maxlinkdim=1000 maxerr=1.36E-05 time=212.686
After sweep 76 energy=1.852161063519276  maxlinkdim=1000 maxerr=1.36E-05 time=212.381
After sweep 77 energy=1.852092763316031  maxlinkdim=1000 maxerr=1.36E-05 time=213.180
After sweep 78 energy=1.8520502343123548  maxlinkdim=1000 maxerr=1.36E-05 time=213.878
After sweep 79 energy=1.8520198284676923  maxlinkdim=1000 maxerr=1.36E-05 time=216.714
After sweep 80 energy=1.851998803043525  maxlinkdim=1000 maxerr=1.36E-05 time=214.042
After sweep 81 energy=1.851987594915575  maxlinkdim=1000 maxerr=1.37E-05 time=218.049
After sweep 82 energy=1.8519775443293778  maxlinkdim=1000 maxerr=1.37E-05 time=212.789
After sweep 83 energy=1.8519687900066149  maxlinkdim=1000 maxerr=1.37E-05 time=217.148
After sweep 84 energy=1.8519639997294743  maxlinkdim=1000 maxerr=1.37E-05 time=216.145
After sweep 85 energy=1.8519626600445966  maxlinkdim=1000 maxerr=1.37E-05 time=211.696
After sweep 86 energy=1.8519590814928122  maxlinkdim=1000 maxerr=1.37E-05 time=220.464
After sweep 87 energy=1.8519577389989306  maxlinkdim=1000 maxerr=1.37E-05 time=215.676
After sweep 88 energy=1.8519549713231283  maxlinkdim=1000 maxerr=1.37E-05 time=219.631
After sweep 89 energy=1.8519560175335517  maxlinkdim=1000 maxerr=1.37E-05 time=219.878
After sweep 90 energy=1.8519546454815574  maxlinkdim=1000 maxerr=1.37E-05 time=214.730
After sweep 91 energy=1.8519534695628066  maxlinkdim=1000 maxerr=1.37E-05 time=215.561
After sweep 92 energy=1.851953923297454  maxlinkdim=1000 maxerr=1.37E-05 time=215.577
After sweep 93 energy=1.8519525150682852  maxlinkdim=1000 maxerr=1.37E-05 time=217.511
After sweep 94 energy=1.8519523473213333  maxlinkdim=1000 maxerr=1.37E-05 time=216.591
After sweep 95 energy=1.8519537666429287  maxlinkdim=1000 maxerr=1.37E-05 time=217.623
After sweep 96 energy=1.851952490835673  maxlinkdim=1000 maxerr=1.37E-05 time=217.968
After sweep 97 energy=1.851950997188333  maxlinkdim=1000 maxerr=1.37E-05 time=210.837
After sweep 98 energy=1.8519522790833653  maxlinkdim=1000 maxerr=1.37E-05 time=210.632
After sweep 99 energy=1.8519508865191299  maxlinkdim=1000 maxerr=1.37E-05 time=211.687
After sweep 100 energy=1.8519502867812925  maxlinkdim=1000 maxerr=1.37E-05 time=211.986
  E(N) = 1.8519502867812925

============================================================
RESULTS:
  E(110) = -4.521155124212468
  E(111) = -1.3079155082022145
  E(112)     = 1.8519502867812925
  E_p = -0.05337382  (attractive hole pairing)
============================================================
RESULT: E_p = -0.053373821026746704
E_p calculation completed
