outfile_name: results_L_64_U_-4.0_t0_0.15_t_p_0.15_chi_1000_gpu.h5
[ Info:  started timer at: 2026-01-09T08:16:36.358
Resuming from checkpoint results_L_64_U_-4.0_t0_0.15_t_p_0.15_chi_1000_gpu.h5
Resuming with mu_init=-2.6429002041552576
Running with t0=0.15 t_p=0.15 U=-4.0 L=64 chi_max=1000 E_p=1.476 mu_init=-2.6429002041552576
After sweep 1 energy=3.0219295  maxlinkdim=10 maxerr=7.58E-03 time=30.272
After sweep 2 energy=-1.9508232  maxlinkdim=20 maxerr=3.75E-05 time=1.562
After sweep 3 energy=-2.8016555  maxlinkdim=100 maxerr=1.87E-07 time=3.087
After sweep 4 energy=-3.1976035  maxlinkdim=486 maxerr=1.00E-10 time=15.817
After sweep 5 energy=-3.5518615  maxlinkdim=411 maxerr=3.44E-08 time=22.305
After sweep 6 energy=-3.814479  maxlinkdim=401 maxerr=3.73E-08 time=18.226
After sweep 7 energy=-4.0306463  maxlinkdim=421 maxerr=7.49E-09 time=18.183
After sweep 8 energy=-4.2204685  maxlinkdim=606 maxerr=1.77E-08 time=22.003
After sweep 9 energy=-4.3384275  maxlinkdim=527 maxerr=4.34E-08 time=26.778
After sweep 10 energy=-4.414515  maxlinkdim=601 maxerr=7.24E-08 time=27.184
After sweep 11 energy=-4.4702606  maxlinkdim=893 maxerr=2.11E-08 time=33.052
After sweep 12 energy=-4.501831  maxlinkdim=1000 maxerr=1.43E-08 time=42.043
After sweep 13 energy=-4.51987  maxlinkdim=834 maxerr=3.45E-08 time=54.771
After sweep 14 energy=-4.5296364  maxlinkdim=847 maxerr=5.76E-09 time=55.850
After sweep 15 energy=-4.5357018  maxlinkdim=868 maxerr=9.11E-09 time=58.907
After sweep 16 energy=-4.539116  maxlinkdim=914 maxerr=9.42E-09 time=74.152
After sweep 17 energy=-4.5401134  maxlinkdim=878 maxerr=2.18E-07 time=85.693
After sweep 18 energy=-4.5403023  maxlinkdim=892 maxerr=1.02E-07 time=98.576
After sweep 19 energy=-4.540321  maxlinkdim=878 maxerr=3.07E-08 time=111.949
After sweep 20 energy=-4.5402827  maxlinkdim=836 maxerr=7.29E-10 time=128.563
After sweep 21 energy=-4.540242  maxlinkdim=812 maxerr=6.96E-08 time=130.830
After sweep 22 energy=-4.540271  maxlinkdim=800 maxerr=1.34E-08 time=129.357
After sweep 23 energy=-4.5402603  maxlinkdim=809 maxerr=1.47E-07 time=129.799
After sweep 24 energy=-4.54025  maxlinkdim=817 maxerr=9.56E-09 time=130.009
After sweep 25 energy=-4.540227  maxlinkdim=813 maxerr=1.10E-08 time=129.903
After sweep 26 energy=-4.540229  maxlinkdim=812 maxerr=1.18E-07 time=130.011
After sweep 27 energy=-4.5402627  maxlinkdim=826 maxerr=5.15E-08 time=129.088
After sweep 28 energy=-4.5402374  maxlinkdim=807 maxerr=7.22E-08 time=129.424
After sweep 29 energy=-4.5402346  maxlinkdim=806 maxerr=8.14E-08 time=132.215
After sweep 30 energy=-4.540257  maxlinkdim=809 maxerr=5.00E-08 time=129.800
Not same mu, searching again
After sweep 1 energy=3.7264931  maxlinkdim=10 maxerr=9.23E-03 time=1.364
After sweep 2 energy=-2.8801556  maxlinkdim=20 maxerr=1.62E-04 time=1.667
After sweep 3 energy=-3.8798041  maxlinkdim=100 maxerr=5.41E-07 time=2.854
After sweep 4 energy=-4.2124133  maxlinkdim=622 maxerr=1.00E-10 time=21.879
After sweep 5 energy=-4.4277835  maxlinkdim=470 maxerr=9.61E-09 time=30.167
After sweep 6 energy=-4.5623546  maxlinkdim=447 maxerr=1.41E-08 time=23.675
After sweep 7 energy=-4.67397  maxlinkdim=539 maxerr=3.50E-08 time=25.294
After sweep 8 energy=-4.778413  maxlinkdim=552 maxerr=2.22E-08 time=31.471
After sweep 9 energy=-4.88409  maxlinkdim=741 maxerr=2.62E-08 time=34.137
After sweep 10 energy=-4.9686666  maxlinkdim=867 maxerr=1.03E-08 time=44.650
After sweep 11 energy=-5.007473  maxlinkdim=756 maxerr=8.12E-09 time=54.999
After sweep 12 energy=-5.0206013  maxlinkdim=795 maxerr=1.78E-07 time=58.022
After sweep 13 energy=-5.0256515  maxlinkdim=899 maxerr=5.52E-08 time=70.949
After sweep 14 energy=-5.02677  maxlinkdim=948 maxerr=2.08E-07 time=102.027
After sweep 15 energy=-5.026928  maxlinkdim=996 maxerr=2.09E-07 time=110.367
After sweep 16 energy=-5.0268908  maxlinkdim=906 maxerr=1.18E-08 time=133.910
After sweep 17 energy=-5.026875  maxlinkdim=881 maxerr=5.48E-08 time=151.876
After sweep 18 energy=-5.0268545  maxlinkdim=866 maxerr=3.51E-08 time=155.611
After sweep 19 energy=-5.0269074  maxlinkdim=877 maxerr=1.07E-07 time=154.300
After sweep 20 energy=-5.026895  maxlinkdim=869 maxerr=3.14E-08 time=155.021
After sweep 21 energy=-5.026911  maxlinkdim=869 maxerr=2.23E-08 time=154.679
After sweep 22 energy=-5.026865  maxlinkdim=867 maxerr=3.00E-07 time=154.650
After sweep 23 energy=-5.026889  maxlinkdim=875 maxerr=7.19E-08 time=155.032
After sweep 24 energy=-5.026888  maxlinkdim=877 maxerr=1.17E-07 time=158.096
After sweep 25 energy=-5.0268955  maxlinkdim=864 maxerr=1.98E-08 time=154.872
After sweep 26 energy=-5.0269012  maxlinkdim=872 maxerr=1.63E-08 time=155.095
After sweep 27 energy=-5.0268965  maxlinkdim=865 maxerr=2.91E-08 time=155.336
After sweep 28 energy=-5.02686  maxlinkdim=865 maxerr=9.73E-08 time=156.787
After sweep 29 energy=-5.026859  maxlinkdim=864 maxerr=5.87E-08 time=154.639
After sweep 30 energy=-5.0268726  maxlinkdim=895 maxerr=3.80E-08 time=155.070
n0: 0.37102085; n1: 0.3892514; mu0: -2.6429002041552576; mu1: -2.632900204155258
n_target > n1 and n_target > n0 triggered
After sweep 1 energy=2.8384576  maxlinkdim=10 maxerr=6.32E-03 time=1.395
After sweep 2 energy=-3.6260736  maxlinkdim=20 maxerr=1.20E-04 time=1.481
After sweep 3 energy=-4.661396  maxlinkdim=100 maxerr=4.19E-07 time=2.855
After sweep 4 energy=-4.990579  maxlinkdim=612 maxerr=1.00E-10 time=25.710
After sweep 5 energy=-5.186799  maxlinkdim=463 maxerr=8.07E-09 time=34.206
After sweep 6 energy=-5.313044  maxlinkdim=521 maxerr=7.20E-08 time=27.421
After sweep 7 energy=-5.4046464  maxlinkdim=467 maxerr=1.48E-08 time=29.839
After sweep 8 energy=-5.4762554  maxlinkdim=755 maxerr=1.04E-08 time=38.723
After sweep 9 energy=-5.5107913  maxlinkdim=899 maxerr=2.20E-08 time=63.172
After sweep 10 energy=-5.525661  maxlinkdim=1000 maxerr=5.68E-10 time=72.615
After sweep 11 energy=-5.5328927  maxlinkdim=857 maxerr=7.24E-08 time=72.401
After sweep 12 energy=-5.535528  maxlinkdim=949 maxerr=4.06E-08 time=86.375
After sweep 13 energy=-5.536183  maxlinkdim=980 maxerr=1.91E-08 time=101.058
After sweep 14 energy=-5.536393  maxlinkdim=1000 maxerr=1.02E-07 time=126.124
After sweep 15 energy=-5.5363717  maxlinkdim=973 maxerr=2.40E-08 time=150.045
After sweep 16 energy=-5.536369  maxlinkdim=948 maxerr=3.32E-08 time=171.248
After sweep 17 energy=-5.536328  maxlinkdim=921 maxerr=4.25E-08 time=181.276
After sweep 18 energy=-5.536371  maxlinkdim=926 maxerr=9.97E-08 time=180.094
After sweep 19 energy=-5.536356  maxlinkdim=924 maxerr=2.99E-08 time=179.400
After sweep 20 energy=-5.536365  maxlinkdim=924 maxerr=2.61E-08 time=181.004
After sweep 21 energy=-5.536361  maxlinkdim=920 maxerr=1.96E-08 time=181.104
After sweep 22 energy=-5.5363364  maxlinkdim=940 maxerr=2.50E-08 time=181.326
After sweep 23 energy=-5.5363517  maxlinkdim=919 maxerr=1.61E-08 time=180.409
After sweep 24 energy=-5.5363665  maxlinkdim=926 maxerr=7.71E-08 time=180.588
After sweep 25 energy=-5.536381  maxlinkdim=920 maxerr=9.02E-08 time=180.156
After sweep 26 energy=-5.5363703  maxlinkdim=934 maxerr=3.20E-08 time=180.636
After sweep 27 energy=-5.536344  maxlinkdim=929 maxerr=5.98E-08 time=180.027
After sweep 28 energy=-5.536357  maxlinkdim=923 maxerr=1.00E-07 time=181.845
After sweep 29 energy=-5.536358  maxlinkdim=942 maxerr=4.26E-08 time=181.634
After sweep 30 energy=-5.5363307  maxlinkdim=915 maxerr=2.26E-08 time=180.083
n0: 0.3892514; n1: 0.406724; mu0: -2.632900204155258; mu1: -2.622900204155258
n_target > n1 and n_target > n0 triggered
After sweep 1 energy=2.8890557  maxlinkdim=10 maxerr=4.40E-03 time=1.424
After sweep 2 energy=-4.2937317  maxlinkdim=20 maxerr=1.05E-04 time=1.557
After sweep 3 energy=-5.7314415  maxlinkdim=100 maxerr=4.95E-07 time=2.636
After sweep 4 energy=-6.2381363  maxlinkdim=663 maxerr=1.00E-10 time=29.451
After sweep 5 energy=-6.5935693  maxlinkdim=505 maxerr=1.17E-07 time=42.766
After sweep 6 energy=-6.8371506  maxlinkdim=518 maxerr=1.23E-08 time=32.502
After sweep 7 energy=-6.993061  maxlinkdim=645 maxerr=2.99E-08 time=35.556
After sweep 8 energy=-7.0867896  maxlinkdim=645 maxerr=1.08E-07 time=39.157
After sweep 9 energy=-7.1416125  maxlinkdim=688 maxerr=4.48E-08 time=43.692
After sweep 10 energy=-7.172477  maxlinkdim=774 maxerr=1.40E-07 time=57.996
After sweep 11 energy=-7.1865573  maxlinkdim=1000 maxerr=9.08E-08 time=75.817
After sweep 12 energy=-7.1914744  maxlinkdim=1000 maxerr=4.08E-08 time=104.174
After sweep 13 energy=-7.192817  maxlinkdim=1000 maxerr=1.85E-08 time=141.608
After sweep 14 energy=-7.192969  maxlinkdim=1000 maxerr=6.93E-08 time=181.242
After sweep 15 energy=-7.192932  maxlinkdim=1000 maxerr=1.04E-08 time=217.993
After sweep 16 energy=-7.192858  maxlinkdim=1000 maxerr=1.01E-08 time=244.103
After sweep 17 energy=-7.192866  maxlinkdim=1000 maxerr=6.28E-08 time=248.456
After sweep 18 energy=-7.19289  maxlinkdim=1000 maxerr=2.92E-07 time=248.627
After sweep 19 energy=-7.1928706  maxlinkdim=1000 maxerr=1.14E-08 time=249.060
After sweep 20 energy=-7.192906  maxlinkdim=1000 maxerr=3.50E-08 time=248.080
After sweep 21 energy=-7.192858  maxlinkdim=1000 maxerr=1.42E-07 time=250.935
After sweep 22 energy=-7.192889  maxlinkdim=1000 maxerr=1.87E-07 time=248.774
After sweep 23 energy=-7.192863  maxlinkdim=1000 maxerr=2.28E-08 time=249.085
After sweep 24 energy=-7.192813  maxlinkdim=1000 maxerr=1.57E-10 time=248.085
After sweep 25 energy=-7.192893  maxlinkdim=1000 maxerr=4.90E-08 time=248.415
After sweep 26 energy=-7.1928506  maxlinkdim=1000 maxerr=2.85E-08 time=250.810
After sweep 27 energy=-7.1928926  maxlinkdim=1000 maxerr=7.22E-09 time=248.306
After sweep 28 energy=-7.1928644  maxlinkdim=1000 maxerr=3.25E-09 time=248.743
After sweep 29 energy=-7.192899  maxlinkdim=1000 maxerr=1.68E-08 time=248.788
After sweep 30 energy=-7.1928673  maxlinkdim=1000 maxerr=9.30E-08 time=248.924
n0: 0.406724; n1: 0.455147; mu0: -2.622900204155258; mu1: -2.5929002041552582
n_target > n1 and n_target > n0 triggered
After sweep 1 energy=-0.31989554  maxlinkdim=10 maxerr=7.37E-03 time=1.230
After sweep 2 energy=-8.558051  maxlinkdim=20 maxerr=5.20E-04 time=1.611
After sweep 3 energy=-11.139927  maxlinkdim=100 maxerr=9.00E-06 time=2.691
After sweep 4 energy=-11.977215  maxlinkdim=938 maxerr=1.00E-10 time=50.339
After sweep 5 energy=-12.480665  maxlinkdim=789 maxerr=2.72E-08 time=88.871
After sweep 6 energy=-12.797692  maxlinkdim=937 maxerr=3.41E-08 time=69.796
After sweep 7 energy=-12.97608  maxlinkdim=1000 maxerr=2.09E-09 time=86.008
After sweep 8 energy=-13.076109  maxlinkdim=1000 maxerr=3.23E-09 time=120.823
After sweep 9 energy=-13.123058  maxlinkdim=1000 maxerr=2.99E-08 time=146.485
After sweep 10 energy=-13.144364  maxlinkdim=1000 maxerr=5.14E-08 time=190.983
After sweep 11 energy=-13.150859  maxlinkdim=1000 maxerr=6.30E-08 time=226.907
After sweep 12 energy=-13.152076  maxlinkdim=1000 maxerr=7.17E-08 time=238.017
After sweep 13 energy=-13.152206  maxlinkdim=1000 maxerr=5.45E-08 time=249.881
After sweep 14 energy=-13.152294  maxlinkdim=1000 maxerr=8.04E-08 time=254.061
After sweep 15 energy=-13.152236  maxlinkdim=1000 maxerr=3.08E-08 time=255.701
After sweep 16 energy=-13.152142  maxlinkdim=1000 maxerr=1.22E-08 time=255.670
After sweep 17 energy=-13.152208  maxlinkdim=1000 maxerr=7.62E-08 time=257.902
After sweep 18 energy=-13.152196  maxlinkdim=1000 maxerr=3.94E-08 time=254.401
After sweep 19 energy=-13.152164  maxlinkdim=1000 maxerr=1.08E-07 time=255.666
After sweep 20 energy=-13.152147  maxlinkdim=1000 maxerr=6.29E-08 time=255.691
After sweep 21 energy=-13.152137  maxlinkdim=1000 maxerr=4.56E-08 time=256.025
After sweep 22 energy=-13.152258  maxlinkdim=1000 maxerr=3.41E-08 time=255.171
After sweep 23 energy=-13.152191  maxlinkdim=1000 maxerr=2.45E-08 time=255.166
After sweep 24 energy=-13.152174  maxlinkdim=1000 maxerr=5.71E-08 time=255.751
After sweep 25 energy=-13.152145  maxlinkdim=1000 maxerr=4.63E-08 time=255.877
After sweep 26 energy=-13.152201  maxlinkdim=1000 maxerr=2.68E-08 time=255.255
After sweep 27 energy=-13.152155  maxlinkdim=1000 maxerr=5.51E-08 time=255.504
After sweep 28 energy=-13.152163  maxlinkdim=1000 maxerr=7.40E-08 time=255.858
After sweep 29 energy=-13.152197  maxlinkdim=1000 maxerr=5.89E-08 time=254.937
After sweep 30 energy=-13.152216  maxlinkdim=1000 maxerr=2.58E-08 time=255.437
n0: 0.455147; n1: 0.5740221; mu0: -2.5929002041552582; mu1: -2.5029002041552584

Range found between mu0: -2.5929002041552582 (n0: 0.455147) and mu1: -2.5029002041552584 (n1: 0.5740221); refining...
n0: 0.455147; n1: 0.5740221; mu0: -2.5929002041552582; mu1: -2.5029002041552584
Trying secant step...
After sweep 1 energy=1.0688337  maxlinkdim=10 maxerr=4.54E-03 time=1.364
After sweep 2 energy=-5.6027665  maxlinkdim=20 maxerr=1.80E-04 time=1.530
After sweep 3 energy=-7.3587885  maxlinkdim=100 maxerr=1.65E-06 time=2.609
After sweep 4 energy=-8.004782  maxlinkdim=853 maxerr=1.00E-10 time=32.401
After sweep 5 energy=-8.453449  maxlinkdim=743 maxerr=1.83E-07 time=57.073
After sweep 6 energy=-8.755155  maxlinkdim=612 maxerr=1.74E-07 time=40.332
After sweep 7 energy=-8.974749  maxlinkdim=640 maxerr=3.18E-08 time=38.155
After sweep 8 energy=-9.118985  maxlinkdim=751 maxerr=8.19E-08 time=48.911
After sweep 9 energy=-9.201488  maxlinkdim=864 maxerr=2.80E-08 time=63.729
After sweep 10 energy=-9.244185  maxlinkdim=875 maxerr=2.38E-08 time=73.914
After sweep 11 energy=-9.265881  maxlinkdim=892 maxerr=2.33E-07 time=84.394
After sweep 12 energy=-9.275597  maxlinkdim=1000 maxerr=2.29E-07 time=128.080
After sweep 13 energy=-9.278458  maxlinkdim=1000 maxerr=2.47E-08 time=170.805
After sweep 14 energy=-9.279203  maxlinkdim=1000 maxerr=4.73E-08 time=181.314
After sweep 15 energy=-9.279276  maxlinkdim=1000 maxerr=3.58E-08 time=218.505
After sweep 16 energy=-9.279317  maxlinkdim=1000 maxerr=7.63E-08 time=244.842
After sweep 17 energy=-9.279217  maxlinkdim=1000 maxerr=2.18E-08 time=251.487
After sweep 18 energy=-9.279295  maxlinkdim=1000 maxerr=1.26E-08 time=251.913
After sweep 19 energy=-9.279282  maxlinkdim=1000 maxerr=3.27E-08 time=252.804
After sweep 20 energy=-9.279314  maxlinkdim=1000 maxerr=1.16E-08 time=253.053
After sweep 21 energy=-9.279227  maxlinkdim=1000 maxerr=2.62E-08 time=251.650
After sweep 22 energy=-9.279295  maxlinkdim=1000 maxerr=6.36E-08 time=255.110
After sweep 23 energy=-9.279297  maxlinkdim=1000 maxerr=2.36E-08 time=252.349
After sweep 24 energy=-9.279248  maxlinkdim=1000 maxerr=1.80E-09 time=252.787
After sweep 25 energy=-9.279225  maxlinkdim=1000 maxerr=3.20E-08 time=253.437
After sweep 26 energy=-9.279278  maxlinkdim=1000 maxerr=1.38E-09 time=252.211
After sweep 27 energy=-9.279296  maxlinkdim=1000 maxerr=1.91E-07 time=252.465
After sweep 28 energy=-9.279223  maxlinkdim=1000 maxerr=1.11E-07 time=251.579
After sweep 29 energy=-9.2792635  maxlinkdim=1000 maxerr=3.65E-08 time=252.378
After sweep 30 energy=-9.279225  maxlinkdim=1000 maxerr=3.85E-08 time=252.472
n0: 0.455147; n1: 0.503962; mu0: -2.5929002041552582; mu1: -2.558942128680183
Trying secant step...
After sweep 1 energy=1.0776767  maxlinkdim=10 maxerr=4.35E-03 time=1.238
After sweep 2 energy=-5.3814583  maxlinkdim=20 maxerr=6.83E-04 time=1.627
After sweep 3 energy=-7.377547  maxlinkdim=100 maxerr=3.12E-06 time=2.710
After sweep 4 energy=-8.038488  maxlinkdim=727 maxerr=1.00E-10 time=33.225
After sweep 5 energy=-8.479574  maxlinkdim=643 maxerr=1.86E-07 time=55.895
After sweep 6 energy=-8.756903  maxlinkdim=673 maxerr=6.48E-09 time=42.293
After sweep 7 energy=-8.92852  maxlinkdim=926 maxerr=4.73E-08 time=54.768
After sweep 8 energy=-9.020363  maxlinkdim=869 maxerr=1.11E-07 time=66.454
After sweep 9 energy=-9.068629  maxlinkdim=1000 maxerr=5.84E-08 time=85.274
After sweep 10 energy=-9.090224  maxlinkdim=1000 maxerr=1.37E-08 time=109.343
After sweep 11 energy=-9.098518  maxlinkdim=1000 maxerr=2.36E-08 time=130.311
After sweep 12 energy=-9.101432  maxlinkdim=1000 maxerr=3.74E-08 time=154.639
After sweep 13 energy=-9.102096  maxlinkdim=1000 maxerr=1.72E-08 time=198.363
After sweep 14 energy=-9.102133  maxlinkdim=1000 maxerr=1.08E-08 time=227.822
After sweep 15 energy=-9.102194  maxlinkdim=1000 maxerr=1.29E-08 time=245.214
After sweep 16 energy=-9.102167  maxlinkdim=1000 maxerr=3.37E-08 time=251.173
After sweep 17 energy=-9.102068  maxlinkdim=1000 maxerr=8.68E-08 time=252.008
After sweep 18 energy=-9.102142  maxlinkdim=1000 maxerr=1.40E-08 time=252.957
After sweep 19 energy=-9.1021805  maxlinkdim=1000 maxerr=1.39E-08 time=251.812
After sweep 20 energy=-9.102132  maxlinkdim=1000 maxerr=2.88E-08 time=252.059
After sweep 21 energy=-9.102142  maxlinkdim=1000 maxerr=2.10E-08 time=254.339
After sweep 22 energy=-9.102116  maxlinkdim=1000 maxerr=3.23E-08 time=251.306
After sweep 23 energy=-9.102142  maxlinkdim=1000 maxerr=8.55E-08 time=252.017
After sweep 24 energy=-9.102123  maxlinkdim=1000 maxerr=3.18E-08 time=251.756
After sweep 25 energy=-9.102102  maxlinkdim=1000 maxerr=2.80E-08 time=251.563
After sweep 26 energy=-9.102175  maxlinkdim=1000 maxerr=2.14E-08 time=252.173
After sweep 27 energy=-9.102156  maxlinkdim=1000 maxerr=4.38E-08 time=252.333
After sweep 28 energy=-9.102119  maxlinkdim=1000 maxerr=1.78E-07 time=252.376
After sweep 29 energy=-9.102129  maxlinkdim=1000 maxerr=3.01E-08 time=253.436
After sweep 30 energy=-9.102141  maxlinkdim=1000 maxerr=6.50E-09 time=251.735
n0: 0.5002035; n1: 0.503962; mu0: -2.561698274877864; mu1: -2.558942128680183
Trying secant step...
After sweep 1 energy=2.1148674  maxlinkdim=10 maxerr=5.13E-03 time=1.343
After sweep 2 energy=-6.0688424  maxlinkdim=20 maxerr=2.27E-04 time=1.545
After sweep 3 energy=-7.886084  maxlinkdim=100 maxerr=1.06E-06 time=2.633
After sweep 4 energy=-8.411565  maxlinkdim=746 maxerr=1.00E-10 time=35.527
After sweep 5 energy=-8.701285  maxlinkdim=629 maxerr=4.66E-08 time=56.688
After sweep 6 energy=-8.872651  maxlinkdim=693 maxerr=1.31E-08 time=41.307
After sweep 7 energy=-8.973931  maxlinkdim=726 maxerr=9.38E-08 time=43.128
After sweep 8 energy=-9.037119  maxlinkdim=784 maxerr=5.63E-08 time=52.940
After sweep 9 energy=-9.077176  maxlinkdim=1000 maxerr=5.32E-08 time=82.394
After sweep 10 energy=-9.088962  maxlinkdim=1000 maxerr=4.39E-08 time=139.386
After sweep 11 energy=-9.092211  maxlinkdim=1000 maxerr=2.32E-08 time=186.784
After sweep 12 energy=-9.092621  maxlinkdim=1000 maxerr=2.54E-08 time=216.435
After sweep 13 energy=-9.092628  maxlinkdim=1000 maxerr=1.22E-08 time=227.120
After sweep 14 energy=-9.092606  maxlinkdim=1000 maxerr=3.21E-08 time=244.778
After sweep 15 energy=-9.092588  maxlinkdim=1000 maxerr=1.71E-07 time=251.442
After sweep 16 energy=-9.092518  maxlinkdim=1000 maxerr=6.52E-08 time=254.328
After sweep 17 energy=-9.092591  maxlinkdim=1000 maxerr=1.48E-07 time=252.330
After sweep 18 energy=-9.092617  maxlinkdim=1000 maxerr=3.60E-10 time=251.017
After sweep 19 energy=-9.092565  maxlinkdim=1000 maxerr=1.09E-08 time=251.742
After sweep 20 energy=-9.092579  maxlinkdim=1000 maxerr=3.77E-10 time=252.409
After sweep 21 energy=-9.092581  maxlinkdim=1000 maxerr=3.76E-08 time=252.122
After sweep 22 energy=-9.0925  maxlinkdim=1000 maxerr=2.29E-08 time=252.211
After sweep 23 energy=-9.092565  maxlinkdim=1000 maxerr=3.53E-08 time=252.219
After sweep 24 energy=-9.092611  maxlinkdim=1000 maxerr=6.30E-09 time=254.695
After sweep 25 energy=-9.092599  maxlinkdim=1000 maxerr=6.61E-08 time=251.682
After sweep 26 energy=-9.092577  maxlinkdim=1000 maxerr=2.29E-08 time=252.885
After sweep 27 energy=-9.092623  maxlinkdim=1000 maxerr=2.33E-08 time=251.461
After sweep 28 energy=-9.092554  maxlinkdim=1000 maxerr=3.83E-10 time=251.971
After sweep 29 energy=-9.092563  maxlinkdim=1000 maxerr=2.37E-08 time=252.057
After sweep 30 energy=-9.092573  maxlinkdim=1000 maxerr=2.25E-08 time=251.420
FOUND MU (secant); mu: -2.5618474967425082  n: 0.49999702
Target density achieved with mu=-2.5618474967425082, n=0.49999702
Checking {alpha,beta} vs measured
Alpha not converged.
NOT CONVERGED; updating alpha, beta and continuing...
After sweep 1 energy=1.4594127  maxlinkdim=10 maxerr=4.08E-03 time=1.404
After sweep 2 energy=-5.760931  maxlinkdim=20 maxerr=8.47E-04 time=1.517
After sweep 3 energy=-7.703875  maxlinkdim=100 maxerr=2.38E-06 time=2.677
After sweep 4 energy=-8.303424  maxlinkdim=742 maxerr=1.00E-10 time=35.037
After sweep 5 energy=-8.6768675  maxlinkdim=656 maxerr=4.91E-08 time=56.296
After sweep 6 energy=-8.89594  maxlinkdim=577 maxerr=6.28E-08 time=39.815
After sweep 7 energy=-9.041192  maxlinkdim=717 maxerr=4.12E-10 time=40.434
After sweep 8 energy=-9.12729  maxlinkdim=1000 maxerr=1.27E-08 time=53.104
After sweep 9 energy=-9.168726  maxlinkdim=1000 maxerr=9.59E-08 time=84.436
After sweep 10 energy=-9.185512  maxlinkdim=1000 maxerr=2.01E-08 time=117.503
After sweep 11 energy=-9.191836  maxlinkdim=1000 maxerr=1.25E-07 time=144.596
After sweep 12 energy=-9.193472  maxlinkdim=1000 maxerr=1.45E-08 time=168.373
After sweep 13 energy=-9.193878  maxlinkdim=1000 maxerr=2.10E-08 time=171.283
After sweep 14 energy=-9.193921  maxlinkdim=1000 maxerr=1.70E-08 time=206.750
After sweep 15 energy=-9.193923  maxlinkdim=1000 maxerr=6.67E-08 time=245.130
After sweep 16 energy=-9.193904  maxlinkdim=1000 maxerr=1.70E-07 time=252.157
After sweep 17 energy=-9.19388  maxlinkdim=1000 maxerr=3.90E-08 time=251.610
After sweep 18 energy=-9.193841  maxlinkdim=1000 maxerr=8.47E-08 time=252.621
After sweep 19 energy=-9.193888  maxlinkdim=1000 maxerr=5.15E-08 time=252.011
After sweep 20 energy=-9.193952  maxlinkdim=1000 maxerr=3.32E-08 time=252.019
After sweep 21 energy=-9.193956  maxlinkdim=1000 maxerr=6.28E-08 time=252.602
After sweep 22 energy=-9.193883  maxlinkdim=1000 maxerr=4.59E-08 time=252.044
After sweep 23 energy=-9.19392  maxlinkdim=1000 maxerr=6.60E-08 time=253.532
After sweep 24 energy=-9.193901  maxlinkdim=1000 maxerr=2.94E-08 time=251.984
After sweep 25 energy=-9.193872  maxlinkdim=1000 maxerr=5.62E-09 time=251.716
After sweep 26 energy=-9.193891  maxlinkdim=1000 maxerr=2.32E-08 time=254.044
After sweep 27 energy=-9.193953  maxlinkdim=1000 maxerr=7.45E-09 time=251.409
After sweep 28 energy=-9.193924  maxlinkdim=1000 maxerr=6.07E-08 time=251.654
After sweep 29 energy=-9.193865  maxlinkdim=1000 maxerr=1.89E-08 time=251.600
After sweep 30 energy=-9.193873  maxlinkdim=1000 maxerr=4.55E-08 time=251.657
Not same mu, searching again
After sweep 1 energy=1.6700181  maxlinkdim=10 maxerr=9.56E-03 time=1.354
After sweep 2 energy=-5.4889255  maxlinkdim=20 maxerr=1.80E-04 time=1.508
After sweep 3 energy=-7.191822  maxlinkdim=100 maxerr=2.19E-06 time=2.581
After sweep 4 energy=-7.733623  maxlinkdim=740 maxerr=1.00E-10 time=40.434
After sweep 5 energy=-8.054242  maxlinkdim=620 maxerr=4.65E-08 time=59.167
After sweep 6 energy=-8.273493  maxlinkdim=650 maxerr=4.40E-08 time=41.750
After sweep 7 energy=-8.419168  maxlinkdim=951 maxerr=3.61E-08 time=57.142
After sweep 8 energy=-8.502311  maxlinkdim=1000 maxerr=8.70E-08 time=74.476
After sweep 9 energy=-8.544385  maxlinkdim=1000 maxerr=1.16E-07 time=92.833
After sweep 10 energy=-8.557618  maxlinkdim=1000 maxerr=1.46E-08 time=130.458
After sweep 11 energy=-8.561632  maxlinkdim=1000 maxerr=1.64E-08 time=170.954
After sweep 12 energy=-8.562146  maxlinkdim=1000 maxerr=9.32E-08 time=191.697
After sweep 13 energy=-8.56226  maxlinkdim=1000 maxerr=6.33E-10 time=201.048
After sweep 14 energy=-8.562204  maxlinkdim=1000 maxerr=2.42E-08 time=231.561
After sweep 15 energy=-8.562244  maxlinkdim=1000 maxerr=5.87E-08 time=251.310
After sweep 16 energy=-8.562207  maxlinkdim=1000 maxerr=6.33E-09 time=253.132
After sweep 17 energy=-8.562185  maxlinkdim=1000 maxerr=1.08E-07 time=251.152
After sweep 18 energy=-8.562212  maxlinkdim=1000 maxerr=1.18E-07 time=251.401
After sweep 19 energy=-8.562248  maxlinkdim=1000 maxerr=1.09E-08 time=253.102
After sweep 20 energy=-8.562176  maxlinkdim=1000 maxerr=7.86E-08 time=251.026
After sweep 21 energy=-8.562195  maxlinkdim=1000 maxerr=8.48E-10 time=253.450
After sweep 22 energy=-8.562255  maxlinkdim=1000 maxerr=1.63E-07 time=250.756
After sweep 23 energy=-8.562211  maxlinkdim=1000 maxerr=6.83E-08 time=250.788
After sweep 24 energy=-8.562185  maxlinkdim=1000 maxerr=2.25E-08 time=250.792
After sweep 25 energy=-8.562248  maxlinkdim=1000 maxerr=2.94E-10 time=251.183
After sweep 26 energy=-8.562214  maxlinkdim=1000 maxerr=4.62E-08 time=250.830
After sweep 27 energy=-8.562237  maxlinkdim=1000 maxerr=3.02E-10 time=251.183
After sweep 28 energy=-8.562228  maxlinkdim=1000 maxerr=2.66E-08 time=251.075
After sweep 29 energy=-8.562247  maxlinkdim=1000 maxerr=8.58E-08 time=251.407
After sweep 30 energy=-8.562262  maxlinkdim=1000 maxerr=5.23E-09 time=251.198
n0: 0.48663968; n1: 0.5003892; mu0: -2.571847496742508; mu1: -2.5618474967425082

Range found between mu0: -2.571847496742508 (n0: 0.48663968) and mu1: -2.5618474967425082 (n1: 0.5003892); refining...
n0: 0.48663968; n1: 0.5003892; mu0: -2.571847496742508; mu1: -2.5618474967425082
Trying secant step...
After sweep 1 energy=1.7821897  maxlinkdim=10 maxerr=7.64E-03 time=1.227
After sweep 2 energy=-5.7805758  maxlinkdim=20 maxerr=2.49E-04 time=1.597
After sweep 3 energy=-7.747765  maxlinkdim=100 maxerr=3.65E-06 time=2.742
After sweep 4 energy=-8.3238945  maxlinkdim=737 maxerr=1.00E-10 time=35.317
After sweep 5 energy=-8.687488  maxlinkdim=664 maxerr=1.03E-08 time=60.457
After sweep 6 energy=-8.909683  maxlinkdim=911 maxerr=1.57E-08 time=49.705
After sweep 7 energy=-9.0393  maxlinkdim=906 maxerr=1.61E-08 time=65.392
After sweep 8 energy=-9.112837  maxlinkdim=922 maxerr=1.60E-09 time=79.817
After sweep 9 energy=-9.149344  maxlinkdim=1000 maxerr=7.64E-09 time=97.872
After sweep 10 energy=-9.165792  maxlinkdim=1000 maxerr=5.78E-08 time=109.256
After sweep 11 energy=-9.172559  maxlinkdim=1000 maxerr=2.25E-08 time=125.896
After sweep 12 energy=-9.174993  maxlinkdim=1000 maxerr=2.59E-08 time=155.651
After sweep 13 energy=-9.175644  maxlinkdim=1000 maxerr=2.28E-08 time=183.601
After sweep 14 energy=-9.175832  maxlinkdim=1000 maxerr=1.72E-07 time=212.641
After sweep 15 energy=-9.17581  maxlinkdim=1000 maxerr=9.42E-09 time=237.117
After sweep 16 energy=-9.1758  maxlinkdim=1000 maxerr=1.45E-08 time=250.568
After sweep 17 energy=-9.175787  maxlinkdim=1000 maxerr=4.74E-08 time=252.079
After sweep 18 energy=-9.175747  maxlinkdim=1000 maxerr=3.70E-10 time=251.910
After sweep 19 energy=-9.175758  maxlinkdim=1000 maxerr=5.98E-08 time=251.550
After sweep 20 energy=-9.175753  maxlinkdim=1000 maxerr=1.35E-08 time=251.683
After sweep 21 energy=-9.175822  maxlinkdim=1000 maxerr=3.83E-08 time=251.410
After sweep 22 energy=-9.175781  maxlinkdim=1000 maxerr=8.03E-08 time=251.545
After sweep 23 energy=-9.17575  maxlinkdim=1000 maxerr=1.55E-08 time=252.055
After sweep 24 energy=-9.175759  maxlinkdim=1000 maxerr=1.83E-07 time=251.695
After sweep 25 energy=-9.175742  maxlinkdim=1000 maxerr=1.50E-07 time=253.150
After sweep 26 energy=-9.175798  maxlinkdim=1000 maxerr=3.02E-08 time=252.067
After sweep 27 energy=-9.175779  maxlinkdim=1000 maxerr=4.58E-08 time=252.136
After sweep 28 energy=-9.175756  maxlinkdim=1000 maxerr=3.67E-08 time=254.430
After sweep 29 energy=-9.175793  maxlinkdim=1000 maxerr=1.60E-07 time=252.116
After sweep 30 energy=-9.175756  maxlinkdim=1000 maxerr=9.11E-08 time=251.971
FOUND MU (secant); mu: -2.5621305740924187  n: 0.50000423
Target density achieved with mu=-2.5621305740924187, n=0.50000423
Checking {alpha,beta} vs measured
Alpha not converged.
NOT CONVERGED; updating alpha, beta and continuing...
After sweep 1 energy=3.116712  maxlinkdim=10 maxerr=8.85E-03 time=1.272
After sweep 2 energy=-5.4163313  maxlinkdim=20 maxerr=1.85E-04 time=1.620
After sweep 3 energy=-7.0939736  maxlinkdim=100 maxerr=1.75E-06 time=2.675
After sweep 4 energy=-7.8327284  maxlinkdim=827 maxerr=1.00E-10 time=37.354
After sweep 5 energy=-8.31483  maxlinkdim=774 maxerr=7.17E-09 time=66.493
After sweep 6 energy=-8.652543  maxlinkdim=750 maxerr=1.18E-08 time=48.700
After sweep 7 energy=-8.8911495  maxlinkdim=775 maxerr=1.64E-08 time=50.313
After sweep 8 energy=-9.037516  maxlinkdim=795 maxerr=9.52E-08 time=58.476
After sweep 9 energy=-9.12143  maxlinkdim=1000 maxerr=1.16E-08 time=79.860
After sweep 10 energy=-9.153066  maxlinkdim=1000 maxerr=1.02E-07 time=111.368
After sweep 11 energy=-9.16335  maxlinkdim=1000 maxerr=4.24E-08 time=132.969
After sweep 12 energy=-9.166685  maxlinkdim=1000 maxerr=1.12E-07 time=160.346
After sweep 13 energy=-9.167191  maxlinkdim=1000 maxerr=2.45E-08 time=201.636
After sweep 14 energy=-9.167226  maxlinkdim=1000 maxerr=2.55E-08 time=222.236
After sweep 15 energy=-9.167186  maxlinkdim=1000 maxerr=4.07E-08 time=246.614
After sweep 16 energy=-9.167194  maxlinkdim=1000 maxerr=2.99E-08 time=251.390
After sweep 17 energy=-9.167207  maxlinkdim=1000 maxerr=2.39E-08 time=251.924
After sweep 18 energy=-9.167223  maxlinkdim=1000 maxerr=4.47E-08 time=251.960
After sweep 19 energy=-9.167189  maxlinkdim=1000 maxerr=2.18E-08 time=252.103
After sweep 20 energy=-9.167173  maxlinkdim=1000 maxerr=2.92E-08 time=252.260
After sweep 21 energy=-9.167189  maxlinkdim=1000 maxerr=4.01E-10 time=251.803
After sweep 22 energy=-9.167112  maxlinkdim=1000 maxerr=4.59E-08 time=252.077
After sweep 23 energy=-9.167141  maxlinkdim=1000 maxerr=3.80E-08 time=254.582
After sweep 24 energy=-9.167209  maxlinkdim=1000 maxerr=1.24E-08 time=251.940
After sweep 25 energy=-9.167179  maxlinkdim=1000 maxerr=3.82E-08 time=251.872
After sweep 26 energy=-9.167153  maxlinkdim=1000 maxerr=5.91E-08 time=252.518
After sweep 27 energy=-9.167147  maxlinkdim=1000 maxerr=2.36E-08 time=251.175
After sweep 28 energy=-9.167192  maxlinkdim=1000 maxerr=1.59E-08 time=253.164
After sweep 29 energy=-9.167187  maxlinkdim=1000 maxerr=1.55E-08 time=252.002
After sweep 30 energy=-9.167183  maxlinkdim=1000 maxerr=3.73E-10 time=251.602
Not same mu, searching again
After sweep 1 energy=3.2453249  maxlinkdim=10 maxerr=9.99E-03 time=1.387
After sweep 2 energy=-5.824923  maxlinkdim=20 maxerr=3.36E-04 time=1.541
After sweep 3 energy=-7.4224405  maxlinkdim=100 maxerr=2.72E-06 time=2.622
After sweep 4 energy=-7.8878055  maxlinkdim=875 maxerr=1.00E-10 time=41.495
After sweep 5 energy=-8.148944  maxlinkdim=675 maxerr=3.96E-09 time=58.432
After sweep 6 energy=-8.309692  maxlinkdim=605 maxerr=1.85E-08 time=41.169
After sweep 7 energy=-8.422963  maxlinkdim=979 maxerr=4.85E-08 time=48.448
After sweep 8 energy=-8.490749  maxlinkdim=1000 maxerr=1.27E-07 time=76.056
After sweep 9 energy=-8.522452  maxlinkdim=1000 maxerr=2.74E-08 time=94.375
After sweep 10 energy=-8.532759  maxlinkdim=1000 maxerr=1.38E-08 time=129.892
After sweep 11 energy=-8.535504  maxlinkdim=1000 maxerr=6.53E-10 time=173.852
After sweep 12 energy=-8.535868  maxlinkdim=1000 maxerr=1.51E-07 time=213.222
After sweep 13 energy=-8.535885  maxlinkdim=1000 maxerr=4.61E-08 time=232.102
After sweep 14 energy=-8.535759  maxlinkdim=1000 maxerr=9.59E-09 time=248.888
After sweep 15 energy=-8.535821  maxlinkdim=1000 maxerr=2.32E-07 time=251.991
After sweep 16 energy=-8.535786  maxlinkdim=1000 maxerr=7.65E-08 time=250.290
After sweep 17 energy=-8.535826  maxlinkdim=1000 maxerr=1.67E-08 time=251.206
After sweep 18 energy=-8.5357895  maxlinkdim=1000 maxerr=2.20E-07 time=251.333
After sweep 19 energy=-8.535835  maxlinkdim=1000 maxerr=5.41E-08 time=250.770
After sweep 20 energy=-8.5358305  maxlinkdim=1000 maxerr=3.03E-10 time=251.042
After sweep 21 energy=-8.535812  maxlinkdim=1000 maxerr=8.03E-09 time=251.415
After sweep 22 energy=-8.535807  maxlinkdim=1000 maxerr=7.16E-08 time=250.821
After sweep 23 energy=-8.535867  maxlinkdim=1000 maxerr=1.20E-07 time=251.294
After sweep 24 energy=-8.535808  maxlinkdim=1000 maxerr=2.25E-08 time=251.542
After sweep 25 energy=-8.535831  maxlinkdim=1000 maxerr=5.79E-09 time=251.149
After sweep 26 energy=-8.535812  maxlinkdim=1000 maxerr=1.35E-07 time=250.903
After sweep 27 energy=-8.53589  maxlinkdim=1000 maxerr=7.31E-08 time=251.240
After sweep 28 energy=-8.535783  maxlinkdim=1000 maxerr=8.75E-08 time=251.625
After sweep 29 energy=-8.535851  maxlinkdim=1000 maxerr=1.18E-08 time=251.398
After sweep 30 energy=-8.535889  maxlinkdim=1000 maxerr=1.83E-07 time=250.057
n0: 0.4863503; n1: 0.50014675; mu0: -2.5721305740924185; mu1: -2.5621305740924187

Range found between mu0: -2.5721305740924185 (n0: 0.4863503) and mu1: -2.5621305740924187 (n1: 0.50014675); refining...
n0: 0.4863503; n1: 0.50014675; mu0: -2.5721305740924185; mu1: -2.5621305740924187
Trying secant step...
After sweep 1 energy=1.312183  maxlinkdim=10 maxerr=1.60E-02 time=1.355
After sweep 2 energy=-5.6008835  maxlinkdim=20 maxerr=8.99E-04 time=1.505
After sweep 3 energy=-7.550336  maxlinkdim=100 maxerr=1.50E-06 time=2.577
After sweep 4 energy=-8.191434  maxlinkdim=724 maxerr=1.00E-10 time=40.901
After sweep 5 energy=-8.61843  maxlinkdim=694 maxerr=7.95E-08 time=63.734
After sweep 6 energy=-8.867005  maxlinkdim=618 maxerr=6.32E-09 time=44.552
After sweep 7 energy=-9.014744  maxlinkdim=659 maxerr=1.37E-08 time=45.698
After sweep 8 energy=-9.098551  maxlinkdim=846 maxerr=8.93E-08 time=63.968
After sweep 9 energy=-9.13732  maxlinkdim=1000 maxerr=1.66E-07 time=83.974
After sweep 10 energy=-9.15399  maxlinkdim=1000 maxerr=1.97E-08 time=122.057
After sweep 11 energy=-9.15959  maxlinkdim=1000 maxerr=2.53E-08 time=166.486
After sweep 12 energy=-9.160343  maxlinkdim=1000 maxerr=2.34E-07 time=205.539
After sweep 13 energy=-9.160425  maxlinkdim=1000 maxerr=9.85E-08 time=227.444
After sweep 14 energy=-9.160348  maxlinkdim=1000 maxerr=7.40E-09 time=244.091
After sweep 15 energy=-9.160378  maxlinkdim=1000 maxerr=9.27E-09 time=253.755
After sweep 16 energy=-9.160391  maxlinkdim=1000 maxerr=1.84E-08 time=251.347
After sweep 17 energy=-9.160368  maxlinkdim=1000 maxerr=4.57E-09 time=254.131
After sweep 18 energy=-9.160398  maxlinkdim=1000 maxerr=8.78E-09 time=252.360
After sweep 19 energy=-9.160355  maxlinkdim=1000 maxerr=3.12E-08 time=251.655
After sweep 20 energy=-9.160375  maxlinkdim=1000 maxerr=3.77E-10 time=253.493
After sweep 21 energy=-9.160373  maxlinkdim=1000 maxerr=3.20E-08 time=251.797
After sweep 22 energy=-9.160389  maxlinkdim=1000 maxerr=1.12E-07 time=251.758
After sweep 23 energy=-9.160353  maxlinkdim=1000 maxerr=8.54E-08 time=252.500
After sweep 24 energy=-9.160353  maxlinkdim=1000 maxerr=1.76E-08 time=251.760
After sweep 25 energy=-9.160415  maxlinkdim=1000 maxerr=8.48E-09 time=252.932
After sweep 26 energy=-9.160389  maxlinkdim=1000 maxerr=3.85E-10 time=251.759
After sweep 27 energy=-9.160345  maxlinkdim=1000 maxerr=1.05E-07 time=251.666
After sweep 28 energy=-9.160337  maxlinkdim=1000 maxerr=1.76E-08 time=253.218
After sweep 29 energy=-9.16036  maxlinkdim=1000 maxerr=2.46E-08 time=251.892
After sweep 30 energy=-9.160379  maxlinkdim=1000 maxerr=3.05E-08 time=254.236
FOUND MU (secant); mu: -2.5622369396061444  n: 0.5000013
Target density achieved with mu=-2.5622369396061444, n=0.5000013
Checking {alpha,beta} vs measured
Alpha not converged.
NOT CONVERGED; updating alpha, beta and continuing...
After sweep 1 energy=1.6259297  maxlinkdim=10 maxerr=4.66E-03 time=1.224
After sweep 2 energy=-5.411671  maxlinkdim=20 maxerr=1.68E-04 time=1.598
After sweep 3 energy=-7.15076  maxlinkdim=100 maxerr=1.87E-06 time=2.728
After sweep 4 energy=-7.7937937  maxlinkdim=902 maxerr=1.00E-10 time=36.199
After sweep 5 energy=-8.220095  maxlinkdim=618 maxerr=1.17E-10 time=60.634
After sweep 6 energy=-8.530569  maxlinkdim=936 maxerr=9.99E-10 time=50.337
After sweep 7 energy=-8.774365  maxlinkdim=910 maxerr=2.75E-08 time=51.628
After sweep 8 energy=-8.955416  maxlinkdim=883 maxerr=3.91E-08 time=57.809
After sweep 9 energy=-9.080679  maxlinkdim=1000 maxerr=8.18E-08 time=79.406
After sweep 10 energy=-9.132042  maxlinkdim=1000 maxerr=3.01E-08 time=109.150
After sweep 11 energy=-9.153809  maxlinkdim=1000 maxerr=6.82E-09 time=121.532
After sweep 12 energy=-9.160356  maxlinkdim=1000 maxerr=1.23E-07 time=148.582
After sweep 13 energy=-9.161648  maxlinkdim=1000 maxerr=3.94E-08 time=192.171
After sweep 14 energy=-9.161746  maxlinkdim=1000 maxerr=1.60E-08 time=216.272
After sweep 15 energy=-9.161756  maxlinkdim=1000 maxerr=1.52E-08 time=241.568
After sweep 16 energy=-9.161801  maxlinkdim=1000 maxerr=4.77E-10 time=251.461
After sweep 17 energy=-9.161789  maxlinkdim=1000 maxerr=1.27E-07 time=252.042
After sweep 18 energy=-9.161789  maxlinkdim=1000 maxerr=1.28E-07 time=254.877
After sweep 19 energy=-9.16176  maxlinkdim=1000 maxerr=1.00E-07 time=252.052
After sweep 20 energy=-9.16177  maxlinkdim=1000 maxerr=1.25E-08 time=251.434
After sweep 21 energy=-9.161694  maxlinkdim=1000 maxerr=5.51E-08 time=251.923
After sweep 22 energy=-9.161736  maxlinkdim=1000 maxerr=1.17E-07 time=252.055
After sweep 23 energy=-9.161757  maxlinkdim=1000 maxerr=1.21E-07 time=253.674
After sweep 24 energy=-9.161787  maxlinkdim=1000 maxerr=3.38E-08 time=251.165
After sweep 25 energy=-9.161771  maxlinkdim=1000 maxerr=4.76E-08 time=252.124
After sweep 26 energy=-9.161742  maxlinkdim=1000 maxerr=3.95E-10 time=251.963
After sweep 27 energy=-9.161713  maxlinkdim=1000 maxerr=2.87E-08 time=251.200
After sweep 28 energy=-9.161792  maxlinkdim=1000 maxerr=7.49E-08 time=251.915
After sweep 29 energy=-9.161772  maxlinkdim=1000 maxerr=6.30E-08 time=251.997
After sweep 30 energy=-9.161745  maxlinkdim=1000 maxerr=3.20E-08 time=252.418
Not same mu, searching again
After sweep 1 energy=2.1190164  maxlinkdim=10 maxerr=8.98E-03 time=1.274
After sweep 2 energy=-6.1528673  maxlinkdim=20 maxerr=5.28E-04 time=1.638
After sweep 3 energy=-8.096783  maxlinkdim=100 maxerr=2.98E-06 time=2.728
After sweep 4 energy=-8.596966  maxlinkdim=775 maxerr=1.00E-10 time=37.986
After sweep 5 energy=-8.935678  maxlinkdim=660 maxerr=1.16E-10 time=62.223
After sweep 6 energy=-9.192913  maxlinkdim=643 maxerr=9.78E-09 time=43.004
After sweep 7 energy=-9.40797  maxlinkdim=690 maxerr=3.38E-08 time=47.407
After sweep 8 energy=-9.597779  maxlinkdim=798 maxerr=1.99E-08 time=60.075
After sweep 9 energy=-9.731793  maxlinkdim=853 maxerr=3.75E-08 time=79.620
After sweep 10 energy=-9.789807  maxlinkdim=1000 maxerr=7.76E-08 time=108.375
After sweep 11 energy=-9.80645  maxlinkdim=1000 maxerr=5.20E-08 time=155.683
After sweep 12 energy=-9.809782  maxlinkdim=1000 maxerr=3.86E-08 time=196.195
After sweep 13 energy=-9.8101425  maxlinkdim=1000 maxerr=6.20E-08 time=206.373
After sweep 14 energy=-9.810225  maxlinkdim=1000 maxerr=3.85E-08 time=222.718
After sweep 15 energy=-9.810196  maxlinkdim=1000 maxerr=4.34E-08 time=249.010
After sweep 16 energy=-9.810227  maxlinkdim=1000 maxerr=1.15E-07 time=254.425
After sweep 17 energy=-9.810215  maxlinkdim=1000 maxerr=4.29E-08 time=253.242
After sweep 18 energy=-9.810204  maxlinkdim=1000 maxerr=3.63E-08 time=252.590
After sweep 19 energy=-9.810198  maxlinkdim=1000 maxerr=3.65E-08 time=252.870
After sweep 20 energy=-9.810249  maxlinkdim=1000 maxerr=2.44E-08 time=252.660
After sweep 21 energy=-9.810136  maxlinkdim=1000 maxerr=6.30E-08 time=253.111
After sweep 22 energy=-9.810215  maxlinkdim=1000 maxerr=2.41E-08 time=252.567
After sweep 23 energy=-9.810251  maxlinkdim=1000 maxerr=7.55E-08 time=252.677
After sweep 24 energy=-9.810196  maxlinkdim=1000 maxerr=4.05E-08 time=253.933
After sweep 25 energy=-9.810219  maxlinkdim=1000 maxerr=2.10E-08 time=252.616
After sweep 26 energy=-9.810246  maxlinkdim=1000 maxerr=6.88E-08 time=252.684
After sweep 27 energy=-9.810212  maxlinkdim=1000 maxerr=1.46E-07 time=253.664
After sweep 28 energy=-9.810231  maxlinkdim=1000 maxerr=7.76E-08 time=252.200
After sweep 29 energy=-9.810225  maxlinkdim=1000 maxerr=4.86E-08 time=252.697
After sweep 30 energy=-9.810224  maxlinkdim=1000 maxerr=2.96E-08 time=252.798
n0: 0.4999203; n1: 0.5132781; mu0: -2.5622369396061444; mu1: -2.5522369396061446

Range found between mu0: -2.5622369396061444 (n0: 0.4999203) and mu1: -2.5522369396061446 (n1: 0.5132781); refining...
n0: 0.4999203; n1: 0.5132781; mu0: -2.5622369396061444; mu1: -2.5522369396061446
Trying secant step...
After sweep 1 energy=2.0061367  maxlinkdim=10 maxerr=9.96E-03 time=1.278
After sweep 2 energy=-5.582567  maxlinkdim=20 maxerr=1.91E-04 time=1.409
After sweep 3 energy=-7.3528957  maxlinkdim=100 maxerr=2.02E-06 time=2.899
After sweep 4 energy=-7.99684  maxlinkdim=753 maxerr=1.00E-10 time=35.088
After sweep 5 energy=-8.409294  maxlinkdim=629 maxerr=1.78E-08 time=55.707
After sweep 6 energy=-8.6889305  maxlinkdim=624 maxerr=6.54E-08 time=40.008
After sweep 7 energy=-8.894771  maxlinkdim=670 maxerr=2.75E-08 time=43.163
After sweep 8 energy=-9.031819  maxlinkdim=1000 maxerr=6.10E-09 time=52.949
After sweep 9 energy=-9.10498  maxlinkdim=1000 maxerr=1.30E-07 time=70.672
After sweep 10 energy=-9.145674  maxlinkdim=1000 maxerr=1.51E-09 time=93.763
After sweep 11 energy=-9.160184  maxlinkdim=1000 maxerr=2.21E-08 time=145.077
After sweep 12 energy=-9.164384  maxlinkdim=1000 maxerr=1.47E-07 time=179.763
After sweep 13 energy=-9.165449  maxlinkdim=1000 maxerr=1.95E-08 time=201.722
After sweep 14 energy=-9.165623  maxlinkdim=1000 maxerr=9.53E-08 time=221.947
After sweep 15 energy=-9.165592  maxlinkdim=1000 maxerr=3.97E-08 time=239.227
After sweep 16 energy=-9.165567  maxlinkdim=1000 maxerr=1.37E-07 time=250.576
After sweep 17 energy=-9.16556  maxlinkdim=1000 maxerr=1.12E-08 time=252.064
After sweep 18 energy=-9.165558  maxlinkdim=1000 maxerr=7.79E-08 time=251.497
After sweep 19 energy=-9.165585  maxlinkdim=1000 maxerr=1.26E-08 time=251.945
After sweep 20 energy=-9.165574  maxlinkdim=1000 maxerr=2.49E-07 time=252.002
After sweep 21 energy=-9.16559  maxlinkdim=1000 maxerr=3.11E-08 time=251.118
After sweep 22 energy=-9.165606  maxlinkdim=1000 maxerr=2.58E-08 time=253.846
After sweep 23 energy=-9.165644  maxlinkdim=1000 maxerr=2.77E-08 time=252.005
After sweep 24 energy=-9.165623  maxlinkdim=1000 maxerr=1.14E-07 time=251.744
After sweep 25 energy=-9.165563  maxlinkdim=1000 maxerr=3.22E-08 time=253.315
After sweep 26 energy=-9.165587  maxlinkdim=1000 maxerr=1.40E-07 time=252.151
After sweep 27 energy=-9.165544  maxlinkdim=1000 maxerr=1.64E-08 time=254.742
After sweep 28 energy=-9.165541  maxlinkdim=1000 maxerr=9.97E-08 time=251.527
After sweep 29 energy=-9.165606  maxlinkdim=1000 maxerr=6.81E-08 time=251.571
After sweep 30 energy=-9.165582  maxlinkdim=1000 maxerr=3.88E-10 time=255.072
FOUND MU (secant); mu: -2.5621772806039713  n: 0.50000185
Target density achieved with mu=-2.5621772806039713, n=0.50000185
Checking {alpha,beta} vs measured
Alpha not converged.
NOT CONVERGED; updating alpha, beta and continuing...
After sweep 1 energy=1.4159329  maxlinkdim=10 maxerr=5.95E-03 time=1.273
After sweep 2 energy=-5.3749113  maxlinkdim=20 maxerr=2.14E-04 time=1.623
After sweep 3 energy=-7.078783  maxlinkdim=100 maxerr=3.03E-06 time=2.711
After sweep 4 energy=-7.82905  maxlinkdim=820 maxerr=1.00E-10 time=38.569
After sweep 5 energy=-8.379037  maxlinkdim=633 maxerr=1.00E-10 time=66.108
After sweep 6 energy=-8.806026  maxlinkdim=712 maxerr=1.15E-07 time=51.364
After sweep 7 energy=-9.056253  maxlinkdim=1000 maxerr=3.40E-08 time=63.697
After sweep 8 energy=-9.125907  maxlinkdim=1000 maxerr=2.19E-09 time=90.153
After sweep 9 energy=-9.151352  maxlinkdim=1000 maxerr=1.91E-08 time=113.128
After sweep 10 energy=-9.160791  maxlinkdim=1000 maxerr=3.82E-08 time=134.347
After sweep 11 energy=-9.164438  maxlinkdim=1000 maxerr=6.26E-08 time=158.187
After sweep 12 energy=-9.165076  maxlinkdim=1000 maxerr=6.75E-08 time=205.721
After sweep 13 energy=-9.165145  maxlinkdim=1000 maxerr=2.62E-08 time=224.136
After sweep 14 energy=-9.165133  maxlinkdim=1000 maxerr=1.81E-08 time=240.955
After sweep 15 energy=-9.165119  maxlinkdim=1000 maxerr=1.27E-07 time=251.371
After sweep 16 energy=-9.165054  maxlinkdim=1000 maxerr=1.64E-08 time=251.936
After sweep 17 energy=-9.165048  maxlinkdim=1000 maxerr=2.47E-08 time=252.069
After sweep 18 energy=-9.165058  maxlinkdim=1000 maxerr=1.13E-07 time=251.500
After sweep 19 energy=-9.165071  maxlinkdim=1000 maxerr=2.29E-07 time=253.454
After sweep 20 energy=-9.165096  maxlinkdim=1000 maxerr=1.48E-08 time=251.999
After sweep 21 energy=-9.165084  maxlinkdim=1000 maxerr=1.36E-08 time=253.179
After sweep 22 energy=-9.16506  maxlinkdim=1000 maxerr=3.07E-08 time=251.518
After sweep 23 energy=-9.165113  maxlinkdim=1000 maxerr=3.38E-08 time=252.360
After sweep 24 energy=-9.165099  maxlinkdim=1000 maxerr=2.10E-08 time=253.355
After sweep 25 energy=-9.165064  maxlinkdim=1000 maxerr=6.97E-09 time=251.469
After sweep 26 energy=-9.165084  maxlinkdim=1000 maxerr=2.69E-08 time=252.126
After sweep 27 energy=-9.165059  maxlinkdim=1000 maxerr=3.11E-08 time=254.699
After sweep 28 energy=-9.165089  maxlinkdim=1000 maxerr=1.76E-07 time=251.773
After sweep 29 energy=-9.165082  maxlinkdim=1000 maxerr=7.17E-08 time=254.260
After sweep 30 energy=-9.165092  maxlinkdim=1000 maxerr=1.84E-07 time=252.259
Not same mu, searching again
After sweep 1 energy=2.581771  maxlinkdim=10 maxerr=5.41E-03 time=1.290
After sweep 2 energy=-5.5510297  maxlinkdim=20 maxerr=2.33E-04 time=1.650
After sweep 3 energy=-7.249415  maxlinkdim=100 maxerr=1.98E-06 time=2.706
After sweep 4 energy=-7.7649794  maxlinkdim=723 maxerr=1.00E-10 time=36.202
After sweep 5 energy=-8.0576105  maxlinkdim=497 maxerr=7.51E-08 time=54.314
After sweep 6 energy=-8.23841  maxlinkdim=645 maxerr=1.50E-08 time=38.440
After sweep 7 energy=-8.356749  maxlinkdim=667 maxerr=4.36E-09 time=44.044
After sweep 8 energy=-8.434936  maxlinkdim=999 maxerr=7.14E-08 time=67.889
After sweep 9 energy=-8.487601  maxlinkdim=1000 maxerr=1.54E-07 time=87.485
After sweep 10 energy=-8.515807  maxlinkdim=1000 maxerr=1.52E-09 time=112.811
After sweep 11 energy=-8.528198  maxlinkdim=1000 maxerr=2.59E-09 time=143.142
After sweep 12 energy=-8.533094  maxlinkdim=1000 maxerr=1.86E-08 time=173.448
After sweep 13 energy=-8.533825  maxlinkdim=1000 maxerr=3.83E-08 time=189.210
After sweep 14 energy=-8.5339  maxlinkdim=1000 maxerr=3.95E-08 time=219.981
After sweep 15 energy=-8.533882  maxlinkdim=1000 maxerr=6.42E-10 time=238.155
After sweep 16 energy=-8.533812  maxlinkdim=1000 maxerr=1.70E-09 time=250.793
After sweep 17 energy=-8.5339  maxlinkdim=1000 maxerr=5.67E-08 time=253.112
After sweep 18 energy=-8.533813  maxlinkdim=1000 maxerr=2.95E-10 time=250.357
After sweep 19 energy=-8.533877  maxlinkdim=1000 maxerr=6.46E-08 time=251.520
After sweep 20 energy=-8.533833  maxlinkdim=1000 maxerr=3.55E-08 time=251.355
After sweep 21 energy=-8.533876  maxlinkdim=1000 maxerr=1.87E-08 time=250.840
After sweep 22 energy=-8.533884  maxlinkdim=1000 maxerr=3.17E-08 time=253.492
After sweep 23 energy=-8.533912  maxlinkdim=1000 maxerr=1.39E-08 time=251.294
After sweep 24 energy=-8.53386  maxlinkdim=1000 maxerr=1.54E-07 time=250.710
After sweep 25 energy=-8.533822  maxlinkdim=1000 maxerr=2.91E-10 time=250.695
After sweep 26 energy=-8.533883  maxlinkdim=1000 maxerr=1.15E-08 time=250.917
After sweep 27 energy=-8.533888  maxlinkdim=1000 maxerr=1.41E-07 time=250.680
After sweep 28 energy=-8.533843  maxlinkdim=1000 maxerr=2.86E-10 time=250.983
After sweep 29 energy=-8.533811  maxlinkdim=1000 maxerr=6.50E-08 time=251.077
After sweep 30 energy=-8.533877  maxlinkdim=1000 maxerr=4.85E-08 time=250.961
n0: 0.48625103; n1: 0.5000426; mu0: -2.572177280603971; mu1: -2.5621772806039713

Range found between mu0: -2.572177280603971 (n0: 0.48625103) and mu1: -2.5621772806039713 (n1: 0.5000426); refining...
n0: 0.48625103; n1: 0.5000426; mu0: -2.572177280603971; mu1: -2.5621772806039713
Trying secant step...
After sweep 1 energy=1.266568  maxlinkdim=10 maxerr=5.67E-03 time=1.255
After sweep 2 energy=-5.3335943  maxlinkdim=20 maxerr=1.52E-04 time=1.638
After sweep 3 energy=-6.9812217  maxlinkdim=100 maxerr=1.19E-06 time=2.686
After sweep 4 energy=-7.615691  maxlinkdim=715 maxerr=1.00E-10 time=33.110
After sweep 5 energy=-8.045815  maxlinkdim=593 maxerr=8.63E-09 time=54.095
After sweep 6 energy=-8.395197  maxlinkdim=571 maxerr=4.94E-09 time=43.157
After sweep 7 energy=-8.678741  maxlinkdim=631 maxerr=5.72E-08 time=39.793
After sweep 8 energy=-8.884586  maxlinkdim=685 maxerr=7.51E-08 time=47.750
After sweep 9 energy=-9.021741  maxlinkdim=1000 maxerr=1.08E-07 time=73.779
After sweep 10 energy=-9.100149  maxlinkdim=1000 maxerr=1.93E-08 time=99.396
After sweep 11 energy=-9.137955  maxlinkdim=1000 maxerr=5.86E-08 time=118.236
After sweep 12 energy=-9.154716  maxlinkdim=1000 maxerr=1.43E-07 time=136.456
After sweep 13 energy=-9.161783  maxlinkdim=1000 maxerr=1.26E-07 time=161.877
After sweep 14 energy=-9.163045  maxlinkdim=1000 maxerr=3.51E-08 time=211.244
After sweep 15 energy=-9.163117  maxlinkdim=1000 maxerr=7.75E-08 time=227.531
After sweep 16 energy=-9.163087  maxlinkdim=1000 maxerr=6.19E-08 time=247.166
After sweep 17 energy=-9.163085  maxlinkdim=1000 maxerr=1.70E-08 time=253.466
After sweep 18 energy=-9.163128  maxlinkdim=1000 maxerr=3.64E-10 time=252.029
After sweep 19 energy=-9.16312  maxlinkdim=1000 maxerr=8.11E-08 time=251.969
After sweep 20 energy=-9.163097  maxlinkdim=1000 maxerr=1.10E-07 time=252.248
After sweep 21 energy=-9.163107  maxlinkdim=1000 maxerr=1.50E-08 time=251.459
After sweep 22 energy=-9.163082  maxlinkdim=1000 maxerr=1.62E-08 time=252.081
After sweep 23 energy=-9.163126  maxlinkdim=1000 maxerr=2.06E-09 time=252.592
After sweep 24 energy=-9.16309  maxlinkdim=1000 maxerr=1.98E-08 time=251.003
After sweep 25 energy=-9.163109  maxlinkdim=1000 maxerr=2.13E-08 time=253.073
After sweep 26 energy=-9.163097  maxlinkdim=1000 maxerr=7.89E-08 time=252.065
After sweep 27 energy=-9.163116  maxlinkdim=1000 maxerr=2.32E-08 time=251.153
After sweep 28 energy=-9.1630945  maxlinkdim=1000 maxerr=1.24E-08 time=251.794
After sweep 29 energy=-9.163119  maxlinkdim=1000 maxerr=1.89E-08 time=251.995
After sweep 30 energy=-9.163096  maxlinkdim=1000 maxerr=2.46E-08 time=251.163
FOUND MU (secant); mu: -2.562208181550232  n: 0.5000005
Target density achieved with mu=-2.562208181550232, n=0.5000005
Checking {alpha,beta} vs measured
Alpha not converged.
NOT CONVERGED; updating alpha, beta and continuing...
After sweep 1 energy=3.124754  maxlinkdim=10 maxerr=9.66E-03 time=1.364
After sweep 2 energy=-6.5230994  maxlinkdim=20 maxerr=2.10E-04 time=1.516
After sweep 3 energy=-8.33763  maxlinkdim=100 maxerr=2.88E-06 time=2.634
After sweep 4 energy=-8.751127  maxlinkdim=795 maxerr=1.00E-10 time=42.571
After sweep 5 energy=-8.944393  maxlinkdim=680 maxerr=8.21E-08 time=61.905
After sweep 6 energy=-9.050541  maxlinkdim=755 maxerr=1.76E-08 time=43.905
After sweep 7 energy=-9.112812  maxlinkdim=994 maxerr=1.28E-07 time=50.588
After sweep 8 energy=-9.147679  maxlinkdim=1000 maxerr=2.49E-07 time=80.203
After sweep 9 energy=-9.161134  maxlinkdim=1000 maxerr=2.01E-08 time=147.291
After sweep 10 energy=-9.163047  maxlinkdim=1000 maxerr=1.33E-08 time=188.594
After sweep 11 energy=-9.163266  maxlinkdim=1000 maxerr=3.17E-09 time=193.600
After sweep 12 energy=-9.163334  maxlinkdim=1000 maxerr=9.96E-08 time=212.119
After sweep 13 energy=-9.163288  maxlinkdim=1000 maxerr=6.86E-10 time=242.660
After sweep 14 energy=-9.163298  maxlinkdim=1000 maxerr=4.31E-10 time=252.404
After sweep 15 energy=-9.163316  maxlinkdim=1000 maxerr=3.68E-10 time=251.969
After sweep 16 energy=-9.163279  maxlinkdim=1000 maxerr=1.27E-07 time=251.795
After sweep 17 energy=-9.163293  maxlinkdim=1000 maxerr=2.23E-08 time=251.124
After sweep 18 energy=-9.1633005  maxlinkdim=1000 maxerr=1.29E-08 time=252.149
After sweep 19 energy=-9.163294  maxlinkdim=1000 maxerr=8.49E-08 time=252.315
After sweep 20 energy=-9.163292  maxlinkdim=1000 maxerr=6.95E-08 time=253.829
After sweep 21 energy=-9.163288  maxlinkdim=1000 maxerr=7.68E-09 time=251.744
After sweep 22 energy=-9.163332  maxlinkdim=1000 maxerr=2.79E-08 time=251.783
After sweep 23 energy=-9.1633215  maxlinkdim=1000 maxerr=1.28E-07 time=251.522
After sweep 24 energy=-9.16324  maxlinkdim=1000 maxerr=7.57E-08 time=252.081
After sweep 25 energy=-9.163325  maxlinkdim=1000 maxerr=1.59E-08 time=251.719
After sweep 26 energy=-9.163329  maxlinkdim=1000 maxerr=3.29E-07 time=252.001
After sweep 27 energy=-9.163333  maxlinkdim=1000 maxerr=1.19E-07 time=251.652
After sweep 28 energy=-9.163328  maxlinkdim=1000 maxerr=2.75E-08 time=251.815
After sweep 29 energy=-9.163329  maxlinkdim=1000 maxerr=1.11E-08 time=252.461
After sweep 30 energy=-9.1633005  maxlinkdim=1000 maxerr=3.67E-10 time=251.893
Not same mu, searching again
After sweep 1 energy=2.2870476  maxlinkdim=10 maxerr=6.76E-03 time=1.263
After sweep 2 energy=-6.3747263  maxlinkdim=20 maxerr=2.69E-04 time=1.417
After sweep 3 energy=-8.400495  maxlinkdim=100 maxerr=2.03E-06 time=2.888
After sweep 4 energy=-8.917068  maxlinkdim=776 maxerr=1.00E-10 time=41.290
After sweep 5 energy=-9.207091  maxlinkdim=719 maxerr=7.67E-10 time=70.025
After sweep 6 energy=-9.468391  maxlinkdim=874 maxerr=7.82E-08 time=55.418
After sweep 7 energy=-9.646135  maxlinkdim=914 maxerr=3.00E-08 time=60.588
After sweep 8 energy=-9.733534  maxlinkdim=997 maxerr=1.18E-07 time=67.137
After sweep 9 energy=-9.783424  maxlinkdim=1000 maxerr=1.51E-07 time=88.387
After sweep 10 energy=-9.807531  maxlinkdim=1000 maxerr=2.01E-08 time=143.566
After sweep 11 energy=-9.811248  maxlinkdim=1000 maxerr=1.32E-07 time=178.928
After sweep 12 energy=-9.811787  maxlinkdim=1000 maxerr=2.96E-08 time=205.082
After sweep 13 energy=-9.811859  maxlinkdim=1000 maxerr=4.09E-08 time=224.208
After sweep 14 energy=-9.811834  maxlinkdim=1000 maxerr=1.83E-08 time=245.490
After sweep 15 energy=-9.811859  maxlinkdim=1000 maxerr=4.26E-08 time=252.996
After sweep 16 energy=-9.811821  maxlinkdim=1000 maxerr=2.53E-08 time=254.853
After sweep 17 energy=-9.811886  maxlinkdim=1000 maxerr=2.82E-08 time=253.277
After sweep 18 energy=-9.811853  maxlinkdim=1000 maxerr=2.73E-07 time=252.170
After sweep 19 energy=-9.811846  maxlinkdim=1000 maxerr=5.13E-08 time=252.766
After sweep 20 energy=-9.811888  maxlinkdim=1000 maxerr=4.70E-08 time=252.631
After sweep 21 energy=-9.811926  maxlinkdim=1000 maxerr=2.27E-08 time=252.995
After sweep 22 energy=-9.811812  maxlinkdim=1000 maxerr=1.38E-07 time=252.482
After sweep 23 energy=-9.811842  maxlinkdim=1000 maxerr=1.31E-07 time=252.557
After sweep 24 energy=-9.811803  maxlinkdim=1000 maxerr=1.06E-07 time=253.133
After sweep 25 energy=-9.8118105  maxlinkdim=1000 maxerr=2.46E-08 time=253.913
After sweep 26 energy=-9.811917  maxlinkdim=1000 maxerr=4.90E-10 time=252.616
After sweep 27 energy=-9.81184  maxlinkdim=1000 maxerr=3.60E-08 time=252.883
After sweep 28 energy=-9.811831  maxlinkdim=1000 maxerr=4.50E-08 time=254.674
After sweep 29 energy=-9.811822  maxlinkdim=1000 maxerr=2.32E-08 time=252.698
After sweep 30 energy=-9.811853  maxlinkdim=1000 maxerr=5.83E-08 time=251.748
n0: 0.49998036; n1: 0.5133401; mu0: -2.562208181550232; mu1: -2.552208181550232

Range found between mu0: -2.562208181550232 (n0: 0.49998036) and mu1: -2.552208181550232 (n1: 0.5133401); refining...
n0: 0.49998036; n1: 0.5133401; mu0: -2.562208181550232; mu1: -2.552208181550232
Trying secant step...
After sweep 1 energy=1.5923961  maxlinkdim=10 maxerr=8.16E-03 time=1.355
After sweep 2 energy=-5.7087884  maxlinkdim=20 maxerr=1.74E-04 time=1.506
After sweep 3 energy=-7.50303  maxlinkdim=100 maxerr=3.38E-06 time=2.590
After sweep 4 energy=-8.138846  maxlinkdim=729 maxerr=1.00E-10 time=35.634
After sweep 5 energy=-8.542422  maxlinkdim=607 maxerr=4.89E-08 time=54.718
After sweep 6 energy=-8.801372  maxlinkdim=824 maxerr=4.78E-08 time=45.394
After sweep 7 energy=-8.965825  maxlinkdim=988 maxerr=2.85E-08 time=54.242
After sweep 8 energy=-9.066548  maxlinkdim=945 maxerr=1.09E-07 time=70.485
After sweep 9 energy=-9.127995  maxlinkdim=913 maxerr=3.47E-08 time=71.438
After sweep 10 energy=-9.155698  maxlinkdim=1000 maxerr=2.37E-08 time=105.595
After sweep 11 energy=-9.162834  maxlinkdim=1000 maxerr=7.23E-08 time=164.387
After sweep 12 energy=-9.164145  maxlinkdim=1000 maxerr=2.44E-08 time=197.274
After sweep 13 energy=-9.164288  maxlinkdim=1000 maxerr=2.98E-08 time=211.518
After sweep 14 energy=-9.16425  maxlinkdim=1000 maxerr=2.80E-08 time=233.081
After sweep 15 energy=-9.164209  maxlinkdim=1000 maxerr=2.74E-08 time=252.855
After sweep 16 energy=-9.1641865  maxlinkdim=1000 maxerr=5.09E-08 time=251.875
After sweep 17 energy=-9.164192  maxlinkdim=1000 maxerr=9.73E-08 time=252.060
After sweep 18 energy=-9.1642685  maxlinkdim=1000 maxerr=1.11E-08 time=253.709
After sweep 19 energy=-9.16425  maxlinkdim=1000 maxerr=2.90E-08 time=251.995
After sweep 20 energy=-9.164212  maxlinkdim=1000 maxerr=2.65E-08 time=251.939
After sweep 21 energy=-9.16422  maxlinkdim=1000 maxerr=2.83E-08 time=254.562
After sweep 22 energy=-9.164184  maxlinkdim=1000 maxerr=4.57E-08 time=251.177
After sweep 23 energy=-9.164295  maxlinkdim=1000 maxerr=8.32E-08 time=251.745
After sweep 24 energy=-9.164218  maxlinkdim=1000 maxerr=3.16E-08 time=253.880
After sweep 25 energy=-9.164255  maxlinkdim=1000 maxerr=2.02E-07 time=251.540
After sweep 26 energy=-9.1642275  maxlinkdim=1000 maxerr=7.77E-08 time=251.694
After sweep 27 energy=-9.164221  maxlinkdim=1000 maxerr=1.03E-08 time=253.460
After sweep 28 energy=-9.164235  maxlinkdim=1000 maxerr=3.85E-10 time=251.463
After sweep 29 energy=-9.16423  maxlinkdim=1000 maxerr=2.50E-08 time=251.174
After sweep 30 energy=-9.164223  maxlinkdim=1000 maxerr=5.78E-08 time=251.762
FOUND MU (secant); mu: -2.5621934808839057  n: 0.49999794
Target density achieved with mu=-2.5621934808839057, n=0.49999794
Checking {alpha,beta} vs measured
Alpha not converged.
NOT CONVERGED; updating alpha, beta and continuing...
After sweep 1 energy=0.83617455  maxlinkdim=10 maxerr=4.87E-03 time=1.351
After sweep 2 energy=-5.945322  maxlinkdim=20 maxerr=2.54E-04 time=1.511
After sweep 3 energy=-7.7398615  maxlinkdim=100 maxerr=3.75E-06 time=2.603
After sweep 4 energy=-8.256637  maxlinkdim=770 maxerr=1.00E-10 time=36.891
After sweep 5 energy=-8.586113  maxlinkdim=641 maxerr=4.04E-08 time=55.659
After sweep 6 energy=-8.818965  maxlinkdim=609 maxerr=2.34E-09 time=40.404
After sweep 7 energy=-8.986709  maxlinkdim=840 maxerr=8.03E-09 time=47.604
After sweep 8 energy=-9.086599  maxlinkdim=1000 maxerr=3.00E-08 time=75.335
After sweep 9 energy=-9.136693  maxlinkdim=1000 maxerr=2.54E-08 time=105.468
After sweep 10 energy=-9.156724  maxlinkdim=1000 maxerr=1.57E-08 time=130.703
After sweep 11 energy=-9.1623335  maxlinkdim=1000 maxerr=1.78E-08 time=156.714
After sweep 12 energy=-9.163912  maxlinkdim=1000 maxerr=4.13E-08 time=183.649
After sweep 13 energy=-9.164238  maxlinkdim=1000 maxerr=1.85E-08 time=214.579
After sweep 14 energy=-9.164154  maxlinkdim=1000 maxerr=3.71E-08 time=238.314
After sweep 15 energy=-9.164141  maxlinkdim=1000 maxerr=5.67E-09 time=251.292
After sweep 16 energy=-9.164238  maxlinkdim=1000 maxerr=5.31E-08 time=251.753
After sweep 17 energy=-9.164186  maxlinkdim=1000 maxerr=1.82E-08 time=251.908
After sweep 18 energy=-9.164142  maxlinkdim=1000 maxerr=1.99E-08 time=251.819
After sweep 19 energy=-9.164147  maxlinkdim=1000 maxerr=6.29E-08 time=252.608
After sweep 20 energy=-9.164112  maxlinkdim=1000 maxerr=3.77E-08 time=251.765
After sweep 21 energy=-9.164173  maxlinkdim=1000 maxerr=2.63E-08 time=251.934
After sweep 22 energy=-9.164199  maxlinkdim=1000 maxerr=2.43E-08 time=253.739
After sweep 23 energy=-9.164164  maxlinkdim=1000 maxerr=3.66E-08 time=251.848
After sweep 24 energy=-9.164158  maxlinkdim=1000 maxerr=9.98E-08 time=251.984
After sweep 25 energy=-9.164196  maxlinkdim=1000 maxerr=3.84E-10 time=251.515
After sweep 26 energy=-9.164207  maxlinkdim=1000 maxerr=1.99E-07 time=252.001
After sweep 27 energy=-9.16424  maxlinkdim=1000 maxerr=2.07E-07 time=252.198
After sweep 28 energy=-9.164128  maxlinkdim=1000 maxerr=8.23E-09 time=252.825
After sweep 29 energy=-9.164143  maxlinkdim=1000 maxerr=2.12E-08 time=251.717
After sweep 30 energy=-9.164141  maxlinkdim=1000 maxerr=1.26E-07 time=251.641
Not same mu, searching again
After sweep 1 energy=1.7347739  maxlinkdim=10 maxerr=5.49E-03 time=1.348
After sweep 2 energy=-4.856547  maxlinkdim=20 maxerr=1.88E-04 time=1.504
After sweep 3 energy=-6.510753  maxlinkdim=100 maxerr=3.04E-06 time=2.571
After sweep 4 energy=-7.110402  maxlinkdim=700 maxerr=1.00E-10 time=29.865
After sweep 5 energy=-7.5141478  maxlinkdim=753 maxerr=2.16E-09 time=53.783
After sweep 6 energy=-7.773142  maxlinkdim=620 maxerr=4.09E-08 time=35.724
After sweep 7 energy=-7.9521465  maxlinkdim=502 maxerr=1.69E-08 time=32.154
After sweep 8 energy=-8.090492  maxlinkdim=540 maxerr=5.97E-08 time=34.066
After sweep 9 energy=-8.207015  maxlinkdim=704 maxerr=1.49E-08 time=36.682
After sweep 10 energy=-8.309167  maxlinkdim=1000 maxerr=2.52E-08 time=46.866
After sweep 11 energy=-8.413985  maxlinkdim=1000 maxerr=6.17E-08 time=64.585
After sweep 12 energy=-8.494553  maxlinkdim=1000 maxerr=7.39E-08 time=103.351
After sweep 13 energy=-8.518932  maxlinkdim=1000 maxerr=4.13E-08 time=116.143
After sweep 14 energy=-8.530161  maxlinkdim=1000 maxerr=4.69E-09 time=140.961
After sweep 15 energy=-8.5327015  maxlinkdim=1000 maxerr=2.81E-08 time=174.359
After sweep 16 energy=-8.533056  maxlinkdim=1000 maxerr=1.62E-08 time=207.016
After sweep 17 energy=-8.533005  maxlinkdim=1000 maxerr=8.54E-08 time=228.996
After sweep 18 energy=-8.533031  maxlinkdim=1000 maxerr=2.68E-08 time=244.909
After sweep 19 energy=-8.533036  maxlinkdim=1000 maxerr=3.64E-09 time=250.288
After sweep 20 energy=-8.533037  maxlinkdim=1000 maxerr=3.00E-10 time=251.037
After sweep 21 energy=-8.533032  maxlinkdim=1000 maxerr=3.14E-10 time=251.188
After sweep 22 energy=-8.533004  maxlinkdim=1000 maxerr=2.85E-10 time=250.310
After sweep 23 energy=-8.533015  maxlinkdim=1000 maxerr=2.73E-08 time=250.974
After sweep 24 energy=-8.532968  maxlinkdim=1000 maxerr=2.73E-08 time=253.262
After sweep 25 energy=-8.532998  maxlinkdim=1000 maxerr=1.74E-07 time=251.334
After sweep 26 energy=-8.532995  maxlinkdim=1000 maxerr=8.40E-08 time=252.297
After sweep 27 energy=-8.533051  maxlinkdim=1000 maxerr=4.15E-09 time=251.011
After sweep 28 energy=-8.53299  maxlinkdim=1000 maxerr=6.58E-09 time=251.665
After sweep 29 energy=-8.533061  maxlinkdim=1000 maxerr=1.76E-08 time=250.286
After sweep 30 energy=-8.532962  maxlinkdim=1000 maxerr=4.21E-08 time=251.060
n0: 0.48621872; n1: 0.50000924; mu0: -2.5721934808839055; mu1: -2.5621934808839057

Range found between mu0: -2.5721934808839055 (n0: 0.48621872) and mu1: -2.5621934808839057 (n1: 0.50000924); refining...
n0: 0.48621872; n1: 0.50000924; mu0: -2.5721934808839055; mu1: -2.5621934808839057
Trying secant step...
After sweep 1 energy=0.85252136  maxlinkdim=10 maxerr=4.89E-03 time=1.365
After sweep 2 energy=-5.969428  maxlinkdim=20 maxerr=4.92E-04 time=1.510
After sweep 3 energy=-7.892557  maxlinkdim=100 maxerr=4.82E-06 time=2.596
After sweep 4 energy=-8.42412  maxlinkdim=873 maxerr=1.00E-10 time=40.951
After sweep 5 energy=-8.819668  maxlinkdim=952 maxerr=1.48E-07 time=65.640
After sweep 6 energy=-8.983279  maxlinkdim=786 maxerr=1.50E-08 time=46.936
After sweep 7 energy=-9.081217  maxlinkdim=803 maxerr=1.27E-07 time=50.974
After sweep 8 energy=-9.13476  maxlinkdim=988 maxerr=5.82E-09 time=78.789
After sweep 9 energy=-9.155587  maxlinkdim=1000 maxerr=6.16E-08 time=111.197
After sweep 10 energy=-9.161856  maxlinkdim=1000 maxerr=8.08E-09 time=137.514
After sweep 11 energy=-9.163413  maxlinkdim=1000 maxerr=1.74E-07 time=148.745
After sweep 12 energy=-9.163768  maxlinkdim=1000 maxerr=1.98E-08 time=182.774
After sweep 13 energy=-9.163782  maxlinkdim=1000 maxerr=3.06E-08 time=232.724
After sweep 14 energy=-9.16376  maxlinkdim=1000 maxerr=1.63E-07 time=254.213
After sweep 15 energy=-9.163772  maxlinkdim=1000 maxerr=9.81E-08 time=251.861
After sweep 16 energy=-9.163748  maxlinkdim=1000 maxerr=2.26E-07 time=251.608
After sweep 17 energy=-9.163781  maxlinkdim=1000 maxerr=1.64E-07 time=252.026
After sweep 18 energy=-9.16379  maxlinkdim=1000 maxerr=1.59E-07 time=251.523
After sweep 19 energy=-9.163689  maxlinkdim=1000 maxerr=5.03E-08 time=251.477
After sweep 20 energy=-9.163731  maxlinkdim=1000 maxerr=2.77E-08 time=254.463
After sweep 21 energy=-9.163743  maxlinkdim=1000 maxerr=1.20E-07 time=251.840
After sweep 22 energy=-9.1637  maxlinkdim=1000 maxerr=1.38E-07 time=252.696
After sweep 23 energy=-9.163682  maxlinkdim=1000 maxerr=2.96E-08 time=251.858
After sweep 24 energy=-9.163772  maxlinkdim=1000 maxerr=3.23E-08 time=251.958
After sweep 25 energy=-9.163772  maxlinkdim=1000 maxerr=4.22E-08 time=252.846
After sweep 26 energy=-9.163752  maxlinkdim=1000 maxerr=1.99E-08 time=251.474
After sweep 27 energy=-9.163741  maxlinkdim=1000 maxerr=2.10E-08 time=251.769
After sweep 28 energy=-9.163819  maxlinkdim=1000 maxerr=4.20E-08 time=252.064
After sweep 29 energy=-9.163746  maxlinkdim=1000 maxerr=2.06E-08 time=252.069
After sweep 30 energy=-9.163763  maxlinkdim=1000 maxerr=1.89E-08 time=251.629
FOUND MU (secant); mu: -2.5622001802115957  n: 0.50000155
Target density achieved with mu=-2.5622001802115957, n=0.50000155
Checking {alpha,beta} vs measured
Alpha not converged.
NOT CONVERGED; updating alpha, beta and continuing...
After sweep 1 energy=2.9333003  maxlinkdim=10 maxerr=1.36E-02 time=1.347
After sweep 2 energy=-5.909342  maxlinkdim=20 maxerr=6.60E-04 time=1.507
After sweep 3 energy=-7.5472546  maxlinkdim=100 maxerr=3.06E-06 time=2.580
After sweep 4 energy=-8.122887  maxlinkdim=802 maxerr=1.00E-10 time=38.745
After sweep 5 energy=-8.522919  maxlinkdim=686 maxerr=5.37E-08 time=57.422
After sweep 6 energy=-8.784694  maxlinkdim=796 maxerr=5.39E-09 time=44.935
After sweep 7 energy=-8.958791  maxlinkdim=859 maxerr=6.59E-08 time=58.906
After sweep 8 energy=-9.062409  maxlinkdim=962 maxerr=6.31E-08 time=82.867
After sweep 9 energy=-9.121072  maxlinkdim=1000 maxerr=1.69E-09 time=111.930
After sweep 10 energy=-9.1505375  maxlinkdim=1000 maxerr=1.82E-08 time=135.282
After sweep 11 energy=-9.1600485  maxlinkdim=1000 maxerr=9.32E-08 time=163.492
After sweep 12 energy=-9.163148  maxlinkdim=1000 maxerr=2.24E-08 time=185.304
After sweep 13 energy=-9.163716  maxlinkdim=1000 maxerr=1.91E-08 time=216.079
After sweep 14 energy=-9.163729  maxlinkdim=1000 maxerr=8.38E-09 time=234.692
After sweep 15 energy=-9.163711  maxlinkdim=1000 maxerr=1.36E-09 time=250.784
After sweep 16 energy=-9.163775  maxlinkdim=1000 maxerr=2.99E-08 time=251.596
After sweep 17 energy=-9.163735  maxlinkdim=1000 maxerr=2.87E-08 time=253.655
After sweep 18 energy=-9.1637535  maxlinkdim=1000 maxerr=4.25E-08 time=251.869
After sweep 19 energy=-9.163691  maxlinkdim=1000 maxerr=1.82E-08 time=252.407
After sweep 20 energy=-9.16374  maxlinkdim=1000 maxerr=4.22E-08 time=252.100
After sweep 21 energy=-9.163725  maxlinkdim=1000 maxerr=1.86E-07 time=252.204
After sweep 22 energy=-9.163768  maxlinkdim=1000 maxerr=1.20E-07 time=252.247
After sweep 23 energy=-9.163777  maxlinkdim=1000 maxerr=5.20E-08 time=253.898
After sweep 24 energy=-9.163705  maxlinkdim=1000 maxerr=1.36E-08 time=251.942
After sweep 25 energy=-9.163713  maxlinkdim=1000 maxerr=2.39E-08 time=251.650
After sweep 26 energy=-9.163752  maxlinkdim=1000 maxerr=1.07E-07 time=251.991
After sweep 27 energy=-9.1637125  maxlinkdim=1000 maxerr=1.96E-08 time=251.790
After sweep 28 energy=-9.163752  maxlinkdim=1000 maxerr=1.93E-08 time=254.400
After sweep 29 energy=-9.163771  maxlinkdim=1000 maxerr=2.42E-08 time=251.608
After sweep 30 energy=-9.163765  maxlinkdim=1000 maxerr=1.42E-07 time=252.110
Same mu: -2.5622001802115957 and continuing
Target density achieved with mu=-2.5622001802115957, n=0.49999672
Checking {alpha,beta} vs measured
Alpha not converged.
NOT CONVERGED; updating alpha, beta and continuing...
After sweep 1 energy=1.6215441  maxlinkdim=10 maxerr=3.03E-03 time=1.438
After sweep 2 energy=-5.2463665  maxlinkdim=20 maxerr=2.94E-04 time=1.552
After sweep 3 energy=-7.0507655  maxlinkdim=100 maxerr=2.88E-06 time=2.602
After sweep 4 energy=-7.7732944  maxlinkdim=803 maxerr=1.00E-10 time=35.214
After sweep 5 energy=-8.192252  maxlinkdim=629 maxerr=7.75E-09 time=55.770
After sweep 6 energy=-8.468557  maxlinkdim=655 maxerr=8.33E-08 time=39.624
After sweep 7 energy=-8.661553  maxlinkdim=701 maxerr=2.65E-08 time=43.202
After sweep 8 energy=-8.772465  maxlinkdim=946 maxerr=1.81E-08 time=60.603
After sweep 9 energy=-8.844183  maxlinkdim=1000 maxerr=1.63E-08 time=92.275
After sweep 10 energy=-8.90232  maxlinkdim=1000 maxerr=1.45E-07 time=120.391
After sweep 11 energy=-9.014295  maxlinkdim=1000 maxerr=4.74E-08 time=151.202
After sweep 12 energy=-9.112635  maxlinkdim=1000 maxerr=2.44E-07 time=175.020
After sweep 13 energy=-9.151784  maxlinkdim=1000 maxerr=1.72E-08 time=185.291
After sweep 14 energy=-9.160936  maxlinkdim=1000 maxerr=2.91E-08 time=198.733
After sweep 15 energy=-9.163429  maxlinkdim=1000 maxerr=6.02E-08 time=221.878
After sweep 16 energy=-9.163711  maxlinkdim=1000 maxerr=1.82E-08 time=233.558
After sweep 17 energy=-9.163809  maxlinkdim=1000 maxerr=5.77E-08 time=238.190
After sweep 18 energy=-9.163869  maxlinkdim=1000 maxerr=3.51E-08 time=250.669
After sweep 19 energy=-9.163776  maxlinkdim=1000 maxerr=2.38E-08 time=251.965
After sweep 20 energy=-9.163834  maxlinkdim=1000 maxerr=3.32E-08 time=251.813
After sweep 21 energy=-9.163847  maxlinkdim=1000 maxerr=2.25E-08 time=251.897
After sweep 22 energy=-9.163767  maxlinkdim=1000 maxerr=2.87E-08 time=252.102
After sweep 23 energy=-9.163739  maxlinkdim=1000 maxerr=2.59E-08 time=251.908
After sweep 24 energy=-9.1638365  maxlinkdim=1000 maxerr=2.18E-08 time=254.157
After sweep 25 energy=-9.163795  maxlinkdim=1000 maxerr=7.45E-08 time=251.576
After sweep 26 energy=-9.163795  maxlinkdim=1000 maxerr=2.59E-08 time=252.178
After sweep 27 energy=-9.163792  maxlinkdim=1000 maxerr=9.51E-08 time=252.108
After sweep 28 energy=-9.163843  maxlinkdim=1000 maxerr=1.54E-07 time=250.698
After sweep 29 energy=-9.163804  maxlinkdim=1000 maxerr=1.15E-07 time=252.084
After sweep 30 energy=-9.163814  maxlinkdim=1000 maxerr=1.30E-07 time=252.321
Same mu: -2.5622001802115957 and continuing
Target density achieved with mu=-2.5622001802115957, n=0.49999994
Checking {alpha,beta} vs measured
Alpha not converged.
NOT CONVERGED; updating alpha, beta and continuing...
After sweep 1 energy=1.3276107  maxlinkdim=10 maxerr=4.20E-03 time=1.239
After sweep 2 energy=-5.7774606  maxlinkdim=20 maxerr=1.39E-04 time=1.596
After sweep 3 energy=-7.497965  maxlinkdim=100 maxerr=1.55E-06 time=2.792
After sweep 4 energy=-8.104768  maxlinkdim=708 maxerr=1.00E-10 time=31.306
After sweep 5 energy=-8.518966  maxlinkdim=673 maxerr=1.02E-07 time=54.192
After sweep 6 energy=-8.803724  maxlinkdim=843 maxerr=5.87E-08 time=46.512
After sweep 7 energy=-8.976849  maxlinkdim=1000 maxerr=1.41E-08 time=65.223
After sweep 8 energy=-9.070055  maxlinkdim=1000 maxerr=6.34E-08 time=78.427
After sweep 9 energy=-9.120374  maxlinkdim=1000 maxerr=1.57E-08 time=90.815
After sweep 10 energy=-9.147584  maxlinkdim=1000 maxerr=1.43E-08 time=113.549
After sweep 11 energy=-9.159033  maxlinkdim=1000 maxerr=1.31E-08 time=140.398
After sweep 12 energy=-9.162561  maxlinkdim=1000 maxerr=2.04E-08 time=158.231
After sweep 13 energy=-9.163725  maxlinkdim=1000 maxerr=1.86E-07 time=182.986
After sweep 14 energy=-9.163817  maxlinkdim=1000 maxerr=1.05E-07 time=221.051
After sweep 15 energy=-9.163756  maxlinkdim=1000 maxerr=3.51E-08 time=232.413
After sweep 16 energy=-9.163853  maxlinkdim=1000 maxerr=7.34E-08 time=248.241
After sweep 17 energy=-9.163715  maxlinkdim=1000 maxerr=3.72E-08 time=251.942
After sweep 18 energy=-9.163778  maxlinkdim=1000 maxerr=3.99E-10 time=252.692
After sweep 19 energy=-9.163763  maxlinkdim=1000 maxerr=2.43E-08 time=251.618
After sweep 20 energy=-9.163786  maxlinkdim=1000 maxerr=1.82E-08 time=254.712
After sweep 21 energy=-9.163734  maxlinkdim=1000 maxerr=8.94E-09 time=252.117
After sweep 22 energy=-9.163798  maxlinkdim=1000 maxerr=2.79E-08 time=252.335
After sweep 23 energy=-9.163801  maxlinkdim=1000 maxerr=1.17E-07 time=251.235
After sweep 24 energy=-9.163716  maxlinkdim=1000 maxerr=4.28E-08 time=251.785
After sweep 25 energy=-9.163718  maxlinkdim=1000 maxerr=3.68E-10 time=254.213
After sweep 26 energy=-9.163762  maxlinkdim=1000 maxerr=1.83E-08 time=251.961
After sweep 27 energy=-9.163777  maxlinkdim=1000 maxerr=3.79E-10 time=251.615
After sweep 28 energy=-9.163746  maxlinkdim=1000 maxerr=2.11E-08 time=251.811
After sweep 29 energy=-9.163759  maxlinkdim=1000 maxerr=1.92E-08 time=252.260
After sweep 30 energy=-9.16378  maxlinkdim=1000 maxerr=3.38E-08 time=253.830
Same mu: -2.5622001802115957 and continuing
Target density achieved with mu=-2.5622001802115957, n=0.49999914
Checking {alpha,beta} vs measured
Alpha not converged.
NOT CONVERGED; updating alpha, beta and continuing...
After sweep 1 energy=1.1092397  maxlinkdim=10 maxerr=5.66E-03 time=1.387
After sweep 2 energy=-5.905608  maxlinkdim=20 maxerr=1.21E-04 time=1.539
After sweep 3 energy=-7.712349  maxlinkdim=100 maxerr=9.32E-07 time=2.631
After sweep 4 energy=-8.262108  maxlinkdim=699 maxerr=1.00E-10 time=34.354
After sweep 5 energy=-8.621268  maxlinkdim=654 maxerr=2.26E-09 time=53.186
After sweep 6 energy=-8.833341  maxlinkdim=550 maxerr=7.09E-08 time=37.770
After sweep 7 energy=-8.975374  maxlinkdim=620 maxerr=1.09E-07 time=37.895
After sweep 8 energy=-9.070051  maxlinkdim=1000 maxerr=1.19E-07 time=47.008
After sweep 9 energy=-9.12111  maxlinkdim=1000 maxerr=9.55E-08 time=65.001
After sweep 10 energy=-9.148782  maxlinkdim=1000 maxerr=3.50E-08 time=85.174
After sweep 11 energy=-9.161137  maxlinkdim=1000 maxerr=1.14E-07 time=143.612
After sweep 12 energy=-9.16335  maxlinkdim=1000 maxerr=6.77E-08 time=186.918
After sweep 13 energy=-9.163754  maxlinkdim=1000 maxerr=4.97E-08 time=189.627
After sweep 14 energy=-9.163826  maxlinkdim=1000 maxerr=4.08E-08 time=220.223
After sweep 15 energy=-9.163803  maxlinkdim=1000 maxerr=5.48E-08 time=248.209
After sweep 16 energy=-9.163802  maxlinkdim=1000 maxerr=2.28E-08 time=252.052
After sweep 17 energy=-9.163807  maxlinkdim=1000 maxerr=2.46E-08 time=251.759
After sweep 18 energy=-9.163808  maxlinkdim=1000 maxerr=9.34E-09 time=251.377
After sweep 19 energy=-9.163806  maxlinkdim=1000 maxerr=3.89E-08 time=251.863
After sweep 20 energy=-9.163779  maxlinkdim=1000 maxerr=1.44E-08 time=251.939
After sweep 21 energy=-9.163769  maxlinkdim=1000 maxerr=5.16E-09 time=251.445
After sweep 22 energy=-9.163722  maxlinkdim=1000 maxerr=1.22E-08 time=251.742
After sweep 23 energy=-9.163744  maxlinkdim=1000 maxerr=6.34E-08 time=252.317
After sweep 24 energy=-9.163788  maxlinkdim=1000 maxerr=6.02E-08 time=251.547
After sweep 25 energy=-9.163801  maxlinkdim=1000 maxerr=2.18E-08 time=251.801
After sweep 26 energy=-9.163782  maxlinkdim=1000 maxerr=2.13E-08 time=251.933
After sweep 27 energy=-9.163802  maxlinkdim=1000 maxerr=7.85E-09 time=252.187
After sweep 28 energy=-9.163854  maxlinkdim=1000 maxerr=2.73E-08 time=251.705
After sweep 29 energy=-9.163788  maxlinkdim=1000 maxerr=4.15E-09 time=252.007
After sweep 30 energy=-9.163735  maxlinkdim=1000 maxerr=3.33E-08 time=252.003
Same mu: -2.5622001802115957 and continuing
Target density achieved with mu=-2.5622001802115957, n=0.49999857
Checking {alpha,beta} vs measured
Alpha not converged.
NOT CONVERGED; updating alpha, beta and continuing...
After sweep 1 energy=1.7704434  maxlinkdim=10 maxerr=8.02E-03 time=1.379
After sweep 2 energy=-6.017336  maxlinkdim=20 maxerr=3.11E-04 time=1.535
After sweep 3 energy=-8.128383  maxlinkdim=100 maxerr=2.01E-05 time=2.621
After sweep 4 energy=-8.691238  maxlinkdim=957 maxerr=1.00E-10 time=49.659
After sweep 5 energy=-8.928857  maxlinkdim=757 maxerr=7.35E-08 time=75.627
After sweep 6 energy=-9.046891  maxlinkdim=802 maxerr=1.13E-08 time=51.122
After sweep 7 energy=-9.115772  maxlinkdim=834 maxerr=4.50E-08 time=61.557
After sweep 8 energy=-9.14816  maxlinkdim=1000 maxerr=2.03E-08 time=87.763
After sweep 9 energy=-9.1607275  maxlinkdim=1000 maxerr=5.56E-08 time=138.613
After sweep 10 energy=-9.163295  maxlinkdim=1000 maxerr=6.21E-08 time=187.507
After sweep 11 energy=-9.163793  maxlinkdim=1000 maxerr=2.52E-08 time=209.112
After sweep 12 energy=-9.163804  maxlinkdim=1000 maxerr=8.45E-08 time=226.766
After sweep 13 energy=-9.1637745  maxlinkdim=1000 maxerr=1.25E-08 time=247.233
After sweep 14 energy=-9.16377  maxlinkdim=1000 maxerr=3.76E-08 time=251.716
After sweep 15 energy=-9.163771  maxlinkdim=1000 maxerr=2.08E-08 time=251.851
After sweep 16 energy=-9.1637535  maxlinkdim=1000 maxerr=3.14E-08 time=252.386
After sweep 17 energy=-9.163771  maxlinkdim=1000 maxerr=4.70E-08 time=251.607
After sweep 18 energy=-9.163761  maxlinkdim=1000 maxerr=5.47E-08 time=252.048
After sweep 19 energy=-9.163766  maxlinkdim=1000 maxerr=7.33E-08 time=251.939
After sweep 20 energy=-9.163704  maxlinkdim=1000 maxerr=3.88E-10 time=252.694
After sweep 21 energy=-9.163791  maxlinkdim=1000 maxerr=4.25E-08 time=251.577
After sweep 22 energy=-9.163755  maxlinkdim=1000 maxerr=3.02E-08 time=252.146
After sweep 23 energy=-9.163763  maxlinkdim=1000 maxerr=5.80E-08 time=252.307
After sweep 24 energy=-9.163727  maxlinkdim=1000 maxerr=1.85E-07 time=251.149
After sweep 25 energy=-9.163766  maxlinkdim=1000 maxerr=1.98E-07 time=251.473
After sweep 26 energy=-9.163803  maxlinkdim=1000 maxerr=3.76E-10 time=254.304
After sweep 27 energy=-9.163792  maxlinkdim=1000 maxerr=1.44E-07 time=251.562
After sweep 28 energy=-9.163761  maxlinkdim=1000 maxerr=6.25E-09 time=252.210
After sweep 29 energy=-9.16377  maxlinkdim=1000 maxerr=3.73E-08 time=251.576
After sweep 30 energy=-9.163771  maxlinkdim=1000 maxerr=3.13E-08 time=251.537
Same mu: -2.5622001802115957 and continuing
Target density achieved with mu=-2.5622001802115957, n=0.49999893
Checking {alpha,beta} vs measured
Converged {alpha,beta}. mu=-2.5622001802115957, n=0.49999893
Exiting loop
After sweep 1 energy=4.269183103998945  maxlinkdim=10 maxerr=6.93E-03 time=28.301
After sweep 2 energy=-5.6382883557215  maxlinkdim=20 maxerr=6.70E-04 time=2.295
After sweep 3 energy=-7.17433988862155  maxlinkdim=100 maxerr=2.60E-06 time=3.679
After sweep 4 energy=-8.028232360604822  maxlinkdim=762 maxerr=1.00E-10 time=34.370
After sweep 5 energy=-8.577544806847726  maxlinkdim=913 maxerr=1.00E-10 time=106.301
After sweep 6 energy=-8.833249176690781  maxlinkdim=957 maxerr=1.00E-10 time=160.528
After sweep 7 energy=-8.902972385606352  maxlinkdim=995 maxerr=1.00E-10 time=184.979
After sweep 8 energy=-8.935515671349691  maxlinkdim=1000 maxerr=2.11E-10 time=221.440
After sweep 9 energy=-8.955262912112138  maxlinkdim=1000 maxerr=4.18E-10 time=256.380
After sweep 10 energy=-8.96846910783047  maxlinkdim=1000 maxerr=8.78E-10 time=287.447
After sweep 11 energy=-8.976497775836005  maxlinkdim=1000 maxerr=5.20E-08 time=323.649
After sweep 12 energy=-8.980836878069992  maxlinkdim=1000 maxerr=1.06E-08 time=330.831
After sweep 13 energy=-8.983112751222897  maxlinkdim=1000 maxerr=8.40E-08 time=329.880
After sweep 14 energy=-8.983799953136822  maxlinkdim=1000 maxerr=1.50E-08 time=330.102
After sweep 15 energy=-8.984235025377771  maxlinkdim=1000 maxerr=5.08E-08 time=327.160
After sweep 16 energy=-8.984495031246707  maxlinkdim=1000 maxerr=3.66E-08 time=330.716
After sweep 17 energy=-8.984641843277602  maxlinkdim=1000 maxerr=8.30E-08 time=332.200
After sweep 18 energy=-8.984726839121274  maxlinkdim=1000 maxerr=4.40E-08 time=329.743
After sweep 19 energy=-8.984775751121806  maxlinkdim=1000 maxerr=1.50E-08 time=332.095
After sweep 20 energy=-8.984805102936532  maxlinkdim=1000 maxerr=1.47E-08 time=327.233
After sweep 21 energy=-8.984823574800492  maxlinkdim=1000 maxerr=2.47E-08 time=330.304
After sweep 22 energy=-8.984835451837712  maxlinkdim=1000 maxerr=1.42E-08 time=330.992
After sweep 23 energy=-8.98484239900347  maxlinkdim=1000 maxerr=1.30E-08 time=331.040
After sweep 24 energy=-8.98484576765023  maxlinkdim=1000 maxerr=9.30E-09 time=329.972
After sweep 25 energy=-8.984847594609638  maxlinkdim=1000 maxerr=9.00E-09 time=333.483
After sweep 26 energy=-8.984848573630364  maxlinkdim=1000 maxerr=8.19E-09 time=327.156
After sweep 27 energy=-8.984849075358653  maxlinkdim=1000 maxerr=7.41E-09 time=334.351
After sweep 28 energy=-8.984849383952156  maxlinkdim=1000 maxerr=7.03E-09 time=329.793
After sweep 29 energy=-8.984849554539949  maxlinkdim=1000 maxerr=6.84E-09 time=327.854
After sweep 30 energy=-8.98484965522259  maxlinkdim=1000 maxerr=6.69E-09 time=331.324
Calculation finished. Saving results to results_L_64_U_-4.0_t0_0.15_t_p_0.15_chi_1000_gpu.h5
Run completed successfully!
