Calculating pair binding energy for ladder
L=64, U=8.0, V=0.0, t0=0.4, density=0.9375
============================================================
Pair binding energy for Hubbard ladder
L = 64 rungs, 128 sites
U = 8.0, V = 0.0, t = 1.0, t0 = 0.4, density = 0.9375
N_base = 120
============================================================

[1/3] Computing E(N-2=118)
  Initial state: 118 particles (59 up, 59 dn)
After sweep 1 energy=-35.16225376444434  maxlinkdim=20 maxerr=1.23E-03 time=48.417
After sweep 2 energy=-46.813394895885075  maxlinkdim=50 maxerr=1.41E-04 time=30.382
After sweep 3 energy=-51.2324180088865  maxlinkdim=100 maxerr=4.67E-05 time=43.157
After sweep 4 energy=-52.318437430509356  maxlinkdim=200 maxerr=4.08E-07 time=62.674
After sweep 5 energy=-53.11543204192968  maxlinkdim=807 maxerr=1.00E-10 time=78.970
After sweep 6 energy=-54.028568871854446  maxlinkdim=1000 maxerr=9.81E-10 time=108.182
After sweep 7 energy=-54.98957409053421  maxlinkdim=1000 maxerr=1.44E-07 time=123.138
After sweep 8 energy=-55.57750027142588  maxlinkdim=1000 maxerr=1.79E-08 time=137.312
After sweep 9 energy=-55.89857658415859  maxlinkdim=1000 maxerr=7.26E-09 time=141.809
After sweep 10 energy=-56.217696454499425  maxlinkdim=1000 maxerr=3.53E-08 time=149.328
After sweep 11 energy=-56.467592642642934  maxlinkdim=1000 maxerr=1.99E-08 time=155.024
After sweep 12 energy=-56.6889388578149  maxlinkdim=1000 maxerr=1.92E-08 time=153.295
After sweep 13 energy=-56.91126490371145  maxlinkdim=1000 maxerr=3.19E-08 time=160.912
After sweep 14 energy=-57.13548239798241  maxlinkdim=1000 maxerr=6.67E-08 time=168.457
After sweep 15 energy=-57.38334649143428  maxlinkdim=1000 maxerr=8.69E-08 time=173.557
After sweep 16 energy=-57.52711607399199  maxlinkdim=1000 maxerr=1.35E-07 time=178.826
After sweep 17 energy=-57.656683997026384  maxlinkdim=1000 maxerr=4.91E-08 time=176.438
After sweep 18 energy=-57.805813542465756  maxlinkdim=1000 maxerr=3.64E-07 time=171.838
After sweep 19 energy=-57.934886811028846  maxlinkdim=1000 maxerr=1.72E-07 time=177.844
After sweep 20 energy=-58.054561425969  maxlinkdim=1000 maxerr=1.43E-07 time=180.985
After sweep 21 energy=-58.154425317553546  maxlinkdim=1000 maxerr=1.39E-07 time=177.571
After sweep 22 energy=-58.254932040788766  maxlinkdim=1000 maxerr=2.22E-07 time=173.479
After sweep 23 energy=-58.3382854952409  maxlinkdim=1000 maxerr=1.67E-07 time=176.021
After sweep 24 energy=-58.41511227668269  maxlinkdim=1000 maxerr=1.74E-07 time=177.518
After sweep 25 energy=-58.51111966193977  maxlinkdim=1000 maxerr=4.44E-07 time=179.049
After sweep 26 energy=-58.59358560842518  maxlinkdim=1000 maxerr=3.47E-07 time=175.666
After sweep 27 energy=-58.65469222848199  maxlinkdim=1000 maxerr=2.47E-07 time=174.334
After sweep 28 energy=-58.71508314983226  maxlinkdim=1000 maxerr=3.78E-07 time=181.833
After sweep 29 energy=-58.78051381701886  maxlinkdim=1000 maxerr=2.23E-06 time=189.206
After sweep 30 energy=-58.9012562245332  maxlinkdim=1000 maxerr=9.54E-06 time=186.197
After sweep 31 energy=-59.006964176489504  maxlinkdim=1000 maxerr=6.29E-06 time=186.720
After sweep 32 energy=-59.10359333479577  maxlinkdim=1000 maxerr=6.79E-06 time=182.497
After sweep 33 energy=-59.20225339471072  maxlinkdim=1000 maxerr=3.25E-05 time=188.188
After sweep 34 energy=-59.28618555495624  maxlinkdim=1000 maxerr=1.00E-05 time=186.293
After sweep 35 energy=-59.36504636427187  maxlinkdim=1000 maxerr=6.61E-06 time=188.626
After sweep 36 energy=-59.43963978285962  maxlinkdim=1000 maxerr=2.28E-05 time=185.959
After sweep 37 energy=-59.493877794606846  maxlinkdim=1000 maxerr=6.36E-06 time=182.586
After sweep 38 energy=-59.57215751161905  maxlinkdim=1000 maxerr=2.84E-05 time=177.498
After sweep 39 energy=-59.62880116605611  maxlinkdim=1000 maxerr=1.12E-05 time=178.960
After sweep 40 energy=-59.66854950657767  maxlinkdim=1000 maxerr=9.38E-06 time=179.914
After sweep 41 energy=-59.70053910105929  maxlinkdim=1000 maxerr=1.33E-05 time=182.984
After sweep 42 energy=-59.72808019898044  maxlinkdim=1000 maxerr=2.04E-05 time=180.675
After sweep 43 energy=-59.75124466313065  maxlinkdim=1000 maxerr=1.67E-05 time=175.449
After sweep 44 energy=-59.770079073825286  maxlinkdim=1000 maxerr=1.29E-05 time=183.153
After sweep 45 energy=-59.78535746174499  maxlinkdim=1000 maxerr=1.65E-05 time=185.421
After sweep 46 energy=-59.80281011248825  maxlinkdim=1000 maxerr=1.31E-05 time=180.897
After sweep 47 energy=-59.818950469163084  maxlinkdim=1000 maxerr=1.25E-05 time=182.555
After sweep 48 energy=-59.826828611614566  maxlinkdim=1000 maxerr=1.09E-05 time=180.082
After sweep 49 energy=-59.83080227740132  maxlinkdim=1000 maxerr=1.04E-05 time=181.591
After sweep 50 energy=-59.83282758323366  maxlinkdim=1000 maxerr=9.23E-06 time=177.936
After sweep 51 energy=-59.83385114435623  maxlinkdim=1000 maxerr=8.76E-06 time=181.110
After sweep 52 energy=-59.83437883223103  maxlinkdim=1000 maxerr=8.65E-06 time=179.710
After sweep 53 energy=-59.83466654318821  maxlinkdim=1000 maxerr=8.64E-06 time=178.879
After sweep 54 energy=-59.834829485727674  maxlinkdim=1000 maxerr=8.62E-06 time=175.191
After sweep 55 energy=-59.83492491583508  maxlinkdim=1000 maxerr=8.52E-06 time=179.975
After sweep 56 energy=-59.83498242474511  maxlinkdim=1000 maxerr=8.65E-06 time=179.821
After sweep 57 energy=-59.83501004733696  maxlinkdim=1000 maxerr=8.67E-06 time=180.968
After sweep 58 energy=-59.83503358639091  maxlinkdim=1000 maxerr=8.51E-06 time=183.735
After sweep 59 energy=-59.835046848162214  maxlinkdim=1000 maxerr=8.48E-06 time=182.537
After sweep 60 energy=-59.8350561133198  maxlinkdim=1000 maxerr=8.45E-06 time=182.175
After sweep 61 energy=-59.83506611386774  maxlinkdim=1000 maxerr=8.45E-06 time=179.717
After sweep 62 energy=-59.835070024741285  maxlinkdim=1000 maxerr=8.44E-06 time=175.382
After sweep 63 energy=-59.83507789252219  maxlinkdim=1000 maxerr=8.44E-06 time=181.219
After sweep 64 energy=-59.83507863379478  maxlinkdim=1000 maxerr=8.44E-06 time=175.082
After sweep 65 energy=-59.83508094945992  maxlinkdim=1000 maxerr=8.44E-06 time=177.377
After sweep 66 energy=-59.835083729224785  maxlinkdim=1000 maxerr=8.44E-06 time=175.232
After sweep 67 energy=-59.83508476034001  maxlinkdim=1000 maxerr=8.43E-06 time=174.088
After sweep 68 energy=-59.83508570602215  maxlinkdim=1000 maxerr=8.44E-06 time=182.095
After sweep 69 energy=-59.8350870940929  maxlinkdim=1000 maxerr=8.44E-06 time=184.599
After sweep 70 energy=-59.83508912745028  maxlinkdim=1000 maxerr=8.44E-06 time=178.395
After sweep 71 energy=-59.83508908170036  maxlinkdim=1000 maxerr=8.43E-06 time=180.341
After sweep 72 energy=-59.83509180889098  maxlinkdim=1000 maxerr=8.43E-06 time=177.006
After sweep 73 energy=-59.835091667625456  maxlinkdim=1000 maxerr=8.43E-06 time=185.232
After sweep 74 energy=-59.835091656363744  maxlinkdim=1000 maxerr=8.44E-06 time=184.767
After sweep 75 energy=-59.83509148839259  maxlinkdim=1000 maxerr=8.44E-06 time=181.508
After sweep 76 energy=-59.83509119528507  maxlinkdim=1000 maxerr=8.44E-06 time=185.361
After sweep 77 energy=-59.835091087628285  maxlinkdim=1000 maxerr=8.44E-06 time=189.425
After sweep 78 energy=-59.835092430741824  maxlinkdim=1000 maxerr=8.43E-06 time=189.462
After sweep 79 energy=-59.835092654706585  maxlinkdim=1000 maxerr=8.44E-06 time=181.993
After sweep 80 energy=-59.83509353079285  maxlinkdim=1000 maxerr=8.45E-06 time=179.208
After sweep 81 energy=-59.83509435839343  maxlinkdim=1000 maxerr=8.46E-06 time=182.575
After sweep 82 energy=-59.835094532380396  maxlinkdim=1000 maxerr=8.45E-06 time=179.066
After sweep 83 energy=-59.83509556312608  maxlinkdim=1000 maxerr=8.45E-06 time=180.120
After sweep 84 energy=-59.835096010208126  maxlinkdim=1000 maxerr=8.45E-06 time=180.140
After sweep 85 energy=-59.835095687951465  maxlinkdim=1000 maxerr=8.45E-06 time=176.286
After sweep 86 energy=-59.83509610780372  maxlinkdim=1000 maxerr=8.45E-06 time=175.671
After sweep 87 energy=-59.835094959779745  maxlinkdim=1000 maxerr=8.45E-06 time=176.642
After sweep 88 energy=-59.83509627313023  maxlinkdim=1000 maxerr=8.45E-06 time=174.228
After sweep 89 energy=-59.83509593455535  maxlinkdim=1000 maxerr=8.45E-06 time=180.295
After sweep 90 energy=-59.83509591354885  maxlinkdim=1000 maxerr=8.45E-06 time=181.340
After sweep 91 energy=-59.83509617876703  maxlinkdim=1000 maxerr=8.45E-06 time=180.977
After sweep 92 energy=-59.8350966762856  maxlinkdim=1000 maxerr=8.45E-06 time=174.143
After sweep 93 energy=-59.83509572206144  maxlinkdim=1000 maxerr=8.45E-06 time=175.144
After sweep 94 energy=-59.835096128722945  maxlinkdim=1000 maxerr=8.45E-06 time=176.618
After sweep 95 energy=-59.83509633800353  maxlinkdim=1000 maxerr=8.45E-06 time=179.643
After sweep 96 energy=-59.83509678072595  maxlinkdim=1000 maxerr=8.45E-06 time=186.581
After sweep 97 energy=-59.83509685317017  maxlinkdim=1000 maxerr=8.45E-06 time=181.774
After sweep 98 energy=-59.835097059411744  maxlinkdim=1000 maxerr=8.45E-06 time=173.724
After sweep 99 energy=-59.835097207521876  maxlinkdim=1000 maxerr=8.45E-06 time=174.226
After sweep 100 energy=-59.83509724145579  maxlinkdim=1000 maxerr=8.45E-06 time=174.886
  E(N-2) = -59.83509724145579

[2/3] Computing E(N-1=119)
  Initial state: 119 particles (60 up, 59 dn)
After sweep 1 energy=-35.15053786629976  maxlinkdim=20 maxerr=1.09E-03 time=10.940
After sweep 2 energy=-46.89620866600189  maxlinkdim=50 maxerr=3.00E-04 time=25.558
After sweep 3 energy=-51.004116251844685  maxlinkdim=100 maxerr=8.55E-05 time=39.612
After sweep 4 energy=-52.04210656755052  maxlinkdim=200 maxerr=1.36E-06 time=59.477
After sweep 5 energy=-52.82881207190858  maxlinkdim=943 maxerr=1.00E-10 time=71.954
After sweep 6 energy=-53.408946762441715  maxlinkdim=1000 maxerr=9.56E-10 time=93.332
After sweep 7 energy=-53.885244026759494  maxlinkdim=1000 maxerr=2.17E-09 time=101.543
After sweep 8 energy=-54.36154271245612  maxlinkdim=1000 maxerr=7.46E-09 time=109.335
After sweep 9 energy=-55.007541500077245  maxlinkdim=1000 maxerr=3.10E-07 time=124.058
After sweep 10 energy=-55.33105595552714  maxlinkdim=1000 maxerr=5.74E-08 time=151.169
After sweep 11 energy=-55.54292529398737  maxlinkdim=1000 maxerr=4.53E-08 time=156.263
After sweep 12 energy=-55.72419932240422  maxlinkdim=1000 maxerr=4.31E-08 time=151.952
After sweep 13 energy=-55.902429551476665  maxlinkdim=1000 maxerr=5.36E-08 time=157.711
After sweep 14 energy=-56.168826408370236  maxlinkdim=1000 maxerr=3.15E-07 time=162.290
After sweep 15 energy=-56.30158598569617  maxlinkdim=1000 maxerr=1.75E-07 time=168.601
After sweep 16 energy=-56.421621335689046  maxlinkdim=1000 maxerr=1.71E-07 time=168.432
After sweep 17 energy=-56.543787452926125  maxlinkdim=1000 maxerr=4.78E-07 time=172.022
After sweep 18 energy=-56.628568116671374  maxlinkdim=1000 maxerr=1.01E-07 time=166.708
After sweep 19 energy=-56.71876037369779  maxlinkdim=1000 maxerr=2.93E-07 time=165.230
After sweep 20 energy=-56.795881841324224  maxlinkdim=1000 maxerr=2.36E-07 time=170.192
After sweep 21 energy=-56.87514958771247  maxlinkdim=1000 maxerr=4.33E-07 time=167.000
After sweep 22 energy=-57.04348574331801  maxlinkdim=1000 maxerr=6.53E-06 time=172.120
After sweep 23 energy=-57.13019637715832  maxlinkdim=1000 maxerr=4.36E-06 time=182.971
After sweep 24 energy=-57.18721016871778  maxlinkdim=1000 maxerr=1.87E-06 time=175.184
After sweep 25 energy=-57.229537432019576  maxlinkdim=1000 maxerr=2.15E-07 time=176.509
After sweep 26 energy=-57.27445924077327  maxlinkdim=1000 maxerr=3.48E-07 time=173.278
After sweep 27 energy=-57.348982306933124  maxlinkdim=1000 maxerr=1.61E-05 time=176.150
After sweep 28 energy=-57.4707552656422  maxlinkdim=1000 maxerr=1.36E-05 time=177.473
After sweep 29 energy=-57.555181839635004  maxlinkdim=1000 maxerr=1.37E-05 time=177.053
After sweep 30 energy=-57.61962311047137  maxlinkdim=1000 maxerr=1.89E-05 time=174.168
After sweep 31 energy=-57.67486457746075  maxlinkdim=1000 maxerr=1.72E-05 time=182.361
After sweep 32 energy=-57.72334186855078  maxlinkdim=1000 maxerr=1.79E-05 time=177.375
After sweep 33 energy=-57.76394188416787  maxlinkdim=1000 maxerr=1.73E-05 time=182.842
After sweep 34 energy=-57.80417277084696  maxlinkdim=1000 maxerr=1.78E-05 time=183.435
After sweep 35 energy=-57.83863128473655  maxlinkdim=1000 maxerr=2.08E-05 time=177.840
After sweep 36 energy=-57.86987998900038  maxlinkdim=1000 maxerr=1.48E-05 time=175.812
After sweep 37 energy=-57.904691527516654  maxlinkdim=1000 maxerr=1.41E-05 time=180.034
After sweep 38 energy=-57.93986110389005  maxlinkdim=1000 maxerr=1.62E-05 time=178.135
After sweep 39 energy=-57.97291614169695  maxlinkdim=1000 maxerr=1.69E-05 time=179.677
After sweep 40 energy=-58.00424596515037  maxlinkdim=1000 maxerr=2.01E-05 time=178.057
After sweep 41 energy=-58.03413959242757  maxlinkdim=1000 maxerr=2.48E-05 time=172.982
After sweep 42 energy=-58.06315692535582  maxlinkdim=1000 maxerr=1.94E-05 time=175.590
After sweep 43 energy=-58.09145826452516  maxlinkdim=1000 maxerr=1.85E-05 time=175.386
After sweep 44 energy=-58.115013661191185  maxlinkdim=1000 maxerr=1.53E-05 time=176.914
After sweep 45 energy=-58.1339298368965  maxlinkdim=1000 maxerr=1.08E-05 time=177.008
After sweep 46 energy=-58.15091438165138  maxlinkdim=1000 maxerr=1.15E-05 time=178.759
After sweep 47 energy=-58.165790969636646  maxlinkdim=1000 maxerr=1.42E-05 time=174.720
After sweep 48 energy=-58.17720826366122  maxlinkdim=1000 maxerr=1.16E-05 time=176.925
After sweep 49 energy=-58.18640906019641  maxlinkdim=1000 maxerr=9.69E-06 time=176.772
After sweep 50 energy=-58.19384787349033  maxlinkdim=1000 maxerr=1.05E-05 time=181.054
After sweep 51 energy=-58.20221026316962  maxlinkdim=1000 maxerr=1.14E-05 time=182.704
After sweep 52 energy=-58.206332562588955  maxlinkdim=1000 maxerr=1.03E-05 time=178.108
After sweep 53 energy=-58.20849570115814  maxlinkdim=1000 maxerr=8.39E-06 time=174.017
After sweep 54 energy=-58.20962702385727  maxlinkdim=1000 maxerr=7.81E-06 time=177.647
After sweep 55 energy=-58.21025046494758  maxlinkdim=1000 maxerr=7.96E-06 time=181.817
After sweep 56 energy=-58.21059793843269  maxlinkdim=1000 maxerr=7.91E-06 time=182.532
After sweep 57 energy=-58.21079554267087  maxlinkdim=1000 maxerr=7.89E-06 time=180.202
After sweep 58 energy=-58.21091908238944  maxlinkdim=1000 maxerr=7.80E-06 time=179.369
After sweep 59 energy=-58.21098674000978  maxlinkdim=1000 maxerr=7.70E-06 time=189.729
After sweep 60 energy=-58.21103158024389  maxlinkdim=1000 maxerr=7.80E-06 time=186.615
After sweep 61 energy=-58.211063568901054  maxlinkdim=1000 maxerr=7.74E-06 time=182.930
After sweep 62 energy=-58.21108612128804  maxlinkdim=1000 maxerr=7.69E-06 time=186.917
After sweep 63 energy=-58.211101660937096  maxlinkdim=1000 maxerr=7.68E-06 time=187.342
After sweep 64 energy=-58.21111426593036  maxlinkdim=1000 maxerr=7.64E-06 time=184.700
After sweep 65 energy=-58.21111968710616  maxlinkdim=1000 maxerr=7.61E-06 time=184.880
After sweep 66 energy=-58.211125605934626  maxlinkdim=1000 maxerr=7.59E-06 time=180.834
After sweep 67 energy=-58.21112960075615  maxlinkdim=1000 maxerr=7.59E-06 time=179.880
After sweep 68 energy=-58.21113327833255  maxlinkdim=1000 maxerr=7.59E-06 time=182.127
After sweep 69 energy=-58.21113520732986  maxlinkdim=1000 maxerr=7.60E-06 time=182.198
After sweep 70 energy=-58.211137953055825  maxlinkdim=1000 maxerr=7.59E-06 time=184.764
After sweep 71 energy=-58.21113793881076  maxlinkdim=1000 maxerr=7.59E-06 time=184.661
After sweep 72 energy=-58.211140925627376  maxlinkdim=1000 maxerr=7.59E-06 time=185.753
After sweep 73 energy=-58.211140889412455  maxlinkdim=1000 maxerr=7.58E-06 time=183.253
After sweep 74 energy=-58.21114184451616  maxlinkdim=1000 maxerr=7.58E-06 time=186.602
After sweep 75 energy=-58.211141753426475  maxlinkdim=1000 maxerr=7.58E-06 time=176.265
After sweep 76 energy=-58.21114495847528  maxlinkdim=1000 maxerr=7.58E-06 time=179.774
After sweep 77 energy=-58.211143790942415  maxlinkdim=1000 maxerr=7.58E-06 time=185.744
After sweep 78 energy=-58.21114443216032  maxlinkdim=1000 maxerr=7.58E-06 time=182.505
After sweep 79 energy=-58.21114566919837  maxlinkdim=1000 maxerr=7.58E-06 time=177.716
After sweep 80 energy=-58.211145803403596  maxlinkdim=1000 maxerr=7.58E-06 time=181.291
After sweep 81 energy=-58.21114554573782  maxlinkdim=1000 maxerr=7.58E-06 time=180.429
After sweep 82 energy=-58.211145118337996  maxlinkdim=1000 maxerr=7.58E-06 time=187.087
After sweep 83 energy=-58.211145448997975  maxlinkdim=1000 maxerr=7.58E-06 time=180.278
After sweep 84 energy=-58.21114625965154  maxlinkdim=1000 maxerr=7.58E-06 time=180.323
After sweep 85 energy=-58.211145960589604  maxlinkdim=1000 maxerr=7.58E-06 time=176.017
After sweep 86 energy=-58.211147029928625  maxlinkdim=1000 maxerr=7.57E-06 time=175.973
After sweep 87 energy=-58.21114698123442  maxlinkdim=1000 maxerr=7.58E-06 time=174.661
After sweep 88 energy=-58.21114753899784  maxlinkdim=1000 maxerr=7.58E-06 time=175.544
After sweep 89 energy=-58.21114779876672  maxlinkdim=1000 maxerr=7.58E-06 time=171.623
After sweep 90 energy=-58.21114761848828  maxlinkdim=1000 maxerr=7.58E-06 time=175.920
After sweep 91 energy=-58.211147356305936  maxlinkdim=1000 maxerr=7.57E-06 time=179.658
After sweep 92 energy=-58.21114749099455  maxlinkdim=1000 maxerr=7.57E-06 time=184.568
After sweep 93 energy=-58.21114733400173  maxlinkdim=1000 maxerr=7.57E-06 time=190.256
After sweep 94 energy=-58.21114674505793  maxlinkdim=1000 maxerr=7.57E-06 time=189.952
After sweep 95 energy=-58.21114750152067  maxlinkdim=1000 maxerr=7.57E-06 time=182.623
After sweep 96 energy=-58.21114751284813  maxlinkdim=1000 maxerr=7.57E-06 time=181.829
After sweep 97 energy=-58.21114788799273  maxlinkdim=1000 maxerr=7.58E-06 time=183.226
After sweep 98 energy=-58.21114748279389  maxlinkdim=1000 maxerr=7.58E-06 time=184.078
After sweep 99 energy=-58.21114715142973  maxlinkdim=1000 maxerr=7.58E-06 time=180.718
After sweep 100 energy=-58.211147990494744  maxlinkdim=1000 maxerr=7.58E-06 time=181.384
  E(N-1) = -58.211147990494744

[3/3] Computing E(N=120)
  Initial state: 120 particles (60 up, 60 dn)
After sweep 1 energy=-35.63988530953487  maxlinkdim=20 maxerr=9.44E-04 time=11.232
After sweep 2 energy=-46.60573862243663  maxlinkdim=50 maxerr=1.49E-04 time=26.990
After sweep 3 energy=-50.58942383933619  maxlinkdim=100 maxerr=8.39E-05 time=40.562
After sweep 4 energy=-51.45787624404474  maxlinkdim=200 maxerr=1.62E-06 time=60.468
After sweep 5 energy=-52.1456915799291  maxlinkdim=895 maxerr=1.00E-10 time=75.393
After sweep 6 energy=-52.7099698973895  maxlinkdim=1000 maxerr=1.19E-09 time=96.963
After sweep 7 energy=-53.415258811883874  maxlinkdim=1000 maxerr=5.96E-07 time=107.844
After sweep 8 energy=-53.85474917055512  maxlinkdim=1000 maxerr=4.12E-08 time=118.868
After sweep 9 energy=-54.26401605726319  maxlinkdim=1000 maxerr=5.55E-07 time=134.833
After sweep 10 energy=-54.59642271027834  maxlinkdim=1000 maxerr=2.69E-07 time=149.755
After sweep 11 energy=-54.810802158238936  maxlinkdim=1000 maxerr=2.19E-07 time=155.454
After sweep 12 energy=-55.00380558290371  maxlinkdim=1000 maxerr=6.59E-07 time=158.737
After sweep 13 energy=-55.16774735652062  maxlinkdim=1000 maxerr=1.11E-06 time=162.655
After sweep 14 energy=-55.32341683219126  maxlinkdim=1000 maxerr=3.14E-06 time=161.004
After sweep 15 energy=-55.45003550742301  maxlinkdim=1000 maxerr=8.71E-06 time=164.940
After sweep 16 energy=-55.519865446176546  maxlinkdim=1000 maxerr=2.57E-05 time=173.263
After sweep 17 energy=-55.60298013873213  maxlinkdim=1000 maxerr=3.30E-05 time=180.027
After sweep 18 energy=-55.69658741510353  maxlinkdim=1000 maxerr=1.55E-05 time=186.945
After sweep 19 energy=-55.77065990229087  maxlinkdim=1000 maxerr=1.67E-05 time=185.701
After sweep 20 energy=-55.858796131264825  maxlinkdim=1000 maxerr=2.28E-05 time=180.659
After sweep 21 energy=-55.95031395446679  maxlinkdim=1000 maxerr=2.64E-05 time=180.680
After sweep 22 energy=-56.01208273600543  maxlinkdim=1000 maxerr=2.77E-05 time=177.570
After sweep 23 energy=-56.057425896638655  maxlinkdim=1000 maxerr=2.26E-05 time=178.892
After sweep 24 energy=-56.109761473181116  maxlinkdim=1000 maxerr=1.38E-05 time=174.032
After sweep 25 energy=-56.173497831055734  maxlinkdim=1000 maxerr=1.73E-05 time=173.039
After sweep 26 energy=-56.21723271312853  maxlinkdim=1000 maxerr=1.71E-05 time=172.370
After sweep 27 energy=-56.259702764697664  maxlinkdim=1000 maxerr=1.80E-05 time=173.434
After sweep 28 energy=-56.302374124292626  maxlinkdim=1000 maxerr=1.70E-05 time=174.427
After sweep 29 energy=-56.341134917117174  maxlinkdim=1000 maxerr=1.34E-05 time=170.808
After sweep 30 energy=-56.37776109972751  maxlinkdim=1000 maxerr=2.03E-05 time=173.778
After sweep 31 energy=-56.40770608588127  maxlinkdim=1000 maxerr=1.46E-05 time=171.154
After sweep 32 energy=-56.434210104475554  maxlinkdim=1000 maxerr=1.24E-05 time=173.713
After sweep 33 energy=-56.457562247886095  maxlinkdim=1000 maxerr=1.54E-05 time=184.809
After sweep 34 energy=-56.47856974792032  maxlinkdim=1000 maxerr=1.74E-05 time=187.227
After sweep 35 energy=-56.496304113194896  maxlinkdim=1000 maxerr=1.75E-05 time=180.148
After sweep 36 energy=-56.51118639413183  maxlinkdim=1000 maxerr=1.02E-05 time=181.025
After sweep 37 energy=-56.52707597871007  maxlinkdim=1000 maxerr=1.28E-05 time=179.050
After sweep 38 energy=-56.54213329242323  maxlinkdim=1000 maxerr=1.11E-05 time=180.935
After sweep 39 energy=-56.55283811095463  maxlinkdim=1000 maxerr=1.14E-05 time=185.766
After sweep 40 energy=-56.56097626689362  maxlinkdim=1000 maxerr=9.20E-06 time=180.456
After sweep 41 energy=-56.56658424664638  maxlinkdim=1000 maxerr=9.34E-06 time=181.837
After sweep 42 energy=-56.56988201557642  maxlinkdim=1000 maxerr=8.79E-06 time=183.205
After sweep 43 energy=-56.57180221405403  maxlinkdim=1000 maxerr=8.32E-06 time=181.062
After sweep 44 energy=-56.572849003487576  maxlinkdim=1000 maxerr=7.90E-06 time=178.100
After sweep 45 energy=-56.573429483317604  maxlinkdim=1000 maxerr=7.62E-06 time=177.730
After sweep 46 energy=-56.57375572019017  maxlinkdim=1000 maxerr=7.55E-06 time=179.089
After sweep 47 energy=-56.57393576831399  maxlinkdim=1000 maxerr=7.70E-06 time=181.011
After sweep 48 energy=-56.574039959427644  maxlinkdim=1000 maxerr=7.72E-06 time=184.166
After sweep 49 energy=-56.574114610294984  maxlinkdim=1000 maxerr=7.74E-06 time=180.632
After sweep 50 energy=-56.57416374856561  maxlinkdim=1000 maxerr=7.58E-06 time=178.225
After sweep 51 energy=-56.574193409176544  maxlinkdim=1000 maxerr=7.40E-06 time=178.955
After sweep 52 energy=-56.57421310194753  maxlinkdim=1000 maxerr=7.40E-06 time=177.511
After sweep 53 energy=-56.574229710589755  maxlinkdim=1000 maxerr=7.40E-06 time=185.451
After sweep 54 energy=-56.574238454480636  maxlinkdim=1000 maxerr=7.38E-06 time=184.596
After sweep 55 energy=-56.57424601534577  maxlinkdim=1000 maxerr=7.36E-06 time=186.754
After sweep 56 energy=-56.57425401780957  maxlinkdim=1000 maxerr=7.35E-06 time=189.723
After sweep 57 energy=-56.574259160007315  maxlinkdim=1000 maxerr=7.34E-06 time=187.068
After sweep 58 energy=-56.57426321106427  maxlinkdim=1000 maxerr=7.33E-06 time=190.432
After sweep 59 energy=-56.57426629440781  maxlinkdim=1000 maxerr=7.34E-06 time=187.289
After sweep 60 energy=-56.57426703217771  maxlinkdim=1000 maxerr=7.34E-06 time=176.527
After sweep 61 energy=-56.57426827349726  maxlinkdim=1000 maxerr=7.33E-06 time=179.452
After sweep 62 energy=-56.574269872775204  maxlinkdim=1000 maxerr=7.33E-06 time=179.364
After sweep 63 energy=-56.57427113941601  maxlinkdim=1000 maxerr=7.33E-06 time=176.165
After sweep 64 energy=-56.57427084025936  maxlinkdim=1000 maxerr=7.33E-06 time=179.425
After sweep 65 energy=-56.574272545793754  maxlinkdim=1000 maxerr=7.33E-06 time=169.327
After sweep 66 energy=-56.57427309431152  maxlinkdim=1000 maxerr=7.33E-06 time=177.270
After sweep 67 energy=-56.574273800219025  maxlinkdim=1000 maxerr=7.32E-06 time=187.078
After sweep 68 energy=-56.57427389326807  maxlinkdim=1000 maxerr=7.32E-06 time=184.250
After sweep 69 energy=-56.57427545934388  maxlinkdim=1000 maxerr=7.32E-06 time=183.255
After sweep 70 energy=-56.574274817820076  maxlinkdim=1000 maxerr=7.32E-06 time=186.157
After sweep 71 energy=-56.57427424206827  maxlinkdim=1000 maxerr=7.31E-06 time=183.924
After sweep 72 energy=-56.5742759516454  maxlinkdim=1000 maxerr=7.31E-06 time=181.954
After sweep 73 energy=-56.57427631057344  maxlinkdim=1000 maxerr=7.31E-06 time=182.577
After sweep 74 energy=-56.57427606415339  maxlinkdim=1000 maxerr=7.31E-06 time=183.733
After sweep 75 energy=-56.57427663272085  maxlinkdim=1000 maxerr=7.31E-06 time=186.015
After sweep 76 energy=-56.57427637313218  maxlinkdim=1000 maxerr=7.31E-06 time=185.876
After sweep 77 energy=-56.574275031122575  maxlinkdim=1000 maxerr=7.31E-06 time=187.399
After sweep 78 energy=-56.57427629440172  maxlinkdim=1000 maxerr=7.31E-06 time=190.182
After sweep 79 energy=-56.574275925909106  maxlinkdim=1000 maxerr=7.31E-06 time=188.926
After sweep 80 energy=-56.574276472834  maxlinkdim=1000 maxerr=7.31E-06 time=187.488
After sweep 81 energy=-56.57427665245403  maxlinkdim=1000 maxerr=7.31E-06 time=186.977
After sweep 82 energy=-56.57427661440053  maxlinkdim=1000 maxerr=7.31E-06 time=184.618
After sweep 83 energy=-56.57427641863421  maxlinkdim=1000 maxerr=7.31E-06 time=183.884
After sweep 84 energy=-56.57427675877303  maxlinkdim=1000 maxerr=7.31E-06 time=176.362
After sweep 85 energy=-56.57427652339134  maxlinkdim=1000 maxerr=7.31E-06 time=181.343
After sweep 86 energy=-56.57427682495985  maxlinkdim=1000 maxerr=7.31E-06 time=187.368
After sweep 87 energy=-56.57427662233832  maxlinkdim=1000 maxerr=7.31E-06 time=183.861
After sweep 88 energy=-56.57427656702768  maxlinkdim=1000 maxerr=7.31E-06 time=182.988
After sweep 89 energy=-56.57427656296435  maxlinkdim=1000 maxerr=7.31E-06 time=165.134
After sweep 90 energy=-56.57427663379724  maxlinkdim=1000 maxerr=7.31E-06 time=167.951
After sweep 91 energy=-56.57427564897402  maxlinkdim=1000 maxerr=7.31E-06 time=170.904
After sweep 92 energy=-56.574276689056795  maxlinkdim=1000 maxerr=7.31E-06 time=172.964
After sweep 93 energy=-56.574276804453845  maxlinkdim=1000 maxerr=7.31E-06 time=171.151
After sweep 94 energy=-56.57427653537967  maxlinkdim=1000 maxerr=7.31E-06 time=168.470
After sweep 95 energy=-56.574276568896735  maxlinkdim=1000 maxerr=7.31E-06 time=171.228
After sweep 96 energy=-56.574276645021115  maxlinkdim=1000 maxerr=7.31E-06 time=172.704
After sweep 97 energy=-56.57427674499732  maxlinkdim=1000 maxerr=7.30E-06 time=169.952
After sweep 98 energy=-56.574276620293226  maxlinkdim=1000 maxerr=7.31E-06 time=172.800
After sweep 99 energy=-56.57427655471642  maxlinkdim=1000 maxerr=7.31E-06 time=173.484
After sweep 100 energy=-56.57427701967468  maxlinkdim=1000 maxerr=7.31E-06 time=179.079
  E(N) = -56.57427701967468

============================================================
RESULTS:
  E(118) = -59.83509724145579
  E(119) = -58.211147990494744
  E(120)     = -56.57427701967468
  E_p = 0.01292172  (repulsive hole pairing)
============================================================
RESULT: E_p = 0.012921719859022573
E_p calculation completed
