outfile_name: results_L_64_U_8.0_t0_1.0_t_p_0.05_chi_1200_gpu.h5
[ Info:  started timer at: 2026-01-15T02:32:38.095
Starting fresh run
Running with t0=1.0 t_p=0.05 U=8.0 L=64 chi_max=1200 E_p=0.134 mu_init=1.67
After sweep 1 energy=-250.73985  maxlinkdim=10 maxerr=4.61E-03 time=30.297
After sweep 2 energy=-259.60672  maxlinkdim=20 maxerr=2.45E-03 time=1.636
After sweep 3 energy=-263.8342  maxlinkdim=100 maxerr=1.42E-05 time=2.648
After sweep 4 energy=-264.2706  maxlinkdim=583 maxerr=9.99E-11 time=11.409
After sweep 5 energy=-264.7043  maxlinkdim=737 maxerr=8.01E-08 time=14.746
After sweep 6 energy=-265.15662  maxlinkdim=1200 maxerr=5.06E-08 time=23.973
After sweep 7 energy=-265.4801  maxlinkdim=1200 maxerr=1.32E-08 time=34.757
After sweep 8 energy=-265.76755  maxlinkdim=1200 maxerr=1.17E-07 time=45.216
After sweep 9 energy=-266.05133  maxlinkdim=1200 maxerr=4.06E-08 time=61.938
After sweep 10 energy=-266.3304  maxlinkdim=1200 maxerr=3.33E-07 time=76.109
After sweep 11 energy=-266.55637  maxlinkdim=1200 maxerr=7.70E-08 time=77.692
After sweep 12 energy=-266.802  maxlinkdim=1200 maxerr=9.22E-07 time=83.923
After sweep 13 energy=-267.03726  maxlinkdim=1200 maxerr=2.04E-06 time=88.963
After sweep 14 energy=-267.27426  maxlinkdim=1200 maxerr=6.68E-07 time=99.215
After sweep 15 energy=-267.48322  maxlinkdim=1200 maxerr=2.45E-06 time=93.651
After sweep 16 energy=-267.62784  maxlinkdim=1200 maxerr=4.79E-07 time=98.227
After sweep 17 energy=-267.73895  maxlinkdim=1200 maxerr=4.29E-07 time=99.200
After sweep 18 energy=-267.8341  maxlinkdim=1200 maxerr=1.21E-06 time=103.766
After sweep 19 energy=-267.89383  maxlinkdim=1200 maxerr=5.05E-07 time=108.910
After sweep 20 energy=-267.96906  maxlinkdim=1200 maxerr=7.17E-07 time=117.627
After sweep 21 energy=-268.03894  maxlinkdim=1200 maxerr=2.96E-06 time=121.128
After sweep 22 energy=-268.09082  maxlinkdim=1200 maxerr=4.46E-07 time=125.696
After sweep 23 energy=-268.12738  maxlinkdim=1200 maxerr=5.42E-07 time=130.508
After sweep 24 energy=-268.15668  maxlinkdim=1200 maxerr=6.16E-07 time=131.408
After sweep 25 energy=-268.18274  maxlinkdim=1200 maxerr=9.12E-07 time=135.558
After sweep 26 energy=-268.20514  maxlinkdim=1200 maxerr=1.69E-06 time=139.749
After sweep 27 energy=-268.22473  maxlinkdim=1200 maxerr=1.30E-06 time=145.006
After sweep 28 energy=-268.23608  maxlinkdim=1200 maxerr=1.10E-06 time=146.795
After sweep 29 energy=-268.24484  maxlinkdim=1200 maxerr=1.13E-06 time=149.108
After sweep 30 energy=-268.25287  maxlinkdim=1200 maxerr=1.17E-06 time=150.788
Not same mu, searching again
After sweep 1 energy=-252.31425  maxlinkdim=10 maxerr=4.36E-03 time=1.419
After sweep 2 energy=-261.32745  maxlinkdim=20 maxerr=2.43E-03 time=1.542
After sweep 3 energy=-265.2847  maxlinkdim=100 maxerr=9.11E-06 time=2.391
After sweep 4 energy=-265.69995  maxlinkdim=716 maxerr=1.00E-10 time=11.638
After sweep 5 energy=-266.0579  maxlinkdim=900 maxerr=4.80E-08 time=15.310
After sweep 6 energy=-266.36514  maxlinkdim=1200 maxerr=6.14E-08 time=21.452
After sweep 7 energy=-266.73227  maxlinkdim=1200 maxerr=2.36E-08 time=39.296
After sweep 8 energy=-267.02628  maxlinkdim=1200 maxerr=1.06E-07 time=50.877
After sweep 9 energy=-267.24457  maxlinkdim=1200 maxerr=1.51E-07 time=53.403
After sweep 10 energy=-267.42227  maxlinkdim=1200 maxerr=2.02E-08 time=53.617
After sweep 11 energy=-267.59683  maxlinkdim=1200 maxerr=1.92E-07 time=61.768
After sweep 12 energy=-267.7888  maxlinkdim=1200 maxerr=7.06E-07 time=72.241
After sweep 13 energy=-267.95523  maxlinkdim=1200 maxerr=1.68E-06 time=77.143
After sweep 14 energy=-268.13568  maxlinkdim=1200 maxerr=4.40E-07 time=79.003
After sweep 15 energy=-268.307  maxlinkdim=1200 maxerr=4.25E-06 time=85.690
After sweep 16 energy=-268.484  maxlinkdim=1200 maxerr=5.53E-07 time=92.102
After sweep 17 energy=-268.62524  maxlinkdim=1200 maxerr=4.43E-07 time=93.167
After sweep 18 energy=-268.78024  maxlinkdim=1200 maxerr=3.15E-06 time=97.505
After sweep 19 energy=-268.88815  maxlinkdim=1200 maxerr=2.24E-06 time=106.545
After sweep 20 energy=-269.00348  maxlinkdim=1200 maxerr=7.86E-06 time=110.800
After sweep 21 energy=-269.10068  maxlinkdim=1200 maxerr=2.24E-06 time=112.139
After sweep 22 energy=-269.1854  maxlinkdim=1200 maxerr=1.87E-06 time=117.770
After sweep 23 energy=-269.25702  maxlinkdim=1200 maxerr=4.50E-06 time=126.405
After sweep 24 energy=-269.30588  maxlinkdim=1200 maxerr=6.83E-07 time=130.954
After sweep 25 energy=-269.3466  maxlinkdim=1200 maxerr=1.47E-06 time=133.442
After sweep 26 energy=-269.37228  maxlinkdim=1200 maxerr=1.04E-06 time=135.531
After sweep 27 energy=-269.38995  maxlinkdim=1200 maxerr=1.31E-06 time=138.158
After sweep 28 energy=-269.40854  maxlinkdim=1200 maxerr=1.12E-06 time=145.515
After sweep 29 energy=-269.428  maxlinkdim=1200 maxerr=9.81E-07 time=150.055
After sweep 30 energy=-269.43942  maxlinkdim=1200 maxerr=1.52E-06 time=150.621
n0: 0.9372994; n1: 0.93732566; mu0: 1.67; mu1: 1.68
n_target > n1 and n_target > n0 triggered
After sweep 1 energy=-252.88002  maxlinkdim=10 maxerr=5.23E-03 time=1.443
After sweep 2 energy=-262.10623  maxlinkdim=20 maxerr=2.19E-03 time=1.666
After sweep 3 energy=-266.32498  maxlinkdim=100 maxerr=1.49E-05 time=2.329
After sweep 4 energy=-266.8201  maxlinkdim=598 maxerr=1.00E-10 time=11.052
After sweep 5 energy=-267.3304  maxlinkdim=1050 maxerr=9.68E-08 time=16.211
After sweep 6 energy=-267.71893  maxlinkdim=944 maxerr=4.20E-08 time=22.736
After sweep 7 energy=-268.0549  maxlinkdim=1200 maxerr=1.98E-08 time=32.675
After sweep 8 energy=-268.31046  maxlinkdim=1200 maxerr=1.16E-07 time=38.024
After sweep 9 energy=-268.53497  maxlinkdim=1200 maxerr=1.87E-08 time=49.930
After sweep 10 energy=-268.76077  maxlinkdim=1200 maxerr=1.44E-07 time=63.899
After sweep 11 energy=-269.01657  maxlinkdim=1200 maxerr=1.90E-07 time=76.881
After sweep 12 energy=-269.23627  maxlinkdim=1200 maxerr=4.81E-07 time=80.752
After sweep 13 energy=-269.45435  maxlinkdim=1200 maxerr=2.20E-07 time=81.467
After sweep 14 energy=-269.6179  maxlinkdim=1200 maxerr=4.43E-06 time=82.114
After sweep 15 energy=-269.77582  maxlinkdim=1200 maxerr=4.34E-06 time=88.630
After sweep 16 energy=-269.90405  maxlinkdim=1200 maxerr=4.05E-07 time=90.164
After sweep 17 energy=-270.02148  maxlinkdim=1200 maxerr=1.21E-06 time=94.872
After sweep 18 energy=-270.15857  maxlinkdim=1200 maxerr=2.65E-07 time=114.436
After sweep 19 energy=-270.27542  maxlinkdim=1200 maxerr=2.71E-07 time=121.545
After sweep 20 energy=-270.33014  maxlinkdim=1200 maxerr=3.12E-06 time=119.690
After sweep 21 energy=-270.38934  maxlinkdim=1200 maxerr=1.84E-06 time=119.502
After sweep 22 energy=-270.42618  maxlinkdim=1200 maxerr=1.78E-06 time=124.931
After sweep 23 energy=-270.45663  maxlinkdim=1200 maxerr=4.64E-07 time=131.923
After sweep 24 energy=-270.4796  maxlinkdim=1200 maxerr=6.16E-07 time=138.133
After sweep 25 energy=-270.50073  maxlinkdim=1200 maxerr=6.21E-07 time=139.420
After sweep 26 energy=-270.5192  maxlinkdim=1200 maxerr=7.52E-07 time=142.042
After sweep 27 energy=-270.53113  maxlinkdim=1200 maxerr=5.20E-07 time=143.489
After sweep 28 energy=-270.54248  maxlinkdim=1200 maxerr=4.39E-07 time=145.047
After sweep 29 energy=-270.55673  maxlinkdim=1200 maxerr=5.76E-07 time=146.865
After sweep 30 energy=-270.56726  maxlinkdim=1200 maxerr=7.79E-07 time=146.504
n0: 0.93732566; n1: 0.94994503; mu0: 1.68; mu1: 1.69

Range found between mu0: 1.68 (n0: 0.93732566) and mu1: 1.69 (n1: 0.94994503); refining...
n0: 0.93732566; n1: 0.94994503; mu0: 1.68; mu1: 1.69
Trying secant step...
After sweep 1 energy=-251.65128  maxlinkdim=10 maxerr=4.47E-03 time=1.426
After sweep 2 energy=-261.0884  maxlinkdim=20 maxerr=2.09E-03 time=1.563
After sweep 3 energy=-265.16464  maxlinkdim=100 maxerr=1.34E-05 time=2.182
After sweep 4 energy=-265.55746  maxlinkdim=740 maxerr=1.00E-10 time=11.274
After sweep 5 energy=-265.99884  maxlinkdim=1071 maxerr=1.29E-07 time=18.131
After sweep 6 energy=-266.32306  maxlinkdim=1200 maxerr=1.62E-08 time=22.864
After sweep 7 energy=-266.61826  maxlinkdim=1200 maxerr=5.50E-08 time=31.050
After sweep 8 energy=-266.86877  maxlinkdim=1200 maxerr=8.16E-09 time=40.609
After sweep 9 energy=-267.16666  maxlinkdim=1200 maxerr=1.21E-06 time=59.982
After sweep 10 energy=-267.42532  maxlinkdim=1200 maxerr=5.16E-07 time=71.389
After sweep 11 energy=-267.63882  maxlinkdim=1200 maxerr=1.81E-06 time=76.010
After sweep 12 energy=-267.8258  maxlinkdim=1200 maxerr=1.03E-06 time=78.798
After sweep 13 energy=-267.99216  maxlinkdim=1200 maxerr=3.88E-07 time=84.045
After sweep 14 energy=-268.13525  maxlinkdim=1200 maxerr=1.86E-06 time=85.383
After sweep 15 energy=-268.26404  maxlinkdim=1200 maxerr=7.92E-07 time=88.189
After sweep 16 energy=-268.39847  maxlinkdim=1200 maxerr=1.42E-06 time=92.313
After sweep 17 energy=-268.5263  maxlinkdim=1200 maxerr=3.85E-06 time=99.393
After sweep 18 energy=-268.67792  maxlinkdim=1200 maxerr=8.28E-07 time=107.984
After sweep 19 energy=-268.8475  maxlinkdim=1200 maxerr=1.39E-06 time=121.428
After sweep 20 energy=-268.95718  maxlinkdim=1200 maxerr=3.44E-06 time=117.577
After sweep 21 energy=-269.01276  maxlinkdim=1200 maxerr=2.23E-06 time=114.164
After sweep 22 energy=-269.07184  maxlinkdim=1200 maxerr=8.29E-07 time=118.321
After sweep 23 energy=-269.13177  maxlinkdim=1200 maxerr=2.35E-06 time=124.591
After sweep 24 energy=-269.20114  maxlinkdim=1200 maxerr=2.34E-06 time=133.307
After sweep 25 energy=-269.26825  maxlinkdim=1200 maxerr=1.76E-06 time=140.846
After sweep 26 energy=-269.2984  maxlinkdim=1200 maxerr=1.12E-06 time=139.554
After sweep 27 energy=-269.34055  maxlinkdim=1200 maxerr=2.71E-06 time=143.500
After sweep 28 energy=-269.3604  maxlinkdim=1200 maxerr=1.40E-06 time=148.511
After sweep 29 energy=-269.38483  maxlinkdim=1200 maxerr=8.39E-07 time=149.403
After sweep 30 energy=-269.4058  maxlinkdim=1200 maxerr=8.07E-07 time=149.029
n0: 0.93732566; n1: 0.93691313; mu0: 1.68; mu1: 1.6801381554709567
Trying secant step...
After sweep 1 energy=-251.37492  maxlinkdim=10 maxerr=4.92E-03 time=1.445
After sweep 2 energy=-260.9991  maxlinkdim=20 maxerr=2.22E-03 time=1.533
After sweep 3 energy=-265.15424  maxlinkdim=100 maxerr=1.14E-05 time=2.525
After sweep 4 energy=-265.5444  maxlinkdim=562 maxerr=1.00E-10 time=10.231
After sweep 5 energy=-265.99225  maxlinkdim=969 maxerr=1.58E-08 time=15.044
After sweep 6 energy=-266.40784  maxlinkdim=1200 maxerr=1.22E-08 time=26.633
After sweep 7 energy=-266.67017  maxlinkdim=1200 maxerr=3.14E-08 time=31.927
After sweep 8 energy=-266.8898  maxlinkdim=1200 maxerr=5.25E-07 time=34.457
After sweep 9 energy=-267.07495  maxlinkdim=1200 maxerr=9.00E-08 time=44.950
After sweep 10 energy=-267.29224  maxlinkdim=1200 maxerr=1.82E-08 time=55.935
After sweep 11 energy=-267.50488  maxlinkdim=1200 maxerr=6.13E-09 time=65.333
After sweep 12 energy=-267.69937  maxlinkdim=1200 maxerr=8.16E-08 time=73.805
After sweep 13 energy=-267.8973  maxlinkdim=1200 maxerr=2.62E-07 time=79.825
After sweep 14 energy=-268.11505  maxlinkdim=1200 maxerr=1.12E-06 time=87.231
After sweep 15 energy=-268.35785  maxlinkdim=1200 maxerr=2.05E-06 time=96.229
After sweep 16 energy=-268.547  maxlinkdim=1200 maxerr=9.35E-07 time=100.077
After sweep 17 energy=-268.70056  maxlinkdim=1200 maxerr=2.58E-07 time=99.291
After sweep 18 energy=-268.8282  maxlinkdim=1200 maxerr=2.34E-06 time=106.243
After sweep 19 energy=-268.97705  maxlinkdim=1200 maxerr=1.10E-06 time=107.541
After sweep 20 energy=-269.07852  maxlinkdim=1200 maxerr=1.66E-06 time=115.216
After sweep 21 energy=-269.14575  maxlinkdim=1200 maxerr=3.32E-06 time=113.652
After sweep 22 energy=-269.19794  maxlinkdim=1200 maxerr=9.07E-07 time=116.391
After sweep 23 energy=-269.2398  maxlinkdim=1200 maxerr=6.94E-07 time=121.302
After sweep 24 energy=-269.2758  maxlinkdim=1200 maxerr=2.99E-06 time=132.712
After sweep 25 energy=-269.31265  maxlinkdim=1200 maxerr=1.77E-06 time=136.169
After sweep 26 energy=-269.35306  maxlinkdim=1200 maxerr=5.99E-07 time=140.203
After sweep 27 energy=-269.37537  maxlinkdim=1200 maxerr=5.73E-07 time=142.208
After sweep 28 energy=-269.39243  maxlinkdim=1200 maxerr=7.30E-07 time=142.825
After sweep 29 energy=-269.40555  maxlinkdim=1200 maxerr=1.15E-06 time=144.243
After sweep 30 energy=-269.42328  maxlinkdim=1200 maxerr=1.09E-06 time=149.437
n0: 0.93852174; n1: 0.93732566; mu0: 1.6799416117970598; mu1: 1.68
Trying secant step...
After sweep 1 energy=-252.09566  maxlinkdim=10 maxerr=3.55E-03 time=1.389
After sweep 2 energy=-260.76865  maxlinkdim=20 maxerr=2.20E-03 time=1.539
After sweep 3 energy=-264.99414  maxlinkdim=100 maxerr=1.63E-05 time=2.169
After sweep 4 energy=-265.4149  maxlinkdim=598 maxerr=1.00E-10 time=10.593
After sweep 5 energy=-265.82126  maxlinkdim=889 maxerr=3.99E-08 time=14.926
After sweep 6 energy=-266.1813  maxlinkdim=1155 maxerr=9.75E-09 time=23.481
After sweep 7 energy=-266.49442  maxlinkdim=1200 maxerr=6.32E-08 time=35.484
After sweep 8 energy=-266.7579  maxlinkdim=1200 maxerr=8.74E-09 time=43.757
After sweep 9 energy=-267.02594  maxlinkdim=1200 maxerr=2.15E-08 time=55.044
After sweep 10 energy=-267.2019  maxlinkdim=1200 maxerr=3.11E-07 time=60.136
After sweep 11 energy=-267.40912  maxlinkdim=1200 maxerr=1.23E-07 time=66.081
After sweep 12 energy=-267.60312  maxlinkdim=1200 maxerr=6.70E-08 time=65.587
After sweep 13 energy=-267.78555  maxlinkdim=1200 maxerr=5.99E-08 time=69.715
After sweep 14 energy=-267.9488  maxlinkdim=1200 maxerr=6.84E-08 time=71.620
After sweep 15 energy=-268.16452  maxlinkdim=1200 maxerr=1.97E-07 time=82.588
After sweep 16 energy=-268.38617  maxlinkdim=1200 maxerr=3.62E-08 time=102.652
After sweep 17 energy=-268.57224  maxlinkdim=1200 maxerr=4.53E-08 time=103.938
After sweep 18 energy=-268.71448  maxlinkdim=1200 maxerr=1.51E-07 time=104.189
After sweep 19 energy=-268.81393  maxlinkdim=1200 maxerr=1.81E-07 time=104.621
After sweep 20 energy=-268.92694  maxlinkdim=1200 maxerr=8.75E-08 time=114.823
After sweep 21 energy=-269.03064  maxlinkdim=1200 maxerr=2.63E-07 time=123.231
After sweep 22 energy=-269.0931  maxlinkdim=1200 maxerr=5.86E-07 time=127.095
After sweep 23 energy=-269.14175  maxlinkdim=1200 maxerr=2.28E-07 time=130.085
After sweep 24 energy=-269.16873  maxlinkdim=1200 maxerr=4.23E-07 time=132.636
After sweep 25 energy=-269.2067  maxlinkdim=1200 maxerr=3.79E-07 time=140.985
After sweep 26 energy=-269.2342  maxlinkdim=1200 maxerr=4.86E-07 time=143.900
After sweep 27 energy=-269.2618  maxlinkdim=1200 maxerr=3.30E-07 time=147.956
After sweep 28 energy=-269.2784  maxlinkdim=1200 maxerr=5.85E-07 time=146.931
After sweep 29 energy=-269.29062  maxlinkdim=1200 maxerr=5.44E-07 time=147.052
After sweep 30 energy=-269.3096  maxlinkdim=1200 maxerr=8.34E-07 time=148.760
n0: 0.954068; n1: 0.93732566; mu0: 1.679991489236378; mu1: 1.68
Trying secant step...
After sweep 1 energy=-252.01299  maxlinkdim=10 maxerr=6.34E-03 time=1.382
After sweep 2 energy=-260.8661  maxlinkdim=20 maxerr=2.08E-03 time=1.498
After sweep 3 energy=-265.00745  maxlinkdim=100 maxerr=1.25E-05 time=2.507
After sweep 4 energy=-265.48935  maxlinkdim=707 maxerr=1.00E-10 time=11.618
After sweep 5 energy=-265.94852  maxlinkdim=1066 maxerr=2.86E-08 time=16.870
After sweep 6 energy=-266.3198  maxlinkdim=1200 maxerr=5.63E-08 time=24.079
After sweep 7 energy=-266.61066  maxlinkdim=1200 maxerr=4.58E-08 time=31.066
After sweep 8 energy=-266.8648  maxlinkdim=1200 maxerr=7.55E-09 time=38.174
After sweep 9 energy=-267.15274  maxlinkdim=1200 maxerr=2.19E-08 time=54.769
After sweep 10 energy=-267.38046  maxlinkdim=1200 maxerr=9.84E-08 time=59.643
After sweep 11 energy=-267.56027  maxlinkdim=1200 maxerr=3.99E-08 time=64.569
After sweep 12 energy=-267.71722  maxlinkdim=1200 maxerr=2.25E-08 time=70.787
After sweep 13 energy=-267.88736  maxlinkdim=1200 maxerr=1.93E-07 time=78.110
After sweep 14 energy=-268.04782  maxlinkdim=1200 maxerr=1.53E-07 time=87.318
After sweep 15 energy=-268.21652  maxlinkdim=1200 maxerr=1.67E-07 time=90.425
After sweep 16 energy=-268.3871  maxlinkdim=1200 maxerr=3.36E-07 time=95.587
After sweep 17 energy=-268.5775  maxlinkdim=1200 maxerr=4.61E-07 time=104.553
After sweep 18 energy=-268.77783  maxlinkdim=1200 maxerr=8.95E-07 time=110.723
After sweep 19 energy=-268.90793  maxlinkdim=1200 maxerr=4.33E-06 time=103.648
After sweep 20 energy=-269.01663  maxlinkdim=1200 maxerr=3.68E-06 time=110.091
After sweep 21 energy=-269.11337  maxlinkdim=1200 maxerr=5.50E-07 time=117.555
After sweep 22 energy=-269.18225  maxlinkdim=1200 maxerr=7.96E-07 time=116.148
After sweep 23 energy=-269.2313  maxlinkdim=1200 maxerr=7.02E-07 time=121.783
After sweep 24 energy=-269.28384  maxlinkdim=1200 maxerr=5.13E-07 time=132.889
After sweep 25 energy=-269.31662  maxlinkdim=1200 maxerr=6.88E-07 time=133.496
After sweep 26 energy=-269.3436  maxlinkdim=1200 maxerr=5.41E-07 time=135.809
After sweep 27 energy=-269.3633  maxlinkdim=1200 maxerr=6.36E-07 time=137.332
After sweep 28 energy=-269.38425  maxlinkdim=1200 maxerr=7.55E-07 time=141.054
After sweep 29 energy=-269.40192  maxlinkdim=1200 maxerr=8.80E-07 time=143.007
After sweep 30 energy=-269.41895  maxlinkdim=1200 maxerr=7.86E-07 time=146.817
n0: 0.93839866; n1: 0.93732566; mu0: 1.6799999113746178; mu1: 1.68
Trying secant step...
After sweep 1 energy=-252.31425  maxlinkdim=10 maxerr=4.36E-03 time=1.489
After sweep 2 energy=-261.32745  maxlinkdim=20 maxerr=2.43E-03 time=1.572
After sweep 3 energy=-265.2847  maxlinkdim=100 maxerr=9.11E-06 time=2.595
After sweep 4 energy=-265.69995  maxlinkdim=716 maxerr=1.00E-10 time=11.393
After sweep 5 energy=-266.0579  maxlinkdim=900 maxerr=4.80E-08 time=14.730
After sweep 6 energy=-266.36514  maxlinkdim=1200 maxerr=6.14E-08 time=20.478
After sweep 7 energy=-266.73227  maxlinkdim=1200 maxerr=2.36E-08 time=38.527
After sweep 8 energy=-267.02628  maxlinkdim=1200 maxerr=1.06E-07 time=48.484
After sweep 9 energy=-267.24457  maxlinkdim=1200 maxerr=1.51E-07 time=51.862
After sweep 10 energy=-267.42227  maxlinkdim=1200 maxerr=2.02E-08 time=53.638
After sweep 11 energy=-267.59683  maxlinkdim=1200 maxerr=1.92E-07 time=62.646
After sweep 12 energy=-267.7888  maxlinkdim=1200 maxerr=7.06E-07 time=71.451
After sweep 13 energy=-267.95523  maxlinkdim=1200 maxerr=1.68E-06 time=77.083
After sweep 14 energy=-268.13568  maxlinkdim=1200 maxerr=4.40E-07 time=80.045
After sweep 15 energy=-268.307  maxlinkdim=1200 maxerr=4.25E-06 time=84.667
After sweep 16 energy=-268.484  maxlinkdim=1200 maxerr=5.53E-07 time=93.081
After sweep 17 energy=-268.62524  maxlinkdim=1200 maxerr=4.43E-07 time=92.414
After sweep 18 energy=-268.78024  maxlinkdim=1200 maxerr=3.15E-06 time=98.408
After sweep 19 energy=-268.88815  maxlinkdim=1200 maxerr=2.24E-06 time=105.824
After sweep 20 energy=-269.00348  maxlinkdim=1200 maxerr=7.86E-06 time=110.857
After sweep 21 energy=-269.10068  maxlinkdim=1200 maxerr=2.24E-06 time=113.106
After sweep 22 energy=-269.1854  maxlinkdim=1200 maxerr=1.87E-06 time=116.763
After sweep 23 energy=-269.25702  maxlinkdim=1200 maxerr=4.50E-06 time=126.299
After sweep 24 energy=-269.30588  maxlinkdim=1200 maxerr=6.83E-07 time=131.717
After sweep 25 energy=-269.3466  maxlinkdim=1200 maxerr=1.47E-06 time=133.517
After sweep 26 energy=-269.37228  maxlinkdim=1200 maxerr=1.04E-06 time=134.926
After sweep 27 energy=-269.38995  maxlinkdim=1200 maxerr=1.31E-06 time=138.207
After sweep 28 energy=-269.40854  maxlinkdim=1200 maxerr=1.12E-06 time=145.821
After sweep 29 energy=-269.428  maxlinkdim=1200 maxerr=9.81E-07 time=150.301
After sweep 30 energy=-269.43942  maxlinkdim=1200 maxerr=1.52E-06 time=150.665
n0: 0.93732566; n1: 0.93732566; mu0: 1.6799999855999754; mu1: 1.68
Secant unstable (n0 ≈ n1), falling back to bisection...
After sweep 1 energy=-252.31425  maxlinkdim=10 maxerr=4.36E-03 time=1.454
After sweep 2 energy=-261.32745  maxlinkdim=20 maxerr=2.43E-03 time=1.551
After sweep 3 energy=-265.2847  maxlinkdim=100 maxerr=9.11E-06 time=2.571
After sweep 4 energy=-265.69995  maxlinkdim=716 maxerr=1.00E-10 time=11.415
After sweep 5 energy=-266.0579  maxlinkdim=900 maxerr=4.80E-08 time=14.741
After sweep 6 energy=-266.36514  maxlinkdim=1200 maxerr=6.14E-08 time=20.365
After sweep 7 energy=-266.73227  maxlinkdim=1200 maxerr=2.36E-08 time=38.557
After sweep 8 energy=-267.02628  maxlinkdim=1200 maxerr=1.06E-07 time=48.480
After sweep 9 energy=-267.24457  maxlinkdim=1200 maxerr=1.51E-07 time=51.839
After sweep 10 energy=-267.42227  maxlinkdim=1200 maxerr=2.02E-08 time=53.636
After sweep 11 energy=-267.59683  maxlinkdim=1200 maxerr=1.92E-07 time=62.525
After sweep 12 energy=-267.7888  maxlinkdim=1200 maxerr=7.06E-07 time=71.344
After sweep 13 energy=-267.95523  maxlinkdim=1200 maxerr=1.68E-06 time=77.067
After sweep 14 energy=-268.13568  maxlinkdim=1200 maxerr=4.40E-07 time=80.063
After sweep 15 energy=-268.307  maxlinkdim=1200 maxerr=4.25E-06 time=84.587
After sweep 16 energy=-268.484  maxlinkdim=1200 maxerr=5.53E-07 time=93.022
After sweep 17 energy=-268.62524  maxlinkdim=1200 maxerr=4.43E-07 time=92.197
After sweep 18 energy=-268.78024  maxlinkdim=1200 maxerr=3.15E-06 time=98.270
After sweep 19 energy=-268.88815  maxlinkdim=1200 maxerr=2.24E-06 time=105.841
After sweep 20 energy=-269.00348  maxlinkdim=1200 maxerr=7.86E-06 time=113.046
After sweep 21 energy=-269.10068  maxlinkdim=1200 maxerr=2.24E-06 time=113.040
After sweep 22 energy=-269.1854  maxlinkdim=1200 maxerr=1.87E-06 time=116.722
After sweep 23 energy=-269.25702  maxlinkdim=1200 maxerr=4.50E-06 time=126.506
After sweep 24 energy=-269.30588  maxlinkdim=1200 maxerr=6.83E-07 time=131.827
After sweep 25 energy=-269.3466  maxlinkdim=1200 maxerr=1.47E-06 time=133.543
After sweep 26 energy=-269.37228  maxlinkdim=1200 maxerr=1.04E-06 time=134.946
After sweep 27 energy=-269.38995  maxlinkdim=1200 maxerr=1.31E-06 time=138.655
After sweep 28 energy=-269.40854  maxlinkdim=1200 maxerr=1.12E-06 time=145.642
After sweep 29 energy=-269.428  maxlinkdim=1200 maxerr=9.81E-07 time=150.203
After sweep 30 energy=-269.43942  maxlinkdim=1200 maxerr=1.52E-06 time=150.693
n0: 0.93732566; n1: 0.93732566; mu0: 1.6799999927999876; mu1: 1.68
Secant unstable (n0 ≈ n1), falling back to bisection...
Densities identical and mu interval small, returning closest to target...
Target density achieved with mu=1.68, n=0.93732566
Checking {alpha,beta} vs measured
Alpha not converged.
NOT CONVERGED; updating alpha, beta and continuing...
After sweep 1 energy=-237.10924  maxlinkdim=10 maxerr=5.62E-03 time=1.285
After sweep 2 energy=-245.36423  maxlinkdim=20 maxerr=2.21E-03 time=1.649
After sweep 3 energy=-249.2929  maxlinkdim=100 maxerr=9.84E-06 time=2.732
After sweep 4 energy=-249.77705  maxlinkdim=1200 maxerr=2.07E-10 time=79.157
After sweep 5 energy=-250.36055  maxlinkdim=1200 maxerr=5.15E-08 time=181.380
After sweep 6 energy=-250.75432  maxlinkdim=1200 maxerr=3.14E-10 time=118.912
After sweep 7 energy=-251.06296  maxlinkdim=1200 maxerr=3.36E-08 time=115.814
After sweep 8 energy=-251.28491  maxlinkdim=1200 maxerr=4.29E-08 time=122.211
After sweep 9 energy=-251.46577  maxlinkdim=1200 maxerr=6.04E-08 time=116.647
After sweep 10 energy=-251.67085  maxlinkdim=1200 maxerr=1.77E-08 time=142.230
After sweep 11 energy=-251.86955  maxlinkdim=1200 maxerr=6.90E-08 time=165.231
After sweep 12 energy=-252.0758  maxlinkdim=1200 maxerr=2.19E-07 time=193.960
After sweep 13 energy=-252.33246  maxlinkdim=1200 maxerr=1.45E-07 time=263.879
After sweep 14 energy=-252.5243  maxlinkdim=1200 maxerr=6.74E-07 time=267.479
After sweep 15 energy=-252.64987  maxlinkdim=1200 maxerr=1.49E-06 time=269.521
After sweep 16 energy=-252.77356  maxlinkdim=1200 maxerr=1.84E-07 time=274.381
After sweep 17 energy=-252.87668  maxlinkdim=1200 maxerr=2.01E-07 time=286.345
After sweep 18 energy=-252.96834  maxlinkdim=1200 maxerr=1.29E-07 time=294.406
After sweep 19 energy=-253.06187  maxlinkdim=1200 maxerr=4.84E-07 time=321.240
After sweep 20 energy=-253.15057  maxlinkdim=1200 maxerr=1.53E-06 time=349.385
After sweep 21 energy=-253.2486  maxlinkdim=1200 maxerr=5.89E-07 time=374.093
After sweep 22 energy=-253.30457  maxlinkdim=1200 maxerr=3.46E-07 time=378.321
After sweep 23 energy=-253.3478  maxlinkdim=1200 maxerr=4.52E-07 time=391.553
After sweep 24 energy=-253.37613  maxlinkdim=1200 maxerr=4.29E-07 time=395.033
After sweep 25 energy=-253.40263  maxlinkdim=1200 maxerr=8.43E-07 time=402.412
After sweep 26 energy=-253.42531  maxlinkdim=1200 maxerr=8.03E-07 time=408.236
After sweep 27 energy=-253.45334  maxlinkdim=1200 maxerr=1.21E-06 time=416.535
After sweep 28 energy=-253.49962  maxlinkdim=1200 maxerr=2.47E-06 time=415.129
After sweep 29 energy=-253.54753  maxlinkdim=1200 maxerr=1.82E-06 time=418.158
After sweep 30 energy=-253.59782  maxlinkdim=1200 maxerr=7.19E-07 time=421.811
Not same mu, searching again
After sweep 1 energy=-238.38551  maxlinkdim=10 maxerr=5.39E-03 time=1.356
After sweep 2 energy=-246.57265  maxlinkdim=20 maxerr=2.09E-03 time=1.521
After sweep 3 energy=-250.50565  maxlinkdim=100 maxerr=1.02E-05 time=2.589
After sweep 4 energy=-250.91624  maxlinkdim=1200 maxerr=2.20E-10 time=78.871
After sweep 5 energy=-251.36772  maxlinkdim=1200 maxerr=6.25E-08 time=170.826
After sweep 6 energy=-251.71548  maxlinkdim=1200 maxerr=4.89E-08 time=109.850
After sweep 7 energy=-251.98715  maxlinkdim=1200 maxerr=4.46E-08 time=106.029
After sweep 8 energy=-252.21156  maxlinkdim=1200 maxerr=4.84E-08 time=131.695
After sweep 9 energy=-252.3916  maxlinkdim=1200 maxerr=1.78E-08 time=137.807
After sweep 10 energy=-252.56789  maxlinkdim=1200 maxerr=1.08E-08 time=167.633
After sweep 11 energy=-252.78334  maxlinkdim=1200 maxerr=1.42E-07 time=218.006
After sweep 12 energy=-252.95535  maxlinkdim=1200 maxerr=1.06E-07 time=217.894
After sweep 13 energy=-253.09572  maxlinkdim=1200 maxerr=8.14E-08 time=217.492
After sweep 14 energy=-253.23056  maxlinkdim=1200 maxerr=3.57E-07 time=230.676
After sweep 15 energy=-253.37112  maxlinkdim=1200 maxerr=4.85E-08 time=262.073
After sweep 16 energy=-253.51051  maxlinkdim=1200 maxerr=4.37E-08 time=268.999
After sweep 17 energy=-253.6666  maxlinkdim=1200 maxerr=1.71E-07 time=301.553
After sweep 18 energy=-253.79346  maxlinkdim=1200 maxerr=1.85E-07 time=305.257
After sweep 19 energy=-253.89014  maxlinkdim=1200 maxerr=3.65E-08 time=297.678
After sweep 20 energy=-254.00188  maxlinkdim=1200 maxerr=1.96E-06 time=311.473
After sweep 21 energy=-254.1145  maxlinkdim=1200 maxerr=1.30E-06 time=333.571
After sweep 22 energy=-254.20555  maxlinkdim=1200 maxerr=6.36E-07 time=341.696
After sweep 23 energy=-254.27339  maxlinkdim=1200 maxerr=2.59E-07 time=352.981
After sweep 24 energy=-254.36583  maxlinkdim=1200 maxerr=9.32E-07 time=364.774
After sweep 25 energy=-254.43932  maxlinkdim=1200 maxerr=5.59E-07 time=375.400
After sweep 26 energy=-254.49167  maxlinkdim=1200 maxerr=4.75E-07 time=385.772
After sweep 27 energy=-254.5512  maxlinkdim=1200 maxerr=7.75E-07 time=400.739
After sweep 28 energy=-254.60782  maxlinkdim=1200 maxerr=2.30E-06 time=406.215
After sweep 29 energy=-254.6628  maxlinkdim=1200 maxerr=4.23E-06 time=414.029
After sweep 30 energy=-254.703  maxlinkdim=1200 maxerr=1.48E-06 time=410.400
n0: 0.91350836; n1: 0.9155626; mu0: 1.68; mu1: 1.69
n_target > n1 and n_target > n0 triggered
After sweep 1 energy=-239.3979  maxlinkdim=10 maxerr=5.30E-03 time=1.348
After sweep 2 energy=-248.01755  maxlinkdim=20 maxerr=1.98E-03 time=1.518
After sweep 3 energy=-251.80528  maxlinkdim=100 maxerr=1.41E-05 time=2.610
After sweep 4 energy=-252.16866  maxlinkdim=1200 maxerr=1.77E-10 time=79.193
After sweep 5 energy=-252.63277  maxlinkdim=1200 maxerr=1.82E-09 time=170.351
After sweep 6 energy=-252.98059  maxlinkdim=1200 maxerr=4.08E-08 time=135.645
After sweep 7 energy=-253.24522  maxlinkdim=1200 maxerr=2.59E-08 time=111.311
After sweep 8 energy=-253.4586  maxlinkdim=1200 maxerr=4.08E-08 time=141.752
After sweep 9 energy=-253.6253  maxlinkdim=1200 maxerr=3.76E-08 time=148.217
After sweep 10 energy=-253.77899  maxlinkdim=1200 maxerr=4.13E-07 time=150.576
After sweep 11 energy=-253.96428  maxlinkdim=1200 maxerr=3.98E-07 time=171.310
After sweep 12 energy=-254.16939  maxlinkdim=1200 maxerr=1.94E-07 time=207.331
After sweep 13 energy=-254.35645  maxlinkdim=1200 maxerr=3.75E-07 time=222.742
After sweep 14 energy=-254.50952  maxlinkdim=1200 maxerr=1.19E-06 time=234.671
After sweep 15 energy=-254.66353  maxlinkdim=1200 maxerr=1.67E-07 time=248.646
After sweep 16 energy=-254.83069  maxlinkdim=1200 maxerr=5.71E-07 time=287.142
After sweep 17 energy=-254.96834  maxlinkdim=1200 maxerr=9.65E-07 time=282.183
After sweep 18 energy=-255.11214  maxlinkdim=1200 maxerr=3.33E-06 time=297.524
After sweep 19 energy=-255.27322  maxlinkdim=1200 maxerr=1.26E-06 time=316.705
After sweep 20 energy=-255.38112  maxlinkdim=1200 maxerr=1.31E-06 time=321.323
After sweep 21 energy=-255.4603  maxlinkdim=1200 maxerr=5.05E-07 time=304.961
After sweep 22 energy=-255.53658  maxlinkdim=1200 maxerr=2.56E-06 time=333.853
After sweep 23 energy=-255.59909  maxlinkdim=1200 maxerr=8.85E-07 time=358.736
After sweep 24 energy=-255.64966  maxlinkdim=1200 maxerr=9.95E-07 time=361.450
After sweep 25 energy=-255.6865  maxlinkdim=1200 maxerr=2.50E-06 time=355.931
After sweep 26 energy=-255.72513  maxlinkdim=1200 maxerr=1.12E-06 time=371.314
After sweep 27 energy=-255.75757  maxlinkdim=1200 maxerr=7.78E-07 time=385.342
After sweep 28 energy=-255.78574  maxlinkdim=1200 maxerr=8.38E-07 time=391.352
After sweep 29 energy=-255.8153  maxlinkdim=1200 maxerr=1.02E-06 time=398.835
After sweep 30 energy=-255.83377  maxlinkdim=1200 maxerr=1.01E-06 time=409.758
n0: 0.9155626; n1: 0.9360873; mu0: 1.69; mu1: 1.7
n_target > n1 and n_target > n0 triggered
After sweep 1 energy=-243.34016  maxlinkdim=10 maxerr=5.67E-03 time=1.365
After sweep 2 energy=-251.70583  maxlinkdim=20 maxerr=1.98E-03 time=1.543
After sweep 3 energy=-255.46153  maxlinkdim=100 maxerr=1.47E-05 time=2.645
After sweep 4 energy=-255.83916  maxlinkdim=1200 maxerr=1.82E-10 time=79.730
After sweep 5 energy=-256.32407  maxlinkdim=1200 maxerr=2.31E-08 time=180.922
After sweep 6 energy=-256.67416  maxlinkdim=1200 maxerr=6.44E-09 time=119.542
After sweep 7 energy=-256.9009  maxlinkdim=1200 maxerr=7.71E-10 time=94.013
After sweep 8 energy=-257.17935  maxlinkdim=1200 maxerr=1.08E-07 time=128.643
After sweep 9 energy=-257.48602  maxlinkdim=1200 maxerr=3.39E-08 time=198.317
After sweep 10 energy=-257.6781  maxlinkdim=1200 maxerr=5.53E-08 time=180.704
After sweep 11 energy=-257.88187  maxlinkdim=1200 maxerr=5.57E-09 time=205.576
After sweep 12 energy=-258.09418  maxlinkdim=1200 maxerr=6.06E-08 time=225.425
After sweep 13 energy=-258.35703  maxlinkdim=1200 maxerr=4.90E-08 time=263.836
After sweep 14 energy=-258.5612  maxlinkdim=1200 maxerr=8.82E-08 time=258.528
After sweep 15 energy=-258.72568  maxlinkdim=1200 maxerr=7.12E-07 time=265.643
After sweep 16 energy=-258.867  maxlinkdim=1200 maxerr=1.63E-07 time=285.839
After sweep 17 energy=-258.97516  maxlinkdim=1200 maxerr=2.68E-06 time=287.848
After sweep 18 energy=-259.06033  maxlinkdim=1200 maxerr=5.01E-07 time=299.311
After sweep 19 energy=-259.11923  maxlinkdim=1200 maxerr=1.20E-06 time=309.440
After sweep 20 energy=-259.1727  maxlinkdim=1200 maxerr=7.16E-07 time=322.729
After sweep 21 energy=-259.2192  maxlinkdim=1200 maxerr=7.49E-06 time=324.037
After sweep 22 energy=-259.25998  maxlinkdim=1200 maxerr=6.79E-07 time=331.543
After sweep 23 energy=-259.29633  maxlinkdim=1200 maxerr=9.80E-07 time=347.441
After sweep 24 energy=-259.3333  maxlinkdim=1200 maxerr=1.65E-06 time=352.408
After sweep 25 energy=-259.36212  maxlinkdim=1200 maxerr=4.07E-07 time=360.654
After sweep 26 energy=-259.38223  maxlinkdim=1200 maxerr=1.28E-06 time=366.273
After sweep 27 energy=-259.40128  maxlinkdim=1200 maxerr=2.78E-06 time=372.857
After sweep 28 energy=-259.41843  maxlinkdim=1200 maxerr=2.60E-06 time=386.559
After sweep 29 energy=-259.4366  maxlinkdim=1200 maxerr=9.23E-07 time=401.354
After sweep 30 energy=-259.45206  maxlinkdim=1200 maxerr=9.06E-07 time=407.842
n0: 0.9360873; n1: 0.94128513; mu0: 1.7; mu1: 1.73

Range found between mu0: 1.7 (n0: 0.9360873) and mu1: 1.73 (n1: 0.94128513); refining...
n0: 0.9360873; n1: 0.94128513; mu0: 1.7; mu1: 1.73
Trying secant step...
After sweep 1 energy=-240.38875  maxlinkdim=10 maxerr=6.31E-03 time=1.378
After sweep 2 energy=-248.90285  maxlinkdim=20 maxerr=2.56E-03 time=1.531
After sweep 3 energy=-252.67174  maxlinkdim=100 maxerr=8.48E-06 time=2.606
After sweep 4 energy=-253.09982  maxlinkdim=1200 maxerr=1.52E-10 time=77.584
After sweep 5 energy=-253.63144  maxlinkdim=1200 maxerr=9.88E-08 time=167.118
After sweep 6 energy=-254.02919  maxlinkdim=1200 maxerr=2.95E-08 time=117.943
After sweep 7 energy=-254.33553  maxlinkdim=1200 maxerr=3.51E-08 time=115.200
After sweep 8 energy=-254.55925  maxlinkdim=1200 maxerr=1.19E-09 time=123.984
After sweep 9 energy=-254.72368  maxlinkdim=1200 maxerr=5.58E-08 time=117.647
After sweep 10 energy=-254.90672  maxlinkdim=1200 maxerr=5.88E-08 time=130.640
After sweep 11 energy=-255.07463  maxlinkdim=1200 maxerr=6.77E-08 time=172.211
After sweep 12 energy=-255.24593  maxlinkdim=1200 maxerr=1.70E-07 time=187.914
After sweep 13 energy=-255.40715  maxlinkdim=1200 maxerr=2.65E-07 time=210.264
After sweep 14 energy=-255.60962  maxlinkdim=1200 maxerr=4.46E-07 time=258.726
After sweep 15 energy=-255.79805  maxlinkdim=1200 maxerr=9.02E-08 time=294.625
After sweep 16 energy=-255.9177  maxlinkdim=1200 maxerr=1.81E-08 time=279.201
After sweep 17 energy=-256.00467  maxlinkdim=1200 maxerr=7.60E-08 time=257.843
After sweep 18 energy=-256.13397  maxlinkdim=1200 maxerr=7.78E-08 time=310.276
After sweep 19 energy=-256.28656  maxlinkdim=1200 maxerr=3.82E-07 time=346.152
After sweep 20 energy=-256.3908  maxlinkdim=1200 maxerr=2.14E-07 time=348.226
After sweep 21 energy=-256.45572  maxlinkdim=1200 maxerr=4.82E-07 time=341.767
After sweep 22 energy=-256.49933  maxlinkdim=1200 maxerr=2.16E-06 time=360.066
After sweep 23 energy=-256.54807  maxlinkdim=1200 maxerr=1.21E-06 time=380.243
After sweep 24 energy=-256.59204  maxlinkdim=1200 maxerr=1.01E-06 time=385.540
After sweep 25 energy=-256.63535  maxlinkdim=1200 maxerr=4.99E-07 time=391.902
After sweep 26 energy=-256.6737  maxlinkdim=1200 maxerr=8.29E-07 time=398.546
After sweep 27 energy=-256.70987  maxlinkdim=1200 maxerr=1.21E-06 time=406.144
After sweep 28 energy=-256.75983  maxlinkdim=1200 maxerr=9.02E-07 time=414.221
After sweep 29 energy=-256.79547  maxlinkdim=1200 maxerr=8.32E-07 time=418.836
After sweep 30 energy=-256.8258  maxlinkdim=1200 maxerr=1.98E-06 time=420.945
n0: 0.9360873; n1: 0.9336419; mu0: 1.7; mu1: 1.7081535462416146
Trying secant step...
After sweep 1 energy=-239.14479  maxlinkdim=10 maxerr=5.02E-03 time=1.352
After sweep 2 energy=-247.4864  maxlinkdim=20 maxerr=2.17E-03 time=1.564
After sweep 3 energy=-251.18129  maxlinkdim=100 maxerr=5.03E-06 time=2.656
After sweep 4 energy=-251.56734  maxlinkdim=1200 maxerr=1.69E-10 time=77.131
After sweep 5 energy=-252.00581  maxlinkdim=1200 maxerr=1.65E-07 time=170.155
After sweep 6 energy=-252.3367  maxlinkdim=1200 maxerr=7.22E-08 time=109.978
After sweep 7 energy=-252.61177  maxlinkdim=1200 maxerr=2.77E-08 time=110.456
After sweep 8 energy=-252.89279  maxlinkdim=1200 maxerr=1.34E-07 time=148.562
After sweep 9 energy=-253.08104  maxlinkdim=1200 maxerr=2.35E-08 time=174.925
After sweep 10 energy=-253.31755  maxlinkdim=1200 maxerr=8.76E-08 time=224.853
After sweep 11 energy=-253.49  maxlinkdim=1200 maxerr=1.04E-07 time=234.168
After sweep 12 energy=-253.64551  maxlinkdim=1200 maxerr=2.42E-07 time=245.766
After sweep 13 energy=-253.81291  maxlinkdim=1200 maxerr=1.17E-06 time=264.370
After sweep 14 energy=-253.96349  maxlinkdim=1200 maxerr=1.96E-07 time=265.377
After sweep 15 energy=-254.12782  maxlinkdim=1200 maxerr=1.18E-07 time=282.512
After sweep 16 energy=-254.26611  maxlinkdim=1200 maxerr=4.07E-08 time=289.282
After sweep 17 energy=-254.42929  maxlinkdim=1200 maxerr=6.73E-07 time=311.062
After sweep 18 energy=-254.56519  maxlinkdim=1200 maxerr=1.70E-06 time=324.926
After sweep 19 energy=-254.67711  maxlinkdim=1200 maxerr=6.72E-07 time=328.052
After sweep 20 energy=-254.7811  maxlinkdim=1200 maxerr=1.86E-06 time=335.756
After sweep 21 energy=-254.87463  maxlinkdim=1200 maxerr=7.14E-07 time=350.339
After sweep 22 energy=-254.97968  maxlinkdim=1200 maxerr=8.23E-07 time=370.285
After sweep 23 energy=-255.054  maxlinkdim=1200 maxerr=1.34E-06 time=372.316
After sweep 24 energy=-255.12465  maxlinkdim=1200 maxerr=5.50E-07 time=378.139
After sweep 25 energy=-255.17596  maxlinkdim=1200 maxerr=8.71E-07 time=386.512
After sweep 26 energy=-255.22823  maxlinkdim=1200 maxerr=1.47E-06 time=399.149
After sweep 27 energy=-255.2955  maxlinkdim=1200 maxerr=1.41E-06 time=415.976
After sweep 28 energy=-255.33879  maxlinkdim=1200 maxerr=1.45E-06 time=420.873
After sweep 29 energy=-255.37093  maxlinkdim=1200 maxerr=1.83E-06 time=418.297
After sweep 30 energy=-255.40012  maxlinkdim=1200 maxerr=1.19E-06 time=428.512
n0: 0.9138516; n1: 0.9360873; mu0: 1.6952897555397053; mu1: 1.7
Trying secant step...
After sweep 1 energy=-239.75902  maxlinkdim=10 maxerr=5.80E-03 time=1.393
After sweep 2 energy=-247.92957  maxlinkdim=20 maxerr=2.12E-03 time=1.538
After sweep 3 energy=-251.70592  maxlinkdim=100 maxerr=8.68E-06 time=2.604
After sweep 4 energy=-252.13028  maxlinkdim=1200 maxerr=1.49E-10 time=78.848
After sweep 5 energy=-252.63812  maxlinkdim=1200 maxerr=2.39E-08 time=184.116
After sweep 6 energy=-252.96239  maxlinkdim=1035 maxerr=6.27E-08 time=117.596
After sweep 7 energy=-253.18071  maxlinkdim=1200 maxerr=2.86E-08 time=88.501
After sweep 8 energy=-253.36633  maxlinkdim=1200 maxerr=1.58E-08 time=100.965
After sweep 9 energy=-253.57996  maxlinkdim=1200 maxerr=1.43E-07 time=140.350
After sweep 10 energy=-253.77623  maxlinkdim=1200 maxerr=4.21E-08 time=192.424
After sweep 11 energy=-253.9882  maxlinkdim=1200 maxerr=3.04E-08 time=228.382
After sweep 12 energy=-254.19308  maxlinkdim=1200 maxerr=2.65E-07 time=225.674
After sweep 13 energy=-254.35832  maxlinkdim=1200 maxerr=3.01E-07 time=223.705
After sweep 14 energy=-254.52917  maxlinkdim=1200 maxerr=7.46E-07 time=236.965
After sweep 15 energy=-254.73645  maxlinkdim=1200 maxerr=1.92E-07 time=270.464
After sweep 16 energy=-254.91722  maxlinkdim=1200 maxerr=6.57E-07 time=282.303
After sweep 17 energy=-255.12897  maxlinkdim=1200 maxerr=1.39E-06 time=290.897
After sweep 18 energy=-255.27669  maxlinkdim=1200 maxerr=2.22E-07 time=304.568
After sweep 19 energy=-255.42041  maxlinkdim=1200 maxerr=5.62E-06 time=320.092
After sweep 20 energy=-255.52043  maxlinkdim=1200 maxerr=6.40E-07 time=319.413
After sweep 21 energy=-255.60144  maxlinkdim=1200 maxerr=2.42E-06 time=337.364
After sweep 22 energy=-255.64862  maxlinkdim=1200 maxerr=5.11E-07 time=344.740
After sweep 23 energy=-255.68965  maxlinkdim=1200 maxerr=9.31E-07 time=347.842
After sweep 24 energy=-255.73148  maxlinkdim=1200 maxerr=3.63E-06 time=354.272
After sweep 25 energy=-255.76462  maxlinkdim=1200 maxerr=1.46E-06 time=368.921
After sweep 26 energy=-255.80376  maxlinkdim=1200 maxerr=1.27E-06 time=382.931
After sweep 27 energy=-255.83165  maxlinkdim=1200 maxerr=1.55E-06 time=375.767
After sweep 28 energy=-255.85536  maxlinkdim=1200 maxerr=9.66E-07 time=388.949
After sweep 29 energy=-255.87538  maxlinkdim=1200 maxerr=1.84E-06 time=398.477
After sweep 30 energy=-255.89238  maxlinkdim=1200 maxerr=9.43E-07 time=402.015
n0: 0.9360873; n1: 0.93246883; mu0: 1.7; mu1: 1.7002992537359394
Trying secant step...
After sweep 1 energy=-239.28914  maxlinkdim=10 maxerr=4.50E-03 time=1.337
After sweep 2 energy=-247.59901  maxlinkdim=20 maxerr=2.15E-03 time=1.495
After sweep 3 energy=-251.578  maxlinkdim=100 maxerr=7.88E-06 time=2.618
After sweep 4 energy=-252.00613  maxlinkdim=1200 maxerr=2.58E-10 time=79.786
After sweep 5 energy=-252.50754  maxlinkdim=1200 maxerr=1.81E-08 time=176.502
After sweep 6 energy=-252.86006  maxlinkdim=1006 maxerr=1.00E-10 time=112.132
After sweep 7 energy=-253.15277  maxlinkdim=1200 maxerr=3.21E-08 time=106.087
After sweep 8 energy=-253.3642  maxlinkdim=1096 maxerr=2.23E-08 time=114.830
After sweep 9 energy=-253.62611  maxlinkdim=1200 maxerr=4.10E-08 time=143.136
After sweep 10 energy=-253.9095  maxlinkdim=1200 maxerr=4.75E-08 time=213.212
After sweep 11 energy=-254.11736  maxlinkdim=1200 maxerr=4.65E-08 time=231.116
After sweep 12 energy=-254.35551  maxlinkdim=1200 maxerr=3.72E-07 time=278.289
After sweep 13 energy=-254.50224  maxlinkdim=1200 maxerr=9.37E-08 time=252.352
After sweep 14 energy=-254.62901  maxlinkdim=1200 maxerr=2.01E-08 time=259.603
After sweep 15 energy=-254.78049  maxlinkdim=1200 maxerr=1.16E-06 time=267.295
After sweep 16 energy=-254.91435  maxlinkdim=1200 maxerr=1.62E-06 time=289.487
After sweep 17 energy=-255.08792  maxlinkdim=1200 maxerr=4.70E-06 time=306.146
After sweep 18 energy=-255.24599  maxlinkdim=1200 maxerr=7.18E-07 time=334.609
After sweep 19 energy=-255.3469  maxlinkdim=1200 maxerr=2.89E-07 time=318.230
After sweep 20 energy=-255.42912  maxlinkdim=1200 maxerr=1.69E-06 time=337.673
After sweep 21 energy=-255.48795  maxlinkdim=1200 maxerr=1.19E-06 time=340.080
After sweep 22 energy=-255.55867  maxlinkdim=1200 maxerr=3.91E-07 time=354.479
After sweep 23 energy=-255.6019  maxlinkdim=1200 maxerr=4.70E-07 time=352.723
After sweep 24 energy=-255.66374  maxlinkdim=1200 maxerr=9.20E-07 time=383.846
After sweep 25 energy=-255.71892  maxlinkdim=1200 maxerr=3.00E-06 time=384.380
After sweep 26 energy=-255.76381  maxlinkdim=1200 maxerr=1.69E-06 time=397.717
After sweep 27 energy=-255.7984  maxlinkdim=1200 maxerr=1.10E-06 time=408.547
After sweep 28 energy=-255.83904  maxlinkdim=1200 maxerr=1.35E-06 time=411.383
After sweep 29 energy=-255.881  maxlinkdim=1200 maxerr=1.12E-06 time=417.220
After sweep 30 energy=-255.92311  maxlinkdim=1200 maxerr=1.75E-06 time=424.796
n0: 0.9144073; n1: 0.9360873; mu0: 1.699883168399626; mu1: 1.7
Trying secant step...
After sweep 1 energy=-239.71535  maxlinkdim=10 maxerr=5.70E-03 time=1.348
After sweep 2 energy=-248.00824  maxlinkdim=20 maxerr=2.06E-03 time=1.515
After sweep 3 energy=-251.70326  maxlinkdim=100 maxerr=9.99E-06 time=2.599
After sweep 4 energy=-252.09229  maxlinkdim=1200 maxerr=2.13E-10 time=80.618
After sweep 5 energy=-252.56837  maxlinkdim=1200 maxerr=1.94E-09 time=177.041
After sweep 6 energy=-252.95724  maxlinkdim=1200 maxerr=8.44E-08 time=130.348
After sweep 7 energy=-253.21527  maxlinkdim=1200 maxerr=1.99E-09 time=113.291
After sweep 8 energy=-253.42671  maxlinkdim=1200 maxerr=4.77E-09 time=128.218
After sweep 9 energy=-253.61241  maxlinkdim=1200 maxerr=4.35E-08 time=131.471
After sweep 10 energy=-253.81064  maxlinkdim=1200 maxerr=1.26E-07 time=155.555
After sweep 11 energy=-254.05179  maxlinkdim=1200 maxerr=1.29E-07 time=187.804
After sweep 12 energy=-254.23143  maxlinkdim=1200 maxerr=7.84E-07 time=197.045
After sweep 13 energy=-254.3905  maxlinkdim=1200 maxerr=5.42E-07 time=213.165
After sweep 14 energy=-254.53487  maxlinkdim=1200 maxerr=1.65E-07 time=213.464
After sweep 15 energy=-254.69762  maxlinkdim=1200 maxerr=2.03E-07 time=247.134
After sweep 16 energy=-254.86472  maxlinkdim=1200 maxerr=1.64E-06 time=280.847
After sweep 17 energy=-254.9867  maxlinkdim=1200 maxerr=1.38E-06 time=265.538
After sweep 18 energy=-255.1023  maxlinkdim=1200 maxerr=8.86E-07 time=292.881
After sweep 19 energy=-255.20515  maxlinkdim=1200 maxerr=4.47E-07 time=300.670
After sweep 20 energy=-255.29547  maxlinkdim=1200 maxerr=1.44E-06 time=314.006
After sweep 21 energy=-255.39766  maxlinkdim=1200 maxerr=1.15E-06 time=339.694
After sweep 22 energy=-255.47554  maxlinkdim=1200 maxerr=1.29E-06 time=344.058
After sweep 23 energy=-255.55498  maxlinkdim=1200 maxerr=1.26E-07 time=359.006
After sweep 24 energy=-255.61116  maxlinkdim=1200 maxerr=1.76E-06 time=361.148
After sweep 25 energy=-255.66463  maxlinkdim=1200 maxerr=9.10E-07 time=374.832
After sweep 26 energy=-255.71909  maxlinkdim=1200 maxerr=1.76E-06 time=387.153
After sweep 27 energy=-255.7677  maxlinkdim=1200 maxerr=1.34E-06 time=394.951
After sweep 28 energy=-255.81372  maxlinkdim=1200 maxerr=1.73E-06 time=413.256
After sweep 29 energy=-255.86278  maxlinkdim=1200 maxerr=9.22E-07 time=417.584
After sweep 30 energy=-255.89247  maxlinkdim=1200 maxerr=1.79E-06 time=417.696
n0: 0.9360873; n1: 0.9228374; mu0: 1.7; mu1: 1.7000076128605297
Trying secant step...
After sweep 1 energy=-239.54984  maxlinkdim=10 maxerr=4.83E-03 time=1.355
After sweep 2 energy=-247.88055  maxlinkdim=20 maxerr=2.29E-03 time=1.517
After sweep 3 energy=-251.74538  maxlinkdim=100 maxerr=1.09E-05 time=2.625
After sweep 4 energy=-252.1267  maxlinkdim=1200 maxerr=1.62E-10 time=75.235
After sweep 5 energy=-252.61116  maxlinkdim=1200 maxerr=3.13E-08 time=169.283
After sweep 6 energy=-252.92839  maxlinkdim=1200 maxerr=5.07E-08 time=107.217
After sweep 7 energy=-253.14697  maxlinkdim=1156 maxerr=2.84E-08 time=79.837
After sweep 8 energy=-253.34563  maxlinkdim=1200 maxerr=1.19E-07 time=85.688
After sweep 9 energy=-253.5406  maxlinkdim=1200 maxerr=4.93E-08 time=108.076
After sweep 10 energy=-253.74806  maxlinkdim=1200 maxerr=8.27E-08 time=133.899
After sweep 11 energy=-253.97531  maxlinkdim=1200 maxerr=2.30E-08 time=182.482
After sweep 12 energy=-254.19345  maxlinkdim=1200 maxerr=1.72E-08 time=213.504
After sweep 13 energy=-254.37268  maxlinkdim=1200 maxerr=4.10E-08 time=226.687
After sweep 14 energy=-254.53941  maxlinkdim=1200 maxerr=6.84E-09 time=255.876
After sweep 15 energy=-254.73161  maxlinkdim=1200 maxerr=8.99E-09 time=290.336
After sweep 16 energy=-254.91255  maxlinkdim=1200 maxerr=1.01E-07 time=312.185
After sweep 17 energy=-255.10631  maxlinkdim=1200 maxerr=2.95E-07 time=330.545
After sweep 18 energy=-255.26297  maxlinkdim=1200 maxerr=1.21E-06 time=335.134
After sweep 19 energy=-255.39244  maxlinkdim=1200 maxerr=5.85E-08 time=328.495
After sweep 20 energy=-255.47577  maxlinkdim=1200 maxerr=3.11E-07 time=335.391
After sweep 21 energy=-255.54631  maxlinkdim=1200 maxerr=1.06E-06 time=340.081
After sweep 22 energy=-255.5992  maxlinkdim=1200 maxerr=9.66E-07 time=363.984
After sweep 23 energy=-255.65773  maxlinkdim=1200 maxerr=4.20E-07 time=384.335
After sweep 24 energy=-255.6861  maxlinkdim=1200 maxerr=4.83E-07 time=392.114
After sweep 25 energy=-255.70697  maxlinkdim=1200 maxerr=1.58E-07 time=405.989
After sweep 26 energy=-255.72546  maxlinkdim=1200 maxerr=5.52E-07 time=407.005
After sweep 27 energy=-255.74706  maxlinkdim=1200 maxerr=1.68E-06 time=418.699
After sweep 28 energy=-255.78694  maxlinkdim=1200 maxerr=1.12E-06 time=422.015
After sweep 29 energy=-255.82253  maxlinkdim=1200 maxerr=1.02E-06 time=418.386
After sweep 30 energy=-255.8618  maxlinkdim=1200 maxerr=3.06E-06 time=425.470
n0: 0.93311083; n1: 0.9360873; mu0: 1.6999991883272945; mu1: 1.7
Trying secant step...
After sweep 1 energy=-239.48563  maxlinkdim=10 maxerr=4.67E-03 time=1.342
After sweep 2 energy=-247.68355  maxlinkdim=20 maxerr=1.97E-03 time=1.496
After sweep 3 energy=-251.621  maxlinkdim=100 maxerr=9.56E-06 time=2.609
After sweep 4 energy=-252.06383  maxlinkdim=1200 maxerr=1.73E-10 time=78.713
After sweep 5 energy=-252.5756  maxlinkdim=1200 maxerr=4.62E-08 time=176.659
After sweep 6 energy=-252.88458  maxlinkdim=1200 maxerr=4.60E-09 time=108.073
After sweep 7 energy=-253.10468  maxlinkdim=1029 maxerr=4.56E-09 time=77.848
After sweep 8 energy=-253.28166  maxlinkdim=1200 maxerr=3.28E-08 time=81.827
After sweep 9 energy=-253.44868  maxlinkdim=1200 maxerr=2.98E-09 time=91.654
After sweep 10 energy=-253.59317  maxlinkdim=1200 maxerr=3.36E-08 time=113.708
After sweep 11 energy=-253.77055  maxlinkdim=1200 maxerr=2.85E-08 time=143.003
After sweep 12 energy=-253.97885  maxlinkdim=1200 maxerr=1.54E-07 time=187.453
After sweep 13 energy=-254.1314  maxlinkdim=1200 maxerr=1.68E-08 time=189.537
After sweep 14 energy=-254.25877  maxlinkdim=1200 maxerr=6.66E-08 time=194.888
After sweep 15 energy=-254.43753  maxlinkdim=1200 maxerr=1.49E-06 time=236.724
After sweep 16 energy=-254.597  maxlinkdim=1200 maxerr=3.02E-07 time=251.282
After sweep 17 energy=-254.7328  maxlinkdim=1200 maxerr=5.99E-08 time=265.697
After sweep 18 energy=-254.88806  maxlinkdim=1200 maxerr=1.86E-06 time=273.593
After sweep 19 energy=-255.03325  maxlinkdim=1200 maxerr=3.05E-07 time=312.632
After sweep 20 energy=-255.18733  maxlinkdim=1200 maxerr=8.36E-07 time=333.113
After sweep 21 energy=-255.29146  maxlinkdim=1200 maxerr=1.95E-07 time=349.606
After sweep 22 energy=-255.38394  maxlinkdim=1200 maxerr=1.17E-07 time=336.134
slurmstepd: error: *** STEP 47617494.0 ON nid008193 CANCELLED AT 2026-01-16T14:43:21 ***
slurmstepd: error: *** JOB 47617494 ON nid008193 CANCELLED AT 2026-01-16T14:43:21 ***
