outfile_name: results_U_-4.0_t_p_0.075.h5
[ Info:  started timer at: 2025-11-11T15:29:57.659
Starting fresh run
Running with t_p=0.075 U=-4.0 L=100 chi_max=300 E_p=1.476 mu_init=-2.65
After sweep 1 energy=-5.49463225590423  maxlinkdim=16 maxerr=9.29E-11 time=29.721
After sweep 2 energy=-6.772056977975498  maxlinkdim=83 maxerr=1.00E-10 time=2.701
After sweep 3 energy=-7.035848833029928  maxlinkdim=122 maxerr=1.00E-10 time=4.224
After sweep 4 energy=-7.169236682575559  maxlinkdim=94 maxerr=9.99E-11 time=4.297
After sweep 5 energy=-7.265224983386487  maxlinkdim=101 maxerr=1.00E-10 time=4.466
After sweep 6 energy=-7.325415280246313  maxlinkdim=148 maxerr=1.00E-10 time=4.751
After sweep 7 energy=-7.360749946230223  maxlinkdim=111 maxerr=1.00E-10 time=4.675
After sweep 8 energy=-7.383539889124894  maxlinkdim=127 maxerr=1.00E-10 time=4.875
After sweep 9 energy=-7.396812572762216  maxlinkdim=122 maxerr=1.00E-10 time=5.103
After sweep 10 energy=-7.402464691718878  maxlinkdim=117 maxerr=1.00E-10 time=5.343
After sweep 11 energy=-7.403981067376618  maxlinkdim=106 maxerr=1.00E-10 time=5.306
After sweep 12 energy=-7.4045917755764075  maxlinkdim=109 maxerr=1.00E-10 time=5.072
After sweep 13 energy=-7.404812765878506  maxlinkdim=116 maxerr=1.00E-10 time=5.367
After sweep 14 energy=-7.404864766450737  maxlinkdim=109 maxerr=9.99E-11 time=5.543
After sweep 15 energy=-7.404867316523389  maxlinkdim=110 maxerr=9.99E-11 time=5.575
After sweep 16 energy=-7.404867377206465  maxlinkdim=89 maxerr=1.00E-10 time=5.412
After sweep 17 energy=-7.404867376154492  maxlinkdim=89 maxerr=1.00E-10 time=5.501
After sweep 18 energy=-7.404867376165079  maxlinkdim=89 maxerr=9.86E-11 time=5.330
After sweep 19 energy=-7.404867376164288  maxlinkdim=89 maxerr=9.86E-11 time=5.492
After sweep 20 energy=-7.404867376163821  maxlinkdim=89 maxerr=9.86E-11 time=5.331
After sweep 21 energy=-7.404867376163698  maxlinkdim=89 maxerr=9.86E-11 time=5.496
After sweep 22 energy=-7.404867376163673  maxlinkdim=89 maxerr=9.86E-11 time=5.323
After sweep 23 energy=-7.404867376163713  maxlinkdim=89 maxerr=9.86E-11 time=5.530
After sweep 24 energy=-7.404867376163715  maxlinkdim=89 maxerr=9.86E-11 time=5.328
After sweep 25 energy=-7.404867376163809  maxlinkdim=89 maxerr=9.86E-11 time=5.478
After sweep 26 energy=-7.404867376133094  maxlinkdim=89 maxerr=1.00E-10 time=5.344
After sweep 27 energy=-7.404867376135326  maxlinkdim=89 maxerr=9.86E-11 time=5.528
After sweep 28 energy=-7.404867376135468  maxlinkdim=89 maxerr=9.86E-11 time=5.322
After sweep 29 energy=-7.4048673761355595  maxlinkdim=89 maxerr=9.86E-11 time=5.358
After sweep 30 energy=-7.40486737613559  maxlinkdim=89 maxerr=9.86E-11 time=5.470
Not same mu, searching again
After sweep 1 energy=-5.970432957415878  maxlinkdim=16 maxerr=9.85E-11 time=0.822
After sweep 2 energy=-7.233250446708062  maxlinkdim=83 maxerr=9.99E-11 time=2.673
After sweep 3 energy=-7.511396587204857  maxlinkdim=131 maxerr=9.99E-11 time=3.919
After sweep 4 energy=-7.65180835756247  maxlinkdim=90 maxerr=1.00E-10 time=4.396
After sweep 5 energy=-7.744133150151632  maxlinkdim=103 maxerr=9.99E-11 time=4.126
After sweep 6 energy=-7.815237123013995  maxlinkdim=117 maxerr=9.99E-11 time=4.254
After sweep 7 energy=-7.862356948411626  maxlinkdim=142 maxerr=1.00E-10 time=4.661
After sweep 8 energy=-7.884891505196108  maxlinkdim=103 maxerr=1.00E-10 time=4.926
After sweep 9 energy=-7.8956723310791785  maxlinkdim=123 maxerr=9.99E-11 time=5.002
After sweep 10 energy=-7.902305759863209  maxlinkdim=130 maxerr=9.99E-11 time=4.831
After sweep 11 energy=-7.905697202097792  maxlinkdim=139 maxerr=1.00E-10 time=5.062
After sweep 12 energy=-7.907269380025469  maxlinkdim=126 maxerr=1.00E-10 time=5.264
After sweep 13 energy=-7.907716480271391  maxlinkdim=108 maxerr=1.00E-10 time=5.501
After sweep 14 energy=-7.907841544240058  maxlinkdim=113 maxerr=1.00E-10 time=5.399
After sweep 15 energy=-7.907868585147723  maxlinkdim=106 maxerr=9.99E-11 time=5.543
After sweep 16 energy=-7.907871633654153  maxlinkdim=109 maxerr=9.96E-11 time=5.829
After sweep 17 energy=-7.9078716686186254  maxlinkdim=92 maxerr=1.00E-10 time=5.607
After sweep 18 energy=-7.907871667973971  maxlinkdim=92 maxerr=9.99E-11 time=5.576
After sweep 19 energy=-7.907871667046635  maxlinkdim=92 maxerr=1.00E-10 time=5.544
After sweep 20 energy=-7.907871666765937  maxlinkdim=92 maxerr=1.00E-10 time=5.758
After sweep 21 energy=-7.907871666431524  maxlinkdim=92 maxerr=1.00E-10 time=5.500
After sweep 22 energy=-7.907871666319692  maxlinkdim=92 maxerr=1.00E-10 time=5.525
After sweep 23 energy=-7.907871666263859  maxlinkdim=92 maxerr=1.00E-10 time=5.522
After sweep 24 energy=-7.907871666486519  maxlinkdim=92 maxerr=1.00E-10 time=5.733
After sweep 25 energy=-7.907871666430558  maxlinkdim=92 maxerr=1.00E-10 time=5.505
After sweep 26 energy=-7.907871666319247  maxlinkdim=92 maxerr=1.00E-10 time=5.545
After sweep 27 energy=-7.907871666264294  maxlinkdim=92 maxerr=1.00E-10 time=5.553
After sweep 28 energy=-7.907871666486854  maxlinkdim=92 maxerr=1.00E-10 time=5.567
After sweep 29 energy=-7.907871666430946  maxlinkdim=92 maxerr=1.00E-10 time=5.764
After sweep 30 energy=-7.9078716663196165  maxlinkdim=92 maxerr=1.00E-10 time=5.506
n0: 0.49688370885319805; n1: 0.5090634383188763; mu0: -2.65; mu1: -2.64

Range found between mu0: -2.65 (n0: 0.49688370885319805) and mu1: -2.64 (n1: 0.5090634383188763); refining...
n0: 0.49688370885319805; n1: 0.5090634383188763; mu0: -2.65; mu1: -2.64
Trying secant step...
After sweep 1 energy=-5.616066854706979  maxlinkdim=16 maxerr=9.59E-11 time=0.829
After sweep 2 energy=-6.889359926429198  maxlinkdim=83 maxerr=9.99E-11 time=2.719
After sweep 3 energy=-7.155793016645859  maxlinkdim=118 maxerr=9.98E-11 time=3.937
After sweep 4 energy=-7.288185769905034  maxlinkdim=85 maxerr=9.99E-11 time=4.156
After sweep 5 energy=-7.38155486816334  maxlinkdim=101 maxerr=9.99E-11 time=4.089
After sweep 6 energy=-7.441572326218844  maxlinkdim=88 maxerr=9.99E-11 time=4.212
After sweep 7 energy=-7.4828479956876714  maxlinkdim=119 maxerr=1.00E-10 time=4.525
After sweep 8 energy=-7.505615749064343  maxlinkdim=137 maxerr=1.00E-10 time=4.579
After sweep 9 energy=-7.517892892971716  maxlinkdim=134 maxerr=1.00E-10 time=4.618
After sweep 10 energy=-7.524412487608315  maxlinkdim=129 maxerr=1.00E-10 time=4.677
After sweep 11 energy=-7.528651118707314  maxlinkdim=128 maxerr=9.99E-11 time=4.744
After sweep 12 energy=-7.531114262843307  maxlinkdim=116 maxerr=1.00E-10 time=5.123
After sweep 13 energy=-7.5319328384877355  maxlinkdim=119 maxerr=1.00E-10 time=5.491
After sweep 14 energy=-7.532334172706388  maxlinkdim=121 maxerr=9.99E-11 time=5.278
After sweep 15 energy=-7.532395404450759  maxlinkdim=117 maxerr=1.00E-10 time=5.422
After sweep 16 energy=-7.5324028495290465  maxlinkdim=128 maxerr=1.00E-10 time=5.435
After sweep 17 energy=-7.532403170000159  maxlinkdim=95 maxerr=9.99E-11 time=5.532
After sweep 18 energy=-7.532403170212466  maxlinkdim=90 maxerr=9.99E-11 time=5.487
After sweep 19 energy=-7.53240317026599  maxlinkdim=90 maxerr=9.92E-11 time=5.733
After sweep 20 energy=-7.532403170266847  maxlinkdim=90 maxerr=9.92E-11 time=5.395
After sweep 21 energy=-7.532403170266243  maxlinkdim=90 maxerr=9.92E-11 time=5.427
After sweep 22 energy=-7.532403170265944  maxlinkdim=90 maxerr=9.92E-11 time=5.435
After sweep 23 energy=-7.532403170265886  maxlinkdim=90 maxerr=9.92E-11 time=5.459
After sweep 24 energy=-7.532403170265847  maxlinkdim=90 maxerr=9.92E-11 time=5.495
After sweep 25 energy=-7.53240317026585  maxlinkdim=90 maxerr=9.92E-11 time=5.730
After sweep 26 energy=-7.5324031702658685  maxlinkdim=90 maxerr=9.92E-11 time=5.457
After sweep 27 energy=-7.532403170265859  maxlinkdim=90 maxerr=9.92E-11 time=5.401
After sweep 28 energy=-7.532403170265924  maxlinkdim=90 maxerr=9.92E-11 time=5.436
After sweep 29 energy=-7.532403170265902  maxlinkdim=90 maxerr=9.92E-11 time=5.443
After sweep 30 energy=-7.532403170265883  maxlinkdim=90 maxerr=9.92E-11 time=5.468
n0: 0.49688370885319805; n1: 0.5000352994366514; mu0: -2.65; mu1: -2.647441411851073
Trying secant step...
After sweep 1 energy=-5.614705525976524  maxlinkdim=16 maxerr=9.58E-11 time=0.830
After sweep 2 energy=-6.8878201141774245  maxlinkdim=83 maxerr=9.99E-11 time=2.736
After sweep 3 energy=-7.151776869105554  maxlinkdim=113 maxerr=9.99E-11 time=3.929
After sweep 4 energy=-7.287559101276562  maxlinkdim=87 maxerr=1.00E-10 time=4.316
After sweep 5 energy=-7.379990098159038  maxlinkdim=85 maxerr=9.99E-11 time=3.983
After sweep 6 energy=-7.436292227944993  maxlinkdim=81 maxerr=9.99E-11 time=3.927
After sweep 7 energy=-7.472713748119873  maxlinkdim=88 maxerr=1.00E-10 time=3.883
After sweep 8 energy=-7.49973836197643  maxlinkdim=135 maxerr=1.00E-10 time=4.227
After sweep 9 energy=-7.513787922382825  maxlinkdim=120 maxerr=9.99E-11 time=4.503
After sweep 10 energy=-7.521778983882428  maxlinkdim=120 maxerr=1.00E-10 time=4.587
After sweep 11 energy=-7.527625678125885  maxlinkdim=131 maxerr=1.00E-10 time=4.856
After sweep 12 energy=-7.530356980842744  maxlinkdim=108 maxerr=1.00E-10 time=5.529
After sweep 13 energy=-7.530800447681929  maxlinkdim=132 maxerr=9.99E-11 time=5.279
After sweep 14 energy=-7.530945176845956  maxlinkdim=117 maxerr=1.00E-10 time=5.284
After sweep 15 energy=-7.53096807427603  maxlinkdim=122 maxerr=1.00E-10 time=5.395
After sweep 16 energy=-7.530970210236291  maxlinkdim=108 maxerr=9.99E-11 time=5.498
After sweep 17 energy=-7.530970244338509  maxlinkdim=89 maxerr=1.00E-10 time=5.510
After sweep 18 energy=-7.530970244195885  maxlinkdim=89 maxerr=9.90E-11 time=5.465
After sweep 19 energy=-7.530970244205621  maxlinkdim=89 maxerr=9.90E-11 time=5.475
After sweep 20 energy=-7.5309702442050614  maxlinkdim=89 maxerr=9.90E-11 time=5.632
After sweep 21 energy=-7.530970244204603  maxlinkdim=89 maxerr=9.90E-11 time=5.399
After sweep 22 energy=-7.530970244204462  maxlinkdim=89 maxerr=9.90E-11 time=5.411
After sweep 23 energy=-7.530970244204348  maxlinkdim=89 maxerr=9.90E-11 time=5.453
After sweep 24 energy=-7.530970244204292  maxlinkdim=89 maxerr=9.90E-11 time=5.440
After sweep 25 energy=-7.530970244204282  maxlinkdim=89 maxerr=9.90E-11 time=5.449
After sweep 26 energy=-7.530970244204262  maxlinkdim=89 maxerr=9.90E-11 time=5.497
After sweep 27 energy=-7.530970244204297  maxlinkdim=89 maxerr=9.90E-11 time=5.732
After sweep 28 energy=-7.530970244204288  maxlinkdim=89 maxerr=9.90E-11 time=5.392
After sweep 29 energy=-7.530970244204285  maxlinkdim=89 maxerr=9.90E-11 time=5.404
After sweep 30 energy=-7.530970244204265  maxlinkdim=89 maxerr=9.90E-11 time=5.429
FOUND MU (secant); mu: -2.6474700693552404  n: 0.5000001371672557
Target density achieved with mu=-2.6474700693552404, n=0.5000001371672557
Checking {alpha,beta} vs measured
NOT CONVERGED; updating alpha, beta and continuing...
After sweep 1 energy=-4.810191627857901  maxlinkdim=16 maxerr=4.18E-12 time=1.030
After sweep 2 energy=-5.740477680942643  maxlinkdim=92 maxerr=9.99E-11 time=4.555
After sweep 3 energy=-5.878169510090827  maxlinkdim=120 maxerr=9.99E-11 time=7.427
After sweep 4 energy=-5.962108046473076  maxlinkdim=106 maxerr=9.99E-11 time=8.182
After sweep 5 energy=-6.022721116602766  maxlinkdim=97 maxerr=9.99E-11 time=7.779
After sweep 6 energy=-6.073012081482688  maxlinkdim=109 maxerr=9.98E-11 time=8.193
After sweep 7 energy=-6.116459752784766  maxlinkdim=150 maxerr=1.00E-10 time=8.592
After sweep 8 energy=-6.146427805204228  maxlinkdim=162 maxerr=1.00E-10 time=9.425
After sweep 9 energy=-6.164025516080586  maxlinkdim=150 maxerr=9.98E-11 time=9.693
After sweep 10 energy=-6.177294213835745  maxlinkdim=178 maxerr=1.00E-10 time=9.860
After sweep 11 energy=-6.1875090162981925  maxlinkdim=203 maxerr=1.00E-10 time=10.405
After sweep 12 energy=-6.193903067042572  maxlinkdim=178 maxerr=1.00E-10 time=11.562
After sweep 13 energy=-6.197188411837999  maxlinkdim=158 maxerr=1.00E-10 time=11.640
After sweep 14 energy=-6.199045824704433  maxlinkdim=198 maxerr=9.99E-11 time=11.876
After sweep 15 energy=-6.200417621149738  maxlinkdim=193 maxerr=1.00E-10 time=13.016
After sweep 16 energy=-6.201012280390495  maxlinkdim=198 maxerr=1.00E-10 time=14.433
After sweep 17 energy=-6.201205231567755  maxlinkdim=182 maxerr=9.99E-11 time=14.424
After sweep 18 energy=-6.201301976199836  maxlinkdim=184 maxerr=1.00E-10 time=15.115
After sweep 19 energy=-6.201332843337076  maxlinkdim=162 maxerr=1.00E-10 time=16.083
After sweep 20 energy=-6.201337922353538  maxlinkdim=175 maxerr=9.99E-11 time=16.357
After sweep 21 energy=-6.201338930501452  maxlinkdim=154 maxerr=1.00E-10 time=16.614
After sweep 22 energy=-6.201339018733609  maxlinkdim=143 maxerr=1.00E-10 time=16.803
After sweep 23 energy=-6.20133901673327  maxlinkdim=136 maxerr=1.00E-10 time=16.539
After sweep 24 energy=-6.201339016706403  maxlinkdim=136 maxerr=1.00E-10 time=16.392
After sweep 25 energy=-6.201339016932748  maxlinkdim=136 maxerr=9.99E-11 time=16.561
After sweep 26 energy=-6.2013390170693246  maxlinkdim=136 maxerr=9.99E-11 time=16.359
After sweep 27 energy=-6.201339017178066  maxlinkdim=136 maxerr=9.99E-11 time=16.432
After sweep 28 energy=-6.201339017260411  maxlinkdim=136 maxerr=9.99E-11 time=16.393
After sweep 29 energy=-6.201339017319995  maxlinkdim=136 maxerr=9.99E-11 time=16.380
After sweep 30 energy=-6.201339017358155  maxlinkdim=136 maxerr=9.99E-11 time=16.426
Not same mu, searching again
After sweep 1 energy=-5.3050298430334095  maxlinkdim=16 maxerr=3.86E-12 time=1.057
After sweep 2 energy=-6.232161764890765  maxlinkdim=88 maxerr=1.00E-10 time=4.560
After sweep 3 energy=-6.370087799880987  maxlinkdim=113 maxerr=1.00E-10 time=7.394
After sweep 4 energy=-6.453301060626868  maxlinkdim=109 maxerr=1.00E-10 time=8.264
After sweep 5 energy=-6.519390640663588  maxlinkdim=106 maxerr=9.99E-11 time=8.003
After sweep 6 energy=-6.568153241590114  maxlinkdim=110 maxerr=9.99E-11 time=8.212
After sweep 7 energy=-6.602441868421342  maxlinkdim=104 maxerr=9.98E-11 time=8.232
After sweep 8 energy=-6.628725537442768  maxlinkdim=100 maxerr=1.00E-10 time=7.919
After sweep 9 energy=-6.650078661681725  maxlinkdim=103 maxerr=1.00E-10 time=7.977
After sweep 10 energy=-6.668273524220215  maxlinkdim=142 maxerr=9.98E-11 time=8.288
After sweep 11 energy=-6.6833931186743305  maxlinkdim=142 maxerr=9.99E-11 time=9.721
After sweep 12 energy=-6.692752830226383  maxlinkdim=190 maxerr=9.98E-11 time=10.605
After sweep 13 energy=-6.697960456978615  maxlinkdim=164 maxerr=1.00E-10 time=11.086
After sweep 14 energy=-6.7024484891884475  maxlinkdim=169 maxerr=9.99E-11 time=11.999
After sweep 15 energy=-6.704173276602928  maxlinkdim=194 maxerr=1.00E-10 time=13.114
After sweep 16 energy=-6.704763533053806  maxlinkdim=182 maxerr=9.99E-11 time=13.515
After sweep 17 energy=-6.705103054804377  maxlinkdim=206 maxerr=1.00E-10 time=13.774
After sweep 18 energy=-6.705200328051025  maxlinkdim=185 maxerr=1.00E-10 time=14.603
After sweep 19 energy=-6.705235163216959  maxlinkdim=179 maxerr=1.00E-10 time=15.777
After sweep 20 energy=-6.705247788906145  maxlinkdim=200 maxerr=1.00E-10 time=16.232
After sweep 21 energy=-6.7052514444353735  maxlinkdim=166 maxerr=1.00E-10 time=16.677
After sweep 22 energy=-6.705252258317414  maxlinkdim=155 maxerr=1.00E-10 time=17.411
After sweep 23 energy=-6.705252305541199  maxlinkdim=141 maxerr=1.00E-10 time=17.808
After sweep 24 energy=-6.705252304746226  maxlinkdim=141 maxerr=1.00E-10 time=17.503
After sweep 25 energy=-6.705252304950227  maxlinkdim=141 maxerr=1.00E-10 time=17.406
After sweep 26 energy=-6.705252304936891  maxlinkdim=141 maxerr=1.00E-10 time=17.466
After sweep 27 energy=-6.70525230499085  maxlinkdim=141 maxerr=1.00E-10 time=17.470
After sweep 28 energy=-6.705252304950573  maxlinkdim=141 maxerr=1.00E-10 time=17.457
After sweep 29 energy=-6.705252305003613  maxlinkdim=141 maxerr=1.00E-10 time=17.400
After sweep 30 energy=-6.7052523049633495  maxlinkdim=141 maxerr=1.00E-10 time=17.432
n0: 0.49761685607495026; n1: 0.5101403483773457; mu0: -2.6474700693552404; mu1: -2.6374700693552406

Range found between mu0: -2.6474700693552404 (n0: 0.49761685607495026) and mu1: -2.6374700693552406 (n1: 0.5101403483773457); refining...
n0: 0.49761685607495026; n1: 0.5101403483773457; mu0: -2.6474700693552404; mu1: -2.6374700693552406
Trying secant step...
After sweep 1 energy=-4.904308034509903  maxlinkdim=16 maxerr=4.12E-12 time=1.043
After sweep 2 energy=-5.834342082863339  maxlinkdim=92 maxerr=9.98E-11 time=4.606
After sweep 3 energy=-5.970735786207487  maxlinkdim=111 maxerr=1.00E-10 time=7.378
After sweep 4 energy=-6.058682729396875  maxlinkdim=99 maxerr=9.98E-11 time=7.855
After sweep 5 energy=-6.119806443014453  maxlinkdim=93 maxerr=1.00E-10 time=7.903
After sweep 6 energy=-6.171111964130563  maxlinkdim=131 maxerr=1.00E-10 time=7.919
After sweep 7 energy=-6.211627497818236  maxlinkdim=176 maxerr=1.00E-10 time=8.396
After sweep 8 energy=-6.239636293647723  maxlinkdim=174 maxerr=9.97E-11 time=8.922
After sweep 9 energy=-6.260452032857671  maxlinkdim=172 maxerr=1.00E-10 time=9.758
After sweep 10 energy=-6.273543731236759  maxlinkdim=199 maxerr=1.00E-10 time=9.688
After sweep 11 energy=-6.281690665276716  maxlinkdim=172 maxerr=9.98E-11 time=9.890
After sweep 12 energy=-6.287468565105274  maxlinkdim=207 maxerr=9.99E-11 time=9.820
After sweep 13 energy=-6.2922945562580885  maxlinkdim=142 maxerr=9.99E-11 time=10.897
After sweep 14 energy=-6.29453510170854  maxlinkdim=182 maxerr=9.99E-11 time=11.256
After sweep 15 energy=-6.295750426181602  maxlinkdim=182 maxerr=1.00E-10 time=12.319
After sweep 16 energy=-6.296157170918042  maxlinkdim=183 maxerr=1.00E-10 time=13.862
After sweep 17 energy=-6.296244687356573  maxlinkdim=191 maxerr=9.99E-11 time=14.662
After sweep 18 energy=-6.296260560423404  maxlinkdim=171 maxerr=9.99E-11 time=15.849
After sweep 19 energy=-6.29626242967753  maxlinkdim=163 maxerr=9.99E-11 time=16.660
After sweep 20 energy=-6.296262542449196  maxlinkdim=142 maxerr=9.99E-11 time=17.203
After sweep 21 energy=-6.2962625391778815  maxlinkdim=137 maxerr=1.00E-10 time=16.724
After sweep 22 energy=-6.296262539777308  maxlinkdim=137 maxerr=9.98E-11 time=16.504
After sweep 23 energy=-6.296262540130049  maxlinkdim=137 maxerr=9.97E-11 time=16.643
After sweep 24 energy=-6.296262540253824  maxlinkdim=137 maxerr=9.94E-11 time=16.409
After sweep 25 energy=-6.296262540350696  maxlinkdim=137 maxerr=9.96E-11 time=16.609
After sweep 26 energy=-6.296262540371281  maxlinkdim=137 maxerr=9.97E-11 time=16.431
After sweep 27 energy=-6.296262540419871  maxlinkdim=137 maxerr=9.98E-11 time=16.622
After sweep 28 energy=-6.2962625404529895  maxlinkdim=137 maxerr=9.98E-11 time=16.380
After sweep 29 energy=-6.296262540475903  maxlinkdim=137 maxerr=9.98E-11 time=16.603
After sweep 30 energy=-6.2962625404915435  maxlinkdim=137 maxerr=9.98E-11 time=16.401
n0: 0.49761685607495026; n1: 0.5000323604076125; mu0: -2.6474700693552404; mu1: -2.6455671305682746
Trying secant step...
After sweep 1 energy=-4.903047023146627  maxlinkdim=16 maxerr=4.12E-12 time=1.264
After sweep 2 energy=-5.833049750259078  maxlinkdim=92 maxerr=9.97E-11 time=4.597
After sweep 3 energy=-5.969371325671535  maxlinkdim=111 maxerr=9.99E-11 time=7.328
After sweep 4 energy=-6.056076882452856  maxlinkdim=98 maxerr=1.00E-10 time=7.777
After sweep 5 energy=-6.117870362542318  maxlinkdim=93 maxerr=1.00E-10 time=7.680
After sweep 6 energy=-6.16828830104972  maxlinkdim=100 maxerr=9.99E-11 time=7.924
After sweep 7 energy=-6.207527416053347  maxlinkdim=141 maxerr=9.99E-11 time=8.120
After sweep 8 energy=-6.235267376722427  maxlinkdim=207 maxerr=1.00E-10 time=8.589
After sweep 9 energy=-6.255665289077922  maxlinkdim=184 maxerr=1.00E-10 time=8.878
After sweep 10 energy=-6.268789340516921  maxlinkdim=202 maxerr=9.99E-11 time=9.052
After sweep 11 energy=-6.2785181162368815  maxlinkdim=217 maxerr=9.98E-11 time=9.814
After sweep 12 energy=-6.286228478820425  maxlinkdim=189 maxerr=9.99E-11 time=11.151
After sweep 13 energy=-6.289923263146668  maxlinkdim=198 maxerr=1.00E-10 time=11.942
After sweep 14 energy=-6.292430620799786  maxlinkdim=170 maxerr=9.99E-11 time=11.693
After sweep 15 energy=-6.294314493052799  maxlinkdim=216 maxerr=9.99E-11 time=12.943
After sweep 16 energy=-6.29477296751106  maxlinkdim=177 maxerr=9.99E-11 time=13.961
After sweep 17 energy=-6.29490225687451  maxlinkdim=193 maxerr=1.00E-10 time=13.818
After sweep 18 energy=-6.294974088988707  maxlinkdim=165 maxerr=1.00E-10 time=15.003
After sweep 19 energy=-6.294986158705849  maxlinkdim=172 maxerr=9.99E-11 time=16.001
After sweep 20 energy=-6.294987727717253  maxlinkdim=165 maxerr=9.99E-11 time=16.643
After sweep 21 energy=-6.294987821350534  maxlinkdim=141 maxerr=9.99E-11 time=16.954
After sweep 22 energy=-6.294987818413107  maxlinkdim=137 maxerr=1.00E-10 time=16.426
After sweep 23 energy=-6.294987818979678  maxlinkdim=137 maxerr=9.99E-11 time=16.377
After sweep 24 energy=-6.294987819252142  maxlinkdim=137 maxerr=9.98E-11 time=16.544
After sweep 25 energy=-6.294987819375733  maxlinkdim=137 maxerr=9.98E-11 time=16.304
After sweep 26 energy=-6.29498781933578  maxlinkdim=137 maxerr=1.00E-10 time=16.364
After sweep 27 energy=-6.294987819446069  maxlinkdim=137 maxerr=9.98E-11 time=16.393
After sweep 28 energy=-6.294987819447899  maxlinkdim=137 maxerr=1.00E-10 time=16.331
After sweep 29 energy=-6.294987819480575  maxlinkdim=137 maxerr=1.00E-10 time=16.470
After sweep 30 energy=-6.294987819502575  maxlinkdim=137 maxerr=1.00E-10 time=16.326
FOUND MU (secant); mu: -2.6455926241573255  n: 0.5000001031041567
Target density achieved with mu=-2.6455926241573255, n=0.5000001031041567
Checking {alpha,beta} vs measured
NOT CONVERGED; updating alpha, beta and continuing...
After sweep 1 energy=-4.857717506712646  maxlinkdim=16 maxerr=1.05E-12 time=1.098
After sweep 2 energy=-5.813093072816173  maxlinkdim=99 maxerr=9.97E-11 time=4.681
After sweep 3 energy=-5.93227616769484  maxlinkdim=106 maxerr=1.00E-10 time=7.744
After sweep 4 energy=-6.001371314926533  maxlinkdim=102 maxerr=9.97E-11 time=8.179
After sweep 5 energy=-6.055742539147887  maxlinkdim=111 maxerr=1.00E-10 time=8.060
After sweep 6 energy=-6.10058615839047  maxlinkdim=177 maxerr=1.00E-10 time=8.207
After sweep 7 energy=-6.130074118247281  maxlinkdim=156 maxerr=9.98E-11 time=8.477
After sweep 8 energy=-6.154263451580281  maxlinkdim=159 maxerr=9.99E-11 time=7.954
After sweep 9 energy=-6.174381392911571  maxlinkdim=204 maxerr=9.99E-11 time=8.360
After sweep 10 energy=-6.190747499481084  maxlinkdim=211 maxerr=1.00E-10 time=9.051
After sweep 11 energy=-6.201352112700813  maxlinkdim=185 maxerr=9.99E-11 time=10.085
After sweep 12 energy=-6.2094320488855175  maxlinkdim=194 maxerr=1.00E-10 time=10.583
After sweep 13 energy=-6.214500573123574  maxlinkdim=166 maxerr=1.00E-10 time=11.505
After sweep 14 energy=-6.21730369343897  maxlinkdim=203 maxerr=9.99E-11 time=12.017
After sweep 15 energy=-6.218870290190074  maxlinkdim=218 maxerr=1.00E-10 time=12.233
After sweep 16 energy=-6.219740161103978  maxlinkdim=195 maxerr=9.99E-11 time=13.896
After sweep 17 energy=-6.220072896185068  maxlinkdim=200 maxerr=1.00E-10 time=14.971
After sweep 18 energy=-6.220202816931816  maxlinkdim=204 maxerr=1.00E-10 time=15.523
After sweep 19 energy=-6.220255647890099  maxlinkdim=189 maxerr=1.00E-10 time=16.456
After sweep 20 energy=-6.220266867404842  maxlinkdim=176 maxerr=1.00E-10 time=18.104
After sweep 21 energy=-6.220267943659016  maxlinkdim=172 maxerr=1.00E-10 time=18.732
After sweep 22 energy=-6.2202680106420924  maxlinkdim=150 maxerr=1.00E-10 time=19.011
After sweep 23 energy=-6.2202680093536  maxlinkdim=150 maxerr=9.98E-11 time=18.320
After sweep 24 energy=-6.220268009761282  maxlinkdim=150 maxerr=9.99E-11 time=18.347
After sweep 25 energy=-6.220268009927416  maxlinkdim=150 maxerr=9.99E-11 time=18.522
After sweep 26 energy=-6.2202680099186605  maxlinkdim=150 maxerr=1.00E-10 time=18.192
After sweep 27 energy=-6.220268009910448  maxlinkdim=150 maxerr=9.98E-11 time=18.476
After sweep 28 energy=-6.220268009906136  maxlinkdim=150 maxerr=9.98E-11 time=18.313
After sweep 29 energy=-6.220268009904379  maxlinkdim=150 maxerr=9.98E-11 time=18.356
After sweep 30 energy=-6.22026800990363  maxlinkdim=150 maxerr=9.98E-11 time=18.400
Not same mu, searching again
After sweep 1 energy=-4.36058272880663  maxlinkdim=16 maxerr=1.13E-12 time=1.077
After sweep 2 energy=-5.313055906010072  maxlinkdim=98 maxerr=9.96E-11 time=4.631
After sweep 3 energy=-5.434643425914221  maxlinkdim=101 maxerr=1.00E-10 time=7.620
After sweep 4 energy=-5.503852958063004  maxlinkdim=95 maxerr=1.00E-10 time=7.879
After sweep 5 energy=-5.5543964742700265  maxlinkdim=97 maxerr=1.00E-10 time=7.542
After sweep 6 energy=-5.599285710576424  maxlinkdim=164 maxerr=9.99E-11 time=7.490
After sweep 7 energy=-5.636041266532665  maxlinkdim=189 maxerr=9.99E-11 time=8.030
After sweep 8 energy=-5.6637129148581655  maxlinkdim=177 maxerr=9.99E-11 time=8.741
After sweep 9 energy=-5.683216026773257  maxlinkdim=188 maxerr=9.96E-11 time=9.244
After sweep 10 energy=-5.696315123188579  maxlinkdim=158 maxerr=9.99E-11 time=8.911
After sweep 11 energy=-5.707655756407916  maxlinkdim=163 maxerr=1.00E-10 time=9.201
After sweep 12 energy=-5.715725242642976  maxlinkdim=187 maxerr=1.00E-10 time=10.079
After sweep 13 energy=-5.72025235673851  maxlinkdim=164 maxerr=1.00E-10 time=10.920
After sweep 14 energy=-5.722945001157789  maxlinkdim=147 maxerr=9.99E-11 time=10.903
After sweep 15 energy=-5.724899364299549  maxlinkdim=232 maxerr=1.00E-10 time=12.353
After sweep 16 energy=-5.72548029061803  maxlinkdim=194 maxerr=1.00E-10 time=13.294
After sweep 17 energy=-5.725763012575391  maxlinkdim=195 maxerr=1.00E-10 time=13.407
After sweep 18 energy=-5.725876075340629  maxlinkdim=171 maxerr=1.00E-10 time=13.583
After sweep 19 energy=-5.72593564271317  maxlinkdim=209 maxerr=1.00E-10 time=15.229
After sweep 20 energy=-5.725946386107667  maxlinkdim=165 maxerr=1.00E-10 time=16.399
After sweep 21 energy=-5.7259476745828675  maxlinkdim=173 maxerr=1.00E-10 time=17.481
After sweep 22 energy=-5.7259477631279125  maxlinkdim=147 maxerr=1.00E-10 time=18.047
After sweep 23 energy=-5.72594776256719  maxlinkdim=144 maxerr=1.00E-10 time=17.619
After sweep 24 energy=-5.725947762703946  maxlinkdim=144 maxerr=9.99E-11 time=17.441
After sweep 25 energy=-5.725947762792048  maxlinkdim=144 maxerr=9.98E-11 time=17.435
After sweep 26 energy=-5.725947762784937  maxlinkdim=144 maxerr=9.99E-11 time=17.558
After sweep 27 energy=-5.725947762808963  maxlinkdim=144 maxerr=1.00E-10 time=17.462
After sweep 28 energy=-5.725947762807043  maxlinkdim=144 maxerr=9.99E-11 time=17.482
After sweep 29 energy=-5.725947762806032  maxlinkdim=144 maxerr=9.99E-11 time=17.462
After sweep 30 energy=-5.725947762805622  maxlinkdim=144 maxerr=9.99E-11 time=17.551
n0: 0.48783431301851343; n1: 0.5007313455301303; mu0: -2.6555926241573253; mu1: -2.6455926241573255

Range found between mu0: -2.6555926241573253 (n0: 0.48783431301851343) and mu1: -2.6455926241573255 (n1: 0.5007313455301303); refining...
n0: 0.48783431301851343; n1: 0.5007313455301303; mu0: -2.6555926241573253; mu1: -2.6455926241573255
Trying secant step...
After sweep 1 energy=-4.829524129874155  maxlinkdim=16 maxerr=1.05E-12 time=1.127
After sweep 2 energy=-5.785224223593614  maxlinkdim=99 maxerr=9.97E-11 time=4.712
After sweep 3 energy=-5.904667589380401  maxlinkdim=106 maxerr=1.00E-10 time=7.716
After sweep 4 energy=-5.975194771109344  maxlinkdim=105 maxerr=1.00E-10 time=8.188
After sweep 5 energy=-6.030877988511994  maxlinkdim=108 maxerr=1.00E-10 time=8.163
After sweep 6 energy=-6.076282284886731  maxlinkdim=113 maxerr=9.99E-11 time=8.274
After sweep 7 energy=-6.110657539504118  maxlinkdim=124 maxerr=9.99E-11 time=8.564
After sweep 8 energy=-6.139155632484592  maxlinkdim=192 maxerr=1.00E-10 time=9.524
After sweep 9 energy=-6.15712136104472  maxlinkdim=161 maxerr=9.99E-11 time=10.078
After sweep 10 energy=-6.1704924950864335  maxlinkdim=156 maxerr=9.99E-11 time=10.342
After sweep 11 energy=-6.17872521617346  maxlinkdim=187 maxerr=9.98E-11 time=10.745
After sweep 12 energy=-6.183080826905459  maxlinkdim=185 maxerr=9.99E-11 time=11.175
After sweep 13 energy=-6.186141173449523  maxlinkdim=149 maxerr=9.99E-11 time=11.157
After sweep 14 energy=-6.1889593062918395  maxlinkdim=195 maxerr=9.99E-11 time=11.785
After sweep 15 energy=-6.190125627537744  maxlinkdim=180 maxerr=1.00E-10 time=12.441
After sweep 16 energy=-6.1909134025115415  maxlinkdim=202 maxerr=1.00E-10 time=12.651
After sweep 17 energy=-6.191471821419441  maxlinkdim=177 maxerr=1.00E-10 time=13.636
After sweep 18 energy=-6.1917973813297476  maxlinkdim=223 maxerr=9.98E-11 time=15.117
After sweep 19 energy=-6.191866775873233  maxlinkdim=201 maxerr=9.99E-11 time=16.211
After sweep 20 energy=-6.191891205597587  maxlinkdim=168 maxerr=1.00E-10 time=17.588
After sweep 21 energy=-6.1918935177884755  maxlinkdim=189 maxerr=1.00E-10 time=18.393
After sweep 22 energy=-6.191893682375237  maxlinkdim=155 maxerr=1.00E-10 time=18.847
After sweep 23 energy=-6.191893682434193  maxlinkdim=150 maxerr=1.00E-10 time=18.346
After sweep 24 energy=-6.19189368276254  maxlinkdim=150 maxerr=9.96E-11 time=18.197
After sweep 25 energy=-6.191893682805432  maxlinkdim=150 maxerr=1.00E-10 time=18.217
After sweep 26 energy=-6.191893682806127  maxlinkdim=150 maxerr=9.97E-11 time=18.186
After sweep 27 energy=-6.191893682806159  maxlinkdim=150 maxerr=9.98E-11 time=18.225
After sweep 28 energy=-6.1918936828078985  maxlinkdim=150 maxerr=9.98E-11 time=18.283
After sweep 29 energy=-6.191893682810513  maxlinkdim=150 maxerr=9.98E-11 time=18.159
After sweep 30 energy=-6.191893682813184  maxlinkdim=150 maxerr=9.99E-11 time=18.167
n0: 0.5000118493047233; n1: 0.5007313455301303; mu0: -2.646159689123217; mu1: -2.6455926241573255
Trying secant step...
After sweep 1 energy=-4.829059813338088  maxlinkdim=16 maxerr=1.05E-12 time=1.103
After sweep 2 energy=-5.784753235043509  maxlinkdim=99 maxerr=9.97E-11 time=4.684
After sweep 3 energy=-5.904170188328858  maxlinkdim=106 maxerr=9.99E-11 time=7.680
After sweep 4 energy=-5.974725950405927  maxlinkdim=105 maxerr=9.97E-11 time=8.156
After sweep 5 energy=-6.030380694640475  maxlinkdim=107 maxerr=9.98E-11 time=8.097
After sweep 6 energy=-6.075340806145526  maxlinkdim=109 maxerr=9.99E-11 time=8.151
After sweep 7 energy=-6.112524147077631  maxlinkdim=142 maxerr=1.00E-10 time=8.637
After sweep 8 energy=-6.144440951024508  maxlinkdim=168 maxerr=9.99E-11 time=10.239
After sweep 9 energy=-6.1619774946720955  maxlinkdim=146 maxerr=9.98E-11 time=11.054
After sweep 10 energy=-6.172288311457376  maxlinkdim=145 maxerr=9.99E-11 time=10.313
After sweep 11 energy=-6.179068193952529  maxlinkdim=164 maxerr=1.00E-10 time=10.299
After sweep 12 energy=-6.184739720965955  maxlinkdim=174 maxerr=1.00E-10 time=10.530
After sweep 13 energy=-6.18728910233605  maxlinkdim=177 maxerr=9.99E-11 time=10.868
After sweep 14 energy=-6.188822169448585  maxlinkdim=198 maxerr=9.99E-11 time=10.696
After sweep 15 energy=-6.190106612809819  maxlinkdim=212 maxerr=1.00E-10 time=11.721
After sweep 16 energy=-6.190991535551114  maxlinkdim=215 maxerr=1.00E-10 time=13.612
After sweep 17 energy=-6.1913076942402485  maxlinkdim=220 maxerr=9.99E-11 time=14.977
After sweep 18 energy=-6.191397782884897  maxlinkdim=212 maxerr=9.99E-11 time=16.024
After sweep 19 energy=-6.191420360097191  maxlinkdim=175 maxerr=1.00E-10 time=17.000
After sweep 20 energy=-6.1914262246531  maxlinkdim=176 maxerr=1.00E-10 time=18.106
After sweep 21 energy=-6.19142671359631  maxlinkdim=168 maxerr=1.00E-10 time=18.696
After sweep 22 energy=-6.19142673105287  maxlinkdim=150 maxerr=1.00E-10 time=18.752
After sweep 23 energy=-6.191426730444885  maxlinkdim=150 maxerr=9.99E-11 time=18.229
After sweep 24 energy=-6.191426730611971  maxlinkdim=150 maxerr=9.98E-11 time=18.231
After sweep 25 energy=-6.1914267306160955  maxlinkdim=150 maxerr=9.96E-11 time=18.312
After sweep 26 energy=-6.191426730615107  maxlinkdim=150 maxerr=9.97E-11 time=18.265
After sweep 27 energy=-6.191426730616078  maxlinkdim=150 maxerr=9.97E-11 time=18.253
After sweep 28 energy=-6.191426730618338  maxlinkdim=150 maxerr=9.97E-11 time=18.099
After sweep 29 energy=-6.191426730620886  maxlinkdim=150 maxerr=9.97E-11 time=18.338
After sweep 30 energy=-6.19142673062311  maxlinkdim=150 maxerr=9.97E-11 time=18.246
FOUND MU (secant); mu: -2.646169028054182  n: 0.49999998853718375
Target density achieved with mu=-2.646169028054182, n=0.49999998853718375
Checking {alpha,beta} vs measured
NOT CONVERGED; updating alpha, beta and continuing...
After sweep 1 energy=-4.822305227002831  maxlinkdim=16 maxerr=7.03E-13 time=1.124
After sweep 2 energy=-5.786845851888676  maxlinkdim=102 maxerr=1.00E-10 time=4.696
After sweep 3 energy=-5.898119655139885  maxlinkdim=101 maxerr=9.99E-11 time=7.861
After sweep 4 energy=-5.96874683969463  maxlinkdim=109 maxerr=1.00E-10 time=8.297
After sweep 5 energy=-6.0220486349027915  maxlinkdim=113 maxerr=1.00E-10 time=8.422
After sweep 6 energy=-6.060268451212272  maxlinkdim=134 maxerr=1.00E-10 time=8.153
After sweep 7 energy=-6.088256404137255  maxlinkdim=126 maxerr=9.99E-11 time=8.206
After sweep 8 energy=-6.111369253426984  maxlinkdim=214 maxerr=1.00E-10 time=7.872
After sweep 9 energy=-6.130844375033164  maxlinkdim=175 maxerr=1.00E-10 time=8.326
After sweep 10 energy=-6.145989988716833  maxlinkdim=160 maxerr=9.99E-11 time=8.948
After sweep 11 energy=-6.155972415145657  maxlinkdim=189 maxerr=1.00E-10 time=9.446
After sweep 12 energy=-6.164394866233572  maxlinkdim=209 maxerr=9.99E-11 time=10.210
After sweep 13 energy=-6.169431795384489  maxlinkdim=216 maxerr=9.99E-11 time=10.572
After sweep 14 energy=-6.172669476747043  maxlinkdim=221 maxerr=9.99E-11 time=11.328
After sweep 15 energy=-6.175310392777412  maxlinkdim=165 maxerr=1.00E-10 time=12.089
After sweep 16 energy=-6.176434805031289  maxlinkdim=208 maxerr=9.98E-11 time=12.473
After sweep 17 energy=-6.177115204733719  maxlinkdim=213 maxerr=1.00E-10 time=13.112
After sweep 18 energy=-6.177605525371639  maxlinkdim=207 maxerr=1.00E-10 time=13.490
After sweep 19 energy=-6.177877771144095  maxlinkdim=198 maxerr=9.99E-11 time=14.579
After sweep 20 energy=-6.178054757298237  maxlinkdim=216 maxerr=9.99E-11 time=15.918
After sweep 21 energy=-6.178086023624865  maxlinkdim=176 maxerr=1.00E-10 time=17.688
After sweep 22 energy=-6.178090011895335  maxlinkdim=187 maxerr=9.99E-11 time=18.595
After sweep 23 energy=-6.178090475696886  maxlinkdim=167 maxerr=1.00E-10 time=19.370
After sweep 24 energy=-6.178090493512184  maxlinkdim=153 maxerr=9.99E-11 time=19.259
After sweep 25 energy=-6.178090492874563  maxlinkdim=153 maxerr=1.00E-10 time=18.891
After sweep 26 energy=-6.178090493106033  maxlinkdim=153 maxerr=1.00E-10 time=19.076
After sweep 27 energy=-6.178090493175533  maxlinkdim=153 maxerr=9.99E-11 time=18.930
After sweep 28 energy=-6.178090493277513  maxlinkdim=153 maxerr=9.99E-11 time=18.890
After sweep 29 energy=-6.1780904933454375  maxlinkdim=153 maxerr=9.99E-11 time=18.743
After sweep 30 energy=-6.178090493341843  maxlinkdim=153 maxerr=9.99E-11 time=18.936
Not same mu, searching again
After sweep 1 energy=-4.32571917830377  maxlinkdim=16 maxerr=7.61E-13 time=1.129
After sweep 2 energy=-5.284287329094138  maxlinkdim=99 maxerr=9.99E-11 time=4.640
After sweep 3 energy=-5.398610789241313  maxlinkdim=99 maxerr=1.00E-10 time=7.662
After sweep 4 energy=-5.466400291654884  maxlinkdim=99 maxerr=1.00E-10 time=7.940
After sweep 5 energy=-5.522053017563654  maxlinkdim=108 maxerr=9.99E-11 time=7.829
After sweep 6 energy=-5.563808175187948  maxlinkdim=117 maxerr=9.98E-11 time=7.952
After sweep 7 energy=-5.594839676498566  maxlinkdim=173 maxerr=1.00E-10 time=7.704
After sweep 8 energy=-5.6185786926346015  maxlinkdim=179 maxerr=9.99E-11 time=7.821
After sweep 9 energy=-5.63696215559334  maxlinkdim=168 maxerr=9.98E-11 time=8.010
After sweep 10 energy=-5.651102623869286  maxlinkdim=152 maxerr=9.98E-11 time=8.425
After sweep 11 energy=-5.662046722751237  maxlinkdim=164 maxerr=9.98E-11 time=8.631
After sweep 12 energy=-5.671320758114638  maxlinkdim=172 maxerr=1.00E-10 time=9.514
After sweep 13 energy=-5.676634603963911  maxlinkdim=171 maxerr=1.00E-10 time=10.548
After sweep 14 energy=-5.6810582454539675  maxlinkdim=164 maxerr=1.00E-10 time=11.301
After sweep 15 energy=-5.682734166188402  maxlinkdim=150 maxerr=1.00E-10 time=12.108
After sweep 16 energy=-5.683483928400848  maxlinkdim=218 maxerr=1.00E-10 time=11.963
After sweep 17 energy=-5.683922282190774  maxlinkdim=188 maxerr=1.00E-10 time=12.252
After sweep 18 energy=-5.684205203449782  maxlinkdim=205 maxerr=1.00E-10 time=13.232
After sweep 19 energy=-5.684308733663395  maxlinkdim=192 maxerr=1.00E-10 time=13.929
After sweep 20 energy=-5.6843571635411045  maxlinkdim=176 maxerr=1.00E-10 time=15.969
After sweep 21 energy=-5.684363737808126  maxlinkdim=168 maxerr=1.00E-10 time=17.622
After sweep 22 energy=-5.6843645839368415  maxlinkdim=174 maxerr=1.00E-10 time=18.057
After sweep 23 energy=-5.684364632846517  maxlinkdim=147 maxerr=1.00E-10 time=18.151
After sweep 24 energy=-5.684364631969899  maxlinkdim=147 maxerr=1.00E-10 time=18.018
After sweep 25 energy=-5.684364632282271  maxlinkdim=147 maxerr=1.00E-10 time=17.493
After sweep 26 energy=-5.684364632355431  maxlinkdim=147 maxerr=1.00E-10 time=17.772
After sweep 27 energy=-5.684364632477684  maxlinkdim=147 maxerr=1.00E-10 time=17.576
After sweep 28 energy=-5.684364632474897  maxlinkdim=147 maxerr=9.98E-11 time=17.883
After sweep 29 energy=-5.684364632473212  maxlinkdim=147 maxerr=9.99E-11 time=17.750
After sweep 30 energy=-5.684364632472603  maxlinkdim=147 maxerr=9.99E-11 time=17.850
n0: 0.4872235420306667; n1: 0.500153040739572; mu0: -2.656169028054182; mu1: -2.646169028054182

Range found between mu0: -2.656169028054182 (n0: 0.4872235420306667) and mu1: -2.646169028054182 (n1: 0.500153040739572); refining...
n0: 0.4872235420306667; n1: 0.500153040739572; mu0: -2.656169028054182; mu1: -2.646169028054182
Trying secant step...
After sweep 1 energy=-4.816423725294762  maxlinkdim=16 maxerr=7.04E-13 time=1.107
After sweep 2 energy=-5.780841244726945  maxlinkdim=102 maxerr=9.99E-11 time=4.674
After sweep 3 energy=-5.892265011106669  maxlinkdim=101 maxerr=1.00E-10 time=7.849
After sweep 4 energy=-5.964806580521254  maxlinkdim=128 maxerr=9.99E-11 time=8.341
After sweep 5 energy=-6.018569632164229  maxlinkdim=186 maxerr=9.99E-11 time=8.831
After sweep 6 energy=-6.055199587076742  maxlinkdim=142 maxerr=9.99E-11 time=8.518
After sweep 7 energy=-6.084697077777089  maxlinkdim=182 maxerr=9.99E-11 time=8.468
After sweep 8 energy=-6.109705598290212  maxlinkdim=156 maxerr=9.98E-11 time=8.485
After sweep 9 energy=-6.131308373030306  maxlinkdim=157 maxerr=1.00E-10 time=9.445
After sweep 10 energy=-6.145647815104919  maxlinkdim=133 maxerr=1.00E-10 time=10.006
After sweep 11 energy=-6.15447387077551  maxlinkdim=208 maxerr=1.00E-10 time=9.940
After sweep 12 energy=-6.160692192762619  maxlinkdim=225 maxerr=9.99E-11 time=10.220
After sweep 13 energy=-6.164584052381689  maxlinkdim=194 maxerr=1.00E-10 time=10.685
After sweep 14 energy=-6.167219561579072  maxlinkdim=190 maxerr=1.00E-10 time=11.203
After sweep 15 energy=-6.1692857241346015  maxlinkdim=224 maxerr=9.99E-11 time=11.106
After sweep 16 energy=-6.171207128273906  maxlinkdim=168 maxerr=9.99E-11 time=12.682
After sweep 17 energy=-6.171748036418586  maxlinkdim=172 maxerr=1.00E-10 time=13.394
After sweep 18 energy=-6.172065199126595  maxlinkdim=190 maxerr=1.00E-10 time=14.790
After sweep 19 energy=-6.172142914131275  maxlinkdim=184 maxerr=1.00E-10 time=15.497
After sweep 20 energy=-6.172166047920958  maxlinkdim=173 maxerr=1.00E-10 time=17.215
After sweep 21 energy=-6.1721707932848  maxlinkdim=171 maxerr=1.00E-10 time=18.720
After sweep 22 energy=-6.172171272403023  maxlinkdim=165 maxerr=1.00E-10 time=19.304
After sweep 23 energy=-6.17217129419506  maxlinkdim=153 maxerr=1.00E-10 time=18.956
After sweep 24 energy=-6.172171293737164  maxlinkdim=153 maxerr=9.99E-11 time=18.687
After sweep 25 energy=-6.1721712939085664  maxlinkdim=153 maxerr=1.00E-10 time=18.454
After sweep 26 energy=-6.172171293907454  maxlinkdim=153 maxerr=9.99E-11 time=18.752
After sweep 27 energy=-6.172171293996032  maxlinkdim=153 maxerr=9.99E-11 time=18.583
After sweep 28 energy=-6.17217129399393  maxlinkdim=153 maxerr=9.99E-11 time=18.660
After sweep 29 energy=-6.172171293993157  maxlinkdim=153 maxerr=9.99E-11 time=18.676
After sweep 30 energy=-6.172171293993294  maxlinkdim=153 maxerr=1.00E-10 time=18.535
FOUND MU (secant); mu: -2.646287393617316  n: 0.5000025992965985
Target density achieved with mu=-2.646287393617316, n=0.5000025992965985
Checking {alpha,beta} vs measured
NOT CONVERGED; updating alpha, beta and continuing...
After sweep 1 energy=-4.814839728544144  maxlinkdim=16 maxerr=6.27E-13 time=1.139
After sweep 2 energy=-5.781936176016891  maxlinkdim=100 maxerr=9.98E-11 time=4.713
After sweep 3 energy=-5.894005682006536  maxlinkdim=118 maxerr=9.99E-11 time=7.997
After sweep 4 energy=-5.962462126622414  maxlinkdim=118 maxerr=1.00E-10 time=8.683
After sweep 5 energy=-6.01621090886749  maxlinkdim=116 maxerr=1.00E-10 time=8.911
After sweep 6 energy=-6.0527206965870635  maxlinkdim=138 maxerr=1.00E-10 time=8.236
After sweep 7 energy=-6.081114582802224  maxlinkdim=123 maxerr=9.99E-11 time=7.850
After sweep 8 energy=-6.1100042790497895  maxlinkdim=186 maxerr=9.99E-11 time=8.405
After sweep 9 energy=-6.130711686569798  maxlinkdim=177 maxerr=1.00E-10 time=9.867
After sweep 10 energy=-6.144534206528215  maxlinkdim=203 maxerr=1.00E-10 time=10.480
After sweep 11 energy=-6.156060634675016  maxlinkdim=158 maxerr=9.99E-11 time=11.064
After sweep 12 energy=-6.16207787610215  maxlinkdim=167 maxerr=9.99E-11 time=11.766
After sweep 13 energy=-6.164681167082116  maxlinkdim=204 maxerr=9.99E-11 time=11.609
After sweep 14 energy=-6.166263930411506  maxlinkdim=189 maxerr=1.00E-10 time=10.863
After sweep 15 energy=-6.167491827474754  maxlinkdim=180 maxerr=1.00E-10 time=11.141
After sweep 16 energy=-6.168663419595408  maxlinkdim=199 maxerr=1.00E-10 time=13.295
After sweep 17 energy=-6.168982689420021  maxlinkdim=185 maxerr=1.00E-10 time=14.663
After sweep 18 energy=-6.169096415319572  maxlinkdim=206 maxerr=9.99E-11 time=14.862
After sweep 19 energy=-6.169158317932904  maxlinkdim=198 maxerr=1.00E-10 time=15.033
After sweep 20 energy=-6.169183916405815  maxlinkdim=204 maxerr=1.00E-10 time=16.625
After sweep 21 energy=-6.16919212507418  maxlinkdim=189 maxerr=1.00E-10 time=18.212
After sweep 22 energy=-6.169193236389967  maxlinkdim=172 maxerr=1.00E-10 time=19.966
After sweep 23 energy=-6.169193273440129  maxlinkdim=152 maxerr=1.00E-10 time=19.049
After sweep 24 energy=-6.169193272440189  maxlinkdim=152 maxerr=9.99E-11 time=18.969
After sweep 25 energy=-6.169193272890187  maxlinkdim=152 maxerr=9.98E-11 time=18.640
After sweep 26 energy=-6.1691932728926435  maxlinkdim=152 maxerr=9.99E-11 time=19.143
After sweep 27 energy=-6.169193272993255  maxlinkdim=152 maxerr=1.00E-10 time=18.597
After sweep 28 energy=-6.1691932729877195  maxlinkdim=152 maxerr=1.00E-10 time=19.024
After sweep 29 energy=-6.169193273021529  maxlinkdim=152 maxerr=9.99E-11 time=18.762
After sweep 30 energy=-6.169193273021012  maxlinkdim=152 maxerr=9.99E-11 time=18.634
Not same mu, searching again
After sweep 1 energy=-4.318185105361212  maxlinkdim=16 maxerr=6.79E-13 time=1.156
After sweep 2 energy=-5.278311352461349  maxlinkdim=99 maxerr=9.98E-11 time=4.700
After sweep 3 energy=-5.393903784163117  maxlinkdim=101 maxerr=9.98E-11 time=7.951
After sweep 4 energy=-5.463442595482558  maxlinkdim=103 maxerr=1.00E-10 time=8.162
After sweep 5 energy=-5.516846211709268  maxlinkdim=99 maxerr=9.99E-11 time=8.173
After sweep 6 energy=-5.559996415149191  maxlinkdim=150 maxerr=9.99E-11 time=8.073
After sweep 7 energy=-5.589525563813226  maxlinkdim=156 maxerr=9.99E-11 time=8.163
After sweep 8 energy=-5.612579659852524  maxlinkdim=151 maxerr=1.00E-10 time=8.104
After sweep 9 energy=-5.632297395552136  maxlinkdim=199 maxerr=1.00E-10 time=8.437
After sweep 10 energy=-5.653269329879003  maxlinkdim=164 maxerr=1.00E-10 time=10.005
After sweep 11 energy=-5.663507031715118  maxlinkdim=137 maxerr=1.00E-10 time=11.296
After sweep 12 energy=-5.668394336649993  maxlinkdim=175 maxerr=9.99E-11 time=10.832
After sweep 13 energy=-5.671876062004352  maxlinkdim=162 maxerr=9.99E-11 time=11.381
After sweep 14 energy=-5.673454944277014  maxlinkdim=134 maxerr=1.00E-10 time=10.978
After sweep 15 energy=-5.674444640365407  maxlinkdim=168 maxerr=1.00E-10 time=10.656
After sweep 16 energy=-5.674992510669683  maxlinkdim=183 maxerr=1.00E-10 time=11.396
After sweep 17 energy=-5.675242202034942  maxlinkdim=190 maxerr=1.00E-10 time=12.201
After sweep 18 energy=-5.675404084712028  maxlinkdim=184 maxerr=1.00E-10 time=12.695
After sweep 19 energy=-5.6755307014763785  maxlinkdim=194 maxerr=9.99E-11 time=14.593
After sweep 20 energy=-5.675572535971499  maxlinkdim=194 maxerr=1.00E-10 time=15.603
After sweep 21 energy=-5.675583093364782  maxlinkdim=184 maxerr=9.99E-11 time=16.327
After sweep 22 energy=-5.675585729622013  maxlinkdim=170 maxerr=1.00E-10 time=17.225
After sweep 23 energy=-5.675586203970974  maxlinkdim=162 maxerr=1.00E-10 time=17.708
After sweep 24 energy=-5.67558622273032  maxlinkdim=147 maxerr=9.99E-11 time=17.784
After sweep 25 energy=-5.675586222768203  maxlinkdim=147 maxerr=9.99E-11 time=17.894
After sweep 26 energy=-5.6755862229262  maxlinkdim=147 maxerr=9.98E-11 time=17.458
After sweep 27 energy=-5.6755862230032585  maxlinkdim=147 maxerr=1.00E-10 time=17.548
After sweep 28 energy=-5.675586223036051  maxlinkdim=147 maxerr=1.00E-10 time=18.024
After sweep 29 energy=-5.675586223097946  maxlinkdim=147 maxerr=9.91E-11 time=17.498
After sweep 30 energy=-5.675586223096685  maxlinkdim=147 maxerr=9.91E-11 time=17.559
n0: 0.4871010705411073; n1: 0.5000378465748464; mu0: -2.656287393617316; mu1: -2.646287393617316

Range found between mu0: -2.656287393617316 (n0: 0.4871010705411073) and mu1: -2.646287393617316 (n1: 0.5000378465748464); refining...
n0: 0.4871010705411073; n1: 0.5000378465748464; mu0: -2.656287393617316; mu1: -2.646287393617316
Trying secant step...
After sweep 1 energy=-4.813385727713271  maxlinkdim=16 maxerr=6.27E-13 time=1.158
After sweep 2 energy=-5.780461539834692  maxlinkdim=100 maxerr=9.98E-11 time=4.737
After sweep 3 energy=-5.8925170089508665  maxlinkdim=118 maxerr=1.00E-10 time=7.966
After sweep 4 energy=-5.960920253106783  maxlinkdim=117 maxerr=1.00E-10 time=8.647
After sweep 5 energy=-6.014446812905773  maxlinkdim=120 maxerr=1.00E-10 time=8.935
After sweep 6 energy=-6.054176623759607  maxlinkdim=145 maxerr=9.99E-11 time=8.366
After sweep 7 energy=-6.085503148668601  maxlinkdim=188 maxerr=9.99E-11 time=8.557
After sweep 8 energy=-6.107975050785641  maxlinkdim=140 maxerr=1.00E-10 time=8.878
After sweep 9 energy=-6.1261698011283094  maxlinkdim=176 maxerr=9.99E-11 time=8.873
After sweep 10 energy=-6.142114463235026  maxlinkdim=189 maxerr=1.00E-10 time=10.109
After sweep 11 energy=-6.150919008475969  maxlinkdim=188 maxerr=1.00E-10 time=10.808
After sweep 12 energy=-6.155979559593163  maxlinkdim=217 maxerr=1.00E-10 time=10.299
After sweep 13 energy=-6.160363623470595  maxlinkdim=157 maxerr=1.00E-10 time=10.599
After sweep 14 energy=-6.165867833394101  maxlinkdim=195 maxerr=1.00E-10 time=12.434
After sweep 15 energy=-6.1669972984132055  maxlinkdim=206 maxerr=1.00E-10 time=13.367
After sweep 16 energy=-6.16756206112892  maxlinkdim=177 maxerr=1.00E-10 time=14.270
After sweep 17 energy=-6.167698590932418  maxlinkdim=203 maxerr=1.00E-10 time=15.324
After sweep 18 energy=-6.16772628453833  maxlinkdim=197 maxerr=1.00E-10 time=16.318
After sweep 19 energy=-6.167730120582252  maxlinkdim=175 maxerr=1.00E-10 time=18.369
After sweep 20 energy=-6.167730459115006  maxlinkdim=159 maxerr=1.00E-10 time=19.442
After sweep 21 energy=-6.16773046510182  maxlinkdim=153 maxerr=1.00E-10 time=19.728
After sweep 22 energy=-6.167730464197933  maxlinkdim=153 maxerr=9.99E-11 time=18.429
After sweep 23 energy=-6.16773046442804  maxlinkdim=153 maxerr=9.99E-11 time=18.583
After sweep 24 energy=-6.167730464548974  maxlinkdim=153 maxerr=9.98E-11 time=19.008
After sweep 25 energy=-6.167730464609692  maxlinkdim=153 maxerr=1.00E-10 time=18.471
After sweep 26 energy=-6.167730464676625  maxlinkdim=153 maxerr=1.00E-10 time=18.703
After sweep 27 energy=-6.167730464747999  maxlinkdim=153 maxerr=9.99E-11 time=19.161
After sweep 28 energy=-6.167730464822074  maxlinkdim=153 maxerr=1.00E-10 time=18.581
After sweep 29 energy=-6.16773046489525  maxlinkdim=153 maxerr=9.99E-11 time=18.869
After sweep 30 energy=-6.167730464968146  maxlinkdim=153 maxerr=9.99E-11 time=19.129
FOUND MU (secant); mu: -2.6463166486455765  n: 0.500000648404656
Target density achieved with mu=-2.6463166486455765, n=0.500000648404656
Checking {alpha,beta} vs measured
NOT CONVERGED; updating alpha, beta and continuing...
After sweep 1 energy=-4.813013453677028  maxlinkdim=16 maxerr=6.07E-13 time=1.139
After sweep 2 energy=-5.780519398659043  maxlinkdim=101 maxerr=9.96E-11 time=4.746
After sweep 3 energy=-5.892984499051689  maxlinkdim=119 maxerr=9.99E-11 time=7.999
After sweep 4 energy=-5.962557106690842  maxlinkdim=114 maxerr=9.97E-11 time=8.746
After sweep 5 energy=-6.017393950390576  maxlinkdim=144 maxerr=9.99E-11 time=8.808
After sweep 6 energy=-6.055831758725949  maxlinkdim=117 maxerr=1.00E-10 time=8.684
After sweep 7 energy=-6.084484708805245  maxlinkdim=139 maxerr=9.99E-11 time=8.463
After sweep 8 energy=-6.107621491656371  maxlinkdim=183 maxerr=1.00E-10 time=8.683
After sweep 9 energy=-6.128651388784145  maxlinkdim=162 maxerr=1.00E-10 time=9.568
After sweep 10 energy=-6.145821841480301  maxlinkdim=214 maxerr=1.00E-10 time=10.660
After sweep 11 energy=-6.153287513798415  maxlinkdim=242 maxerr=9.99E-11 time=11.370
After sweep 12 energy=-6.158049983286148  maxlinkdim=278 maxerr=1.00E-10 time=11.481
After sweep 13 energy=-6.161067651135712  maxlinkdim=215 maxerr=9.99E-11 time=10.826
After sweep 14 energy=-6.163567027175795  maxlinkdim=186 maxerr=1.00E-10 time=11.616
After sweep 15 energy=-6.16505340033096  maxlinkdim=203 maxerr=9.99E-11 time=12.414
After sweep 16 energy=-6.166172197231654  maxlinkdim=207 maxerr=9.99E-11 time=13.232
After sweep 17 energy=-6.166601201707337  maxlinkdim=166 maxerr=9.98E-11 time=13.854
After sweep 18 energy=-6.166823782227368  maxlinkdim=189 maxerr=1.00E-10 time=14.372
After sweep 19 energy=-6.166983845272677  maxlinkdim=183 maxerr=1.00E-10 time=15.579
After sweep 20 energy=-6.167012611724194  maxlinkdim=188 maxerr=1.00E-10 time=16.949
After sweep 21 energy=-6.167021459859204  maxlinkdim=172 maxerr=9.99E-11 time=18.465
After sweep 22 energy=-6.167022128906893  maxlinkdim=165 maxerr=1.00E-10 time=19.485
After sweep 23 energy=-6.167022165650829  maxlinkdim=153 maxerr=1.00E-10 time=19.309
After sweep 24 energy=-6.167022164749116  maxlinkdim=153 maxerr=9.99E-11 time=18.876
After sweep 25 energy=-6.16702216484951  maxlinkdim=153 maxerr=9.99E-11 time=18.851
After sweep 26 energy=-6.167022165110979  maxlinkdim=153 maxerr=1.00E-10 time=18.456
After sweep 27 energy=-6.1670221653122335  maxlinkdim=153 maxerr=1.00E-10 time=18.815
After sweep 28 energy=-6.167022165370396  maxlinkdim=153 maxerr=9.97E-11 time=19.083
After sweep 29 energy=-6.1670221653686985  maxlinkdim=153 maxerr=9.98E-11 time=18.555
After sweep 30 energy=-6.167022165367849  maxlinkdim=153 maxerr=9.98E-11 time=18.692
Not same mu, searching again
After sweep 1 energy=-4.316339025756523  maxlinkdim=16 maxerr=6.57E-13 time=1.187
After sweep 2 energy=-5.2770834817579395  maxlinkdim=100 maxerr=1.00E-10 time=4.727
After sweep 3 energy=-5.391696735819906  maxlinkdim=102 maxerr=1.00E-10 time=7.722
After sweep 4 energy=-5.461184769086338  maxlinkdim=107 maxerr=9.99E-11 time=8.217
After sweep 5 energy=-5.514208198379572  maxlinkdim=98 maxerr=9.97E-11 time=8.204
After sweep 6 energy=-5.554554716640142  maxlinkdim=131 maxerr=1.00E-10 time=8.273
After sweep 7 energy=-5.586798277189351  maxlinkdim=175 maxerr=9.99E-11 time=8.078
After sweep 8 energy=-5.6145729038793055  maxlinkdim=168 maxerr=1.00E-10 time=8.600
After sweep 9 energy=-5.634958080335728  maxlinkdim=155 maxerr=1.00E-10 time=9.136
After sweep 10 energy=-5.648542344450769  maxlinkdim=199 maxerr=1.00E-10 time=9.326
After sweep 11 energy=-5.659602537150933  maxlinkdim=158 maxerr=1.00E-10 time=9.845
After sweep 12 energy=-5.665267860717646  maxlinkdim=204 maxerr=1.00E-10 time=10.458
After sweep 13 energy=-5.668794010337109  maxlinkdim=150 maxerr=1.00E-10 time=10.771
After sweep 14 energy=-5.670510901030165  maxlinkdim=191 maxerr=9.99E-11 time=10.323
After sweep 15 energy=-5.671566712565677  maxlinkdim=199 maxerr=9.98E-11 time=10.513
After sweep 16 energy=-5.672317669586841  maxlinkdim=203 maxerr=1.00E-10 time=11.245
After sweep 17 energy=-5.6730411893701636  maxlinkdim=193 maxerr=1.00E-10 time=12.334
After sweep 18 energy=-5.673343829402299  maxlinkdim=198 maxerr=1.00E-10 time=14.041
After sweep 19 energy=-5.673419586996981  maxlinkdim=224 maxerr=1.00E-10 time=15.444
After sweep 20 energy=-5.67343917167321  maxlinkdim=178 maxerr=1.00E-10 time=16.470
After sweep 21 energy=-5.673443829963264  maxlinkdim=185 maxerr=1.00E-10 time=17.476
After sweep 22 energy=-5.673444581462105  maxlinkdim=162 maxerr=1.00E-10 time=17.991
After sweep 23 energy=-5.673444614694112  maxlinkdim=148 maxerr=9.99E-11 time=18.277
After sweep 24 energy=-5.673444614560376  maxlinkdim=148 maxerr=1.00E-10 time=17.998
After sweep 25 energy=-5.673444614707895  maxlinkdim=148 maxerr=9.91E-11 time=18.198
After sweep 26 energy=-5.673444614717175  maxlinkdim=148 maxerr=9.91E-11 time=17.766
After sweep 27 energy=-5.673444614719805  maxlinkdim=148 maxerr=9.92E-11 time=17.477
After sweep 28 energy=-5.673444614729511  maxlinkdim=148 maxerr=9.92E-11 time=17.463
After sweep 29 energy=-5.673444614739839  maxlinkdim=148 maxerr=9.92E-11 time=17.751
After sweep 30 energy=-5.673444614742024  maxlinkdim=148 maxerr=9.91E-11 time=17.917
n0: 0.4870706312847732; n1: 0.5000092763141631; mu0: -2.6563166486455763; mu1: -2.6463166486455765

Range found between mu0: -2.6563166486455763 (n0: 0.4870706312847732) and mu1: -2.6463166486455765 (n1: 0.5000092763141631); refining...
n0: 0.4870706312847732; n1: 0.5000092763141631; mu0: -2.6563166486455763; mu1: -2.6463166486455765
Trying secant step...
After sweep 1 energy=-4.812657104242685  maxlinkdim=16 maxerr=6.07E-13 time=1.163
After sweep 2 energy=-5.780158478461578  maxlinkdim=101 maxerr=9.96E-11 time=4.744
After sweep 3 energy=-5.892621019480192  maxlinkdim=119 maxerr=9.99E-11 time=7.970
After sweep 4 energy=-5.962192632723046  maxlinkdim=114 maxerr=9.99E-11 time=8.692
After sweep 5 energy=-6.016815384753049  maxlinkdim=146 maxerr=9.99E-11 time=8.713
After sweep 6 energy=-6.054955269095115  maxlinkdim=114 maxerr=9.99E-11 time=8.583
After sweep 7 energy=-6.084237686614653  maxlinkdim=118 maxerr=1.00E-10 time=8.499
After sweep 8 energy=-6.108645782300395  maxlinkdim=162 maxerr=9.99E-11 time=8.760
After sweep 9 energy=-6.127999298147948  maxlinkdim=172 maxerr=1.00E-10 time=9.550
After sweep 10 energy=-6.142804414589448  maxlinkdim=148 maxerr=9.99E-11 time=10.167
After sweep 11 energy=-6.15238176585807  maxlinkdim=198 maxerr=1.00E-10 time=10.592
After sweep 12 energy=-6.157285078306731  maxlinkdim=207 maxerr=1.00E-10 time=10.723
After sweep 13 energy=-6.162458190228393  maxlinkdim=170 maxerr=1.00E-10 time=11.594
After sweep 14 energy=-6.164874044319789  maxlinkdim=162 maxerr=9.99E-11 time=12.515
After sweep 15 energy=-6.165744738996264  maxlinkdim=170 maxerr=9.98E-11 time=12.809
After sweep 16 energy=-6.166253524263481  maxlinkdim=175 maxerr=1.00E-10 time=13.272
After sweep 17 energy=-6.16655614588501  maxlinkdim=181 maxerr=9.99E-11 time=14.726
After sweep 18 energy=-6.166639976366627  maxlinkdim=192 maxerr=1.00E-10 time=16.128
After sweep 19 energy=-6.166660263448005  maxlinkdim=214 maxerr=9.99E-11 time=17.943
After sweep 20 energy=-6.166663267164363  maxlinkdim=167 maxerr=1.00E-10 time=18.351
After sweep 21 energy=-6.166663667302655  maxlinkdim=163 maxerr=1.00E-10 time=18.865
After sweep 22 energy=-6.1666636885496295  maxlinkdim=152 maxerr=1.00E-10 time=18.970
After sweep 23 energy=-6.166663687684801  maxlinkdim=152 maxerr=1.00E-10 time=19.078
After sweep 24 energy=-6.16666368832008  maxlinkdim=152 maxerr=9.99E-11 time=18.464
After sweep 25 energy=-6.166663688373319  maxlinkdim=152 maxerr=1.00E-10 time=18.557
After sweep 26 energy=-6.166663688496876  maxlinkdim=152 maxerr=1.00E-10 time=18.851
After sweep 27 energy=-6.1666636885295185  maxlinkdim=153 maxerr=9.99E-11 time=19.039
After sweep 28 energy=-6.166663688529303  maxlinkdim=153 maxerr=1.00E-10 time=18.508
After sweep 29 energy=-6.1666636885293835  maxlinkdim=153 maxerr=1.00E-10 time=18.537
After sweep 30 energy=-6.166663688529344  maxlinkdim=153 maxerr=1.00E-10 time=18.574
FOUND MU (secant); mu: -2.6463238181089492  n: 0.500000159154214
Target density achieved with mu=-2.6463238181089492, n=0.500000159154214
Checking {alpha,beta} vs measured
NOT CONVERGED; updating alpha, beta and continuing...
After sweep 1 energy=-4.812566256662996  maxlinkdim=16 maxerr=6.02E-13 time=1.155
After sweep 2 energy=-5.780134139843282  maxlinkdim=101 maxerr=1.00E-10 time=4.795
After sweep 3 energy=-5.892640333609954  maxlinkdim=119 maxerr=1.00E-10 time=7.948
After sweep 4 energy=-5.9622217850769585  maxlinkdim=115 maxerr=1.00E-10 time=8.949
After sweep 5 energy=-6.017987999623445  maxlinkdim=145 maxerr=1.00E-10 time=8.718
After sweep 6 energy=-6.054696404580413  maxlinkdim=106 maxerr=9.97E-11 time=8.584
After sweep 7 energy=-6.080111800164463  maxlinkdim=102 maxerr=9.99E-11 time=8.011
After sweep 8 energy=-6.102246421814786  maxlinkdim=136 maxerr=1.00E-10 time=7.960
After sweep 9 energy=-6.126527592118687  maxlinkdim=184 maxerr=1.00E-10 time=8.851
After sweep 10 energy=-6.142169256441531  maxlinkdim=240 maxerr=1.00E-10 time=10.348
After sweep 11 energy=-6.151309550405269  maxlinkdim=174 maxerr=9.99E-11 time=10.635
After sweep 12 energy=-6.15691929792747  maxlinkdim=177 maxerr=9.98E-11 time=10.697
After sweep 13 energy=-6.160565486761068  maxlinkdim=198 maxerr=9.99E-11 time=10.924
After sweep 14 energy=-6.164548445901792  maxlinkdim=200 maxerr=1.00E-10 time=12.150
After sweep 15 energy=-6.165740589105121  maxlinkdim=204 maxerr=1.00E-10 time=13.805
After sweep 16 energy=-6.166190278444125  maxlinkdim=207 maxerr=1.00E-10 time=13.857
After sweep 17 energy=-6.166421008241331  maxlinkdim=181 maxerr=1.00E-10 time=15.059
After sweep 18 energy=-6.166474927879816  maxlinkdim=183 maxerr=1.00E-10 time=16.265
After sweep 19 energy=-6.1664875324645445  maxlinkdim=172 maxerr=9.99E-11 time=17.477
After sweep 20 energy=-6.166489097434802  maxlinkdim=173 maxerr=9.99E-11 time=18.549
After sweep 21 energy=-6.166489221058392  maxlinkdim=154 maxerr=9.99E-11 time=19.044
After sweep 22 energy=-6.166489221455542  maxlinkdim=153 maxerr=9.99E-11 time=18.367
After sweep 23 energy=-6.166489221152079  maxlinkdim=153 maxerr=9.99E-11 time=18.444
After sweep 24 energy=-6.1664892212254045  maxlinkdim=153 maxerr=9.99E-11 time=18.642
After sweep 25 energy=-6.166489221401054  maxlinkdim=153 maxerr=1.00E-10 time=18.522
After sweep 26 energy=-6.166489221499717  maxlinkdim=153 maxerr=1.00E-10 time=18.178
After sweep 27 energy=-6.166489221498909  maxlinkdim=153 maxerr=9.98E-11 time=18.335
After sweep 28 energy=-6.166489221501913  maxlinkdim=153 maxerr=9.99E-11 time=18.475
After sweep 29 energy=-6.166489221504276  maxlinkdim=153 maxerr=9.99E-11 time=18.857
After sweep 30 energy=-6.166489221506451  maxlinkdim=153 maxerr=9.99E-11 time=18.173
Same mu: -2.6463238181089492 and continuing
Target density achieved with mu=-2.6463238181089492, n=0.5000023159903101
Checking {alpha,beta} vs measured
NOT CONVERGED; updating alpha, beta and continuing...
After sweep 1 energy=-4.812541914393016  maxlinkdim=16 maxerr=6.00E-13 time=1.166
After sweep 2 energy=-5.7801225982207365  maxlinkdim=101 maxerr=9.97E-11 time=4.736
After sweep 3 energy=-5.892641283468025  maxlinkdim=119 maxerr=9.99E-11 time=7.880
After sweep 4 energy=-5.962299243280852  maxlinkdim=116 maxerr=9.98E-11 time=8.608
After sweep 5 energy=-6.018233397209709  maxlinkdim=148 maxerr=9.99E-11 time=8.752
After sweep 6 energy=-6.055626367376087  maxlinkdim=107 maxerr=1.00E-10 time=8.634
After sweep 7 energy=-6.087750020327016  maxlinkdim=182 maxerr=9.99E-11 time=8.612
After sweep 8 energy=-6.111185665975129  maxlinkdim=209 maxerr=9.98E-11 time=8.835
After sweep 9 energy=-6.129061616078435  maxlinkdim=192 maxerr=9.98E-11 time=9.494
After sweep 10 energy=-6.1414112169765485  maxlinkdim=167 maxerr=9.99E-11 time=10.164
After sweep 11 energy=-6.150853819148976  maxlinkdim=219 maxerr=9.98E-11 time=10.444
After sweep 12 energy=-6.156296420498585  maxlinkdim=241 maxerr=9.98E-11 time=11.356
After sweep 13 energy=-6.160212881276612  maxlinkdim=191 maxerr=9.99E-11 time=11.481
After sweep 14 energy=-6.16254671340816  maxlinkdim=172 maxerr=1.00E-10 time=11.839
After sweep 15 energy=-6.1641534614180955  maxlinkdim=175 maxerr=1.00E-10 time=12.404
After sweep 16 energy=-6.1653754167974455  maxlinkdim=195 maxerr=1.00E-10 time=12.775
After sweep 17 energy=-6.166020362144787  maxlinkdim=194 maxerr=9.99E-11 time=14.102
After sweep 18 energy=-6.166244631983529  maxlinkdim=188 maxerr=1.00E-10 time=14.845
After sweep 19 energy=-6.166385063386984  maxlinkdim=198 maxerr=1.00E-10 time=15.489
After sweep 20 energy=-6.166423885904778  maxlinkdim=197 maxerr=1.00E-10 time=15.954
After sweep 21 energy=-6.166438138620932  maxlinkdim=217 maxerr=1.00E-10 time=16.841
After sweep 22 energy=-6.166442641452933  maxlinkdim=173 maxerr=1.00E-10 time=17.639
After sweep 23 energy=-6.166443458357711  maxlinkdim=172 maxerr=1.00E-10 time=18.516
After sweep 24 energy=-6.166443511441378  maxlinkdim=153 maxerr=1.00E-10 time=19.138
After sweep 25 energy=-6.166443510805978  maxlinkdim=153 maxerr=1.00E-10 time=18.328
After sweep 26 energy=-6.166443510886083  maxlinkdim=153 maxerr=9.98E-11 time=18.253
After sweep 27 energy=-6.166443511109819  maxlinkdim=153 maxerr=1.00E-10 time=18.296
After sweep 28 energy=-6.166443511101401  maxlinkdim=153 maxerr=1.00E-10 time=18.419
After sweep 29 energy=-6.166443511238874  maxlinkdim=153 maxerr=1.00E-10 time=18.672
After sweep 30 energy=-6.166443511308762  maxlinkdim=153 maxerr=1.00E-10 time=18.233
Same mu: -2.6463238181089492 and continuing
Target density achieved with mu=-2.6463238181089492, n=0.500002833500263
Checking {alpha,beta} vs measured
NOT CONVERGED; updating alpha, beta and continuing...
After sweep 1 energy=-4.812535705520979  maxlinkdim=16 maxerr=6.00E-13 time=1.172
After sweep 2 energy=-5.780118626528672  maxlinkdim=101 maxerr=9.97E-11 time=4.743
After sweep 3 energy=-5.892638373735067  maxlinkdim=119 maxerr=1.00E-10 time=7.838
After sweep 4 energy=-5.962264724200325  maxlinkdim=116 maxerr=1.00E-10 time=8.594
After sweep 5 energy=-6.018283235424962  maxlinkdim=146 maxerr=9.99E-11 time=8.755
After sweep 6 energy=-6.054249075245218  maxlinkdim=106 maxerr=1.00E-10 time=8.582
After sweep 7 energy=-6.0808844711116645  maxlinkdim=103 maxerr=9.99E-11 time=8.185
After sweep 8 energy=-6.103604899140966  maxlinkdim=128 maxerr=9.99E-11 time=8.279
After sweep 9 energy=-6.1235482650735875  maxlinkdim=175 maxerr=9.99E-11 time=8.737
After sweep 10 energy=-6.138478516518424  maxlinkdim=143 maxerr=9.99E-11 time=9.476
After sweep 11 energy=-6.149325925738426  maxlinkdim=192 maxerr=1.00E-10 time=10.018
After sweep 12 energy=-6.155918737876058  maxlinkdim=206 maxerr=1.00E-10 time=10.777
After sweep 13 energy=-6.159851677115057  maxlinkdim=148 maxerr=9.98E-11 time=11.060
After sweep 14 energy=-6.162176835630094  maxlinkdim=223 maxerr=9.99E-11 time=11.049
After sweep 15 energy=-6.163777436202598  maxlinkdim=158 maxerr=9.99E-11 time=11.231
After sweep 16 energy=-6.164992465333626  maxlinkdim=203 maxerr=9.99E-11 time=11.985
After sweep 17 energy=-6.165694197775912  maxlinkdim=206 maxerr=1.00E-10 time=13.705
After sweep 18 energy=-6.166040727068151  maxlinkdim=171 maxerr=9.98E-11 time=14.254
After sweep 19 energy=-6.166235437340677  maxlinkdim=199 maxerr=1.00E-10 time=14.684
After sweep 20 energy=-6.166402109269579  maxlinkdim=212 maxerr=9.99E-11 time=16.264
After sweep 21 energy=-6.166426579459091  maxlinkdim=216 maxerr=1.00E-10 time=17.241
After sweep 22 energy=-6.166430948939662  maxlinkdim=176 maxerr=9.99E-11 time=18.073
After sweep 23 energy=-6.1664316606935765  maxlinkdim=163 maxerr=1.00E-10 time=18.562
After sweep 24 energy=-6.166431714859558  maxlinkdim=154 maxerr=1.00E-10 time=18.918
After sweep 25 energy=-6.166431714651152  maxlinkdim=153 maxerr=1.00E-10 time=19.009
After sweep 26 energy=-6.166431714646734  maxlinkdim=153 maxerr=9.98E-11 time=18.201
After sweep 27 energy=-6.166431714834675  maxlinkdim=153 maxerr=9.99E-11 time=18.318
After sweep 28 energy=-6.166431714966178  maxlinkdim=153 maxerr=1.00E-10 time=18.361
After sweep 29 energy=-6.1664317149932355  maxlinkdim=153 maxerr=9.98E-11 time=18.314
After sweep 30 energy=-6.1664317149909635  maxlinkdim=153 maxerr=9.99E-11 time=18.564
Same mu: -2.6463238181089492 and continuing
Target density achieved with mu=-2.6463238181089492, n=0.5000029706412366
Checking {alpha,beta} vs measured
NOT CONVERGED; updating alpha, beta and continuing...
After sweep 1 energy=-4.812534086811334  maxlinkdim=16 maxerr=6.00E-13 time=1.189
After sweep 2 energy=-5.780117360189815  maxlinkdim=101 maxerr=9.97E-11 time=5.040
After sweep 3 energy=-5.8926371246106815  maxlinkdim=119 maxerr=1.00E-10 time=7.847
After sweep 4 energy=-5.9622507193753345  maxlinkdim=116 maxerr=1.00E-10 time=8.573
After sweep 5 energy=-6.01829203808231  maxlinkdim=146 maxerr=1.00E-10 time=8.692
After sweep 6 energy=-6.054122056516044  maxlinkdim=106 maxerr=9.99E-11 time=8.550
After sweep 7 energy=-6.081090432597946  maxlinkdim=107 maxerr=9.96E-11 time=8.143
After sweep 8 energy=-6.10356565858426  maxlinkdim=126 maxerr=9.98E-11 time=8.211
After sweep 9 energy=-6.12572089624979  maxlinkdim=215 maxerr=9.98E-11 time=8.873
After sweep 10 energy=-6.145516150848334  maxlinkdim=194 maxerr=9.99E-11 time=10.816
After sweep 11 energy=-6.153104816248356  maxlinkdim=218 maxerr=9.98E-11 time=11.533
After sweep 12 energy=-6.157285447559677  maxlinkdim=218 maxerr=9.99E-11 time=10.598
After sweep 13 energy=-6.160252931501023  maxlinkdim=194 maxerr=9.99E-11 time=10.502
After sweep 14 energy=-6.163416187668243  maxlinkdim=167 maxerr=1.00E-10 time=10.737
After sweep 15 energy=-6.165495323130211  maxlinkdim=183 maxerr=9.99E-11 time=13.095
After sweep 16 energy=-6.165989887931656  maxlinkdim=230 maxerr=1.00E-10 time=13.659
After sweep 17 energy=-6.166233495268001  maxlinkdim=239 maxerr=1.00E-10 time=13.934
After sweep 18 energy=-6.166339731539781  maxlinkdim=192 maxerr=1.00E-10 time=14.569
After sweep 19 energy=-6.1663929830237  maxlinkdim=204 maxerr=1.00E-10 time=14.948
After sweep 20 energy=-6.166418936046049  maxlinkdim=178 maxerr=1.00E-10 time=16.505
After sweep 21 energy=-6.166427961764353  maxlinkdim=202 maxerr=1.00E-10 time=18.182
After sweep 22 energy=-6.166428593386957  maxlinkdim=167 maxerr=1.00E-10 time=19.351
After sweep 23 energy=-6.166428624292543  maxlinkdim=153 maxerr=1.00E-10 time=18.756
After sweep 24 energy=-6.166428623279366  maxlinkdim=153 maxerr=1.00E-10 time=18.481
After sweep 25 energy=-6.166428623677816  maxlinkdim=153 maxerr=9.97E-11 time=18.669
After sweep 26 energy=-6.166428623792615  maxlinkdim=153 maxerr=9.99E-11 time=18.663
After sweep 27 energy=-6.166428623817737  maxlinkdim=153 maxerr=1.00E-10 time=18.692
After sweep 28 energy=-6.166428623812211  maxlinkdim=153 maxerr=1.00E-10 time=18.659
After sweep 29 energy=-6.166428623811155  maxlinkdim=153 maxerr=1.00E-10 time=18.300
After sweep 30 energy=-6.166428623844215  maxlinkdim=153 maxerr=1.00E-10 time=18.356
Same mu: -2.6463238181089492 and continuing
Target density achieved with mu=-2.6463238181089492, n=0.5000030067112795
Checking {alpha,beta} vs measured
NOT CONVERGED; updating alpha, beta and continuing...
After sweep 1 energy=-4.81253366123261  maxlinkdim=16 maxerr=6.00E-13 time=1.186
After sweep 2 energy=-5.780116967467108  maxlinkdim=101 maxerr=9.97E-11 time=4.759
After sweep 3 energy=-5.892636704746725  maxlinkdim=119 maxerr=9.99E-11 time=7.838
After sweep 4 energy=-5.962247804669888  maxlinkdim=116 maxerr=1.00E-10 time=8.577
After sweep 5 energy=-6.018291051626517  maxlinkdim=146 maxerr=1.00E-10 time=8.718
After sweep 6 energy=-6.054125023987305  maxlinkdim=106 maxerr=9.99E-11 time=8.574
After sweep 7 energy=-6.081105324780881  maxlinkdim=107 maxerr=9.99E-11 time=8.194
After sweep 8 energy=-6.1038303348743135  maxlinkdim=156 maxerr=9.99E-11 time=8.244
After sweep 9 energy=-6.126558827796875  maxlinkdim=221 maxerr=9.99E-11 time=9.087
After sweep 10 energy=-6.145944103337597  maxlinkdim=174 maxerr=1.00E-10 time=11.162
After sweep 11 energy=-6.154335216538553  maxlinkdim=192 maxerr=9.98E-11 time=11.359
After sweep 12 energy=-6.159428372312286  maxlinkdim=214 maxerr=1.00E-10 time=10.918
After sweep 13 energy=-6.16255898596849  maxlinkdim=201 maxerr=9.99E-11 time=11.124
After sweep 14 energy=-6.164289669028189  maxlinkdim=176 maxerr=9.99E-11 time=11.242
After sweep 15 energy=-6.165260236866589  maxlinkdim=193 maxerr=9.99E-11 time=11.597
After sweep 16 energy=-6.165974188502127  maxlinkdim=207 maxerr=1.00E-10 time=12.273
After sweep 17 energy=-6.166239954779446  maxlinkdim=202 maxerr=1.00E-10 time=13.450
After sweep 18 energy=-6.16636451739995  maxlinkdim=197 maxerr=1.00E-10 time=14.996
After sweep 19 energy=-6.166415229146926  maxlinkdim=192 maxerr=1.00E-10 time=16.342
After sweep 20 energy=-6.166426814664324  maxlinkdim=172 maxerr=1.00E-10 time=18.377
After sweep 21 energy=-6.166427734207168  maxlinkdim=166 maxerr=1.00E-10 time=18.537
After sweep 22 energy=-6.166427805118277  maxlinkdim=153 maxerr=1.00E-10 time=18.822
After sweep 23 energy=-6.166427805052344  maxlinkdim=153 maxerr=9.99E-11 time=18.617
After sweep 24 energy=-6.166427805451159  maxlinkdim=153 maxerr=1.00E-10 time=18.686
After sweep 25 energy=-6.166427805491197  maxlinkdim=153 maxerr=1.00E-10 time=19.056
After sweep 26 energy=-6.166427805515244  maxlinkdim=153 maxerr=1.00E-10 time=18.101
After sweep 27 energy=-6.1664278055445045  maxlinkdim=153 maxerr=9.98E-11 time=18.245
After sweep 28 energy=-6.166427805541854  maxlinkdim=153 maxerr=9.98E-11 time=18.196
After sweep 29 energy=-6.166427805541339  maxlinkdim=153 maxerr=9.98E-11 time=18.137
After sweep 30 energy=-6.166427805541968  maxlinkdim=153 maxerr=9.99E-11 time=18.202
Same mu: -2.6463238181089492 and continuing
Target density achieved with mu=-2.6463238181089492, n=0.5000030163761374
Checking {alpha,beta} vs measured
NOT CONVERGED; updating alpha, beta and continuing...
After sweep 1 energy=-4.8125335444688755  maxlinkdim=16 maxerr=6.00E-13 time=1.161
After sweep 2 energy=-5.780116876709494  maxlinkdim=101 maxerr=9.97E-11 time=4.792
After sweep 3 energy=-5.89263668311901  maxlinkdim=119 maxerr=9.99E-11 time=7.844
After sweep 4 energy=-5.96224673773398  maxlinkdim=116 maxerr=1.00E-10 time=8.594
After sweep 5 energy=-6.018280537084628  maxlinkdim=147 maxerr=1.00E-10 time=8.977
After sweep 6 energy=-6.054119734547776  maxlinkdim=106 maxerr=9.99E-11 time=8.564
After sweep 7 energy=-6.081016930093291  maxlinkdim=105 maxerr=1.00E-10 time=8.130
After sweep 8 energy=-6.101221509650305  maxlinkdim=101 maxerr=9.99E-11 time=7.878
After sweep 9 energy=-6.120420338611641  maxlinkdim=138 maxerr=9.99E-11 time=8.317
After sweep 10 energy=-6.138764165596786  maxlinkdim=162 maxerr=9.99E-11 time=9.316
After sweep 11 energy=-6.15070441190707  maxlinkdim=178 maxerr=9.99E-11 time=10.823
After sweep 12 energy=-6.1562008982721474  maxlinkdim=215 maxerr=9.99E-11 time=10.235
After sweep 13 energy=-6.159872315919227  maxlinkdim=149 maxerr=1.00E-10 time=10.314
After sweep 14 energy=-6.162545287951794  maxlinkdim=188 maxerr=1.00E-10 time=10.817
After sweep 15 energy=-6.1642764328293165  maxlinkdim=228 maxerr=1.00E-10 time=12.035
After sweep 16 energy=-6.1655991250565565  maxlinkdim=206 maxerr=1.00E-10 time=13.418
After sweep 17 energy=-6.166158006703838  maxlinkdim=194 maxerr=1.00E-10 time=14.590
After sweep 18 energy=-6.166309927495136  maxlinkdim=227 maxerr=1.00E-10 time=15.054
After sweep 19 energy=-6.166378016949871  maxlinkdim=201 maxerr=9.99E-11 time=15.206
After sweep 20 energy=-6.166407490798243  maxlinkdim=191 maxerr=1.00E-10 time=16.093
After sweep 21 energy=-6.166422151577336  maxlinkdim=207 maxerr=1.00E-10 time=16.978
After sweep 22 energy=-6.166427015878796  maxlinkdim=196 maxerr=1.00E-10 time=18.091
After sweep 23 energy=-6.166427549379678  maxlinkdim=173 maxerr=1.00E-10 time=19.018
After sweep 24 energy=-6.166427588165776  maxlinkdim=153 maxerr=9.99E-11 time=19.397
After sweep 25 energy=-6.166427587317724  maxlinkdim=153 maxerr=9.99E-11 time=18.629
After sweep 26 energy=-6.1664275875285295  maxlinkdim=153 maxerr=9.98E-11 time=18.073
After sweep 27 energy=-6.166427587672942  maxlinkdim=153 maxerr=1.00E-10 time=18.150
After sweep 28 energy=-6.166427587869602  maxlinkdim=153 maxerr=1.00E-10 time=18.262
After sweep 29 energy=-6.166427587859409  maxlinkdim=153 maxerr=9.98E-11 time=18.430
After sweep 30 energy=-6.166427587857314  maxlinkdim=153 maxerr=9.99E-11 time=18.524
Same mu: -2.6463238181089492 and continuing
Target density achieved with mu=-2.6463238181089492, n=0.5000030189058048
Checking {alpha,beta} vs measured
NOT CONVERGED; updating alpha, beta and continuing...
After sweep 1 energy=-4.812533516543357  maxlinkdim=16 maxerr=6.00E-13 time=1.199
After sweep 2 energy=-5.780116824779044  maxlinkdim=101 maxerr=9.97E-11 time=4.825
After sweep 3 energy=-5.892636661180597  maxlinkdim=119 maxerr=9.99E-11 time=8.099
After sweep 4 energy=-5.9622465741842925  maxlinkdim=116 maxerr=1.00E-10 time=8.531
After sweep 5 energy=-6.018282382953519  maxlinkdim=147 maxerr=1.00E-10 time=8.674
After sweep 6 energy=-6.054124689419019  maxlinkdim=106 maxerr=9.99E-11 time=8.494
After sweep 7 energy=-6.08081183154946  maxlinkdim=105 maxerr=9.99E-11 time=8.113
After sweep 8 energy=-6.101896501727694  maxlinkdim=102 maxerr=9.99E-11 time=7.908
After sweep 9 energy=-6.124766832741209  maxlinkdim=146 maxerr=1.00E-10 time=8.600
After sweep 10 energy=-6.138023853489661  maxlinkdim=118 maxerr=9.99E-11 time=9.245
After sweep 11 energy=-6.1464510446476215  maxlinkdim=118 maxerr=9.99E-11 time=8.777
After sweep 12 energy=-6.1534231395916885  maxlinkdim=225 maxerr=9.99E-11 time=8.816
After sweep 13 energy=-6.158909290937466  maxlinkdim=207 maxerr=9.98E-11 time=9.792
After sweep 14 energy=-6.163513586645613  maxlinkdim=191 maxerr=9.98E-11 time=11.795
After sweep 15 energy=-6.16495722039432  maxlinkdim=183 maxerr=1.00E-10 time=12.444
After sweep 16 energy=-6.165578239742863  maxlinkdim=186 maxerr=9.99E-11 time=12.408
After sweep 17 energy=-6.16596066011349  maxlinkdim=181 maxerr=1.00E-10 time=12.478
After sweep 18 energy=-6.166235070920991  maxlinkdim=195 maxerr=9.99E-11 time=13.960
After sweep 19 energy=-6.166387333288649  maxlinkdim=188 maxerr=1.00E-10 time=15.372
After sweep 20 energy=-6.166418355708122  maxlinkdim=199 maxerr=1.00E-10 time=16.756
After sweep 21 energy=-6.166426754501854  maxlinkdim=198 maxerr=1.00E-10 time=18.187
After sweep 22 energy=-6.166427470435859  maxlinkdim=180 maxerr=1.00E-10 time=18.739
After sweep 23 energy=-6.166427528057211  maxlinkdim=156 maxerr=1.00E-10 time=18.796
After sweep 24 energy=-6.166427527847112  maxlinkdim=153 maxerr=1.00E-10 time=18.677
After sweep 25 energy=-6.166427527897325  maxlinkdim=153 maxerr=1.00E-10 time=18.742
After sweep 26 energy=-6.16642752800829  maxlinkdim=153 maxerr=1.00E-10 time=18.188
After sweep 27 energy=-6.166427528110228  maxlinkdim=153 maxerr=9.99E-11 time=18.159
After sweep 28 energy=-6.166427528141796  maxlinkdim=153 maxerr=9.99E-11 time=18.174
After sweep 29 energy=-6.1664275281427665  maxlinkdim=153 maxerr=9.99E-11 time=18.213
After sweep 30 energy=-6.16642752814583  maxlinkdim=153 maxerr=9.99E-11 time=18.426
Same mu: -2.6463238181089492 and continuing
Target density achieved with mu=-2.6463238181089492, n=0.5000030196820049
Checking {alpha,beta} vs measured
Converged {alpha,beta}. mu=-2.6463238181089492, n=0.5000030196820049
Exiting loop
After sweep 1 energy=-4.812533516543357  maxlinkdim=16 maxerr=6.00E-13 time=1.210
After sweep 2 energy=-5.780116824779044  maxlinkdim=101 maxerr=9.97E-11 time=4.797
After sweep 3 energy=-5.892636661180597  maxlinkdim=119 maxerr=9.99E-11 time=7.848
After sweep 4 energy=-5.9622465741842925  maxlinkdim=116 maxerr=1.00E-10 time=8.632
After sweep 5 energy=-6.018282382953519  maxlinkdim=147 maxerr=1.00E-10 time=8.745
After sweep 6 energy=-6.054124689419019  maxlinkdim=106 maxerr=9.99E-11 time=8.900
After sweep 7 energy=-6.08081183154946  maxlinkdim=105 maxerr=9.99E-11 time=8.165
After sweep 8 energy=-6.101896501727694  maxlinkdim=102 maxerr=9.99E-11 time=7.940
After sweep 9 energy=-6.124766832741209  maxlinkdim=146 maxerr=1.00E-10 time=8.623
After sweep 10 energy=-6.138023853489661  maxlinkdim=118 maxerr=9.99E-11 time=9.240
After sweep 11 energy=-6.1464510446476215  maxlinkdim=118 maxerr=9.99E-11 time=8.813
After sweep 12 energy=-6.1534231395916885  maxlinkdim=225 maxerr=9.99E-11 time=8.831
After sweep 13 energy=-6.158909290937466  maxlinkdim=207 maxerr=9.98E-11 time=9.813
After sweep 14 energy=-6.163513586645613  maxlinkdim=191 maxerr=9.98E-11 time=11.866
After sweep 15 energy=-6.16495722039432  maxlinkdim=183 maxerr=1.00E-10 time=12.471
After sweep 16 energy=-6.165578239742863  maxlinkdim=186 maxerr=9.99E-11 time=12.440
After sweep 17 energy=-6.16596066011349  maxlinkdim=181 maxerr=1.00E-10 time=12.657
After sweep 18 energy=-6.166235070920991  maxlinkdim=195 maxerr=9.99E-11 time=13.937
After sweep 19 energy=-6.166387333288649  maxlinkdim=188 maxerr=1.00E-10 time=16.153
After sweep 20 energy=-6.166418355708122  maxlinkdim=199 maxerr=1.00E-10 time=17.078
After sweep 21 energy=-6.166426754501854  maxlinkdim=198 maxerr=1.00E-10 time=18.491
After sweep 22 energy=-6.166427470435859  maxlinkdim=180 maxerr=1.00E-10 time=19.294
After sweep 23 energy=-6.166427528057211  maxlinkdim=156 maxerr=1.00E-10 time=18.923
After sweep 24 energy=-6.166427527847112  maxlinkdim=153 maxerr=1.00E-10 time=18.413
After sweep 25 energy=-6.166427527897325  maxlinkdim=153 maxerr=1.00E-10 time=18.408
After sweep 26 energy=-6.16642752800829  maxlinkdim=153 maxerr=1.00E-10 time=18.865
After sweep 27 energy=-6.166427528110228  maxlinkdim=153 maxerr=9.99E-11 time=18.408
After sweep 28 energy=-6.166427528141796  maxlinkdim=153 maxerr=9.99E-11 time=18.258
After sweep 29 energy=-6.1664275281427665  maxlinkdim=153 maxerr=9.99E-11 time=18.333
After sweep 30 energy=-6.16642752814583  maxlinkdim=153 maxerr=9.99E-11 time=18.477
After sweep 1 energy=-4.804202638149368  maxlinkdim=16 maxerr=6.00E-13 time=2.373
After sweep 2 energy=-5.7736999359931405  maxlinkdim=128 maxerr=1.00E-10 time=6.118
After sweep 3 energy=-5.945707605869369  maxlinkdim=162 maxerr=1.00E-10 time=15.805
After sweep 4 energy=-6.0039417078860495  maxlinkdim=152 maxerr=9.99E-11 time=17.457
After sweep 5 energy=-6.032454971110158  maxlinkdim=181 maxerr=1.00E-10 time=17.808
After sweep 6 energy=-6.049990286467737  maxlinkdim=224 maxerr=9.99E-11 time=18.894
After sweep 7 energy=-6.063815301976727  maxlinkdim=264 maxerr=1.00E-10 time=21.991
After sweep 8 energy=-6.07644561059602  maxlinkdim=258 maxerr=9.99E-11 time=23.425
After sweep 9 energy=-6.081749694462375  maxlinkdim=232 maxerr=1.00E-10 time=22.359
After sweep 10 energy=-6.0859365914317705  maxlinkdim=269 maxerr=4.94E-10 time=22.524
After sweep 11 energy=-6.087948494480374  maxlinkdim=242 maxerr=1.00E-10 time=22.844
After sweep 12 energy=-6.089236573532896  maxlinkdim=231 maxerr=9.98E-11 time=22.937
After sweep 13 energy=-6.090395332528036  maxlinkdim=217 maxerr=1.00E-10 time=23.975
After sweep 14 energy=-6.091043289853378  maxlinkdim=212 maxerr=1.00E-10 time=23.835
After sweep 15 energy=-6.091448793119812  maxlinkdim=219 maxerr=9.99E-11 time=23.743
After sweep 16 energy=-6.091878775634212  maxlinkdim=210 maxerr=1.00E-10 time=25.818
After sweep 17 energy=-6.092047446429149  maxlinkdim=290 maxerr=1.00E-10 time=24.904
After sweep 18 energy=-6.092208387310074  maxlinkdim=216 maxerr=9.99E-11 time=24.976
After sweep 19 energy=-6.092345604762529  maxlinkdim=260 maxerr=2.33E-09 time=26.694
After sweep 20 energy=-6.092400852050751  maxlinkdim=300 maxerr=1.48E-10 time=27.820
After sweep 21 energy=-6.092441747163908  maxlinkdim=272 maxerr=1.00E-10 time=30.195
After sweep 22 energy=-6.092470082056499  maxlinkdim=287 maxerr=1.00E-10 time=31.456
After sweep 23 energy=-6.092490216373924  maxlinkdim=300 maxerr=2.14E-10 time=32.511
After sweep 24 energy=-6.092507895512467  maxlinkdim=282 maxerr=6.30E-10 time=36.605
After sweep 25 energy=-6.092517445683853  maxlinkdim=297 maxerr=1.00E-10 time=38.372
After sweep 26 energy=-6.092524030364529  maxlinkdim=271 maxerr=1.00E-10 time=40.109
After sweep 27 energy=-6.092528789713791  maxlinkdim=269 maxerr=1.00E-10 time=41.104
After sweep 28 energy=-6.092532843084155  maxlinkdim=287 maxerr=1.89E-10 time=43.594
After sweep 29 energy=-6.0925361954029915  maxlinkdim=293 maxerr=1.10E-10 time=45.805
After sweep 30 energy=-6.092539275685521  maxlinkdim=287 maxerr=1.08E-10 time=46.427
Calculation finished. Saving results to results_U_-4.0_t_p_0.075.h5
ERROR: LoadError: MethodError: no method matching hdf5_type_id(::Type{Any}, ::Val{false})
This error has been manually thrown, explicitly, so the method may exist but be intentionally marked as unimplemented.

Closest candidates are:
  hdf5_type_id(::Type{T}, ::Val{false}) where T
   @ HDF5 ~/.julia/packages/HDF5/Z859u/src/typeconversions.jl:81
  hdf5_type_id(::Type{T}) where T
   @ HDF5 ~/.julia/packages/HDF5/Z859u/src/typeconversions.jl:71
  hdf5_type_id(::Type{T}, !Matched::Val{true}) where T
   @ HDF5 ~/.julia/packages/HDF5/Z859u/src/typeconversions.jl:72
  ...

Stacktrace:
  [1] hdf5_type_id(::Type{Any}, isstruct::Val{false})
    @ HDF5 ~/.julia/packages/HDF5/Z859u/src/typeconversions.jl:81
  [2] hdf5_type_id(::Type{Any})
    @ HDF5 ~/.julia/packages/HDF5/Z859u/src/typeconversions.jl:71
  [3] datatype(x::Vector{Any})
    @ HDF5 ~/.julia/packages/HDF5/Z859u/src/typeconversions.jl:69
  [4] create_dataset(parent::HDF5.File, name::String, data::Vector{Any}; pv::@Kwargs{})
    @ HDF5 ~/.julia/packages/HDF5/Z859u/src/datasets.jl:296
  [5] create_dataset(parent::HDF5.File, name::String, data::Vector{Any})
    @ HDF5 ~/.julia/packages/HDF5/Z859u/src/datasets.jl:293
  [6] write_dataset(parent::HDF5.File, name::String, data::Vector{Any}; pv::@Kwargs{})
    @ HDF5 ~/.julia/packages/HDF5/Z859u/src/datasets.jl:318
  [7] write_dataset(parent::HDF5.File, name::String, data::Vector{Any})
    @ HDF5 ~/.julia/packages/HDF5/Z859u/src/datasets.jl:315
  [8] write(parent::HDF5.File, name::String, data::Vector{Any}; pv::@Kwargs{})
    @ HDF5 ~/.julia/packages/HDF5/Z859u/src/datasets.jl:342
  [9] setindex!(parent::HDF5.File, val::Vector{Any}, path::String; pv::@Kwargs{})
    @ HDF5 ~/.julia/packages/HDF5/Z859u/src/highlevel.jl:107
 [10] setindex!(parent::HDF5.File, val::Vector{Any}, path::String)
    @ HDF5 ~/.julia/packages/HDF5/Z859u/src/highlevel.jl:90
 [11] run_loop(L::Int64, t::Float64, U::Float64, t_p::Float64, mu_init::Float64, n_target::Float64, r_range::Int64, z_c::Int64, E_p::Float64, chi_max::Int64; nsweeps::Int64, cutoff::Float64)
    @ Main /global/u2/k/kwang98/MPS-MFT/main_loop_script_cpu.jl:446
 [12] run_loop(L::Int64, t::Float64, U::Float64, t_p::Float64, mu_init::Float64, n_target::Float64, r_range::Int64, z_c::Int64, E_p::Float64, chi_max::Int64)
    @ Main /global/u2/k/kwang98/MPS-MFT/main_loop_script_cpu.jl:382
 [13] top-level scope
    @ /global/u2/k/kwang98/MPS-MFT/main_loop_script_cpu.jl:559
in expression starting at /global/u2/k/kwang98/MPS-MFT/main_loop_script_cpu.jl:559
srun: error: nid007031: task 0: Exited with exit code 1
srun: Terminating StepId=45115380.0
Check failed: name 'outfile_name' is not defined
Not completed, resubmitting...
Submitted batch job 45126784
