Calculating pair binding energy for ladder
L=64, U=8.0, V=0.8, t0=1.0, density=0.9375
============================================================
Pair binding energy for Hubbard ladder
L = 64 rungs, 128 sites
U = 8.0, V = 0.8, t = 1.0, t0 = 1.0, density = 0.9375
N_base = 120
============================================================

[1/3] Computing E(N-2=118)
  Initial state: 118 particles (59 up, 59 dn)
After sweep 1 energy=84.7329590790784  maxlinkdim=20 maxerr=3.82E-04 time=50.087
After sweep 2 energy=74.81665376304431  maxlinkdim=50 maxerr=6.41E-06 time=32.366
After sweep 3 energy=69.95744640769213  maxlinkdim=100 maxerr=9.98E-06 time=47.923
After sweep 4 energy=67.13087176281107  maxlinkdim=200 maxerr=1.11E-07 time=67.798
After sweep 5 energy=64.94514808157095  maxlinkdim=904 maxerr=1.00E-10 time=81.917
After sweep 6 energy=62.19760643799993  maxlinkdim=1000 maxerr=1.15E-09 time=105.939
After sweep 7 energy=61.01334822244981  maxlinkdim=1000 maxerr=2.05E-09 time=118.838
After sweep 8 energy=60.06494116185284  maxlinkdim=1000 maxerr=8.87E-09 time=128.680
After sweep 9 energy=58.53262585242516  maxlinkdim=1000 maxerr=2.69E-07 time=137.667
After sweep 10 energy=57.692641936068696  maxlinkdim=1000 maxerr=5.77E-08 time=146.749
After sweep 11 energy=57.15494331389486  maxlinkdim=1000 maxerr=3.07E-08 time=156.913
After sweep 12 energy=56.591313621113834  maxlinkdim=1000 maxerr=8.20E-08 time=171.820
After sweep 13 energy=56.04958328374504  maxlinkdim=1000 maxerr=1.65E-07 time=172.707
After sweep 14 energy=55.69306847505574  maxlinkdim=1000 maxerr=1.98E-07 time=174.086
After sweep 15 energy=55.45600134597569  maxlinkdim=1000 maxerr=1.03E-07 time=181.175
After sweep 16 energy=55.23781225103333  maxlinkdim=1000 maxerr=1.09E-07 time=183.092
After sweep 17 energy=55.07815529550181  maxlinkdim=1000 maxerr=6.12E-08 time=189.704
After sweep 18 energy=54.90008276695135  maxlinkdim=1000 maxerr=1.22E-07 time=186.264
After sweep 19 energy=54.73559096835511  maxlinkdim=1000 maxerr=1.11E-07 time=190.485
After sweep 20 energy=54.60040892416321  maxlinkdim=1000 maxerr=6.13E-08 time=196.734
After sweep 21 energy=54.4826713278346  maxlinkdim=1000 maxerr=1.10E-07 time=195.889
After sweep 22 energy=54.34679961566204  maxlinkdim=1000 maxerr=2.24E-07 time=195.882
After sweep 23 energy=54.220213549208836  maxlinkdim=1000 maxerr=3.15E-07 time=197.371
After sweep 24 energy=54.11336468734236  maxlinkdim=1000 maxerr=3.02E-07 time=199.905
After sweep 25 energy=54.03086094752834  maxlinkdim=1000 maxerr=2.30E-07 time=201.524
After sweep 26 energy=53.94555583603293  maxlinkdim=1000 maxerr=1.35E-06 time=202.558
After sweep 27 energy=53.86777372018328  maxlinkdim=1000 maxerr=2.23E-07 time=196.578
After sweep 28 energy=53.80293365630366  maxlinkdim=1000 maxerr=3.62E-07 time=199.973
After sweep 29 energy=53.73733719687058  maxlinkdim=1000 maxerr=1.48E-06 time=202.504
After sweep 30 energy=53.67715769631452  maxlinkdim=1000 maxerr=1.04E-06 time=192.842
After sweep 31 energy=53.61351318454353  maxlinkdim=1000 maxerr=3.28E-06 time=199.156
After sweep 32 energy=53.54142332418422  maxlinkdim=1000 maxerr=1.83E-05 time=196.406
After sweep 33 energy=53.477919178168705  maxlinkdim=1000 maxerr=6.30E-06 time=210.123
After sweep 34 energy=53.40495637004811  maxlinkdim=1000 maxerr=8.85E-06 time=210.642
After sweep 35 energy=53.34674718579803  maxlinkdim=1000 maxerr=1.09E-05 time=208.417
After sweep 36 energy=53.29671428236097  maxlinkdim=1000 maxerr=3.06E-06 time=209.477
After sweep 37 energy=53.252023094650774  maxlinkdim=1000 maxerr=1.01E-05 time=209.283
After sweep 38 energy=53.21243049672075  maxlinkdim=1000 maxerr=4.12E-06 time=219.200
After sweep 39 energy=53.177315461081704  maxlinkdim=1000 maxerr=3.67E-06 time=219.916
After sweep 40 energy=53.146464339322684  maxlinkdim=1000 maxerr=2.72E-06 time=201.641
After sweep 41 energy=53.11609776522759  maxlinkdim=1000 maxerr=8.65E-06 time=199.937
After sweep 42 energy=53.08720702520909  maxlinkdim=1000 maxerr=7.36E-06 time=201.663
After sweep 43 energy=53.06073853216345  maxlinkdim=1000 maxerr=7.59E-06 time=203.431
After sweep 44 energy=53.03666295320045  maxlinkdim=1000 maxerr=5.44E-06 time=201.027
After sweep 45 energy=53.013178254593534  maxlinkdim=1000 maxerr=4.67E-06 time=202.430
After sweep 46 energy=52.99107589334439  maxlinkdim=1000 maxerr=1.23E-05 time=204.161
After sweep 47 energy=52.960903792804814  maxlinkdim=1000 maxerr=5.28E-06 time=203.688
After sweep 48 energy=52.93218210921231  maxlinkdim=1000 maxerr=5.23E-06 time=207.661
After sweep 49 energy=52.90977340461168  maxlinkdim=1000 maxerr=1.89E-05 time=210.269
After sweep 50 energy=52.891394257687786  maxlinkdim=1000 maxerr=9.02E-06 time=208.992
After sweep 51 energy=52.874756124791354  maxlinkdim=1000 maxerr=5.41E-06 time=213.452
After sweep 52 energy=52.86057676700854  maxlinkdim=1000 maxerr=5.63E-06 time=213.699
After sweep 53 energy=52.84801297499836  maxlinkdim=1000 maxerr=7.54E-06 time=213.591
After sweep 54 energy=52.83660230526456  maxlinkdim=1000 maxerr=7.27E-06 time=203.825
After sweep 55 energy=52.79219639284779  maxlinkdim=1000 maxerr=1.27E-05 time=203.974
After sweep 56 energy=52.76114800523921  maxlinkdim=1000 maxerr=9.91E-06 time=208.049
After sweep 57 energy=52.745213105468  maxlinkdim=1000 maxerr=1.01E-05 time=204.825
After sweep 58 energy=52.7356396829724  maxlinkdim=1000 maxerr=1.00E-05 time=206.829
After sweep 59 energy=52.729891456412545  maxlinkdim=1000 maxerr=1.12E-05 time=209.005
After sweep 60 energy=52.72675179649816  maxlinkdim=1000 maxerr=1.01E-05 time=211.087
After sweep 61 energy=52.725117171667925  maxlinkdim=1000 maxerr=9.90E-06 time=209.335
After sweep 62 energy=52.72432202419652  maxlinkdim=1000 maxerr=9.42E-06 time=208.090
After sweep 63 energy=52.723931918227215  maxlinkdim=1000 maxerr=9.38E-06 time=201.981
After sweep 64 energy=52.72373440372544  maxlinkdim=1000 maxerr=9.21E-06 time=206.932
After sweep 65 energy=52.72363566977637  maxlinkdim=1000 maxerr=9.23E-06 time=206.130
After sweep 66 energy=52.72358331498336  maxlinkdim=1000 maxerr=9.17E-06 time=212.321
After sweep 67 energy=52.72355429205188  maxlinkdim=1000 maxerr=9.18E-06 time=209.603
After sweep 68 energy=52.72353768148513  maxlinkdim=1000 maxerr=9.17E-06 time=207.226
After sweep 69 energy=52.72352798122107  maxlinkdim=1000 maxerr=9.14E-06 time=205.912
After sweep 70 energy=52.7235218131941  maxlinkdim=1000 maxerr=9.11E-06 time=206.086
After sweep 71 energy=52.72351775912735  maxlinkdim=1000 maxerr=9.08E-06 time=209.564
After sweep 72 energy=52.72351673173855  maxlinkdim=1000 maxerr=9.08E-06 time=209.674
After sweep 73 energy=52.7235145449156  maxlinkdim=1000 maxerr=9.05E-06 time=208.599
After sweep 74 energy=52.72351251537262  maxlinkdim=1000 maxerr=9.06E-06 time=210.036
After sweep 75 energy=52.723510246187594  maxlinkdim=1000 maxerr=9.06E-06 time=211.135
After sweep 76 energy=52.7235097437767  maxlinkdim=1000 maxerr=9.06E-06 time=221.176
After sweep 77 energy=52.723508576504315  maxlinkdim=1000 maxerr=9.06E-06 time=217.097
After sweep 78 energy=52.72350751119457  maxlinkdim=1000 maxerr=9.05E-06 time=215.422
After sweep 79 energy=52.72350715914542  maxlinkdim=1000 maxerr=9.05E-06 time=210.995
After sweep 80 energy=52.72350651395189  maxlinkdim=1000 maxerr=9.05E-06 time=207.220
After sweep 81 energy=52.7235069526182  maxlinkdim=1000 maxerr=9.05E-06 time=210.188
After sweep 82 energy=52.72350605235499  maxlinkdim=1000 maxerr=9.04E-06 time=204.870
After sweep 83 energy=52.723505189117226  maxlinkdim=1000 maxerr=9.03E-06 time=205.124
After sweep 84 energy=52.723504809398584  maxlinkdim=1000 maxerr=9.04E-06 time=204.343
After sweep 85 energy=52.723504761191286  maxlinkdim=1000 maxerr=9.04E-06 time=211.254
After sweep 86 energy=52.72350502012409  maxlinkdim=1000 maxerr=9.04E-06 time=210.044
After sweep 87 energy=52.723505665258855  maxlinkdim=1000 maxerr=9.04E-06 time=211.199
After sweep 88 energy=52.72350485372787  maxlinkdim=1000 maxerr=9.03E-06 time=208.867
After sweep 89 energy=52.72350421270455  maxlinkdim=1000 maxerr=9.04E-06 time=197.585
After sweep 90 energy=52.723503811184926  maxlinkdim=1000 maxerr=9.04E-06 time=200.632
After sweep 91 energy=52.72350398782527  maxlinkdim=1000 maxerr=9.04E-06 time=206.201
After sweep 92 energy=52.72350358586071  maxlinkdim=1000 maxerr=9.04E-06 time=203.640
After sweep 93 energy=52.723503651569885  maxlinkdim=1000 maxerr=9.04E-06 time=199.318
After sweep 94 energy=52.72350367523052  maxlinkdim=1000 maxerr=9.04E-06 time=218.131
After sweep 95 energy=52.723503338807575  maxlinkdim=1000 maxerr=9.04E-06 time=216.868
After sweep 96 energy=52.723503098665105  maxlinkdim=1000 maxerr=9.04E-06 time=218.529
After sweep 97 energy=52.72350296159179  maxlinkdim=1000 maxerr=9.04E-06 time=224.237
After sweep 98 energy=52.72350296459602  maxlinkdim=1000 maxerr=9.04E-06 time=221.726
After sweep 99 energy=52.723503117000995  maxlinkdim=1000 maxerr=9.04E-06 time=217.498
After sweep 100 energy=52.7235032583372  maxlinkdim=1000 maxerr=9.04E-06 time=220.616
  E(N-2) = 52.7235032583372

[2/3] Computing E(N-1=119)
  Initial state: 119 particles (60 up, 59 dn)
After sweep 1 energy=84.778413364733  maxlinkdim=20 maxerr=3.66E-04 time=11.914
After sweep 2 energy=75.94698122210723  maxlinkdim=50 maxerr=5.10E-06 time=26.158
After sweep 3 energy=71.06925277357493  maxlinkdim=100 maxerr=3.89E-06 time=39.880
After sweep 4 energy=68.89234448324599  maxlinkdim=200 maxerr=2.25E-07 time=65.546
After sweep 5 energy=66.85157631871559  maxlinkdim=591 maxerr=1.00E-10 time=77.201
After sweep 6 energy=65.57133569950747  maxlinkdim=960 maxerr=1.00E-10 time=93.452
After sweep 7 energy=63.13711149099049  maxlinkdim=1000 maxerr=1.82E-07 time=111.524
After sweep 8 energy=62.22927133730871  maxlinkdim=1000 maxerr=1.02E-08 time=126.973
After sweep 9 energy=61.54047473566094  maxlinkdim=1000 maxerr=1.84E-08 time=136.424
After sweep 10 energy=60.77892251487573  maxlinkdim=1000 maxerr=8.48E-08 time=149.011
After sweep 11 energy=60.18474317142583  maxlinkdim=1000 maxerr=1.33E-07 time=153.621
After sweep 12 energy=59.73968752262696  maxlinkdim=1000 maxerr=4.95E-07 time=145.685
After sweep 13 energy=59.35838690446371  maxlinkdim=1000 maxerr=4.88E-06 time=146.113
After sweep 14 energy=59.08493433134199  maxlinkdim=1000 maxerr=1.75E-06 time=154.138
After sweep 15 energy=58.91957786375941  maxlinkdim=1000 maxerr=5.00E-07 time=160.476
After sweep 16 energy=58.7756155942136  maxlinkdim=1000 maxerr=1.28E-07 time=181.791
After sweep 17 energy=58.64545322469654  maxlinkdim=1000 maxerr=1.70E-07 time=189.395
After sweep 18 energy=58.48691253108249  maxlinkdim=1000 maxerr=1.22E-06 time=191.943
After sweep 19 energy=58.307328226956656  maxlinkdim=1000 maxerr=4.61E-06 time=200.182
After sweep 20 energy=58.20284339245824  maxlinkdim=1000 maxerr=1.79E-07 time=205.683
After sweep 21 energy=58.11364796015444  maxlinkdim=1000 maxerr=1.79E-07 time=206.987
After sweep 22 energy=58.0193042019131  maxlinkdim=1000 maxerr=2.37E-07 time=212.523
After sweep 23 energy=57.95332229361079  maxlinkdim=1000 maxerr=2.32E-07 time=214.645
After sweep 24 energy=57.89075967219879  maxlinkdim=1000 maxerr=3.70E-07 time=214.430
After sweep 25 energy=57.834405303548735  maxlinkdim=1000 maxerr=3.68E-07 time=213.637
After sweep 26 energy=57.78125393586174  maxlinkdim=1000 maxerr=3.72E-07 time=214.612
After sweep 27 energy=57.729159857738786  maxlinkdim=1000 maxerr=5.19E-07 time=212.296
After sweep 28 energy=57.6755996045655  maxlinkdim=1000 maxerr=6.68E-07 time=214.199
After sweep 29 energy=57.620582566527865  maxlinkdim=1000 maxerr=9.55E-07 time=215.948
After sweep 30 energy=57.57251675776462  maxlinkdim=1000 maxerr=8.39E-07 time=212.122
After sweep 31 energy=57.52715437973099  maxlinkdim=1000 maxerr=9.55E-07 time=214.781
After sweep 32 energy=57.47915003610279  maxlinkdim=1000 maxerr=6.16E-06 time=214.329
After sweep 33 energy=57.42552387339293  maxlinkdim=1000 maxerr=9.28E-06 time=216.291
After sweep 34 energy=57.3775496180398  maxlinkdim=1000 maxerr=7.98E-06 time=217.629
After sweep 35 energy=57.31850259079404  maxlinkdim=1000 maxerr=2.64E-05 time=217.469
After sweep 36 energy=57.26212830280262  maxlinkdim=1000 maxerr=3.79E-05 time=216.627
After sweep 37 energy=57.19069741315237  maxlinkdim=1000 maxerr=2.68E-05 time=219.864
After sweep 38 energy=57.13437302128609  maxlinkdim=1000 maxerr=2.04E-05 time=222.390
After sweep 39 energy=57.091866020478285  maxlinkdim=1000 maxerr=1.44E-05 time=221.069
After sweep 40 energy=57.05742222023458  maxlinkdim=1000 maxerr=1.78E-05 time=209.965
After sweep 41 energy=57.026038804202855  maxlinkdim=1000 maxerr=1.83E-05 time=201.631
After sweep 42 energy=56.99318612127618  maxlinkdim=1000 maxerr=3.08E-05 time=205.353
After sweep 43 energy=56.962530942689305  maxlinkdim=1000 maxerr=2.10E-05 time=204.829
After sweep 44 energy=56.934452971876375  maxlinkdim=1000 maxerr=2.02E-05 time=201.764
After sweep 45 energy=56.90551914057324  maxlinkdim=1000 maxerr=1.89E-05 time=201.621
After sweep 46 energy=56.879106978019486  maxlinkdim=1000 maxerr=1.63E-05 time=207.837
After sweep 47 energy=56.85622064872531  maxlinkdim=1000 maxerr=1.66E-05 time=199.722
After sweep 48 energy=56.83779164060837  maxlinkdim=1000 maxerr=1.56E-05 time=201.854
After sweep 49 energy=56.82363994825785  maxlinkdim=1000 maxerr=1.46E-05 time=205.055
After sweep 50 energy=56.813299101488745  maxlinkdim=1000 maxerr=1.33E-05 time=205.147
After sweep 51 energy=56.8051768312465  maxlinkdim=1000 maxerr=1.30E-05 time=210.172
After sweep 52 energy=56.79875611773786  maxlinkdim=1000 maxerr=1.28E-05 time=207.956
After sweep 53 energy=56.793381153663255  maxlinkdim=1000 maxerr=1.36E-05 time=203.644
After sweep 54 energy=56.78958544363627  maxlinkdim=1000 maxerr=1.32E-05 time=208.616
After sweep 55 energy=56.787359283985616  maxlinkdim=1000 maxerr=1.32E-05 time=211.491
After sweep 56 energy=56.786156515922926  maxlinkdim=1000 maxerr=1.31E-05 time=205.061
After sweep 57 energy=56.785465399188745  maxlinkdim=1000 maxerr=1.30E-05 time=217.896
After sweep 58 energy=56.78502636587773  maxlinkdim=1000 maxerr=1.30E-05 time=221.832
After sweep 59 energy=56.78474771642783  maxlinkdim=1000 maxerr=1.30E-05 time=221.023
After sweep 60 energy=56.784565601214915  maxlinkdim=1000 maxerr=1.30E-05 time=212.933
After sweep 61 energy=56.78443485989915  maxlinkdim=1000 maxerr=1.30E-05 time=198.293
After sweep 62 energy=56.78434298522078  maxlinkdim=1000 maxerr=1.31E-05 time=200.486
After sweep 63 energy=56.784278058900114  maxlinkdim=1000 maxerr=1.36E-05 time=203.145
After sweep 64 energy=56.78421713649175  maxlinkdim=1000 maxerr=1.36E-05 time=205.216
After sweep 65 energy=56.784169848641724  maxlinkdim=1000 maxerr=1.37E-05 time=203.400
After sweep 66 energy=56.784132050451824  maxlinkdim=1000 maxerr=1.36E-05 time=200.521
After sweep 67 energy=56.784102554700425  maxlinkdim=1000 maxerr=1.37E-05 time=207.392
After sweep 68 energy=56.78407633293852  maxlinkdim=1000 maxerr=1.37E-05 time=210.593
After sweep 69 energy=56.7840509675992  maxlinkdim=1000 maxerr=1.37E-05 time=207.168
After sweep 70 energy=56.78403211206279  maxlinkdim=1000 maxerr=1.37E-05 time=199.563
After sweep 71 energy=56.78401267630645  maxlinkdim=1000 maxerr=1.38E-05 time=202.182
After sweep 72 energy=56.78399543707066  maxlinkdim=1000 maxerr=1.38E-05 time=200.520
After sweep 73 energy=56.78398390292758  maxlinkdim=1000 maxerr=1.38E-05 time=200.389
After sweep 74 energy=56.78396963421134  maxlinkdim=1000 maxerr=1.38E-05 time=204.065
After sweep 75 energy=56.78395356831687  maxlinkdim=1000 maxerr=1.38E-05 time=203.665
After sweep 76 energy=56.78394404906341  maxlinkdim=1000 maxerr=1.38E-05 time=202.347
After sweep 77 energy=56.78393336221239  maxlinkdim=1000 maxerr=1.38E-05 time=203.792
After sweep 78 energy=56.78392402927145  maxlinkdim=1000 maxerr=1.38E-05 time=210.428
After sweep 79 energy=56.783913506226085  maxlinkdim=1000 maxerr=1.38E-05 time=211.365
After sweep 80 energy=56.78390453343178  maxlinkdim=1000 maxerr=1.38E-05 time=211.365
After sweep 81 energy=56.78389610657363  maxlinkdim=1000 maxerr=1.38E-05 time=215.071
After sweep 82 energy=56.78388903745124  maxlinkdim=1000 maxerr=1.38E-05 time=214.439
After sweep 83 energy=56.78388358047395  maxlinkdim=1000 maxerr=1.38E-05 time=212.052
After sweep 84 energy=56.783874907438445  maxlinkdim=1000 maxerr=1.38E-05 time=210.363
After sweep 85 energy=56.78386852832438  maxlinkdim=1000 maxerr=1.38E-05 time=212.834
After sweep 86 energy=56.78386409757263  maxlinkdim=1000 maxerr=1.38E-05 time=211.511
After sweep 87 energy=56.78385933250513  maxlinkdim=1000 maxerr=1.38E-05 time=211.777
After sweep 88 energy=56.78385616965111  maxlinkdim=1000 maxerr=1.38E-05 time=214.968
After sweep 89 energy=56.78384965417077  maxlinkdim=1000 maxerr=1.38E-05 time=217.169
After sweep 90 energy=56.783847779231635  maxlinkdim=1000 maxerr=1.38E-05 time=215.036
After sweep 91 energy=56.783842596869036  maxlinkdim=1000 maxerr=1.38E-05 time=220.780
After sweep 92 energy=56.78383851129699  maxlinkdim=1000 maxerr=1.38E-05 time=220.339
After sweep 93 energy=56.78383503614364  maxlinkdim=1000 maxerr=1.38E-05 time=212.137
After sweep 94 energy=56.783830197548106  maxlinkdim=1000 maxerr=1.38E-05 time=213.147
After sweep 95 energy=56.78382779091815  maxlinkdim=1000 maxerr=1.38E-05 time=213.518
After sweep 96 energy=56.78382424549236  maxlinkdim=1000 maxerr=1.38E-05 time=210.384
After sweep 97 energy=56.783822010045746  maxlinkdim=1000 maxerr=1.38E-05 time=220.543
After sweep 98 energy=56.783819251646904  maxlinkdim=1000 maxerr=1.38E-05 time=224.227
After sweep 99 energy=56.78381743409635  maxlinkdim=1000 maxerr=1.38E-05 time=216.228
After sweep 100 energy=56.783815299732765  maxlinkdim=1000 maxerr=1.38E-05 time=217.814
  E(N-1) = 56.783815299732765

[3/3] Computing E(N=120)
  Initial state: 120 particles (60 up, 60 dn)
After sweep 1 energy=86.89030375175143  maxlinkdim=20 maxerr=3.52E-04 time=12.513
After sweep 2 energy=77.43938710499783  maxlinkdim=50 maxerr=4.94E-06 time=27.092
After sweep 3 energy=72.95388636854723  maxlinkdim=100 maxerr=5.88E-07 time=41.370
After sweep 4 energy=70.70187821997426  maxlinkdim=200 maxerr=3.04E-07 time=64.331
After sweep 5 energy=69.16529636485271  maxlinkdim=740 maxerr=1.00E-10 time=78.196
After sweep 6 energy=67.84752473265725  maxlinkdim=994 maxerr=1.00E-10 time=98.359
After sweep 7 energy=66.5462148773676  maxlinkdim=1000 maxerr=1.55E-09 time=115.203
After sweep 8 energy=65.24615676758566  maxlinkdim=1000 maxerr=1.87E-08 time=128.954
After sweep 9 energy=64.5956476788934  maxlinkdim=1000 maxerr=1.66E-08 time=137.257
After sweep 10 energy=63.9921080461053  maxlinkdim=1000 maxerr=6.96E-08 time=141.760
After sweep 11 energy=63.521374142130654  maxlinkdim=1000 maxerr=5.74E-08 time=142.901
After sweep 12 energy=63.21224382362025  maxlinkdim=1000 maxerr=2.93E-08 time=144.218
After sweep 13 energy=62.97822487411038  maxlinkdim=1000 maxerr=5.11E-08 time=159.994
After sweep 14 energy=62.77137072531108  maxlinkdim=1000 maxerr=6.62E-08 time=170.491
After sweep 15 energy=62.525602827318316  maxlinkdim=1000 maxerr=1.67E-07 time=169.735
After sweep 16 energy=62.33436566658395  maxlinkdim=1000 maxerr=1.58E-07 time=175.537
After sweep 17 energy=62.197677399819256  maxlinkdim=1000 maxerr=8.31E-08 time=188.935
After sweep 18 energy=62.08676610668067  maxlinkdim=1000 maxerr=1.19E-07 time=194.136
After sweep 19 energy=61.98324010276263  maxlinkdim=1000 maxerr=1.62E-07 time=197.391
After sweep 20 energy=61.88213421647555  maxlinkdim=1000 maxerr=2.99E-07 time=207.702
After sweep 21 energy=61.80054669156158  maxlinkdim=1000 maxerr=2.03E-07 time=211.114
After sweep 22 energy=61.72014334174364  maxlinkdim=1000 maxerr=4.86E-07 time=215.188
After sweep 23 energy=61.653115384045954  maxlinkdim=1000 maxerr=1.71E-07 time=213.178
After sweep 24 energy=61.5801755631593  maxlinkdim=1000 maxerr=6.68E-07 time=216.715
After sweep 25 energy=61.52082448067362  maxlinkdim=1000 maxerr=4.69E-07 time=214.951
After sweep 26 energy=61.46834122665884  maxlinkdim=1000 maxerr=3.59E-07 time=211.365
After sweep 27 energy=61.418473835832756  maxlinkdim=1000 maxerr=4.36E-07 time=212.589
After sweep 28 energy=61.37253544736857  maxlinkdim=1000 maxerr=3.58E-07 time=208.416
After sweep 29 energy=61.333592418748744  maxlinkdim=1000 maxerr=3.93E-07 time=205.720
After sweep 30 energy=61.29553559632389  maxlinkdim=1000 maxerr=5.02E-07 time=209.268
After sweep 31 energy=61.257959052443056  maxlinkdim=1000 maxerr=5.66E-07 time=212.057
After sweep 32 energy=61.21446444938909  maxlinkdim=1000 maxerr=2.98E-06 time=214.058
After sweep 33 energy=61.16667596066371  maxlinkdim=1000 maxerr=4.26E-06 time=215.063
After sweep 34 energy=61.126812208717716  maxlinkdim=1000 maxerr=1.16E-05 time=213.999
After sweep 35 energy=61.08724517052433  maxlinkdim=1000 maxerr=1.67E-05 time=208.024
After sweep 36 energy=61.05043548894392  maxlinkdim=1000 maxerr=9.88E-06 time=212.555
After sweep 37 energy=61.00928713490001  maxlinkdim=1000 maxerr=1.15E-05 time=211.143
After sweep 38 energy=60.979226311703734  maxlinkdim=1000 maxerr=1.01E-05 time=215.833
After sweep 39 energy=60.95091804578539  maxlinkdim=1000 maxerr=1.69E-05 time=215.499
After sweep 40 energy=60.91340564158679  maxlinkdim=1000 maxerr=1.60E-05 time=210.561
After sweep 41 energy=60.881780055313875  maxlinkdim=1000 maxerr=1.59E-05 time=218.360
After sweep 42 energy=60.85903726172487  maxlinkdim=1000 maxerr=1.22E-05 time=217.843
After sweep 43 energy=60.8401298699294  maxlinkdim=1000 maxerr=1.85E-05 time=214.474
After sweep 44 energy=60.823946507084386  maxlinkdim=1000 maxerr=1.20E-05 time=216.047
After sweep 45 energy=60.81073656477834  maxlinkdim=1000 maxerr=1.01E-05 time=217.745
After sweep 46 energy=60.79995625939433  maxlinkdim=1000 maxerr=8.94E-06 time=206.348
After sweep 47 energy=60.79029116778772  maxlinkdim=1000 maxerr=1.06E-05 time=209.166
After sweep 48 energy=60.78265412158917  maxlinkdim=1000 maxerr=9.98E-06 time=220.371
After sweep 49 energy=60.77660092621816  maxlinkdim=1000 maxerr=9.36E-06 time=217.553
After sweep 50 energy=60.772497483445754  maxlinkdim=1000 maxerr=8.51E-06 time=209.675
After sweep 51 energy=60.76991834707567  maxlinkdim=1000 maxerr=8.13E-06 time=205.681
After sweep 52 energy=60.76843780410066  maxlinkdim=1000 maxerr=7.33E-06 time=214.320
After sweep 53 energy=60.76762737751149  maxlinkdim=1000 maxerr=7.13E-06 time=217.192
After sweep 54 energy=60.76719082381358  maxlinkdim=1000 maxerr=6.92E-06 time=225.671
After sweep 55 energy=60.766948359061736  maxlinkdim=1000 maxerr=6.91E-06 time=220.083
After sweep 56 energy=60.76680903089248  maxlinkdim=1000 maxerr=6.94E-06 time=217.148
After sweep 57 energy=60.76672257293665  maxlinkdim=1000 maxerr=6.91E-06 time=223.747
After sweep 58 energy=60.76667631281041  maxlinkdim=1000 maxerr=6.90E-06 time=218.777
After sweep 59 energy=60.76665285249827  maxlinkdim=1000 maxerr=6.91E-06 time=221.762
After sweep 60 energy=60.7666332630175  maxlinkdim=1000 maxerr=6.90E-06 time=221.601
After sweep 61 energy=60.76662196986329  maxlinkdim=1000 maxerr=6.86E-06 time=223.931
After sweep 62 energy=60.766613618319816  maxlinkdim=1000 maxerr=6.84E-06 time=224.465
After sweep 63 energy=60.766608018597346  maxlinkdim=1000 maxerr=6.86E-06 time=221.964
After sweep 64 energy=60.76660230170319  maxlinkdim=1000 maxerr=6.87E-06 time=210.815
After sweep 65 energy=60.76660100985389  maxlinkdim=1000 maxerr=6.88E-06 time=209.919
After sweep 66 energy=60.76659783511949  maxlinkdim=1000 maxerr=6.87E-06 time=219.378
After sweep 67 energy=60.76659573245803  maxlinkdim=1000 maxerr=6.87E-06 time=219.987
After sweep 68 energy=60.76659412010346  maxlinkdim=1000 maxerr=6.87E-06 time=221.622
After sweep 69 energy=60.76659438510163  maxlinkdim=1000 maxerr=6.87E-06 time=221.213
After sweep 70 energy=60.766591925015035  maxlinkdim=1000 maxerr=6.87E-06 time=216.690
After sweep 71 energy=60.76659213790435  maxlinkdim=1000 maxerr=6.87E-06 time=213.207
After sweep 72 energy=60.766592442334044  maxlinkdim=1000 maxerr=6.87E-06 time=211.160
After sweep 73 energy=60.76659142347467  maxlinkdim=1000 maxerr=6.86E-06 time=210.106
After sweep 74 energy=60.7665907674221  maxlinkdim=1000 maxerr=6.86E-06 time=210.744
After sweep 75 energy=60.76659085193482  maxlinkdim=1000 maxerr=6.85E-06 time=208.898
After sweep 76 energy=60.76659192454315  maxlinkdim=1000 maxerr=6.85E-06 time=201.025
After sweep 77 energy=60.76659037817689  maxlinkdim=1000 maxerr=6.85E-06 time=201.351
After sweep 78 energy=60.7665906344178  maxlinkdim=1000 maxerr=6.86E-06 time=216.725
After sweep 79 energy=60.766589487322605  maxlinkdim=1000 maxerr=6.86E-06 time=205.322
After sweep 80 energy=60.766589770462026  maxlinkdim=1000 maxerr=6.86E-06 time=203.903
After sweep 81 energy=60.766588774213865  maxlinkdim=1000 maxerr=6.86E-06 time=202.946
After sweep 82 energy=60.766588505025595  maxlinkdim=1000 maxerr=6.86E-06 time=201.434
After sweep 83 energy=60.76658853205389  maxlinkdim=1000 maxerr=6.86E-06 time=205.437
After sweep 84 energy=60.76658846038323  maxlinkdim=1000 maxerr=6.86E-06 time=208.924
After sweep 85 energy=60.76658824539786  maxlinkdim=1000 maxerr=6.86E-06 time=213.950
After sweep 86 energy=60.76658823095758  maxlinkdim=1000 maxerr=6.86E-06 time=213.201
After sweep 87 energy=60.766587192967194  maxlinkdim=1000 maxerr=6.86E-06 time=214.861
After sweep 88 energy=60.76658736471841  maxlinkdim=1000 maxerr=6.86E-06 time=207.847
After sweep 89 energy=60.76658702585099  maxlinkdim=1000 maxerr=6.86E-06 time=210.468
After sweep 90 energy=60.76658716241882  maxlinkdim=1000 maxerr=6.86E-06 time=209.345
After sweep 91 energy=60.766586822769504  maxlinkdim=1000 maxerr=6.86E-06 time=202.892
After sweep 92 energy=60.76658673953253  maxlinkdim=1000 maxerr=6.86E-06 time=205.384
After sweep 93 energy=60.76658680871339  maxlinkdim=1000 maxerr=6.86E-06 time=202.719
After sweep 94 energy=60.76658659074183  maxlinkdim=1000 maxerr=6.86E-06 time=211.446
After sweep 95 energy=60.76658699031829  maxlinkdim=1000 maxerr=6.86E-06 time=214.996
After sweep 96 energy=60.76658664933146  maxlinkdim=1000 maxerr=6.86E-06 time=217.611
After sweep 97 energy=60.76658644397128  maxlinkdim=1000 maxerr=6.86E-06 time=216.959
After sweep 98 energy=60.766586414576594  maxlinkdim=1000 maxerr=6.86E-06 time=216.314
After sweep 99 energy=60.76658661391326  maxlinkdim=1000 maxerr=6.86E-06 time=213.772
After sweep 100 energy=60.76658613471041  maxlinkdim=1000 maxerr=6.86E-06 time=219.052
  E(N) = 60.76658613471041

============================================================
RESULTS:
  E(118) = 52.7235032583372
  E(119) = 56.783815299732765
  E(120)     = 60.76658613471041
  E_p = -0.07754121  (attractive hole pairing)
============================================================
RESULT: E_p = -0.07754120641791928
E_p calculation completed
