Calculating pair binding energy for ladder
L=64, U=8.0, V=0.0, t0=1.6, density=0.9375
============================================================
Pair binding energy for Hubbard ladder
L = 64 rungs, 128 sites
U = 8.0, V = 0.0, t = 1.0, t0 = 1.6, density = 0.9375
N_base = 120
============================================================

[1/3] Computing E(N-2=118)
  Initial state: 118 particles (59 up, 59 dn)
After sweep 1 energy=-84.65528374741795  maxlinkdim=20 maxerr=2.58E-04 time=48.491
After sweep 2 energy=-91.46893539435315  maxlinkdim=50 maxerr=5.69E-05 time=28.786
After sweep 3 energy=-93.91362377278874  maxlinkdim=100 maxerr=2.34E-06 time=41.949
After sweep 4 energy=-95.73175437837111  maxlinkdim=200 maxerr=1.27E-07 time=62.735
After sweep 5 energy=-96.86479182704575  maxlinkdim=888 maxerr=1.00E-10 time=74.454
After sweep 6 energy=-97.70232979911104  maxlinkdim=1428 maxerr=1.00E-10 time=92.645
After sweep 7 energy=-98.28329151372397  maxlinkdim=1500 maxerr=4.58E-10 time=104.866
After sweep 8 energy=-98.68252264949835  maxlinkdim=1500 maxerr=8.11E-10 time=113.594
After sweep 9 energy=-98.97969662659801  maxlinkdim=1500 maxerr=9.80E-10 time=117.080
After sweep 10 energy=-99.2104779248166  maxlinkdim=1500 maxerr=9.87E-10 time=123.468
After sweep 11 energy=-99.3957723748908  maxlinkdim=1500 maxerr=1.04E-09 time=129.080
After sweep 12 energy=-99.54571582630797  maxlinkdim=1500 maxerr=1.08E-09 time=134.067
After sweep 13 energy=-99.6679615980798  maxlinkdim=1500 maxerr=1.05E-09 time=139.231
After sweep 14 energy=-99.77371313249833  maxlinkdim=1500 maxerr=9.53E-10 time=140.830
After sweep 15 energy=-99.86568055415009  maxlinkdim=1500 maxerr=9.83E-10 time=143.933
After sweep 16 energy=-99.95336125389777  maxlinkdim=1500 maxerr=1.28E-09 time=150.587
After sweep 17 energy=-100.03020012408174  maxlinkdim=1500 maxerr=1.54E-09 time=153.523
After sweep 18 energy=-100.0993836018819  maxlinkdim=1500 maxerr=1.67E-09 time=158.062
After sweep 19 energy=-100.16137088248047  maxlinkdim=1500 maxerr=2.31E-09 time=162.208
After sweep 20 energy=-100.21076804939227  maxlinkdim=1500 maxerr=2.06E-09 time=160.857
After sweep 21 energy=-100.2490432253369  maxlinkdim=1500 maxerr=1.44E-09 time=160.632
After sweep 22 energy=-100.28284866082507  maxlinkdim=1500 maxerr=1.54E-09 time=159.751
After sweep 23 energy=-100.31471346891345  maxlinkdim=1500 maxerr=2.02E-09 time=164.557
After sweep 24 energy=-100.34697205113532  maxlinkdim=1500 maxerr=5.22E-09 time=168.937
After sweep 25 energy=-100.37983383941719  maxlinkdim=1500 maxerr=6.84E-09 time=175.686
After sweep 26 energy=-100.41155884817587  maxlinkdim=1500 maxerr=6.41E-09 time=182.273
After sweep 27 energy=-100.43247818221073  maxlinkdim=1500 maxerr=2.39E-09 time=182.327
After sweep 28 energy=-100.45032337973784  maxlinkdim=1500 maxerr=1.30E-09 time=184.530
After sweep 29 energy=-100.46683722390827  maxlinkdim=1500 maxerr=1.43E-09 time=186.064
After sweep 30 energy=-100.48297801646369  maxlinkdim=1500 maxerr=1.49E-09 time=190.453
After sweep 31 energy=-100.49720923386336  maxlinkdim=1500 maxerr=9.65E-10 time=185.464
After sweep 32 energy=-100.5118795880663  maxlinkdim=1500 maxerr=1.84E-09 time=183.287
After sweep 33 energy=-100.52672624182183  maxlinkdim=1500 maxerr=2.90E-09 time=174.144
After sweep 34 energy=-100.54195104031278  maxlinkdim=1500 maxerr=2.01E-09 time=197.220
After sweep 35 energy=-100.55808833380796  maxlinkdim=1500 maxerr=2.51E-09 time=207.819
After sweep 36 energy=-100.57267862978344  maxlinkdim=1500 maxerr=2.15E-09 time=210.334
After sweep 37 energy=-100.58582023118663  maxlinkdim=1500 maxerr=2.22E-09 time=206.889
After sweep 38 energy=-100.59800572464262  maxlinkdim=1500 maxerr=1.81E-09 time=208.573
After sweep 39 energy=-100.61131760741591  maxlinkdim=1500 maxerr=2.01E-09 time=219.839
After sweep 40 energy=-100.62179241822537  maxlinkdim=1500 maxerr=1.24E-09 time=219.629
After sweep 41 energy=-100.63242668328138  maxlinkdim=1500 maxerr=3.33E-09 time=229.182
After sweep 42 energy=-100.64366606832365  maxlinkdim=1500 maxerr=5.09E-09 time=232.028
After sweep 43 energy=-100.65487285353684  maxlinkdim=1500 maxerr=7.35E-09 time=241.928
After sweep 44 energy=-100.66446588283719  maxlinkdim=1500 maxerr=2.34E-09 time=244.052
After sweep 45 energy=-100.67451055125457  maxlinkdim=1500 maxerr=3.56E-09 time=253.450
After sweep 46 energy=-100.68504902231606  maxlinkdim=1500 maxerr=2.94E-09 time=255.115
After sweep 47 energy=-100.69417130379688  maxlinkdim=1500 maxerr=1.51E-09 time=256.492
After sweep 48 energy=-100.70309555225977  maxlinkdim=1500 maxerr=1.76E-09 time=254.575
After sweep 49 energy=-100.71133319248113  maxlinkdim=1500 maxerr=4.85E-09 time=257.574
After sweep 50 energy=-100.71951601151642  maxlinkdim=1500 maxerr=4.47E-09 time=258.629
After sweep 51 energy=-100.72731004543046  maxlinkdim=1500 maxerr=6.33E-09 time=269.570
After sweep 52 energy=-100.73500941652638  maxlinkdim=1500 maxerr=2.54E-09 time=267.891
After sweep 53 energy=-100.74187551242274  maxlinkdim=1500 maxerr=3.36E-09 time=276.890
After sweep 54 energy=-100.74695935949663  maxlinkdim=1500 maxerr=1.55E-09 time=273.352
After sweep 55 energy=-100.75132023041886  maxlinkdim=1500 maxerr=1.53E-09 time=266.674
After sweep 56 energy=-100.75527857705907  maxlinkdim=1500 maxerr=1.73E-09 time=251.751
After sweep 57 energy=-100.75893629765804  maxlinkdim=1500 maxerr=1.17E-09 time=245.933
After sweep 58 energy=-100.76348698173761  maxlinkdim=1500 maxerr=3.52E-09 time=248.324
After sweep 59 energy=-100.76921508600228  maxlinkdim=1500 maxerr=7.96E-09 time=252.919
After sweep 60 energy=-100.7730105238548  maxlinkdim=1500 maxerr=1.11E-09 time=260.995
After sweep 61 energy=-100.77619251488704  maxlinkdim=1500 maxerr=1.01E-09 time=261.569
After sweep 62 energy=-100.77957855951468  maxlinkdim=1500 maxerr=1.82E-09 time=259.730
After sweep 63 energy=-100.78289504259398  maxlinkdim=1500 maxerr=2.05E-09 time=260.329
After sweep 64 energy=-100.78656071988081  maxlinkdim=1500 maxerr=3.23E-09 time=260.083
After sweep 65 energy=-100.79035498623503  maxlinkdim=1500 maxerr=3.40E-09 time=259.806
After sweep 66 energy=-100.79414455897091  maxlinkdim=1500 maxerr=4.09E-09 time=261.911
After sweep 67 energy=-100.79819997111493  maxlinkdim=1500 maxerr=4.06E-09 time=266.152
After sweep 68 energy=-100.80149665227076  maxlinkdim=1500 maxerr=2.27E-09 time=268.161
After sweep 69 energy=-100.80445495306202  maxlinkdim=1500 maxerr=2.55E-09 time=266.536
After sweep 70 energy=-100.80718406109678  maxlinkdim=1500 maxerr=2.13E-09 time=264.775
After sweep 71 energy=-100.80991894533058  maxlinkdim=1500 maxerr=2.61E-09 time=262.618
After sweep 72 energy=-100.81321523508649  maxlinkdim=1500 maxerr=1.14E-08 time=272.341
After sweep 73 energy=-100.81530818440467  maxlinkdim=1500 maxerr=9.68E-10 time=272.614
After sweep 74 energy=-100.81724668366596  maxlinkdim=1500 maxerr=7.54E-10 time=268.449
After sweep 75 energy=-100.81917349125865  maxlinkdim=1500 maxerr=3.66E-09 time=265.860
After sweep 76 energy=-100.8211612132106  maxlinkdim=1500 maxerr=1.75E-09 time=265.888
After sweep 77 energy=-100.82308553275524  maxlinkdim=1500 maxerr=2.71E-09 time=266.300
After sweep 78 energy=-100.82487252938893  maxlinkdim=1500 maxerr=2.40E-09 time=262.011
After sweep 79 energy=-100.82658044390381  maxlinkdim=1500 maxerr=1.72E-09 time=264.149
After sweep 80 energy=-100.82823840082051  maxlinkdim=1500 maxerr=2.27E-09 time=262.136
After sweep 81 energy=-100.82983770558764  maxlinkdim=1500 maxerr=1.52E-09 time=267.260
After sweep 82 energy=-100.8315293310801  maxlinkdim=1500 maxerr=3.07E-09 time=262.880
After sweep 83 energy=-100.83315990110353  maxlinkdim=1500 maxerr=2.42E-09 time=260.415
After sweep 84 energy=-100.83492376420295  maxlinkdim=1500 maxerr=2.89E-09 time=265.712
After sweep 85 energy=-100.83677399804475  maxlinkdim=1500 maxerr=2.45E-09 time=265.365
After sweep 86 energy=-100.83828431970747  maxlinkdim=1500 maxerr=4.59E-09 time=261.755
After sweep 87 energy=-100.83977378851094  maxlinkdim=1500 maxerr=5.83E-09 time=265.397
After sweep 88 energy=-100.8413505049477  maxlinkdim=1500 maxerr=6.55E-09 time=268.124
After sweep 89 energy=-100.84291994085001  maxlinkdim=1500 maxerr=5.35E-09 time=272.858
After sweep 90 energy=-100.84433056526295  maxlinkdim=1500 maxerr=1.82E-09 time=269.837
After sweep 91 energy=-100.84648535911569  maxlinkdim=1500 maxerr=8.72E-09 time=273.271
After sweep 92 energy=-100.84794080023363  maxlinkdim=1500 maxerr=2.22E-09 time=277.497
After sweep 93 energy=-100.84936600087102  maxlinkdim=1500 maxerr=2.66E-09 time=276.374
After sweep 94 energy=-100.85068893823096  maxlinkdim=1500 maxerr=4.90E-09 time=270.528
After sweep 95 energy=-100.85190325551358  maxlinkdim=1500 maxerr=1.74E-09 time=268.650
After sweep 96 energy=-100.85318332964388  maxlinkdim=1500 maxerr=8.52E-09 time=267.275
After sweep 97 energy=-100.85438349198198  maxlinkdim=1500 maxerr=3.87E-09 time=265.521
After sweep 98 energy=-100.85583068322902  maxlinkdim=1500 maxerr=2.77E-09 time=267.071
After sweep 99 energy=-100.8570748136996  maxlinkdim=1500 maxerr=2.01E-09 time=272.432
After sweep 100 energy=-100.85826719258361  maxlinkdim=1500 maxerr=2.01E-09 time=270.431
After sweep 101 energy=-100.85943894281414  maxlinkdim=1500 maxerr=2.32E-09 time=272.053
After sweep 102 energy=-100.86062357455741  maxlinkdim=1500 maxerr=2.97E-09 time=270.123
After sweep 103 energy=-100.86172277475808  maxlinkdim=1500 maxerr=1.70E-09 time=281.158
After sweep 104 energy=-100.86272851124527  maxlinkdim=1500 maxerr=2.33E-09 time=284.359
After sweep 105 energy=-100.86365868160235  maxlinkdim=1500 maxerr=2.05E-09 time=277.096
After sweep 106 energy=-100.86468628721042  maxlinkdim=1500 maxerr=2.61E-09 time=272.212
After sweep 107 energy=-100.86579968753136  maxlinkdim=1500 maxerr=1.36E-08 time=272.650
After sweep 108 energy=-100.86673910276865  maxlinkdim=1500 maxerr=2.32E-09 time=270.042
After sweep 109 energy=-100.86761773153144  maxlinkdim=1500 maxerr=2.99E-09 time=272.502
After sweep 110 energy=-100.86848237310173  maxlinkdim=1500 maxerr=3.12E-09 time=271.838
After sweep 111 energy=-100.8695321971725  maxlinkdim=1500 maxerr=4.81E-09 time=274.020
After sweep 112 energy=-100.87041253094185  maxlinkdim=1500 maxerr=3.99E-09 time=280.842
After sweep 113 energy=-100.87139486048567  maxlinkdim=1500 maxerr=3.89E-09 time=274.664
After sweep 114 energy=-100.87229104179512  maxlinkdim=1500 maxerr=2.87E-09 time=283.436
After sweep 115 energy=-100.87322032958326  maxlinkdim=1500 maxerr=3.26E-09 time=278.870
After sweep 116 energy=-100.87414537347563  maxlinkdim=1500 maxerr=5.25E-09 time=278.340
After sweep 117 energy=-100.87501203203175  maxlinkdim=1500 maxerr=9.40E-09 time=274.703
After sweep 118 energy=-100.87584903896467  maxlinkdim=1500 maxerr=1.05E-08 time=276.914
After sweep 119 energy=-100.8766643942835  maxlinkdim=1500 maxerr=2.65E-09 time=277.321
After sweep 120 energy=-100.87754655429322  maxlinkdim=1500 maxerr=8.04E-09 time=285.206
After sweep 121 energy=-100.87836292073771  maxlinkdim=1500 maxerr=7.94E-09 time=285.542
After sweep 122 energy=-100.87911088039289  maxlinkdim=1500 maxerr=4.09E-09 time=286.099
After sweep 123 energy=-100.87987046308768  maxlinkdim=1500 maxerr=9.17E-09 time=285.391
After sweep 124 energy=-100.88056102983256  maxlinkdim=1500 maxerr=3.24E-09 time=285.406
After sweep 125 energy=-100.88124469939018  maxlinkdim=1500 maxerr=4.27E-09 time=284.593
After sweep 126 energy=-100.88189509498068  maxlinkdim=1500 maxerr=4.80E-09 time=283.068
After sweep 127 energy=-100.88259809565956  maxlinkdim=1500 maxerr=9.62E-09 time=282.400
After sweep 128 energy=-100.88320951431328  maxlinkdim=1500 maxerr=3.51E-09 time=282.888
After sweep 129 energy=-100.88378889481784  maxlinkdim=1500 maxerr=4.89E-09 time=281.249
After sweep 130 energy=-100.88443932265176  maxlinkdim=1500 maxerr=4.33E-08 time=281.134
After sweep 131 energy=-100.88503092059354  maxlinkdim=1500 maxerr=4.57E-09 time=281.399
After sweep 132 energy=-100.88556053672922  maxlinkdim=1500 maxerr=7.20E-09 time=284.919
After sweep 133 energy=-100.88609756202916  maxlinkdim=1500 maxerr=4.70E-08 time=281.933
After sweep 134 energy=-100.88659839982091  maxlinkdim=1500 maxerr=6.27E-09 time=287.641
After sweep 135 energy=-100.88707724170348  maxlinkdim=1500 maxerr=6.59E-09 time=291.807
After sweep 136 energy=-100.88754198725096  maxlinkdim=1500 maxerr=2.26E-08 time=292.117
After sweep 137 energy=-100.88799017910317  maxlinkdim=1500 maxerr=5.66E-09 time=293.940
After sweep 138 energy=-100.88842541843549  maxlinkdim=1500 maxerr=9.62E-09 time=291.636
After sweep 139 energy=-100.88883795082288  maxlinkdim=1500 maxerr=5.60E-08 time=295.066
After sweep 140 energy=-100.88940450980769  maxlinkdim=1500 maxerr=2.11E-07 time=290.461
After sweep 141 energy=-100.89037074984546  maxlinkdim=1500 maxerr=1.94E-07 time=292.852
After sweep 142 energy=-100.89091824241831  maxlinkdim=1500 maxerr=1.18E-07 time=297.220
After sweep 143 energy=-100.89139208795181  maxlinkdim=1500 maxerr=7.49E-08 time=297.311
After sweep 144 energy=-100.8918969563554  maxlinkdim=1500 maxerr=1.69E-07 time=293.346
After sweep 145 energy=-100.89237432748843  maxlinkdim=1500 maxerr=6.99E-08 time=298.958
After sweep 146 energy=-100.89283306027032  maxlinkdim=1500 maxerr=2.01E-07 time=295.268
After sweep 147 energy=-100.89321016604602  maxlinkdim=1500 maxerr=5.08E-08 time=295.684
After sweep 148 energy=-100.89348959092403  maxlinkdim=1500 maxerr=4.97E-08 time=296.382
After sweep 149 energy=-100.89414773671439  maxlinkdim=1500 maxerr=1.50E-07 time=294.387
After sweep 150 energy=-100.89466380261054  maxlinkdim=1500 maxerr=1.07E-07 time=295.543
After sweep 151 energy=-100.89490723390173  maxlinkdim=1500 maxerr=7.41E-08 time=297.721
After sweep 152 energy=-100.89507500789367  maxlinkdim=1500 maxerr=7.14E-08 time=302.873
After sweep 153 energy=-100.89519189718038  maxlinkdim=1500 maxerr=6.88E-08 time=304.184
After sweep 154 energy=-100.89527072495991  maxlinkdim=1500 maxerr=7.70E-08 time=299.169
Stopping DMRG after sweep 154
  E(N-2) = -100.89527072495991

[2/3] Computing E(N-1=119)
  Initial state: 119 particles (60 up, 59 dn)
After sweep 1 energy=-85.64673308042366  maxlinkdim=20 maxerr=4.68E-04 time=10.495
After sweep 2 energy=-91.76641463179497  maxlinkdim=50 maxerr=5.27E-05 time=22.466
After sweep 3 energy=-94.10857135717198  maxlinkdim=100 maxerr=1.81E-06 time=31.671
After sweep 4 energy=-95.13104363032325  maxlinkdim=200 maxerr=1.34E-07 time=50.321
After sweep 5 energy=-95.99294084385707  maxlinkdim=848 maxerr=1.00E-10 time=65.746
After sweep 6 energy=-96.63346432554208  maxlinkdim=1273 maxerr=1.00E-10 time=82.596
After sweep 7 energy=-97.08681453048625  maxlinkdim=1500 maxerr=1.65E-10 time=91.496
After sweep 8 energy=-97.40171275355057  maxlinkdim=1500 maxerr=5.65E-10 time=102.325
After sweep 9 energy=-97.63844950025394  maxlinkdim=1500 maxerr=8.58E-10 time=110.017
After sweep 10 energy=-97.8292311253912  maxlinkdim=1500 maxerr=1.13E-09 time=110.480
After sweep 11 energy=-97.97675586949482  maxlinkdim=1500 maxerr=1.21E-09 time=116.067
After sweep 12 energy=-98.09772302869067  maxlinkdim=1500 maxerr=1.44E-09 time=120.866
After sweep 13 energy=-98.19704394517075  maxlinkdim=1500 maxerr=1.63E-09 time=125.889
After sweep 14 energy=-98.28177887145267  maxlinkdim=1500 maxerr=1.91E-09 time=124.555
After sweep 15 energy=-98.35476520262215  maxlinkdim=1500 maxerr=2.10E-09 time=125.909
After sweep 16 energy=-98.4175320233179  maxlinkdim=1500 maxerr=2.19E-09 time=129.717
After sweep 17 energy=-98.48084593479221  maxlinkdim=1500 maxerr=2.85E-09 time=136.079
After sweep 18 energy=-98.53770008349397  maxlinkdim=1500 maxerr=2.62E-09 time=142.564
After sweep 19 energy=-98.58876055358175  maxlinkdim=1500 maxerr=3.64E-09 time=140.415
After sweep 20 energy=-98.63202372125701  maxlinkdim=1500 maxerr=3.73E-09 time=142.940
After sweep 21 energy=-98.66910540752843  maxlinkdim=1500 maxerr=5.21E-09 time=154.807
After sweep 22 energy=-98.69969765766383  maxlinkdim=1500 maxerr=5.46E-09 time=152.751
After sweep 23 energy=-98.72493848924319  maxlinkdim=1500 maxerr=6.65E-09 time=153.328
After sweep 24 energy=-98.74638950364253  maxlinkdim=1500 maxerr=7.21E-09 time=151.969
After sweep 25 energy=-98.76466905650322  maxlinkdim=1500 maxerr=5.22E-09 time=156.732
After sweep 26 energy=-98.78108487447554  maxlinkdim=1500 maxerr=3.34E-09 time=160.057
After sweep 27 energy=-98.79832107615466  maxlinkdim=1500 maxerr=6.86E-09 time=165.785
After sweep 28 energy=-98.81650530882976  maxlinkdim=1500 maxerr=2.54E-08 time=172.734
After sweep 29 energy=-98.83201747594882  maxlinkdim=1500 maxerr=5.02E-09 time=174.355
After sweep 30 energy=-98.84774253795852  maxlinkdim=1500 maxerr=5.13E-09 time=178.859
After sweep 31 energy=-98.8626219851631  maxlinkdim=1500 maxerr=1.38E-08 time=182.980
After sweep 32 energy=-98.87504097724775  maxlinkdim=1500 maxerr=3.36E-09 time=184.564
After sweep 33 energy=-98.88727174158495  maxlinkdim=1500 maxerr=3.49E-09 time=183.619
After sweep 34 energy=-98.89893706042236  maxlinkdim=1500 maxerr=3.67E-09 time=188.968
After sweep 35 energy=-98.91065894329603  maxlinkdim=1500 maxerr=4.04E-09 time=196.138
After sweep 36 energy=-98.92229521345499  maxlinkdim=1500 maxerr=5.15E-09 time=197.138
After sweep 37 energy=-98.93466161209791  maxlinkdim=1500 maxerr=6.38E-09 time=203.572
After sweep 38 energy=-98.94861471001822  maxlinkdim=1500 maxerr=9.00E-09 time=214.472
After sweep 39 energy=-98.96093236457173  maxlinkdim=1500 maxerr=8.66E-09 time=219.830
After sweep 40 energy=-98.97034492390291  maxlinkdim=1500 maxerr=7.32E-09 time=212.954
After sweep 41 energy=-98.9808568660383  maxlinkdim=1500 maxerr=6.81E-09 time=217.385
After sweep 42 energy=-98.99123359794899  maxlinkdim=1500 maxerr=8.13E-09 time=219.874
After sweep 43 energy=-99.00084743043972  maxlinkdim=1500 maxerr=9.43E-09 time=224.661
After sweep 44 energy=-99.00886723993918  maxlinkdim=1500 maxerr=5.71E-09 time=230.369
After sweep 45 energy=-99.0160032462731  maxlinkdim=1500 maxerr=5.50E-09 time=238.261
After sweep 46 energy=-99.02239274429648  maxlinkdim=1500 maxerr=4.65E-09 time=237.292
After sweep 47 energy=-99.02894657711178  maxlinkdim=1500 maxerr=4.93E-09 time=233.398
After sweep 48 energy=-99.03510199297585  maxlinkdim=1500 maxerr=7.32E-09 time=243.858
After sweep 49 energy=-99.04143334681397  maxlinkdim=1500 maxerr=5.21E-09 time=248.443
After sweep 50 energy=-99.04714233895598  maxlinkdim=1500 maxerr=4.65E-09 time=245.553
After sweep 51 energy=-99.05186633997671  maxlinkdim=1500 maxerr=8.36E-09 time=245.743
After sweep 52 energy=-99.05669314472658  maxlinkdim=1500 maxerr=6.89E-09 time=249.755
After sweep 53 energy=-99.06149703997121  maxlinkdim=1500 maxerr=3.11E-08 time=253.294
After sweep 54 energy=-99.06563095040002  maxlinkdim=1500 maxerr=4.29E-09 time=248.283
After sweep 55 energy=-99.0692977033788  maxlinkdim=1500 maxerr=9.51E-09 time=251.982
After sweep 56 energy=-99.0725557409684  maxlinkdim=1500 maxerr=2.92E-09 time=256.756
After sweep 57 energy=-99.07529101204341  maxlinkdim=1500 maxerr=2.29E-09 time=256.735
After sweep 58 energy=-99.07790363726663  maxlinkdim=1500 maxerr=2.18E-09 time=253.919
After sweep 59 energy=-99.08022392296661  maxlinkdim=1500 maxerr=1.15E-09 time=254.154
After sweep 60 energy=-99.08244404899492  maxlinkdim=1500 maxerr=2.15E-09 time=250.554
After sweep 61 energy=-99.08479607491383  maxlinkdim=1500 maxerr=3.46E-09 time=253.529
After sweep 62 energy=-99.08691567605084  maxlinkdim=1500 maxerr=2.21E-09 time=253.376
After sweep 63 energy=-99.08900107546845  maxlinkdim=1500 maxerr=2.14E-09 time=248.551
After sweep 64 energy=-99.09092486840053  maxlinkdim=1500 maxerr=7.71E-09 time=249.535
After sweep 65 energy=-99.09280636080214  maxlinkdim=1500 maxerr=3.03E-09 time=247.143
After sweep 66 energy=-99.09585184585731  maxlinkdim=1500 maxerr=1.25E-08 time=255.706
After sweep 67 energy=-99.09794690411644  maxlinkdim=1500 maxerr=2.05E-09 time=258.149
After sweep 68 energy=-99.09972897056781  maxlinkdim=1500 maxerr=2.33E-09 time=251.709
After sweep 69 energy=-99.10167873286332  maxlinkdim=1500 maxerr=2.35E-09 time=256.498
After sweep 70 energy=-99.10341126500117  maxlinkdim=1500 maxerr=1.58E-09 time=254.880
After sweep 71 energy=-99.10512110068531  maxlinkdim=1500 maxerr=1.64E-09 time=253.267
After sweep 72 energy=-99.10675214277214  maxlinkdim=1500 maxerr=1.74E-09 time=251.693
After sweep 73 energy=-99.10863112416628  maxlinkdim=1500 maxerr=2.89E-09 time=258.295
After sweep 74 energy=-99.11046936262477  maxlinkdim=1500 maxerr=3.61E-09 time=262.131
After sweep 75 energy=-99.11210765102416  maxlinkdim=1500 maxerr=4.79E-09 time=256.413
After sweep 76 energy=-99.11375711909788  maxlinkdim=1500 maxerr=2.02E-09 time=258.409
After sweep 77 energy=-99.11512556729289  maxlinkdim=1500 maxerr=1.56E-09 time=257.161
After sweep 78 energy=-99.11658473998827  maxlinkdim=1500 maxerr=1.69E-09 time=262.348
After sweep 79 energy=-99.11799380594796  maxlinkdim=1500 maxerr=1.72E-09 time=257.764
After sweep 80 energy=-99.11938252977575  maxlinkdim=1500 maxerr=7.01E-09 time=260.971
After sweep 81 energy=-99.12070851197129  maxlinkdim=1500 maxerr=1.69E-09 time=254.145
After sweep 82 energy=-99.12245431328157  maxlinkdim=1500 maxerr=2.07E-08 time=262.682
After sweep 83 energy=-99.12392923209606  maxlinkdim=1500 maxerr=1.55E-09 time=259.780
After sweep 84 energy=-99.12520716777877  maxlinkdim=1500 maxerr=1.72E-09 time=255.527
After sweep 85 energy=-99.12641798427615  maxlinkdim=1500 maxerr=3.73E-09 time=250.539
After sweep 86 energy=-99.12760748268164  maxlinkdim=1500 maxerr=2.66E-09 time=259.301
After sweep 87 energy=-99.1288135027535  maxlinkdim=1500 maxerr=5.52E-09 time=260.507
After sweep 88 energy=-99.13006490534863  maxlinkdim=1500 maxerr=5.27E-09 time=259.015
After sweep 89 energy=-99.13131289304661  maxlinkdim=1500 maxerr=2.77E-09 time=259.736
After sweep 90 energy=-99.13241101441281  maxlinkdim=1500 maxerr=9.81E-09 time=258.858
After sweep 91 energy=-99.13347729256427  maxlinkdim=1500 maxerr=2.19E-09 time=263.115
After sweep 92 energy=-99.13459284016409  maxlinkdim=1500 maxerr=3.25E-09 time=267.047
After sweep 93 energy=-99.13548481692789  maxlinkdim=1500 maxerr=1.91E-09 time=260.782
After sweep 94 energy=-99.13637600700224  maxlinkdim=1500 maxerr=2.52E-09 time=261.401
After sweep 95 energy=-99.13729239209692  maxlinkdim=1500 maxerr=2.23E-09 time=266.869
After sweep 96 energy=-99.13818737203104  maxlinkdim=1500 maxerr=2.28E-09 time=261.577
After sweep 97 energy=-99.13915086920417  maxlinkdim=1500 maxerr=7.50E-09 time=263.362
After sweep 98 energy=-99.1402289058336  maxlinkdim=1500 maxerr=4.21E-09 time=272.681
After sweep 99 energy=-99.14114853579584  maxlinkdim=1500 maxerr=1.98E-09 time=265.812
After sweep 100 energy=-99.1420129799185  maxlinkdim=1500 maxerr=2.60E-09 time=269.215
After sweep 101 energy=-99.14282324632929  maxlinkdim=1500 maxerr=6.60E-09 time=272.757
After sweep 102 energy=-99.14397465311056  maxlinkdim=1500 maxerr=6.70E-08 time=272.327
After sweep 103 energy=-99.1449071252487  maxlinkdim=1500 maxerr=1.89E-09 time=279.384
After sweep 104 energy=-99.14597915476972  maxlinkdim=1500 maxerr=1.23E-08 time=274.960
After sweep 105 energy=-99.14697927875913  maxlinkdim=1500 maxerr=2.53E-07 time=278.418
After sweep 106 energy=-99.15157715153211  maxlinkdim=1500 maxerr=3.02E-07 time=287.080
After sweep 107 energy=-99.15460675257759  maxlinkdim=1500 maxerr=7.67E-08 time=294.773
After sweep 108 energy=-99.15595250353086  maxlinkdim=1500 maxerr=5.67E-08 time=285.951
After sweep 109 energy=-99.15700536465542  maxlinkdim=1500 maxerr=4.79E-08 time=286.996
After sweep 110 energy=-99.158117010584  maxlinkdim=1500 maxerr=9.51E-08 time=288.220
After sweep 111 energy=-99.15913325511302  maxlinkdim=1500 maxerr=1.76E-07 time=285.941
After sweep 112 energy=-99.16001759674776  maxlinkdim=1500 maxerr=5.66E-08 time=283.167
After sweep 113 energy=-99.16087793111404  maxlinkdim=1500 maxerr=9.94E-08 time=285.818
After sweep 114 energy=-99.16167975330848  maxlinkdim=1500 maxerr=5.77E-08 time=288.830
After sweep 115 energy=-99.16246447566215  maxlinkdim=1500 maxerr=7.55E-08 time=287.096
After sweep 116 energy=-99.16319987812564  maxlinkdim=1500 maxerr=1.41E-07 time=285.428
After sweep 117 energy=-99.16389978569579  maxlinkdim=1500 maxerr=1.04E-07 time=285.605
After sweep 118 energy=-99.16455490823064  maxlinkdim=1500 maxerr=1.30E-07 time=285.686
After sweep 119 energy=-99.16512588480307  maxlinkdim=1500 maxerr=9.17E-08 time=287.398
After sweep 120 energy=-99.16569181178912  maxlinkdim=1500 maxerr=1.37E-07 time=285.710
After sweep 121 energy=-99.1662118272507  maxlinkdim=1500 maxerr=9.23E-08 time=286.867
After sweep 122 energy=-99.1667334732384  maxlinkdim=1500 maxerr=8.31E-08 time=282.688
After sweep 123 energy=-99.16720140988461  maxlinkdim=1500 maxerr=9.10E-08 time=279.971
After sweep 124 energy=-99.16764570898188  maxlinkdim=1500 maxerr=1.20E-07 time=280.014
After sweep 125 energy=-99.16806096536075  maxlinkdim=1500 maxerr=1.06E-07 time=288.987
After sweep 126 energy=-99.16844285206037  maxlinkdim=1500 maxerr=9.27E-08 time=283.784
After sweep 127 energy=-99.16886187091238  maxlinkdim=1500 maxerr=2.72E-07 time=284.806
After sweep 128 energy=-99.1692358468595  maxlinkdim=1500 maxerr=3.47E-07 time=283.046
After sweep 129 energy=-99.16958893151002  maxlinkdim=1500 maxerr=1.72E-07 time=288.101
After sweep 130 energy=-99.16991873621922  maxlinkdim=1500 maxerr=1.61E-07 time=289.383
After sweep 131 energy=-99.17022110475513  maxlinkdim=1500 maxerr=1.59E-07 time=290.841
After sweep 132 energy=-99.17057861866412  maxlinkdim=1500 maxerr=1.43E-07 time=291.913
After sweep 133 energy=-99.17085846834416  maxlinkdim=1500 maxerr=1.66E-07 time=288.180
After sweep 134 energy=-99.1711287579646  maxlinkdim=1500 maxerr=1.10E-07 time=288.622
After sweep 135 energy=-99.17140994315929  maxlinkdim=1500 maxerr=1.63E-07 time=291.703
After sweep 136 energy=-99.17167739282131  maxlinkdim=1500 maxerr=1.63E-07 time=293.883
After sweep 137 energy=-99.17191987749433  maxlinkdim=1500 maxerr=1.57E-07 time=287.597
After sweep 138 energy=-99.17213762046032  maxlinkdim=1500 maxerr=3.23E-07 time=291.686
After sweep 139 energy=-99.17231361309683  maxlinkdim=1500 maxerr=1.90E-07 time=295.464
After sweep 140 energy=-99.17246952646352  maxlinkdim=1500 maxerr=1.70E-07 time=291.556
After sweep 141 energy=-99.17260629462682  maxlinkdim=1500 maxerr=1.38E-07 time=287.534
After sweep 142 energy=-99.17273091385329  maxlinkdim=1500 maxerr=1.53E-07 time=288.813
After sweep 143 energy=-99.17284430304824  maxlinkdim=1500 maxerr=1.27E-07 time=287.505
After sweep 144 energy=-99.17301795482021  maxlinkdim=1500 maxerr=1.18E-07 time=291.785
After sweep 145 energy=-99.1732120491779  maxlinkdim=1500 maxerr=1.36E-07 time=289.752
After sweep 146 energy=-99.17333848768504  maxlinkdim=1500 maxerr=1.15E-07 time=296.411
After sweep 147 energy=-99.17344251366315  maxlinkdim=1500 maxerr=1.31E-07 time=299.459
After sweep 148 energy=-99.17352307479942  maxlinkdim=1500 maxerr=1.35E-07 time=296.892
Stopping DMRG after sweep 148
  E(N-1) = -99.17352307479942

[3/3] Computing E(N=120)
  Initial state: 120 particles (60 up, 60 dn)
After sweep 1 energy=-85.62634243209612  maxlinkdim=20 maxerr=2.22E-04 time=9.311
After sweep 2 energy=-91.40853765978181  maxlinkdim=50 maxerr=5.12E-05 time=21.402
After sweep 3 energy=-93.42852805737577  maxlinkdim=100 maxerr=2.16E-06 time=31.470
After sweep 4 energy=-94.47645440180933  maxlinkdim=200 maxerr=2.19E-07 time=51.676
After sweep 5 energy=-95.2087577046142  maxlinkdim=964 maxerr=1.00E-10 time=65.234
After sweep 6 energy=-95.67383132009725  maxlinkdim=1500 maxerr=1.08E-10 time=82.028
After sweep 7 energy=-96.01073201009473  maxlinkdim=1500 maxerr=5.28E-10 time=98.309
After sweep 8 energy=-96.24971434615694  maxlinkdim=1500 maxerr=1.03E-09 time=103.950
After sweep 9 energy=-96.42711559104191  maxlinkdim=1500 maxerr=1.27E-09 time=109.317
After sweep 10 energy=-96.55736695727856  maxlinkdim=1500 maxerr=1.30E-09 time=114.653
After sweep 11 energy=-96.65568738422654  maxlinkdim=1500 maxerr=1.18E-09 time=115.324
After sweep 12 energy=-96.73594012060549  maxlinkdim=1500 maxerr=1.24E-09 time=118.977
After sweep 13 energy=-96.80477048166594  maxlinkdim=1500 maxerr=1.33E-09 time=121.413
After sweep 14 energy=-96.863489936726  maxlinkdim=1500 maxerr=1.70E-09 time=124.933
After sweep 15 energy=-96.91287275756844  maxlinkdim=1500 maxerr=1.87E-09 time=130.291
After sweep 16 energy=-96.95571931703113  maxlinkdim=1500 maxerr=2.25E-09 time=133.142
After sweep 17 energy=-96.99298600574863  maxlinkdim=1500 maxerr=1.73E-09 time=135.949
After sweep 18 energy=-97.02537167087611  maxlinkdim=1500 maxerr=1.37E-09 time=136.906
After sweep 19 energy=-97.05465310360347  maxlinkdim=1500 maxerr=1.31E-09 time=138.674
After sweep 20 energy=-97.08059109826772  maxlinkdim=1500 maxerr=1.59E-09 time=140.335
After sweep 21 energy=-97.10332873344962  maxlinkdim=1500 maxerr=1.53E-09 time=141.545
After sweep 22 energy=-97.12419322496957  maxlinkdim=1500 maxerr=1.37E-09 time=144.170
After sweep 23 energy=-97.1421340405988  maxlinkdim=1500 maxerr=1.87E-09 time=148.937
After sweep 24 energy=-97.15824189620437  maxlinkdim=1500 maxerr=5.00E-09 time=146.810
After sweep 25 energy=-97.17235938547816  maxlinkdim=1500 maxerr=1.11E-09 time=151.146
After sweep 26 energy=-97.18511854566393  maxlinkdim=1500 maxerr=1.26E-09 time=152.471
After sweep 27 energy=-97.19879944876439  maxlinkdim=1500 maxerr=1.54E-09 time=159.726
After sweep 28 energy=-97.2099578407293  maxlinkdim=1500 maxerr=1.18E-09 time=163.558
After sweep 29 energy=-97.22008667499847  maxlinkdim=1500 maxerr=1.04E-09 time=164.405
After sweep 30 energy=-97.22975417424738  maxlinkdim=1500 maxerr=1.71E-09 time=167.085
After sweep 31 energy=-97.23917150484391  maxlinkdim=1500 maxerr=1.98E-09 time=170.729
After sweep 32 energy=-97.25058147759576  maxlinkdim=1500 maxerr=3.44E-09 time=178.291
After sweep 33 energy=-97.26194157403555  maxlinkdim=1500 maxerr=3.65E-09 time=190.284
After sweep 34 energy=-97.27180631188439  maxlinkdim=1500 maxerr=5.15E-09 time=198.370
After sweep 35 energy=-97.28222227224282  maxlinkdim=1500 maxerr=4.76E-09 time=205.020
After sweep 36 energy=-97.29251874677198  maxlinkdim=1500 maxerr=4.58E-09 time=213.763
After sweep 37 energy=-97.30315815156032  maxlinkdim=1500 maxerr=6.55E-09 time=219.079
After sweep 38 energy=-97.31260753506525  maxlinkdim=1500 maxerr=6.00E-09 time=215.730
After sweep 39 energy=-97.32192014651774  maxlinkdim=1500 maxerr=6.91E-09 time=222.595
After sweep 40 energy=-97.32926330301034  maxlinkdim=1500 maxerr=4.51E-09 time=230.152
After sweep 41 energy=-97.33602050683623  maxlinkdim=1500 maxerr=4.09E-09 time=231.275
After sweep 42 energy=-97.3423187319743  maxlinkdim=1500 maxerr=4.68E-09 time=234.500
After sweep 43 energy=-97.34726951800656  maxlinkdim=1500 maxerr=1.76E-09 time=231.444
After sweep 44 energy=-97.35341869388311  maxlinkdim=1500 maxerr=8.77E-09 time=232.091
After sweep 45 energy=-97.35723698807749  maxlinkdim=1500 maxerr=1.58E-09 time=225.710
After sweep 46 energy=-97.36183205288029  maxlinkdim=1500 maxerr=3.39E-09 time=235.370
After sweep 47 energy=-97.3679248681272  maxlinkdim=1500 maxerr=4.63E-08 time=245.699
After sweep 48 energy=-97.3713916976734  maxlinkdim=1500 maxerr=4.10E-09 time=239.703
After sweep 49 energy=-97.37462786240063  maxlinkdim=1500 maxerr=5.39E-08 time=241.085
After sweep 50 energy=-97.37761923863948  maxlinkdim=1500 maxerr=6.41E-08 time=242.469
After sweep 51 energy=-97.38045505103389  maxlinkdim=1500 maxerr=1.35E-09 time=248.787
After sweep 52 energy=-97.38309066303012  maxlinkdim=1500 maxerr=1.63E-09 time=252.489
After sweep 53 energy=-97.3856945400155  maxlinkdim=1500 maxerr=1.27E-09 time=256.462
After sweep 54 energy=-97.38889647815823  maxlinkdim=1500 maxerr=5.01E-08 time=255.080
After sweep 55 energy=-97.39228966066592  maxlinkdim=1500 maxerr=1.27E-08 time=259.998
After sweep 56 energy=-97.39508230479467  maxlinkdim=1500 maxerr=1.65E-09 time=263.656
After sweep 57 energy=-97.39732259137374  maxlinkdim=1500 maxerr=1.70E-09 time=264.031
After sweep 58 energy=-97.39928671940915  maxlinkdim=1500 maxerr=1.35E-09 time=256.234
After sweep 59 energy=-97.40202765468348  maxlinkdim=1500 maxerr=1.44E-08 time=254.853
After sweep 60 energy=-97.4042439237098  maxlinkdim=1500 maxerr=2.14E-09 time=261.446
After sweep 61 energy=-97.40624047064772  maxlinkdim=1500 maxerr=6.07E-09 time=263.829
After sweep 62 energy=-97.40890950846345  maxlinkdim=1500 maxerr=1.95E-08 time=258.998
After sweep 63 energy=-97.41198087828062  maxlinkdim=1500 maxerr=5.21E-08 time=272.589
After sweep 64 energy=-97.41440033873631  maxlinkdim=1500 maxerr=1.07E-08 time=266.829
After sweep 65 energy=-97.41613869496797  maxlinkdim=1500 maxerr=1.11E-09 time=269.730
After sweep 66 energy=-97.41809765447499  maxlinkdim=1500 maxerr=4.24E-09 time=267.456
After sweep 67 energy=-97.41992121496895  maxlinkdim=1500 maxerr=6.56E-09 time=265.198
After sweep 68 energy=-97.42145536862594  maxlinkdim=1500 maxerr=1.63E-09 time=264.178
After sweep 69 energy=-97.42303593519263  maxlinkdim=1500 maxerr=5.89E-09 time=269.103
After sweep 70 energy=-97.42439615550099  maxlinkdim=1500 maxerr=5.64E-09 time=268.439
After sweep 71 energy=-97.42594446549265  maxlinkdim=1500 maxerr=1.35E-08 time=266.452
After sweep 72 energy=-97.42724791109285  maxlinkdim=1500 maxerr=4.41E-09 time=265.855
After sweep 73 energy=-97.42839140009525  maxlinkdim=1500 maxerr=1.47E-09 time=264.840
After sweep 74 energy=-97.42944424104468  maxlinkdim=1500 maxerr=2.06E-09 time=259.253
After sweep 75 energy=-97.43049587835552  maxlinkdim=1500 maxerr=2.72E-09 time=261.896
After sweep 76 energy=-97.4316449110203  maxlinkdim=1500 maxerr=5.27E-09 time=263.779
After sweep 77 energy=-97.432733014731  maxlinkdim=1500 maxerr=3.19E-09 time=269.558
After sweep 78 energy=-97.43378935492035  maxlinkdim=1500 maxerr=2.00E-09 time=278.232
After sweep 79 energy=-97.43464118251069  maxlinkdim=1500 maxerr=8.99E-10 time=276.008
After sweep 80 energy=-97.43546042183375  maxlinkdim=1500 maxerr=2.80E-09 time=270.509
After sweep 81 energy=-97.43629474372754  maxlinkdim=1500 maxerr=3.18E-09 time=268.587
After sweep 82 energy=-97.43707722198161  maxlinkdim=1500 maxerr=3.10E-09 time=265.088
After sweep 83 energy=-97.43776758282138  maxlinkdim=1500 maxerr=1.85E-09 time=272.948
After sweep 84 energy=-97.43850187214863  maxlinkdim=1500 maxerr=7.70E-09 time=267.465
After sweep 85 energy=-97.439752431183  maxlinkdim=1500 maxerr=5.85E-07 time=266.929
After sweep 86 energy=-97.44122546335053  maxlinkdim=1500 maxerr=1.02E-07 time=266.431
After sweep 87 energy=-97.44192171351492  maxlinkdim=1500 maxerr=4.24E-08 time=269.122
After sweep 88 energy=-97.44256797747224  maxlinkdim=1500 maxerr=1.08E-08 time=270.735
After sweep 89 energy=-97.44314140251426  maxlinkdim=1500 maxerr=5.46E-09 time=271.504
After sweep 90 energy=-97.44374469827342  maxlinkdim=1500 maxerr=1.26E-07 time=273.469
After sweep 91 energy=-97.44431205947174  maxlinkdim=1500 maxerr=1.56E-08 time=274.521
After sweep 92 energy=-97.44490540976379  maxlinkdim=1500 maxerr=4.62E-08 time=277.328
After sweep 93 energy=-97.44550159676858  maxlinkdim=1500 maxerr=3.84E-08 time=278.639
After sweep 94 energy=-97.44607565564777  maxlinkdim=1500 maxerr=3.24E-08 time=279.412
After sweep 95 energy=-97.44661823444724  maxlinkdim=1500 maxerr=2.31E-08 time=280.487
After sweep 96 energy=-97.44712106941212  maxlinkdim=1500 maxerr=4.73E-08 time=276.109
After sweep 97 energy=-97.44767315312008  maxlinkdim=1500 maxerr=9.23E-09 time=276.334
After sweep 98 energy=-97.44821261375738  maxlinkdim=1500 maxerr=1.10E-08 time=278.543
After sweep 99 energy=-97.44873710842798  maxlinkdim=1500 maxerr=5.85E-09 time=280.717
After sweep 100 energy=-97.44922584941627  maxlinkdim=1500 maxerr=2.71E-08 time=283.547
After sweep 101 energy=-97.44988593993634  maxlinkdim=1500 maxerr=5.47E-08 time=278.495
After sweep 102 energy=-97.45067684061807  maxlinkdim=1500 maxerr=7.36E-08 time=287.012
After sweep 103 energy=-97.45137637086667  maxlinkdim=1500 maxerr=1.00E-08 time=290.872
After sweep 104 energy=-97.45190917746518  maxlinkdim=1500 maxerr=1.36E-08 time=282.804
After sweep 105 energy=-97.45242612241948  maxlinkdim=1500 maxerr=4.41E-08 time=282.317
After sweep 106 energy=-97.4529867823379  maxlinkdim=1500 maxerr=2.61E-08 time=282.180
After sweep 107 energy=-97.45366286841183  maxlinkdim=1500 maxerr=1.14E-07 time=277.902
After sweep 108 energy=-97.45427822633651  maxlinkdim=1500 maxerr=1.30E-07 time=281.226
After sweep 109 energy=-97.4546936756486  maxlinkdim=1500 maxerr=2.63E-08 time=281.126
After sweep 110 energy=-97.45510174608731  maxlinkdim=1500 maxerr=6.90E-08 time=281.506
After sweep 111 energy=-97.4554831548194  maxlinkdim=1500 maxerr=7.49E-08 time=279.427
After sweep 112 energy=-97.45588540256963  maxlinkdim=1500 maxerr=3.40E-08 time=280.943
After sweep 113 energy=-97.45634207770489  maxlinkdim=1500 maxerr=2.71E-08 time=282.777
After sweep 114 energy=-97.45678849544834  maxlinkdim=1500 maxerr=3.14E-08 time=288.397
After sweep 115 energy=-97.45710454077926  maxlinkdim=1500 maxerr=3.43E-08 time=286.968
After sweep 116 energy=-97.4573577945755  maxlinkdim=1500 maxerr=9.27E-09 time=291.309
After sweep 117 energy=-97.45762192976075  maxlinkdim=1500 maxerr=4.66E-08 time=289.503
After sweep 118 energy=-97.45786400172773  maxlinkdim=1500 maxerr=3.23E-08 time=293.969
After sweep 119 energy=-97.45807093644618  maxlinkdim=1500 maxerr=1.90E-08 time=290.664
After sweep 120 energy=-97.45826146236827  maxlinkdim=1500 maxerr=1.07E-08 time=292.631
After sweep 121 energy=-97.45844977801097  maxlinkdim=1500 maxerr=1.32E-08 time=287.087
After sweep 122 energy=-97.4586377894738  maxlinkdim=1500 maxerr=2.84E-08 time=290.576
After sweep 123 energy=-97.45884388465184  maxlinkdim=1500 maxerr=5.67E-08 time=290.330
After sweep 124 energy=-97.4591988221095  maxlinkdim=1500 maxerr=1.15E-07 time=289.400
After sweep 125 energy=-97.45946322936754  maxlinkdim=1500 maxerr=5.36E-08 time=291.414
After sweep 126 energy=-97.45966807293146  maxlinkdim=1500 maxerr=7.06E-08 time=292.097
After sweep 127 energy=-97.45984852212032  maxlinkdim=1500 maxerr=6.46E-08 time=285.297
After sweep 128 energy=-97.46000255744532  maxlinkdim=1500 maxerr=6.59E-08 time=282.967
After sweep 129 energy=-97.46011691185295  maxlinkdim=1500 maxerr=8.16E-08 time=286.992
After sweep 130 energy=-97.4602048190628  maxlinkdim=1500 maxerr=6.57E-08 time=299.268
Stopping DMRG after sweep 130
  E(N) = -97.4602048190628

============================================================
RESULTS:
  E(118) = -100.89527072495991
  E(119) = -99.17352307479942
  E(120)     = -97.4602048190628
  E_p = -0.00842939  (attractive hole pairing)
============================================================
RESULT: E_p = -0.008429394423870917
E_p calculation completed
