Calculating pair binding energy for ladder
L=64, U=8.0, V=0.0, t0=0.4, density=0.875
============================================================
Pair binding energy for Hubbard ladder
L = 64 rungs, 128 sites
U = 8.0, V = 0.0, t = 1.0, t0 = 0.4, density = 0.875
N_base = 112
============================================================

[1/3] Computing E(N-2=110)
  Initial state: 110 particles (55 up, 55 dn)
After sweep 1 energy=-33.76433170919481  maxlinkdim=20 maxerr=1.18E-03 time=47.201
After sweep 2 energy=-46.108881720624005  maxlinkdim=50 maxerr=1.93E-04 time=28.515
After sweep 3 energy=-50.9301035468739  maxlinkdim=100 maxerr=9.67E-06 time=42.177
After sweep 4 energy=-52.46188332075691  maxlinkdim=200 maxerr=1.01E-05 time=60.698
After sweep 5 energy=-54.393882639626696  maxlinkdim=818 maxerr=1.00E-10 time=74.277
After sweep 6 energy=-56.78559342618151  maxlinkdim=1000 maxerr=5.37E-09 time=105.533
After sweep 7 energy=-58.33631610000181  maxlinkdim=1000 maxerr=4.15E-08 time=122.671
After sweep 8 energy=-59.66103496822109  maxlinkdim=1000 maxerr=1.98E-08 time=128.160
After sweep 9 energy=-61.08188460446617  maxlinkdim=1000 maxerr=5.43E-08 time=136.234
After sweep 10 energy=-61.93682583811619  maxlinkdim=1000 maxerr=2.54E-08 time=137.534
After sweep 11 energy=-62.558857174640444  maxlinkdim=1000 maxerr=2.14E-08 time=144.586
After sweep 12 energy=-63.17300469949592  maxlinkdim=1000 maxerr=2.39E-08 time=154.442
After sweep 13 energy=-63.76237258483036  maxlinkdim=1000 maxerr=4.87E-08 time=162.700
After sweep 14 energy=-64.19364109556123  maxlinkdim=1000 maxerr=1.12E-07 time=167.596
After sweep 15 energy=-64.59819824597425  maxlinkdim=1000 maxerr=5.78E-08 time=173.273
After sweep 16 energy=-64.9885037956641  maxlinkdim=1000 maxerr=1.75E-07 time=181.114
After sweep 17 energy=-65.34603540120591  maxlinkdim=1000 maxerr=9.45E-08 time=180.218
After sweep 18 energy=-65.68080004535393  maxlinkdim=1000 maxerr=5.48E-08 time=178.752
After sweep 19 energy=-65.97769420676042  maxlinkdim=1000 maxerr=1.31E-07 time=178.724
After sweep 20 energy=-66.2357634449604  maxlinkdim=1000 maxerr=1.25E-07 time=176.782
After sweep 21 energy=-66.518514180315  maxlinkdim=1000 maxerr=9.98E-08 time=179.111
After sweep 22 energy=-66.73789763429134  maxlinkdim=1000 maxerr=8.81E-08 time=178.744
After sweep 23 energy=-66.96992968101071  maxlinkdim=1000 maxerr=2.08E-07 time=179.895
After sweep 24 energy=-67.21560164641087  maxlinkdim=1000 maxerr=1.29E-07 time=184.509
After sweep 25 energy=-67.43265524267329  maxlinkdim=1000 maxerr=2.46E-07 time=181.223
After sweep 26 energy=-67.62636377569514  maxlinkdim=1000 maxerr=3.00E-07 time=177.849
After sweep 27 energy=-67.79194380518723  maxlinkdim=1000 maxerr=4.49E-07 time=177.747
After sweep 28 energy=-67.95179891123009  maxlinkdim=1000 maxerr=9.60E-07 time=176.204
After sweep 29 energy=-68.10738869212139  maxlinkdim=1000 maxerr=1.77E-06 time=177.908
After sweep 30 energy=-68.26032554579803  maxlinkdim=1000 maxerr=1.88E-06 time=175.429
After sweep 31 energy=-68.39487535193884  maxlinkdim=1000 maxerr=1.21E-06 time=174.383
After sweep 32 energy=-68.55670446820102  maxlinkdim=1000 maxerr=9.41E-07 time=177.508
After sweep 33 energy=-68.72290337923415  maxlinkdim=1000 maxerr=3.63E-06 time=177.586
After sweep 34 energy=-68.8829780263796  maxlinkdim=1000 maxerr=2.15E-06 time=176.253
After sweep 35 energy=-69.03684529219791  maxlinkdim=1000 maxerr=1.20E-05 time=180.089
After sweep 36 energy=-69.19468946132997  maxlinkdim=1000 maxerr=9.31E-06 time=179.877
After sweep 37 energy=-69.36792569664902  maxlinkdim=1000 maxerr=2.22E-05 time=178.590
After sweep 38 energy=-69.4923653660698  maxlinkdim=1000 maxerr=8.67E-06 time=176.923
After sweep 39 energy=-69.59544176487721  maxlinkdim=1000 maxerr=6.40E-06 time=181.778
After sweep 40 energy=-69.7059721670828  maxlinkdim=1000 maxerr=8.24E-06 time=189.459
After sweep 41 energy=-69.81636547275329  maxlinkdim=1000 maxerr=7.30E-06 time=181.879
After sweep 42 energy=-69.90820536930516  maxlinkdim=1000 maxerr=8.88E-06 time=178.026
After sweep 43 energy=-69.99895286904004  maxlinkdim=1000 maxerr=1.69E-05 time=177.164
After sweep 44 energy=-70.09363448244136  maxlinkdim=1000 maxerr=9.71E-06 time=183.335
After sweep 45 energy=-70.18056514787693  maxlinkdim=1000 maxerr=1.58E-05 time=185.368
After sweep 46 energy=-70.25490837460363  maxlinkdim=1000 maxerr=9.58E-06 time=181.480
After sweep 47 energy=-70.3263310446462  maxlinkdim=1000 maxerr=9.69E-06 time=184.719
After sweep 48 energy=-70.39506526657013  maxlinkdim=1000 maxerr=7.59E-06 time=186.408
After sweep 49 energy=-70.47598688778638  maxlinkdim=1000 maxerr=9.34E-06 time=187.670
After sweep 50 energy=-70.54241933644609  maxlinkdim=1000 maxerr=8.54E-06 time=187.166
After sweep 51 energy=-70.61426716706946  maxlinkdim=1000 maxerr=1.07E-05 time=185.586
After sweep 52 energy=-70.67318245342845  maxlinkdim=1000 maxerr=9.39E-06 time=185.555
After sweep 53 energy=-70.72772590081932  maxlinkdim=1000 maxerr=8.70E-06 time=187.867
After sweep 54 energy=-70.77869940193183  maxlinkdim=1000 maxerr=1.27E-05 time=188.038
After sweep 55 energy=-71.02514594359127  maxlinkdim=1000 maxerr=2.70E-05 time=188.071
After sweep 56 energy=-71.20964971237316  maxlinkdim=1000 maxerr=1.50E-05 time=191.803
After sweep 57 energy=-71.31138406194074  maxlinkdim=1000 maxerr=1.87E-05 time=194.199
After sweep 58 energy=-71.3824223227397  maxlinkdim=1000 maxerr=2.38E-05 time=188.038
After sweep 59 energy=-71.43485644932221  maxlinkdim=1000 maxerr=2.72E-05 time=191.347
After sweep 60 energy=-71.46731301988214  maxlinkdim=1000 maxerr=2.12E-05 time=191.684
After sweep 61 energy=-71.48711164004081  maxlinkdim=1000 maxerr=2.33E-05 time=195.886
After sweep 62 energy=-71.49841568358565  maxlinkdim=1000 maxerr=1.72E-05 time=191.316
After sweep 63 energy=-71.50416650837815  maxlinkdim=1000 maxerr=1.79E-05 time=191.420
After sweep 64 energy=-71.50705731804312  maxlinkdim=1000 maxerr=1.60E-05 time=192.692
After sweep 65 energy=-71.50850708203559  maxlinkdim=1000 maxerr=1.51E-05 time=195.320
After sweep 66 energy=-71.5092779871176  maxlinkdim=1000 maxerr=1.50E-05 time=192.984
After sweep 67 energy=-71.50973720383934  maxlinkdim=1000 maxerr=1.50E-05 time=186.365
After sweep 68 energy=-71.51001981267393  maxlinkdim=1000 maxerr=1.50E-05 time=177.728
After sweep 69 energy=-71.51022292873292  maxlinkdim=1000 maxerr=1.49E-05 time=172.824
After sweep 70 energy=-71.51036960449025  maxlinkdim=1000 maxerr=1.49E-05 time=172.556
After sweep 71 energy=-71.5104897444897  maxlinkdim=1000 maxerr=1.49E-05 time=174.934
After sweep 72 energy=-71.51057183825154  maxlinkdim=1000 maxerr=1.49E-05 time=177.189
After sweep 73 energy=-71.51065473901477  maxlinkdim=1000 maxerr=1.48E-05 time=171.436
After sweep 74 energy=-71.51071554914017  maxlinkdim=1000 maxerr=1.48E-05 time=167.999
After sweep 75 energy=-71.51076748881974  maxlinkdim=1000 maxerr=1.47E-05 time=179.449
After sweep 76 energy=-71.5108129099353  maxlinkdim=1000 maxerr=1.46E-05 time=183.241
After sweep 77 energy=-71.51085261576718  maxlinkdim=1000 maxerr=1.46E-05 time=187.316
After sweep 78 energy=-71.5108881429581  maxlinkdim=1000 maxerr=1.46E-05 time=183.480
After sweep 79 energy=-71.51091970251031  maxlinkdim=1000 maxerr=1.46E-05 time=186.250
After sweep 80 energy=-71.51094557568008  maxlinkdim=1000 maxerr=1.46E-05 time=185.709
After sweep 81 energy=-71.5109672307693  maxlinkdim=1000 maxerr=1.46E-05 time=180.834
After sweep 82 energy=-71.5109843485276  maxlinkdim=1000 maxerr=1.46E-05 time=179.265
After sweep 83 energy=-71.51100272106228  maxlinkdim=1000 maxerr=1.46E-05 time=178.902
After sweep 84 energy=-71.51101909428735  maxlinkdim=1000 maxerr=1.45E-05 time=182.128
After sweep 85 energy=-71.51103624200837  maxlinkdim=1000 maxerr=1.45E-05 time=189.784
After sweep 86 energy=-71.5110469190831  maxlinkdim=1000 maxerr=1.45E-05 time=183.230
After sweep 87 energy=-71.51105602830651  maxlinkdim=1000 maxerr=1.45E-05 time=179.046
After sweep 88 energy=-71.51107165618033  maxlinkdim=1000 maxerr=1.45E-05 time=177.202
After sweep 89 energy=-71.51108086997442  maxlinkdim=1000 maxerr=1.45E-05 time=176.056
After sweep 90 energy=-71.51108802294937  maxlinkdim=1000 maxerr=1.44E-05 time=174.514
After sweep 91 energy=-71.51109623170221  maxlinkdim=1000 maxerr=1.44E-05 time=178.080
After sweep 92 energy=-71.51110403185014  maxlinkdim=1000 maxerr=1.44E-05 time=183.514
After sweep 93 energy=-71.51110987784276  maxlinkdim=1000 maxerr=1.43E-05 time=179.502
After sweep 94 energy=-71.51111669677482  maxlinkdim=1000 maxerr=1.43E-05 time=176.610
After sweep 95 energy=-71.51111987515927  maxlinkdim=1000 maxerr=1.43E-05 time=180.017
After sweep 96 energy=-71.51112348779643  maxlinkdim=1000 maxerr=1.42E-05 time=181.531
After sweep 97 energy=-71.51112919000666  maxlinkdim=1000 maxerr=1.42E-05 time=175.629
After sweep 98 energy=-71.51113538778233  maxlinkdim=1000 maxerr=1.42E-05 time=176.061
After sweep 99 energy=-71.51113886243314  maxlinkdim=1000 maxerr=1.42E-05 time=175.530
After sweep 100 energy=-71.51114234169404  maxlinkdim=1000 maxerr=1.42E-05 time=179.499
  E(N-2) = -71.51114234169404

[2/3] Computing E(N-1=111)
  Initial state: 111 particles (56 up, 55 dn)
After sweep 1 energy=-33.62576085929942  maxlinkdim=20 maxerr=6.17E-04 time=9.835
After sweep 2 energy=-45.45382936145025  maxlinkdim=50 maxerr=1.02E-04 time=23.866
After sweep 3 energy=-50.70576489636255  maxlinkdim=100 maxerr=2.74E-05 time=35.498
After sweep 4 energy=-52.35856041489995  maxlinkdim=200 maxerr=3.97E-06 time=55.542
After sweep 5 energy=-55.02309016494654  maxlinkdim=1000 maxerr=3.70E-10 time=73.431
After sweep 6 energy=-56.88030222960394  maxlinkdim=1000 maxerr=3.86E-09 time=103.295
After sweep 7 energy=-58.11208646680069  maxlinkdim=1000 maxerr=4.82E-09 time=114.715
After sweep 8 energy=-59.12989956564868  maxlinkdim=1000 maxerr=6.88E-09 time=116.565
After sweep 9 energy=-60.03042142494227  maxlinkdim=1000 maxerr=1.06E-08 time=120.597
After sweep 10 energy=-60.747738560017055  maxlinkdim=1000 maxerr=9.61E-09 time=137.880
After sweep 11 energy=-61.478692356411855  maxlinkdim=1000 maxerr=3.74E-08 time=141.001
After sweep 12 energy=-62.23136559658232  maxlinkdim=1000 maxerr=5.10E-08 time=155.283
After sweep 13 energy=-62.825061941878786  maxlinkdim=1000 maxerr=6.23E-08 time=167.491
After sweep 14 energy=-63.409007173538534  maxlinkdim=1000 maxerr=9.73E-08 time=172.682
After sweep 15 energy=-63.86435316869975  maxlinkdim=1000 maxerr=1.17E-07 time=171.390
After sweep 16 energy=-64.31221646552373  maxlinkdim=1000 maxerr=1.76E-07 time=162.541
After sweep 17 energy=-64.68485242661781  maxlinkdim=1000 maxerr=1.50E-07 time=168.328
After sweep 18 energy=-65.08622507522763  maxlinkdim=1000 maxerr=5.23E-07 time=164.427
After sweep 19 energy=-65.40622443734775  maxlinkdim=1000 maxerr=2.62E-07 time=165.539
After sweep 20 energy=-65.67090017063505  maxlinkdim=1000 maxerr=2.28E-07 time=165.125
After sweep 21 energy=-65.90287334187597  maxlinkdim=1000 maxerr=1.85E-07 time=166.831
After sweep 22 energy=-66.142782779009  maxlinkdim=1000 maxerr=2.28E-06 time=172.130
After sweep 23 energy=-66.34965824559201  maxlinkdim=1000 maxerr=8.93E-07 time=172.873
After sweep 24 energy=-66.53360800750359  maxlinkdim=1000 maxerr=4.05E-07 time=172.089
After sweep 25 energy=-66.70297655633365  maxlinkdim=1000 maxerr=6.03E-06 time=172.954
After sweep 26 energy=-66.8830992980068  maxlinkdim=1000 maxerr=1.36E-05 time=175.513
After sweep 27 energy=-67.09965843550614  maxlinkdim=1000 maxerr=7.86E-06 time=171.060
After sweep 28 energy=-67.28897263043005  maxlinkdim=1000 maxerr=1.19E-05 time=177.084
After sweep 29 energy=-67.44187114798507  maxlinkdim=1000 maxerr=8.49E-06 time=173.691
After sweep 30 energy=-67.59402791549238  maxlinkdim=1000 maxerr=1.05E-05 time=179.547
After sweep 31 energy=-67.75085210604846  maxlinkdim=1000 maxerr=9.53E-06 time=177.411
After sweep 32 energy=-67.89992423242087  maxlinkdim=1000 maxerr=9.12E-06 time=180.132
After sweep 33 energy=-68.0323232088936  maxlinkdim=1000 maxerr=9.74E-06 time=182.291
After sweep 34 energy=-68.1618657235219  maxlinkdim=1000 maxerr=5.55E-06 time=180.871
After sweep 35 energy=-68.28853603928526  maxlinkdim=1000 maxerr=4.44E-06 time=179.636
After sweep 36 energy=-68.39857218064134  maxlinkdim=1000 maxerr=1.19E-05 time=177.069
After sweep 37 energy=-68.4950868153957  maxlinkdim=1000 maxerr=1.49E-05 time=176.303
After sweep 38 energy=-68.58935678837288  maxlinkdim=1000 maxerr=1.42E-05 time=178.447
After sweep 39 energy=-68.67855258032947  maxlinkdim=1000 maxerr=1.12E-05 time=181.658
After sweep 40 energy=-68.77509675917018  maxlinkdim=1000 maxerr=2.19E-05 time=183.665
After sweep 41 energy=-68.87879219082741  maxlinkdim=1000 maxerr=1.95E-05 time=182.432
After sweep 42 energy=-68.96618643709603  maxlinkdim=1000 maxerr=1.34E-05 time=185.193
After sweep 43 energy=-69.0386634334269  maxlinkdim=1000 maxerr=1.54E-05 time=182.356
After sweep 44 energy=-69.10852753246603  maxlinkdim=1000 maxerr=1.51E-05 time=186.078
After sweep 45 energy=-69.18234673706252  maxlinkdim=1000 maxerr=1.10E-05 time=185.692
After sweep 46 energy=-69.24662290006509  maxlinkdim=1000 maxerr=1.19E-05 time=183.811
After sweep 47 energy=-69.30633472505508  maxlinkdim=1000 maxerr=1.34E-05 time=178.283
After sweep 48 energy=-69.37027878179165  maxlinkdim=1000 maxerr=1.59E-05 time=176.995
After sweep 49 energy=-69.42498247862623  maxlinkdim=1000 maxerr=1.23E-05 time=187.010
After sweep 50 energy=-69.48219477911078  maxlinkdim=1000 maxerr=1.27E-05 time=187.597
After sweep 51 energy=-69.71392818759362  maxlinkdim=1000 maxerr=2.79E-05 time=179.745
After sweep 52 energy=-69.8857825622895  maxlinkdim=1000 maxerr=2.31E-05 time=188.744
After sweep 53 energy=-69.97687640467414  maxlinkdim=1000 maxerr=1.85E-05 time=186.217
After sweep 54 energy=-70.03691269980875  maxlinkdim=1000 maxerr=1.76E-05 time=180.595
After sweep 55 energy=-70.0821560029229  maxlinkdim=1000 maxerr=3.08E-05 time=178.540
After sweep 56 energy=-70.11319645282494  maxlinkdim=1000 maxerr=2.85E-05 time=180.297
After sweep 57 energy=-70.13439663877995  maxlinkdim=1000 maxerr=2.17E-05 time=183.308
After sweep 58 energy=-70.14705981552197  maxlinkdim=1000 maxerr=2.05E-05 time=182.167
After sweep 59 energy=-70.15468179621188  maxlinkdim=1000 maxerr=2.19E-05 time=176.974
After sweep 60 energy=-70.1595121556035  maxlinkdim=1000 maxerr=1.97E-05 time=174.947
After sweep 61 energy=-70.16277566123759  maxlinkdim=1000 maxerr=1.93E-05 time=174.315
After sweep 62 energy=-70.16519706485064  maxlinkdim=1000 maxerr=1.80E-05 time=174.477
After sweep 63 energy=-70.16712046158271  maxlinkdim=1000 maxerr=1.72E-05 time=176.460
After sweep 64 energy=-70.16870617011318  maxlinkdim=1000 maxerr=1.62E-05 time=178.193
After sweep 65 energy=-70.17000584980815  maxlinkdim=1000 maxerr=1.56E-05 time=178.464
After sweep 66 energy=-70.1710758505608  maxlinkdim=1000 maxerr=1.51E-05 time=179.800
After sweep 67 energy=-70.17192544028633  maxlinkdim=1000 maxerr=1.45E-05 time=185.686
After sweep 68 energy=-70.17260142573869  maxlinkdim=1000 maxerr=1.41E-05 time=181.484
After sweep 69 energy=-70.17313927755792  maxlinkdim=1000 maxerr=1.38E-05 time=182.684
After sweep 70 energy=-70.17355356186421  maxlinkdim=1000 maxerr=1.35E-05 time=182.607
After sweep 71 energy=-70.17387617254225  maxlinkdim=1000 maxerr=1.33E-05 time=182.287
After sweep 72 energy=-70.1741220306094  maxlinkdim=1000 maxerr=1.32E-05 time=178.645
After sweep 73 energy=-70.17430546096409  maxlinkdim=1000 maxerr=1.31E-05 time=183.351
After sweep 74 energy=-70.17444875342865  maxlinkdim=1000 maxerr=1.30E-05 time=185.849
After sweep 75 energy=-70.17456083706084  maxlinkdim=1000 maxerr=1.29E-05 time=181.556
After sweep 76 energy=-70.17464588698017  maxlinkdim=1000 maxerr=1.29E-05 time=184.256
After sweep 77 energy=-70.17470987317554  maxlinkdim=1000 maxerr=1.28E-05 time=183.894
After sweep 78 energy=-70.17475564582578  maxlinkdim=1000 maxerr=1.28E-05 time=184.417
After sweep 79 energy=-70.17479107181838  maxlinkdim=1000 maxerr=1.28E-05 time=184.208
After sweep 80 energy=-70.17482105271057  maxlinkdim=1000 maxerr=1.28E-05 time=185.599
After sweep 81 energy=-70.17484196162627  maxlinkdim=1000 maxerr=1.28E-05 time=186.016
After sweep 82 energy=-70.17485888823586  maxlinkdim=1000 maxerr=1.28E-05 time=184.608
After sweep 83 energy=-70.17487082198126  maxlinkdim=1000 maxerr=1.28E-05 time=182.576
After sweep 84 energy=-70.17487759735468  maxlinkdim=1000 maxerr=1.28E-05 time=179.303
After sweep 85 energy=-70.17488608690526  maxlinkdim=1000 maxerr=1.28E-05 time=180.858
After sweep 86 energy=-70.17489479081756  maxlinkdim=1000 maxerr=1.27E-05 time=181.346
After sweep 87 energy=-70.17490052738422  maxlinkdim=1000 maxerr=1.27E-05 time=182.585
After sweep 88 energy=-70.17490281633812  maxlinkdim=1000 maxerr=1.27E-05 time=181.946
After sweep 89 energy=-70.17490301507172  maxlinkdim=1000 maxerr=1.27E-05 time=182.055
After sweep 90 energy=-70.17490569780321  maxlinkdim=1000 maxerr=1.27E-05 time=185.619
After sweep 91 energy=-70.17490684988587  maxlinkdim=1000 maxerr=1.27E-05 time=186.784
After sweep 92 energy=-70.17490658985149  maxlinkdim=1000 maxerr=1.27E-05 time=185.877
After sweep 93 energy=-70.17490766403614  maxlinkdim=1000 maxerr=1.27E-05 time=183.340
After sweep 94 energy=-70.17491120154638  maxlinkdim=1000 maxerr=1.27E-05 time=185.237
After sweep 95 energy=-70.17491231290361  maxlinkdim=1000 maxerr=1.27E-05 time=185.481
After sweep 96 energy=-70.17491349888823  maxlinkdim=1000 maxerr=1.27E-05 time=182.253
After sweep 97 energy=-70.17491345909393  maxlinkdim=1000 maxerr=1.27E-05 time=181.237
After sweep 98 energy=-70.17491480831018  maxlinkdim=1000 maxerr=1.26E-05 time=183.507
After sweep 99 energy=-70.17491485481496  maxlinkdim=1000 maxerr=1.26E-05 time=184.526
After sweep 100 energy=-70.1749154825196  maxlinkdim=1000 maxerr=1.26E-05 time=183.654
  E(N-1) = -70.1749154825196

[3/3] Computing E(N=112)
  Initial state: 112 particles (56 up, 56 dn)
After sweep 1 energy=-34.50645094361465  maxlinkdim=20 maxerr=9.49E-04 time=11.035
After sweep 2 energy=-46.819596358132664  maxlinkdim=50 maxerr=2.30E-04 time=26.177
After sweep 3 energy=-52.213887747362236  maxlinkdim=100 maxerr=5.36E-05 time=38.456
After sweep 4 energy=-53.6878792306475  maxlinkdim=200 maxerr=2.50E-06 time=58.477
After sweep 5 energy=-54.85608473595525  maxlinkdim=849 maxerr=1.00E-10 time=73.981
After sweep 6 energy=-56.21476425389437  maxlinkdim=1000 maxerr=9.06E-10 time=101.023
After sweep 7 energy=-58.00943531509256  maxlinkdim=1000 maxerr=2.20E-08 time=112.550
After sweep 8 energy=-58.999566629626074  maxlinkdim=1000 maxerr=4.60E-09 time=122.673
After sweep 9 energy=-60.33356758278897  maxlinkdim=1000 maxerr=5.27E-08 time=131.364
After sweep 10 energy=-61.21957944757211  maxlinkdim=1000 maxerr=3.01E-07 time=138.803
After sweep 11 energy=-61.979350462235175  maxlinkdim=1000 maxerr=3.47E-07 time=152.224
After sweep 12 energy=-62.651154901777744  maxlinkdim=1000 maxerr=1.25E-06 time=164.322
After sweep 13 energy=-63.040168647828274  maxlinkdim=1000 maxerr=6.94E-08 time=171.166
After sweep 14 energy=-63.36964670080513  maxlinkdim=1000 maxerr=6.68E-08 time=173.106
After sweep 15 energy=-63.73165895724248  maxlinkdim=1000 maxerr=9.92E-08 time=168.834
After sweep 16 energy=-64.20649166631203  maxlinkdim=1000 maxerr=4.09E-07 time=172.996
After sweep 17 energy=-64.48501316342798  maxlinkdim=1000 maxerr=2.12E-07 time=183.216
After sweep 18 energy=-64.78341331233949  maxlinkdim=1000 maxerr=4.21E-07 time=178.689
After sweep 19 energy=-64.98629990010524  maxlinkdim=1000 maxerr=1.79E-07 time=182.392
After sweep 20 energy=-65.15972692339726  maxlinkdim=1000 maxerr=2.04E-07 time=183.558
After sweep 21 energy=-65.36683457416602  maxlinkdim=1000 maxerr=4.25E-07 time=178.339
After sweep 22 energy=-65.54095110685508  maxlinkdim=1000 maxerr=3.16E-07 time=178.360
After sweep 23 energy=-65.86603065250794  maxlinkdim=1000 maxerr=1.40E-05 time=177.974
After sweep 24 energy=-66.20499440613212  maxlinkdim=1000 maxerr=8.40E-06 time=186.256
After sweep 25 energy=-66.46442394421216  maxlinkdim=1000 maxerr=1.11E-05 time=189.049
After sweep 26 energy=-66.65466618151316  maxlinkdim=1000 maxerr=1.27E-05 time=182.473
After sweep 27 energy=-66.832945515025  maxlinkdim=1000 maxerr=2.20E-05 time=184.016
After sweep 28 energy=-66.99630597469603  maxlinkdim=1000 maxerr=1.89E-05 time=178.793
After sweep 29 energy=-67.14094410161968  maxlinkdim=1000 maxerr=2.31E-05 time=179.472
After sweep 30 energy=-67.27404021352  maxlinkdim=1000 maxerr=2.16E-05 time=177.482
After sweep 31 energy=-67.4028379333445  maxlinkdim=1000 maxerr=4.01E-05 time=177.451
After sweep 32 energy=-67.52535741434112  maxlinkdim=1000 maxerr=2.82E-05 time=186.484
After sweep 33 energy=-67.63645193478087  maxlinkdim=1000 maxerr=2.31E-05 time=185.448
After sweep 34 energy=-67.73330816219568  maxlinkdim=1000 maxerr=2.66E-05 time=186.650
After sweep 35 energy=-67.81868520388842  maxlinkdim=1000 maxerr=2.64E-05 time=181.525
After sweep 36 energy=-67.91788947258632  maxlinkdim=1000 maxerr=2.49E-05 time=184.652
After sweep 37 energy=-68.00691177934985  maxlinkdim=1000 maxerr=2.97E-05 time=177.880
After sweep 38 energy=-68.09028989110386  maxlinkdim=1000 maxerr=3.12E-05 time=176.999
After sweep 39 energy=-68.1650617347546  maxlinkdim=1000 maxerr=2.99E-05 time=176.323
After sweep 40 energy=-68.23607843349478  maxlinkdim=1000 maxerr=3.01E-05 time=178.859
After sweep 41 energy=-68.29658032607206  maxlinkdim=1000 maxerr=3.00E-05 time=186.304
After sweep 42 energy=-68.34876291045018  maxlinkdim=1000 maxerr=2.77E-05 time=179.073
After sweep 43 energy=-68.39739236551462  maxlinkdim=1000 maxerr=2.01E-05 time=182.164
After sweep 44 energy=-68.4433451165489  maxlinkdim=1000 maxerr=2.03E-05 time=175.909
After sweep 45 energy=-68.55790865666238  maxlinkdim=1000 maxerr=1.59E-05 time=171.009
After sweep 46 energy=-68.66045988299761  maxlinkdim=1000 maxerr=2.10E-05 time=177.693
After sweep 47 energy=-68.71608112027555  maxlinkdim=1000 maxerr=2.07E-05 time=182.408
After sweep 48 energy=-68.7529309452365  maxlinkdim=1000 maxerr=2.52E-05 time=178.411
After sweep 49 energy=-68.78094401063424  maxlinkdim=1000 maxerr=2.18E-05 time=174.767
After sweep 50 energy=-68.7991105024506  maxlinkdim=1000 maxerr=1.79E-05 time=171.728
After sweep 51 energy=-68.80916372207396  maxlinkdim=1000 maxerr=1.61E-05 time=177.345
After sweep 52 energy=-68.81426580682235  maxlinkdim=1000 maxerr=1.40E-05 time=184.090
After sweep 53 energy=-68.81646261843119  maxlinkdim=1000 maxerr=1.32E-05 time=182.254
After sweep 54 energy=-68.81746838093478  maxlinkdim=1000 maxerr=1.27E-05 time=183.701
After sweep 55 energy=-68.81797903668081  maxlinkdim=1000 maxerr=1.21E-05 time=184.415
After sweep 56 energy=-68.81821324988418  maxlinkdim=1000 maxerr=1.21E-05 time=179.690
After sweep 57 energy=-68.81834282998155  maxlinkdim=1000 maxerr=1.19E-05 time=185.069
After sweep 58 energy=-68.8184030363556  maxlinkdim=1000 maxerr=1.17E-05 time=183.628
After sweep 59 energy=-68.81844142826205  maxlinkdim=1000 maxerr=1.17E-05 time=180.641
After sweep 60 energy=-68.81846615786993  maxlinkdim=1000 maxerr=1.17E-05 time=177.855
After sweep 61 energy=-68.81847664507531  maxlinkdim=1000 maxerr=1.17E-05 time=179.140
After sweep 62 energy=-68.81848443948242  maxlinkdim=1000 maxerr=1.16E-05 time=177.825
After sweep 63 energy=-68.8184868585702  maxlinkdim=1000 maxerr=1.16E-05 time=181.883
After sweep 64 energy=-68.81849083670085  maxlinkdim=1000 maxerr=1.16E-05 time=178.913
After sweep 65 energy=-68.81849764571814  maxlinkdim=1000 maxerr=1.16E-05 time=182.940
After sweep 66 energy=-68.81849996278122  maxlinkdim=1000 maxerr=1.16E-05 time=178.593
After sweep 67 energy=-68.8185004951067  maxlinkdim=1000 maxerr=1.16E-05 time=180.450
After sweep 68 energy=-68.81850211615152  maxlinkdim=1000 maxerr=1.16E-05 time=178.251
After sweep 69 energy=-68.81850563695602  maxlinkdim=1000 maxerr=1.16E-05 time=182.716
After sweep 70 energy=-68.81850523310277  maxlinkdim=1000 maxerr=1.16E-05 time=174.432
After sweep 71 energy=-68.81850756713798  maxlinkdim=1000 maxerr=1.16E-05 time=176.225
After sweep 72 energy=-68.81850721380881  maxlinkdim=1000 maxerr=1.16E-05 time=177.138
After sweep 73 energy=-68.81850895733609  maxlinkdim=1000 maxerr=1.16E-05 time=174.298
After sweep 74 energy=-68.8185083639014  maxlinkdim=1000 maxerr=1.17E-05 time=173.330
After sweep 75 energy=-68.81850890248054  maxlinkdim=1000 maxerr=1.17E-05 time=173.641
After sweep 76 energy=-68.8185091925298  maxlinkdim=1000 maxerr=1.17E-05 time=173.490
After sweep 77 energy=-68.81850895772534  maxlinkdim=1000 maxerr=1.17E-05 time=173.676
After sweep 78 energy=-68.8185085279078  maxlinkdim=1000 maxerr=1.17E-05 time=174.778
After sweep 79 energy=-68.81851002813163  maxlinkdim=1000 maxerr=1.18E-05 time=173.548
After sweep 80 energy=-68.81850980889396  maxlinkdim=1000 maxerr=1.18E-05 time=174.176
After sweep 81 energy=-68.8185101745904  maxlinkdim=1000 maxerr=1.17E-05 time=181.372
After sweep 82 energy=-68.81851054239134  maxlinkdim=1000 maxerr=1.17E-05 time=171.847
After sweep 83 energy=-68.81851045907132  maxlinkdim=1000 maxerr=1.17E-05 time=173.172
After sweep 84 energy=-68.81851123349202  maxlinkdim=1000 maxerr=1.17E-05 time=174.925
After sweep 85 energy=-68.8185114109458  maxlinkdim=1000 maxerr=1.17E-05 time=176.390
After sweep 86 energy=-68.81851106723738  maxlinkdim=1000 maxerr=1.17E-05 time=182.639
After sweep 87 energy=-68.81851143282039  maxlinkdim=1000 maxerr=1.17E-05 time=183.970
After sweep 88 energy=-68.81851169878189  maxlinkdim=1000 maxerr=1.17E-05 time=174.677
After sweep 89 energy=-68.8185123525951  maxlinkdim=1000 maxerr=1.17E-05 time=165.236
After sweep 90 energy=-68.81851185711342  maxlinkdim=1000 maxerr=1.17E-05 time=165.830
After sweep 91 energy=-68.81851249204729  maxlinkdim=1000 maxerr=1.17E-05 time=169.521
After sweep 92 energy=-68.81851216191177  maxlinkdim=1000 maxerr=1.17E-05 time=169.361
After sweep 93 energy=-68.81851238777487  maxlinkdim=1000 maxerr=1.17E-05 time=174.587
After sweep 94 energy=-68.81851244487194  maxlinkdim=1000 maxerr=1.17E-05 time=175.701
After sweep 95 energy=-68.81851250284627  maxlinkdim=1000 maxerr=1.17E-05 time=180.936
After sweep 96 energy=-68.81851154186846  maxlinkdim=1000 maxerr=1.17E-05 time=178.019
After sweep 97 energy=-68.81851242561662  maxlinkdim=1000 maxerr=1.17E-05 time=172.444
After sweep 98 energy=-68.8185128315144  maxlinkdim=1000 maxerr=1.17E-05 time=168.517
After sweep 99 energy=-68.81851167350695  maxlinkdim=1000 maxerr=1.17E-05 time=172.522
After sweep 100 energy=-68.81851222579812  maxlinkdim=1000 maxerr=1.17E-05 time=176.390
  E(N) = -68.81851222579812

============================================================
RESULTS:
  E(110) = -71.51114234169404
  E(111) = -70.1749154825196
  E(112)     = -68.81851222579812
  E_p = 0.02017640  (repulsive hole pairing)
============================================================
RESULT: E_p = 0.02017639754703282
E_p calculation completed
