Calculating pair binding energy for ladder
L=64, U=8.0, V=0.0, t0=1.2, density=0.9375
============================================================
Pair binding energy for Hubbard ladder
L = 64 rungs, 128 sites
U = 8.0, V = 0.0, t = 1.0, t0 = 1.2, density = 0.9375
N_base = 120
============================================================

[1/3] Computing E(N-2=118)
  Initial state: 118 particles (59 up, 59 dn)
After sweep 1 energy=-59.32713677102782  maxlinkdim=20 maxerr=2.95E-04 time=47.239
After sweep 2 energy=-68.59963181304494  maxlinkdim=50 maxerr=2.14E-05 time=27.917
After sweep 3 energy=-71.38486535453299  maxlinkdim=100 maxerr=2.55E-06 time=41.933
After sweep 4 energy=-72.9823235779521  maxlinkdim=200 maxerr=2.12E-07 time=62.705
After sweep 5 energy=-73.91549401895071  maxlinkdim=884 maxerr=1.00E-10 time=74.884
After sweep 6 energy=-74.52387591273352  maxlinkdim=1000 maxerr=3.85E-10 time=92.872
After sweep 7 energy=-74.99068934420292  maxlinkdim=1000 maxerr=2.03E-09 time=101.708
After sweep 8 energy=-75.37435331214063  maxlinkdim=1000 maxerr=4.39E-09 time=110.763
After sweep 9 energy=-75.70493811351089  maxlinkdim=1000 maxerr=8.97E-09 time=116.652
After sweep 10 energy=-75.99687244690583  maxlinkdim=1000 maxerr=2.09E-08 time=121.574
After sweep 11 energy=-76.25752832602952  maxlinkdim=1000 maxerr=2.90E-08 time=122.072
After sweep 12 energy=-76.49944841718403  maxlinkdim=1000 maxerr=4.80E-08 time=127.032
After sweep 13 energy=-76.77185907830349  maxlinkdim=1000 maxerr=1.92E-07 time=134.202
After sweep 14 energy=-76.95027472400258  maxlinkdim=1000 maxerr=1.04E-07 time=145.104
After sweep 15 energy=-77.11793811610808  maxlinkdim=1000 maxerr=1.29E-07 time=145.167
After sweep 16 energy=-77.22529869386024  maxlinkdim=1000 maxerr=9.33E-08 time=148.695
After sweep 17 energy=-77.33734409427935  maxlinkdim=1000 maxerr=1.89E-07 time=152.274
After sweep 18 energy=-77.42479462019762  maxlinkdim=1000 maxerr=6.30E-07 time=152.409
After sweep 19 energy=-77.5156895771384  maxlinkdim=1000 maxerr=2.49E-07 time=158.951
After sweep 20 energy=-77.5837456499145  maxlinkdim=1000 maxerr=5.59E-08 time=162.149
After sweep 21 energy=-77.64405202065167  maxlinkdim=1000 maxerr=5.51E-08 time=161.902
After sweep 22 energy=-77.69712473748933  maxlinkdim=1000 maxerr=6.11E-08 time=162.706
After sweep 23 energy=-77.7487473388672  maxlinkdim=1000 maxerr=7.38E-08 time=146.653
After sweep 24 energy=-77.79983058381413  maxlinkdim=1000 maxerr=7.79E-08 time=159.857
After sweep 25 energy=-77.85535669357088  maxlinkdim=1000 maxerr=3.52E-07 time=158.740
After sweep 26 energy=-77.90426728603951  maxlinkdim=1000 maxerr=1.01E-07 time=161.868
After sweep 27 energy=-77.95094046433267  maxlinkdim=1000 maxerr=1.34E-07 time=159.910
After sweep 28 energy=-77.99416553406121  maxlinkdim=1000 maxerr=7.54E-07 time=165.870
After sweep 29 energy=-78.03523196188434  maxlinkdim=1000 maxerr=1.49E-07 time=161.251
After sweep 30 energy=-78.072243180933  maxlinkdim=1000 maxerr=1.17E-07 time=164.693
After sweep 31 energy=-78.11011887700998  maxlinkdim=1000 maxerr=3.24E-07 time=171.747
After sweep 32 energy=-78.14384589242698  maxlinkdim=1000 maxerr=2.81E-07 time=175.922
After sweep 33 energy=-78.177418639068  maxlinkdim=1000 maxerr=1.66E-07 time=176.312
After sweep 34 energy=-78.20855390903128  maxlinkdim=1000 maxerr=1.26E-06 time=178.063
After sweep 35 energy=-78.23438705527113  maxlinkdim=1000 maxerr=2.02E-07 time=174.411
After sweep 36 energy=-78.25982393772807  maxlinkdim=1000 maxerr=3.68E-07 time=173.797
After sweep 37 energy=-78.2832357739855  maxlinkdim=1000 maxerr=2.12E-07 time=178.086
After sweep 38 energy=-78.31037426617515  maxlinkdim=1000 maxerr=1.45E-06 time=180.916
After sweep 39 energy=-78.33950568538116  maxlinkdim=1000 maxerr=1.33E-06 time=183.641
After sweep 40 energy=-78.36257971512846  maxlinkdim=1000 maxerr=6.24E-07 time=183.293
After sweep 41 energy=-78.38330198296666  maxlinkdim=1000 maxerr=3.80E-07 time=181.340
After sweep 42 energy=-78.40266649778988  maxlinkdim=1000 maxerr=6.94E-07 time=182.364
After sweep 43 energy=-78.42278271104982  maxlinkdim=1000 maxerr=1.49E-06 time=181.931
After sweep 44 energy=-78.44107444447572  maxlinkdim=1000 maxerr=5.44E-06 time=177.372
After sweep 45 energy=-78.4570641510829  maxlinkdim=1000 maxerr=1.44E-06 time=182.921
After sweep 46 energy=-78.47134291760969  maxlinkdim=1000 maxerr=6.81E-07 time=182.890
After sweep 47 energy=-78.48622602790638  maxlinkdim=1000 maxerr=5.75E-06 time=186.218
After sweep 48 energy=-78.51256889655444  maxlinkdim=1000 maxerr=6.14E-06 time=179.711
After sweep 49 energy=-78.53634708941568  maxlinkdim=1000 maxerr=7.79E-06 time=179.883
After sweep 50 energy=-78.55143166806822  maxlinkdim=1000 maxerr=6.19E-06 time=172.995
After sweep 51 energy=-78.56452248534524  maxlinkdim=1000 maxerr=5.09E-06 time=174.232
After sweep 52 energy=-78.57554921152968  maxlinkdim=1000 maxerr=4.91E-06 time=173.807
After sweep 53 energy=-78.58573471050322  maxlinkdim=1000 maxerr=3.47E-06 time=168.998
After sweep 54 energy=-78.5957601497421  maxlinkdim=1000 maxerr=4.90E-06 time=173.901
After sweep 55 energy=-78.60541669365958  maxlinkdim=1000 maxerr=3.98E-06 time=178.347
After sweep 56 energy=-78.61382814593142  maxlinkdim=1000 maxerr=5.89E-06 time=178.154
After sweep 57 energy=-78.62183264613952  maxlinkdim=1000 maxerr=3.95E-06 time=178.327
After sweep 58 energy=-78.62885205539077  maxlinkdim=1000 maxerr=6.32E-06 time=175.035
After sweep 59 energy=-78.63438882427295  maxlinkdim=1000 maxerr=3.45E-06 time=176.756
After sweep 60 energy=-78.63896684883618  maxlinkdim=1000 maxerr=3.24E-06 time=186.397
After sweep 61 energy=-78.64342647853799  maxlinkdim=1000 maxerr=2.68E-06 time=180.653
After sweep 62 energy=-78.6470795158436  maxlinkdim=1000 maxerr=2.70E-06 time=180.056
After sweep 63 energy=-78.64970204097176  maxlinkdim=1000 maxerr=2.91E-06 time=178.722
After sweep 64 energy=-78.65154335207741  maxlinkdim=1000 maxerr=2.66E-06 time=170.308
After sweep 65 energy=-78.65280002428078  maxlinkdim=1000 maxerr=2.45E-06 time=179.730
After sweep 66 energy=-78.65356466507015  maxlinkdim=1000 maxerr=2.43E-06 time=184.013
After sweep 67 energy=-78.65391194233067  maxlinkdim=1000 maxerr=2.07E-06 time=183.290
After sweep 68 energy=-78.65407357472395  maxlinkdim=1000 maxerr=2.06E-06 time=180.987
After sweep 69 energy=-78.65414930705703  maxlinkdim=1000 maxerr=2.07E-06 time=174.572
After sweep 70 energy=-78.65418553283597  maxlinkdim=1000 maxerr=2.04E-06 time=176.104
After sweep 71 energy=-78.65420455590089  maxlinkdim=1000 maxerr=2.02E-06 time=178.297
After sweep 72 energy=-78.65421530246043  maxlinkdim=1000 maxerr=1.99E-06 time=180.583
After sweep 73 energy=-78.65422121127115  maxlinkdim=1000 maxerr=1.99E-06 time=178.152
After sweep 74 energy=-78.65422501762765  maxlinkdim=1000 maxerr=1.99E-06 time=180.900
After sweep 75 energy=-78.6542284781806  maxlinkdim=1000 maxerr=1.99E-06 time=173.825
After sweep 76 energy=-78.65422942009494  maxlinkdim=1000 maxerr=1.99E-06 time=179.441
After sweep 77 energy=-78.65423051300486  maxlinkdim=1000 maxerr=1.98E-06 time=174.575
After sweep 78 energy=-78.65423057099632  maxlinkdim=1000 maxerr=1.97E-06 time=176.350
After sweep 79 energy=-78.65423167496742  maxlinkdim=1000 maxerr=1.98E-06 time=179.358
After sweep 80 energy=-78.65423205671676  maxlinkdim=1000 maxerr=1.98E-06 time=179.645
After sweep 81 energy=-78.6542324301293  maxlinkdim=1000 maxerr=1.98E-06 time=179.213
After sweep 82 energy=-78.6542329043799  maxlinkdim=1000 maxerr=1.98E-06 time=181.311
After sweep 83 energy=-78.65423304411046  maxlinkdim=1000 maxerr=1.98E-06 time=178.519
After sweep 84 energy=-78.6542329459927  maxlinkdim=1000 maxerr=1.98E-06 time=167.760
After sweep 85 energy=-78.65423341958798  maxlinkdim=1000 maxerr=1.98E-06 time=169.819
After sweep 86 energy=-78.65423359521529  maxlinkdim=1000 maxerr=1.98E-06 time=172.107
After sweep 87 energy=-78.65423384196194  maxlinkdim=1000 maxerr=1.98E-06 time=171.930
After sweep 88 energy=-78.65423382014741  maxlinkdim=1000 maxerr=1.98E-06 time=171.166
After sweep 89 energy=-78.65423437154826  maxlinkdim=1000 maxerr=1.98E-06 time=172.186
After sweep 90 energy=-78.65423440004518  maxlinkdim=1000 maxerr=1.98E-06 time=171.234
After sweep 91 energy=-78.65423462712549  maxlinkdim=1000 maxerr=1.98E-06 time=169.393
After sweep 92 energy=-78.6542347614045  maxlinkdim=1000 maxerr=1.98E-06 time=167.978
After sweep 93 energy=-78.65423479280892  maxlinkdim=1000 maxerr=1.98E-06 time=169.457
After sweep 94 energy=-78.65423475571788  maxlinkdim=1000 maxerr=1.98E-06 time=183.213
After sweep 95 energy=-78.65423483408016  maxlinkdim=1000 maxerr=1.98E-06 time=183.047
After sweep 96 energy=-78.65423491435008  maxlinkdim=1000 maxerr=1.98E-06 time=181.982
After sweep 97 energy=-78.65423500866696  maxlinkdim=1000 maxerr=1.98E-06 time=181.092
After sweep 98 energy=-78.65423508645267  maxlinkdim=1000 maxerr=1.98E-06 time=177.728
After sweep 99 energy=-78.65423511032304  maxlinkdim=1000 maxerr=1.98E-06 time=177.950
After sweep 100 energy=-78.65423512648388  maxlinkdim=1000 maxerr=1.98E-06 time=179.311
  E(N-2) = -78.65423512648388

[2/3] Computing E(N-1=119)
  Initial state: 119 particles (60 up, 59 dn)
After sweep 1 energy=-60.14525039449793  maxlinkdim=20 maxerr=3.67E-04 time=9.579
After sweep 2 energy=-68.78265004319128  maxlinkdim=50 maxerr=2.90E-05 time=22.941
After sweep 3 energy=-71.21149009834134  maxlinkdim=100 maxerr=4.30E-06 time=34.068
After sweep 4 energy=-72.31218092629257  maxlinkdim=200 maxerr=4.96E-07 time=54.867
After sweep 5 energy=-73.14489702684621  maxlinkdim=1000 maxerr=2.99E-10 time=66.492
After sweep 6 energy=-73.62782066788522  maxlinkdim=1000 maxerr=1.89E-09 time=85.979
After sweep 7 energy=-74.01957088216732  maxlinkdim=1000 maxerr=5.31E-09 time=91.538
After sweep 8 energy=-74.40685055082562  maxlinkdim=1000 maxerr=1.93E-08 time=97.320
After sweep 9 energy=-74.79553913524782  maxlinkdim=1000 maxerr=8.76E-08 time=100.528
After sweep 10 energy=-75.05440248839469  maxlinkdim=1000 maxerr=1.21E-07 time=103.259
After sweep 11 energy=-75.2407748537328  maxlinkdim=1000 maxerr=1.78E-07 time=104.693
After sweep 12 energy=-75.39536894527237  maxlinkdim=1000 maxerr=3.31E-07 time=108.193
After sweep 13 energy=-75.5366862452703  maxlinkdim=1000 maxerr=6.93E-06 time=110.468
After sweep 14 energy=-75.6780960685558  maxlinkdim=1000 maxerr=7.11E-07 time=117.694
After sweep 15 energy=-75.81350762133442  maxlinkdim=1000 maxerr=3.10E-06 time=119.747
After sweep 16 energy=-75.90453995122806  maxlinkdim=1000 maxerr=9.78E-07 time=122.833
After sweep 17 energy=-75.99874129929172  maxlinkdim=1000 maxerr=1.70E-06 time=129.494
After sweep 18 energy=-76.08504305910269  maxlinkdim=1000 maxerr=2.41E-06 time=131.026
After sweep 19 energy=-76.12837133549465  maxlinkdim=1000 maxerr=2.74E-07 time=141.814
After sweep 20 energy=-76.19200129325007  maxlinkdim=1000 maxerr=1.52E-06 time=143.192
After sweep 21 energy=-76.2426389711756  maxlinkdim=1000 maxerr=1.95E-06 time=146.049
After sweep 22 energy=-76.28102712380934  maxlinkdim=1000 maxerr=4.00E-07 time=142.631
After sweep 23 energy=-76.311958831821  maxlinkdim=1000 maxerr=4.66E-07 time=144.944
After sweep 24 energy=-76.340133201743  maxlinkdim=1000 maxerr=4.92E-07 time=143.534
After sweep 25 energy=-76.36889001098625  maxlinkdim=1000 maxerr=3.53E-07 time=146.375
After sweep 26 energy=-76.39655705943142  maxlinkdim=1000 maxerr=4.05E-07 time=151.172
After sweep 27 energy=-76.4235134761481  maxlinkdim=1000 maxerr=4.15E-07 time=150.586
After sweep 28 energy=-76.47165070306872  maxlinkdim=1000 maxerr=2.63E-05 time=153.821
After sweep 29 energy=-76.50467701409833  maxlinkdim=1000 maxerr=2.65E-06 time=153.011
After sweep 30 energy=-76.53186852360942  maxlinkdim=1000 maxerr=1.34E-06 time=160.048
After sweep 31 energy=-76.55739678849842  maxlinkdim=1000 maxerr=1.29E-06 time=166.734
After sweep 32 energy=-76.58696547366992  maxlinkdim=1000 maxerr=1.14E-05 time=171.692
After sweep 33 energy=-76.61507439122062  maxlinkdim=1000 maxerr=1.58E-05 time=170.069
After sweep 34 energy=-76.6373761921027  maxlinkdim=1000 maxerr=1.35E-05 time=164.997
After sweep 35 energy=-76.65774509151946  maxlinkdim=1000 maxerr=1.60E-05 time=170.981
After sweep 36 energy=-76.67518780032194  maxlinkdim=1000 maxerr=1.29E-05 time=181.112
After sweep 37 energy=-76.68992429772193  maxlinkdim=1000 maxerr=1.50E-05 time=182.779
After sweep 38 energy=-76.7063496161543  maxlinkdim=1000 maxerr=1.76E-05 time=177.632
After sweep 39 energy=-76.73263316660727  maxlinkdim=1000 maxerr=1.11E-05 time=178.450
After sweep 40 energy=-76.75048142011906  maxlinkdim=1000 maxerr=8.85E-06 time=179.238
After sweep 41 energy=-76.76714295049575  maxlinkdim=1000 maxerr=8.41E-06 time=180.749
After sweep 42 energy=-76.78147281355824  maxlinkdim=1000 maxerr=9.11E-06 time=178.463
After sweep 43 energy=-76.79501050874445  maxlinkdim=1000 maxerr=1.20E-05 time=178.232
After sweep 44 energy=-76.80584684229376  maxlinkdim=1000 maxerr=1.32E-05 time=177.645
After sweep 45 energy=-76.81480912278245  maxlinkdim=1000 maxerr=8.51E-06 time=182.499
After sweep 46 energy=-76.82344113930468  maxlinkdim=1000 maxerr=7.26E-06 time=183.008
After sweep 47 energy=-76.83153759191777  maxlinkdim=1000 maxerr=7.47E-06 time=183.141
After sweep 48 energy=-76.83838858375896  maxlinkdim=1000 maxerr=7.08E-06 time=182.473
After sweep 49 energy=-76.84502168880442  maxlinkdim=1000 maxerr=7.64E-06 time=182.075
After sweep 50 energy=-76.8510429248921  maxlinkdim=1000 maxerr=8.50E-06 time=179.880
After sweep 51 energy=-76.85630447592338  maxlinkdim=1000 maxerr=6.94E-06 time=184.358
After sweep 52 energy=-76.86084319292199  maxlinkdim=1000 maxerr=6.65E-06 time=186.070
After sweep 53 energy=-76.86510727557955  maxlinkdim=1000 maxerr=6.48E-06 time=183.514
After sweep 54 energy=-76.86916177326003  maxlinkdim=1000 maxerr=6.33E-06 time=182.311
After sweep 55 energy=-76.87248818354534  maxlinkdim=1000 maxerr=6.14E-06 time=179.459
After sweep 56 energy=-76.87543564179096  maxlinkdim=1000 maxerr=6.12E-06 time=176.876
After sweep 57 energy=-76.87783892022641  maxlinkdim=1000 maxerr=6.14E-06 time=183.351
After sweep 58 energy=-76.8797471632193  maxlinkdim=1000 maxerr=6.11E-06 time=179.609
After sweep 59 energy=-76.88127582456565  maxlinkdim=1000 maxerr=6.11E-06 time=180.828
After sweep 60 energy=-76.88251338406091  maxlinkdim=1000 maxerr=5.99E-06 time=180.929
After sweep 61 energy=-76.88344349457107  maxlinkdim=1000 maxerr=5.94E-06 time=176.526
After sweep 62 energy=-76.88405409501144  maxlinkdim=1000 maxerr=5.90E-06 time=184.511
After sweep 63 energy=-76.88442251493579  maxlinkdim=1000 maxerr=5.82E-06 time=182.002
After sweep 64 energy=-76.88464737052568  maxlinkdim=1000 maxerr=5.75E-06 time=177.963
After sweep 65 energy=-76.88479301737317  maxlinkdim=1000 maxerr=5.70E-06 time=176.614
After sweep 66 energy=-76.88489001545445  maxlinkdim=1000 maxerr=5.65E-06 time=178.967
After sweep 67 energy=-76.88495920151631  maxlinkdim=1000 maxerr=5.65E-06 time=181.882
After sweep 68 energy=-76.88501319869246  maxlinkdim=1000 maxerr=5.64E-06 time=180.931
After sweep 69 energy=-76.88505210227481  maxlinkdim=1000 maxerr=5.64E-06 time=183.581
After sweep 70 energy=-76.88508533921498  maxlinkdim=1000 maxerr=5.63E-06 time=182.526
After sweep 71 energy=-76.88511143768378  maxlinkdim=1000 maxerr=5.62E-06 time=178.293
After sweep 72 energy=-76.88513653088043  maxlinkdim=1000 maxerr=5.62E-06 time=181.580
After sweep 73 energy=-76.88515518338885  maxlinkdim=1000 maxerr=5.63E-06 time=183.739
After sweep 74 energy=-76.88517241906507  maxlinkdim=1000 maxerr=5.63E-06 time=180.766
After sweep 75 energy=-76.88518599928048  maxlinkdim=1000 maxerr=5.64E-06 time=178.292
After sweep 76 energy=-76.88519739455452  maxlinkdim=1000 maxerr=5.65E-06 time=175.986
After sweep 77 energy=-76.88520858011941  maxlinkdim=1000 maxerr=5.65E-06 time=177.931
After sweep 78 energy=-76.88521840796969  maxlinkdim=1000 maxerr=5.65E-06 time=178.189
After sweep 79 energy=-76.8852259594863  maxlinkdim=1000 maxerr=5.63E-06 time=180.133
After sweep 80 energy=-76.88523410696642  maxlinkdim=1000 maxerr=5.64E-06 time=186.145
After sweep 81 energy=-76.88524154195649  maxlinkdim=1000 maxerr=5.63E-06 time=184.057
After sweep 82 energy=-76.88524841030126  maxlinkdim=1000 maxerr=5.62E-06 time=183.738
After sweep 83 energy=-76.88525299554384  maxlinkdim=1000 maxerr=5.61E-06 time=182.112
After sweep 84 energy=-76.88525884635847  maxlinkdim=1000 maxerr=5.61E-06 time=179.085
After sweep 85 energy=-76.8852625604685  maxlinkdim=1000 maxerr=5.60E-06 time=173.425
After sweep 86 energy=-76.88526771341888  maxlinkdim=1000 maxerr=5.59E-06 time=173.733
After sweep 87 energy=-76.88527207891515  maxlinkdim=1000 maxerr=5.58E-06 time=173.858
After sweep 88 energy=-76.88527682536429  maxlinkdim=1000 maxerr=5.57E-06 time=177.126
After sweep 89 energy=-76.88528136505687  maxlinkdim=1000 maxerr=5.56E-06 time=178.048
After sweep 90 energy=-76.88528462960392  maxlinkdim=1000 maxerr=5.55E-06 time=175.116
After sweep 91 energy=-76.88528750151393  maxlinkdim=1000 maxerr=5.55E-06 time=171.602
After sweep 92 energy=-76.88529054933855  maxlinkdim=1000 maxerr=5.53E-06 time=173.954
After sweep 93 energy=-76.88529303320104  maxlinkdim=1000 maxerr=5.52E-06 time=177.000
After sweep 94 energy=-76.88529567117138  maxlinkdim=1000 maxerr=5.52E-06 time=177.109
After sweep 95 energy=-76.88529774461021  maxlinkdim=1000 maxerr=5.51E-06 time=182.948
After sweep 96 energy=-76.88529989637235  maxlinkdim=1000 maxerr=5.50E-06 time=185.205
After sweep 97 energy=-76.88530227741833  maxlinkdim=1000 maxerr=5.50E-06 time=184.009
After sweep 98 energy=-76.88530413109994  maxlinkdim=1000 maxerr=5.52E-06 time=184.446
After sweep 99 energy=-76.885306322373  maxlinkdim=1000 maxerr=5.54E-06 time=184.264
After sweep 100 energy=-76.88530855715439  maxlinkdim=1000 maxerr=5.55E-06 time=185.403
  E(N-1) = -76.88530855715439

[3/3] Computing E(N=120)
  Initial state: 120 particles (60 up, 60 dn)
After sweep 1 energy=-59.814436460587345  maxlinkdim=20 maxerr=2.69E-04 time=9.116
After sweep 2 energy=-68.42396912743281  maxlinkdim=50 maxerr=2.23E-05 time=21.792
After sweep 3 energy=-70.61006843597741  maxlinkdim=100 maxerr=3.12E-06 time=38.505
After sweep 4 energy=-71.63492163651094  maxlinkdim=200 maxerr=3.81E-07 time=56.568
After sweep 5 energy=-72.24560680308511  maxlinkdim=919 maxerr=1.00E-10 time=66.381
After sweep 6 energy=-72.60506714834622  maxlinkdim=1000 maxerr=2.30E-10 time=82.785
After sweep 7 energy=-72.87956331708689  maxlinkdim=1000 maxerr=6.37E-10 time=92.088
After sweep 8 energy=-73.1314589958195  maxlinkdim=1000 maxerr=2.34E-09 time=94.972
After sweep 9 energy=-73.43150881317219  maxlinkdim=1000 maxerr=1.89E-08 time=97.643
After sweep 10 energy=-73.75643699363592  maxlinkdim=1000 maxerr=1.08E-07 time=103.163
After sweep 11 energy=-73.98038123275933  maxlinkdim=1000 maxerr=1.28E-07 time=108.774
After sweep 12 energy=-74.13788407801273  maxlinkdim=1000 maxerr=1.39E-07 time=110.932
After sweep 13 energy=-74.26017051647086  maxlinkdim=1000 maxerr=1.51E-07 time=113.568
After sweep 14 energy=-74.37629012348378  maxlinkdim=1000 maxerr=2.33E-07 time=115.313
After sweep 15 energy=-74.46083664374507  maxlinkdim=1000 maxerr=3.19E-07 time=120.637
After sweep 16 energy=-74.54936196173381  maxlinkdim=1000 maxerr=3.09E-07 time=135.688
After sweep 17 energy=-74.61969767421661  maxlinkdim=1000 maxerr=2.97E-07 time=135.855
After sweep 18 energy=-74.67938144940547  maxlinkdim=1000 maxerr=3.28E-07 time=136.022
After sweep 19 energy=-74.73051282615225  maxlinkdim=1000 maxerr=3.79E-07 time=141.515
After sweep 20 energy=-74.77105769356157  maxlinkdim=1000 maxerr=2.67E-07 time=146.159
After sweep 21 energy=-74.80841915886687  maxlinkdim=1000 maxerr=3.48E-07 time=153.229
After sweep 22 energy=-74.84482140697966  maxlinkdim=1000 maxerr=4.17E-07 time=148.892
After sweep 23 energy=-74.87887852450602  maxlinkdim=1000 maxerr=3.85E-07 time=152.384
After sweep 24 energy=-74.91370606010435  maxlinkdim=1000 maxerr=3.20E-07 time=153.595
After sweep 25 energy=-74.94313804569272  maxlinkdim=1000 maxerr=4.60E-07 time=150.730
After sweep 26 energy=-74.970234571929  maxlinkdim=1000 maxerr=5.10E-07 time=150.764
After sweep 27 energy=-74.99427894866834  maxlinkdim=1000 maxerr=3.37E-07 time=153.464
After sweep 28 energy=-75.02061308757445  maxlinkdim=1000 maxerr=5.11E-06 time=155.834
After sweep 29 energy=-75.03915375224491  maxlinkdim=1000 maxerr=2.43E-07 time=157.887
After sweep 30 energy=-75.05606937535951  maxlinkdim=1000 maxerr=3.87E-07 time=157.486
After sweep 31 energy=-75.0772254962161  maxlinkdim=1000 maxerr=8.66E-07 time=160.475
After sweep 32 energy=-75.09157290927082  maxlinkdim=1000 maxerr=3.47E-07 time=163.003
After sweep 33 energy=-75.104205781697  maxlinkdim=1000 maxerr=6.44E-07 time=170.852
After sweep 34 energy=-75.1158835793743  maxlinkdim=1000 maxerr=1.74E-06 time=181.676
After sweep 35 energy=-75.12933361206522  maxlinkdim=1000 maxerr=4.41E-06 time=182.796
After sweep 36 energy=-75.14415455988943  maxlinkdim=1000 maxerr=7.48E-06 time=187.452
After sweep 37 energy=-75.15784459017108  maxlinkdim=1000 maxerr=5.40E-06 time=180.287
After sweep 38 energy=-75.17092967854646  maxlinkdim=1000 maxerr=6.47E-06 time=184.449
After sweep 39 energy=-75.18375356029708  maxlinkdim=1000 maxerr=3.48E-06 time=184.977
After sweep 40 energy=-75.19541493799407  maxlinkdim=1000 maxerr=4.26E-06 time=181.645
After sweep 41 energy=-75.20526498690546  maxlinkdim=1000 maxerr=3.50E-06 time=176.432
After sweep 42 energy=-75.21435068289615  maxlinkdim=1000 maxerr=3.11E-06 time=175.596
After sweep 43 energy=-75.22472772787009  maxlinkdim=1000 maxerr=3.93E-06 time=175.120
After sweep 44 energy=-75.23449769667603  maxlinkdim=1000 maxerr=2.82E-06 time=176.770
After sweep 45 energy=-75.24210131653798  maxlinkdim=1000 maxerr=3.59E-06 time=173.624
After sweep 46 energy=-75.24838946028714  maxlinkdim=1000 maxerr=3.78E-06 time=176.970
After sweep 47 energy=-75.2542529038258  maxlinkdim=1000 maxerr=3.56E-06 time=176.695
After sweep 48 energy=-75.25988682629715  maxlinkdim=1000 maxerr=2.60E-06 time=178.973
After sweep 49 energy=-75.26458458224187  maxlinkdim=1000 maxerr=2.37E-06 time=178.813
After sweep 50 energy=-75.26908236809152  maxlinkdim=1000 maxerr=2.16E-06 time=179.820
After sweep 51 energy=-75.27337074491079  maxlinkdim=1000 maxerr=3.00E-06 time=176.680
After sweep 52 energy=-75.27717557337208  maxlinkdim=1000 maxerr=2.75E-06 time=174.396
After sweep 53 energy=-75.28081508522621  maxlinkdim=1000 maxerr=2.46E-06 time=177.362
After sweep 54 energy=-75.28439935953185  maxlinkdim=1000 maxerr=2.09E-06 time=178.364
After sweep 55 energy=-75.2875293020445  maxlinkdim=1000 maxerr=3.34E-06 time=175.076
After sweep 56 energy=-75.29000928663274  maxlinkdim=1000 maxerr=2.83E-06 time=176.482
After sweep 57 energy=-75.29179218306706  maxlinkdim=1000 maxerr=2.50E-06 time=177.485
After sweep 58 energy=-75.29319142281963  maxlinkdim=1000 maxerr=2.53E-06 time=174.448
After sweep 59 energy=-75.29431816491983  maxlinkdim=1000 maxerr=1.99E-06 time=176.312
After sweep 60 energy=-75.29513707749831  maxlinkdim=1000 maxerr=1.93E-06 time=176.743
After sweep 61 energy=-75.29564237929786  maxlinkdim=1000 maxerr=1.70E-06 time=173.804
After sweep 62 energy=-75.29591805952973  maxlinkdim=1000 maxerr=1.63E-06 time=174.415
After sweep 63 energy=-75.29607456040061  maxlinkdim=1000 maxerr=1.58E-06 time=172.633
After sweep 64 energy=-75.29615933868537  maxlinkdim=1000 maxerr=1.56E-06 time=173.372
After sweep 65 energy=-75.2962073006317  maxlinkdim=1000 maxerr=1.57E-06 time=178.471
After sweep 66 energy=-75.29623426069435  maxlinkdim=1000 maxerr=1.58E-06 time=183.896
After sweep 67 energy=-75.29625016961818  maxlinkdim=1000 maxerr=1.56E-06 time=179.214
After sweep 68 energy=-75.2962593131893  maxlinkdim=1000 maxerr=1.57E-06 time=181.858
After sweep 69 energy=-75.29626501055375  maxlinkdim=1000 maxerr=1.57E-06 time=172.332
After sweep 70 energy=-75.2962682154786  maxlinkdim=1000 maxerr=1.57E-06 time=171.241
After sweep 71 energy=-75.29627026481629  maxlinkdim=1000 maxerr=1.57E-06 time=170.474
After sweep 72 energy=-75.29627105484447  maxlinkdim=1000 maxerr=1.57E-06 time=171.448
After sweep 73 energy=-75.29627201617095  maxlinkdim=1000 maxerr=1.57E-06 time=171.461
After sweep 74 energy=-75.29627315094596  maxlinkdim=1000 maxerr=1.56E-06 time=169.932
After sweep 75 energy=-75.29627443630446  maxlinkdim=1000 maxerr=1.55E-06 time=171.274
After sweep 76 energy=-75.29627461473075  maxlinkdim=1000 maxerr=1.55E-06 time=167.931
After sweep 77 energy=-75.29627545838909  maxlinkdim=1000 maxerr=1.55E-06 time=168.068
After sweep 78 energy=-75.2962757607047  maxlinkdim=1000 maxerr=1.55E-06 time=167.665
After sweep 79 energy=-75.29627560902773  maxlinkdim=1000 maxerr=1.54E-06 time=168.589
After sweep 80 energy=-75.29627562021959  maxlinkdim=1000 maxerr=1.54E-06 time=168.259
After sweep 81 energy=-75.29627612007543  maxlinkdim=1000 maxerr=1.54E-06 time=166.686
After sweep 82 energy=-75.29627646980603  maxlinkdim=1000 maxerr=1.54E-06 time=167.980
After sweep 83 energy=-75.29627664783116  maxlinkdim=1000 maxerr=1.54E-06 time=167.710
After sweep 84 energy=-75.29627665759222  maxlinkdim=1000 maxerr=1.54E-06 time=169.366
After sweep 85 energy=-75.2962767463872  maxlinkdim=1000 maxerr=1.54E-06 time=170.003
After sweep 86 energy=-75.29627680730832  maxlinkdim=1000 maxerr=1.54E-06 time=177.321
After sweep 87 energy=-75.29627701531889  maxlinkdim=1000 maxerr=1.54E-06 time=180.119
After sweep 88 energy=-75.29627713577419  maxlinkdim=1000 maxerr=1.54E-06 time=180.280
After sweep 89 energy=-75.29627728008386  maxlinkdim=1000 maxerr=1.54E-06 time=177.284
After sweep 90 energy=-75.29627718532319  maxlinkdim=1000 maxerr=1.54E-06 time=183.712
After sweep 91 energy=-75.29627742883991  maxlinkdim=1000 maxerr=1.54E-06 time=175.296
After sweep 92 energy=-75.29627744003042  maxlinkdim=1000 maxerr=1.54E-06 time=167.186
After sweep 93 energy=-75.29627750271392  maxlinkdim=1000 maxerr=1.54E-06 time=167.817
After sweep 94 energy=-75.29627767531942  maxlinkdim=1000 maxerr=1.54E-06 time=166.724
After sweep 95 energy=-75.29627780852628  maxlinkdim=1000 maxerr=1.54E-06 time=168.746
After sweep 96 energy=-75.29627801905957  maxlinkdim=1000 maxerr=1.54E-06 time=167.751
After sweep 97 energy=-75.2962780072831  maxlinkdim=1000 maxerr=1.54E-06 time=174.938
After sweep 98 energy=-75.29627810681826  maxlinkdim=1000 maxerr=1.54E-06 time=180.894
After sweep 99 energy=-75.29627805920599  maxlinkdim=1000 maxerr=1.54E-06 time=181.574
After sweep 100 energy=-75.29627818531637  maxlinkdim=1000 maxerr=1.54E-06 time=181.790
  E(N) = -75.29627818531637

============================================================
RESULTS:
  E(118) = -78.65423512648388
  E(119) = -76.88530855715439
  E(120)     = -75.29627818531637
  E_p = -0.17989620  (attractive hole pairing)
============================================================
RESULT: E_p = -0.17989619749147323
E_p calculation completed
