outfile_name: results_U_-4.0_t_p_0.05.h5
[ Info:  started timer at: 2025-11-11T08:16:12.209
Starting fresh run
Running with t_p=0.05 U=-4.0 L=100 chi_max=300 E_p=1.476 mu_init=-2.645
After sweep 1 energy=-5.301390740371484  maxlinkdim=16 maxerr=9.44E-11 time=29.745
After sweep 2 energy=-6.2956539415701265  maxlinkdim=73 maxerr=9.99E-11 time=2.736
After sweep 3 energy=-6.487153915024818  maxlinkdim=86 maxerr=1.00E-10 time=3.659
After sweep 4 energy=-6.609121596320884  maxlinkdim=92 maxerr=1.00E-10 time=4.489
After sweep 5 energy=-6.6997924719980055  maxlinkdim=98 maxerr=1.00E-10 time=4.104
After sweep 6 energy=-6.766064416213172  maxlinkdim=113 maxerr=9.99E-11 time=4.567
After sweep 7 energy=-6.813732433646832  maxlinkdim=154 maxerr=9.99E-11 time=4.428
After sweep 8 energy=-6.845285204597108  maxlinkdim=159 maxerr=1.00E-10 time=4.659
After sweep 9 energy=-6.868930316821078  maxlinkdim=178 maxerr=9.98E-11 time=4.823
After sweep 10 energy=-6.887868912738761  maxlinkdim=162 maxerr=1.00E-10 time=5.326
After sweep 11 energy=-6.89844750314147  maxlinkdim=158 maxerr=1.00E-10 time=5.545
After sweep 12 energy=-6.904340522194822  maxlinkdim=145 maxerr=1.00E-10 time=5.721
After sweep 13 energy=-6.908395368477593  maxlinkdim=150 maxerr=9.99E-11 time=5.627
After sweep 14 energy=-6.911717721211283  maxlinkdim=151 maxerr=1.00E-10 time=6.101
After sweep 15 energy=-6.912885404872703  maxlinkdim=126 maxerr=9.98E-11 time=6.638
After sweep 16 energy=-6.913265346840686  maxlinkdim=152 maxerr=1.00E-10 time=6.776
After sweep 17 energy=-6.913398273460836  maxlinkdim=170 maxerr=9.99E-11 time=6.753
After sweep 18 energy=-6.913458044350484  maxlinkdim=178 maxerr=1.00E-10 time=7.267
After sweep 19 energy=-6.913462662422716  maxlinkdim=153 maxerr=1.00E-10 time=7.574
After sweep 20 energy=-6.91346306423006  maxlinkdim=130 maxerr=1.00E-10 time=7.568
Not same mu, searching again
After sweep 1 energy=-7.812174139887432  maxlinkdim=16 maxerr=9.80E-11 time=0.830
After sweep 2 energy=-8.791705208559414  maxlinkdim=80 maxerr=1.00E-10 time=2.784
After sweep 3 energy=-8.988785561449586  maxlinkdim=94 maxerr=9.99E-11 time=3.766
After sweep 4 energy=-9.125502126924347  maxlinkdim=91 maxerr=9.98E-11 time=4.036
After sweep 5 energy=-9.244441601653445  maxlinkdim=108 maxerr=9.99E-11 time=4.315
After sweep 6 energy=-9.3432422965326  maxlinkdim=114 maxerr=1.00E-10 time=4.940
After sweep 7 energy=-9.425090379151513  maxlinkdim=140 maxerr=9.99E-11 time=5.190
After sweep 8 energy=-9.481699265241774  maxlinkdim=148 maxerr=9.98E-11 time=5.571
After sweep 9 energy=-9.522700676342392  maxlinkdim=145 maxerr=1.00E-10 time=5.680
After sweep 10 energy=-9.548547278137073  maxlinkdim=137 maxerr=1.00E-10 time=5.506
After sweep 11 energy=-9.566575382623856  maxlinkdim=176 maxerr=1.00E-10 time=6.060
After sweep 12 energy=-9.577448577455861  maxlinkdim=156 maxerr=1.00E-10 time=6.225
After sweep 13 energy=-9.584681416423628  maxlinkdim=199 maxerr=1.00E-10 time=6.570
After sweep 14 energy=-9.589010243900912  maxlinkdim=204 maxerr=1.00E-10 time=6.923
After sweep 15 energy=-9.59132113120251  maxlinkdim=193 maxerr=1.00E-10 time=7.251
After sweep 16 energy=-9.59253597621808  maxlinkdim=170 maxerr=9.99E-11 time=7.717
After sweep 17 energy=-9.59323072940757  maxlinkdim=181 maxerr=1.00E-10 time=8.145
After sweep 18 energy=-9.59337077649791  maxlinkdim=185 maxerr=1.00E-10 time=8.325
After sweep 19 energy=-9.593406780895814  maxlinkdim=158 maxerr=9.99E-11 time=8.553
After sweep 20 energy=-9.593415283134716  maxlinkdim=171 maxerr=1.00E-10 time=8.711
After sweep 1 energy=-5.301390740371484  maxlinkdim=16 maxerr=9.44E-11 time=0.843
After sweep 2 energy=-6.2956539415701265  maxlinkdim=73 maxerr=9.99E-11 time=2.781
After sweep 3 energy=-6.487153915024818  maxlinkdim=86 maxerr=1.00E-10 time=3.937
After sweep 4 energy=-6.609121596320884  maxlinkdim=92 maxerr=1.00E-10 time=3.977
After sweep 5 energy=-6.6997924719980055  maxlinkdim=98 maxerr=1.00E-10 time=4.189
After sweep 6 energy=-6.766064416213172  maxlinkdim=113 maxerr=9.99E-11 time=4.409
After sweep 7 energy=-6.813732433646832  maxlinkdim=154 maxerr=9.99E-11 time=4.528
After sweep 8 energy=-6.845285204597108  maxlinkdim=159 maxerr=1.00E-10 time=4.601
After sweep 9 energy=-6.868930316821078  maxlinkdim=178 maxerr=9.98E-11 time=4.975
After sweep 10 energy=-6.887868912738761  maxlinkdim=162 maxerr=1.00E-10 time=5.203
After sweep 11 energy=-6.89844750314147  maxlinkdim=158 maxerr=1.00E-10 time=5.501
After sweep 12 energy=-6.904340522194822  maxlinkdim=145 maxerr=1.00E-10 time=5.624
After sweep 13 energy=-6.908395368477593  maxlinkdim=150 maxerr=9.99E-11 time=5.531
After sweep 14 energy=-6.911717721211283  maxlinkdim=151 maxerr=1.00E-10 time=6.072
After sweep 15 energy=-6.912885404872703  maxlinkdim=126 maxerr=9.98E-11 time=6.559
After sweep 16 energy=-6.913265346840686  maxlinkdim=152 maxerr=1.00E-10 time=6.492
After sweep 17 energy=-6.913398273460836  maxlinkdim=170 maxerr=9.99E-11 time=6.834
After sweep 18 energy=-6.913458044350484  maxlinkdim=178 maxerr=1.00E-10 time=6.945
After sweep 19 energy=-6.913462662422716  maxlinkdim=153 maxerr=1.00E-10 time=7.325
After sweep 20 energy=-6.91346306423006  maxlinkdim=130 maxerr=1.00E-10 time=7.335
n_target < n1 and n_target < n0 triggered
n0: 0.5636488589801959; n1: 0.5069856871961044; mu1: -2.645
After sweep 1 energy=-2.8205480009259856  maxlinkdim=16 maxerr=8.81E-11 time=0.836
After sweep 2 energy=-3.88932489779372  maxlinkdim=76 maxerr=9.98E-11 time=2.789
After sweep 3 energy=-4.108879610840682  maxlinkdim=130 maxerr=9.99E-11 time=4.124
After sweep 4 energy=-4.232651945005563  maxlinkdim=108 maxerr=9.99E-11 time=4.259
After sweep 5 energy=-4.331807664153622  maxlinkdim=99 maxerr=9.99E-11 time=4.178
After sweep 6 energy=-4.405387846345914  maxlinkdim=97 maxerr=1.00E-10 time=4.217
After sweep 7 energy=-4.451035687636536  maxlinkdim=88 maxerr=1.00E-10 time=4.179
After sweep 8 energy=-4.485422343559248  maxlinkdim=132 maxerr=9.99E-11 time=4.178
After sweep 9 energy=-4.508297655634073  maxlinkdim=143 maxerr=9.97E-11 time=4.386
After sweep 10 energy=-4.521093088748344  maxlinkdim=159 maxerr=1.00E-10 time=4.611
After sweep 11 energy=-4.529303121795082  maxlinkdim=148 maxerr=1.00E-10 time=4.490
After sweep 12 energy=-4.534657695314315  maxlinkdim=134 maxerr=1.00E-10 time=4.687
After sweep 13 energy=-4.5374270067904625  maxlinkdim=127 maxerr=9.99E-11 time=4.779
After sweep 14 energy=-4.538858757198999  maxlinkdim=145 maxerr=1.00E-10 time=5.029
After sweep 15 energy=-4.539560272148649  maxlinkdim=142 maxerr=9.99E-11 time=5.236
After sweep 16 energy=-4.5398253051522355  maxlinkdim=122 maxerr=9.98E-11 time=5.758
After sweep 17 energy=-4.539877468927392  maxlinkdim=115 maxerr=1.00E-10 time=5.679
After sweep 18 energy=-4.539890860800415  maxlinkdim=113 maxerr=9.99E-11 time=5.791
After sweep 19 energy=-4.539892584087577  maxlinkdim=112 maxerr=9.99E-11 time=5.953
After sweep 20 energy=-4.539892676688429  maxlinkdim=104 maxerr=9.99E-11 time=5.991
n_target < n1 and n_target < n0 triggered
n0: 0.5069856871961044; n1: 0.4403798959774929; mu1: -2.695
Trying secant step...
After sweep 1 energy=-5.04709179641238  maxlinkdim=16 maxerr=9.12E-11 time=0.845
After sweep 2 energy=-6.045222871153149  maxlinkdim=73 maxerr=1.00E-10 time=2.817
After sweep 3 energy=-6.2370884885356  maxlinkdim=83 maxerr=9.97E-11 time=3.967
After sweep 4 energy=-6.354336405695839  maxlinkdim=89 maxerr=9.99E-11 time=3.942
After sweep 5 energy=-6.446088507281756  maxlinkdim=113 maxerr=1.00E-10 time=4.112
After sweep 6 energy=-6.514818327981061  maxlinkdim=94 maxerr=9.99E-11 time=4.456
After sweep 7 energy=-6.565648314180419  maxlinkdim=172 maxerr=9.99E-11 time=4.750
After sweep 8 energy=-6.597049907469016  maxlinkdim=139 maxerr=1.00E-10 time=5.106
After sweep 9 energy=-6.617576411948999  maxlinkdim=154 maxerr=1.00E-10 time=5.248
After sweep 10 energy=-6.629445635898977  maxlinkdim=173 maxerr=9.99E-11 time=5.506
After sweep 11 energy=-6.639244722076893  maxlinkdim=129 maxerr=9.97E-11 time=5.450
After sweep 12 energy=-6.6447924607988  maxlinkdim=166 maxerr=9.99E-11 time=5.829
After sweep 13 energy=-6.647838901310132  maxlinkdim=152 maxerr=9.99E-11 time=6.186
After sweep 14 energy=-6.648606927950392  maxlinkdim=162 maxerr=1.00E-10 time=6.257
After sweep 15 energy=-6.648987664329753  maxlinkdim=162 maxerr=9.99E-11 time=6.562
After sweep 16 energy=-6.649225230565036  maxlinkdim=154 maxerr=1.00E-10 time=6.583
After sweep 17 energy=-6.649273391053368  maxlinkdim=154 maxerr=1.00E-10 time=6.994
After sweep 18 energy=-6.6492801648109205  maxlinkdim=155 maxerr=9.99E-11 time=7.114
After sweep 19 energy=-6.64928071073158  maxlinkdim=128 maxerr=9.99E-11 time=7.451
After sweep 20 energy=-6.6492807166613925  maxlinkdim=119 maxerr=1.00E-10 time=7.160
Trying secant step...
After sweep 1 energy=-5.024601764278746  maxlinkdim=16 maxerr=8.81E-11 time=0.847
After sweep 2 energy=-6.024533853432204  maxlinkdim=77 maxerr=9.99E-11 time=2.790
After sweep 3 energy=-6.224504683442093  maxlinkdim=101 maxerr=9.98E-11 time=3.820
After sweep 4 energy=-6.347012574237963  maxlinkdim=125 maxerr=1.00E-10 time=4.221
After sweep 5 energy=-6.434398410078194  maxlinkdim=124 maxerr=9.97E-11 time=4.511
After sweep 6 energy=-6.49576412498671  maxlinkdim=134 maxerr=9.99E-11 time=4.687
After sweep 7 energy=-6.53744107178845  maxlinkdim=109 maxerr=1.00E-10 time=4.970
After sweep 8 energy=-6.5672598971031135  maxlinkdim=174 maxerr=1.00E-10 time=4.506
After sweep 9 energy=-6.589058599495964  maxlinkdim=148 maxerr=9.99E-11 time=4.710
After sweep 10 energy=-6.60543770819873  maxlinkdim=138 maxerr=1.00E-10 time=5.024
After sweep 11 energy=-6.614548684766931  maxlinkdim=165 maxerr=9.99E-11 time=5.232
After sweep 12 energy=-6.62116643185288  maxlinkdim=143 maxerr=9.99E-11 time=5.619
After sweep 13 energy=-6.625921801885209  maxlinkdim=161 maxerr=9.99E-11 time=6.083
After sweep 14 energy=-6.627584222560586  maxlinkdim=145 maxerr=9.99E-11 time=6.444
After sweep 15 energy=-6.628463249214809  maxlinkdim=143 maxerr=1.00E-10 time=6.146
After sweep 16 energy=-6.628900695791016  maxlinkdim=142 maxerr=9.99E-11 time=6.567
After sweep 17 energy=-6.628980236732408  maxlinkdim=142 maxerr=9.99E-11 time=6.760
After sweep 18 energy=-6.629004031178245  maxlinkdim=176 maxerr=1.00E-10 time=6.927
After sweep 19 energy=-6.6290059174280245  maxlinkdim=129 maxerr=1.00E-10 time=7.196
After sweep 20 energy=-6.629006021249807  maxlinkdim=120 maxerr=1.00E-10 time=7.418
Trying secant step...
After sweep 1 energy=-5.018365269754309  maxlinkdim=16 maxerr=9.81E-11 time=0.854
After sweep 2 energy=-6.016564050427919  maxlinkdim=73 maxerr=9.96E-11 time=2.776
After sweep 3 energy=-6.214803035298567  maxlinkdim=82 maxerr=1.00E-10 time=3.778
After sweep 4 energy=-6.336061931489302  maxlinkdim=127 maxerr=9.96E-11 time=4.058
After sweep 5 energy=-6.429181125713829  maxlinkdim=171 maxerr=9.98E-11 time=4.375
After sweep 6 energy=-6.493387608076698  maxlinkdim=193 maxerr=9.99E-11 time=4.589
After sweep 7 energy=-6.535402982963572  maxlinkdim=158 maxerr=9.99E-11 time=4.441
After sweep 8 energy=-6.563188565930262  maxlinkdim=175 maxerr=1.00E-10 time=4.503
After sweep 9 energy=-6.583730625253007  maxlinkdim=166 maxerr=9.98E-11 time=4.461
After sweep 10 energy=-6.598520271509005  maxlinkdim=170 maxerr=9.99E-11 time=4.818
After sweep 11 energy=-6.611238414138218  maxlinkdim=131 maxerr=1.00E-10 time=4.795
After sweep 12 energy=-6.617992410725767  maxlinkdim=180 maxerr=9.98E-11 time=5.214
After sweep 13 energy=-6.621710448487958  maxlinkdim=140 maxerr=1.00E-10 time=5.204
After sweep 14 energy=-6.624552020273473  maxlinkdim=145 maxerr=1.00E-10 time=5.330
After sweep 15 energy=-6.626354428344719  maxlinkdim=157 maxerr=9.99E-11 time=5.958
After sweep 16 energy=-6.627108684098376  maxlinkdim=157 maxerr=1.00E-10 time=6.487
After sweep 17 energy=-6.627262375173621  maxlinkdim=149 maxerr=1.00E-10 time=6.761
After sweep 18 energy=-6.627298138292247  maxlinkdim=164 maxerr=1.00E-10 time=7.022
After sweep 19 energy=-6.627305166295092  maxlinkdim=146 maxerr=1.00E-10 time=7.015
After sweep 20 energy=-6.627305863597872  maxlinkdim=129 maxerr=1.00E-10 time=7.262
FOUND MU (secant); mu: -2.650683311277465  n: 0.499998509707194
Target density achieved with mu=-2.650683311277465, n=0.499998509707194
Checking {alpha,beta} vs measured
NOT CONVERGED; updating alpha, beta and continuing...
After sweep 1 energy=-4.742959152103166  maxlinkdim=16 maxerr=7.32E-11 time=1.047
After sweep 2 energy=-5.804998359496816  maxlinkdim=104 maxerr=9.98E-11 time=4.700
After sweep 3 energy=-5.899566120320778  maxlinkdim=135 maxerr=9.99E-11 time=8.066
After sweep 4 energy=-5.94940949617197  maxlinkdim=169 maxerr=9.99E-11 time=9.241
After sweep 5 energy=-5.97998229057492  maxlinkdim=174 maxerr=9.99E-11 time=8.689
After sweep 6 energy=-6.003906613849641  maxlinkdim=168 maxerr=1.00E-10 time=8.433
After sweep 7 energy=-6.02619662279913  maxlinkdim=144 maxerr=1.00E-10 time=9.273
After sweep 8 energy=-6.045040751774833  maxlinkdim=148 maxerr=1.00E-10 time=10.171
After sweep 9 energy=-6.055940608397133  maxlinkdim=208 maxerr=9.99E-11 time=10.487
After sweep 10 energy=-6.064345497754033  maxlinkdim=146 maxerr=1.00E-10 time=10.373
After sweep 11 energy=-6.073276596454107  maxlinkdim=178 maxerr=1.00E-10 time=11.670
After sweep 12 energy=-6.07698594834823  maxlinkdim=143 maxerr=1.00E-10 time=12.373
After sweep 13 energy=-6.079878009305476  maxlinkdim=180 maxerr=9.99E-11 time=12.275
After sweep 14 energy=-6.081320706974388  maxlinkdim=178 maxerr=1.00E-10 time=13.043
After sweep 15 energy=-6.082176589088379  maxlinkdim=236 maxerr=9.99E-11 time=13.540
After sweep 16 energy=-6.082606823705485  maxlinkdim=249 maxerr=9.98E-11 time=13.217
After sweep 17 energy=-6.082952997974189  maxlinkdim=290 maxerr=9.99E-11 time=13.734
After sweep 18 energy=-6.08324257812802  maxlinkdim=257 maxerr=1.00E-10 time=15.091
After sweep 19 energy=-6.0833972732832615  maxlinkdim=251 maxerr=1.00E-10 time=15.608
After sweep 20 energy=-6.083492560803031  maxlinkdim=233 maxerr=1.00E-10 time=16.285
Not same mu, searching again
After sweep 1 energy=-7.232841857893879  maxlinkdim=16 maxerr=9.26E-11 time=1.029
After sweep 2 energy=-8.300137183144162  maxlinkdim=104 maxerr=9.99E-11 time=4.698
After sweep 3 energy=-8.392640178825173  maxlinkdim=119 maxerr=1.00E-10 time=8.011
After sweep 4 energy=-8.443028127178689  maxlinkdim=111 maxerr=1.00E-10 time=8.430
After sweep 5 energy=-8.478711810870017  maxlinkdim=106 maxerr=9.99E-11 time=8.334
After sweep 6 energy=-8.50965891939629  maxlinkdim=126 maxerr=1.00E-10 time=8.246
After sweep 7 energy=-8.539473660097133  maxlinkdim=122 maxerr=9.99E-11 time=8.758
After sweep 8 energy=-8.567263760365224  maxlinkdim=131 maxerr=1.00E-10 time=8.738
After sweep 9 energy=-8.591184591222033  maxlinkdim=112 maxerr=9.97E-11 time=8.700
After sweep 10 energy=-8.613722863224952  maxlinkdim=105 maxerr=9.99E-11 time=8.667
After sweep 11 energy=-8.636136483559113  maxlinkdim=161 maxerr=9.98E-11 time=8.822
After sweep 12 energy=-8.65911262007609  maxlinkdim=197 maxerr=9.99E-11 time=9.615
After sweep 13 energy=-8.68390750007747  maxlinkdim=220 maxerr=9.99E-11 time=10.668
After sweep 14 energy=-8.70698080851166  maxlinkdim=266 maxerr=1.00E-10 time=13.255
After sweep 15 energy=-8.717206018048696  maxlinkdim=300 maxerr=1.01E-10 time=14.081
After sweep 16 energy=-8.723513046446882  maxlinkdim=220 maxerr=9.99E-11 time=14.306
After sweep 17 energy=-8.726969908855397  maxlinkdim=300 maxerr=1.00E-10 time=14.732
After sweep 18 energy=-8.729658842771672  maxlinkdim=254 maxerr=1.00E-10 time=16.976
After sweep 19 energy=-8.730438274021257  maxlinkdim=281 maxerr=1.00E-10 time=17.298
After sweep 20 energy=-8.730923382647987  maxlinkdim=219 maxerr=1.00E-10 time=17.720
Trying secant step...
After sweep 1 energy=-4.767793352416923  maxlinkdim=16 maxerr=7.34E-11 time=1.045
After sweep 2 energy=-5.830219637108569  maxlinkdim=104 maxerr=9.99E-11 time=4.715
After sweep 3 energy=-5.920130630925937  maxlinkdim=112 maxerr=1.00E-10 time=7.942
After sweep 4 energy=-5.969658363924425  maxlinkdim=119 maxerr=9.99E-11 time=8.290
After sweep 5 energy=-6.000916476111185  maxlinkdim=104 maxerr=1.00E-10 time=8.543
After sweep 6 energy=-6.0263686137944585  maxlinkdim=182 maxerr=9.99E-11 time=8.212
After sweep 7 energy=-6.051980428447129  maxlinkdim=201 maxerr=1.00E-10 time=9.271
After sweep 8 energy=-6.069955652350175  maxlinkdim=133 maxerr=9.99E-11 time=9.983
After sweep 9 energy=-6.081229186379818  maxlinkdim=122 maxerr=9.99E-11 time=9.755
After sweep 10 energy=-6.088429945791755  maxlinkdim=112 maxerr=9.98E-11 time=9.510
After sweep 11 energy=-6.094250361883426  maxlinkdim=148 maxerr=9.99E-11 time=9.643
After sweep 12 energy=-6.098204615852147  maxlinkdim=144 maxerr=9.99E-11 time=9.482
After sweep 13 energy=-6.102084960467527  maxlinkdim=136 maxerr=9.99E-11 time=9.901
After sweep 14 energy=-6.105193661170808  maxlinkdim=230 maxerr=9.99E-11 time=11.882
After sweep 15 energy=-6.106802421575013  maxlinkdim=167 maxerr=9.99E-11 time=13.429
After sweep 16 energy=-6.107556999968122  maxlinkdim=214 maxerr=9.99E-11 time=13.175
After sweep 17 energy=-6.10813999121472  maxlinkdim=274 maxerr=1.00E-10 time=13.796
After sweep 18 energy=-6.108498501730184  maxlinkdim=251 maxerr=1.00E-10 time=14.919
After sweep 19 energy=-6.108673963507639  maxlinkdim=224 maxerr=9.99E-11 time=16.237
After sweep 20 energy=-6.108759235214948  maxlinkdim=229 maxerr=1.00E-10 time=17.836
Trying secant step...
After sweep 1 energy=-4.759495472077702  maxlinkdim=16 maxerr=7.33E-11 time=1.133
After sweep 2 energy=-5.8218070031444515  maxlinkdim=104 maxerr=1.00E-10 time=4.910
After sweep 3 energy=-5.914169449338581  maxlinkdim=116 maxerr=9.98E-11 time=7.918
After sweep 4 energy=-5.965513532960925  maxlinkdim=171 maxerr=1.00E-10 time=8.754
After sweep 5 energy=-5.996091049688019  maxlinkdim=135 maxerr=1.00E-10 time=8.878
After sweep 6 energy=-6.018479460483815  maxlinkdim=180 maxerr=9.99E-11 time=8.305
After sweep 7 energy=-6.040104130657931  maxlinkdim=160 maxerr=1.00E-10 time=8.336
After sweep 8 energy=-6.061055011326798  maxlinkdim=132 maxerr=1.00E-10 time=9.808
After sweep 9 energy=-6.074235050382745  maxlinkdim=249 maxerr=1.00E-10 time=10.874
After sweep 10 energy=-6.082656360253697  maxlinkdim=185 maxerr=9.99E-11 time=11.282
After sweep 11 energy=-6.089232318631816  maxlinkdim=207 maxerr=9.99E-11 time=11.873
After sweep 12 energy=-6.09276664249337  maxlinkdim=185 maxerr=1.00E-10 time=12.154
After sweep 13 energy=-6.095442908794094  maxlinkdim=185 maxerr=9.99E-11 time=11.846
After sweep 14 energy=-6.097417993934485  maxlinkdim=215 maxerr=1.00E-10 time=12.387
After sweep 15 energy=-6.0988207663853675  maxlinkdim=256 maxerr=9.99E-11 time=13.592
After sweep 16 energy=-6.099415264919037  maxlinkdim=251 maxerr=9.99E-11 time=14.007
After sweep 17 energy=-6.099788278385998  maxlinkdim=241 maxerr=1.00E-10 time=15.175
After sweep 18 energy=-6.100019213519434  maxlinkdim=207 maxerr=9.99E-11 time=15.711
After sweep 19 energy=-6.100241686504064  maxlinkdim=215 maxerr=1.00E-10 time=17.028
After sweep 20 energy=-6.100363173769599  maxlinkdim=217 maxerr=1.00E-10 time=20.574
Trying secant step...
After sweep 1 energy=-4.754928917049062  maxlinkdim=16 maxerr=7.33E-11 time=1.084
After sweep 2 energy=-5.817002188464366  maxlinkdim=104 maxerr=1.00E-10 time=4.667
After sweep 3 energy=-5.909328157011701  maxlinkdim=115 maxerr=9.99E-11 time=7.907
After sweep 4 energy=-5.957313515419094  maxlinkdim=130 maxerr=1.00E-10 time=8.548
After sweep 5 energy=-5.987040860873742  maxlinkdim=126 maxerr=1.00E-10 time=8.383
After sweep 6 energy=-6.01075684351008  maxlinkdim=139 maxerr=1.00E-10 time=8.152
After sweep 7 energy=-6.036835364593628  maxlinkdim=163 maxerr=9.99E-11 time=8.869
After sweep 8 energy=-6.05679208976911  maxlinkdim=166 maxerr=1.00E-10 time=10.216
After sweep 9 energy=-6.066930072496196  maxlinkdim=159 maxerr=9.99E-11 time=10.040
After sweep 10 energy=-6.074962221966605  maxlinkdim=136 maxerr=9.99E-11 time=9.976
After sweep 11 energy=-6.0812276658584  maxlinkdim=140 maxerr=1.00E-10 time=10.006
After sweep 12 energy=-6.086665418792478  maxlinkdim=199 maxerr=1.00E-10 time=10.824
After sweep 13 energy=-6.090871853501211  maxlinkdim=188 maxerr=1.00E-10 time=12.669
After sweep 14 energy=-6.093377007469589  maxlinkdim=207 maxerr=1.00E-10 time=14.744
After sweep 15 energy=-6.094332749815001  maxlinkdim=202 maxerr=1.00E-10 time=14.571
After sweep 16 energy=-6.095145894449904  maxlinkdim=207 maxerr=9.99E-11 time=15.339
After sweep 17 energy=-6.0954508321211165  maxlinkdim=235 maxerr=1.00E-10 time=16.139
After sweep 18 energy=-6.095620886572071  maxlinkdim=214 maxerr=1.00E-10 time=16.451
After sweep 19 energy=-6.095701491584514  maxlinkdim=232 maxerr=1.00E-10 time=16.878
After sweep 20 energy=-6.095744649045297  maxlinkdim=261 maxerr=1.00E-10 time=19.833
Trying secant step...
After sweep 1 energy=-4.756646533910132  maxlinkdim=16 maxerr=7.33E-11 time=1.112
After sweep 2 energy=-5.818723886458251  maxlinkdim=104 maxerr=1.00E-10 time=4.697
After sweep 3 energy=-5.910979517955967  maxlinkdim=116 maxerr=1.00E-10 time=7.872
After sweep 4 energy=-5.960243285594195  maxlinkdim=148 maxerr=9.99E-11 time=8.612
After sweep 5 energy=-5.991556054293072  maxlinkdim=159 maxerr=1.00E-10 time=8.684
After sweep 6 energy=-6.014497780518368  maxlinkdim=131 maxerr=9.97E-11 time=8.498
After sweep 7 energy=-6.037297796701565  maxlinkdim=214 maxerr=9.99E-11 time=8.441
After sweep 8 energy=-6.057670589714695  maxlinkdim=200 maxerr=9.99E-11 time=9.979
After sweep 9 energy=-6.069180235287844  maxlinkdim=190 maxerr=9.99E-11 time=10.329
After sweep 10 energy=-6.076985137943201  maxlinkdim=158 maxerr=1.00E-10 time=10.401
After sweep 11 energy=-6.08511158546196  maxlinkdim=248 maxerr=1.00E-10 time=10.559
After sweep 12 energy=-6.090813923112205  maxlinkdim=254 maxerr=9.99E-11 time=12.072
After sweep 13 energy=-6.093325052743964  maxlinkdim=227 maxerr=9.99E-11 time=12.668
After sweep 14 energy=-6.094688449913315  maxlinkdim=238 maxerr=1.00E-10 time=12.089
After sweep 15 energy=-6.095992261109248  maxlinkdim=241 maxerr=9.98E-11 time=12.441
After sweep 16 energy=-6.096994987408735  maxlinkdim=221 maxerr=9.99E-11 time=14.809
After sweep 17 energy=-6.097291453239582  maxlinkdim=215 maxerr=9.99E-11 time=16.217
After sweep 18 energy=-6.09741652228856  maxlinkdim=252 maxerr=9.99E-11 time=16.316
After sweep 19 energy=-6.097464447968586  maxlinkdim=220 maxerr=1.00E-10 time=17.348
After sweep 20 energy=-6.097491155078358  maxlinkdim=212 maxerr=1.00E-10 time=20.118
Trying secant step...
After sweep 1 energy=-4.755863215633633  maxlinkdim=16 maxerr=7.33E-11 time=1.109
After sweep 2 energy=-5.8179375920231635  maxlinkdim=104 maxerr=1.00E-10 time=4.682
After sweep 3 energy=-5.90981678494057  maxlinkdim=111 maxerr=9.99E-11 time=7.883
After sweep 4 energy=-5.960807015019919  maxlinkdim=140 maxerr=9.99E-11 time=8.563
After sweep 5 energy=-5.990868196376051  maxlinkdim=123 maxerr=1.00E-10 time=8.587
After sweep 6 energy=-6.013430499697255  maxlinkdim=120 maxerr=9.99E-11 time=8.194
After sweep 7 energy=-6.032248925434068  maxlinkdim=130 maxerr=1.00E-10 time=8.259
After sweep 8 energy=-6.052481741520635  maxlinkdim=190 maxerr=1.00E-10 time=9.085
After sweep 9 energy=-6.067704804565898  maxlinkdim=219 maxerr=1.00E-10 time=10.271
After sweep 10 energy=-6.077344327267063  maxlinkdim=167 maxerr=9.98E-11 time=10.685
After sweep 11 energy=-6.082901655319042  maxlinkdim=128 maxerr=1.00E-10 time=10.236
After sweep 12 energy=-6.088436366984011  maxlinkdim=141 maxerr=9.99E-11 time=10.556
After sweep 13 energy=-6.093761878687496  maxlinkdim=200 maxerr=9.99E-11 time=12.315
After sweep 14 energy=-6.095413625025113  maxlinkdim=215 maxerr=9.99E-11 time=14.044
After sweep 15 energy=-6.0961788761625835  maxlinkdim=266 maxerr=1.00E-10 time=14.923
After sweep 16 energy=-6.096479994968961  maxlinkdim=229 maxerr=9.99E-11 time=15.615
After sweep 17 energy=-6.096613881309543  maxlinkdim=246 maxerr=1.00E-10 time=16.456
After sweep 18 energy=-6.096668165769526  maxlinkdim=263 maxerr=1.00E-10 time=17.819
After sweep 19 energy=-6.096692265452355  maxlinkdim=258 maxerr=1.00E-10 time=20.429
After sweep 20 energy=-6.096699153212477  maxlinkdim=240 maxerr=1.00E-10 time=22.744
Trying secant step...
After sweep 1 energy=-4.73568425794911  maxlinkdim=16 maxerr=7.31E-11 time=1.155
After sweep 2 energy=-5.797686852653299  maxlinkdim=104 maxerr=9.98E-11 time=4.688
After sweep 3 energy=-5.88913836059829  maxlinkdim=106 maxerr=1.00E-10 time=7.817
After sweep 4 energy=-5.939434244463536  maxlinkdim=134 maxerr=9.99E-11 time=8.363
After sweep 5 energy=-5.9712543389896275  maxlinkdim=118 maxerr=1.00E-10 time=8.504
After sweep 6 energy=-5.995866253768884  maxlinkdim=158 maxerr=1.00E-10 time=8.264
After sweep 7 energy=-6.020351770597818  maxlinkdim=129 maxerr=1.00E-10 time=9.061
After sweep 8 energy=-6.0383769252956245  maxlinkdim=148 maxerr=9.99E-11 time=9.837
After sweep 9 energy=-6.0486442563726355  maxlinkdim=145 maxerr=9.98E-11 time=9.621
After sweep 10 energy=-6.057613843515683  maxlinkdim=210 maxerr=9.99E-11 time=9.679
After sweep 11 energy=-6.066334668538072  maxlinkdim=237 maxerr=9.99E-11 time=11.353
After sweep 12 energy=-6.071228054622943  maxlinkdim=153 maxerr=1.00E-10 time=12.373
After sweep 13 energy=-6.0740790694915  maxlinkdim=163 maxerr=9.99E-11 time=13.166
After sweep 14 energy=-6.075139267626054  maxlinkdim=167 maxerr=1.00E-10 time=13.903
After sweep 15 energy=-6.07557729733328  maxlinkdim=177 maxerr=1.00E-10 time=13.511
After sweep 16 energy=-6.075969329288617  maxlinkdim=226 maxerr=1.00E-10 time=14.401
After sweep 17 energy=-6.076156001266499  maxlinkdim=192 maxerr=1.00E-10 time=16.617
After sweep 18 energy=-6.076204096300717  maxlinkdim=233 maxerr=9.99E-11 time=16.997
After sweep 19 energy=-6.076219210557314  maxlinkdim=200 maxerr=1.00E-10 time=18.999
After sweep 20 energy=-6.0762234271050675  maxlinkdim=209 maxerr=9.99E-11 time=22.691
Trying secant step...
After sweep 1 energy=-4.754551870950776  maxlinkdim=16 maxerr=7.33E-11 time=1.150
After sweep 2 energy=-5.816610946785429  maxlinkdim=104 maxerr=1.00E-10 time=4.734
After sweep 3 energy=-5.908866766542668  maxlinkdim=123 maxerr=1.00E-10 time=7.847
After sweep 4 energy=-5.96089077314013  maxlinkdim=168 maxerr=9.98E-11 time=8.619
After sweep 5 energy=-5.991627915047897  maxlinkdim=169 maxerr=9.99E-11 time=8.770
After sweep 6 energy=-6.01634854963916  maxlinkdim=211 maxerr=1.00E-10 time=8.520
After sweep 7 energy=-6.039066431772848  maxlinkdim=234 maxerr=9.99E-11 time=9.423
After sweep 8 energy=-6.059353322710732  maxlinkdim=184 maxerr=1.00E-10 time=10.620
After sweep 9 energy=-6.070421231761577  maxlinkdim=208 maxerr=9.99E-11 time=10.756
After sweep 10 energy=-6.07685543785482  maxlinkdim=207 maxerr=1.00E-10 time=10.632
After sweep 11 energy=-6.08316862773833  maxlinkdim=163 maxerr=9.99E-11 time=10.477
After sweep 12 energy=-6.089637749010709  maxlinkdim=213 maxerr=9.99E-11 time=12.197
After sweep 13 energy=-6.0921081434771835  maxlinkdim=193 maxerr=9.99E-11 time=13.265
After sweep 14 energy=-6.093380992309418  maxlinkdim=271 maxerr=9.99E-11 time=13.086
After sweep 15 energy=-6.094547117261647  maxlinkdim=239 maxerr=9.99E-11 time=14.834
After sweep 16 energy=-6.094942264907847  maxlinkdim=267 maxerr=9.99E-11 time=15.653
After sweep 17 energy=-6.095174394478336  maxlinkdim=228 maxerr=1.00E-10 time=16.022
After sweep 18 energy=-6.0952906104821665  maxlinkdim=203 maxerr=9.99E-11 time=17.171
After sweep 19 energy=-6.0953346064377865  maxlinkdim=219 maxerr=1.00E-10 time=18.635
After sweep 20 energy=-6.095363058935456  maxlinkdim=235 maxerr=1.00E-10 time=20.226
Trying secant step...
After sweep 1 energy=-4.755754503091264  maxlinkdim=16 maxerr=7.33E-11 time=1.169
After sweep 2 energy=-5.817828466073157  maxlinkdim=104 maxerr=1.00E-10 time=4.769
After sweep 3 energy=-5.909362422762498  maxlinkdim=108 maxerr=9.99E-11 time=7.808
After sweep 4 energy=-5.960122535964197  maxlinkdim=135 maxerr=1.00E-10 time=8.426
After sweep 5 energy=-5.99073634952149  maxlinkdim=131 maxerr=9.99E-11 time=8.500
After sweep 6 energy=-6.014605689290895  maxlinkdim=150 maxerr=9.99E-11 time=8.520
After sweep 7 energy=-6.038838296335554  maxlinkdim=254 maxerr=1.00E-10 time=8.757
After sweep 8 energy=-6.060948864348342  maxlinkdim=207 maxerr=9.99E-11 time=10.543
After sweep 9 energy=-6.069639642628494  maxlinkdim=151 maxerr=1.00E-10 time=10.414
After sweep 10 energy=-6.075892044945472  maxlinkdim=155 maxerr=1.00E-10 time=9.663
After sweep 11 energy=-6.082579450607497  maxlinkdim=196 maxerr=9.99E-11 time=9.953
After sweep 12 energy=-6.087580547709592  maxlinkdim=156 maxerr=9.99E-11 time=11.007
After sweep 13 energy=-6.091962842664461  maxlinkdim=260 maxerr=1.00E-10 time=11.766
After sweep 14 energy=-6.094168704983339  maxlinkdim=277 maxerr=9.99E-11 time=13.203
After sweep 15 energy=-6.095331295443802  maxlinkdim=246 maxerr=1.00E-10 time=13.985
After sweep 16 energy=-6.095905072428795  maxlinkdim=188 maxerr=1.00E-10 time=14.529
After sweep 17 energy=-6.09617234226822  maxlinkdim=206 maxerr=9.99E-11 time=14.531
After sweep 18 energy=-6.09646519807312  maxlinkdim=257 maxerr=1.00E-10 time=15.916
After sweep 19 energy=-6.096534802275971  maxlinkdim=226 maxerr=9.99E-11 time=17.529
After sweep 20 energy=-6.096576097315402  maxlinkdim=289 maxerr=1.00E-10 time=19.779
Trying secant step...
After sweep 1 energy=-4.757388158551166  maxlinkdim=16 maxerr=7.33E-11 time=1.143
After sweep 2 energy=-5.819468353443647  maxlinkdim=104 maxerr=1.00E-10 time=4.752
After sweep 3 energy=-5.911421382784207  maxlinkdim=111 maxerr=1.00E-10 time=7.827
After sweep 4 energy=-5.961834637395673  maxlinkdim=151 maxerr=9.99E-11 time=8.539
After sweep 5 energy=-5.993300621076809  maxlinkdim=132 maxerr=9.99E-11 time=8.809
After sweep 6 energy=-6.016285522341964  maxlinkdim=126 maxerr=9.99E-11 time=8.220
After sweep 7 energy=-6.038566008556581  maxlinkdim=126 maxerr=1.00E-10 time=8.575
After sweep 8 energy=-6.056798395481813  maxlinkdim=184 maxerr=9.99E-11 time=9.500
After sweep 9 energy=-6.067377417221607  maxlinkdim=260 maxerr=9.98E-11 time=9.897
After sweep 10 energy=-6.075366773985044  maxlinkdim=284 maxerr=9.99E-11 time=10.062
After sweep 11 energy=-6.0833854854401315  maxlinkdim=237 maxerr=9.99E-11 time=10.659
After sweep 12 energy=-6.090391573507897  maxlinkdim=215 maxerr=9.99E-11 time=12.264
After sweep 13 energy=-6.09292358690415  maxlinkdim=244 maxerr=1.00E-10 time=12.774
After sweep 14 energy=-6.09458997924073  maxlinkdim=227 maxerr=9.95E-11 time=11.786
After sweep 15 energy=-6.095694550451044  maxlinkdim=152 maxerr=1.00E-10 time=11.854
After sweep 16 energy=-6.09645230419128  maxlinkdim=260 maxerr=1.00E-10 time=11.464
After sweep 17 energy=-6.097039178058965  maxlinkdim=256 maxerr=1.00E-10 time=12.177
After sweep 18 energy=-6.097597930264634  maxlinkdim=236 maxerr=9.99E-11 time=13.781
After sweep 19 energy=-6.098040098513129  maxlinkdim=243 maxerr=1.00E-10 time=16.549
After sweep 20 energy=-6.098183343802106  maxlinkdim=244 maxerr=1.00E-10 time=19.023
Trying secant step...
After sweep 1 energy=-4.755235065351702  maxlinkdim=16 maxerr=7.33E-11 time=1.164
After sweep 2 energy=-5.81730949744682  maxlinkdim=104 maxerr=1.00E-10 time=4.792
After sweep 3 energy=-5.9096893274827105  maxlinkdim=115 maxerr=9.99E-11 time=7.807
After sweep 4 energy=-5.958042640744694  maxlinkdim=144 maxerr=1.00E-10 time=8.441
After sweep 5 energy=-5.987365550241303  maxlinkdim=114 maxerr=9.99E-11 time=8.319
After sweep 6 energy=-6.01189361487151  maxlinkdim=129 maxerr=9.99E-11 time=7.991
After sweep 7 energy=-6.040030975914905  maxlinkdim=179 maxerr=1.00E-10 time=8.974
After sweep 8 energy=-6.0598361962018625  maxlinkdim=128 maxerr=1.00E-10 time=10.165
After sweep 9 energy=-6.069798990064593  maxlinkdim=185 maxerr=9.99E-11 time=9.763
After sweep 10 energy=-6.0796522582296415  maxlinkdim=155 maxerr=9.99E-11 time=10.002
After sweep 11 energy=-6.08770677598161  maxlinkdim=203 maxerr=1.00E-10 time=11.592
After sweep 12 energy=-6.090587669333548  maxlinkdim=154 maxerr=9.99E-11 time=11.798
After sweep 13 energy=-6.092489885628885  maxlinkdim=129 maxerr=9.99E-11 time=11.554
After sweep 14 energy=-6.094165000911123  maxlinkdim=186 maxerr=1.00E-10 time=11.335
After sweep 15 energy=-6.095007533574219  maxlinkdim=223 maxerr=1.00E-10 time=12.431
After sweep 16 energy=-6.095447313953577  maxlinkdim=232 maxerr=9.99E-11 time=12.633
slurmstepd: error: *** STEP 45099674.0 ON nid006640 CANCELLED AT 2025-11-11T17:13:16 ***
slurmstepd: error: *** JOB 45099674 ON nid006640 CANCELLED AT 2025-11-11T17:13:16 ***

[1707436] signal 15: Terminated
in expression starting at /global/u2/k/kwang98/MPS-MFT/main_loop_script_cpu.jl:540
macro expansion at ./cartesian.jl:62 [inlined]
macro expansion at ./multidimensional.jl:1663 [inlined]
permutedims! at ./multidimensional.jl:1649
permutedims at ./multidimensional.jl:1634
permutedims at /global/homes/k/kwang98/.julia/packages/NDTensors/zHdA1/src/array/permutedims.jl:8 [inlined]
