outfile_name: results_U_-4.0_t_p_0.025.h5
[ Info:  started timer at: 2025-11-13T08:36:37.877
Starting fresh run
Running with t_p=0.025 U=-4.0 L=100 chi_max=300 E_p=1.476 mu_init=-2.65
After sweep 1 energy=-4.95968423757944  maxlinkdim=16 maxerr=7.47E-11 time=30.361
After sweep 2 energy=-6.028112365638558  maxlinkdim=103 maxerr=9.98E-11 time=3.328
After sweep 3 energy=-6.115489860545726  maxlinkdim=117 maxerr=9.99E-11 time=5.778
After sweep 4 energy=-6.1627710739577  maxlinkdim=106 maxerr=9.99E-11 time=6.238
After sweep 5 energy=-6.196104919904781  maxlinkdim=101 maxerr=1.00E-10 time=5.811
After sweep 6 energy=-6.224917540425329  maxlinkdim=128 maxerr=1.00E-10 time=5.968
After sweep 7 energy=-6.251284411727454  maxlinkdim=147 maxerr=1.00E-10 time=6.990
After sweep 8 energy=-6.26634093527766  maxlinkdim=176 maxerr=9.99E-11 time=7.127
After sweep 9 energy=-6.276270390081702  maxlinkdim=183 maxerr=1.00E-10 time=6.656
After sweep 10 energy=-6.284717380955663  maxlinkdim=172 maxerr=1.00E-10 time=7.224
After sweep 11 energy=-6.29032416362305  maxlinkdim=214 maxerr=1.00E-10 time=7.140
After sweep 12 energy=-6.29470961800577  maxlinkdim=185 maxerr=9.99E-11 time=7.579
After sweep 13 energy=-6.298103188238622  maxlinkdim=158 maxerr=1.00E-10 time=7.793
After sweep 14 energy=-6.299946924884036  maxlinkdim=168 maxerr=1.00E-10 time=7.633
After sweep 15 energy=-6.301277424836684  maxlinkdim=157 maxerr=9.98E-11 time=7.802
After sweep 16 energy=-6.302302770011013  maxlinkdim=191 maxerr=9.99E-11 time=8.183
After sweep 17 energy=-6.303379778009085  maxlinkdim=234 maxerr=9.98E-11 time=10.238
After sweep 18 energy=-6.3040681872830096  maxlinkdim=227 maxerr=9.99E-11 time=12.566
After sweep 19 energy=-6.304209638468377  maxlinkdim=240 maxerr=1.00E-10 time=17.230
After sweep 20 energy=-6.30423784945245  maxlinkdim=214 maxerr=9.99E-11 time=20.701
After sweep 21 energy=-6.304245906543959  maxlinkdim=226 maxerr=1.00E-10 time=27.851
After sweep 22 energy=-6.3042476405855465  maxlinkdim=222 maxerr=1.00E-10 time=26.343
After sweep 23 energy=-6.304247938753814  maxlinkdim=203 maxerr=1.00E-10 time=21.743
After sweep 24 energy=-6.30424796098765  maxlinkdim=189 maxerr=1.00E-10 time=19.574
After sweep 25 energy=-6.304247961675049  maxlinkdim=187 maxerr=1.00E-10 time=19.852
After sweep 26 energy=-6.304247962215603  maxlinkdim=187 maxerr=9.99E-11 time=20.731
After sweep 27 energy=-6.304247962307699  maxlinkdim=187 maxerr=1.00E-10 time=20.460
After sweep 28 energy=-6.3042479624595815  maxlinkdim=188 maxerr=9.99E-11 time=18.392
After sweep 29 energy=-6.304247962493421  maxlinkdim=188 maxerr=9.99E-11 time=20.654
After sweep 30 energy=-6.304247962589401  maxlinkdim=188 maxerr=1.00E-10 time=17.490
Not same mu, searching again
After sweep 1 energy=-4.461037915140581  maxlinkdim=16 maxerr=7.67E-11 time=0.901
After sweep 2 energy=-5.530294398430891  maxlinkdim=103 maxerr=9.99E-11 time=3.490
After sweep 3 energy=-5.618525832600348  maxlinkdim=112 maxerr=1.00E-10 time=5.670
After sweep 4 energy=-5.668871791919542  maxlinkdim=113 maxerr=1.00E-10 time=6.125
After sweep 5 energy=-5.701692349178614  maxlinkdim=103 maxerr=9.99E-11 time=6.312
After sweep 6 energy=-5.726510746569635  maxlinkdim=120 maxerr=9.99E-11 time=5.792
After sweep 7 energy=-5.748357200496269  maxlinkdim=121 maxerr=1.00E-10 time=6.208
After sweep 8 energy=-5.764315960790327  maxlinkdim=114 maxerr=9.99E-11 time=6.479
After sweep 9 energy=-5.77436598154676  maxlinkdim=112 maxerr=9.99E-11 time=6.468
After sweep 10 energy=-5.782666962653294  maxlinkdim=114 maxerr=1.00E-10 time=6.249
After sweep 11 energy=-5.789869032290874  maxlinkdim=118 maxerr=1.00E-10 time=6.551
After sweep 12 energy=-5.795791832678445  maxlinkdim=157 maxerr=1.00E-10 time=7.115
After sweep 13 energy=-5.801136562762891  maxlinkdim=189 maxerr=1.00E-10 time=8.358
After sweep 14 energy=-5.803185322487773  maxlinkdim=214 maxerr=1.00E-10 time=8.668
After sweep 15 energy=-5.804320623993719  maxlinkdim=256 maxerr=1.00E-10 time=9.503
After sweep 16 energy=-5.805316864407888  maxlinkdim=206 maxerr=1.00E-10 time=8.729
After sweep 17 energy=-5.805726040016266  maxlinkdim=218 maxerr=9.99E-11 time=8.562
After sweep 18 energy=-5.806013533233366  maxlinkdim=259 maxerr=9.99E-11 time=9.878
After sweep 19 energy=-5.806226604548681  maxlinkdim=213 maxerr=1.00E-10 time=10.110
After sweep 20 energy=-5.806360407566267  maxlinkdim=218 maxerr=1.00E-10 time=12.559
After sweep 21 energy=-5.806459239210996  maxlinkdim=223 maxerr=1.00E-10 time=12.292
After sweep 22 energy=-5.806530560262122  maxlinkdim=256 maxerr=1.00E-10 time=18.922
After sweep 23 energy=-5.806566597050459  maxlinkdim=224 maxerr=1.00E-10 time=20.263
After sweep 24 energy=-5.806570376219036  maxlinkdim=218 maxerr=1.00E-10 time=20.353
After sweep 25 energy=-5.806571204844987  maxlinkdim=207 maxerr=1.00E-10 time=20.525
After sweep 26 energy=-5.806571380448534  maxlinkdim=192 maxerr=1.00E-10 time=22.956
After sweep 27 energy=-5.806571390104876  maxlinkdim=181 maxerr=1.00E-10 time=17.287
After sweep 28 energy=-5.80657139026744  maxlinkdim=181 maxerr=9.99E-11 time=18.316
After sweep 29 energy=-5.80657139079894  maxlinkdim=181 maxerr=1.00E-10 time=17.216
After sweep 30 energy=-5.806571390979386  maxlinkdim=181 maxerr=1.00E-10 time=19.475
n0: 0.4913831939967072; n1: 0.5038981870988899; mu0: -2.6599999999999997; mu1: -2.65

Range found between mu0: -2.6599999999999997 (n0: 0.4913831939967072) and mu1: -2.65 (n1: 0.5038981870988899); refining...
n0: 0.4913831939967072; n1: 0.5038981870988899; mu0: -2.6599999999999997; mu1: -2.65
Trying secant step...
After sweep 1 energy=-4.804318101311832  maxlinkdim=16 maxerr=7.55E-11 time=0.886
After sweep 2 energy=-5.873869807422734  maxlinkdim=103 maxerr=9.98E-11 time=3.389
After sweep 3 energy=-5.962424064866139  maxlinkdim=117 maxerr=1.00E-10 time=5.613
After sweep 4 energy=-6.0093119773491095  maxlinkdim=115 maxerr=9.99E-11 time=5.889
After sweep 5 energy=-6.041108283408825  maxlinkdim=104 maxerr=1.00E-10 time=6.044
After sweep 6 energy=-6.066139465790499  maxlinkdim=150 maxerr=9.99E-11 time=5.816
After sweep 7 energy=-6.086936425140083  maxlinkdim=123 maxerr=9.99E-11 time=6.090
After sweep 8 energy=-6.103256082389415  maxlinkdim=111 maxerr=9.99E-11 time=6.383
After sweep 9 energy=-6.116574457124492  maxlinkdim=155 maxerr=9.99E-11 time=6.376
After sweep 10 energy=-6.124688576112894  maxlinkdim=144 maxerr=1.00E-10 time=6.505
After sweep 11 energy=-6.130751131441351  maxlinkdim=117 maxerr=9.99E-11 time=6.687
After sweep 12 energy=-6.136232818522588  maxlinkdim=195 maxerr=9.99E-11 time=6.665
After sweep 13 energy=-6.139822215366296  maxlinkdim=176 maxerr=9.99E-11 time=7.067
After sweep 14 energy=-6.14395283421626  maxlinkdim=226 maxerr=1.00E-10 time=8.320
After sweep 15 energy=-6.145848059948676  maxlinkdim=227 maxerr=1.00E-10 time=10.406
After sweep 16 energy=-6.146640700356752  maxlinkdim=250 maxerr=9.99E-11 time=12.126
After sweep 17 energy=-6.1470800608815725  maxlinkdim=200 maxerr=9.99E-11 time=10.084
After sweep 18 energy=-6.147478630925221  maxlinkdim=233 maxerr=1.00E-10 time=10.899
After sweep 19 energy=-6.147695261678044  maxlinkdim=185 maxerr=1.00E-10 time=13.306
After sweep 20 energy=-6.147843898911487  maxlinkdim=242 maxerr=1.00E-10 time=19.412
After sweep 21 energy=-6.147882371540139  maxlinkdim=230 maxerr=1.00E-10 time=19.396
After sweep 22 energy=-6.147889885528777  maxlinkdim=244 maxerr=9.99E-11 time=19.957
After sweep 23 energy=-6.147891672782073  maxlinkdim=219 maxerr=9.99E-11 time=26.179
After sweep 24 energy=-6.1478920949088876  maxlinkdim=205 maxerr=1.00E-10 time=21.147
After sweep 25 energy=-6.147892124960488  maxlinkdim=189 maxerr=9.99E-11 time=19.759
After sweep 26 energy=-6.147892124949152  maxlinkdim=186 maxerr=9.99E-11 time=18.815
After sweep 27 energy=-6.147892125928437  maxlinkdim=186 maxerr=1.00E-10 time=19.486
After sweep 28 energy=-6.147892126345656  maxlinkdim=186 maxerr=9.99E-11 time=20.283
After sweep 29 energy=-6.147892126490498  maxlinkdim=186 maxerr=1.00E-10 time=19.810
After sweep 30 energy=-6.1478921267647255  maxlinkdim=186 maxerr=1.00E-10 time=17.983
n0: 0.5000453700403591; n1: 0.5038981870988899; mu0: -2.653114813621599; mu1: -2.65
Trying secant step...
After sweep 1 energy=-4.802488723212566  maxlinkdim=16 maxerr=7.55E-11 time=0.879
After sweep 2 energy=-5.8720540808280015  maxlinkdim=103 maxerr=9.98E-11 time=3.378
After sweep 3 energy=-5.960683115562788  maxlinkdim=117 maxerr=1.00E-10 time=5.647
After sweep 4 energy=-6.007776635749294  maxlinkdim=118 maxerr=1.00E-10 time=6.406
After sweep 5 energy=-6.040503510721578  maxlinkdim=105 maxerr=9.97E-11 time=5.835
After sweep 6 energy=-6.065784925631668  maxlinkdim=132 maxerr=1.00E-10 time=5.735
After sweep 7 energy=-6.08692046186765  maxlinkdim=116 maxerr=1.00E-10 time=6.542
After sweep 8 energy=-6.104484455109119  maxlinkdim=126 maxerr=1.00E-10 time=6.522
After sweep 9 energy=-6.113486245853122  maxlinkdim=111 maxerr=9.98E-11 time=6.594
After sweep 10 energy=-6.121627976533714  maxlinkdim=140 maxerr=9.99E-11 time=6.504
After sweep 11 energy=-6.1303003635598845  maxlinkdim=167 maxerr=9.99E-11 time=6.859
After sweep 12 energy=-6.134266178614769  maxlinkdim=123 maxerr=9.98E-11 time=7.275
After sweep 13 energy=-6.137975370998297  maxlinkdim=176 maxerr=9.99E-11 time=6.978
After sweep 14 energy=-6.141449663511239  maxlinkdim=181 maxerr=1.00E-10 time=7.657
After sweep 15 energy=-6.143595924286244  maxlinkdim=192 maxerr=1.00E-10 time=8.306
After sweep 16 energy=-6.144731072388135  maxlinkdim=248 maxerr=1.00E-10 time=9.866
After sweep 17 energy=-6.145435149312892  maxlinkdim=281 maxerr=1.00E-10 time=14.291
After sweep 18 energy=-6.145857368247  maxlinkdim=201 maxerr=9.99E-11 time=10.825
After sweep 19 energy=-6.145986375810488  maxlinkdim=224 maxerr=1.00E-10 time=12.418
After sweep 20 energy=-6.1460374089085  maxlinkdim=207 maxerr=1.00E-10 time=14.463
After sweep 21 energy=-6.146054233146503  maxlinkdim=245 maxerr=1.00E-10 time=20.337
After sweep 22 energy=-6.146057526870267  maxlinkdim=206 maxerr=1.00E-10 time=21.014
After sweep 23 energy=-6.146058028811559  maxlinkdim=207 maxerr=1.00E-10 time=22.788
After sweep 24 energy=-6.146058069162208  maxlinkdim=189 maxerr=1.00E-10 time=18.866
After sweep 25 energy=-6.146058069793915  maxlinkdim=186 maxerr=1.00E-10 time=19.772
After sweep 26 energy=-6.14605807019234  maxlinkdim=186 maxerr=1.00E-10 time=19.859
After sweep 27 energy=-6.146058070543681  maxlinkdim=186 maxerr=1.00E-10 time=20.278
After sweep 28 energy=-6.146058070767189  maxlinkdim=186 maxerr=9.99E-11 time=18.568
After sweep 29 energy=-6.146058070826058  maxlinkdim=186 maxerr=1.00E-10 time=15.886
After sweep 30 energy=-6.146058070841602  maxlinkdim=186 maxerr=9.99E-11 time=15.840
FOUND MU (secant); mu: -2.6531514930739517  n: 0.4999997720811681
Target density achieved with mu=-2.6531514930739517, n=0.4999997720811681
Checking {alpha,beta} vs measured
NOT CONVERGED; updating alpha, beta and continuing...
After sweep 1 energy=-4.680747849489471  maxlinkdim=16 maxerr=6.38E-11 time=1.067
After sweep 2 energy=-5.792893468453138  maxlinkdim=99 maxerr=1.00E-10 time=4.542
After sweep 3 energy=-5.880938931513911  maxlinkdim=116 maxerr=9.99E-11 time=8.726
After sweep 4 energy=-5.925009228865762  maxlinkdim=138 maxerr=1.00E-10 time=9.595
After sweep 5 energy=-5.951323522484883  maxlinkdim=127 maxerr=9.99E-11 time=9.659
After sweep 6 energy=-5.972434945911166  maxlinkdim=166 maxerr=9.99E-11 time=9.416
After sweep 7 energy=-5.991731642299457  maxlinkdim=171 maxerr=9.97E-11 time=11.169
After sweep 8 energy=-6.002483705196247  maxlinkdim=147 maxerr=9.99E-11 time=11.554
After sweep 9 energy=-6.0084227491344375  maxlinkdim=186 maxerr=1.00E-10 time=14.308
After sweep 10 energy=-6.013014030680688  maxlinkdim=161 maxerr=1.00E-10 time=11.827
After sweep 11 energy=-6.016765443450057  maxlinkdim=187 maxerr=9.99E-11 time=13.660
After sweep 12 energy=-6.02028266310127  maxlinkdim=186 maxerr=9.99E-11 time=15.645
After sweep 13 energy=-6.023281874838373  maxlinkdim=187 maxerr=1.00E-10 time=16.870
After sweep 14 energy=-6.025423379172129  maxlinkdim=213 maxerr=1.00E-10 time=20.448
After sweep 15 energy=-6.0272954260098714  maxlinkdim=210 maxerr=9.99E-11 time=19.992
After sweep 16 energy=-6.028921253487605  maxlinkdim=253 maxerr=1.00E-10 time=26.105
After sweep 17 energy=-6.029885393104584  maxlinkdim=285 maxerr=1.64E-10 time=31.085
After sweep 18 energy=-6.0307967865055  maxlinkdim=287 maxerr=1.00E-10 time=33.178
After sweep 19 energy=-6.03140439740101  maxlinkdim=300 maxerr=3.68E-10 time=33.861
After sweep 20 energy=-6.031750942204985  maxlinkdim=279 maxerr=1.00E-10 time=46.108
After sweep 21 energy=-6.032071228792532  maxlinkdim=300 maxerr=3.93E-10 time=61.883
After sweep 22 energy=-6.032258743260595  maxlinkdim=300 maxerr=2.50E-10 time=66.423
After sweep 23 energy=-6.032360667888651  maxlinkdim=300 maxerr=2.80E-10 time=91.426
After sweep 24 energy=-6.032422386736412  maxlinkdim=300 maxerr=1.61E-10 time=112.423
After sweep 25 energy=-6.032444029815426  maxlinkdim=300 maxerr=3.42E-10 time=138.402
After sweep 26 energy=-6.032454274939488  maxlinkdim=300 maxerr=4.58E-10 time=188.970
After sweep 27 energy=-6.032458251859688  maxlinkdim=300 maxerr=2.87E-10 time=216.927
After sweep 28 energy=-6.03245958367461  maxlinkdim=300 maxerr=2.91E-10 time=285.631
After sweep 29 energy=-6.032460023111311  maxlinkdim=300 maxerr=3.97E-10 time=393.268
After sweep 30 energy=-6.032460128306617  maxlinkdim=300 maxerr=1.98E-10 time=332.414
Not same mu, searching again
After sweep 1 energy=-4.185660815878629  maxlinkdim=16 maxerr=9.10E-11 time=1.112
After sweep 2 energy=-5.298493841359378  maxlinkdim=99 maxerr=9.99E-11 time=4.686
After sweep 3 energy=-5.386822611866669  maxlinkdim=118 maxerr=1.00E-10 time=8.873
After sweep 4 energy=-5.431420421730871  maxlinkdim=126 maxerr=1.00E-10 time=10.195
After sweep 5 energy=-5.457524177603522  maxlinkdim=134 maxerr=9.99E-11 time=9.833
After sweep 6 energy=-5.474049808576191  maxlinkdim=118 maxerr=9.99E-11 time=8.999
After sweep 7 energy=-5.49049114987037  maxlinkdim=148 maxerr=1.00E-10 time=10.086
After sweep 8 energy=-5.501148973331378  maxlinkdim=145 maxerr=1.00E-10 time=10.783
After sweep 9 energy=-5.5079408454794505  maxlinkdim=183 maxerr=1.00E-10 time=11.619
After sweep 10 energy=-5.515301939855134  maxlinkdim=214 maxerr=1.93E-10 time=15.737
After sweep 11 energy=-5.5202145477924764  maxlinkdim=271 maxerr=2.25E-10 time=16.102
After sweep 12 energy=-5.523346823499263  maxlinkdim=216 maxerr=7.65E-10 time=16.013
After sweep 13 energy=-5.526791818038792  maxlinkdim=253 maxerr=1.00E-10 time=19.264
After sweep 14 energy=-5.529417541928142  maxlinkdim=248 maxerr=9.99E-11 time=21.038
After sweep 15 energy=-5.531708677185405  maxlinkdim=232 maxerr=1.00E-10 time=20.446
After sweep 16 energy=-5.533019872452975  maxlinkdim=300 maxerr=1.35E-10 time=27.944
After sweep 17 energy=-5.534054144156947  maxlinkdim=259 maxerr=1.00E-10 time=27.052
After sweep 18 energy=-5.534872140287854  maxlinkdim=268 maxerr=7.43E-10 time=30.745
After sweep 19 energy=-5.535450602827127  maxlinkdim=266 maxerr=3.97E-10 time=27.697
After sweep 20 energy=-5.5362085338572475  maxlinkdim=296 maxerr=1.19E-10 time=34.884
After sweep 21 energy=-5.536652436760939  maxlinkdim=205 maxerr=1.00E-10 time=33.357
After sweep 22 energy=-5.536944656758308  maxlinkdim=221 maxerr=9.99E-11 time=35.768
After sweep 23 energy=-5.5371570246244985  maxlinkdim=265 maxerr=9.99E-11 time=27.795
After sweep 24 energy=-5.537348287956653  maxlinkdim=243 maxerr=9.98E-11 time=30.362
After sweep 25 energy=-5.537520710722763  maxlinkdim=300 maxerr=1.39E-10 time=32.551
After sweep 26 energy=-5.537658816020724  maxlinkdim=300 maxerr=2.13E-10 time=40.403
After sweep 27 energy=-5.537935284609584  maxlinkdim=286 maxerr=4.26E-10 time=66.510
After sweep 28 energy=-5.538025103137623  maxlinkdim=300 maxerr=1.19E-10 time=68.681
After sweep 29 energy=-5.5380813676604435  maxlinkdim=257 maxerr=1.00E-10 time=74.380
After sweep 30 energy=-5.538138442509824  maxlinkdim=264 maxerr=2.13E-09 time=103.452
n0: 0.48770449740779603; n1: 0.5000051862074387; mu0: -2.6631514930739515; mu1: -2.6531514930739517

Range found between mu0: -2.6631514930739515 (n0: 0.48770449740779603) and mu1: -2.6531514930739517 (n1: 0.5000051862074387); refining...
n0: 0.48770449740779603; n1: 0.5000051862074387; mu0: -2.6631514930739515; mu1: -2.6531514930739517
Trying secant step...
After sweep 1 energy=-4.68054396720364  maxlinkdim=16 maxerr=6.38E-11 time=1.200
After sweep 2 energy=-5.792586208580667  maxlinkdim=99 maxerr=9.98E-11 time=4.824
After sweep 3 energy=-5.881313286064868  maxlinkdim=116 maxerr=9.99E-11 time=8.402
After sweep 4 energy=-5.925638543251745  maxlinkdim=140 maxerr=1.00E-10 time=10.105
After sweep 5 energy=-5.953172226635291  maxlinkdim=128 maxerr=9.99E-11 time=10.221
After sweep 6 energy=-5.973169292968578  maxlinkdim=148 maxerr=1.00E-10 time=10.210
After sweep 7 energy=-5.990434987779142  maxlinkdim=145 maxerr=1.00E-10 time=11.409
After sweep 8 energy=-6.002685527834229  maxlinkdim=209 maxerr=1.00E-10 time=12.066
After sweep 9 energy=-6.008159073016758  maxlinkdim=172 maxerr=1.00E-10 time=12.547
After sweep 10 energy=-6.012800924315006  maxlinkdim=202 maxerr=9.99E-11 time=12.141
After sweep 11 energy=-6.018008994539277  maxlinkdim=257 maxerr=9.99E-11 time=16.034
After sweep 12 energy=-6.021253491268753  maxlinkdim=281 maxerr=1.00E-10 time=18.425
After sweep 13 energy=-6.023771294304134  maxlinkdim=278 maxerr=1.00E-10 time=22.518
After sweep 14 energy=-6.025763036730266  maxlinkdim=246 maxerr=9.99E-11 time=27.377
After sweep 15 energy=-6.028257600940487  maxlinkdim=299 maxerr=1.00E-10 time=28.057
After sweep 16 energy=-6.0298147825825605  maxlinkdim=289 maxerr=1.00E-10 time=29.032
After sweep 17 energy=-6.03061074785739  maxlinkdim=284 maxerr=2.12E-10 time=38.719
After sweep 18 energy=-6.031341406843729  maxlinkdim=300 maxerr=5.03E-10 time=53.632
After sweep 19 energy=-6.031684074394618  maxlinkdim=300 maxerr=2.27E-10 time=58.899
After sweep 20 energy=-6.03187265046746  maxlinkdim=269 maxerr=9.34E-10 time=71.187
After sweep 21 energy=-6.032095216596972  maxlinkdim=275 maxerr=1.43E-09 time=83.020
After sweep 22 energy=-6.032192361395502  maxlinkdim=300 maxerr=4.85E-10 time=112.673
After sweep 23 energy=-6.032227155393576  maxlinkdim=300 maxerr=1.80E-09 time=125.606
After sweep 24 energy=-6.032239856309503  maxlinkdim=300 maxerr=3.41E-10 time=174.721
After sweep 25 energy=-6.0322454553576526  maxlinkdim=300 maxerr=3.40E-10 time=210.472
After sweep 26 energy=-6.032248023768199  maxlinkdim=300 maxerr=4.30E-10 time=266.857
After sweep 27 energy=-6.032249089597769  maxlinkdim=300 maxerr=4.12E-10 time=355.638
After sweep 28 energy=-6.032249304974806  maxlinkdim=300 maxerr=3.07E-10 time=427.297
After sweep 29 energy=-6.0322493332272975  maxlinkdim=300 maxerr=1.89E-10 time=328.222
After sweep 30 energy=-6.032249336674514  maxlinkdim=300 maxerr=1.48E-10 time=470.261
FOUND MU (secant); mu: -2.653155709266657  n: 0.5000022278250773
Target density achieved with mu=-2.653155709266657, n=0.5000022278250773
Checking {alpha,beta} vs measured
NOT CONVERGED; updating alpha, beta and continuing...
After sweep 1 energy=-4.684206159019406  maxlinkdim=16 maxerr=9.65E-11 time=1.306
After sweep 2 energy=-5.807126268076596  maxlinkdim=98 maxerr=9.98E-11 time=4.777
After sweep 3 energy=-5.897007095701236  maxlinkdim=116 maxerr=9.99E-11 time=8.793
After sweep 4 energy=-5.939223943786726  maxlinkdim=158 maxerr=9.99E-11 time=9.964
After sweep 5 energy=-5.962981304667916  maxlinkdim=128 maxerr=9.99E-11 time=10.579
After sweep 6 energy=-5.981028810216209  maxlinkdim=203 maxerr=9.98E-11 time=10.340
After sweep 7 energy=-5.996717738767849  maxlinkdim=183 maxerr=1.00E-10 time=12.278
After sweep 8 energy=-6.005052712686892  maxlinkdim=200 maxerr=1.00E-10 time=14.002
After sweep 9 energy=-6.009641703379756  maxlinkdim=254 maxerr=9.98E-11 time=13.961
After sweep 10 energy=-6.013369055759471  maxlinkdim=216 maxerr=1.00E-10 time=13.443
After sweep 11 energy=-6.016982120732238  maxlinkdim=237 maxerr=1.00E-10 time=17.099
After sweep 12 energy=-6.0192346913672266  maxlinkdim=276 maxerr=1.00E-10 time=18.864
After sweep 13 energy=-6.021296506481033  maxlinkdim=188 maxerr=1.00E-10 time=17.789
After sweep 14 energy=-6.022710443203727  maxlinkdim=218 maxerr=9.98E-11 time=18.431
After sweep 15 energy=-6.023949168488479  maxlinkdim=224 maxerr=1.00E-10 time=20.213
After sweep 16 energy=-6.024867808238417  maxlinkdim=288 maxerr=1.00E-10 time=27.317
After sweep 17 energy=-6.025670652824123  maxlinkdim=259 maxerr=1.00E-10 time=24.803
After sweep 18 energy=-6.026309743926314  maxlinkdim=300 maxerr=2.25E-10 time=31.317
After sweep 19 energy=-6.026798605489518  maxlinkdim=282 maxerr=1.00E-10 time=42.340
After sweep 20 energy=-6.027314390338626  maxlinkdim=300 maxerr=2.57E-10 time=61.740
After sweep 21 energy=-6.0277969899887704  maxlinkdim=300 maxerr=4.36E-10 time=76.403
After sweep 22 energy=-6.028071329735437  maxlinkdim=300 maxerr=1.71E-09 time=97.352
After sweep 23 energy=-6.028208935859801  maxlinkdim=300 maxerr=9.27E-10 time=124.305
After sweep 24 energy=-6.028293023830911  maxlinkdim=300 maxerr=3.28E-10 time=123.319
After sweep 25 energy=-6.028350331383027  maxlinkdim=300 maxerr=5.31E-10 time=162.147
After sweep 26 energy=-6.028385764645521  maxlinkdim=300 maxerr=4.14E-10 time=122.619
After sweep 27 energy=-6.028408344389153  maxlinkdim=300 maxerr=9.92E-10 time=185.534
After sweep 28 energy=-6.02842629633528  maxlinkdim=300 maxerr=1.82E-09 time=300.162
After sweep 29 energy=-6.028432074658545  maxlinkdim=300 maxerr=9.20E-10 time=303.650
After sweep 30 energy=-6.028434288842871  maxlinkdim=300 maxerr=4.01E-10 time=441.419
Not same mu, searching again
After sweep 1 energy=-4.184220947006487  maxlinkdim=16 maxerr=9.90E-11 time=1.256
After sweep 2 energy=-5.30706519916588  maxlinkdim=98 maxerr=9.99E-11 time=4.878
After sweep 3 energy=-5.396015514111054  maxlinkdim=112 maxerr=1.00E-10 time=8.691
After sweep 4 energy=-5.438115754333925  maxlinkdim=127 maxerr=1.00E-10 time=9.512
After sweep 5 energy=-5.464144335611191  maxlinkdim=170 maxerr=9.98E-11 time=10.443
After sweep 6 energy=-5.480409386066788  maxlinkdim=193 maxerr=9.99E-11 time=10.064
After sweep 7 energy=-5.497825218561615  maxlinkdim=178 maxerr=9.98E-11 time=13.282
After sweep 8 energy=-5.505905536807532  maxlinkdim=187 maxerr=9.99E-11 time=17.541
After sweep 9 energy=-5.510113324590408  maxlinkdim=175 maxerr=9.99E-11 time=12.479
After sweep 10 energy=-5.513576681223101  maxlinkdim=249 maxerr=9.99E-11 time=13.317
After sweep 11 energy=-5.516522129940752  maxlinkdim=286 maxerr=9.99E-11 time=15.925
After sweep 12 energy=-5.5190224363988225  maxlinkdim=300 maxerr=1.74E-10 time=17.326
After sweep 13 energy=-5.522103341247227  maxlinkdim=286 maxerr=1.00E-10 time=22.385
After sweep 14 energy=-5.524087362904896  maxlinkdim=194 maxerr=1.00E-10 time=20.597
After sweep 15 energy=-5.525783505684648  maxlinkdim=291 maxerr=9.97E-11 time=31.604
After sweep 16 energy=-5.526869959936717  maxlinkdim=274 maxerr=9.99E-11 time=24.383
After sweep 17 energy=-5.527782702462352  maxlinkdim=207 maxerr=9.99E-11 time=22.788
After sweep 18 energy=-5.528560905208147  maxlinkdim=227 maxerr=9.99E-11 time=27.225
After sweep 19 energy=-5.529676045785141  maxlinkdim=300 maxerr=8.90E-10 time=41.802
After sweep 20 energy=-5.53049669656793  maxlinkdim=269 maxerr=9.99E-11 time=51.765
After sweep 21 energy=-5.530970617500384  maxlinkdim=221 maxerr=1.00E-10 time=44.552
After sweep 22 energy=-5.531400687905093  maxlinkdim=300 maxerr=1.57E-10 time=49.515
After sweep 23 energy=-5.531857923323539  maxlinkdim=300 maxerr=1.00E-10 time=81.524
After sweep 24 energy=-5.532181454945623  maxlinkdim=300 maxerr=1.32E-10 time=75.834
After sweep 25 energy=-5.532509963699169  maxlinkdim=300 maxerr=4.16E-10 time=82.778
After sweep 26 energy=-5.532825493230244  maxlinkdim=300 maxerr=4.53E-10 time=125.253
After sweep 27 energy=-5.5330151909698975  maxlinkdim=300 maxerr=6.51E-10 time=94.739
After sweep 28 energy=-5.533172682917633  maxlinkdim=300 maxerr=2.37E-09 time=139.119
After sweep 29 energy=-5.533265281550689  maxlinkdim=268 maxerr=1.41E-10 time=118.072
After sweep 30 energy=-5.5333493852391635  maxlinkdim=300 maxerr=1.40E-09 time=146.487
n0: 0.48811313156731223; n1: 0.5000214286064626; mu0: -2.6631557092666567; mu1: -2.653155709266657

Range found between mu0: -2.6631557092666567 (n0: 0.48811313156731223) and mu1: -2.653155709266657 (n1: 0.5000214286064626); refining...
n0: 0.48811313156731223; n1: 0.5000214286064626; mu0: -2.6631557092666567; mu1: -2.653155709266657
Trying secant step...
After sweep 1 energy=-4.683306464887248  maxlinkdim=16 maxerr=9.65E-11 time=1.204
After sweep 2 energy=-5.806226450266314  maxlinkdim=98 maxerr=9.98E-11 time=4.828
After sweep 3 energy=-5.89610691327105  maxlinkdim=116 maxerr=9.99E-11 time=8.749
After sweep 4 energy=-5.93832214001547  maxlinkdim=158 maxerr=1.00E-10 time=9.871
After sweep 5 energy=-5.962071280747102  maxlinkdim=128 maxerr=9.98E-11 time=10.461
After sweep 6 energy=-5.980117743831007  maxlinkdim=203 maxerr=1.00E-10 time=10.145
After sweep 7 energy=-5.995222306658267  maxlinkdim=195 maxerr=1.00E-10 time=11.403
After sweep 8 energy=-6.003514029777351  maxlinkdim=166 maxerr=1.00E-10 time=12.543
After sweep 9 energy=-6.008287493493506  maxlinkdim=231 maxerr=1.00E-10 time=12.383
After sweep 10 energy=-6.011961196579199  maxlinkdim=233 maxerr=9.99E-11 time=13.584
After sweep 11 energy=-6.014747670100765  maxlinkdim=177 maxerr=1.00E-10 time=13.282
After sweep 12 energy=-6.017475330941389  maxlinkdim=162 maxerr=1.00E-10 time=13.432
After sweep 13 energy=-6.019594472251724  maxlinkdim=157 maxerr=9.98E-11 time=14.238
After sweep 14 energy=-6.021216932181057  maxlinkdim=235 maxerr=1.00E-10 time=17.951
After sweep 15 energy=-6.023157765228104  maxlinkdim=300 maxerr=1.00E-10 time=43.716
After sweep 16 energy=-6.024752694324687  maxlinkdim=300 maxerr=1.44E-10 time=41.964
After sweep 17 energy=-6.025591509909804  maxlinkdim=266 maxerr=9.99E-11 time=39.440
After sweep 18 energy=-6.026131031769591  maxlinkdim=300 maxerr=2.09E-09 time=43.994
After sweep 19 energy=-6.026526202982163  maxlinkdim=299 maxerr=8.79E-10 time=63.961
After sweep 20 energy=-6.026943277884093  maxlinkdim=300 maxerr=1.89E-10 time=74.490
After sweep 21 energy=-6.0271423555608346  maxlinkdim=270 maxerr=9.99E-11 time=90.606
After sweep 22 energy=-6.027303245494288  maxlinkdim=300 maxerr=1.79E-09 time=106.299
After sweep 23 energy=-6.027410643513092  maxlinkdim=300 maxerr=2.40E-10 time=97.178
After sweep 24 energy=-6.027466915200671  maxlinkdim=300 maxerr=1.02E-09 time=157.050
After sweep 25 energy=-6.027504399807807  maxlinkdim=300 maxerr=3.15E-10 time=249.301
After sweep 26 energy=-6.02752329009292  maxlinkdim=300 maxerr=4.74E-10 time=300.707
After sweep 27 energy=-6.027531082649349  maxlinkdim=300 maxerr=5.42E-10 time=271.093
After sweep 28 energy=-6.027534273268919  maxlinkdim=300 maxerr=4.01E-10 time=387.723
After sweep 29 energy=-6.027535417406261  maxlinkdim=300 maxerr=4.62E-10 time=314.640
After sweep 30 energy=-6.027535655353496  maxlinkdim=300 maxerr=4.48E-10 time=439.376
n0: 0.5000130991019595; n1: 0.5000214286064626; mu0: -2.6531737039525405; mu1: -2.653155709266657
Trying secant step...
After sweep 1 energy=-4.681891592245332  maxlinkdim=16 maxerr=9.65E-11 time=1.299
After sweep 2 energy=-5.804818554147437  maxlinkdim=98 maxerr=9.97E-11 time=4.951
After sweep 3 energy=-5.8946756422127375  maxlinkdim=117 maxerr=1.00E-10 time=8.654
After sweep 4 energy=-5.9369883623011  maxlinkdim=153 maxerr=9.99E-11 time=9.884
After sweep 5 energy=-5.962646482901312  maxlinkdim=141 maxerr=1.00E-10 time=10.542
After sweep 6 energy=-5.9786852467913665  maxlinkdim=183 maxerr=1.00E-10 time=10.439
After sweep 7 energy=-5.993417592248972  maxlinkdim=230 maxerr=1.00E-10 time=12.754
After sweep 8 energy=-6.0017173455404595  maxlinkdim=227 maxerr=9.99E-11 time=13.587
After sweep 9 energy=-6.006536540061094  maxlinkdim=174 maxerr=1.00E-10 time=12.391
After sweep 10 energy=-6.010520116838741  maxlinkdim=184 maxerr=9.98E-11 time=12.844
After sweep 11 energy=-6.013825064522682  maxlinkdim=264 maxerr=9.98E-11 time=14.655
After sweep 12 energy=-6.016666104415884  maxlinkdim=204 maxerr=9.99E-11 time=17.723
After sweep 13 energy=-6.018468379585101  maxlinkdim=214 maxerr=1.00E-10 time=15.932
After sweep 14 energy=-6.0199816159039985  maxlinkdim=242 maxerr=1.00E-10 time=20.705
After sweep 15 energy=-6.021482797993352  maxlinkdim=291 maxerr=1.00E-10 time=24.286
After sweep 16 energy=-6.023167501595896  maxlinkdim=271 maxerr=9.99E-11 time=26.527
After sweep 17 energy=-6.024322840940097  maxlinkdim=290 maxerr=1.00E-10 time=36.509
After sweep 18 energy=-6.02486411552821  maxlinkdim=222 maxerr=9.99E-11 time=32.644
After sweep 19 energy=-6.0251910148536245  maxlinkdim=279 maxerr=1.00E-10 time=36.509
After sweep 20 energy=-6.025447032409163  maxlinkdim=263 maxerr=1.00E-10 time=40.897
After sweep 21 energy=-6.025661012819309  maxlinkdim=300 maxerr=4.78E-10 time=82.381
After sweep 22 energy=-6.025882782308835  maxlinkdim=300 maxerr=4.97E-10 time=136.326
After sweep 23 energy=-6.025993720798575  maxlinkdim=290 maxerr=1.16E-10 time=100.542
After sweep 24 energy=-6.02604376512158  maxlinkdim=274 maxerr=3.79E-10 time=88.519
After sweep 25 energy=-6.026092049090733  maxlinkdim=300 maxerr=2.77E-09 time=145.813
After sweep 26 energy=-6.026109858348956  maxlinkdim=300 maxerr=7.84E-10 time=176.046
After sweep 27 energy=-6.026117813058609  maxlinkdim=300 maxerr=1.60E-09 time=218.958
After sweep 28 energy=-6.026120129469172  maxlinkdim=300 maxerr=1.24E-09 time=285.490
After sweep 29 energy=-6.026120655542163  maxlinkdim=300 maxerr=7.70E-10 time=341.606
After sweep 30 energy=-6.026120725798778  maxlinkdim=300 maxerr=3.60E-10 time=278.305
FOUND MU (secant); mu: -2.653202002661669  n: 0.4999987000429575
Target density achieved with mu=-2.653202002661669, n=0.4999987000429575
Checking {alpha,beta} vs measured
NOT CONVERGED; updating alpha, beta and continuing...
After sweep 1 energy=-4.682442015321554  maxlinkdim=16 maxerr=8.65E-11 time=1.302
After sweep 2 energy=-5.799583439688597  maxlinkdim=98 maxerr=1.00E-10 time=4.959
After sweep 3 energy=-5.887378341719495  maxlinkdim=107 maxerr=1.00E-10 time=8.485
After sweep 4 energy=-5.930460266543043  maxlinkdim=117 maxerr=9.99E-11 time=9.242
After sweep 5 energy=-5.955831476567932  maxlinkdim=174 maxerr=9.99E-11 time=9.413
After sweep 6 energy=-5.971845360186233  maxlinkdim=152 maxerr=1.00E-10 time=9.302
After sweep 7 energy=-5.99018394392597  maxlinkdim=165 maxerr=9.99E-11 time=10.682
After sweep 8 energy=-6.0002126712331005  maxlinkdim=224 maxerr=9.99E-11 time=12.442
After sweep 9 energy=-6.005366680353384  maxlinkdim=281 maxerr=9.97E-11 time=13.839
After sweep 10 energy=-6.0092552256148855  maxlinkdim=217 maxerr=9.99E-11 time=12.837
After sweep 11 energy=-6.012604031862442  maxlinkdim=242 maxerr=9.99E-11 time=15.259
After sweep 12 energy=-6.016045291990402  maxlinkdim=224 maxerr=1.00E-10 time=20.064
After sweep 13 energy=-6.018667567134947  maxlinkdim=234 maxerr=9.99E-11 time=19.098
After sweep 14 energy=-6.020001765423434  maxlinkdim=183 maxerr=9.99E-11 time=18.514
After sweep 15 energy=-6.021340014556018  maxlinkdim=203 maxerr=1.00E-10 time=18.682
After sweep 16 energy=-6.022245608528189  maxlinkdim=300 maxerr=1.01E-10 time=28.089
After sweep 17 energy=-6.023073042188467  maxlinkdim=300 maxerr=6.58E-10 time=44.862
After sweep 18 energy=-6.023840694755603  maxlinkdim=300 maxerr=6.84E-10 time=79.360
After sweep 19 energy=-6.024206222643606  maxlinkdim=300 maxerr=2.90E-10 time=68.940
After sweep 20 energy=-6.0244318170620454  maxlinkdim=299 maxerr=9.35E-10 time=73.177
After sweep 21 energy=-6.024617054263334  maxlinkdim=300 maxerr=1.23E-09 time=136.154
After sweep 22 energy=-6.024760003039683  maxlinkdim=300 maxerr=9.27E-10 time=145.046
After sweep 23 energy=-6.0248517329364875  maxlinkdim=300 maxerr=2.01E-10 time=115.251
After sweep 24 energy=-6.02494415356784  maxlinkdim=300 maxerr=2.12E-09 time=149.703
After sweep 25 energy=-6.025002970673768  maxlinkdim=300 maxerr=2.60E-10 time=147.738
After sweep 26 energy=-6.025033356276872  maxlinkdim=300 maxerr=2.00E-09 time=152.701
After sweep 27 energy=-6.0250525731806075  maxlinkdim=300 maxerr=1.30E-09 time=189.112
After sweep 28 energy=-6.025062319954191  maxlinkdim=300 maxerr=2.91E-09 time=137.833
After sweep 29 energy=-6.025066337202727  maxlinkdim=300 maxerr=1.56E-09 time=280.111
After sweep 30 energy=-6.025067813704914  maxlinkdim=300 maxerr=1.25E-09 time=291.088
Same mu: -2.653202002661669 and continuing
Target density achieved with mu=-2.653202002661669, n=0.5000021588332434
Checking {alpha,beta} vs measured
NOT CONVERGED; updating alpha, beta and continuing...
After sweep 1 energy=-4.681879020616618  maxlinkdim=16 maxerr=8.59E-11 time=1.305
After sweep 2 energy=-5.797304848401847  maxlinkdim=97 maxerr=9.98E-11 time=5.076
After sweep 3 energy=-5.8879586427730795  maxlinkdim=109 maxerr=9.99E-11 time=8.763
After sweep 4 energy=-5.933152506779734  maxlinkdim=170 maxerr=1.00E-10 time=9.731
After sweep 5 energy=-5.957931832485245  maxlinkdim=137 maxerr=9.99E-11 time=9.943
After sweep 6 energy=-5.975839309271544  maxlinkdim=165 maxerr=1.00E-10 time=10.584
After sweep 7 energy=-5.992157646072392  maxlinkdim=197 maxerr=1.00E-10 time=12.018
After sweep 8 energy=-6.000508602400318  maxlinkdim=169 maxerr=1.00E-10 time=12.798
After sweep 9 energy=-6.005833015008085  maxlinkdim=215 maxerr=9.98E-11 time=12.561
After sweep 10 energy=-6.010756305253204  maxlinkdim=219 maxerr=9.99E-11 time=14.480
After sweep 11 energy=-6.01395560966617  maxlinkdim=223 maxerr=9.99E-11 time=14.835
After sweep 12 energy=-6.01612085648682  maxlinkdim=280 maxerr=1.00E-10 time=19.330
After sweep 13 energy=-6.01791731680569  maxlinkdim=200 maxerr=9.99E-11 time=17.721
After sweep 14 energy=-6.019535263009345  maxlinkdim=276 maxerr=1.00E-10 time=27.690
After sweep 15 energy=-6.020733638686455  maxlinkdim=266 maxerr=1.00E-10 time=25.595
After sweep 16 energy=-6.021501395471391  maxlinkdim=280 maxerr=9.99E-11 time=32.609
After sweep 17 energy=-6.022287407600797  maxlinkdim=220 maxerr=1.23E-10 time=37.368
After sweep 18 energy=-6.023484566738897  maxlinkdim=300 maxerr=2.50E-10 time=49.368
After sweep 19 energy=-6.023882766155697  maxlinkdim=237 maxerr=9.99E-11 time=71.819
After sweep 20 energy=-6.024130126844237  maxlinkdim=290 maxerr=1.00E-10 time=65.436
After sweep 21 energy=-6.024308822230056  maxlinkdim=300 maxerr=3.15E-09 time=81.510
After sweep 22 energy=-6.024423944714514  maxlinkdim=300 maxerr=5.80E-10 time=94.359
After sweep 23 energy=-6.024517533915901  maxlinkdim=300 maxerr=1.14E-09 time=149.335
After sweep 24 energy=-6.024558701647211  maxlinkdim=300 maxerr=2.67E-09 time=171.149
After sweep 25 energy=-6.024584158240797  maxlinkdim=300 maxerr=2.13E-09 time=174.937
After sweep 26 energy=-6.024595777920936  maxlinkdim=300 maxerr=1.47E-09 time=185.351
After sweep 27 energy=-6.024600099915186  maxlinkdim=300 maxerr=7.45E-10 time=249.630
After sweep 28 energy=-6.024601753003871  maxlinkdim=300 maxerr=9.08E-10 time=347.068
After sweep 29 energy=-6.024602321053435  maxlinkdim=300 maxerr=6.69E-10 time=368.678
After sweep 30 energy=-6.024602443017666  maxlinkdim=300 maxerr=4.76E-10 time=416.616
Same mu: -2.653202002661669 and continuing
Target density achieved with mu=-2.653202002661669, n=0.5000024587032879
Checking {alpha,beta} vs measured
NOT CONVERGED; updating alpha, beta and continuing...
After sweep 1 energy=-4.6814421966108135  maxlinkdim=16 maxerr=8.54E-11 time=1.256
After sweep 2 energy=-5.798440717734065  maxlinkdim=97 maxerr=1.00E-10 time=4.726
After sweep 3 energy=-5.888177785997493  maxlinkdim=108 maxerr=9.99E-11 time=7.862
After sweep 4 energy=-5.930449259163219  maxlinkdim=113 maxerr=1.00E-10 time=8.921
After sweep 5 energy=-5.955278968327653  maxlinkdim=115 maxerr=9.99E-11 time=8.952
After sweep 6 energy=-5.973830200635749  maxlinkdim=154 maxerr=1.00E-10 time=9.015
After sweep 7 energy=-5.98646600291595  maxlinkdim=197 maxerr=9.98E-11 time=9.931
After sweep 8 energy=-5.994433625602326  maxlinkdim=180 maxerr=1.00E-10 time=10.166
After sweep 9 energy=-6.000147525616351  maxlinkdim=171 maxerr=9.99E-11 time=10.251
After sweep 10 energy=-6.005497771083868  maxlinkdim=217 maxerr=1.00E-10 time=12.715
After sweep 11 energy=-6.009373228442062  maxlinkdim=171 maxerr=1.00E-10 time=11.670
After sweep 12 energy=-6.0121781457030234  maxlinkdim=224 maxerr=9.98E-11 time=13.148
After sweep 13 energy=-6.014664743566838  maxlinkdim=281 maxerr=1.00E-10 time=19.775
After sweep 14 energy=-6.017695502939763  maxlinkdim=232 maxerr=1.00E-10 time=20.776
After sweep 15 energy=-6.01943806169688  maxlinkdim=300 maxerr=1.37E-10 time=26.286
After sweep 16 energy=-6.020532370641674  maxlinkdim=300 maxerr=2.19E-10 time=28.925
After sweep 17 energy=-6.021429559478838  maxlinkdim=300 maxerr=1.26E-10 time=35.961
After sweep 18 energy=-6.022081066891933  maxlinkdim=300 maxerr=8.18E-10 time=36.591
slurmstepd: error: *** STEP 45164684.0 ON nid005810 CANCELLED AT 2025-11-13T22:38:06 ***
slurmstepd: error: *** JOB 45164684 ON nid005810 CANCELLED AT 2025-11-13T22:38:06 ***

[740159] signal 15: Terminated
in expression starting at /global/u2/k/kwang98/MPS-MFT/main_loop_script.jl:552
