outfile_name: results_U_-4.0_t_p_0.075_gpu.h5
[ Info:  started timer at: 2025-11-15T22:37:38.489
Resuming from checkpoint results_U_-4.0_t_p_0.075_gpu.h5
Resuming with mu_init=-2.6463267332332574
Running with t_p=0.075 U=-4.0 L=100 chi_max=300 E_p=1.476 mu_init=-2.6463267332332574
After sweep 1 energy=-4.7820287  maxlinkdim=16 maxerr=2.47E-07 time=18.218
After sweep 2 energy=-5.8076863  maxlinkdim=176 maxerr=1.03E-07 time=1.468
After sweep 3 energy=-5.916565  maxlinkdim=195 maxerr=7.59E-10 time=2.507
After sweep 4 energy=-5.984078  maxlinkdim=185 maxerr=1.47E-09 time=2.160
After sweep 5 energy=-6.033118  maxlinkdim=194 maxerr=4.51E-09 time=2.013
After sweep 6 energy=-6.068679  maxlinkdim=181 maxerr=1.59E-07 time=1.867
After sweep 7 energy=-6.096972  maxlinkdim=270 maxerr=3.54E-08 time=1.873
After sweep 8 energy=-6.118992  maxlinkdim=221 maxerr=1.26E-09 time=1.977
After sweep 9 energy=-6.133772  maxlinkdim=178 maxerr=7.74E-08 time=1.883
After sweep 10 energy=-6.1447725  maxlinkdim=266 maxerr=9.25E-08 time=1.893
After sweep 11 energy=-6.1531982  maxlinkdim=239 maxerr=2.69E-07 time=2.067
After sweep 12 energy=-6.15868  maxlinkdim=185 maxerr=1.34E-10 time=1.985
After sweep 13 energy=-6.162166  maxlinkdim=175 maxerr=1.11E-07 time=1.915
After sweep 14 energy=-6.1642146  maxlinkdim=179 maxerr=2.79E-07 time=1.961
After sweep 15 energy=-6.165285  maxlinkdim=198 maxerr=3.67E-08 time=1.945
After sweep 16 energy=-6.1658907  maxlinkdim=193 maxerr=1.42E-07 time=2.071
After sweep 17 energy=-6.1661215  maxlinkdim=201 maxerr=7.51E-10 time=2.106
After sweep 18 energy=-6.1662016  maxlinkdim=190 maxerr=2.42E-08 time=2.202
After sweep 19 energy=-6.166212  maxlinkdim=191 maxerr=7.32E-08 time=2.403
After sweep 20 energy=-6.166191  maxlinkdim=190 maxerr=1.10E-07 time=2.458
After sweep 21 energy=-6.166191  maxlinkdim=186 maxerr=2.13E-07 time=2.670
After sweep 22 energy=-6.16619  maxlinkdim=188 maxerr=4.70E-08 time=2.507
After sweep 23 energy=-6.166217  maxlinkdim=187 maxerr=1.35E-09 time=2.498
After sweep 24 energy=-6.166191  maxlinkdim=186 maxerr=9.98E-11 time=2.482
After sweep 25 energy=-6.1661873  maxlinkdim=183 maxerr=9.07E-08 time=2.499
After sweep 26 energy=-6.1661787  maxlinkdim=184 maxerr=3.32E-08 time=2.503
After sweep 27 energy=-6.1661773  maxlinkdim=188 maxerr=9.21E-08 time=2.521
After sweep 28 energy=-6.166169  maxlinkdim=187 maxerr=6.07E-08 time=2.499
After sweep 29 energy=-6.16621  maxlinkdim=188 maxerr=1.56E-07 time=2.513
After sweep 30 energy=-6.166195  maxlinkdim=187 maxerr=2.78E-08 time=2.506
Same mu: -2.6463267332332574 and continuing
Target density achieved with mu=-2.6463267332332574, n=0.49999812
Checking {alpha,beta} vs measured
Alpha not converged.
NOT CONVERGED; updating alpha, beta and continuing...
After sweep 1 energy=-4.785867  maxlinkdim=16 maxerr=2.30E-07 time=0.565
After sweep 2 energy=-5.807486  maxlinkdim=180 maxerr=1.04E-08 time=1.239
After sweep 3 energy=-5.913405  maxlinkdim=195 maxerr=2.58E-08 time=2.092
After sweep 4 energy=-5.978288  maxlinkdim=176 maxerr=5.78E-08 time=2.054
After sweep 5 energy=-6.0291433  maxlinkdim=204 maxerr=2.83E-08 time=1.980
After sweep 6 energy=-6.067287  maxlinkdim=183 maxerr=2.01E-09 time=1.948
After sweep 7 energy=-6.096237  maxlinkdim=202 maxerr=1.00E-10 time=1.927
After sweep 8 energy=-6.1182876  maxlinkdim=285 maxerr=1.18E-09 time=1.899
After sweep 9 energy=-6.1332088  maxlinkdim=181 maxerr=1.03E-09 time=1.877
After sweep 10 energy=-6.1443505  maxlinkdim=227 maxerr=1.32E-09 time=1.844
After sweep 11 energy=-6.152696  maxlinkdim=210 maxerr=1.56E-08 time=1.917
After sweep 12 energy=-6.158473  maxlinkdim=247 maxerr=8.92E-08 time=2.023
After sweep 13 energy=-6.1620827  maxlinkdim=225 maxerr=1.30E-09 time=2.028
After sweep 14 energy=-6.1640186  maxlinkdim=224 maxerr=1.00E-10 time=2.023
After sweep 15 energy=-6.1652365  maxlinkdim=189 maxerr=1.16E-07 time=2.115
After sweep 16 energy=-6.1658626  maxlinkdim=183 maxerr=6.88E-10 time=2.127
After sweep 17 energy=-6.1660786  maxlinkdim=187 maxerr=1.00E-10 time=2.211
After sweep 18 energy=-6.1661987  maxlinkdim=198 maxerr=1.36E-07 time=2.281
After sweep 19 energy=-6.1661997  maxlinkdim=194 maxerr=8.96E-08 time=2.395
After sweep 20 energy=-6.1661863  maxlinkdim=191 maxerr=1.37E-09 time=2.495
After sweep 21 energy=-6.166187  maxlinkdim=186 maxerr=1.48E-09 time=2.526
After sweep 22 energy=-6.1661754  maxlinkdim=186 maxerr=1.02E-09 time=2.499
After sweep 23 energy=-6.1661444  maxlinkdim=187 maxerr=1.87E-10 time=2.498
After sweep 24 energy=-6.1661687  maxlinkdim=185 maxerr=4.38E-08 time=2.516
After sweep 25 energy=-6.166174  maxlinkdim=187 maxerr=6.54E-10 time=2.503
After sweep 26 energy=-6.166191  maxlinkdim=185 maxerr=8.64E-08 time=2.500
After sweep 27 energy=-6.1661844  maxlinkdim=187 maxerr=4.64E-09 time=2.513
After sweep 28 energy=-6.166209  maxlinkdim=186 maxerr=1.47E-07 time=2.505
After sweep 29 energy=-6.166179  maxlinkdim=186 maxerr=8.86E-08 time=2.519
After sweep 30 energy=-6.166198  maxlinkdim=183 maxerr=1.00E-10 time=2.508
Same mu: -2.6463267332332574 and continuing
Target density achieved with mu=-2.6463267332332574, n=0.49999854
Checking {alpha,beta} vs measured
Alpha not converged.
NOT CONVERGED; updating alpha, beta and continuing...
After sweep 1 energy=-4.7845497  maxlinkdim=16 maxerr=2.27E-07 time=0.552
After sweep 2 energy=-5.796644  maxlinkdim=186 maxerr=1.15E-07 time=1.244
After sweep 3 energy=-5.9065533  maxlinkdim=198 maxerr=1.54E-08 time=2.121
After sweep 4 energy=-5.9730453  maxlinkdim=193 maxerr=2.10E-07 time=2.087
After sweep 5 energy=-6.027768  maxlinkdim=224 maxerr=7.94E-10 time=2.006
After sweep 6 energy=-6.065813  maxlinkdim=194 maxerr=3.47E-07 time=1.943
After sweep 7 energy=-6.094867  maxlinkdim=249 maxerr=1.01E-07 time=1.860
After sweep 8 energy=-6.117431  maxlinkdim=211 maxerr=9.06E-08 time=1.887
After sweep 9 energy=-6.1324787  maxlinkdim=191 maxerr=1.94E-07 time=1.877
After sweep 10 energy=-6.14363  maxlinkdim=178 maxerr=7.87E-08 time=1.839
After sweep 11 energy=-6.1522636  maxlinkdim=223 maxerr=2.79E-07 time=1.877
After sweep 12 energy=-6.1591496  maxlinkdim=184 maxerr=5.42E-08 time=2.019
After sweep 13 energy=-6.162244  maxlinkdim=201 maxerr=1.12E-07 time=1.965
After sweep 14 energy=-6.1640177  maxlinkdim=194 maxerr=4.75E-10 time=1.927
After sweep 15 energy=-6.165163  maxlinkdim=199 maxerr=3.87E-08 time=2.022
After sweep 16 energy=-6.165761  maxlinkdim=189 maxerr=1.72E-09 time=2.061
After sweep 17 energy=-6.166061  maxlinkdim=192 maxerr=1.09E-07 time=2.129
After sweep 18 energy=-6.1661973  maxlinkdim=188 maxerr=3.37E-08 time=2.247
After sweep 19 energy=-6.1662016  maxlinkdim=196 maxerr=1.07E-07 time=2.356
After sweep 20 energy=-6.1661787  maxlinkdim=191 maxerr=7.60E-09 time=2.458
After sweep 21 energy=-6.166162  maxlinkdim=186 maxerr=1.00E-10 time=2.545
After sweep 22 energy=-6.1661587  maxlinkdim=184 maxerr=1.29E-07 time=2.503
After sweep 23 energy=-6.166175  maxlinkdim=185 maxerr=3.53E-09 time=2.495
After sweep 24 energy=-6.1661983  maxlinkdim=188 maxerr=1.80E-07 time=2.503
After sweep 25 energy=-6.1661983  maxlinkdim=187 maxerr=1.34E-07 time=2.506
After sweep 26 energy=-6.1661873  maxlinkdim=187 maxerr=1.30E-07 time=2.506
After sweep 27 energy=-6.166176  maxlinkdim=186 maxerr=1.07E-07 time=2.513
After sweep 28 energy=-6.1661954  maxlinkdim=196 maxerr=1.34E-07 time=2.521
After sweep 29 energy=-6.166201  maxlinkdim=185 maxerr=5.08E-08 time=2.515
After sweep 30 energy=-6.1661844  maxlinkdim=186 maxerr=2.37E-08 time=2.506
Same mu: -2.6463267332332574 and continuing
Target density achieved with mu=-2.6463267332332574, n=0.49999732
Checking {alpha,beta} vs measured
Alpha not converged.
NOT CONVERGED; updating alpha, beta and continuing...
After sweep 1 energy=-4.7798033  maxlinkdim=16 maxerr=1.88E-07 time=0.533
After sweep 2 energy=-5.798746  maxlinkdim=174 maxerr=7.14E-08 time=1.263
After sweep 3 energy=-5.9128294  maxlinkdim=209 maxerr=3.23E-09 time=2.068
After sweep 4 energy=-5.9797907  maxlinkdim=211 maxerr=7.49E-08 time=2.163
After sweep 5 energy=-6.0285068  maxlinkdim=190 maxerr=1.00E-10 time=2.020
After sweep 6 energy=-6.0660453  maxlinkdim=179 maxerr=9.29E-09 time=1.911
After sweep 7 energy=-6.0946813  maxlinkdim=209 maxerr=1.34E-07 time=1.854
After sweep 8 energy=-6.117227  maxlinkdim=231 maxerr=4.56E-08 time=1.887
After sweep 9 energy=-6.1326513  maxlinkdim=173 maxerr=1.65E-09 time=1.889
After sweep 10 energy=-6.1437936  maxlinkdim=213 maxerr=9.73E-08 time=1.824
After sweep 11 energy=-6.1523066  maxlinkdim=207 maxerr=1.10E-07 time=1.903
After sweep 12 energy=-6.157851  maxlinkdim=177 maxerr=1.00E-10 time=1.926
After sweep 13 energy=-6.16109  maxlinkdim=178 maxerr=8.00E-10 time=1.871
After sweep 14 energy=-6.1633096  maxlinkdim=208 maxerr=7.36E-08 time=1.959
After sweep 15 energy=-6.1649103  maxlinkdim=206 maxerr=2.48E-09 time=2.071
After sweep 16 energy=-6.1657906  maxlinkdim=190 maxerr=3.12E-09 time=2.156
After sweep 17 energy=-6.1660814  maxlinkdim=190 maxerr=3.38E-08 time=2.169
After sweep 18 energy=-6.1662035  maxlinkdim=197 maxerr=4.77E-08 time=2.248
After sweep 19 energy=-6.1662154  maxlinkdim=194 maxerr=1.40E-08 time=2.370
After sweep 20 energy=-6.166206  maxlinkdim=189 maxerr=9.98E-08 time=2.472
After sweep 21 energy=-6.16618  maxlinkdim=187 maxerr=1.02E-09 time=2.528
After sweep 22 energy=-6.1662  maxlinkdim=190 maxerr=1.46E-07 time=2.491
After sweep 23 energy=-6.166172  maxlinkdim=184 maxerr=7.02E-08 time=2.489
After sweep 24 energy=-6.166169  maxlinkdim=186 maxerr=9.99E-11 time=2.502
After sweep 25 energy=-6.1661854  maxlinkdim=187 maxerr=4.23E-08 time=2.494
After sweep 26 energy=-6.1661797  maxlinkdim=187 maxerr=3.16E-07 time=2.495
After sweep 27 energy=-6.166196  maxlinkdim=187 maxerr=8.62E-08 time=2.500
After sweep 28 energy=-6.166167  maxlinkdim=186 maxerr=1.41E-09 time=2.502
After sweep 29 energy=-6.1661396  maxlinkdim=188 maxerr=1.00E-10 time=2.496
After sweep 30 energy=-6.166184  maxlinkdim=186 maxerr=8.68E-10 time=2.487
Same mu: -2.6463267332332574 and continuing
Target density achieved with mu=-2.6463267332332574, n=0.49999845
Checking {alpha,beta} vs measured
Alpha not converged.
NOT CONVERGED; updating alpha, beta and continuing...
After sweep 1 energy=-4.7829695  maxlinkdim=16 maxerr=2.89E-07 time=0.552
After sweep 2 energy=-5.8004894  maxlinkdim=176 maxerr=1.02E-07 time=1.255
After sweep 3 energy=-5.911461  maxlinkdim=212 maxerr=9.90E-08 time=2.120
After sweep 4 energy=-5.977039  maxlinkdim=215 maxerr=1.58E-08 time=2.218
After sweep 5 energy=-6.0271745  maxlinkdim=215 maxerr=6.96E-09 time=2.082
After sweep 6 energy=-6.065083  maxlinkdim=183 maxerr=1.75E-07 time=1.986
After sweep 7 energy=-6.0952477  maxlinkdim=246 maxerr=1.68E-07 time=1.907
After sweep 8 energy=-6.1193476  maxlinkdim=243 maxerr=1.31E-07 time=2.009
After sweep 9 energy=-6.134219  maxlinkdim=180 maxerr=6.31E-08 time=1.912
After sweep 10 energy=-6.1450157  maxlinkdim=164 maxerr=1.59E-07 time=1.836
After sweep 11 energy=-6.1536727  maxlinkdim=181 maxerr=4.71E-08 time=1.863
After sweep 12 energy=-6.1590624  maxlinkdim=175 maxerr=1.12E-09 time=1.917
After sweep 13 energy=-6.162263  maxlinkdim=184 maxerr=1.66E-07 time=1.939
After sweep 14 energy=-6.1642714  maxlinkdim=225 maxerr=6.45E-08 time=1.923
After sweep 15 energy=-6.165389  maxlinkdim=181 maxerr=8.71E-10 time=2.045
After sweep 16 energy=-6.165882  maxlinkdim=194 maxerr=7.81E-10 time=2.096
After sweep 17 energy=-6.166136  maxlinkdim=195 maxerr=6.31E-08 time=2.164
After sweep 18 energy=-6.1661596  maxlinkdim=187 maxerr=1.17E-09 time=2.246
After sweep 19 energy=-6.166221  maxlinkdim=192 maxerr=1.15E-09 time=2.368
After sweep 20 energy=-6.1662083  maxlinkdim=189 maxerr=8.46E-08 time=2.471
After sweep 21 energy=-6.166189  maxlinkdim=188 maxerr=1.48E-07 time=2.520
After sweep 22 energy=-6.166209  maxlinkdim=183 maxerr=9.13E-10 time=2.504
After sweep 23 energy=-6.166187  maxlinkdim=186 maxerr=1.06E-08 time=2.498
After sweep 24 energy=-6.166174  maxlinkdim=187 maxerr=7.35E-10 time=2.506
After sweep 25 energy=-6.166139  maxlinkdim=185 maxerr=6.55E-10 time=2.500
After sweep 26 energy=-6.166188  maxlinkdim=191 maxerr=1.00E-09 time=2.499
After sweep 27 energy=-6.166193  maxlinkdim=188 maxerr=8.37E-10 time=2.506
After sweep 28 energy=-6.166198  maxlinkdim=183 maxerr=1.25E-09 time=2.501
After sweep 29 energy=-6.166199  maxlinkdim=187 maxerr=7.64E-10 time=2.500
After sweep 30 energy=-6.1661673  maxlinkdim=185 maxerr=1.36E-07 time=2.500
Same mu: -2.6463267332332574 and continuing
Target density achieved with mu=-2.6463267332332574, n=0.49999642
Checking {alpha,beta} vs measured
Alpha not converged.
NOT CONVERGED; updating alpha, beta and continuing...
After sweep 1 energy=-4.7855673  maxlinkdim=16 maxerr=2.66E-07 time=0.530
After sweep 2 energy=-5.80305  maxlinkdim=177 maxerr=1.34E-08 time=1.259
After sweep 3 energy=-5.912594  maxlinkdim=191 maxerr=7.16E-08 time=2.063
After sweep 4 energy=-5.980041  maxlinkdim=201 maxerr=1.06E-08 time=2.129
After sweep 5 energy=-6.0281305  maxlinkdim=209 maxerr=2.68E-07 time=2.041
After sweep 6 energy=-6.065527  maxlinkdim=183 maxerr=2.06E-09 time=1.900
After sweep 7 energy=-6.0961823  maxlinkdim=249 maxerr=2.13E-08 time=1.928
After sweep 8 energy=-6.117811  maxlinkdim=206 maxerr=1.00E-07 time=1.902
After sweep 9 energy=-6.1326456  maxlinkdim=162 maxerr=1.43E-08 time=1.819
After sweep 10 energy=-6.143623  maxlinkdim=180 maxerr=3.16E-09 time=1.786
After sweep 11 energy=-6.152458  maxlinkdim=196 maxerr=1.19E-07 time=1.892
After sweep 12 energy=-6.15817  maxlinkdim=185 maxerr=1.07E-07 time=1.917
After sweep 13 energy=-6.1614046  maxlinkdim=165 maxerr=1.30E-07 time=1.825
After sweep 14 energy=-6.163624  maxlinkdim=175 maxerr=9.69E-10 time=1.888
After sweep 15 energy=-6.165208  maxlinkdim=178 maxerr=1.14E-08 time=1.977
After sweep 16 energy=-6.1659927  maxlinkdim=187 maxerr=7.51E-10 time=2.088
After sweep 17 energy=-6.166166  maxlinkdim=186 maxerr=1.06E-07 time=2.137
After sweep 18 energy=-6.1662207  maxlinkdim=193 maxerr=5.99E-10 time=2.233
After sweep 19 energy=-6.1661987  maxlinkdim=192 maxerr=4.47E-08 time=2.386
After sweep 20 energy=-6.1661825  maxlinkdim=189 maxerr=2.19E-08 time=2.509
After sweep 21 energy=-6.1661816  maxlinkdim=189 maxerr=9.99E-11 time=2.502
After sweep 22 energy=-6.166182  maxlinkdim=186 maxerr=5.50E-08 time=2.482
After sweep 23 energy=-6.1661882  maxlinkdim=186 maxerr=1.00E-10 time=2.481
After sweep 24 energy=-6.1661787  maxlinkdim=188 maxerr=6.64E-08 time=2.507
After sweep 25 energy=-6.166161  maxlinkdim=186 maxerr=1.29E-09 time=2.502
After sweep 26 energy=-6.1661906  maxlinkdim=186 maxerr=2.02E-09 time=2.517
After sweep 27 energy=-6.166174  maxlinkdim=184 maxerr=1.55E-07 time=2.502
After sweep 28 energy=-6.166172  maxlinkdim=185 maxerr=1.85E-07 time=2.504
After sweep 29 energy=-6.1661882  maxlinkdim=185 maxerr=2.73E-10 time=2.509
After sweep 30 energy=-6.1661887  maxlinkdim=185 maxerr=7.26E-09 time=2.492
Same mu: -2.6463267332332574 and continuing
Target density achieved with mu=-2.6463267332332574, n=0.49999642
Checking {alpha,beta} vs measured
Alpha not converged.
NOT CONVERGED; updating alpha, beta and continuing...
After sweep 1 energy=-4.79568  maxlinkdim=16 maxerr=2.46E-07 time=0.558
After sweep 2 energy=-5.801564  maxlinkdim=183 maxerr=2.96E-08 time=1.287
After sweep 3 energy=-5.9136734  maxlinkdim=212 maxerr=1.33E-09 time=2.088
After sweep 4 energy=-5.978404  maxlinkdim=205 maxerr=1.71E-09 time=2.161
After sweep 5 energy=-6.028822  maxlinkdim=208 maxerr=2.81E-09 time=2.093
After sweep 6 energy=-6.06564  maxlinkdim=177 maxerr=1.22E-09 time=2.009
After sweep 7 energy=-6.09554  maxlinkdim=273 maxerr=1.15E-07 time=1.941
After sweep 8 energy=-6.117326  maxlinkdim=186 maxerr=7.27E-09 time=1.885
After sweep 9 energy=-6.132621  maxlinkdim=162 maxerr=2.62E-08 time=1.825
After sweep 10 energy=-6.144117  maxlinkdim=193 maxerr=1.72E-09 time=1.824
After sweep 11 energy=-6.1525593  maxlinkdim=235 maxerr=1.62E-08 time=1.900
After sweep 12 energy=-6.1584597  maxlinkdim=223 maxerr=9.04E-10 time=1.995
After sweep 13 energy=-6.1620216  maxlinkdim=175 maxerr=1.97E-07 time=1.970
After sweep 14 energy=-6.163844  maxlinkdim=215 maxerr=7.66E-10 time=1.949
After sweep 15 energy=-6.1650085  maxlinkdim=190 maxerr=1.28E-10 time=2.023
After sweep 16 energy=-6.165676  maxlinkdim=180 maxerr=2.50E-08 time=2.022
After sweep 17 energy=-6.1660886  maxlinkdim=199 maxerr=1.61E-07 time=2.166
After sweep 18 energy=-6.1661773  maxlinkdim=186 maxerr=9.98E-11 time=2.282
After sweep 19 energy=-6.166217  maxlinkdim=192 maxerr=8.85E-10 time=2.315
After sweep 20 energy=-6.166231  maxlinkdim=192 maxerr=4.47E-10 time=2.431
After sweep 21 energy=-6.1661873  maxlinkdim=185 maxerr=1.08E-09 time=2.497
After sweep 22 energy=-6.1661596  maxlinkdim=183 maxerr=2.56E-08 time=2.496
After sweep 23 energy=-6.166176  maxlinkdim=187 maxerr=1.00E-10 time=2.498
After sweep 24 energy=-6.166196  maxlinkdim=184 maxerr=2.03E-07 time=2.491
After sweep 25 energy=-6.166166  maxlinkdim=184 maxerr=1.40E-07 time=2.499
After sweep 26 energy=-6.1661882  maxlinkdim=186 maxerr=6.02E-08 time=2.496
After sweep 27 energy=-6.1661634  maxlinkdim=185 maxerr=1.17E-08 time=2.495
After sweep 28 energy=-6.166167  maxlinkdim=186 maxerr=1.36E-09 time=2.508
After sweep 29 energy=-6.166198  maxlinkdim=187 maxerr=8.97E-10 time=2.511
After sweep 30 energy=-6.166153  maxlinkdim=186 maxerr=1.70E-07 time=2.508
Same mu: -2.6463267332332574 and continuing
Target density achieved with mu=-2.6463267332332574, n=0.49999633
Checking {alpha,beta} vs measured
Alpha not converged.
NOT CONVERGED; updating alpha, beta and continuing...
After sweep 1 energy=-4.790373  maxlinkdim=16 maxerr=2.15E-07 time=0.547
After sweep 2 energy=-5.8048105  maxlinkdim=175 maxerr=2.38E-08 time=1.310
After sweep 3 energy=-5.9147425  maxlinkdim=196 maxerr=2.40E-07 time=2.097
After sweep 4 energy=-5.983466  maxlinkdim=187 maxerr=1.59E-07 time=2.125
After sweep 5 energy=-6.0340543  maxlinkdim=230 maxerr=1.18E-07 time=2.069
After sweep 6 energy=-6.07008  maxlinkdim=199 maxerr=1.69E-09 time=1.990
After sweep 7 energy=-6.099136  maxlinkdim=203 maxerr=9.34E-10 time=1.971
After sweep 8 energy=-6.1196837  maxlinkdim=193 maxerr=1.21E-08 time=1.909
After sweep 9 energy=-6.134552  maxlinkdim=200 maxerr=9.99E-11 time=1.855
After sweep 10 energy=-6.145628  maxlinkdim=178 maxerr=3.05E-07 time=1.885
After sweep 11 energy=-6.15391  maxlinkdim=267 maxerr=6.15E-10 time=1.905
After sweep 12 energy=-6.1589217  maxlinkdim=225 maxerr=2.18E-07 time=1.920
After sweep 13 energy=-6.1621113  maxlinkdim=228 maxerr=9.99E-11 time=1.971
After sweep 14 energy=-6.163978  maxlinkdim=205 maxerr=3.90E-10 time=1.945
After sweep 15 energy=-6.165165  maxlinkdim=181 maxerr=5.21E-08 time=1.950
After sweep 16 energy=-6.1658206  maxlinkdim=205 maxerr=1.40E-09 time=2.050
After sweep 17 energy=-6.1660414  maxlinkdim=187 maxerr=9.96E-11 time=2.151
After sweep 18 energy=-6.166193  maxlinkdim=186 maxerr=2.08E-08 time=2.249
After sweep 19 energy=-6.1662073  maxlinkdim=196 maxerr=1.41E-07 time=2.378
After sweep 20 energy=-6.166192  maxlinkdim=195 maxerr=1.32E-09 time=2.504
After sweep 21 energy=-6.1661716  maxlinkdim=188 maxerr=5.19E-10 time=2.524
After sweep 22 energy=-6.1661835  maxlinkdim=188 maxerr=4.29E-09 time=2.518
After sweep 23 energy=-6.166171  maxlinkdim=184 maxerr=7.94E-10 time=2.497
After sweep 24 energy=-6.1661773  maxlinkdim=188 maxerr=1.15E-10 time=2.502
After sweep 25 energy=-6.166175  maxlinkdim=184 maxerr=1.67E-09 time=2.525
After sweep 26 energy=-6.1661835  maxlinkdim=186 maxerr=9.99E-11 time=2.505
After sweep 27 energy=-6.1661835  maxlinkdim=185 maxerr=2.49E-08 time=2.503
After sweep 28 energy=-6.1661954  maxlinkdim=186 maxerr=1.11E-09 time=2.522
After sweep 29 energy=-6.166158  maxlinkdim=186 maxerr=1.27E-09 time=2.511
After sweep 30 energy=-6.166179  maxlinkdim=186 maxerr=1.00E-07 time=2.525
Same mu: -2.6463267332332574 and continuing
Target density achieved with mu=-2.6463267332332574, n=0.49999738
Checking {alpha,beta} vs measured
Alpha not converged.
NOT CONVERGED; updating alpha, beta and continuing...
After sweep 1 energy=-4.7751446  maxlinkdim=16 maxerr=2.89E-07 time=0.546
After sweep 2 energy=-5.804476  maxlinkdim=169 maxerr=3.01E-08 time=1.261
After sweep 3 energy=-5.9130697  maxlinkdim=188 maxerr=2.20E-09 time=2.123
After sweep 4 energy=-5.9789453  maxlinkdim=197 maxerr=7.42E-09 time=2.168
After sweep 5 energy=-6.0282865  maxlinkdim=201 maxerr=1.83E-09 time=2.079
After sweep 6 energy=-6.0654798  maxlinkdim=181 maxerr=3.06E-09 time=1.984
After sweep 7 energy=-6.094254  maxlinkdim=164 maxerr=1.97E-07 time=1.854
After sweep 8 energy=-6.117185  maxlinkdim=205 maxerr=1.07E-09 time=1.817
After sweep 9 energy=-6.1327586  maxlinkdim=170 maxerr=7.78E-08 time=1.830
After sweep 10 energy=-6.1438227  maxlinkdim=167 maxerr=7.22E-08 time=1.812
After sweep 11 energy=-6.1519403  maxlinkdim=210 maxerr=2.30E-08 time=1.825
After sweep 12 energy=-6.1574717  maxlinkdim=173 maxerr=1.49E-09 time=1.863
After sweep 13 energy=-6.1617904  maxlinkdim=216 maxerr=8.28E-10 time=1.983
After sweep 14 energy=-6.16382  maxlinkdim=175 maxerr=4.63E-08 time=1.943
After sweep 15 energy=-6.164935  maxlinkdim=181 maxerr=9.99E-11 time=1.949
After sweep 16 energy=-6.165653  maxlinkdim=184 maxerr=6.59E-10 time=1.964
After sweep 17 energy=-6.1659904  maxlinkdim=187 maxerr=1.09E-09 time=2.073
After sweep 18 energy=-6.1661625  maxlinkdim=192 maxerr=9.23E-10 time=2.189
After sweep 19 energy=-6.166174  maxlinkdim=190 maxerr=1.00E-10 time=2.319
After sweep 20 energy=-6.1661987  maxlinkdim=193 maxerr=9.09E-10 time=2.389
After sweep 21 energy=-6.1661863  maxlinkdim=186 maxerr=1.35E-08 time=2.503
After sweep 22 energy=-6.1661572  maxlinkdim=184 maxerr=8.11E-10 time=2.534
After sweep 23 energy=-6.1661687  maxlinkdim=187 maxerr=8.21E-10 time=2.508
After sweep 24 energy=-6.1661634  maxlinkdim=184 maxerr=1.58E-07 time=2.497
After sweep 25 energy=-6.16615  maxlinkdim=190 maxerr=9.99E-11 time=2.519
After sweep 26 energy=-6.1661654  maxlinkdim=186 maxerr=3.17E-08 time=2.516
After sweep 27 energy=-6.1661882  maxlinkdim=184 maxerr=8.36E-08 time=2.520
After sweep 28 energy=-6.166172  maxlinkdim=185 maxerr=2.14E-07 time=2.517
After sweep 29 energy=-6.1661835  maxlinkdim=183 maxerr=8.76E-10 time=2.530
After sweep 30 energy=-6.1661644  maxlinkdim=185 maxerr=7.71E-08 time=2.514
Same mu: -2.6463267332332574 and continuing
Target density achieved with mu=-2.6463267332332574, n=0.49999553
Checking {alpha,beta} vs measured
Alpha not converged.
NOT CONVERGED; updating alpha, beta and continuing...
After sweep 1 energy=-4.7934732  maxlinkdim=16 maxerr=2.92E-07 time=0.543
After sweep 2 energy=-5.808636  maxlinkdim=184 maxerr=1.25E-08 time=1.332
After sweep 3 energy=-5.9205437  maxlinkdim=235 maxerr=3.45E-08 time=2.070
After sweep 4 energy=-5.9889865  maxlinkdim=223 maxerr=1.25E-07 time=2.250
After sweep 5 energy=-6.03734  maxlinkdim=192 maxerr=9.71E-08 time=2.112
After sweep 6 energy=-6.0719523  maxlinkdim=194 maxerr=1.31E-08 time=1.934
After sweep 7 energy=-6.1001215  maxlinkdim=225 maxerr=2.19E-09 time=1.876
After sweep 8 energy=-6.121376  maxlinkdim=191 maxerr=1.16E-07 time=1.936
After sweep 9 energy=-6.1353273  maxlinkdim=175 maxerr=1.98E-08 time=1.898
After sweep 10 energy=-6.145645  maxlinkdim=226 maxerr=8.89E-10 time=1.854
After sweep 11 energy=-6.1541348  maxlinkdim=230 maxerr=8.50E-10 time=2.012
After sweep 12 energy=-6.159125  maxlinkdim=199 maxerr=8.14E-10 time=1.971
After sweep 13 energy=-6.162174  maxlinkdim=197 maxerr=1.11E-09 time=1.971
After sweep 14 energy=-6.164009  maxlinkdim=197 maxerr=7.28E-10 time=2.008
After sweep 15 energy=-6.1654844  maxlinkdim=220 maxerr=6.47E-09 time=2.149
After sweep 16 energy=-6.1660013  maxlinkdim=188 maxerr=1.33E-10 time=2.212
After sweep 17 energy=-6.1661854  maxlinkdim=206 maxerr=4.72E-08 time=2.201
After sweep 18 energy=-6.1662016  maxlinkdim=193 maxerr=9.98E-08 time=2.272
After sweep 19 energy=-6.1661863  maxlinkdim=194 maxerr=9.99E-11 time=2.373
After sweep 20 energy=-6.1661825  maxlinkdim=190 maxerr=9.98E-11 time=2.486
After sweep 21 energy=-6.1661916  maxlinkdim=186 maxerr=2.84E-08 time=2.524
After sweep 22 energy=-6.1661835  maxlinkdim=189 maxerr=1.93E-07 time=2.510
After sweep 23 energy=-6.166188  maxlinkdim=185 maxerr=6.78E-08 time=2.505
After sweep 24 energy=-6.16619  maxlinkdim=186 maxerr=1.30E-09 time=2.520
After sweep 25 energy=-6.1661844  maxlinkdim=189 maxerr=1.55E-07 time=2.503
After sweep 26 energy=-6.166146  maxlinkdim=186 maxerr=1.23E-09 time=2.500
After sweep 27 energy=-6.166173  maxlinkdim=185 maxerr=2.74E-07 time=2.514
After sweep 28 energy=-6.1661735  maxlinkdim=187 maxerr=8.68E-10 time=2.511
After sweep 29 energy=-6.1661835  maxlinkdim=185 maxerr=1.69E-09 time=2.523
After sweep 30 energy=-6.166203  maxlinkdim=188 maxerr=1.46E-07 time=2.506
Same mu: -2.6463267332332574 and continuing
Target density achieved with mu=-2.6463267332332574, n=0.49999887
Checking {alpha,beta} vs measured
Alpha not converged.
NOT CONVERGED; updating alpha, beta and continuing...
After sweep 1 energy=-4.7875543  maxlinkdim=16 maxerr=2.85E-07 time=0.576
After sweep 2 energy=-5.808286  maxlinkdim=186 maxerr=9.13E-08 time=1.221
After sweep 3 energy=-5.914345  maxlinkdim=219 maxerr=1.57E-07 time=2.202
After sweep 4 energy=-5.9804068  maxlinkdim=219 maxerr=3.78E-09 time=2.171
After sweep 5 energy=-6.0310254  maxlinkdim=202 maxerr=1.71E-09 time=2.127
After sweep 6 energy=-6.066758  maxlinkdim=173 maxerr=6.63E-10 time=1.922
After sweep 7 energy=-6.097506  maxlinkdim=233 maxerr=1.19E-07 time=1.950
After sweep 8 energy=-6.1184964  maxlinkdim=261 maxerr=3.62E-08 time=1.951
After sweep 9 energy=-6.133429  maxlinkdim=234 maxerr=3.79E-09 time=1.943
After sweep 10 energy=-6.1440816  maxlinkdim=269 maxerr=1.71E-09 time=1.896
After sweep 11 energy=-6.152487  maxlinkdim=186 maxerr=2.65E-09 time=1.895
After sweep 12 energy=-6.1585126  maxlinkdim=170 maxerr=2.23E-07 time=1.925
After sweep 13 energy=-6.1618595  maxlinkdim=187 maxerr=2.18E-08 time=1.914
After sweep 14 energy=-6.163715  maxlinkdim=212 maxerr=9.98E-11 time=1.961
After sweep 15 energy=-6.164997  maxlinkdim=203 maxerr=6.57E-09 time=1.992
After sweep 16 energy=-6.165785  maxlinkdim=183 maxerr=1.53E-07 time=2.141
After sweep 17 energy=-6.166067  maxlinkdim=190 maxerr=1.19E-08 time=2.171
After sweep 18 energy=-6.1661716  maxlinkdim=189 maxerr=4.23E-08 time=2.268
After sweep 19 energy=-6.166196  maxlinkdim=193 maxerr=4.87E-08 time=2.333
After sweep 20 energy=-6.16621  maxlinkdim=192 maxerr=1.27E-09 time=2.452
After sweep 21 energy=-6.1662054  maxlinkdim=190 maxerr=1.90E-09 time=2.501
After sweep 22 energy=-6.1661816  maxlinkdim=185 maxerr=1.00E-10 time=2.526
After sweep 23 energy=-6.1661873  maxlinkdim=185 maxerr=1.00E-10 time=2.515
After sweep 24 energy=-6.1662173  maxlinkdim=184 maxerr=9.98E-11 time=2.513
After sweep 25 energy=-6.1661696  maxlinkdim=185 maxerr=9.99E-11 time=2.507
After sweep 26 energy=-6.1662107  maxlinkdim=184 maxerr=8.23E-08 time=2.510
After sweep 27 energy=-6.1661544  maxlinkdim=186 maxerr=1.39E-08 time=2.525
After sweep 28 energy=-6.166213  maxlinkdim=187 maxerr=3.44E-10 time=2.525
After sweep 29 energy=-6.166188  maxlinkdim=185 maxerr=6.27E-08 time=2.528
After sweep 30 energy=-6.166163  maxlinkdim=188 maxerr=2.10E-07 time=2.530
Same mu: -2.6463267332332574 and continuing
Target density achieved with mu=-2.6463267332332574, n=0.4999963
Checking {alpha,beta} vs measured
Alpha not converged.
NOT CONVERGED; updating alpha, beta and continuing...
After sweep 1 energy=-4.7902913  maxlinkdim=16 maxerr=1.92E-07 time=0.536
After sweep 2 energy=-5.8103166  maxlinkdim=184 maxerr=8.88E-08 time=1.318
After sweep 3 energy=-5.9157267  maxlinkdim=193 maxerr=1.72E-09 time=2.145
After sweep 4 energy=-5.980577  maxlinkdim=193 maxerr=2.45E-09 time=2.123
After sweep 5 energy=-6.0319967  maxlinkdim=210 maxerr=2.40E-09 time=1.980
After sweep 6 energy=-6.069003  maxlinkdim=207 maxerr=5.20E-09 time=1.884
After sweep 7 energy=-6.0989017  maxlinkdim=235 maxerr=1.08E-07 time=1.862
After sweep 8 energy=-6.1219363  maxlinkdim=215 maxerr=2.49E-09 time=1.941
After sweep 9 energy=-6.1368613  maxlinkdim=221 maxerr=9.52E-10 time=1.896
After sweep 10 energy=-6.147742  maxlinkdim=231 maxerr=1.57E-09 time=1.938
After sweep 11 energy=-6.156028  maxlinkdim=177 maxerr=2.27E-07 time=1.965
After sweep 12 energy=-6.1606336  maxlinkdim=206 maxerr=8.36E-08 time=1.962
After sweep 13 energy=-6.1630034  maxlinkdim=164 maxerr=7.58E-10 time=1.915
After sweep 14 energy=-6.16465  maxlinkdim=194 maxerr=1.50E-07 time=1.981
After sweep 15 energy=-6.165576  maxlinkdim=181 maxerr=1.33E-10 time=2.020
After sweep 16 energy=-6.1659513  maxlinkdim=186 maxerr=5.78E-10 time=2.126
After sweep 17 energy=-6.166154  maxlinkdim=190 maxerr=1.02E-07 time=2.202
After sweep 18 energy=-6.166191  maxlinkdim=197 maxerr=1.00E-10 time=2.268
After sweep 19 energy=-6.166211  maxlinkdim=194 maxerr=9.98E-11 time=2.393
After sweep 20 energy=-6.1661453  maxlinkdim=188 maxerr=1.19E-07 time=2.516
After sweep 21 energy=-6.16622  maxlinkdim=188 maxerr=5.51E-08 time=2.524
After sweep 22 energy=-6.1661654  maxlinkdim=187 maxerr=9.08E-08 time=2.506
After sweep 23 energy=-6.1661835  maxlinkdim=183 maxerr=4.89E-08 time=2.502
After sweep 24 energy=-6.166213  maxlinkdim=186 maxerr=1.00E-07 time=2.508
After sweep 25 energy=-6.1662064  maxlinkdim=189 maxerr=9.99E-11 time=2.504
After sweep 26 energy=-6.166147  maxlinkdim=187 maxerr=8.81E-10 time=2.525
After sweep 27 energy=-6.1661654  maxlinkdim=186 maxerr=1.00E-10 time=2.523
After sweep 28 energy=-6.16621  maxlinkdim=184 maxerr=9.29E-10 time=2.521
After sweep 29 energy=-6.1661873  maxlinkdim=184 maxerr=1.36E-07 time=2.498
After sweep 30 energy=-6.166174  maxlinkdim=186 maxerr=3.67E-08 time=2.513
Same mu: -2.6463267332332574 and continuing
Target density achieved with mu=-2.6463267332332574, n=0.49999616
Checking {alpha,beta} vs measured
Alpha not converged.
NOT CONVERGED; updating alpha, beta and continuing...
After sweep 1 energy=-4.7821994  maxlinkdim=16 maxerr=1.73E-07 time=0.550
After sweep 2 energy=-5.806498  maxlinkdim=175 maxerr=1.14E-07 time=1.259
After sweep 3 energy=-5.9140053  maxlinkdim=183 maxerr=8.04E-10 time=2.064
After sweep 4 energy=-5.979997  maxlinkdim=199 maxerr=2.05E-09 time=2.038
After sweep 5 energy=-6.0299335  maxlinkdim=226 maxerr=9.98E-11 time=2.048
After sweep 6 energy=-6.0659537  maxlinkdim=185 maxerr=1.36E-07 time=1.913
After sweep 7 energy=-6.095964  maxlinkdim=195 maxerr=8.99E-08 time=1.855
After sweep 8 energy=-6.1176414  maxlinkdim=217 maxerr=7.91E-08 time=1.832
After sweep 9 energy=-6.132505  maxlinkdim=175 maxerr=1.45E-09 time=1.827
After sweep 10 energy=-6.143284  maxlinkdim=175 maxerr=1.02E-09 time=1.809
After sweep 11 energy=-6.15142  maxlinkdim=217 maxerr=2.36E-09 time=1.907
After sweep 12 energy=-6.1573772  maxlinkdim=243 maxerr=1.50E-07 time=1.903
After sweep 13 energy=-6.1612725  maxlinkdim=178 maxerr=5.41E-08 time=1.944
After sweep 14 energy=-6.163434  maxlinkdim=199 maxerr=5.43E-08 time=1.934
After sweep 15 energy=-6.1647773  maxlinkdim=194 maxerr=4.02E-10 time=1.954
After sweep 16 energy=-6.1655283  maxlinkdim=187 maxerr=1.01E-09 time=2.010
After sweep 17 energy=-6.165968  maxlinkdim=187 maxerr=1.11E-10 time=2.106
After sweep 18 energy=-6.166139  maxlinkdim=192 maxerr=9.99E-11 time=2.218
After sweep 19 energy=-6.166175  maxlinkdim=190 maxerr=1.45E-09 time=2.338
After sweep 20 energy=-6.1662292  maxlinkdim=191 maxerr=7.57E-09 time=2.460
After sweep 21 energy=-6.1661806  maxlinkdim=184 maxerr=2.95E-08 time=2.523
After sweep 22 energy=-6.1661825  maxlinkdim=185 maxerr=1.96E-09 time=2.526
After sweep 23 energy=-6.1662126  maxlinkdim=184 maxerr=1.08E-07 time=2.504
After sweep 24 energy=-6.16615  maxlinkdim=186 maxerr=1.00E-10 time=2.509
After sweep 25 energy=-6.1661806  maxlinkdim=186 maxerr=7.49E-10 time=2.520
After sweep 26 energy=-6.166182  maxlinkdim=184 maxerr=9.93E-08 time=2.507
After sweep 27 energy=-6.1661744  maxlinkdim=188 maxerr=9.34E-10 time=2.506
After sweep 28 energy=-6.1661906  maxlinkdim=184 maxerr=4.95E-08 time=2.510
After sweep 29 energy=-6.166171  maxlinkdim=184 maxerr=8.63E-08 time=2.523
After sweep 30 energy=-6.166177  maxlinkdim=190 maxerr=1.00E-10 time=2.508
Same mu: -2.6463267332332574 and continuing
Target density achieved with mu=-2.6463267332332574, n=0.4999969
Checking {alpha,beta} vs measured
Alpha not converged.
NOT CONVERGED; updating alpha, beta and continuing...
After sweep 1 energy=-4.788799  maxlinkdim=16 maxerr=1.82E-07 time=0.536
After sweep 2 energy=-5.802604  maxlinkdim=177 maxerr=1.88E-07 time=1.306
After sweep 3 energy=-5.913269  maxlinkdim=196 maxerr=6.83E-08 time=2.059
After sweep 4 energy=-5.979007  maxlinkdim=199 maxerr=2.00E-07 time=2.093
After sweep 5 energy=-6.0288296  maxlinkdim=208 maxerr=2.47E-07 time=2.073
After sweep 6 energy=-6.064829  maxlinkdim=162 maxerr=8.58E-08 time=1.867
After sweep 7 energy=-6.093722  maxlinkdim=224 maxerr=1.69E-09 time=1.802
After sweep 8 energy=-6.1166453  maxlinkdim=214 maxerr=5.82E-08 time=1.864
After sweep 9 energy=-6.1337233  maxlinkdim=262 maxerr=9.38E-09 time=1.966
After sweep 10 energy=-6.1446266  maxlinkdim=205 maxerr=8.32E-08 time=1.939
After sweep 11 energy=-6.152523  maxlinkdim=239 maxerr=3.24E-10 time=1.911
After sweep 12 energy=-6.158099  maxlinkdim=224 maxerr=8.98E-10 time=1.974
After sweep 13 energy=-6.1614275  maxlinkdim=166 maxerr=9.45E-08 time=1.920
After sweep 14 energy=-6.1636124  maxlinkdim=203 maxerr=8.82E-10 time=1.917
After sweep 15 energy=-6.165039  maxlinkdim=207 maxerr=1.14E-07 time=2.066
After sweep 16 energy=-6.165683  maxlinkdim=217 maxerr=1.69E-07 time=2.085
After sweep 17 energy=-6.166093  maxlinkdim=217 maxerr=1.00E-10 time=2.216
After sweep 18 energy=-6.166213  maxlinkdim=196 maxerr=2.66E-09 time=2.313
After sweep 19 energy=-6.1662073  maxlinkdim=192 maxerr=2.05E-09 time=2.345
After sweep 20 energy=-6.1662045  maxlinkdim=192 maxerr=1.53E-07 time=2.456
After sweep 21 energy=-6.166193  maxlinkdim=184 maxerr=3.70E-07 time=2.524
After sweep 22 energy=-6.1661615  maxlinkdim=187 maxerr=7.73E-08 time=2.503
After sweep 23 energy=-6.1661777  maxlinkdim=186 maxerr=1.14E-09 time=2.511
After sweep 24 energy=-6.1661763  maxlinkdim=188 maxerr=1.16E-09 time=2.507
After sweep 25 energy=-6.16618  maxlinkdim=185 maxerr=8.85E-10 time=2.520
After sweep 26 energy=-6.1661625  maxlinkdim=187 maxerr=6.09E-10 time=2.510
After sweep 27 energy=-6.1662245  maxlinkdim=184 maxerr=2.68E-10 time=2.512
After sweep 28 energy=-6.1662073  maxlinkdim=188 maxerr=1.00E-10 time=2.523
After sweep 29 energy=-6.166192  maxlinkdim=184 maxerr=9.97E-10 time=2.506
After sweep 30 energy=-6.1661773  maxlinkdim=185 maxerr=1.00E-10 time=2.525
Same mu: -2.6463267332332574 and continuing
Target density achieved with mu=-2.6463267332332574, n=0.49999756
Checking {alpha,beta} vs measured
Alpha not converged.
NOT CONVERGED; updating alpha, beta and continuing...
After sweep 1 energy=-4.790083  maxlinkdim=16 maxerr=2.18E-07 time=0.542
After sweep 2 energy=-5.806899  maxlinkdim=176 maxerr=1.87E-08 time=1.276
After sweep 3 energy=-5.918944  maxlinkdim=199 maxerr=1.08E-09 time=2.183
After sweep 4 energy=-5.984617  maxlinkdim=210 maxerr=1.60E-09 time=2.257
After sweep 5 energy=-6.0349197  maxlinkdim=218 maxerr=9.66E-08 time=2.172
After sweep 6 energy=-6.0698624  maxlinkdim=177 maxerr=2.21E-08 time=1.984
After sweep 7 energy=-6.0979567  maxlinkdim=202 maxerr=2.70E-09 time=1.890
After sweep 8 energy=-6.1203365  maxlinkdim=196 maxerr=1.37E-09 time=1.898
After sweep 9 energy=-6.134344  maxlinkdim=159 maxerr=3.68E-07 time=1.818
After sweep 10 energy=-6.145582  maxlinkdim=266 maxerr=1.60E-09 time=1.857
After sweep 11 energy=-6.153705  maxlinkdim=227 maxerr=7.35E-10 time=1.955
After sweep 12 energy=-6.1591783  maxlinkdim=191 maxerr=1.00E-10 time=1.977
After sweep 13 energy=-6.1622925  maxlinkdim=178 maxerr=1.02E-07 time=1.973
After sweep 14 energy=-6.1641016  maxlinkdim=181 maxerr=9.68E-10 time=1.911
After sweep 15 energy=-6.165324  maxlinkdim=180 maxerr=1.35E-09 time=1.996
After sweep 16 energy=-6.1659756  maxlinkdim=243 maxerr=8.74E-08 time=2.122
After sweep 17 energy=-6.166177  maxlinkdim=215 maxerr=1.03E-09 time=2.218
After sweep 18 energy=-6.166187  maxlinkdim=191 maxerr=1.21E-07 time=2.310
After sweep 19 energy=-6.1662025  maxlinkdim=190 maxerr=2.34E-08 time=2.416
After sweep 20 energy=-6.1662016  maxlinkdim=194 maxerr=7.44E-10 time=2.499
After sweep 21 energy=-6.166186  maxlinkdim=184 maxerr=2.25E-09 time=2.538
After sweep 22 energy=-6.1661744  maxlinkdim=185 maxerr=2.38E-09 time=2.511
After sweep 23 energy=-6.1661754  maxlinkdim=186 maxerr=5.88E-10 time=2.511
After sweep 24 energy=-6.1661606  maxlinkdim=186 maxerr=1.81E-07 time=2.524
After sweep 25 energy=-6.1661677  maxlinkdim=187 maxerr=6.15E-08 time=2.524
After sweep 26 energy=-6.1661673  maxlinkdim=182 maxerr=2.54E-08 time=2.519
After sweep 27 energy=-6.1661777  maxlinkdim=191 maxerr=7.81E-10 time=2.518
After sweep 28 energy=-6.1662116  maxlinkdim=185 maxerr=2.36E-09 time=2.519
After sweep 29 energy=-6.1661644  maxlinkdim=186 maxerr=9.09E-09 time=2.514
After sweep 30 energy=-6.166169  maxlinkdim=186 maxerr=9.81E-08 time=2.530
Same mu: -2.6463267332332574 and continuing
Target density achieved with mu=-2.6463267332332574, n=0.49999753
Checking {alpha,beta} vs measured
Alpha not converged.
NOT CONVERGED; updating alpha, beta and continuing...
After sweep 1 energy=-4.7752757  maxlinkdim=16 maxerr=2.47E-07 time=0.555
After sweep 2 energy=-5.8000703  maxlinkdim=179 maxerr=7.27E-08 time=1.232
After sweep 3 energy=-5.9125333  maxlinkdim=211 maxerr=1.64E-07 time=2.167
After sweep 4 energy=-5.9797873  maxlinkdim=207 maxerr=2.16E-09 time=2.167
After sweep 5 energy=-6.030547  maxlinkdim=227 maxerr=8.36E-08 time=2.088
After sweep 6 energy=-6.067002  maxlinkdim=167 maxerr=4.48E-08 time=1.937
After sweep 7 energy=-6.0981507  maxlinkdim=220 maxerr=1.61E-09 time=1.934
After sweep 8 energy=-6.119787  maxlinkdim=200 maxerr=4.31E-08 time=1.958
After sweep 9 energy=-6.1339536  maxlinkdim=174 maxerr=2.30E-07 time=1.849
After sweep 10 energy=-6.1448216  maxlinkdim=171 maxerr=1.08E-07 time=1.828
After sweep 11 energy=-6.1526346  maxlinkdim=184 maxerr=8.62E-08 time=1.840
After sweep 12 energy=-6.157749  maxlinkdim=161 maxerr=1.05E-07 time=1.844
After sweep 13 energy=-6.161087  maxlinkdim=223 maxerr=6.79E-08 time=1.835
After sweep 14 energy=-6.163574  maxlinkdim=187 maxerr=8.70E-10 time=1.953
After sweep 15 energy=-6.165339  maxlinkdim=197 maxerr=9.32E-10 time=2.075
After sweep 16 energy=-6.1659675  maxlinkdim=182 maxerr=1.06E-07 time=2.158
After sweep 17 energy=-6.166148  maxlinkdim=189 maxerr=3.17E-08 time=2.191
After sweep 18 energy=-6.1662083  maxlinkdim=187 maxerr=1.86E-08 time=2.297
After sweep 19 energy=-6.166204  maxlinkdim=190 maxerr=1.40E-07 time=2.389
After sweep 20 energy=-6.1661844  maxlinkdim=188 maxerr=1.23E-07 time=2.492
After sweep 21 energy=-6.1662064  maxlinkdim=185 maxerr=9.45E-08 time=2.519
After sweep 22 energy=-6.1662064  maxlinkdim=188 maxerr=1.22E-07 time=2.521
After sweep 23 energy=-6.1661663  maxlinkdim=187 maxerr=1.28E-07 time=2.508
After sweep 24 energy=-6.1661863  maxlinkdim=187 maxerr=2.35E-07 time=2.500
After sweep 25 energy=-6.166177  maxlinkdim=187 maxerr=1.00E-10 time=2.530
After sweep 26 energy=-6.166206  maxlinkdim=185 maxerr=4.25E-08 time=2.518
After sweep 27 energy=-6.1661882  maxlinkdim=188 maxerr=1.07E-10 time=2.512
After sweep 28 energy=-6.1661673  maxlinkdim=185 maxerr=1.50E-09 time=2.527
After sweep 29 energy=-6.1661797  maxlinkdim=186 maxerr=1.23E-09 time=2.506
After sweep 30 energy=-6.1661544  maxlinkdim=186 maxerr=7.13E-08 time=2.521
Same mu: -2.6463267332332574 and continuing
Target density achieved with mu=-2.6463267332332574, n=0.49999583
Checking {alpha,beta} vs measured
Alpha not converged.
NOT CONVERGED; updating alpha, beta and continuing...
After sweep 1 energy=-4.78755  maxlinkdim=16 maxerr=3.49E-07 time=0.549
After sweep 2 energy=-5.799089  maxlinkdim=170 maxerr=3.67E-08 time=1.272
After sweep 3 energy=-5.9076905  maxlinkdim=187 maxerr=2.22E-09 time=2.132
After sweep 4 energy=-5.974222  maxlinkdim=196 maxerr=7.08E-08 time=2.041
After sweep 5 energy=-6.0272765  maxlinkdim=205 maxerr=3.90E-08 time=2.034
After sweep 6 energy=-6.066268  maxlinkdim=188 maxerr=9.00E-08 time=1.933
After sweep 7 energy=-6.0960603  maxlinkdim=247 maxerr=2.85E-09 time=1.958
After sweep 8 energy=-6.117541  maxlinkdim=223 maxerr=6.11E-08 time=1.978
After sweep 9 energy=-6.132703  maxlinkdim=219 maxerr=5.34E-08 time=1.922
After sweep 10 energy=-6.144232  maxlinkdim=209 maxerr=6.61E-08 time=1.963
After sweep 11 energy=-6.15505  maxlinkdim=217 maxerr=1.39E-07 time=2.025
After sweep 12 energy=-6.1601386  maxlinkdim=191 maxerr=1.91E-07 time=2.068
After sweep 13 energy=-6.162591  maxlinkdim=210 maxerr=1.02E-09 time=1.995
After sweep 14 energy=-6.164109  maxlinkdim=186 maxerr=1.05E-10 time=1.953
After sweep 15 energy=-6.165202  maxlinkdim=182 maxerr=2.50E-08 time=2.006
After sweep 16 energy=-6.165986  maxlinkdim=240 maxerr=9.09E-08 time=2.147
After sweep 17 energy=-6.1661367  maxlinkdim=188 maxerr=3.71E-07 time=2.248
After sweep 18 energy=-6.1662107  maxlinkdim=188 maxerr=1.58E-09 time=2.305
After sweep 19 energy=-6.1662188  maxlinkdim=194 maxerr=9.62E-10 time=2.400
After sweep 20 energy=-6.166199  maxlinkdim=190 maxerr=6.24E-08 time=2.506
After sweep 21 energy=-6.1661844  maxlinkdim=185 maxerr=7.62E-10 time=2.525
After sweep 22 energy=-6.1661797  maxlinkdim=185 maxerr=1.00E-10 time=2.516
After sweep 23 energy=-6.166195  maxlinkdim=184 maxerr=1.15E-07 time=2.494
After sweep 24 energy=-6.1662016  maxlinkdim=186 maxerr=5.90E-08 time=2.521
After sweep 25 energy=-6.166165  maxlinkdim=183 maxerr=5.23E-08 time=2.521
After sweep 26 energy=-6.166153  maxlinkdim=187 maxerr=8.95E-10 time=2.513
After sweep 27 energy=-6.166194  maxlinkdim=186 maxerr=1.63E-07 time=2.529
After sweep 28 energy=-6.1661644  maxlinkdim=183 maxerr=4.20E-08 time=2.519
After sweep 29 energy=-6.1661844  maxlinkdim=186 maxerr=1.15E-07 time=2.527
After sweep 30 energy=-6.1661663  maxlinkdim=188 maxerr=5.94E-08 time=2.522
Same mu: -2.6463267332332574 and continuing
Target density achieved with mu=-2.6463267332332574, n=0.49999675
Checking {alpha,beta} vs measured
Alpha not converged.
NOT CONVERGED; updating alpha, beta and continuing...
After sweep 1 energy=-4.7788844  maxlinkdim=16 maxerr=1.88E-07 time=0.538
After sweep 2 energy=-5.8064423  maxlinkdim=171 maxerr=2.12E-07 time=1.335
After sweep 3 energy=-5.9149303  maxlinkdim=200 maxerr=7.14E-09 time=2.095
After sweep 4 energy=-5.981758  maxlinkdim=223 maxerr=8.11E-08 time=2.147
After sweep 5 energy=-6.029792  maxlinkdim=206 maxerr=1.38E-07 time=2.090
After sweep 6 energy=-6.0662904  maxlinkdim=168 maxerr=4.53E-08 time=1.896
After sweep 7 energy=-6.0952916  maxlinkdim=238 maxerr=6.47E-09 time=1.833
srun: Job step aborted: Waiting up to 32 seconds for job step to finish.
slurmstepd: error: *** STEP 45227915.0 ON nid008345 CANCELLED AT 2025-11-16T06:59:35 ***
slurmstepd: error: *** JOB 45227915 ON nid008345 CANCELLED AT 2025-11-16T06:59:35 ***
