Calculating pair binding energy for ladder
L=64, U=8.0, V=-0.8, t0=1.0, density=0.875
============================================================
Pair binding energy for Hubbard ladder
L = 64 rungs, 128 sites
U = 8.0, V = -0.8, t = 1.0, t0 = 1.0, density = 0.875
N_base = 112
============================================================

[1/3] Computing E(N-2=110)
  Initial state: 110 particles (55 up, 55 dn)
After sweep 1 energy=-160.10284529700075  maxlinkdim=20 maxerr=2.53E-04 time=48.249
After sweep 2 energy=-169.69868819320186  maxlinkdim=50 maxerr=2.48E-06 time=28.071
After sweep 3 energy=-176.60901802152745  maxlinkdim=100 maxerr=2.38E-07 time=41.205
After sweep 4 energy=-179.50183568015987  maxlinkdim=200 maxerr=1.31E-08 time=62.430
After sweep 5 energy=-180.87389354783983  maxlinkdim=469 maxerr=1.00E-10 time=73.807
After sweep 6 energy=-181.9395876345636  maxlinkdim=617 maxerr=1.00E-10 time=86.245
After sweep 7 energy=-183.47970650646727  maxlinkdim=1000 maxerr=1.50E-09 time=102.916
After sweep 8 energy=-184.5816799819077  maxlinkdim=1000 maxerr=6.54E-09 time=115.744
After sweep 9 energy=-185.47684500967006  maxlinkdim=1000 maxerr=1.30E-08 time=121.314
After sweep 10 energy=-186.11960165905552  maxlinkdim=1000 maxerr=1.91E-08 time=130.532
After sweep 11 energy=-186.70451610558104  maxlinkdim=1000 maxerr=4.27E-08 time=140.667
After sweep 12 energy=-187.16924250467218  maxlinkdim=1000 maxerr=8.99E-08 time=150.139
After sweep 13 energy=-187.4620026655248  maxlinkdim=1000 maxerr=4.66E-08 time=155.252
After sweep 14 energy=-187.81407066898436  maxlinkdim=1000 maxerr=1.47E-07 time=158.974
After sweep 15 energy=-188.0965600462551  maxlinkdim=1000 maxerr=4.38E-07 time=166.255
After sweep 16 energy=-188.32057842046208  maxlinkdim=1000 maxerr=8.03E-07 time=172.208
After sweep 17 energy=-188.50241176345378  maxlinkdim=1000 maxerr=3.63E-07 time=172.530
After sweep 18 energy=-188.62582302385115  maxlinkdim=1000 maxerr=1.57E-07 time=180.683
After sweep 19 energy=-188.77306115422851  maxlinkdim=1000 maxerr=2.11E-07 time=188.905
After sweep 20 energy=-188.8748743464305  maxlinkdim=1000 maxerr=1.46E-07 time=192.877
After sweep 21 energy=-188.9782061210923  maxlinkdim=1000 maxerr=1.36E-07 time=203.560
After sweep 22 energy=-189.07231062666884  maxlinkdim=1000 maxerr=9.99E-08 time=204.548
After sweep 23 energy=-189.15769667169496  maxlinkdim=1000 maxerr=1.28E-07 time=202.819
After sweep 24 energy=-189.25020659277962  maxlinkdim=1000 maxerr=1.86E-07 time=201.393
After sweep 25 energy=-189.33017697844133  maxlinkdim=1000 maxerr=1.19E-07 time=199.836
After sweep 26 energy=-189.40779200836545  maxlinkdim=1000 maxerr=1.30E-07 time=202.779
After sweep 27 energy=-189.477793879503  maxlinkdim=1000 maxerr=9.15E-08 time=206.512
After sweep 28 energy=-189.54980011928907  maxlinkdim=1000 maxerr=1.71E-07 time=206.295
After sweep 29 energy=-189.6309446018017  maxlinkdim=1000 maxerr=2.27E-07 time=209.356
After sweep 30 energy=-189.70231331246168  maxlinkdim=1000 maxerr=1.71E-07 time=205.313
After sweep 31 energy=-189.77348540089164  maxlinkdim=1000 maxerr=1.09E-07 time=203.944
After sweep 32 energy=-189.83725143239013  maxlinkdim=1000 maxerr=1.32E-07 time=208.242
After sweep 33 energy=-189.89938530925426  maxlinkdim=1000 maxerr=1.30E-07 time=201.745
After sweep 34 energy=-189.9689671383702  maxlinkdim=1000 maxerr=1.98E-07 time=200.492
After sweep 35 energy=-190.02336453944585  maxlinkdim=1000 maxerr=1.03E-07 time=199.470
After sweep 36 energy=-190.07666291743078  maxlinkdim=1000 maxerr=3.00E-07 time=198.381
After sweep 37 energy=-190.12625268182475  maxlinkdim=1000 maxerr=1.13E-07 time=203.047
After sweep 38 energy=-190.17917296904932  maxlinkdim=1000 maxerr=2.12E-07 time=204.093
After sweep 39 energy=-190.23582913372138  maxlinkdim=1000 maxerr=3.02E-07 time=199.635
After sweep 40 energy=-190.28549708790976  maxlinkdim=1000 maxerr=1.90E-07 time=196.123
After sweep 41 energy=-190.32557647008286  maxlinkdim=1000 maxerr=1.38E-07 time=195.082
After sweep 42 energy=-190.3602932804695  maxlinkdim=1000 maxerr=9.75E-08 time=198.476
After sweep 43 energy=-190.392622781376  maxlinkdim=1000 maxerr=1.13E-07 time=199.402
After sweep 44 energy=-190.43080338444346  maxlinkdim=1000 maxerr=3.50E-07 time=195.979
After sweep 45 energy=-190.46473797951813  maxlinkdim=1000 maxerr=1.16E-07 time=196.709
After sweep 46 energy=-190.50052401631586  maxlinkdim=1000 maxerr=1.24E-07 time=195.469
After sweep 47 energy=-190.53157311030324  maxlinkdim=1000 maxerr=1.54E-07 time=194.709
After sweep 48 energy=-190.56598216556333  maxlinkdim=1000 maxerr=2.18E-07 time=196.397
After sweep 49 energy=-190.60043748336471  maxlinkdim=1000 maxerr=3.09E-07 time=195.179
After sweep 50 energy=-190.66127547659033  maxlinkdim=1000 maxerr=1.54E-05 time=193.933
After sweep 51 energy=-190.69894927713133  maxlinkdim=1000 maxerr=2.05E-07 time=203.598
After sweep 52 energy=-190.74436704835063  maxlinkdim=1000 maxerr=1.99E-07 time=210.423
After sweep 53 energy=-190.80998836029448  maxlinkdim=1000 maxerr=1.57E-06 time=216.539
After sweep 54 energy=-190.86574473332328  maxlinkdim=1000 maxerr=7.71E-07 time=214.572
After sweep 55 energy=-190.91413419821902  maxlinkdim=1000 maxerr=1.11E-06 time=211.220
After sweep 56 energy=-190.95413628691918  maxlinkdim=1000 maxerr=5.23E-07 time=211.538
After sweep 57 energy=-190.9866079241309  maxlinkdim=1000 maxerr=4.53E-07 time=206.090
After sweep 58 energy=-191.0176301867564  maxlinkdim=1000 maxerr=4.39E-07 time=203.447
After sweep 59 energy=-191.04683316387326  maxlinkdim=1000 maxerr=4.23E-07 time=210.614
After sweep 60 energy=-191.07224351973443  maxlinkdim=1000 maxerr=3.55E-07 time=213.014
After sweep 61 energy=-191.0993954869207  maxlinkdim=1000 maxerr=4.29E-07 time=212.194
After sweep 62 energy=-191.1271423075525  maxlinkdim=1000 maxerr=1.04E-06 time=212.477
After sweep 63 energy=-191.15289568273863  maxlinkdim=1000 maxerr=3.42E-06 time=201.808
After sweep 64 energy=-191.19052924175918  maxlinkdim=1000 maxerr=5.71E-06 time=208.592
After sweep 65 energy=-191.28979227868112  maxlinkdim=1000 maxerr=2.17E-05 time=206.303
After sweep 66 energy=-191.35952806453938  maxlinkdim=1000 maxerr=1.59E-05 time=208.029
After sweep 67 energy=-191.40492582252332  maxlinkdim=1000 maxerr=1.90E-05 time=210.115
After sweep 68 energy=-191.45365794971215  maxlinkdim=1000 maxerr=1.39E-05 time=214.544
After sweep 69 energy=-191.49914329830924  maxlinkdim=1000 maxerr=1.17E-05 time=206.219
After sweep 70 energy=-191.53702351216597  maxlinkdim=1000 maxerr=1.11E-05 time=202.319
After sweep 71 energy=-191.56682966829186  maxlinkdim=1000 maxerr=1.27E-05 time=205.513
After sweep 72 energy=-191.5955793607925  maxlinkdim=1000 maxerr=1.30E-05 time=205.063
After sweep 73 energy=-191.61987027727054  maxlinkdim=1000 maxerr=1.26E-05 time=208.177
After sweep 74 energy=-191.65204524148768  maxlinkdim=1000 maxerr=1.16E-05 time=209.572
After sweep 75 energy=-191.68441228422196  maxlinkdim=1000 maxerr=1.34E-05 time=202.851
After sweep 76 energy=-191.7093080061677  maxlinkdim=1000 maxerr=1.33E-05 time=208.792
After sweep 77 energy=-191.73069326706354  maxlinkdim=1000 maxerr=9.20E-06 time=209.355
After sweep 78 energy=-191.7503541366123  maxlinkdim=1000 maxerr=1.02E-05 time=209.588
After sweep 79 energy=-191.7679736886989  maxlinkdim=1000 maxerr=9.92E-06 time=213.908
After sweep 80 energy=-191.78396765571387  maxlinkdim=1000 maxerr=1.09E-05 time=212.922
After sweep 81 energy=-191.7978762836332  maxlinkdim=1000 maxerr=8.92E-06 time=210.760
After sweep 82 energy=-191.81128969842922  maxlinkdim=1000 maxerr=9.21E-06 time=209.257
After sweep 83 energy=-191.82320483575785  maxlinkdim=1000 maxerr=8.55E-06 time=207.675
After sweep 84 energy=-191.83349872600763  maxlinkdim=1000 maxerr=1.62E-05 time=204.408
After sweep 85 energy=-191.84272592919106  maxlinkdim=1000 maxerr=7.86E-06 time=204.800
After sweep 86 energy=-191.85208171276147  maxlinkdim=1000 maxerr=7.54E-06 time=203.645
After sweep 87 energy=-191.86205605231456  maxlinkdim=1000 maxerr=8.02E-06 time=202.443
After sweep 88 energy=-191.87068357638282  maxlinkdim=1000 maxerr=8.45E-06 time=200.679
After sweep 89 energy=-191.87861746689788  maxlinkdim=1000 maxerr=7.73E-06 time=195.730
After sweep 90 energy=-191.88575833751784  maxlinkdim=1000 maxerr=7.86E-06 time=204.616
After sweep 91 energy=-191.89270188988849  maxlinkdim=1000 maxerr=7.48E-06 time=199.968
After sweep 92 energy=-191.89926105860184  maxlinkdim=1000 maxerr=8.31E-06 time=198.825
After sweep 93 energy=-191.90508948635886  maxlinkdim=1000 maxerr=8.24E-06 time=203.328
After sweep 94 energy=-191.9115162101136  maxlinkdim=1000 maxerr=8.10E-06 time=203.610
After sweep 95 energy=-191.91646895908775  maxlinkdim=1000 maxerr=8.11E-06 time=204.978
After sweep 96 energy=-191.92079696071312  maxlinkdim=1000 maxerr=7.53E-06 time=214.619
After sweep 97 energy=-191.92445263427453  maxlinkdim=1000 maxerr=7.30E-06 time=218.905
After sweep 98 energy=-191.93309311042475  maxlinkdim=1000 maxerr=8.30E-06 time=214.773
After sweep 99 energy=-191.9404259804325  maxlinkdim=1000 maxerr=6.97E-06 time=212.046
After sweep 100 energy=-191.94372942092593  maxlinkdim=1000 maxerr=5.95E-06 time=214.461
  E(N-2) = -191.94372942092593

[2/3] Computing E(N-1=111)
  Initial state: 111 particles (56 up, 55 dn)
After sweep 1 energy=-161.9738685705407  maxlinkdim=20 maxerr=2.52E-04 time=11.310
After sweep 2 energy=-171.51827633173508  maxlinkdim=50 maxerr=2.48E-06 time=23.740
After sweep 3 energy=-178.2006606542468  maxlinkdim=100 maxerr=2.31E-07 time=35.413
After sweep 4 energy=-181.0103682855539  maxlinkdim=200 maxerr=1.29E-08 time=60.323
After sweep 5 energy=-182.43477869727175  maxlinkdim=502 maxerr=1.00E-10 time=69.204
After sweep 6 energy=-183.76494346031606  maxlinkdim=694 maxerr=1.00E-10 time=80.535
After sweep 7 energy=-184.4946534480946  maxlinkdim=820 maxerr=1.00E-10 time=86.618
After sweep 8 energy=-185.07519539358512  maxlinkdim=974 maxerr=1.00E-10 time=88.645
After sweep 9 energy=-185.70337303861064  maxlinkdim=1000 maxerr=2.38E-10 time=90.437
After sweep 10 energy=-186.15996813861332  maxlinkdim=1000 maxerr=3.06E-10 time=97.594
After sweep 11 energy=-186.6865318209622  maxlinkdim=1000 maxerr=1.58E-09 time=108.390
After sweep 12 energy=-187.09743458625226  maxlinkdim=1000 maxerr=4.37E-09 time=125.379
After sweep 13 energy=-187.5140907519859  maxlinkdim=1000 maxerr=1.05E-08 time=133.544
After sweep 14 energy=-188.09971850199022  maxlinkdim=1000 maxerr=6.08E-07 time=144.564
After sweep 15 energy=-188.34007667397483  maxlinkdim=1000 maxerr=1.83E-08 time=148.582
After sweep 16 energy=-188.58234817363874  maxlinkdim=1000 maxerr=2.19E-08 time=151.358
After sweep 17 energy=-188.7742962777464  maxlinkdim=1000 maxerr=4.87E-08 time=159.242
After sweep 18 energy=-188.97766931925491  maxlinkdim=1000 maxerr=3.79E-07 time=170.486
After sweep 19 energy=-189.17959492233462  maxlinkdim=1000 maxerr=3.36E-07 time=175.590
After sweep 20 energy=-189.40602029166593  maxlinkdim=1000 maxerr=8.49E-06 time=179.817
After sweep 21 energy=-189.5332605321464  maxlinkdim=1000 maxerr=4.13E-06 time=185.689
After sweep 22 energy=-189.62121227961677  maxlinkdim=1000 maxerr=4.40E-07 time=192.151
After sweep 23 energy=-189.7127452652551  maxlinkdim=1000 maxerr=3.98E-07 time=197.819
After sweep 24 energy=-189.82443756821547  maxlinkdim=1000 maxerr=9.24E-07 time=196.928
After sweep 25 energy=-189.95729398494328  maxlinkdim=1000 maxerr=4.77E-06 time=198.089
After sweep 26 energy=-190.15483266843512  maxlinkdim=1000 maxerr=9.37E-06 time=193.455
After sweep 27 energy=-190.32940451672332  maxlinkdim=1000 maxerr=1.63E-05 time=202.388
After sweep 28 energy=-190.45025966253698  maxlinkdim=1000 maxerr=8.81E-06 time=205.815
After sweep 29 energy=-190.5598663889575  maxlinkdim=1000 maxerr=1.56E-05 time=203.826
After sweep 30 energy=-190.65154805572573  maxlinkdim=1000 maxerr=9.83E-06 time=209.792
After sweep 31 energy=-190.73332741723604  maxlinkdim=1000 maxerr=9.79E-06 time=206.669
After sweep 32 energy=-190.8888595346153  maxlinkdim=1000 maxerr=1.27E-05 time=199.552
After sweep 33 energy=-190.9652741430778  maxlinkdim=1000 maxerr=1.13E-05 time=191.278
After sweep 34 energy=-191.0307136304205  maxlinkdim=1000 maxerr=1.41E-05 time=186.903
After sweep 35 energy=-191.11188545387105  maxlinkdim=1000 maxerr=2.28E-05 time=191.943
After sweep 36 energy=-191.17482366952188  maxlinkdim=1000 maxerr=2.32E-05 time=194.145
After sweep 37 energy=-191.2483162593312  maxlinkdim=1000 maxerr=1.91E-05 time=191.815
After sweep 38 energy=-191.3178343948449  maxlinkdim=1000 maxerr=2.27E-05 time=194.628
After sweep 39 energy=-191.36624243953952  maxlinkdim=1000 maxerr=4.13E-05 time=199.348
After sweep 40 energy=-191.40728690131195  maxlinkdim=1000 maxerr=2.07E-05 time=213.230
After sweep 41 energy=-191.4558947691021  maxlinkdim=1000 maxerr=1.94E-05 time=211.464
After sweep 42 energy=-191.50510406483355  maxlinkdim=1000 maxerr=3.63E-05 time=216.507
After sweep 43 energy=-191.56073276494027  maxlinkdim=1000 maxerr=2.21E-05 time=218.989
After sweep 44 energy=-191.6076381854545  maxlinkdim=1000 maxerr=1.63E-05 time=215.458
After sweep 45 energy=-191.6503052450441  maxlinkdim=1000 maxerr=1.99E-05 time=219.281
After sweep 46 energy=-191.69043606289043  maxlinkdim=1000 maxerr=1.85E-05 time=217.693
After sweep 47 energy=-191.72724684997021  maxlinkdim=1000 maxerr=2.21E-05 time=217.760
After sweep 48 energy=-191.7617662572839  maxlinkdim=1000 maxerr=1.87E-05 time=212.681
After sweep 49 energy=-191.81071073411297  maxlinkdim=1000 maxerr=1.73E-05 time=205.858
After sweep 50 energy=-191.87769020624532  maxlinkdim=1000 maxerr=1.90E-05 time=214.361
After sweep 51 energy=-191.91959142197902  maxlinkdim=1000 maxerr=2.05E-05 time=222.587
After sweep 52 energy=-191.95645185592454  maxlinkdim=1000 maxerr=2.06E-05 time=218.690
After sweep 53 energy=-191.99229794497123  maxlinkdim=1000 maxerr=2.08E-05 time=217.969
After sweep 54 energy=-192.02867213375262  maxlinkdim=1000 maxerr=1.81E-05 time=220.471
After sweep 55 energy=-192.07249917884323  maxlinkdim=1000 maxerr=1.65E-05 time=216.287
After sweep 56 energy=-192.117039662087  maxlinkdim=1000 maxerr=1.57E-05 time=216.585
After sweep 57 energy=-192.1593082379193  maxlinkdim=1000 maxerr=1.54E-05 time=214.251
After sweep 58 energy=-192.18773558751792  maxlinkdim=1000 maxerr=1.63E-05 time=210.611
After sweep 59 energy=-192.2212318713677  maxlinkdim=1000 maxerr=2.60E-05 time=208.216
After sweep 60 energy=-192.24944731307716  maxlinkdim=1000 maxerr=1.60E-05 time=209.267
After sweep 61 energy=-192.27393524372715  maxlinkdim=1000 maxerr=1.58E-05 time=212.436
After sweep 62 energy=-192.30089973911353  maxlinkdim=1000 maxerr=1.51E-05 time=210.346
After sweep 63 energy=-192.32833570963467  maxlinkdim=1000 maxerr=1.48E-05 time=209.224
After sweep 64 energy=-192.35328110305028  maxlinkdim=1000 maxerr=1.43E-05 time=215.204
After sweep 65 energy=-192.37226771574825  maxlinkdim=1000 maxerr=1.34E-05 time=216.322
After sweep 66 energy=-192.3886328922929  maxlinkdim=1000 maxerr=1.31E-05 time=212.950
After sweep 67 energy=-192.4034651066521  maxlinkdim=1000 maxerr=1.29E-05 time=214.332
After sweep 68 energy=-192.41759436739565  maxlinkdim=1000 maxerr=1.28E-05 time=214.265
After sweep 69 energy=-192.42999817411953  maxlinkdim=1000 maxerr=1.26E-05 time=211.908
After sweep 70 energy=-192.44074421273055  maxlinkdim=1000 maxerr=1.24E-05 time=216.332
After sweep 71 energy=-192.44981094307013  maxlinkdim=1000 maxerr=1.21E-05 time=209.923
After sweep 72 energy=-192.45883699060883  maxlinkdim=1000 maxerr=1.20E-05 time=216.233
After sweep 73 energy=-192.4658009905951  maxlinkdim=1000 maxerr=1.18E-05 time=212.315
After sweep 74 energy=-192.47249387494176  maxlinkdim=1000 maxerr=1.17E-05 time=216.602
After sweep 75 energy=-192.4802100698623  maxlinkdim=1000 maxerr=1.16E-05 time=217.001
After sweep 76 energy=-192.48502573336393  maxlinkdim=1000 maxerr=1.14E-05 time=212.706
After sweep 77 energy=-192.48789791719594  maxlinkdim=1000 maxerr=1.12E-05 time=208.774
After sweep 78 energy=-192.4893815946023  maxlinkdim=1000 maxerr=1.10E-05 time=212.124
After sweep 79 energy=-192.49014960762918  maxlinkdim=1000 maxerr=1.08E-05 time=210.805
After sweep 80 energy=-192.49055083240904  maxlinkdim=1000 maxerr=1.06E-05 time=210.682
After sweep 81 energy=-192.49077835777922  maxlinkdim=1000 maxerr=1.05E-05 time=207.366
After sweep 82 energy=-192.49090925955392  maxlinkdim=1000 maxerr=1.04E-05 time=210.150
After sweep 83 energy=-192.49099624448152  maxlinkdim=1000 maxerr=1.04E-05 time=210.191
After sweep 84 energy=-192.4910568816552  maxlinkdim=1000 maxerr=1.04E-05 time=209.086
After sweep 85 energy=-192.491093546498  maxlinkdim=1000 maxerr=1.03E-05 time=211.216
After sweep 86 energy=-192.49112323912277  maxlinkdim=1000 maxerr=1.03E-05 time=211.910
After sweep 87 energy=-192.49114633662182  maxlinkdim=1000 maxerr=1.03E-05 time=208.973
After sweep 88 energy=-192.49116420411363  maxlinkdim=1000 maxerr=1.03E-05 time=209.509
After sweep 89 energy=-192.49117816508524  maxlinkdim=1000 maxerr=1.03E-05 time=213.351
After sweep 90 energy=-192.49118986060637  maxlinkdim=1000 maxerr=1.03E-05 time=214.135
After sweep 91 energy=-192.4912000067681  maxlinkdim=1000 maxerr=1.03E-05 time=218.502
After sweep 92 energy=-192.49120859500204  maxlinkdim=1000 maxerr=1.03E-05 time=212.119
After sweep 93 energy=-192.49121847763186  maxlinkdim=1000 maxerr=1.02E-05 time=215.840
After sweep 94 energy=-192.4912272430837  maxlinkdim=1000 maxerr=1.02E-05 time=214.996
After sweep 95 energy=-192.4912356394002  maxlinkdim=1000 maxerr=1.02E-05 time=208.543
After sweep 96 energy=-192.49124035908167  maxlinkdim=1000 maxerr=1.02E-05 time=209.463
After sweep 97 energy=-192.49124906108463  maxlinkdim=1000 maxerr=1.02E-05 time=213.090
After sweep 98 energy=-192.49125507538668  maxlinkdim=1000 maxerr=1.02E-05 time=216.450
After sweep 99 energy=-192.49126126948488  maxlinkdim=1000 maxerr=1.02E-05 time=214.975
After sweep 100 energy=-192.49126737551362  maxlinkdim=1000 maxerr=1.02E-05 time=209.967
  E(N-1) = -192.49126737551362

[3/3] Computing E(N=112)
  Initial state: 112 particles (56 up, 56 dn)
After sweep 1 energy=-162.83939580509244  maxlinkdim=20 maxerr=2.38E-04 time=11.523
After sweep 2 energy=-172.5604860305279  maxlinkdim=50 maxerr=2.24E-06 time=24.250
After sweep 3 energy=-179.68238503499808  maxlinkdim=100 maxerr=2.56E-07 time=37.061
After sweep 4 energy=-182.41874938554946  maxlinkdim=200 maxerr=1.36E-08 time=59.469
After sweep 5 energy=-183.91630415318338  maxlinkdim=520 maxerr=1.00E-10 time=69.308
After sweep 6 energy=-184.76360549487896  maxlinkdim=692 maxerr=1.00E-10 time=80.780
After sweep 7 energy=-185.32989646311293  maxlinkdim=808 maxerr=1.00E-10 time=83.436
After sweep 8 energy=-185.9022399498497  maxlinkdim=1000 maxerr=1.63E-10 time=87.772
After sweep 9 energy=-186.55654979082476  maxlinkdim=1000 maxerr=1.34E-09 time=96.672
After sweep 10 energy=-187.11233811861698  maxlinkdim=1000 maxerr=3.03E-09 time=102.018
After sweep 11 energy=-187.6013624810679  maxlinkdim=1000 maxerr=5.33E-09 time=106.356
After sweep 12 energy=-188.11247220409018  maxlinkdim=1000 maxerr=1.65E-08 time=114.251
After sweep 13 energy=-188.68867085141477  maxlinkdim=1000 maxerr=1.98E-08 time=119.688
After sweep 14 energy=-189.1088329181372  maxlinkdim=1000 maxerr=4.97E-08 time=123.579
After sweep 15 energy=-189.5141822098928  maxlinkdim=1000 maxerr=2.01E-07 time=132.829
After sweep 16 energy=-189.74300001755128  maxlinkdim=1000 maxerr=1.14E-07 time=137.819
After sweep 17 energy=-190.01891586493508  maxlinkdim=1000 maxerr=3.22E-07 time=147.084
After sweep 18 energy=-190.1930378130485  maxlinkdim=1000 maxerr=2.00E-07 time=155.778
After sweep 19 energy=-190.33705872739162  maxlinkdim=1000 maxerr=2.17E-07 time=156.712
After sweep 20 energy=-190.5279895714915  maxlinkdim=1000 maxerr=4.67E-07 time=169.657
After sweep 21 energy=-190.64075173556864  maxlinkdim=1000 maxerr=1.86E-07 time=186.900
After sweep 22 energy=-190.73704921679027  maxlinkdim=1000 maxerr=1.03E-07 time=195.922
After sweep 23 energy=-190.83270476606455  maxlinkdim=1000 maxerr=1.18E-07 time=203.588
After sweep 24 energy=-190.92929385757515  maxlinkdim=1000 maxerr=1.57E-07 time=207.412
After sweep 25 energy=-191.0284575302317  maxlinkdim=1000 maxerr=1.80E-07 time=210.309
After sweep 26 energy=-191.11743003065757  maxlinkdim=1000 maxerr=1.71E-07 time=206.858
After sweep 27 energy=-191.2015602403745  maxlinkdim=1000 maxerr=2.10E-07 time=205.527
After sweep 28 energy=-191.29149794198867  maxlinkdim=1000 maxerr=4.03E-07 time=207.311
After sweep 29 energy=-191.36635749266486  maxlinkdim=1000 maxerr=2.66E-07 time=204.701
After sweep 30 energy=-191.4609964159417  maxlinkdim=1000 maxerr=8.14E-07 time=207.330
After sweep 31 energy=-191.5211209483998  maxlinkdim=1000 maxerr=1.86E-07 time=211.225
After sweep 32 energy=-191.5822152173938  maxlinkdim=1000 maxerr=2.79E-07 time=211.169
After sweep 33 energy=-191.6405399921336  maxlinkdim=1000 maxerr=2.07E-07 time=208.676
After sweep 34 energy=-191.69757648255077  maxlinkdim=1000 maxerr=3.41E-07 time=206.899
After sweep 35 energy=-191.75487626959477  maxlinkdim=1000 maxerr=5.07E-07 time=212.583
After sweep 36 energy=-191.80751202881618  maxlinkdim=1000 maxerr=3.42E-07 time=214.372
After sweep 37 energy=-191.8666835164975  maxlinkdim=1000 maxerr=5.58E-07 time=211.021
After sweep 38 energy=-191.92429434230934  maxlinkdim=1000 maxerr=1.04E-06 time=202.949
After sweep 39 energy=-191.977720257132  maxlinkdim=1000 maxerr=6.18E-07 time=206.167
After sweep 40 energy=-192.02145281522422  maxlinkdim=1000 maxerr=3.83E-07 time=202.181
After sweep 41 energy=-192.06610072676693  maxlinkdim=1000 maxerr=5.02E-07 time=205.443
After sweep 42 energy=-192.11466423584983  maxlinkdim=1000 maxerr=8.90E-06 time=209.897
After sweep 43 energy=-192.16931175092506  maxlinkdim=1000 maxerr=4.16E-06 time=206.710
After sweep 44 energy=-192.213930153398  maxlinkdim=1000 maxerr=8.88E-07 time=207.927
After sweep 45 energy=-192.2492070754483  maxlinkdim=1000 maxerr=5.29E-07 time=211.626
After sweep 46 energy=-192.27840399122334  maxlinkdim=1000 maxerr=3.26E-07 time=209.898
After sweep 47 energy=-192.3057418919039  maxlinkdim=1000 maxerr=3.07E-07 time=209.399
After sweep 48 energy=-192.33259467749565  maxlinkdim=1000 maxerr=3.74E-07 time=209.475
After sweep 49 energy=-192.35968596133608  maxlinkdim=1000 maxerr=2.69E-07 time=212.560
After sweep 50 energy=-192.3891401890254  maxlinkdim=1000 maxerr=2.72E-07 time=209.553
After sweep 51 energy=-192.4255525905578  maxlinkdim=1000 maxerr=5.02E-07 time=209.140
After sweep 52 energy=-192.47086439257444  maxlinkdim=1000 maxerr=5.85E-06 time=209.783
After sweep 53 energy=-192.51275685825425  maxlinkdim=1000 maxerr=4.91E-06 time=208.992
After sweep 54 energy=-192.5428354395654  maxlinkdim=1000 maxerr=4.24E-07 time=204.369
After sweep 55 energy=-192.56503836437648  maxlinkdim=1000 maxerr=3.76E-07 time=201.236
After sweep 56 energy=-192.58545628973053  maxlinkdim=1000 maxerr=3.62E-07 time=200.225
After sweep 57 energy=-192.60280244326862  maxlinkdim=1000 maxerr=3.18E-07 time=198.938
After sweep 58 energy=-192.61942994953006  maxlinkdim=1000 maxerr=3.05E-07 time=201.403
After sweep 59 energy=-192.6885850309743  maxlinkdim=1000 maxerr=6.92E-06 time=202.662
After sweep 60 energy=-192.74808487905926  maxlinkdim=1000 maxerr=7.53E-06 time=209.636
After sweep 61 energy=-192.7864045456131  maxlinkdim=1000 maxerr=9.33E-06 time=205.745
After sweep 62 energy=-192.82287690455712  maxlinkdim=1000 maxerr=9.11E-06 time=205.707
After sweep 63 energy=-192.8528102827972  maxlinkdim=1000 maxerr=8.02E-06 time=210.863
After sweep 64 energy=-192.8784111227615  maxlinkdim=1000 maxerr=1.45E-05 time=219.722
After sweep 65 energy=-192.90306319596706  maxlinkdim=1000 maxerr=9.77E-06 time=225.763
After sweep 66 energy=-192.92528612046797  maxlinkdim=1000 maxerr=9.68E-06 time=224.947
After sweep 67 energy=-192.94230931752426  maxlinkdim=1000 maxerr=1.02E-05 time=220.987
After sweep 68 energy=-192.96035986461757  maxlinkdim=1000 maxerr=2.37E-05 time=218.133
After sweep 69 energy=-192.97979743883346  maxlinkdim=1000 maxerr=1.16E-05 time=221.611
After sweep 70 energy=-193.00928623847008  maxlinkdim=1000 maxerr=1.93E-05 time=222.595
After sweep 71 energy=-193.03514472735938  maxlinkdim=1000 maxerr=1.25E-05 time=219.815
After sweep 72 energy=-193.0584705997506  maxlinkdim=1000 maxerr=9.36E-06 time=217.160
After sweep 73 energy=-193.0808716297279  maxlinkdim=1000 maxerr=8.79E-06 time=217.162
After sweep 74 energy=-193.10206330818949  maxlinkdim=1000 maxerr=8.49E-06 time=225.149
After sweep 75 energy=-193.12085181182505  maxlinkdim=1000 maxerr=7.88E-06 time=222.636
After sweep 76 energy=-193.13924862645567  maxlinkdim=1000 maxerr=1.07E-05 time=221.578
After sweep 77 energy=-193.15763237770463  maxlinkdim=1000 maxerr=7.77E-06 time=216.885
After sweep 78 energy=-193.16940943630286  maxlinkdim=1000 maxerr=8.04E-06 time=220.481
After sweep 79 energy=-193.18012724015446  maxlinkdim=1000 maxerr=8.87E-06 time=218.910
After sweep 80 energy=-193.1898011772481  maxlinkdim=1000 maxerr=7.11E-06 time=214.683
After sweep 81 energy=-193.19702548773498  maxlinkdim=1000 maxerr=5.43E-06 time=217.450
After sweep 82 energy=-193.20244301238554  maxlinkdim=1000 maxerr=5.85E-06 time=217.797
After sweep 83 energy=-193.20645863515634  maxlinkdim=1000 maxerr=5.11E-06 time=216.588
After sweep 84 energy=-193.20883682412455  maxlinkdim=1000 maxerr=4.58E-06 time=221.969
After sweep 85 energy=-193.21016140796303  maxlinkdim=1000 maxerr=4.31E-06 time=225.308
After sweep 86 energy=-193.21083531783012  maxlinkdim=1000 maxerr=3.97E-06 time=220.874
After sweep 87 energy=-193.2111931546866  maxlinkdim=1000 maxerr=3.79E-06 time=223.071
After sweep 88 energy=-193.21137833548423  maxlinkdim=1000 maxerr=3.75E-06 time=222.598
After sweep 89 energy=-193.21147793872134  maxlinkdim=1000 maxerr=3.77E-06 time=216.833
After sweep 90 energy=-193.21153427139208  maxlinkdim=1000 maxerr=3.80E-06 time=222.745
After sweep 91 energy=-193.21156854615657  maxlinkdim=1000 maxerr=3.79E-06 time=222.597
After sweep 92 energy=-193.21159173461226  maxlinkdim=1000 maxerr=3.78E-06 time=220.380
After sweep 93 energy=-193.21160552977818  maxlinkdim=1000 maxerr=3.77E-06 time=221.129
After sweep 94 energy=-193.2116114312605  maxlinkdim=1000 maxerr=3.77E-06 time=223.442
After sweep 95 energy=-193.2116187630499  maxlinkdim=1000 maxerr=3.78E-06 time=211.667
After sweep 96 energy=-193.21162153038796  maxlinkdim=1000 maxerr=3.78E-06 time=214.723
After sweep 97 energy=-193.21162489525128  maxlinkdim=1000 maxerr=3.78E-06 time=219.562
After sweep 98 energy=-193.2116284853138  maxlinkdim=1000 maxerr=3.78E-06 time=219.514
After sweep 99 energy=-193.21163039767532  maxlinkdim=1000 maxerr=3.78E-06 time=221.987
After sweep 100 energy=-193.21163357715687  maxlinkdim=1000 maxerr=3.78E-06 time=219.713
  E(N) = -193.21163357715687

============================================================
RESULTS:
  E(110) = -191.94372942092593
  E(111) = -192.49126737551362
  E(112)     = -193.21163357715687
  E_p = -0.17282825  (attractive hole pairing)
============================================================
RESULT: E_p = -0.17282824705557687
E_p calculation completed
