Calculating pair binding energy for ladder
L=64, U=8.0, V=0.0, t0=0.6, density=0.9375
============================================================
Pair binding energy for Hubbard ladder
L = 64 rungs, 128 sites
U = 8.0, V = 0.0, t = 1.0, t0 = 0.6, density = 0.9375
N_base = 120
============================================================

[1/3] Computing E(N-2=118)
  Initial state: 118 particles (59 up, 59 dn)
After sweep 1 energy=-20.93549380605706  maxlinkdim=20 maxerr=4.63E-04 time=47.280
After sweep 2 energy=-36.07635201300581  maxlinkdim=50 maxerr=3.35E-05 time=26.410
After sweep 3 energy=-45.699277341503034  maxlinkdim=100 maxerr=1.12E-05 time=37.677
After sweep 4 energy=-50.029965286324874  maxlinkdim=200 maxerr=6.53E-07 time=55.281
After sweep 5 energy=-53.36648460666458  maxlinkdim=1000 maxerr=1.04E-10 time=78.026
After sweep 6 energy=-55.002770731594296  maxlinkdim=1000 maxerr=6.45E-09 time=109.587
After sweep 7 energy=-55.950339283501286  maxlinkdim=1000 maxerr=1.97E-08 time=119.585
After sweep 8 energy=-56.65555310168264  maxlinkdim=1000 maxerr=1.63E-08 time=129.398
After sweep 9 energy=-57.3169579485604  maxlinkdim=1000 maxerr=3.49E-08 time=137.406
After sweep 10 energy=-57.84960134818516  maxlinkdim=1000 maxerr=2.49E-08 time=150.583
After sweep 11 energy=-58.46937075548423  maxlinkdim=1000 maxerr=1.79E-07 time=156.174
After sweep 12 energy=-59.02595553918097  maxlinkdim=1000 maxerr=2.09E-06 time=157.628
After sweep 13 energy=-59.3269064645081  maxlinkdim=1000 maxerr=7.16E-07 time=156.028
After sweep 14 energy=-59.584152919521905  maxlinkdim=1000 maxerr=2.53E-07 time=166.796
After sweep 15 energy=-59.80398800209306  maxlinkdim=1000 maxerr=1.80E-07 time=168.969
After sweep 16 energy=-59.980703798046555  maxlinkdim=1000 maxerr=1.76E-07 time=172.300
After sweep 17 energy=-60.15857656005809  maxlinkdim=1000 maxerr=2.68E-07 time=171.427
After sweep 18 energy=-60.31892685542221  maxlinkdim=1000 maxerr=1.92E-07 time=180.002
After sweep 19 energy=-60.45949314032417  maxlinkdim=1000 maxerr=1.93E-07 time=182.516
After sweep 20 energy=-60.60506219061256  maxlinkdim=1000 maxerr=6.86E-07 time=181.981
After sweep 21 energy=-60.74582827903135  maxlinkdim=1000 maxerr=5.65E-06 time=186.861
After sweep 22 energy=-60.896948481166916  maxlinkdim=1000 maxerr=2.30E-06 time=182.779
After sweep 23 energy=-61.019597474539395  maxlinkdim=1000 maxerr=3.63E-06 time=185.577
After sweep 24 energy=-61.12402497517335  maxlinkdim=1000 maxerr=3.50E-06 time=179.932
After sweep 25 energy=-61.23755473284337  maxlinkdim=1000 maxerr=8.69E-06 time=182.300
After sweep 26 energy=-61.33554327193263  maxlinkdim=1000 maxerr=4.21E-06 time=188.372
After sweep 27 energy=-61.42607504173385  maxlinkdim=1000 maxerr=1.05E-05 time=174.529
After sweep 28 energy=-61.525899195126144  maxlinkdim=1000 maxerr=1.34E-05 time=172.663
After sweep 29 energy=-61.629821579313436  maxlinkdim=1000 maxerr=1.49E-05 time=176.642
After sweep 30 energy=-61.70595362744741  maxlinkdim=1000 maxerr=1.60E-05 time=179.064
After sweep 31 energy=-61.77185338235043  maxlinkdim=1000 maxerr=1.44E-05 time=177.095
After sweep 32 energy=-61.82219102381963  maxlinkdim=1000 maxerr=1.64E-05 time=178.050
After sweep 33 energy=-61.864211057861645  maxlinkdim=1000 maxerr=1.46E-05 time=180.600
After sweep 34 energy=-61.898808555340345  maxlinkdim=1000 maxerr=1.63E-05 time=186.313
After sweep 35 energy=-61.930868496201235  maxlinkdim=1000 maxerr=1.78E-05 time=181.612
After sweep 36 energy=-61.962189916678575  maxlinkdim=1000 maxerr=1.36E-05 time=179.111
After sweep 37 energy=-61.98942941160295  maxlinkdim=1000 maxerr=1.44E-05 time=173.296
After sweep 38 energy=-62.01556836340823  maxlinkdim=1000 maxerr=2.25E-05 time=182.310
After sweep 39 energy=-62.04152003454033  maxlinkdim=1000 maxerr=1.99E-05 time=176.704
After sweep 40 energy=-62.06668140074634  maxlinkdim=1000 maxerr=1.54E-05 time=177.829
After sweep 41 energy=-62.09132520468854  maxlinkdim=1000 maxerr=1.66E-05 time=175.264
After sweep 42 energy=-62.11369455224555  maxlinkdim=1000 maxerr=1.85E-05 time=178.124
After sweep 43 energy=-62.134847147995025  maxlinkdim=1000 maxerr=1.80E-05 time=176.270
After sweep 44 energy=-62.15341144363309  maxlinkdim=1000 maxerr=2.28E-05 time=177.917
After sweep 45 energy=-62.16925897660987  maxlinkdim=1000 maxerr=1.90E-05 time=181.029
After sweep 46 energy=-62.18286616777461  maxlinkdim=1000 maxerr=1.85E-05 time=180.117
After sweep 47 energy=-62.19678352405998  maxlinkdim=1000 maxerr=1.69E-05 time=185.803
After sweep 48 energy=-62.21073259334668  maxlinkdim=1000 maxerr=1.61E-05 time=183.611
After sweep 49 energy=-62.22717482593807  maxlinkdim=1000 maxerr=1.89E-05 time=182.625
After sweep 50 energy=-62.23964303170113  maxlinkdim=1000 maxerr=1.73E-05 time=179.376
After sweep 51 energy=-62.24827173680387  maxlinkdim=1000 maxerr=1.36E-05 time=178.463
After sweep 52 energy=-62.2535489845413  maxlinkdim=1000 maxerr=1.17E-05 time=181.622
After sweep 53 energy=-62.2566233183212  maxlinkdim=1000 maxerr=1.12E-05 time=181.257
After sweep 54 energy=-62.258439321618226  maxlinkdim=1000 maxerr=1.12E-05 time=188.764
After sweep 55 energy=-62.25952019431018  maxlinkdim=1000 maxerr=1.15E-05 time=186.856
After sweep 56 energy=-62.26018941512233  maxlinkdim=1000 maxerr=1.13E-05 time=190.083
After sweep 57 energy=-62.260589017443856  maxlinkdim=1000 maxerr=1.11E-05 time=188.142
After sweep 58 energy=-62.26085290603644  maxlinkdim=1000 maxerr=1.12E-05 time=186.377
After sweep 59 energy=-62.26102058861455  maxlinkdim=1000 maxerr=1.12E-05 time=183.751
After sweep 60 energy=-62.261143253747065  maxlinkdim=1000 maxerr=1.13E-05 time=180.484
After sweep 61 energy=-62.26122872952707  maxlinkdim=1000 maxerr=1.13E-05 time=182.198
After sweep 62 energy=-62.26129150337059  maxlinkdim=1000 maxerr=1.14E-05 time=183.593
After sweep 63 energy=-62.261332291896665  maxlinkdim=1000 maxerr=1.15E-05 time=180.735
After sweep 64 energy=-62.261361408753416  maxlinkdim=1000 maxerr=1.16E-05 time=176.635
After sweep 65 energy=-62.26138731340162  maxlinkdim=1000 maxerr=1.16E-05 time=179.944
After sweep 66 energy=-62.26140366234978  maxlinkdim=1000 maxerr=1.16E-05 time=181.868
After sweep 67 energy=-62.26141990256994  maxlinkdim=1000 maxerr=1.16E-05 time=181.498
After sweep 68 energy=-62.26142871909171  maxlinkdim=1000 maxerr=1.16E-05 time=191.941
After sweep 69 energy=-62.26143727987009  maxlinkdim=1000 maxerr=1.17E-05 time=187.283
After sweep 70 energy=-62.2614477596522  maxlinkdim=1000 maxerr=1.17E-05 time=181.887
After sweep 71 energy=-62.261457380911956  maxlinkdim=1000 maxerr=1.18E-05 time=167.178
After sweep 72 energy=-62.26146501191887  maxlinkdim=1000 maxerr=1.18E-05 time=170.742
After sweep 73 energy=-62.26146635325744  maxlinkdim=1000 maxerr=1.17E-05 time=172.410
After sweep 74 energy=-62.26147283571088  maxlinkdim=1000 maxerr=1.17E-05 time=171.590
After sweep 75 energy=-62.26147657278707  maxlinkdim=1000 maxerr=1.17E-05 time=168.361
After sweep 76 energy=-62.261477737315815  maxlinkdim=1000 maxerr=1.17E-05 time=167.394
After sweep 77 energy=-62.26148071916799  maxlinkdim=1000 maxerr=1.17E-05 time=171.445
After sweep 78 energy=-62.26148321418107  maxlinkdim=1000 maxerr=1.17E-05 time=178.677
After sweep 79 energy=-62.26148625402004  maxlinkdim=1000 maxerr=1.17E-05 time=181.654
After sweep 80 energy=-62.26148469848327  maxlinkdim=1000 maxerr=1.17E-05 time=180.170
After sweep 81 energy=-62.26148786348739  maxlinkdim=1000 maxerr=1.18E-05 time=182.296
After sweep 82 energy=-62.26148962615269  maxlinkdim=1000 maxerr=1.18E-05 time=190.394
After sweep 83 energy=-62.261491211470734  maxlinkdim=1000 maxerr=1.18E-05 time=181.246
After sweep 84 energy=-62.261493649059645  maxlinkdim=1000 maxerr=1.18E-05 time=185.713
After sweep 85 energy=-62.26149302091018  maxlinkdim=1000 maxerr=1.18E-05 time=189.350
After sweep 86 energy=-62.2614945763091  maxlinkdim=1000 maxerr=1.19E-05 time=181.958
After sweep 87 energy=-62.26149614303396  maxlinkdim=1000 maxerr=1.19E-05 time=181.501
After sweep 88 energy=-62.26149423651846  maxlinkdim=1000 maxerr=1.19E-05 time=183.592
After sweep 89 energy=-62.26149601825015  maxlinkdim=1000 maxerr=1.19E-05 time=190.770
After sweep 90 energy=-62.26149700186773  maxlinkdim=1000 maxerr=1.19E-05 time=188.092
After sweep 91 energy=-62.261497629744916  maxlinkdim=1000 maxerr=1.19E-05 time=183.678
After sweep 92 energy=-62.26149854152975  maxlinkdim=1000 maxerr=1.19E-05 time=189.676
After sweep 93 energy=-62.26149962843485  maxlinkdim=1000 maxerr=1.19E-05 time=188.187
After sweep 94 energy=-62.26149963748291  maxlinkdim=1000 maxerr=1.19E-05 time=186.947
After sweep 95 energy=-62.261500588329184  maxlinkdim=1000 maxerr=1.20E-05 time=180.765
After sweep 96 energy=-62.26150047294099  maxlinkdim=1000 maxerr=1.20E-05 time=188.137
After sweep 97 energy=-62.261501771860466  maxlinkdim=1000 maxerr=1.20E-05 time=184.782
After sweep 98 energy=-62.26150254238608  maxlinkdim=1000 maxerr=1.20E-05 time=178.474
After sweep 99 energy=-62.261497783786645  maxlinkdim=1000 maxerr=1.20E-05 time=172.761
After sweep 100 energy=-62.261495622277714  maxlinkdim=1000 maxerr=1.20E-05 time=175.967
  E(N-2) = -62.261495622277714

[2/3] Computing E(N-1=119)
  Initial state: 119 particles (60 up, 59 dn)
After sweep 1 energy=-20.43949843238282  maxlinkdim=20 maxerr=5.37E-04 time=9.629
After sweep 2 energy=-34.34514707720598  maxlinkdim=50 maxerr=1.51E-05 time=21.464
After sweep 3 energy=-45.218949770420515  maxlinkdim=100 maxerr=1.32E-05 time=34.883
After sweep 4 energy=-49.81948579954232  maxlinkdim=200 maxerr=1.28E-07 time=51.566
After sweep 5 energy=-52.54292745432797  maxlinkdim=893 maxerr=1.00E-10 time=68.566
After sweep 6 energy=-54.178286934458015  maxlinkdim=1000 maxerr=6.49E-09 time=94.549
After sweep 7 energy=-55.03866905083175  maxlinkdim=1000 maxerr=1.01E-08 time=101.043
After sweep 8 energy=-55.71263775230586  maxlinkdim=1000 maxerr=1.78E-08 time=115.503
After sweep 9 energy=-56.21959106539959  maxlinkdim=1000 maxerr=3.35E-08 time=123.415
After sweep 10 energy=-56.61014159936242  maxlinkdim=1000 maxerr=3.91E-08 time=132.940
After sweep 11 energy=-57.010316724419745  maxlinkdim=1000 maxerr=6.41E-08 time=143.525
After sweep 12 energy=-57.300233098822154  maxlinkdim=1000 maxerr=4.51E-08 time=148.580
After sweep 13 energy=-57.58853378346515  maxlinkdim=1000 maxerr=8.30E-08 time=152.908
After sweep 14 energy=-57.866831686005156  maxlinkdim=1000 maxerr=1.77E-07 time=160.539
After sweep 15 energy=-58.15420652974364  maxlinkdim=1000 maxerr=2.61E-07 time=166.037
After sweep 16 energy=-58.33969571858822  maxlinkdim=1000 maxerr=9.15E-08 time=176.773
After sweep 17 energy=-58.51667781893161  maxlinkdim=1000 maxerr=1.23E-07 time=182.114
After sweep 18 energy=-58.75145207705047  maxlinkdim=1000 maxerr=1.64E-06 time=171.082
After sweep 19 energy=-58.93061502243966  maxlinkdim=1000 maxerr=9.73E-06 time=176.636
After sweep 20 energy=-59.11032650389799  maxlinkdim=1000 maxerr=5.39E-06 time=176.291
After sweep 21 energy=-59.23070231593309  maxlinkdim=1000 maxerr=3.91E-07 time=175.380
After sweep 22 energy=-59.32740119220446  maxlinkdim=1000 maxerr=2.63E-07 time=174.373
After sweep 23 energy=-59.429539156470675  maxlinkdim=1000 maxerr=3.82E-07 time=169.053
After sweep 24 energy=-59.510210037015334  maxlinkdim=1000 maxerr=3.70E-06 time=170.240
After sweep 25 energy=-59.58944531738951  maxlinkdim=1000 maxerr=8.52E-07 time=176.575
After sweep 26 energy=-59.694788334466345  maxlinkdim=1000 maxerr=3.67E-06 time=174.451
After sweep 27 energy=-59.75653909568011  maxlinkdim=1000 maxerr=1.99E-05 time=175.615
After sweep 28 energy=-59.81665867825465  maxlinkdim=1000 maxerr=2.13E-05 time=173.980
After sweep 29 energy=-59.869417537715876  maxlinkdim=1000 maxerr=3.60E-06 time=179.218
After sweep 30 energy=-59.919535757574266  maxlinkdim=1000 maxerr=7.69E-06 time=184.080
After sweep 31 energy=-59.96291662841143  maxlinkdim=1000 maxerr=8.20E-06 time=179.268
After sweep 32 energy=-60.004851845647465  maxlinkdim=1000 maxerr=7.98E-06 time=175.463
After sweep 33 energy=-60.04541254505395  maxlinkdim=1000 maxerr=7.40E-06 time=170.489
After sweep 34 energy=-60.08515762852644  maxlinkdim=1000 maxerr=1.19E-05 time=173.568
After sweep 35 energy=-60.12472390476365  maxlinkdim=1000 maxerr=1.23E-05 time=165.386
After sweep 36 energy=-60.16225566486125  maxlinkdim=1000 maxerr=1.02E-05 time=168.929
After sweep 37 energy=-60.19440102317013  maxlinkdim=1000 maxerr=8.70E-06 time=173.127
After sweep 38 energy=-60.22481737961254  maxlinkdim=1000 maxerr=9.71E-06 time=170.468
After sweep 39 energy=-60.25089933606082  maxlinkdim=1000 maxerr=8.28E-06 time=176.921
After sweep 40 energy=-60.276599609940966  maxlinkdim=1000 maxerr=1.61E-05 time=180.104
After sweep 41 energy=-60.30580916653851  maxlinkdim=1000 maxerr=6.40E-06 time=170.607
After sweep 42 energy=-60.32788936489602  maxlinkdim=1000 maxerr=6.78E-06 time=167.770
After sweep 43 energy=-60.34880075639377  maxlinkdim=1000 maxerr=8.18E-06 time=169.510
After sweep 44 energy=-60.36823997897222  maxlinkdim=1000 maxerr=8.91E-06 time=174.516
After sweep 45 energy=-60.38495055362051  maxlinkdim=1000 maxerr=1.04E-05 time=173.039
After sweep 46 energy=-60.401238123957555  maxlinkdim=1000 maxerr=8.65E-06 time=173.580
After sweep 47 energy=-60.41551130292275  maxlinkdim=1000 maxerr=7.52E-06 time=169.337
After sweep 48 energy=-60.43077543722084  maxlinkdim=1000 maxerr=1.30E-05 time=180.452
After sweep 49 energy=-60.478204207496226  maxlinkdim=1000 maxerr=3.25E-05 time=190.913
After sweep 50 energy=-60.514796926720784  maxlinkdim=1000 maxerr=1.78E-05 time=194.621
After sweep 51 energy=-60.53517445335451  maxlinkdim=1000 maxerr=1.42E-05 time=194.017
After sweep 52 energy=-60.54839273608005  maxlinkdim=1000 maxerr=1.41E-05 time=185.382
After sweep 53 energy=-60.55852729293651  maxlinkdim=1000 maxerr=1.72E-05 time=184.561
After sweep 54 energy=-60.565365103310356  maxlinkdim=1000 maxerr=1.34E-05 time=183.269
After sweep 55 energy=-60.56947840188967  maxlinkdim=1000 maxerr=1.24E-05 time=180.796
After sweep 56 energy=-60.572030556535815  maxlinkdim=1000 maxerr=1.30E-05 time=184.735
After sweep 57 energy=-60.57368771770183  maxlinkdim=1000 maxerr=1.25E-05 time=181.699
After sweep 58 energy=-60.57473172035055  maxlinkdim=1000 maxerr=1.21E-05 time=177.895
After sweep 59 energy=-60.57540534651491  maxlinkdim=1000 maxerr=1.18E-05 time=179.420
After sweep 60 energy=-60.57585049027491  maxlinkdim=1000 maxerr=1.21E-05 time=180.020
After sweep 61 energy=-60.57615688923048  maxlinkdim=1000 maxerr=1.20E-05 time=182.337
After sweep 62 energy=-60.57637335652298  maxlinkdim=1000 maxerr=1.19E-05 time=182.910
After sweep 63 energy=-60.576522283019095  maxlinkdim=1000 maxerr=1.18E-05 time=181.517
After sweep 64 energy=-60.57662884765076  maxlinkdim=1000 maxerr=1.17E-05 time=181.784
After sweep 65 energy=-60.57671429196636  maxlinkdim=1000 maxerr=1.17E-05 time=182.755
After sweep 66 energy=-60.57676977827791  maxlinkdim=1000 maxerr=1.17E-05 time=181.209
After sweep 67 energy=-60.57681709099709  maxlinkdim=1000 maxerr=1.17E-05 time=181.413
After sweep 68 energy=-60.576849845147414  maxlinkdim=1000 maxerr=1.18E-05 time=183.338
After sweep 69 energy=-60.57687549867057  maxlinkdim=1000 maxerr=1.18E-05 time=185.645
After sweep 70 energy=-60.57689858644652  maxlinkdim=1000 maxerr=1.18E-05 time=187.047
After sweep 71 energy=-60.57691386070681  maxlinkdim=1000 maxerr=1.18E-05 time=189.061
After sweep 72 energy=-60.57692444677484  maxlinkdim=1000 maxerr=1.18E-05 time=185.989
After sweep 73 energy=-60.57693688949663  maxlinkdim=1000 maxerr=1.18E-05 time=184.856
After sweep 74 energy=-60.57694897305775  maxlinkdim=1000 maxerr=1.18E-05 time=183.992
After sweep 75 energy=-60.57695599911643  maxlinkdim=1000 maxerr=1.19E-05 time=185.210
After sweep 76 energy=-60.576960472852875  maxlinkdim=1000 maxerr=1.18E-05 time=185.938
After sweep 77 energy=-60.57696712314987  maxlinkdim=1000 maxerr=1.19E-05 time=183.153
After sweep 78 energy=-60.576970302767315  maxlinkdim=1000 maxerr=1.19E-05 time=184.351
After sweep 79 energy=-60.57697455443826  maxlinkdim=1000 maxerr=1.19E-05 time=187.433
After sweep 80 energy=-60.57697808432747  maxlinkdim=1000 maxerr=1.19E-05 time=183.914
After sweep 81 energy=-60.576975701618565  maxlinkdim=1000 maxerr=1.19E-05 time=185.401
After sweep 82 energy=-60.57698083568413  maxlinkdim=1000 maxerr=1.19E-05 time=188.565
After sweep 83 energy=-60.57698340241045  maxlinkdim=1000 maxerr=1.19E-05 time=185.577
After sweep 84 energy=-60.57698718551388  maxlinkdim=1000 maxerr=1.19E-05 time=186.473
After sweep 85 energy=-60.57698932329774  maxlinkdim=1000 maxerr=1.19E-05 time=179.555
After sweep 86 energy=-60.57698940611914  maxlinkdim=1000 maxerr=1.19E-05 time=188.987
After sweep 87 energy=-60.576992155709824  maxlinkdim=1000 maxerr=1.19E-05 time=184.499
After sweep 88 energy=-60.576992773895334  maxlinkdim=1000 maxerr=1.19E-05 time=181.808
After sweep 89 energy=-60.57699356467108  maxlinkdim=1000 maxerr=1.19E-05 time=186.324
After sweep 90 energy=-60.576995123809745  maxlinkdim=1000 maxerr=1.19E-05 time=184.418
After sweep 91 energy=-60.57699523340915  maxlinkdim=1000 maxerr=1.19E-05 time=187.324
After sweep 92 energy=-60.57699716360386  maxlinkdim=1000 maxerr=1.19E-05 time=187.492
After sweep 93 energy=-60.57699634315401  maxlinkdim=1000 maxerr=1.19E-05 time=179.264
After sweep 94 energy=-60.57699802117173  maxlinkdim=1000 maxerr=1.19E-05 time=178.627
After sweep 95 energy=-60.5769984594226  maxlinkdim=1000 maxerr=1.19E-05 time=181.543
After sweep 96 energy=-60.57699823445622  maxlinkdim=1000 maxerr=1.19E-05 time=184.051
After sweep 97 energy=-60.57699793720309  maxlinkdim=1000 maxerr=1.19E-05 time=183.669
After sweep 98 energy=-60.57699902478403  maxlinkdim=1000 maxerr=1.19E-05 time=184.470
After sweep 99 energy=-60.57700014533698  maxlinkdim=1000 maxerr=1.19E-05 time=181.905
After sweep 100 energy=-60.5770001424239  maxlinkdim=1000 maxerr=1.19E-05 time=185.320
  E(N-1) = -60.5770001424239

[3/3] Computing E(N=120)
  Initial state: 120 particles (60 up, 60 dn)
After sweep 1 energy=-20.717071273947067  maxlinkdim=20 maxerr=4.46E-04 time=10.888
After sweep 2 energy=-34.99394658579454  maxlinkdim=50 maxerr=1.64E-05 time=24.163
After sweep 3 energy=-45.39984233944476  maxlinkdim=100 maxerr=2.06E-05 time=38.051
After sweep 4 energy=-49.30616186226711  maxlinkdim=200 maxerr=3.10E-08 time=59.037
After sweep 5 energy=-51.623288304816114  maxlinkdim=748 maxerr=1.00E-10 time=70.522
After sweep 6 energy=-53.254475451121984  maxlinkdim=1000 maxerr=1.78E-09 time=91.523
After sweep 7 energy=-54.07426648462636  maxlinkdim=1000 maxerr=5.01E-09 time=105.275
After sweep 8 energy=-54.69561798727683  maxlinkdim=1000 maxerr=8.16E-09 time=111.425
After sweep 9 energy=-55.2758609299791  maxlinkdim=1000 maxerr=1.53E-08 time=118.959
After sweep 10 energy=-55.714674660373475  maxlinkdim=1000 maxerr=2.14E-08 time=128.568
After sweep 11 energy=-56.14556125828498  maxlinkdim=1000 maxerr=7.61E-08 time=140.230
After sweep 12 energy=-56.5961319391665  maxlinkdim=1000 maxerr=2.00E-07 time=145.149
After sweep 13 energy=-56.85197048698097  maxlinkdim=1000 maxerr=1.32E-07 time=143.786
After sweep 14 energy=-57.112954247289636  maxlinkdim=1000 maxerr=2.91E-07 time=148.872
After sweep 15 energy=-57.34422416242961  maxlinkdim=1000 maxerr=6.12E-07 time=150.960
After sweep 16 energy=-57.547678403655006  maxlinkdim=1000 maxerr=6.37E-06 time=156.977
After sweep 17 energy=-57.71132305159897  maxlinkdim=1000 maxerr=2.67E-06 time=167.614
After sweep 18 energy=-57.82768684527538  maxlinkdim=1000 maxerr=7.61E-07 time=175.491
After sweep 19 energy=-57.91885013643522  maxlinkdim=1000 maxerr=4.69E-07 time=181.670
After sweep 20 energy=-57.99714073862001  maxlinkdim=1000 maxerr=4.13E-07 time=183.971
After sweep 21 energy=-58.06476868886201  maxlinkdim=1000 maxerr=4.24E-07 time=182.923
After sweep 22 energy=-58.129756697552864  maxlinkdim=1000 maxerr=6.60E-07 time=184.025
After sweep 23 energy=-58.19216702731085  maxlinkdim=1000 maxerr=1.37E-06 time=182.732
After sweep 24 energy=-58.243441427663356  maxlinkdim=1000 maxerr=5.11E-07 time=186.764
After sweep 25 energy=-58.30568188011652  maxlinkdim=1000 maxerr=2.31E-05 time=188.745
After sweep 26 energy=-58.377868817817436  maxlinkdim=1000 maxerr=1.63E-05 time=190.259
After sweep 27 energy=-58.44176936809164  maxlinkdim=1000 maxerr=2.07E-05 time=187.055
After sweep 28 energy=-58.4938093840846  maxlinkdim=1000 maxerr=1.60E-05 time=180.303
After sweep 29 energy=-58.54010044087485  maxlinkdim=1000 maxerr=1.65E-05 time=177.527
After sweep 30 energy=-58.585752516833494  maxlinkdim=1000 maxerr=2.10E-05 time=186.962
After sweep 31 energy=-58.62024854351099  maxlinkdim=1000 maxerr=2.24E-05 time=189.017
After sweep 32 energy=-58.65071254682149  maxlinkdim=1000 maxerr=1.91E-05 time=187.033
After sweep 33 energy=-58.67970372213  maxlinkdim=1000 maxerr=1.61E-05 time=187.877
After sweep 34 energy=-58.70909956838176  maxlinkdim=1000 maxerr=2.19E-05 time=182.755
After sweep 35 energy=-58.73598084266108  maxlinkdim=1000 maxerr=2.24E-05 time=184.617
After sweep 36 energy=-58.75917524311961  maxlinkdim=1000 maxerr=2.17E-05 time=184.491
After sweep 37 energy=-58.780248398017605  maxlinkdim=1000 maxerr=2.26E-05 time=181.067
After sweep 38 energy=-58.79902010622498  maxlinkdim=1000 maxerr=1.65E-05 time=180.946
After sweep 39 energy=-58.817088444764174  maxlinkdim=1000 maxerr=1.98E-05 time=190.348
After sweep 40 energy=-58.83396715323715  maxlinkdim=1000 maxerr=1.60E-05 time=181.234
After sweep 41 energy=-58.8493552263035  maxlinkdim=1000 maxerr=1.80E-05 time=188.817
After sweep 42 energy=-58.86419706569705  maxlinkdim=1000 maxerr=1.33E-05 time=190.862
After sweep 43 energy=-58.87844239595066  maxlinkdim=1000 maxerr=1.45E-05 time=190.281
After sweep 44 energy=-58.88950460783825  maxlinkdim=1000 maxerr=1.22E-05 time=188.408
After sweep 45 energy=-58.89828698619804  maxlinkdim=1000 maxerr=1.16E-05 time=182.522
After sweep 46 energy=-58.90446979403367  maxlinkdim=1000 maxerr=1.15E-05 time=185.648
After sweep 47 energy=-58.90873916518361  maxlinkdim=1000 maxerr=1.03E-05 time=175.503
After sweep 48 energy=-58.91156436223764  maxlinkdim=1000 maxerr=1.01E-05 time=174.686
After sweep 49 energy=-58.91333938348965  maxlinkdim=1000 maxerr=1.01E-05 time=173.445
After sweep 50 energy=-58.91452772949727  maxlinkdim=1000 maxerr=9.70E-06 time=183.944
After sweep 51 energy=-58.91534949741302  maxlinkdim=1000 maxerr=9.75E-06 time=187.401
After sweep 52 energy=-58.91590044095737  maxlinkdim=1000 maxerr=9.69E-06 time=186.407
After sweep 53 energy=-58.91628784062726  maxlinkdim=1000 maxerr=9.59E-06 time=188.620
After sweep 54 energy=-58.91655815177478  maxlinkdim=1000 maxerr=9.70E-06 time=184.373
After sweep 55 energy=-58.9167574685934  maxlinkdim=1000 maxerr=9.98E-06 time=178.185
After sweep 56 energy=-58.91690564334714  maxlinkdim=1000 maxerr=9.87E-06 time=183.131
After sweep 57 energy=-58.917011239170876  maxlinkdim=1000 maxerr=1.00E-05 time=188.926
After sweep 58 energy=-58.917091933387816  maxlinkdim=1000 maxerr=1.00E-05 time=186.911
After sweep 59 energy=-58.9171491941298  maxlinkdim=1000 maxerr=1.00E-05 time=181.690
After sweep 60 energy=-58.91719666253128  maxlinkdim=1000 maxerr=1.01E-05 time=181.941
After sweep 61 energy=-58.91723015615842  maxlinkdim=1000 maxerr=1.01E-05 time=180.477
After sweep 62 energy=-58.917252588635726  maxlinkdim=1000 maxerr=1.01E-05 time=183.918
After sweep 63 energy=-58.91727424849903  maxlinkdim=1000 maxerr=1.01E-05 time=186.427
After sweep 64 energy=-58.91729279437891  maxlinkdim=1000 maxerr=9.98E-06 time=181.269
After sweep 65 energy=-58.917306371261205  maxlinkdim=1000 maxerr=9.85E-06 time=185.335
After sweep 66 energy=-58.91731829668656  maxlinkdim=1000 maxerr=9.86E-06 time=183.333
After sweep 67 energy=-58.91732475731671  maxlinkdim=1000 maxerr=9.87E-06 time=184.233
After sweep 68 energy=-58.91732967993742  maxlinkdim=1000 maxerr=9.88E-06 time=179.045
After sweep 69 energy=-58.917338243073154  maxlinkdim=1000 maxerr=9.89E-06 time=185.119
After sweep 70 energy=-58.91733948712173  maxlinkdim=1000 maxerr=9.90E-06 time=181.236
After sweep 71 energy=-58.91734230074808  maxlinkdim=1000 maxerr=9.92E-06 time=176.377
After sweep 72 energy=-58.91734698342447  maxlinkdim=1000 maxerr=9.93E-06 time=176.460
After sweep 73 energy=-58.917349941364854  maxlinkdim=1000 maxerr=9.95E-06 time=177.654
After sweep 74 energy=-58.917350259555676  maxlinkdim=1000 maxerr=9.95E-06 time=178.347
After sweep 75 energy=-58.917351361106824  maxlinkdim=1000 maxerr=9.96E-06 time=180.689
After sweep 76 energy=-58.917352845089304  maxlinkdim=1000 maxerr=9.96E-06 time=178.876
After sweep 77 energy=-58.917355074758675  maxlinkdim=1000 maxerr=9.97E-06 time=181.969
After sweep 78 energy=-58.91735661519003  maxlinkdim=1000 maxerr=9.98E-06 time=176.792
After sweep 79 energy=-58.91735710646045  maxlinkdim=1000 maxerr=9.98E-06 time=171.295
After sweep 80 energy=-58.91735743439163  maxlinkdim=1000 maxerr=9.98E-06 time=179.106
After sweep 81 energy=-58.91735766703591  maxlinkdim=1000 maxerr=9.98E-06 time=187.082
After sweep 82 energy=-58.91735788178173  maxlinkdim=1000 maxerr=9.98E-06 time=189.334
After sweep 83 energy=-58.91735905570245  maxlinkdim=1000 maxerr=9.97E-06 time=189.890
After sweep 84 energy=-58.91736056085353  maxlinkdim=1000 maxerr=9.98E-06 time=187.354
After sweep 85 energy=-58.917360152367394  maxlinkdim=1000 maxerr=9.98E-06 time=189.582
After sweep 86 energy=-58.91736065201669  maxlinkdim=1000 maxerr=9.98E-06 time=188.476
After sweep 87 energy=-58.917360928586874  maxlinkdim=1000 maxerr=9.98E-06 time=186.355
After sweep 88 energy=-58.91736122095743  maxlinkdim=1000 maxerr=9.98E-06 time=187.283
After sweep 89 energy=-58.91736115219475  maxlinkdim=1000 maxerr=9.97E-06 time=185.623
After sweep 90 energy=-58.917360519670765  maxlinkdim=1000 maxerr=9.97E-06 time=185.683
After sweep 91 energy=-58.91736170123559  maxlinkdim=1000 maxerr=9.97E-06 time=183.687
After sweep 92 energy=-58.91736081220995  maxlinkdim=1000 maxerr=9.97E-06 time=179.717
After sweep 93 energy=-58.91736261022419  maxlinkdim=1000 maxerr=9.96E-06 time=177.468
After sweep 94 energy=-58.91736298603254  maxlinkdim=1000 maxerr=9.96E-06 time=179.781
After sweep 95 energy=-58.91736227617077  maxlinkdim=1000 maxerr=9.95E-06 time=179.521
After sweep 96 energy=-58.91736221124151  maxlinkdim=1000 maxerr=9.94E-06 time=180.303
After sweep 97 energy=-58.91736271125876  maxlinkdim=1000 maxerr=9.94E-06 time=180.391
After sweep 98 energy=-58.9173624525955  maxlinkdim=1000 maxerr=9.94E-06 time=185.297
After sweep 99 energy=-58.91736172160977  maxlinkdim=1000 maxerr=9.94E-06 time=184.491
After sweep 100 energy=-58.91736266495804  maxlinkdim=1000 maxerr=9.94E-06 time=188.218
  E(N) = -58.91736266495804

============================================================
RESULTS:
  E(118) = -62.261495622277714
  E(119) = -60.5770001424239
  E(120)     = -58.91736266495804
  E_p = -0.02485800  (attractive hole pairing)
============================================================
RESULT: E_p = -0.024858002387958322
E_p calculation completed
