/var/spool/slurmd/job47211884/slurm_script: line 24: conda: command not found
outfile_name: results_U_-4.0_t0_0.1_t_p_0.1.h5
[ Info:  started timer at: 2025-12-31T11:27:03.564
Starting fresh run
Running with t0=0.1 t_p=0.1 U=-4.0 L=32 chi_max=1000 E_p=1.476 mu_init=-2.64
After sweep 1 energy=9.67790464551655  maxlinkdim=10 maxerr=1.13E-02 time=34.118
After sweep 2 energy=0.8621680851636663  maxlinkdim=20 maxerr=1.54E-03 time=2.236
After sweep 3 energy=-0.5098511110259647  maxlinkdim=100 maxerr=3.57E-05 time=7.777
After sweep 4 energy=-0.783752169430642  maxlinkdim=999 maxerr=1.11E-10 time=962.460
After sweep 5 energy=-2.2611380157200176  maxlinkdim=1000 maxerr=5.87E-09 time=1863.047
After sweep 6 energy=-2.466090770458588  maxlinkdim=1000 maxerr=6.79E-09 time=1347.220
After sweep 7 energy=-2.9546782963296296  maxlinkdim=1000 maxerr=1.37E-08 time=1553.793
After sweep 8 energy=-3.986912484234982  maxlinkdim=1000 maxerr=1.39E-08 time=1455.466
After sweep 9 energy=-4.270688727113702  maxlinkdim=1000 maxerr=2.90E-09 time=1415.230
After sweep 10 energy=-4.38464602454227  maxlinkdim=1000 maxerr=1.98E-09 time=1230.941
After sweep 11 energy=-4.412746199858126  maxlinkdim=1000 maxerr=1.09E-09 time=1321.961
After sweep 12 energy=-4.422889730422807  maxlinkdim=1000 maxerr=7.64E-10 time=1292.702
After sweep 13 energy=-4.427339495093691  maxlinkdim=1000 maxerr=9.84E-10 time=1413.092
After sweep 14 energy=-4.429082752669321  maxlinkdim=1000 maxerr=1.66E-09 time=1713.901
After sweep 15 energy=-4.429741174103318  maxlinkdim=1000 maxerr=2.39E-09 time=1514.882
After sweep 16 energy=-4.429926652932039  maxlinkdim=1000 maxerr=3.86E-09 time=1742.627
After sweep 17 energy=-4.429969812100481  maxlinkdim=1000 maxerr=3.50E-09 time=1555.430
After sweep 18 energy=-4.429981284799205  maxlinkdim=1000 maxerr=9.94E-09 time=1554.506
After sweep 19 energy=-4.429982037180655  maxlinkdim=1000 maxerr=3.87E-09 time=1270.238
After sweep 20 energy=-4.4299820640301215  maxlinkdim=1000 maxerr=3.01E-09 time=1987.166
After sweep 21 energy=-4.4299820689589255  maxlinkdim=1000 maxerr=3.00E-09 time=1882.065
After sweep 22 energy=-4.429982070740062  maxlinkdim=1000 maxerr=3.02E-09 time=2697.541
After sweep 23 energy=-4.4299820719711445  maxlinkdim=1000 maxerr=3.02E-09 time=2199.368
After sweep 24 energy=-4.42998207250862  maxlinkdim=1000 maxerr=3.02E-09 time=1511.624
After sweep 25 energy=-4.429982073714678  maxlinkdim=1000 maxerr=3.04E-09 time=1445.360
After sweep 26 energy=-4.429982074486864  maxlinkdim=1000 maxerr=3.04E-09 time=1154.254
After sweep 27 energy=-4.429982075116323  maxlinkdim=1000 maxerr=3.04E-09 time=1310.538
After sweep 28 energy=-4.429982075887337  maxlinkdim=1000 maxerr=3.04E-09 time=1509.170
After sweep 29 energy=-4.429982076574949  maxlinkdim=1000 maxerr=3.04E-09 time=1133.744
After sweep 30 energy=-4.429982076960655  maxlinkdim=1000 maxerr=3.04E-09 time=1421.842
Not same mu, searching again
After sweep 1 energy=8.623711585408028  maxlinkdim=10 maxerr=6.62E-03 time=1.024
After sweep 2 energy=0.38354680078781656  maxlinkdim=20 maxerr=1.09E-03 time=2.094
After sweep 3 energy=-0.8077413506092145  maxlinkdim=100 maxerr=1.86E-05 time=6.592
After sweep 4 energy=-1.0985686389682807  maxlinkdim=1000 maxerr=1.30E-10 time=490.813
After sweep 5 energy=-2.585721167315184  maxlinkdim=1000 maxerr=2.68E-09 time=1157.581
After sweep 6 energy=-2.7631268695181115  maxlinkdim=1000 maxerr=1.24E-08 time=1142.791
After sweep 7 energy=-4.092853430915131  maxlinkdim=1000 maxerr=2.12E-08 time=1105.328
After sweep 8 energy=-4.404714708543937  maxlinkdim=1000 maxerr=3.82E-09 time=1017.910
After sweep 9 energy=-4.6737784548229175  maxlinkdim=1000 maxerr=4.55E-09 time=1202.171
After sweep 10 energy=-4.728056392412973  maxlinkdim=1000 maxerr=2.74E-09 time=1119.416
After sweep 11 energy=-4.743053315839249  maxlinkdim=1000 maxerr=1.03E-09 time=1090.076
After sweep 12 energy=-4.749354709999549  maxlinkdim=1000 maxerr=4.71E-09 time=1173.799
After sweep 13 energy=-4.7515899790643115  maxlinkdim=1000 maxerr=4.99E-09 time=1335.654
After sweep 14 energy=-4.752400829503023  maxlinkdim=1000 maxerr=1.53E-08 time=1845.175
After sweep 15 energy=-4.752704787250587  maxlinkdim=1000 maxerr=1.24E-08 time=1336.554
After sweep 16 energy=-4.752809601923849  maxlinkdim=1000 maxerr=1.55E-08 time=1776.214
After sweep 17 energy=-4.752828216587933  maxlinkdim=1000 maxerr=1.07E-08 time=1491.048
After sweep 18 energy=-4.752831681468279  maxlinkdim=1000 maxerr=1.27E-08 time=1957.523
After sweep 19 energy=-4.752831765266823  maxlinkdim=1000 maxerr=3.72E-09 time=1865.679
After sweep 20 energy=-4.752831770324731  maxlinkdim=1000 maxerr=3.71E-09 time=2019.786
After sweep 21 energy=-4.752831773097234  maxlinkdim=1000 maxerr=3.71E-09 time=2216.771
After sweep 22 energy=-4.752831774659518  maxlinkdim=1000 maxerr=3.71E-09 time=1542.136
After sweep 23 energy=-4.75283177592445  maxlinkdim=1000 maxerr=3.71E-09 time=1477.353
After sweep 24 energy=-4.752831776559418  maxlinkdim=1000 maxerr=3.71E-09 time=1581.668
After sweep 25 energy=-4.752831777262241  maxlinkdim=1000 maxerr=3.71E-09 time=1428.041
After sweep 26 energy=-4.7528317776177555  maxlinkdim=1000 maxerr=3.71E-09 time=1450.615
After sweep 27 energy=-4.752831777657317  maxlinkdim=1000 maxerr=3.71E-09 time=1780.227
After sweep 28 energy=-4.7528317776839275  maxlinkdim=1000 maxerr=3.71E-09 time=1834.030
After sweep 29 energy=-4.75283177770939  maxlinkdim=1000 maxerr=3.71E-09 time=1869.219
After sweep 30 energy=-4.75283177774135  maxlinkdim=1000 maxerr=3.71E-09 time=1554.613
n0: 0.4984025319092203; n1: 0.5104513163537044; mu0: -2.64; mu1: -2.6300000000000003

Range found between mu0: -2.64 (n0: 0.4984025319092203) and mu1: -2.6300000000000003 (n1: 0.5104513163537044); refining...
n0: 0.4984025319092203; n1: 0.5104513163537044; mu0: -2.64; mu1: -2.6300000000000003
Trying secant step...
After sweep 1 energy=9.328936108778361  maxlinkdim=10 maxerr=9.17E-03 time=1.018
After sweep 2 energy=0.8067608721636133  maxlinkdim=20 maxerr=8.80E-04 time=2.124
After sweep 3 energy=-0.5908827562610987  maxlinkdim=100 maxerr=3.26E-05 time=6.872
After sweep 4 energy=-0.9374421214442594  maxlinkdim=1000 maxerr=3.63E-10 time=561.051
After sweep 5 energy=-2.4641654487029396  maxlinkdim=1000 maxerr=2.08E-09 time=1767.027
After sweep 6 energy=-2.6102011289991522  maxlinkdim=1000 maxerr=5.42E-09 time=1924.314
Time limit approaching, stopping DMRG early...
Time limit exceeded, exiting loop
Traceback (most recent call last):
  File "<stdin>", line 1, in <module>
ImportError: No module named h5py
Not completed, resubmitting...
Submitted batch job 47257357
