outfile_name: results_L_64_U_8.0_t0_1.0_t_p_0.05_chi_1000_gpu.h5
[ Info:  started timer at: 2026-01-30T09:20:46.577
Resuming from checkpoint results_L_64_U_8.0_t0_1.0_t_p_0.05_chi_1000_gpu.h5
Resuming with mu_init=1.7303370481294738
Running with t0=1.0 t_p=0.05 U=8.0 L=64 chi_max=1000 E_p=0.134 mu_init=1.7303370481294738
After sweep 1 energy=-243.31422  maxlinkdim=10 maxerr=6.00E-03 time=29.316
After sweep 2 energy=-251.39934  maxlinkdim=20 maxerr=2.17E-03 time=1.530
After sweep 3 energy=-255.34021  maxlinkdim=100 maxerr=1.57E-05 time=3.142
After sweep 4 energy=-255.75371  maxlinkdim=1000 maxerr=3.96E-10 time=69.172
After sweep 5 energy=-256.25504  maxlinkdim=1000 maxerr=3.82E-08 time=156.540
After sweep 6 energy=-256.64932  maxlinkdim=1000 maxerr=8.02E-08 time=115.667
After sweep 7 energy=-256.95157  maxlinkdim=1000 maxerr=1.74E-08 time=123.577
After sweep 8 energy=-257.16388  maxlinkdim=1000 maxerr=5.74E-08 time=123.032
After sweep 9 energy=-257.37463  maxlinkdim=1000 maxerr=3.86E-07 time=137.936
After sweep 10 energy=-257.58466  maxlinkdim=1000 maxerr=2.60E-07 time=153.933
After sweep 11 energy=-257.79718  maxlinkdim=1000 maxerr=2.05E-06 time=164.337
After sweep 12 energy=-257.94357  maxlinkdim=1000 maxerr=9.28E-08 time=158.617
After sweep 13 energy=-258.05588  maxlinkdim=1000 maxerr=2.38E-08 time=167.458
After sweep 14 energy=-258.16928  maxlinkdim=1000 maxerr=6.05E-07 time=174.201
After sweep 15 energy=-258.29706  maxlinkdim=1000 maxerr=2.33E-06 time=175.195
After sweep 16 energy=-258.4403  maxlinkdim=1000 maxerr=1.48E-06 time=182.598
After sweep 17 energy=-258.58713  maxlinkdim=1000 maxerr=2.10E-06 time=197.591
After sweep 18 energy=-258.7121  maxlinkdim=1000 maxerr=1.41E-06 time=193.037
After sweep 19 energy=-258.8337  maxlinkdim=1000 maxerr=2.19E-06 time=204.259
After sweep 20 energy=-258.94138  maxlinkdim=1000 maxerr=2.01E-06 time=204.328
After sweep 21 energy=-259.0467  maxlinkdim=1000 maxerr=2.16E-06 time=208.371
After sweep 22 energy=-259.13568  maxlinkdim=1000 maxerr=1.43E-06 time=208.289
After sweep 23 energy=-259.21985  maxlinkdim=1000 maxerr=1.76E-06 time=213.371
After sweep 24 energy=-259.29944  maxlinkdim=1000 maxerr=9.47E-06 time=219.089
After sweep 25 energy=-259.3776  maxlinkdim=1000 maxerr=3.45E-06 time=230.298
After sweep 26 energy=-259.43723  maxlinkdim=1000 maxerr=2.61E-06 time=226.418
After sweep 27 energy=-259.48032  maxlinkdim=1000 maxerr=3.52E-06 time=224.036
After sweep 28 energy=-259.52005  maxlinkdim=1000 maxerr=3.22E-06 time=231.723
After sweep 29 energy=-259.55405  maxlinkdim=1000 maxerr=1.90E-06 time=236.901
After sweep 30 energy=-259.58505  maxlinkdim=1000 maxerr=2.68E-06 time=238.713
Not same mu, searching again
After sweep 1 energy=-241.67107  maxlinkdim=10 maxerr=4.83E-03 time=1.388
After sweep 2 energy=-250.36508  maxlinkdim=20 maxerr=2.24E-03 time=1.553
After sweep 3 energy=-254.09918  maxlinkdim=100 maxerr=9.11E-06 time=2.655
After sweep 4 energy=-254.55267  maxlinkdim=1000 maxerr=4.04E-10 time=65.986
After sweep 5 energy=-255.09564  maxlinkdim=1000 maxerr=4.40E-08 time=155.436
After sweep 6 energy=-255.4331  maxlinkdim=1000 maxerr=8.05E-08 time=103.823
After sweep 7 energy=-255.66153  maxlinkdim=1000 maxerr=1.48E-08 time=86.072
After sweep 8 energy=-255.83853  maxlinkdim=1000 maxerr=5.85E-08 time=86.836
After sweep 9 energy=-256.12982  maxlinkdim=1000 maxerr=1.71E-06 time=109.392
After sweep 10 energy=-256.37274  maxlinkdim=1000 maxerr=1.10E-07 time=144.160
After sweep 11 energy=-256.58246  maxlinkdim=1000 maxerr=2.88E-07 time=147.947
After sweep 12 energy=-256.75742  maxlinkdim=1000 maxerr=3.00E-07 time=146.385
After sweep 13 energy=-256.92734  maxlinkdim=1000 maxerr=1.33E-06 time=156.281
After sweep 14 energy=-257.07187  maxlinkdim=1000 maxerr=1.03E-06 time=164.248
After sweep 15 energy=-257.26102  maxlinkdim=1000 maxerr=1.73E-07 time=178.024
After sweep 16 energy=-257.4347  maxlinkdim=1000 maxerr=2.65E-07 time=185.725
After sweep 17 energy=-257.56204  maxlinkdim=1000 maxerr=6.89E-07 time=184.527
After sweep 18 energy=-257.71558  maxlinkdim=1000 maxerr=6.09E-06 time=185.919
After sweep 19 energy=-257.83002  maxlinkdim=1000 maxerr=4.99E-07 time=197.659
After sweep 20 energy=-257.93365  maxlinkdim=1000 maxerr=1.17E-06 time=193.758
After sweep 21 energy=-258.0306  maxlinkdim=1000 maxerr=6.93E-07 time=206.879
After sweep 22 energy=-258.11832  maxlinkdim=1000 maxerr=8.71E-07 time=212.004
After sweep 23 energy=-258.19006  maxlinkdim=1000 maxerr=2.91E-06 time=220.540
After sweep 24 energy=-258.24954  maxlinkdim=1000 maxerr=1.47E-06 time=221.144
After sweep 25 energy=-258.28644  maxlinkdim=1000 maxerr=2.25E-06 time=222.853
After sweep 26 energy=-258.3282  maxlinkdim=1000 maxerr=4.91E-06 time=230.095
After sweep 27 energy=-258.36038  maxlinkdim=1000 maxerr=3.53E-06 time=231.031
After sweep 28 energy=-258.38846  maxlinkdim=1000 maxerr=1.84E-06 time=238.553
After sweep 29 energy=-258.41476  maxlinkdim=1000 maxerr=2.07E-06 time=239.433
After sweep 30 energy=-258.43982  maxlinkdim=1000 maxerr=1.32E-06 time=245.009
n0: 0.9383196; n1: 0.9391637; mu0: 1.7203370481294737; mu1: 1.7303370481294738
FOUND MU; mu: 1.7203370481294737  n: 0.9383196
Target density achieved with mu=1.7203370481294737, n=0.9383196
Checking {alpha,beta} vs measured
Alpha not converged.
NOT CONVERGED; updating alpha, beta and continuing...
After sweep 1 energy=-241.88132  maxlinkdim=10 maxerr=6.62E-03 time=1.442
After sweep 2 energy=-250.34232  maxlinkdim=20 maxerr=2.21E-03 time=1.496
After sweep 3 energy=-254.21802  maxlinkdim=100 maxerr=9.75E-06 time=2.827
After sweep 4 energy=-254.6399  maxlinkdim=1000 maxerr=3.83E-10 time=66.127
After sweep 5 energy=-255.08723  maxlinkdim=1000 maxerr=1.41E-09 time=139.473
After sweep 6 energy=-255.46205  maxlinkdim=1000 maxerr=1.82E-08 time=99.589
After sweep 7 energy=-255.74359  maxlinkdim=1000 maxerr=6.23E-10 time=103.760
After sweep 8 energy=-255.96342  maxlinkdim=1000 maxerr=1.96E-08 time=104.474
After sweep 9 energy=-256.14572  maxlinkdim=1000 maxerr=4.45E-08 time=109.267
After sweep 10 energy=-256.3492  maxlinkdim=1000 maxerr=7.88E-08 time=128.869
After sweep 11 energy=-256.61963  maxlinkdim=1000 maxerr=2.83E-08 time=170.331
After sweep 12 energy=-256.84637  maxlinkdim=1000 maxerr=9.49E-08 time=170.053
After sweep 13 energy=-257.05124  maxlinkdim=1000 maxerr=2.35E-08 time=169.673
After sweep 14 energy=-257.26605  maxlinkdim=1000 maxerr=9.55E-08 time=184.038
After sweep 15 energy=-257.5461  maxlinkdim=1000 maxerr=4.49E-08 time=205.111
After sweep 16 energy=-257.7098  maxlinkdim=1000 maxerr=7.19E-09 time=200.912
After sweep 17 energy=-257.83368  maxlinkdim=1000 maxerr=2.33E-08 time=191.013
After sweep 18 energy=-257.95447  maxlinkdim=1000 maxerr=3.14E-07 time=205.695
After sweep 19 energy=-258.0506  maxlinkdim=1000 maxerr=4.81E-08 time=203.407
After sweep 20 energy=-258.14514  maxlinkdim=1000 maxerr=6.43E-07 time=209.668
After sweep 21 energy=-258.2328  maxlinkdim=1000 maxerr=2.18E-07 time=211.774
After sweep 22 energy=-258.29742  maxlinkdim=1000 maxerr=5.59E-07 time=218.887
After sweep 23 energy=-258.36157  maxlinkdim=1000 maxerr=1.19E-06 time=225.167
After sweep 24 energy=-258.41345  maxlinkdim=1000 maxerr=2.83E-07 time=233.008
After sweep 25 energy=-258.45203  maxlinkdim=1000 maxerr=6.40E-07 time=238.665
After sweep 26 energy=-258.4834  maxlinkdim=1000 maxerr=4.93E-07 time=237.521
After sweep 27 energy=-258.5088  maxlinkdim=1000 maxerr=3.29E-06 time=244.535
After sweep 28 energy=-258.53156  maxlinkdim=1000 maxerr=6.60E-07 time=247.814
After sweep 29 energy=-258.5456  maxlinkdim=1000 maxerr=8.37E-07 time=244.601
After sweep 30 energy=-258.55557  maxlinkdim=1000 maxerr=7.73E-07 time=249.529
Not same mu, searching again
After sweep 1 energy=-241.11406  maxlinkdim=10 maxerr=4.06E-03 time=1.299
After sweep 2 energy=-249.37447  maxlinkdim=20 maxerr=2.16E-03 time=1.658
After sweep 3 energy=-253.17046  maxlinkdim=100 maxerr=6.50E-06 time=2.761
After sweep 4 energy=-253.52817  maxlinkdim=1000 maxerr=3.66E-10 time=65.194
After sweep 5 energy=-253.96144  maxlinkdim=1000 maxerr=4.77E-08 time=143.148
After sweep 6 energy=-254.26556  maxlinkdim=1000 maxerr=2.93E-09 time=102.013
After sweep 7 energy=-254.47844  maxlinkdim=1000 maxerr=4.65E-08 time=80.847
After sweep 8 energy=-254.66649  maxlinkdim=1000 maxerr=6.30E-08 time=84.382
After sweep 9 energy=-254.85756  maxlinkdim=1000 maxerr=1.25E-07 time=105.497
After sweep 10 energy=-255.04073  maxlinkdim=1000 maxerr=3.96E-08 time=119.430
After sweep 11 energy=-255.21945  maxlinkdim=1000 maxerr=2.25E-07 time=139.759
After sweep 12 energy=-255.43716  maxlinkdim=1000 maxerr=1.70E-06 time=152.604
After sweep 13 energy=-255.69579  maxlinkdim=1000 maxerr=3.14E-06 time=176.254
After sweep 14 energy=-255.89973  maxlinkdim=1000 maxerr=1.61E-07 time=179.755
After sweep 15 energy=-256.09412  maxlinkdim=1000 maxerr=2.25E-06 time=179.358
After sweep 16 energy=-256.27036  maxlinkdim=1000 maxerr=4.94E-07 time=181.998
After sweep 17 energy=-256.4193  maxlinkdim=1000 maxerr=2.97E-07 time=190.098
After sweep 18 energy=-256.55704  maxlinkdim=1000 maxerr=7.17E-07 time=183.083
After sweep 19 energy=-256.70386  maxlinkdim=1000 maxerr=5.59E-06 time=193.351
After sweep 20 energy=-256.82007  maxlinkdim=1000 maxerr=2.97E-06 time=198.631
After sweep 21 energy=-256.91626  maxlinkdim=1000 maxerr=1.46E-06 time=197.544
After sweep 22 energy=-256.98935  maxlinkdim=1000 maxerr=1.65E-06 time=203.116
After sweep 23 energy=-257.05963  maxlinkdim=1000 maxerr=8.36E-07 time=214.292
After sweep 24 energy=-257.12378  maxlinkdim=1000 maxerr=1.01E-06 time=216.431
After sweep 25 energy=-257.1823  maxlinkdim=1000 maxerr=1.23E-06 time=219.100
After sweep 26 energy=-257.2353  maxlinkdim=1000 maxerr=1.45E-06 time=223.942
After sweep 27 energy=-257.28683  maxlinkdim=1000 maxerr=2.96E-06 time=227.249
After sweep 28 energy=-257.3398  maxlinkdim=1000 maxerr=1.91E-06 time=238.957
After sweep 29 energy=-257.37888  maxlinkdim=1000 maxerr=9.03E-07 time=233.724
After sweep 30 energy=-257.41443  maxlinkdim=1000 maxerr=1.09E-06 time=240.969
n0: 0.93681437; n1: 0.94509387; mu0: 1.7103370481294737; mu1: 1.7203370481294737
FOUND MU; mu: 1.7103370481294737  n: 0.93681437
Target density achieved with mu=1.7103370481294737, n=0.93681437
Checking {alpha,beta} vs measured
Alpha not converged.
NOT CONVERGED; updating alpha, beta and continuing...
After sweep 1 energy=-240.92812  maxlinkdim=10 maxerr=5.91E-03 time=1.393
After sweep 2 energy=-248.98935  maxlinkdim=20 maxerr=1.99E-03 time=1.571
After sweep 3 energy=-253.10336  maxlinkdim=100 maxerr=9.38E-06 time=2.632
After sweep 4 energy=-253.62308  maxlinkdim=1000 maxerr=4.52E-10 time=64.436
After sweep 5 energy=-254.24174  maxlinkdim=1000 maxerr=1.14E-07 time=139.505
After sweep 6 energy=-254.62883  maxlinkdim=1000 maxerr=2.03E-08 time=94.962
After sweep 7 energy=-254.9163  maxlinkdim=1000 maxerr=1.87E-08 time=89.083
After sweep 8 energy=-255.17255  maxlinkdim=1000 maxerr=3.80E-08 time=101.268
After sweep 9 energy=-255.41208  maxlinkdim=1000 maxerr=5.36E-08 time=115.285
After sweep 10 energy=-255.65031  maxlinkdim=1000 maxerr=5.63E-08 time=128.246
After sweep 11 energy=-255.93683  maxlinkdim=1000 maxerr=8.84E-08 time=147.802
After sweep 12 energy=-256.22025  maxlinkdim=1000 maxerr=3.35E-07 time=158.164
After sweep 13 energy=-256.4653  maxlinkdim=1000 maxerr=6.54E-08 time=162.379
After sweep 14 energy=-256.66837  maxlinkdim=1000 maxerr=9.45E-08 time=166.920
After sweep 15 energy=-256.86594  maxlinkdim=1000 maxerr=2.88E-07 time=177.127
After sweep 16 energy=-257.0141  maxlinkdim=1000 maxerr=3.59E-07 time=178.556
After sweep 17 energy=-257.1348  maxlinkdim=1000 maxerr=3.56E-06 time=176.128
After sweep 18 energy=-257.25015  maxlinkdim=1000 maxerr=6.44E-07 time=188.447
After sweep 19 energy=-257.3345  maxlinkdim=1000 maxerr=4.06E-07 time=191.295
After sweep 20 energy=-257.40674  maxlinkdim=1000 maxerr=2.90E-07 time=202.786
After sweep 21 energy=-257.459  maxlinkdim=1000 maxerr=2.47E-07 time=211.153
After sweep 22 energy=-257.48856  maxlinkdim=1000 maxerr=2.33E-07 time=206.727
After sweep 23 energy=-257.5094  maxlinkdim=1000 maxerr=3.88E-07 time=213.240
After sweep 24 energy=-257.5259  maxlinkdim=1000 maxerr=5.19E-07 time=222.271
After sweep 25 energy=-257.5377  maxlinkdim=1000 maxerr=7.45E-07 time=226.926
After sweep 26 energy=-257.54874  maxlinkdim=1000 maxerr=6.43E-07 time=233.131
After sweep 27 energy=-257.5581  maxlinkdim=1000 maxerr=4.20E-07 time=229.625
After sweep 28 energy=-257.57077  maxlinkdim=1000 maxerr=4.43E-07 time=236.326
After sweep 29 energy=-257.58524  maxlinkdim=1000 maxerr=5.25E-07 time=238.283
After sweep 30 energy=-257.60294  maxlinkdim=1000 maxerr=5.07E-07 time=239.575
Not same mu, searching again
After sweep 1 energy=-239.16129  maxlinkdim=10 maxerr=6.88E-03 time=1.388
After sweep 2 energy=-247.94434  maxlinkdim=20 maxerr=2.10E-03 time=1.538
After sweep 3 energy=-251.95996  maxlinkdim=100 maxerr=1.41E-05 time=2.622
After sweep 4 energy=-252.404  maxlinkdim=1000 maxerr=5.25E-10 time=64.335
After sweep 5 energy=-252.92555  maxlinkdim=1000 maxerr=3.83E-08 time=141.310
After sweep 6 energy=-253.2812  maxlinkdim=1000 maxerr=9.52E-10 time=111.068
After sweep 7 energy=-253.50618  maxlinkdim=1000 maxerr=2.00E-07 time=92.246
After sweep 8 energy=-253.71828  maxlinkdim=1000 maxerr=6.04E-07 time=109.374
After sweep 9 energy=-253.91008  maxlinkdim=1000 maxerr=5.90E-08 time=128.233
After sweep 10 energy=-254.0872  maxlinkdim=1000 maxerr=1.44E-08 time=138.514
After sweep 11 energy=-254.25043  maxlinkdim=1000 maxerr=1.55E-07 time=140.122
After sweep 12 energy=-254.41856  maxlinkdim=1000 maxerr=2.54E-06 time=147.523
After sweep 13 energy=-254.6731  maxlinkdim=1000 maxerr=5.78E-07 time=161.048
After sweep 14 energy=-254.93997  maxlinkdim=1000 maxerr=1.30E-07 time=169.815
After sweep 15 energy=-255.15187  maxlinkdim=1000 maxerr=4.52E-06 time=167.568
After sweep 16 energy=-255.37883  maxlinkdim=1000 maxerr=7.01E-07 time=177.642
After sweep 17 energy=-255.54877  maxlinkdim=1000 maxerr=4.66E-07 time=183.441
After sweep 18 energy=-255.68144  maxlinkdim=1000 maxerr=2.32E-07 time=184.230
After sweep 19 energy=-255.79459  maxlinkdim=1000 maxerr=2.49E-07 time=183.556
After sweep 20 energy=-255.9131  maxlinkdim=1000 maxerr=2.28E-06 time=189.238
After sweep 21 energy=-256.03867  maxlinkdim=1000 maxerr=4.11E-06 time=195.107
After sweep 22 energy=-256.1367  maxlinkdim=1000 maxerr=4.90E-07 time=198.774
After sweep 23 energy=-256.20938  maxlinkdim=1000 maxerr=1.62E-06 time=198.857
After sweep 24 energy=-256.27118  maxlinkdim=1000 maxerr=1.14E-06 time=200.334
After sweep 25 energy=-256.3205  maxlinkdim=1000 maxerr=1.67E-06 time=206.259
After sweep 26 energy=-256.36343  maxlinkdim=1000 maxerr=1.06E-06 time=208.766
After sweep 27 energy=-256.40256  maxlinkdim=1000 maxerr=5.15E-07 time=223.845
After sweep 28 energy=-256.42688  maxlinkdim=1000 maxerr=7.15E-07 time=223.302
After sweep 29 energy=-256.44012  maxlinkdim=1000 maxerr=3.94E-07 time=227.295
After sweep 30 energy=-256.44962  maxlinkdim=1000 maxerr=3.49E-07 time=233.707
n0: 0.93666226; n1: 0.9409309; mu0: 1.7003370481294737; mu1: 1.7103370481294737
FOUND MU; mu: 1.7003370481294737  n: 0.93666226
Target density achieved with mu=1.7003370481294737, n=0.93666226
Checking {alpha,beta} vs measured
Alpha not converged.
NOT CONVERGED; updating alpha, beta and continuing...
After sweep 1 energy=-240.28447  maxlinkdim=10 maxerr=5.91E-03 time=1.367
After sweep 2 energy=-248.34001  maxlinkdim=20 maxerr=2.08E-03 time=1.547
After sweep 3 energy=-251.99895  maxlinkdim=100 maxerr=7.59E-06 time=2.662
After sweep 4 energy=-252.39064  maxlinkdim=1000 maxerr=3.72E-10 time=61.799
After sweep 5 energy=-252.87515  maxlinkdim=1000 maxerr=5.76E-08 time=127.052
After sweep 6 energy=-253.26909  maxlinkdim=1000 maxerr=1.57E-07 time=92.951
After sweep 7 energy=-253.5202  maxlinkdim=1000 maxerr=3.19E-08 time=74.941
After sweep 8 energy=-253.7263  maxlinkdim=1000 maxerr=2.72E-10 time=76.797
After sweep 9 energy=-253.92125  maxlinkdim=1000 maxerr=2.03E-10 time=80.941
After sweep 10 energy=-254.10927  maxlinkdim=1000 maxerr=6.27E-09 time=94.639
After sweep 11 energy=-254.35782  maxlinkdim=1000 maxerr=4.42E-08 time=124.015
After sweep 12 energy=-254.69238  maxlinkdim=1000 maxerr=1.17E-07 time=144.235
After sweep 13 energy=-255.01088  maxlinkdim=1000 maxerr=5.85E-07 time=160.984
After sweep 14 energy=-255.24338  maxlinkdim=1000 maxerr=1.79E-07 time=156.989
After sweep 15 energy=-255.42581  maxlinkdim=1000 maxerr=5.35E-08 time=161.383
After sweep 16 energy=-255.58368  maxlinkdim=1000 maxerr=7.06E-08 time=169.506
After sweep 17 energy=-255.70163  maxlinkdim=1000 maxerr=8.39E-07 time=165.161
After sweep 18 energy=-255.82585  maxlinkdim=1000 maxerr=9.14E-07 time=173.132
After sweep 19 energy=-255.94315  maxlinkdim=1000 maxerr=5.91E-07 time=179.551
After sweep 20 energy=-256.05106  maxlinkdim=1000 maxerr=2.14E-06 time=186.017
After sweep 21 energy=-256.13828  maxlinkdim=1000 maxerr=4.56E-06 time=192.370
After sweep 22 energy=-256.21442  maxlinkdim=1000 maxerr=2.40E-06 time=198.380
After sweep 23 energy=-256.2864  maxlinkdim=1000 maxerr=7.49E-07 time=200.645
After sweep 24 energy=-256.34546  maxlinkdim=1000 maxerr=6.66E-07 time=199.824
After sweep 25 energy=-256.3908  maxlinkdim=1000 maxerr=5.22E-07 time=201.492
After sweep 26 energy=-256.41895  maxlinkdim=1000 maxerr=1.30E-06 time=204.867
After sweep 27 energy=-256.4533  maxlinkdim=1000 maxerr=3.27E-07 time=208.626
After sweep 28 energy=-256.48065  maxlinkdim=1000 maxerr=2.90E-07 time=210.691
After sweep 29 energy=-256.5038  maxlinkdim=1000 maxerr=3.83E-07 time=220.939
After sweep 30 energy=-256.52597  maxlinkdim=1000 maxerr=2.00E-07 time=222.548
Not same mu, searching again
After sweep 1 energy=-238.78943  maxlinkdim=10 maxerr=6.19E-03 time=1.324
After sweep 2 energy=-246.77307  maxlinkdim=20 maxerr=1.85E-03 time=1.449
After sweep 3 energy=-250.75882  maxlinkdim=100 maxerr=6.77E-06 time=2.915
After sweep 4 energy=-251.21283  maxlinkdim=1000 maxerr=3.98E-10 time=63.484
After sweep 5 energy=-251.7349  maxlinkdim=1000 maxerr=1.51E-07 time=135.645
After sweep 6 energy=-252.12227  maxlinkdim=1000 maxerr=1.01E-07 time=96.439
After sweep 7 energy=-252.45143  maxlinkdim=1000 maxerr=4.90E-08 time=92.749
After sweep 8 energy=-252.76251  maxlinkdim=1000 maxerr=1.06E-07 time=111.799
After sweep 9 energy=-252.99599  maxlinkdim=1000 maxerr=1.44E-07 time=126.270
After sweep 10 energy=-253.19044  maxlinkdim=1000 maxerr=7.96E-08 time=134.440
After sweep 11 energy=-253.3626  maxlinkdim=1000 maxerr=1.30E-07 time=142.782
After sweep 12 energy=-253.52565  maxlinkdim=1000 maxerr=5.78E-08 time=155.180
After sweep 13 energy=-253.67015  maxlinkdim=1000 maxerr=7.06E-08 time=149.630
After sweep 14 energy=-253.8243  maxlinkdim=1000 maxerr=2.82E-07 time=157.141
After sweep 15 energy=-254.03395  maxlinkdim=1000 maxerr=5.54E-07 time=174.964
After sweep 16 energy=-254.25795  maxlinkdim=1000 maxerr=8.67E-07 time=184.014
After sweep 17 energy=-254.39249  maxlinkdim=1000 maxerr=6.64E-07 time=174.622
After sweep 18 energy=-254.52281  maxlinkdim=1000 maxerr=2.53E-07 time=180.706
After sweep 19 energy=-254.62926  maxlinkdim=1000 maxerr=2.38E-06 time=185.865
After sweep 20 energy=-254.74411  maxlinkdim=1000 maxerr=1.67E-06 time=190.950
After sweep 21 energy=-254.8347  maxlinkdim=1000 maxerr=7.39E-06 time=194.996
After sweep 22 energy=-254.9263  maxlinkdim=1000 maxerr=8.86E-06 time=196.187
After sweep 23 energy=-255.02097  maxlinkdim=1000 maxerr=3.35E-06 time=200.840
After sweep 24 energy=-255.09189  maxlinkdim=1000 maxerr=8.62E-07 time=209.253
After sweep 25 energy=-255.14668  maxlinkdim=1000 maxerr=1.30E-06 time=210.597
After sweep 26 energy=-255.18477  maxlinkdim=1000 maxerr=4.45E-07 time=220.371
After sweep 27 energy=-255.2144  maxlinkdim=1000 maxerr=8.36E-07 time=218.908
After sweep 28 energy=-255.23654  maxlinkdim=1000 maxerr=5.71E-07 time=218.848
After sweep 29 energy=-255.27415  maxlinkdim=1000 maxerr=1.23E-06 time=228.232
After sweep 30 energy=-255.30019  maxlinkdim=1000 maxerr=4.17E-07 time=219.502
n0: 0.9393956; n1: 0.9397547; mu0: 1.6903370481294737; mu1: 1.7003370481294737
n_target < n1 and n_target < n0 triggered
After sweep 1 energy=-237.20264  maxlinkdim=10 maxerr=5.72E-03 time=1.370
After sweep 2 energy=-245.454  maxlinkdim=20 maxerr=2.00E-03 time=1.545
After sweep 3 energy=-249.51404  maxlinkdim=100 maxerr=1.18E-05 time=2.596
After sweep 4 energy=-249.96596  maxlinkdim=1000 maxerr=4.39E-10 time=62.803
After sweep 5 energy=-250.4883  maxlinkdim=1000 maxerr=5.83E-08 time=132.401
After sweep 6 energy=-251.009  maxlinkdim=1000 maxerr=6.24E-08 time=108.041
After sweep 7 energy=-251.37038  maxlinkdim=1000 maxerr=7.98E-08 time=118.757
After sweep 8 energy=-251.67525  maxlinkdim=1000 maxerr=5.88E-08 time=120.509
After sweep 9 energy=-251.93442  maxlinkdim=1000 maxerr=1.28E-08 time=135.525
After sweep 10 energy=-252.12637  maxlinkdim=1000 maxerr=1.79E-07 time=135.525
After sweep 11 energy=-252.35548  maxlinkdim=1000 maxerr=1.39E-07 time=158.611
After sweep 12 energy=-252.58594  maxlinkdim=1000 maxerr=6.79E-07 time=169.664
After sweep 13 energy=-252.7899  maxlinkdim=1000 maxerr=9.77E-07 time=169.269
After sweep 14 energy=-252.95308  maxlinkdim=1000 maxerr=1.77E-06 time=179.718
After sweep 15 energy=-253.08727  maxlinkdim=1000 maxerr=6.34E-07 time=177.182
After sweep 16 energy=-253.18361  maxlinkdim=1000 maxerr=8.39E-07 time=179.331
After sweep 17 energy=-253.2817  maxlinkdim=1000 maxerr=4.94E-07 time=185.529
After sweep 18 energy=-253.39734  maxlinkdim=1000 maxerr=1.57E-06 time=187.362
After sweep 19 energy=-253.51013  maxlinkdim=1000 maxerr=6.86E-07 time=195.359
After sweep 20 energy=-253.60449  maxlinkdim=1000 maxerr=9.27E-07 time=195.418
After sweep 21 energy=-253.67075  maxlinkdim=1000 maxerr=6.57E-07 time=195.909
After sweep 22 energy=-253.74501  maxlinkdim=1000 maxerr=1.22E-06 time=203.585
After sweep 23 energy=-253.8056  maxlinkdim=1000 maxerr=7.07E-07 time=205.079
After sweep 24 energy=-253.86267  maxlinkdim=1000 maxerr=1.43E-06 time=209.781
After sweep 25 energy=-253.91705  maxlinkdim=1000 maxerr=3.99E-06 time=208.969
After sweep 26 energy=-253.96822  maxlinkdim=1000 maxerr=1.21E-06 time=216.489
After sweep 27 energy=-254.01294  maxlinkdim=1000 maxerr=4.57E-07 time=225.651
After sweep 28 energy=-254.0449  maxlinkdim=1000 maxerr=4.50E-07 time=223.972
After sweep 29 energy=-254.0671  maxlinkdim=1000 maxerr=8.47E-07 time=233.351
After sweep 30 energy=-254.08565  maxlinkdim=1000 maxerr=3.71E-07 time=234.075
n0: 0.92760044; n1: 0.9393956; mu0: 1.6803370481294737; mu1: 1.6903370481294737

Range found between mu0: 1.6803370481294737 (n0: 0.92760044) and mu1: 1.6903370481294737 (n1: 0.9393956); refining...
n0: 0.92760044; n1: 0.9393956; mu0: 1.6803370481294737; mu1: 1.6903370481294737
Trying secant step...
After sweep 1 energy=-238.71234  maxlinkdim=10 maxerr=3.46E-03 time=1.266
After sweep 2 energy=-246.43407  maxlinkdim=20 maxerr=2.03E-03 time=1.621
After sweep 3 energy=-250.25117  maxlinkdim=100 maxerr=7.44E-06 time=2.674
After sweep 4 energy=-250.71385  maxlinkdim=1000 maxerr=3.33E-10 time=60.123
After sweep 5 energy=-251.32172  maxlinkdim=1000 maxerr=6.52E-08 time=138.596
After sweep 6 energy=-251.81812  maxlinkdim=1000 maxerr=2.37E-08 time=120.472
After sweep 7 energy=-252.16063  maxlinkdim=1000 maxerr=2.21E-07 time=104.499
After sweep 8 energy=-252.44162  maxlinkdim=1000 maxerr=1.08E-07 time=112.717
After sweep 9 energy=-252.69363  maxlinkdim=1000 maxerr=8.52E-09 time=118.216
After sweep 10 energy=-252.914  maxlinkdim=1000 maxerr=1.47E-07 time=130.328
After sweep 11 energy=-253.18979  maxlinkdim=1000 maxerr=5.02E-08 time=151.677
After sweep 12 energy=-253.38959  maxlinkdim=1000 maxerr=2.39E-08 time=159.224
After sweep 13 energy=-253.58496  maxlinkdim=1000 maxerr=8.81E-08 time=166.411
After sweep 14 energy=-253.7928  maxlinkdim=1000 maxerr=7.13E-08 time=179.429
After sweep 15 energy=-253.93954  maxlinkdim=1000 maxerr=8.97E-08 time=176.946
After sweep 16 energy=-254.0789  maxlinkdim=1000 maxerr=3.20E-07 time=171.337
After sweep 17 energy=-254.24545  maxlinkdim=1000 maxerr=1.00E-06 time=190.237
After sweep 18 energy=-254.36053  maxlinkdim=1000 maxerr=1.83E-06 time=181.768
After sweep 19 energy=-254.48445  maxlinkdim=1000 maxerr=7.08E-07 time=192.996
After sweep 20 energy=-254.6431  maxlinkdim=1000 maxerr=9.66E-07 time=201.251
After sweep 21 energy=-254.72794  maxlinkdim=1000 maxerr=4.67E-07 time=207.174
After sweep 22 energy=-254.80157  maxlinkdim=1000 maxerr=7.34E-07 time=213.923
After sweep 23 energy=-254.85547  maxlinkdim=1000 maxerr=1.61E-06 time=219.111
After sweep 24 energy=-254.91818  maxlinkdim=1000 maxerr=4.13E-06 time=211.827
After sweep 25 energy=-254.98412  maxlinkdim=1000 maxerr=1.65E-06 time=218.992
After sweep 26 energy=-255.03622  maxlinkdim=1000 maxerr=2.28E-06 time=216.710
After sweep 27 energy=-255.07986  maxlinkdim=1000 maxerr=1.43E-06 time=226.634
After sweep 28 energy=-255.12584  maxlinkdim=1000 maxerr=6.40E-07 time=232.790
After sweep 29 energy=-255.15176  maxlinkdim=1000 maxerr=4.20E-07 time=227.786
After sweep 30 energy=-255.16516  maxlinkdim=1000 maxerr=1.61E-07 time=236.741
FOUND MU (secant); mu: 1.6887299431721743  n: 0.93685365
Target density achieved with mu=1.6887299431721743, n=0.93685365
Checking {alpha,beta} vs measured
Alpha not converged.
NOT CONVERGED; updating alpha, beta and continuing...
After sweep 1 energy=-238.59686  maxlinkdim=10 maxerr=5.51E-03 time=1.347
After sweep 2 energy=-246.72643  maxlinkdim=20 maxerr=2.20E-03 time=1.515
After sweep 3 energy=-250.64513  maxlinkdim=100 maxerr=1.16E-05 time=2.550
After sweep 4 energy=-251.08427  maxlinkdim=1000 maxerr=3.80E-10 time=59.719
After sweep 5 energy=-251.61377  maxlinkdim=1000 maxerr=2.02E-08 time=125.934
After sweep 6 energy=-252.00612  maxlinkdim=1000 maxerr=7.43E-09 time=96.453
After sweep 7 energy=-252.31467  maxlinkdim=1000 maxerr=5.66E-08 time=99.215
After sweep 8 energy=-252.56334  maxlinkdim=1000 maxerr=2.38E-07 time=104.776
After sweep 9 energy=-252.76378  maxlinkdim=1000 maxerr=5.63E-08 time=111.662
After sweep 10 energy=-252.98506  maxlinkdim=1000 maxerr=2.84E-07 time=127.837
After sweep 11 energy=-253.20224  maxlinkdim=1000 maxerr=5.08E-07 time=136.662
After sweep 12 energy=-253.38326  maxlinkdim=1000 maxerr=1.44E-06 time=133.749
After sweep 13 energy=-253.55144  maxlinkdim=1000 maxerr=3.46E-07 time=143.354
After sweep 14 energy=-253.7349  maxlinkdim=1000 maxerr=7.55E-08 time=150.919
After sweep 15 energy=-253.88379  maxlinkdim=1000 maxerr=9.42E-08 time=159.202
After sweep 16 energy=-254.02472  maxlinkdim=1000 maxerr=1.05E-07 time=157.332
After sweep 17 energy=-254.17616  maxlinkdim=1000 maxerr=3.54E-07 time=172.233
After sweep 18 energy=-254.31538  maxlinkdim=1000 maxerr=6.93E-07 time=175.015
After sweep 19 energy=-254.48683  maxlinkdim=1000 maxerr=2.75E-07 time=179.530
After sweep 20 energy=-254.637  maxlinkdim=1000 maxerr=2.87E-07 time=195.227
After sweep 21 energy=-254.73676  maxlinkdim=1000 maxerr=7.09E-07 time=191.980
After sweep 22 energy=-254.82428  maxlinkdim=1000 maxerr=1.95E-06 time=193.676
After sweep 23 energy=-254.88464  maxlinkdim=1000 maxerr=3.33E-07 time=194.658
After sweep 24 energy=-254.95021  maxlinkdim=1000 maxerr=2.10E-07 time=200.869
After sweep 25 energy=-255.0066  maxlinkdim=1000 maxerr=8.81E-08 time=207.012
After sweep 26 energy=-255.05014  maxlinkdim=1000 maxerr=2.05E-07 time=210.152
After sweep 27 energy=-255.10077  maxlinkdim=1000 maxerr=2.06E-07 time=207.130
After sweep 28 energy=-255.13881  maxlinkdim=1000 maxerr=3.65E-07 time=215.270
After sweep 29 energy=-255.17693  maxlinkdim=1000 maxerr=2.17E-07 time=222.905
After sweep 30 energy=-255.19876  maxlinkdim=1000 maxerr=2.53E-07 time=217.297
Same mu: 1.6887299431721743 and continuing
Target density achieved with mu=1.6887299431721743, n=0.93759185
Checking {alpha,beta} vs measured
Alpha not converged.
NOT CONVERGED; updating alpha, beta and continuing...
After sweep 1 energy=-238.17264  maxlinkdim=10 maxerr=7.26E-03 time=1.359
After sweep 2 energy=-246.69891  maxlinkdim=20 maxerr=2.38E-03 time=1.523
After sweep 3 energy=-250.52275  maxlinkdim=100 maxerr=7.57E-06 time=2.565
After sweep 4 energy=-250.96959  maxlinkdim=1000 maxerr=3.35E-10 time=58.462
After sweep 5 energy=-251.48096  maxlinkdim=1000 maxerr=2.13E-08 time=125.536
After sweep 6 energy=-251.81241  maxlinkdim=1000 maxerr=5.33E-10 time=87.621
After sweep 7 energy=-252.07117  maxlinkdim=1000 maxerr=6.08E-08 time=72.455
After sweep 8 energy=-252.30217  maxlinkdim=1000 maxerr=2.45E-08 time=83.925
After sweep 9 energy=-252.55898  maxlinkdim=1000 maxerr=1.10E-07 time=100.701
After sweep 10 energy=-252.8187  maxlinkdim=1000 maxerr=9.77E-08 time=127.084
After sweep 11 energy=-253.03722  maxlinkdim=1000 maxerr=2.22E-07 time=123.684
After sweep 12 energy=-253.19243  maxlinkdim=1000 maxerr=1.75E-07 time=123.784
After sweep 13 energy=-253.32817  maxlinkdim=1000 maxerr=3.11E-08 time=118.891
After sweep 14 energy=-253.46788  maxlinkdim=1000 maxerr=2.37E-08 time=128.027
After sweep 15 energy=-253.63936  maxlinkdim=1000 maxerr=1.80E-07 time=140.941
After sweep 16 energy=-253.80507  maxlinkdim=1000 maxerr=9.19E-07 time=150.505
After sweep 17 energy=-253.94444  maxlinkdim=1000 maxerr=1.17E-06 time=154.583
After sweep 18 energy=-254.07693  maxlinkdim=1000 maxerr=2.04E-07 time=161.746
After sweep 19 energy=-254.20071  maxlinkdim=1000 maxerr=1.45E-06 time=164.385
After sweep 20 energy=-254.36325  maxlinkdim=1000 maxerr=2.27E-06 time=173.514
After sweep 21 energy=-254.48093  maxlinkdim=1000 maxerr=1.08E-06 time=171.548
After sweep 22 energy=-254.58704  maxlinkdim=1000 maxerr=2.91E-07 time=171.293
After sweep 23 energy=-254.66925  maxlinkdim=1000 maxerr=2.12E-06 time=176.673
After sweep 24 energy=-254.74164  maxlinkdim=1000 maxerr=1.16E-06 time=172.829
After sweep 25 energy=-254.81151  maxlinkdim=1000 maxerr=5.65E-07 time=183.203
After sweep 26 energy=-254.90872  maxlinkdim=1000 maxerr=3.65E-07 time=190.888
After sweep 27 energy=-254.96857  maxlinkdim=1000 maxerr=4.10E-07 time=193.725
After sweep 28 energy=-255.01451  maxlinkdim=1000 maxerr=3.46E-07 time=198.735
After sweep 29 energy=-255.05154  maxlinkdim=1000 maxerr=4.32E-07 time=200.867
After sweep 30 energy=-255.07516  maxlinkdim=1000 maxerr=1.50E-07 time=206.329
Not same mu, searching again
After sweep 1 energy=-237.44899  maxlinkdim=10 maxerr=4.42E-03 time=1.355
After sweep 2 energy=-245.36113  maxlinkdim=20 maxerr=2.23E-03 time=1.513
After sweep 3 energy=-249.28584  maxlinkdim=100 maxerr=1.04E-05 time=2.578
After sweep 4 energy=-249.72624  maxlinkdim=1000 maxerr=2.92E-10 time=58.943
After sweep 5 energy=-250.29419  maxlinkdim=1000 maxerr=1.67E-09 time=128.577
After sweep 6 energy=-250.73099  maxlinkdim=1000 maxerr=5.30E-08 time=102.594
After sweep 7 energy=-250.98222  maxlinkdim=1000 maxerr=1.27E-08 time=80.371
After sweep 8 energy=-251.24203  maxlinkdim=1000 maxerr=1.29E-07 time=85.765
After sweep 9 energy=-251.47354  maxlinkdim=1000 maxerr=6.14E-08 time=119.121
After sweep 10 energy=-251.64957  maxlinkdim=1000 maxerr=9.74E-08 time=125.930
After sweep 11 energy=-251.79356  maxlinkdim=1000 maxerr=3.91E-08 time=129.675
After sweep 12 energy=-251.92856  maxlinkdim=1000 maxerr=5.52E-07 time=143.427
After sweep 13 energy=-252.0838  maxlinkdim=1000 maxerr=1.13E-06 time=146.093
After sweep 14 energy=-252.23419  maxlinkdim=1000 maxerr=4.86E-07 time=156.300
After sweep 15 energy=-252.39409  maxlinkdim=1000 maxerr=5.99E-07 time=163.229
After sweep 16 energy=-252.62447  maxlinkdim=1000 maxerr=6.13E-07 time=178.894
After sweep 17 energy=-252.82434  maxlinkdim=1000 maxerr=7.72E-07 time=185.644
After sweep 18 energy=-252.9911  maxlinkdim=1000 maxerr=1.12E-06 time=193.891
After sweep 19 energy=-253.20119  maxlinkdim=1000 maxerr=1.99E-06 time=199.617
After sweep 20 energy=-253.39166  maxlinkdim=1000 maxerr=6.09E-07 time=205.440
After sweep 21 energy=-253.51497  maxlinkdim=1000 maxerr=4.36E-07 time=198.826
After sweep 22 energy=-253.5994  maxlinkdim=1000 maxerr=9.08E-07 time=199.109
After sweep 23 energy=-253.66594  maxlinkdim=1000 maxerr=4.95E-07 time=191.022
After sweep 24 energy=-253.72876  maxlinkdim=1000 maxerr=6.45E-07 time=200.728
After sweep 25 energy=-253.79628  maxlinkdim=1000 maxerr=1.36E-06 time=205.693
After sweep 26 energy=-253.86732  maxlinkdim=1000 maxerr=2.18E-06 time=205.638
After sweep 27 energy=-253.9322  maxlinkdim=1000 maxerr=4.79E-07 time=225.225
After sweep 28 energy=-253.97235  maxlinkdim=1000 maxerr=2.47E-07 time=226.585
After sweep 29 energy=-253.9889  maxlinkdim=1000 maxerr=5.99E-07 time=228.484
After sweep 30 energy=-254.01257  maxlinkdim=1000 maxerr=7.93E-07 time=232.557
n0: 0.93370765; n1: 0.94372463; mu0: 1.6787299431721743; mu1: 1.6887299431721743

Range found between mu0: 1.6787299431721743 (n0: 0.93370765) and mu1: 1.6887299431721743 (n1: 0.94372463); refining...
n0: 0.93370765; n1: 0.94372463; mu0: 1.6787299431721743; mu1: 1.6887299431721743
Trying secant step...
After sweep 1 energy=-238.04535  maxlinkdim=10 maxerr=4.61E-03 time=1.272
After sweep 2 energy=-246.04254  maxlinkdim=20 maxerr=2.10E-03 time=1.649
After sweep 3 energy=-249.88676  maxlinkdim=100 maxerr=6.63E-06 time=2.677
After sweep 4 energy=-250.28955  maxlinkdim=1000 maxerr=3.08E-10 time=61.862
After sweep 5 energy=-250.7491  maxlinkdim=1000 maxerr=2.37E-09 time=123.479
After sweep 6 energy=-251.08575  maxlinkdim=1000 maxerr=7.98E-08 time=88.167
After sweep 7 energy=-251.35829  maxlinkdim=1000 maxerr=6.58E-09 time=79.136
After sweep 8 energy=-251.63339  maxlinkdim=1000 maxerr=3.11E-07 time=91.048
After sweep 9 energy=-251.89578  maxlinkdim=1000 maxerr=8.51E-08 time=115.570
After sweep 10 energy=-252.12294  maxlinkdim=1000 maxerr=4.63E-08 time=133.455
After sweep 11 energy=-252.33197  maxlinkdim=1000 maxerr=1.39E-06 time=135.505
After sweep 12 energy=-252.53397  maxlinkdim=1000 maxerr=6.96E-06 time=146.697
After sweep 13 energy=-252.71169  maxlinkdim=1000 maxerr=4.91E-08 time=146.909
After sweep 14 energy=-252.87672  maxlinkdim=1000 maxerr=1.96E-07 time=148.976
After sweep 15 energy=-253.08583  maxlinkdim=1000 maxerr=1.50E-07 time=161.461
After sweep 16 energy=-253.29216  maxlinkdim=1000 maxerr=3.75E-08 time=179.188
After sweep 17 energy=-253.48042  maxlinkdim=1000 maxerr=4.65E-07 time=183.931
After sweep 18 energy=-253.64139  maxlinkdim=1000 maxerr=9.99E-08 time=179.290
After sweep 19 energy=-253.75974  maxlinkdim=1000 maxerr=1.01E-06 time=181.463
After sweep 20 energy=-253.90102  maxlinkdim=1000 maxerr=2.03E-06 time=185.658
After sweep 21 energy=-254.04387  maxlinkdim=1000 maxerr=4.91E-07 time=194.619
After sweep 22 energy=-254.1821  maxlinkdim=1000 maxerr=3.20E-07 time=204.925
After sweep 23 energy=-254.28778  maxlinkdim=1000 maxerr=6.91E-07 time=211.667
After sweep 24 energy=-254.34833  maxlinkdim=1000 maxerr=1.48E-06 time=212.815
After sweep 25 energy=-254.40039  maxlinkdim=1000 maxerr=1.07E-07 time=209.068
After sweep 26 energy=-254.43336  maxlinkdim=1000 maxerr=7.93E-07 time=213.603
After sweep 27 energy=-254.46677  maxlinkdim=1000 maxerr=5.20E-07 time=224.067
After sweep 28 energy=-254.48257  maxlinkdim=1000 maxerr=1.70E-07 time=222.894
After sweep 29 energy=-254.49309  maxlinkdim=1000 maxerr=2.85E-07 time=224.112
After sweep 30 energy=-254.4986  maxlinkdim=1000 maxerr=1.50E-07 time=230.372
FOUND MU (secant); mu: 1.6825158610452768  n: 0.9369724
Target density achieved with mu=1.6825158610452768, n=0.9369724
Checking {alpha,beta} vs measured
Alpha not converged.
NOT CONVERGED; updating alpha, beta and continuing...
After sweep 1 energy=-237.84473  maxlinkdim=10 maxerr=6.38E-03 time=1.428
After sweep 2 energy=-246.34625  maxlinkdim=20 maxerr=2.01E-03 time=1.548
After sweep 3 energy=-250.15921  maxlinkdim=100 maxerr=1.42E-05 time=2.660
After sweep 4 energy=-250.51201  maxlinkdim=1000 maxerr=3.85E-10 time=59.984
After sweep 5 energy=-250.94835  maxlinkdim=1000 maxerr=3.91E-09 time=122.439
After sweep 6 energy=-251.23401  maxlinkdim=1000 maxerr=2.13E-07 time=83.356
After sweep 7 energy=-251.42659  maxlinkdim=1000 maxerr=7.90E-08 time=68.641
After sweep 8 energy=-251.63557  maxlinkdim=1000 maxerr=3.59E-08 time=83.891
After sweep 9 energy=-251.85284  maxlinkdim=1000 maxerr=6.21E-08 time=118.789
After sweep 10 energy=-252.0254  maxlinkdim=1000 maxerr=4.96E-09 time=119.376
After sweep 11 energy=-252.23947  maxlinkdim=1000 maxerr=1.23E-07 time=151.647
After sweep 12 energy=-252.50653  maxlinkdim=1000 maxerr=1.96E-07 time=166.240
After sweep 13 energy=-252.72261  maxlinkdim=1000 maxerr=1.97E-07 time=160.228
After sweep 14 energy=-252.95612  maxlinkdim=1000 maxerr=1.22E-06 time=170.796
After sweep 15 energy=-253.13869  maxlinkdim=1000 maxerr=4.10E-08 time=166.821
After sweep 16 energy=-253.29832  maxlinkdim=1000 maxerr=1.13E-07 time=172.424
After sweep 17 energy=-253.48521  maxlinkdim=1000 maxerr=1.55E-07 time=176.908
After sweep 18 energy=-253.6769  maxlinkdim=1000 maxerr=3.33E-07 time=191.951
After sweep 19 energy=-253.81046  maxlinkdim=1000 maxerr=3.59E-08 time=193.640
After sweep 20 energy=-253.90033  maxlinkdim=1000 maxerr=4.30E-08 time=181.975
After sweep 21 energy=-254.00943  maxlinkdim=1000 maxerr=8.80E-08 time=191.058
After sweep 22 energy=-254.09837  maxlinkdim=1000 maxerr=2.99E-07 time=195.901
After sweep 23 energy=-254.16945  maxlinkdim=1000 maxerr=9.76E-07 time=200.165
After sweep 24 energy=-254.2427  maxlinkdim=1000 maxerr=1.72E-06 time=207.082
After sweep 25 energy=-254.30191  maxlinkdim=1000 maxerr=5.64E-07 time=215.333
After sweep 26 energy=-254.35333  maxlinkdim=1000 maxerr=3.96E-07 time=214.937
After sweep 27 energy=-254.39024  maxlinkdim=1000 maxerr=4.07E-07 time=218.072
After sweep 28 energy=-254.42546  maxlinkdim=1000 maxerr=2.25E-07 time=221.712
After sweep 29 energy=-254.455  maxlinkdim=1000 maxerr=1.02E-06 time=227.535
After sweep 30 energy=-254.4768  maxlinkdim=1000 maxerr=2.76E-07 time=229.377
Not same mu, searching again
After sweep 1 energy=-238.59193  maxlinkdim=10 maxerr=8.52E-03 time=1.256
After sweep 2 energy=-247.19936  maxlinkdim=20 maxerr=2.06E-03 time=1.610
After sweep 3 energy=-251.21411  maxlinkdim=100 maxerr=7.43E-06 time=2.731
After sweep 4 energy=-251.6408  maxlinkdim=1000 maxerr=3.45E-10 time=60.296
After sweep 5 energy=-252.1506  maxlinkdim=1000 maxerr=9.87E-08 time=124.078
After sweep 6 energy=-252.47098  maxlinkdim=1000 maxerr=3.14E-08 time=89.444
After sweep 7 energy=-252.73428  maxlinkdim=1000 maxerr=1.11E-09 time=85.555
After sweep 8 energy=-252.9336  maxlinkdim=1000 maxerr=4.64E-08 time=91.460
After sweep 9 energy=-253.12964  maxlinkdim=1000 maxerr=4.64E-08 time=107.312
After sweep 10 energy=-253.31181  maxlinkdim=1000 maxerr=1.95E-08 time=121.022
After sweep 11 energy=-253.54025  maxlinkdim=1000 maxerr=7.95E-07 time=139.229
After sweep 12 energy=-253.77245  maxlinkdim=1000 maxerr=1.01E-07 time=153.381
After sweep 13 energy=-253.97264  maxlinkdim=1000 maxerr=8.92E-07 time=149.301
After sweep 14 energy=-254.18665  maxlinkdim=1000 maxerr=3.07E-06 time=150.354
After sweep 15 energy=-254.42021  maxlinkdim=1000 maxerr=3.33E-07 time=166.547
After sweep 16 energy=-254.62306  maxlinkdim=1000 maxerr=2.61E-07 time=162.946
After sweep 17 energy=-254.79602  maxlinkdim=1000 maxerr=7.65E-07 time=169.025
After sweep 18 energy=-254.9447  maxlinkdim=1000 maxerr=3.26E-07 time=170.629
After sweep 19 energy=-255.04494  maxlinkdim=1000 maxerr=9.31E-07 time=177.277
After sweep 20 energy=-255.13902  maxlinkdim=1000 maxerr=6.34E-07 time=176.081
After sweep 21 energy=-255.24611  maxlinkdim=1000 maxerr=2.57E-07 time=189.665
After sweep 22 energy=-255.35803  maxlinkdim=1000 maxerr=9.79E-07 time=199.438
After sweep 23 energy=-255.44836  maxlinkdim=1000 maxerr=1.01E-06 time=202.632
After sweep 24 energy=-255.53691  maxlinkdim=1000 maxerr=4.47E-07 time=199.947
After sweep 25 energy=-255.61488  maxlinkdim=1000 maxerr=1.00E-06 time=205.955
After sweep 26 energy=-255.65794  maxlinkdim=1000 maxerr=3.21E-07 time=209.003
After sweep 27 energy=-255.67857  maxlinkdim=1000 maxerr=8.97E-07 time=220.496
After sweep 28 energy=-255.70482  maxlinkdim=1000 maxerr=2.20E-07 time=218.961
After sweep 29 energy=-255.71361  maxlinkdim=1000 maxerr=1.64E-07 time=224.105
After sweep 30 energy=-255.71971  maxlinkdim=1000 maxerr=1.99E-07 time=225.077
n0: 0.9344478; n1: 0.9372861; mu0: 1.6825158610452768; mu1: 1.6925158610452768
FOUND MU; mu: 1.6925158610452768  n: 0.9372861
Target density achieved with mu=1.6925158610452768, n=0.9372861
Checking {alpha,beta} vs measured
Alpha not converged.
NOT CONVERGED; updating alpha, beta and continuing...
After sweep 1 energy=-239.14937  maxlinkdim=10 maxerr=4.75E-03 time=1.264
After sweep 2 energy=-247.18327  maxlinkdim=20 maxerr=1.86E-03 time=1.630
After sweep 3 energy=-251.01494  maxlinkdim=100 maxerr=7.72E-06 time=2.682
After sweep 4 energy=-251.4708  maxlinkdim=1000 maxerr=3.12E-10 time=60.416
After sweep 5 energy=-252.06879  maxlinkdim=1000 maxerr=6.05E-08 time=135.572
After sweep 6 energy=-252.5118  maxlinkdim=1000 maxerr=1.59E-07 time=123.427
After sweep 7 energy=-252.77107  maxlinkdim=1000 maxerr=3.42E-09 time=96.106
After sweep 8 energy=-252.9813  maxlinkdim=1000 maxerr=1.55E-07 time=94.789
After sweep 9 energy=-253.25146  maxlinkdim=1000 maxerr=1.72E-07 time=127.340
After sweep 10 energy=-253.55089  maxlinkdim=1000 maxerr=2.85E-07 time=146.626
After sweep 11 energy=-253.79214  maxlinkdim=1000 maxerr=7.37E-08 time=154.563
After sweep 12 energy=-254.02219  maxlinkdim=1000 maxerr=6.91E-08 time=165.964
After sweep 13 energy=-254.32059  maxlinkdim=1000 maxerr=2.93E-07 time=180.788
After sweep 14 energy=-254.51602  maxlinkdim=1000 maxerr=1.30E-07 time=177.191
After sweep 15 energy=-254.68732  maxlinkdim=1000 maxerr=5.01E-07 time=179.664
After sweep 16 energy=-254.8103  maxlinkdim=1000 maxerr=3.93E-06 time=174.934
After sweep 17 energy=-254.96036  maxlinkdim=1000 maxerr=1.32E-06 time=178.260
After sweep 18 energy=-255.07388  maxlinkdim=1000 maxerr=2.67E-06 time=187.511
After sweep 19 energy=-255.17409  maxlinkdim=1000 maxerr=3.01E-06 time=189.741
After sweep 20 energy=-255.25133  maxlinkdim=1000 maxerr=1.21E-06 time=189.993
After sweep 21 energy=-255.30635  maxlinkdim=1000 maxerr=1.20E-06 time=191.780
After sweep 22 energy=-255.38599  maxlinkdim=1000 maxerr=6.54E-07 time=200.585
After sweep 23 energy=-255.44968  maxlinkdim=1000 maxerr=6.16E-07 time=206.614
After sweep 24 energy=-255.49919  maxlinkdim=1000 maxerr=4.12E-07 time=201.695
After sweep 25 energy=-255.53581  maxlinkdim=1000 maxerr=3.87E-07 time=203.834
After sweep 26 energy=-255.57338  maxlinkdim=1000 maxerr=4.74E-07 time=205.482
After sweep 27 energy=-255.60565  maxlinkdim=1000 maxerr=2.33E-07 time=211.376
After sweep 28 energy=-255.63239  maxlinkdim=1000 maxerr=8.24E-07 time=223.151
After sweep 29 energy=-255.65984  maxlinkdim=1000 maxerr=1.97E-07 time=226.070
After sweep 30 energy=-255.67758  maxlinkdim=1000 maxerr=2.02E-07 time=222.307
Not same mu, searching again
After sweep 1 energy=-237.8183  maxlinkdim=10 maxerr=5.57E-03 time=1.373
After sweep 2 energy=-245.88335  maxlinkdim=20 maxerr=1.89E-03 time=1.523
After sweep 3 energy=-249.89949  maxlinkdim=100 maxerr=8.64E-06 time=2.577
After sweep 4 energy=-250.33025  maxlinkdim=1000 maxerr=3.28E-10 time=60.189
After sweep 5 energy=-250.81734  maxlinkdim=1000 maxerr=4.70E-08 time=133.760
After sweep 6 energy=-251.2075  maxlinkdim=1000 maxerr=3.27E-08 time=97.631
After sweep 7 energy=-251.49161  maxlinkdim=1000 maxerr=2.13E-09 time=94.696
After sweep 8 energy=-251.7332  maxlinkdim=1000 maxerr=3.10E-08 time=96.429
After sweep 9 energy=-251.94144  maxlinkdim=1000 maxerr=2.93E-08 time=107.165
After sweep 10 energy=-252.11592  maxlinkdim=1000 maxerr=4.62E-08 time=124.021
After sweep 11 energy=-252.3371  maxlinkdim=1000 maxerr=2.36E-07 time=149.600
After sweep 12 energy=-252.5482  maxlinkdim=1000 maxerr=3.19E-07 time=154.917
After sweep 13 energy=-252.74452  maxlinkdim=1000 maxerr=5.99E-07 time=150.346
After sweep 14 energy=-252.90561  maxlinkdim=1000 maxerr=5.59E-06 time=153.309
After sweep 15 energy=-253.1099  maxlinkdim=1000 maxerr=8.42E-07 time=173.951
After sweep 16 energy=-253.28722  maxlinkdim=1000 maxerr=9.98E-07 time=173.362
After sweep 17 energy=-253.42249  maxlinkdim=1000 maxerr=1.41E-06 time=174.490
After sweep 18 energy=-253.57346  maxlinkdim=1000 maxerr=9.22E-07 time=180.267
After sweep 19 energy=-253.74353  maxlinkdim=1000 maxerr=1.32E-06 time=184.928
After sweep 20 energy=-253.89142  maxlinkdim=1000 maxerr=5.07E-07 time=193.622
After sweep 21 energy=-254.01149  maxlinkdim=1000 maxerr=6.21E-07 time=192.853
After sweep 22 energy=-254.1096  maxlinkdim=1000 maxerr=8.57E-07 time=192.759
After sweep 23 energy=-254.19011  maxlinkdim=1000 maxerr=1.27E-06 time=199.503
After sweep 24 energy=-254.25603  maxlinkdim=1000 maxerr=7.58E-07 time=195.446
After sweep 25 energy=-254.31462  maxlinkdim=1000 maxerr=3.41E-07 time=202.111
After sweep 26 energy=-254.35472  maxlinkdim=1000 maxerr=5.28E-07 time=204.499
After sweep 27 energy=-254.39702  maxlinkdim=1000 maxerr=2.96E-07 time=208.112
After sweep 28 energy=-254.42606  maxlinkdim=1000 maxerr=1.08E-06 time=213.253
After sweep 29 energy=-254.4532  maxlinkdim=1000 maxerr=2.77E-07 time=211.652
After sweep 30 energy=-254.47008  maxlinkdim=1000 maxerr=9.57E-07 time=211.720
n0: 0.93644774; n1: 0.9391509; mu0: 1.6825158610452768; mu1: 1.6925158610452768

Range found between mu0: 1.6825158610452768 (n0: 0.93644774) and mu1: 1.6925158610452768 (n1: 0.9391509); refining...
n0: 0.93644774; n1: 0.9391509; mu0: 1.6825158610452768; mu1: 1.6925158610452768
Trying secant step...
After sweep 1 energy=-238.20418  maxlinkdim=10 maxerr=4.12E-03 time=1.234
After sweep 2 energy=-246.42198  maxlinkdim=20 maxerr=2.32E-03 time=1.609
After sweep 3 energy=-250.49081  maxlinkdim=100 maxerr=9.09E-06 time=2.718
After sweep 4 energy=-250.95125  maxlinkdim=1000 maxerr=3.68E-10 time=65.209
After sweep 5 energy=-251.46687  maxlinkdim=1000 maxerr=3.19E-08 time=135.698
After sweep 6 energy=-251.80383  maxlinkdim=1000 maxerr=3.39E-08 time=94.558
After sweep 7 energy=-252.03726  maxlinkdim=920 maxerr=5.41E-08 time=74.551
After sweep 8 energy=-252.23631  maxlinkdim=1000 maxerr=3.62E-10 time=76.122
After sweep 9 energy=-252.41792  maxlinkdim=1000 maxerr=2.80E-08 time=80.281
After sweep 10 energy=-252.64682  maxlinkdim=1000 maxerr=5.24E-08 time=104.865
After sweep 11 energy=-252.9039  maxlinkdim=1000 maxerr=6.32E-08 time=136.269
After sweep 12 energy=-253.08774  maxlinkdim=1000 maxerr=3.06E-08 time=136.191
After sweep 13 energy=-253.2471  maxlinkdim=1000 maxerr=1.18E-08 time=137.201
After sweep 14 energy=-253.39107  maxlinkdim=1000 maxerr=8.99E-08 time=148.405
After sweep 15 energy=-253.56445  maxlinkdim=1000 maxerr=7.67E-07 time=154.954
After sweep 16 energy=-253.74422  maxlinkdim=1000 maxerr=1.32E-06 time=160.561
After sweep 17 energy=-253.89879  maxlinkdim=1000 maxerr=2.72E-06 time=171.222
After sweep 18 energy=-254.0745  maxlinkdim=1000 maxerr=1.35E-06 time=179.636
After sweep 19 energy=-254.20412  maxlinkdim=1000 maxerr=1.16E-06 time=177.595
After sweep 20 energy=-254.30724  maxlinkdim=1000 maxerr=3.16E-06 time=187.125
After sweep 21 energy=-254.40271  maxlinkdim=1000 maxerr=1.14E-06 time=192.198
After sweep 22 energy=-254.49368  maxlinkdim=1000 maxerr=1.63E-06 time=190.802
After sweep 23 energy=-254.58429  maxlinkdim=1000 maxerr=7.24E-07 time=197.953
After sweep 24 energy=-254.6609  maxlinkdim=1000 maxerr=1.08E-06 time=198.221
After sweep 25 energy=-254.7369  maxlinkdim=1000 maxerr=6.37E-07 time=200.641
After sweep 26 energy=-254.81181  maxlinkdim=1000 maxerr=8.63E-07 time=208.540
After sweep 27 energy=-254.88235  maxlinkdim=1000 maxerr=3.43E-07 time=214.756
After sweep 28 energy=-254.92067  maxlinkdim=1000 maxerr=1.90E-07 time=218.576
After sweep 29 energy=-254.94968  maxlinkdim=1000 maxerr=1.77E-07 time=222.890
After sweep 30 energy=-254.97168  maxlinkdim=1000 maxerr=1.20E-07 time=226.696
FOUND MU (secant); mu: 1.6864085228903993  n: 0.93704313
Target density achieved with mu=1.6864085228903993, n=0.93704313
Checking {alpha,beta} vs measured
Alpha not converged.
NOT CONVERGED; updating alpha, beta and continuing...
After sweep 1 energy=-237.67336  maxlinkdim=10 maxerr=7.48E-03 time=1.419
After sweep 2 energy=-246.67316  maxlinkdim=20 maxerr=2.10E-03 time=1.544
After sweep 3 energy=-250.65913  maxlinkdim=100 maxerr=6.03E-06 time=2.603
After sweep 4 energy=-251.02934  maxlinkdim=1000 maxerr=3.54E-10 time=61.266
After sweep 5 energy=-251.42897  maxlinkdim=1000 maxerr=1.01E-07 time=117.221
After sweep 6 energy=-251.70258  maxlinkdim=1000 maxerr=2.38E-08 time=79.316
After sweep 7 energy=-251.88673  maxlinkdim=1000 maxerr=2.82E-08 time=64.165
After sweep 8 energy=-252.07191  maxlinkdim=1000 maxerr=3.19E-08 time=83.482
After sweep 9 energy=-252.29932  maxlinkdim=1000 maxerr=1.57E-08 time=116.911
After sweep 10 energy=-252.46538  maxlinkdim=1000 maxerr=3.06E-07 time=112.873
After sweep 11 energy=-252.60542  maxlinkdim=1000 maxerr=1.05E-07 time=121.183
After sweep 12 energy=-252.78477  maxlinkdim=1000 maxerr=9.60E-07 time=141.103
After sweep 13 energy=-252.95357  maxlinkdim=1000 maxerr=5.95E-07 time=149.509
After sweep 14 energy=-253.13261  maxlinkdim=1000 maxerr=1.54E-07 time=151.824
After sweep 15 energy=-253.34328  maxlinkdim=1000 maxerr=5.80E-07 time=167.537
After sweep 16 energy=-253.59143  maxlinkdim=1000 maxerr=1.80E-07 time=183.986
After sweep 17 energy=-253.8652  maxlinkdim=1000 maxerr=1.68E-07 time=191.096
After sweep 18 energy=-254.12885  maxlinkdim=1000 maxerr=1.07E-06 time=194.765
After sweep 19 energy=-254.31223  maxlinkdim=1000 maxerr=2.56E-07 time=197.610
After sweep 20 energy=-254.4377  maxlinkdim=1000 maxerr=1.48E-07 time=188.368
After sweep 21 energy=-254.53198  maxlinkdim=1000 maxerr=1.28E-07 time=194.470
After sweep 22 energy=-254.61694  maxlinkdim=1000 maxerr=1.09E-06 time=191.898
After sweep 23 energy=-254.6966  maxlinkdim=1000 maxerr=4.01E-07 time=199.725
After sweep 24 energy=-254.75179  maxlinkdim=1000 maxerr=5.89E-08 time=201.615
After sweep 25 energy=-254.79765  maxlinkdim=1000 maxerr=1.77E-07 time=204.322
After sweep 26 energy=-254.84152  maxlinkdim=1000 maxerr=1.79E-07 time=212.685
After sweep 27 energy=-254.87947  maxlinkdim=1000 maxerr=7.88E-07 time=210.767
After sweep 28 energy=-254.91782  maxlinkdim=1000 maxerr=2.82E-07 time=220.522
After sweep 29 energy=-254.94292  maxlinkdim=1000 maxerr=2.61E-07 time=228.045
After sweep 30 energy=-254.96115  maxlinkdim=1000 maxerr=3.30E-07 time=231.710
Same mu: 1.6864085228903993 and continuing
Target density achieved with mu=1.6864085228903993, n=0.9376531
Checking {alpha,beta} vs measured
Alpha not converged.
NOT CONVERGED; updating alpha, beta and continuing...
After sweep 1 energy=-238.00655  maxlinkdim=10 maxerr=3.61E-03 time=1.268
After sweep 2 energy=-246.39583  maxlinkdim=20 maxerr=2.06E-03 time=1.622
After sweep 3 energy=-250.4165  maxlinkdim=100 maxerr=7.30E-06 time=2.776
After sweep 4 energy=-250.81592  maxlinkdim=1000 maxerr=3.02E-10 time=60.534
After sweep 5 energy=-251.30771  maxlinkdim=1000 maxerr=2.08E-09 time=128.958
After sweep 6 energy=-251.71968  maxlinkdim=1000 maxerr=2.82E-07 time=107.943
After sweep 7 energy=-251.94582  maxlinkdim=958 maxerr=1.63E-07 time=82.073
After sweep 8 energy=-252.1313  maxlinkdim=1000 maxerr=9.11E-10 time=84.191
After sweep 9 energy=-252.30844  maxlinkdim=1000 maxerr=9.14E-08 time=100.329
After sweep 10 energy=-252.51636  maxlinkdim=1000 maxerr=9.25E-08 time=132.431
After sweep 11 energy=-252.77812  maxlinkdim=1000 maxerr=1.71E-07 time=154.155
After sweep 12 energy=-253.01404  maxlinkdim=1000 maxerr=2.41E-06 time=160.038
After sweep 13 energy=-253.2077  maxlinkdim=1000 maxerr=5.80E-07 time=168.109
After sweep 14 energy=-253.37425  maxlinkdim=1000 maxerr=5.47E-07 time=169.587
After sweep 15 energy=-253.55223  maxlinkdim=1000 maxerr=8.73E-07 time=180.918
After sweep 16 energy=-253.72945  maxlinkdim=1000 maxerr=8.51E-07 time=186.562
After sweep 17 energy=-253.93845  maxlinkdim=1000 maxerr=9.98E-08 time=194.396
After sweep 18 energy=-254.11636  maxlinkdim=1000 maxerr=3.03E-07 time=200.348
After sweep 19 energy=-254.23576  maxlinkdim=1000 maxerr=3.23E-06 time=194.106
After sweep 20 energy=-254.3614  maxlinkdim=1000 maxerr=8.34E-06 time=195.951
After sweep 21 energy=-254.44785  maxlinkdim=1000 maxerr=2.60E-06 time=193.157
After sweep 22 energy=-254.52057  maxlinkdim=1000 maxerr=2.56E-06 time=191.844
After sweep 23 energy=-254.60419  maxlinkdim=1000 maxerr=4.91E-07 time=200.230
After sweep 24 energy=-254.67593  maxlinkdim=1000 maxerr=8.60E-07 time=208.434
After sweep 25 energy=-254.71822  maxlinkdim=1000 maxerr=9.75E-07 time=208.622
After sweep 26 energy=-254.75287  maxlinkdim=1000 maxerr=1.19E-06 time=207.210
After sweep 27 energy=-254.79295  maxlinkdim=1000 maxerr=1.07E-06 time=208.619
After sweep 28 energy=-254.8414  maxlinkdim=1000 maxerr=1.59E-06 time=218.028
After sweep 29 energy=-254.88605  maxlinkdim=1000 maxerr=1.14E-06 time=222.591
After sweep 30 energy=-254.92178  maxlinkdim=1000 maxerr=2.79E-07 time=224.535
Not same mu, searching again
After sweep 1 energy=-239.30121  maxlinkdim=10 maxerr=4.72E-03 time=1.378
After sweep 2 energy=-247.53677  maxlinkdim=20 maxerr=2.38E-03 time=1.536
After sweep 3 energy=-251.45663  maxlinkdim=100 maxerr=8.74E-06 time=2.616
After sweep 4 energy=-251.94168  maxlinkdim=1000 maxerr=4.18E-10 time=60.657
After sweep 5 energy=-252.54375  maxlinkdim=1000 maxerr=5.76E-08 time=137.006
After sweep 6 energy=-252.97838  maxlinkdim=1000 maxerr=4.09E-08 time=102.774
After sweep 7 energy=-253.24666  maxlinkdim=1000 maxerr=9.74E-09 time=79.283
After sweep 8 energy=-253.47777  maxlinkdim=1000 maxerr=5.75E-08 time=86.570
After sweep 9 energy=-253.7034  maxlinkdim=1000 maxerr=1.18E-09 time=101.326
After sweep 10 energy=-253.93387  maxlinkdim=1000 maxerr=1.65E-07 time=125.985
After sweep 11 energy=-254.19449  maxlinkdim=1000 maxerr=6.29E-08 time=141.332
After sweep 12 energy=-254.49211  maxlinkdim=1000 maxerr=1.08E-07 time=142.403
After sweep 13 energy=-254.73825  maxlinkdim=1000 maxerr=4.79E-07 time=168.415
After sweep 14 energy=-254.95656  maxlinkdim=1000 maxerr=8.23E-07 time=165.858
After sweep 15 energy=-255.08813  maxlinkdim=1000 maxerr=4.31E-08 time=164.915
After sweep 16 energy=-255.20683  maxlinkdim=1000 maxerr=5.10E-07 time=166.355
After sweep 17 energy=-255.35066  maxlinkdim=1000 maxerr=7.53E-07 time=177.582
After sweep 18 energy=-255.49864  maxlinkdim=1000 maxerr=5.92E-06 time=179.431
After sweep 19 energy=-255.62195  maxlinkdim=1000 maxerr=3.56E-07 time=180.195
After sweep 20 energy=-255.74402  maxlinkdim=1000 maxerr=1.13E-06 time=189.468
After sweep 21 energy=-255.81163  maxlinkdim=1000 maxerr=7.91E-07 time=182.962
After sweep 22 energy=-255.88141  maxlinkdim=1000 maxerr=5.96E-07 time=201.998
After sweep 23 energy=-255.95705  maxlinkdim=1000 maxerr=1.72E-06 time=198.414
After sweep 24 energy=-256.02618  maxlinkdim=1000 maxerr=7.46E-07 time=204.423
After sweep 25 energy=-256.07233  maxlinkdim=1000 maxerr=1.48E-07 time=206.327
After sweep 26 energy=-256.09952  maxlinkdim=1000 maxerr=1.57E-07 time=211.925
After sweep 27 energy=-256.12396  maxlinkdim=1000 maxerr=1.39E-07 time=217.293
After sweep 28 energy=-256.1466  maxlinkdim=1000 maxerr=1.91E-07 time=211.712
After sweep 29 energy=-256.16437  maxlinkdim=1000 maxerr=2.75E-07 time=218.238
After sweep 30 energy=-256.17776  maxlinkdim=1000 maxerr=1.88E-07 time=225.528
n0: 0.9357672; n1: 0.93768203; mu0: 1.6864085228903993; mu1: 1.6964085228903993
FOUND MU; mu: 1.6964085228903993  n: 0.93768203
Target density achieved with mu=1.6964085228903993, n=0.93768203
Checking {alpha,beta} vs measured
Alpha not converged.
NOT CONVERGED; updating alpha, beta and continuing...
After sweep 1 energy=-239.24078  maxlinkdim=10 maxerr=7.64E-03 time=1.233
After sweep 2 energy=-248.08002  maxlinkdim=20 maxerr=1.91E-03 time=1.596
After sweep 3 energy=-251.86899  maxlinkdim=100 maxerr=9.40E-06 time=2.760
After sweep 4 energy=-252.24454  maxlinkdim=1000 maxerr=4.05E-10 time=61.411
After sweep 5 energy=-252.6985  maxlinkdim=1000 maxerr=2.24E-08 time=130.087
After sweep 6 energy=-252.99463  maxlinkdim=1000 maxerr=7.91E-09 time=105.249
After sweep 7 energy=-253.1905  maxlinkdim=1000 maxerr=4.14E-08 time=95.879
After sweep 8 energy=-253.375  maxlinkdim=1000 maxerr=9.52E-08 time=108.642
After sweep 9 energy=-253.53441  maxlinkdim=1000 maxerr=1.46E-07 time=121.603
After sweep 10 energy=-253.66429  maxlinkdim=1000 maxerr=1.46E-08 time=125.030
After sweep 11 energy=-253.8371  maxlinkdim=1000 maxerr=1.38E-07 time=142.401
After sweep 12 energy=-253.9865  maxlinkdim=1000 maxerr=1.53E-07 time=145.215
After sweep 13 energy=-254.13383  maxlinkdim=1000 maxerr=1.11E-07 time=154.858
After sweep 14 energy=-254.33974  maxlinkdim=1000 maxerr=2.86E-07 time=169.650
After sweep 15 energy=-254.6388  maxlinkdim=1000 maxerr=1.26E-06 time=175.546
After sweep 16 energy=-254.91702  maxlinkdim=1000 maxerr=1.30E-06 time=191.671
After sweep 17 energy=-255.09966  maxlinkdim=1000 maxerr=7.27E-08 time=187.570
After sweep 18 energy=-255.24887  maxlinkdim=1000 maxerr=3.99E-08 time=192.532
After sweep 19 energy=-255.39563  maxlinkdim=1000 maxerr=1.24E-07 time=197.875
After sweep 20 energy=-255.57315  maxlinkdim=1000 maxerr=1.14E-06 time=207.544
After sweep 21 energy=-255.68788  maxlinkdim=1000 maxerr=1.66E-07 time=208.313
After sweep 22 energy=-255.76  maxlinkdim=1000 maxerr=1.98E-06 time=207.648
After sweep 23 energy=-255.8189  maxlinkdim=1000 maxerr=2.65E-07 time=215.205
After sweep 24 energy=-255.87859  maxlinkdim=1000 maxerr=5.83E-07 time=219.471
After sweep 25 energy=-255.93146  maxlinkdim=1000 maxerr=1.38E-07 time=219.313
After sweep 26 energy=-255.96465  maxlinkdim=1000 maxerr=6.61E-07 time=225.767
After sweep 27 energy=-256.0095  maxlinkdim=1000 maxerr=8.99E-07 time=226.261
After sweep 28 energy=-256.03793  maxlinkdim=1000 maxerr=7.31E-07 time=225.702
After sweep 29 energy=-256.0703  maxlinkdim=1000 maxerr=2.85E-07 time=232.730
After sweep 30 energy=-256.09  maxlinkdim=1000 maxerr=3.39E-07 time=231.948
Not same mu, searching again
After sweep 1 energy=-240.33664  maxlinkdim=10 maxerr=7.60E-03 time=1.289
After sweep 2 energy=-249.06775  maxlinkdim=20 maxerr=2.03E-03 time=1.459
After sweep 3 energy=-253.0654  maxlinkdim=100 maxerr=3.70E-06 time=2.896
After sweep 4 energy=-253.4799  maxlinkdim=1000 maxerr=2.05E-10 time=59.038
After sweep 5 energy=-253.94716  maxlinkdim=1000 maxerr=4.22E-08 time=126.317
After sweep 6 energy=-254.29163  maxlinkdim=1000 maxerr=8.64E-08 time=108.620
After sweep 7 energy=-254.52008  maxlinkdim=1000 maxerr=4.08E-08 time=101.075
After sweep 8 energy=-254.6993  maxlinkdim=1000 maxerr=2.16E-08 time=111.486
After sweep 9 energy=-254.9283  maxlinkdim=1000 maxerr=1.45E-07 time=129.774
After sweep 10 energy=-255.20277  maxlinkdim=1000 maxerr=8.00E-08 time=158.646
After sweep 11 energy=-255.46127  maxlinkdim=1000 maxerr=7.29E-08 time=160.081
After sweep 12 energy=-255.76039  maxlinkdim=1000 maxerr=3.57E-07 time=170.477
After sweep 13 energy=-256.00626  maxlinkdim=1000 maxerr=7.24E-08 time=170.492
After sweep 14 energy=-256.18674  maxlinkdim=1000 maxerr=1.98E-07 time=159.350
After sweep 15 energy=-256.38687  maxlinkdim=1000 maxerr=1.86E-07 time=171.227
After sweep 16 energy=-256.57446  maxlinkdim=1000 maxerr=4.87E-07 time=178.925
After sweep 17 energy=-256.707  maxlinkdim=1000 maxerr=2.12E-07 time=181.160
After sweep 18 energy=-256.8502  maxlinkdim=1000 maxerr=2.00E-07 time=185.577
After sweep 19 energy=-256.9748  maxlinkdim=1000 maxerr=4.15E-07 time=189.411
After sweep 20 energy=-257.06628  maxlinkdim=1000 maxerr=5.46E-07 time=191.485
After sweep 21 energy=-257.12646  maxlinkdim=1000 maxerr=4.16E-07 time=191.433
After sweep 22 energy=-257.17526  maxlinkdim=1000 maxerr=2.81E-07 time=196.251
After sweep 23 energy=-257.21027  maxlinkdim=1000 maxerr=2.05E-07 time=205.641
After sweep 24 energy=-257.23962  maxlinkdim=1000 maxerr=5.42E-07 time=211.273
After sweep 25 energy=-257.2592  maxlinkdim=1000 maxerr=1.02E-06 time=219.465
After sweep 26 energy=-257.26614  maxlinkdim=1000 maxerr=1.95E-07 time=218.990
After sweep 27 energy=-257.2767  maxlinkdim=1000 maxerr=6.33E-07 time=221.064
After sweep 28 energy=-257.28683  maxlinkdim=1000 maxerr=2.32E-07 time=232.962
After sweep 29 energy=-257.3058  maxlinkdim=1000 maxerr=3.10E-07 time=229.134
After sweep 30 energy=-257.32968  maxlinkdim=1000 maxerr=5.98E-07 time=231.227
n0: 0.9311009; n1: 0.9409485; mu0: 1.6964085228903993; mu1: 1.7064085228903993

Range found between mu0: 1.6964085228903993 (n0: 0.9311009) and mu1: 1.7064085228903993 (n1: 0.9409485); refining...
n0: 0.9311009; n1: 0.9409485; mu0: 1.6964085228903993; mu1: 1.7064085228903993
Trying secant step...
After sweep 1 energy=-240.38194  maxlinkdim=10 maxerr=7.03E-03 time=1.383
After sweep 2 energy=-248.68738  maxlinkdim=20 maxerr=2.14E-03 time=1.541
After sweep 3 energy=-252.61096  maxlinkdim=100 maxerr=1.02E-05 time=2.612
After sweep 4 energy=-252.96227  maxlinkdim=1000 maxerr=3.62E-10 time=61.388
After sweep 5 energy=-253.37567  maxlinkdim=1000 maxerr=7.66E-08 time=124.008
After sweep 6 energy=-253.67567  maxlinkdim=1000 maxerr=1.09E-08 time=87.971
After sweep 7 energy=-253.9124  maxlinkdim=1000 maxerr=1.30E-08 time=89.957
After sweep 8 energy=-254.12218  maxlinkdim=1000 maxerr=2.45E-07 time=102.296
After sweep 9 energy=-254.30049  maxlinkdim=1000 maxerr=1.18E-07 time=109.260
After sweep 10 energy=-254.5585  maxlinkdim=1000 maxerr=2.53E-08 time=133.009
After sweep 11 energy=-254.76822  maxlinkdim=1000 maxerr=5.97E-08 time=146.708
After sweep 12 energy=-254.98434  maxlinkdim=1000 maxerr=9.73E-07 time=157.509
After sweep 13 energy=-255.199  maxlinkdim=1000 maxerr=2.89E-06 time=160.175
After sweep 14 energy=-255.43074  maxlinkdim=1000 maxerr=1.30E-06 time=172.986
After sweep 15 energy=-255.6615  maxlinkdim=1000 maxerr=1.72E-06 time=181.949
After sweep 16 energy=-255.86644  maxlinkdim=1000 maxerr=1.60E-07 time=184.500
After sweep 17 energy=-256.05334  maxlinkdim=1000 maxerr=1.19E-06 time=187.636
After sweep 18 energy=-256.2334  maxlinkdim=1000 maxerr=7.41E-07 time=196.237
After sweep 19 energy=-256.3928  maxlinkdim=1000 maxerr=2.67E-07 time=207.775
After sweep 20 energy=-256.50632  maxlinkdim=1000 maxerr=3.04E-07 time=204.632
After sweep 21 energy=-256.60574  maxlinkdim=1000 maxerr=3.72E-07 time=200.407
After sweep 22 energy=-256.68835  maxlinkdim=1000 maxerr=6.06E-07 time=205.025
After sweep 23 energy=-256.7534  maxlinkdim=1000 maxerr=8.41E-07 time=211.622
After sweep 24 energy=-256.8083  maxlinkdim=1000 maxerr=6.09E-07 time=212.929
After sweep 25 energy=-256.86145  maxlinkdim=1000 maxerr=8.33E-07 time=216.929
After sweep 26 energy=-256.90848  maxlinkdim=1000 maxerr=1.25E-07 time=221.045
After sweep 27 energy=-256.92935  maxlinkdim=1000 maxerr=1.47E-07 time=218.866
After sweep 28 energy=-256.94748  maxlinkdim=1000 maxerr=1.86E-07 time=222.427
After sweep 29 energy=-256.95905  maxlinkdim=1000 maxerr=2.64E-07 time=229.474
After sweep 30 energy=-256.96985  maxlinkdim=1000 maxerr=2.74E-07 time=231.139
FOUND MU (secant); mu: 1.7029066616792503  n: 0.93740904
Target density achieved with mu=1.7029066616792503, n=0.93740904
Checking {alpha,beta} vs measured
Alpha not converged.
NOT CONVERGED; updating alpha, beta and continuing...
After sweep 1 energy=-239.89299  maxlinkdim=10 maxerr=3.20E-03 time=1.367
After sweep 2 energy=-248.29568  maxlinkdim=20 maxerr=2.15E-03 time=1.527
After sweep 3 energy=-252.18791  maxlinkdim=100 maxerr=7.40E-06 time=2.581
After sweep 4 energy=-252.6362  maxlinkdim=1000 maxerr=3.79E-10 time=61.384
After sweep 5 energy=-253.1543  maxlinkdim=1000 maxerr=5.26E-08 time=132.037
After sweep 6 energy=-253.50674  maxlinkdim=1000 maxerr=7.96E-08 time=92.018
After sweep 7 energy=-253.73643  maxlinkdim=993 maxerr=5.78E-08 time=71.226
After sweep 8 energy=-253.95958  maxlinkdim=1000 maxerr=4.38E-10 time=79.853
After sweep 9 energy=-254.22008  maxlinkdim=1000 maxerr=6.00E-09 time=103.433
After sweep 10 energy=-254.49232  maxlinkdim=1000 maxerr=1.13E-07 time=135.683
After sweep 11 energy=-254.75197  maxlinkdim=1000 maxerr=1.94E-07 time=147.407
After sweep 12 energy=-254.99426  maxlinkdim=1000 maxerr=2.74E-07 time=157.158
After sweep 13 energy=-255.19939  maxlinkdim=1000 maxerr=5.27E-07 time=167.607
After sweep 14 energy=-255.38457  maxlinkdim=1000 maxerr=1.95E-07 time=161.611
After sweep 15 energy=-255.60017  maxlinkdim=1000 maxerr=8.89E-07 time=167.469
After sweep 16 energy=-255.80205  maxlinkdim=1000 maxerr=3.92E-06 time=174.630
After sweep 17 energy=-256.0077  maxlinkdim=1000 maxerr=8.87E-07 time=187.189
After sweep 18 energy=-256.18423  maxlinkdim=1000 maxerr=7.72E-07 time=202.280
After sweep 19 energy=-256.312  maxlinkdim=1000 maxerr=2.44E-06 time=189.091
After sweep 20 energy=-256.41498  maxlinkdim=1000 maxerr=2.17E-06 time=188.136
After sweep 21 energy=-256.5101  maxlinkdim=1000 maxerr=1.35E-06 time=189.502
After sweep 22 energy=-256.58453  maxlinkdim=1000 maxerr=4.64E-07 time=196.082
After sweep 23 energy=-256.66113  maxlinkdim=1000 maxerr=7.62E-07 time=203.626
After sweep 24 energy=-256.73782  maxlinkdim=1000 maxerr=2.11E-06 time=202.585
After sweep 25 energy=-256.79935  maxlinkdim=1000 maxerr=6.55E-07 time=206.379
After sweep 26 energy=-256.85162  maxlinkdim=1000 maxerr=2.17E-06 time=204.796
After sweep 27 energy=-256.89645  maxlinkdim=1000 maxerr=2.75E-07 time=212.366
After sweep 28 energy=-256.92935  maxlinkdim=1000 maxerr=2.99E-07 time=214.838
After sweep 29 energy=-256.951  maxlinkdim=1000 maxerr=3.47E-07 time=219.027
After sweep 30 energy=-256.96304  maxlinkdim=1000 maxerr=4.60E-07 time=219.842
Same mu: 1.7029066616792503 and continuing
Target density achieved with mu=1.7029066616792503, n=0.937555
Checking {alpha,beta} vs measured
Alpha not converged.
NOT CONVERGED; updating alpha, beta and continuing...
After sweep 1 energy=-240.44267  maxlinkdim=10 maxerr=9.15E-03 time=1.355
After sweep 2 energy=-248.52838  maxlinkdim=20 maxerr=1.88E-03 time=1.524
After sweep 3 energy=-252.60039  maxlinkdim=100 maxerr=1.31E-05 time=2.574
After sweep 4 energy=-252.98157  maxlinkdim=1000 maxerr=3.53E-10 time=59.845
After sweep 5 energy=-253.4244  maxlinkdim=1000 maxerr=6.25E-08 time=115.091
After sweep 6 energy=-253.70491  maxlinkdim=1000 maxerr=1.44E-07 time=76.978
After sweep 7 energy=-253.9156  maxlinkdim=1000 maxerr=2.98E-08 time=63.016
After sweep 8 energy=-254.10048  maxlinkdim=1000 maxerr=6.61E-08 time=73.865
After sweep 9 energy=-254.26186  maxlinkdim=1000 maxerr=9.18E-08 time=85.217
After sweep 10 energy=-254.4502  maxlinkdim=1000 maxerr=1.03E-07 time=103.069
After sweep 11 energy=-254.67365  maxlinkdim=1000 maxerr=8.31E-08 time=123.910
After sweep 12 energy=-254.87257  maxlinkdim=1000 maxerr=4.51E-08 time=126.438
After sweep 13 energy=-255.0321  maxlinkdim=1000 maxerr=1.80E-07 time=130.211
After sweep 14 energy=-255.21396  maxlinkdim=1000 maxerr=3.14E-06 time=143.986
After sweep 15 energy=-255.47076  maxlinkdim=1000 maxerr=8.29E-07 time=176.105
After sweep 16 energy=-255.69016  maxlinkdim=1000 maxerr=4.15E-07 time=178.147
After sweep 17 energy=-255.88358  maxlinkdim=1000 maxerr=1.98E-06 time=179.558
After sweep 18 energy=-256.07883  maxlinkdim=1000 maxerr=3.27E-07 time=179.203
After sweep 19 energy=-256.2314  maxlinkdim=1000 maxerr=4.94E-07 time=179.704
After sweep 20 energy=-256.39322  maxlinkdim=1000 maxerr=6.26E-07 time=188.480
After sweep 21 energy=-256.49847  maxlinkdim=1000 maxerr=5.44E-07 time=188.599
After sweep 22 energy=-256.5841  maxlinkdim=1000 maxerr=3.61E-07 time=198.159
After sweep 23 energy=-256.66757  maxlinkdim=1000 maxerr=1.83E-07 time=204.001
After sweep 24 energy=-256.73553  maxlinkdim=1000 maxerr=1.85E-07 time=203.228
After sweep 25 energy=-256.77786  maxlinkdim=1000 maxerr=2.69E-07 time=201.243
After sweep 26 energy=-256.81552  maxlinkdim=1000 maxerr=2.49E-07 time=208.098
After sweep 27 energy=-256.84354  maxlinkdim=1000 maxerr=1.81E-07 time=208.923
After sweep 28 energy=-256.87234  maxlinkdim=1000 maxerr=3.21E-07 time=219.172
After sweep 29 energy=-256.89246  maxlinkdim=1000 maxerr=2.18E-07 time=219.875
After sweep 30 energy=-256.91486  maxlinkdim=1000 maxerr=2.13E-07 time=220.442
Not same mu, searching again
After sweep 1 energy=-239.06772  maxlinkdim=10 maxerr=7.04E-03 time=1.359
After sweep 2 energy=-247.81102  maxlinkdim=20 maxerr=2.13E-03 time=1.515
After sweep 3 energy=-251.56459  maxlinkdim=100 maxerr=9.26E-06 time=2.596
After sweep 4 energy=-251.9118  maxlinkdim=1000 maxerr=4.21E-10 time=64.296
After sweep 5 energy=-252.33665  maxlinkdim=1000 maxerr=6.11E-08 time=128.294
After sweep 6 energy=-252.697  maxlinkdim=1000 maxerr=2.31E-08 time=114.934
After sweep 7 energy=-252.97195  maxlinkdim=1000 maxerr=2.16E-08 time=118.734
After sweep 8 energy=-253.19997  maxlinkdim=1000 maxerr=4.93E-09 time=125.684
After sweep 9 energy=-253.40208  maxlinkdim=1000 maxerr=5.70E-09 time=135.903
After sweep 10 energy=-253.60123  maxlinkdim=1000 maxerr=5.11E-08 time=152.779
After sweep 11 energy=-253.79712  maxlinkdim=1000 maxerr=1.29E-07 time=153.240
After sweep 12 energy=-254.08565  maxlinkdim=1000 maxerr=1.08E-07 time=180.341
After sweep 13 energy=-254.37325  maxlinkdim=1000 maxerr=2.01E-07 time=183.882
After sweep 14 energy=-254.60204  maxlinkdim=1000 maxerr=3.21E-08 time=182.532
After sweep 15 energy=-254.82251  maxlinkdim=1000 maxerr=1.50E-07 time=189.678
After sweep 16 energy=-255.00438  maxlinkdim=1000 maxerr=7.71E-08 time=191.589
After sweep 17 energy=-255.15076  maxlinkdim=1000 maxerr=3.98E-08 time=195.469
After sweep 18 energy=-255.25021  maxlinkdim=1000 maxerr=7.08E-08 time=200.426
After sweep 19 energy=-255.32509  maxlinkdim=1000 maxerr=7.59E-07 time=201.370
After sweep 20 energy=-255.40623  maxlinkdim=1000 maxerr=4.96E-07 time=208.218
After sweep 21 energy=-255.46523  maxlinkdim=1000 maxerr=4.86E-07 time=208.730
After sweep 22 energy=-255.51472  maxlinkdim=1000 maxerr=2.91E-07 time=214.216
After sweep 23 energy=-255.55716  maxlinkdim=1000 maxerr=1.47E-07 time=215.527
After sweep 24 energy=-255.58545  maxlinkdim=1000 maxerr=1.49E-07 time=219.446
After sweep 25 energy=-255.622  maxlinkdim=1000 maxerr=2.88E-07 time=221.129
After sweep 26 energy=-255.67392  maxlinkdim=1000 maxerr=1.96E-06 time=226.298
After sweep 27 energy=-255.70822  maxlinkdim=1000 maxerr=2.47E-07 time=230.383
After sweep 28 energy=-255.73567  maxlinkdim=1000 maxerr=2.01E-07 time=234.663
After sweep 29 energy=-255.75711  maxlinkdim=1000 maxerr=2.04E-07 time=235.604
After sweep 30 energy=-255.7675  maxlinkdim=1000 maxerr=2.00E-07 time=239.617
n0: 0.93692434; n1: 0.93974316; mu0: 1.6929066616792503; mu1: 1.7029066616792503
FOUND MU; mu: 1.6929066616792503  n: 0.93692434
Target density achieved with mu=1.6929066616792503, n=0.93692434
Checking {alpha,beta} vs measured
Alpha not converged.
NOT CONVERGED; updating alpha, beta and continuing...
After sweep 1 energy=-238.7572  maxlinkdim=10 maxerr=4.07E-03 time=1.351
After sweep 2 energy=-247.38821  maxlinkdim=20 maxerr=1.81E-03 time=1.531
After sweep 3 energy=-251.18506  maxlinkdim=100 maxerr=8.99E-06 time=2.603
After sweep 4 energy=-251.58655  maxlinkdim=1000 maxerr=3.61E-10 time=58.903
After sweep 5 energy=-252.07631  maxlinkdim=1000 maxerr=1.67E-07 time=126.108
After sweep 6 energy=-252.44933  maxlinkdim=1000 maxerr=6.17E-08 time=89.205
After sweep 7 energy=-252.7072  maxlinkdim=1000 maxerr=2.03E-08 time=70.575
After sweep 8 energy=-252.95949  maxlinkdim=1000 maxerr=9.17E-09 time=86.373
After sweep 9 energy=-253.21384  maxlinkdim=1000 maxerr=6.74E-09 time=114.237
After sweep 10 energy=-253.46718  maxlinkdim=1000 maxerr=2.56E-08 time=126.193
After sweep 11 energy=-253.73933  maxlinkdim=1000 maxerr=4.71E-08 time=135.635
After sweep 12 energy=-254.00385  maxlinkdim=1000 maxerr=6.98E-08 time=152.008
After sweep 13 energy=-254.18593  maxlinkdim=1000 maxerr=1.23E-07 time=155.499
After sweep 14 energy=-254.34624  maxlinkdim=1000 maxerr=3.47E-07 time=158.095
After sweep 15 energy=-254.55086  maxlinkdim=1000 maxerr=2.20E-06 time=169.266
After sweep 16 energy=-254.75363  maxlinkdim=1000 maxerr=1.33E-06 time=184.848
After sweep 17 energy=-254.85933  maxlinkdim=1000 maxerr=4.50E-07 time=171.684
After sweep 18 energy=-254.96764  maxlinkdim=1000 maxerr=7.12E-07 time=175.464
After sweep 19 energy=-255.0642  maxlinkdim=1000 maxerr=3.26E-07 time=175.375
After sweep 20 energy=-255.14198  maxlinkdim=1000 maxerr=2.02E-06 time=186.273
After sweep 21 energy=-255.21902  maxlinkdim=1000 maxerr=9.10E-07 time=185.758
After sweep 22 energy=-255.293  maxlinkdim=1000 maxerr=2.68E-06 time=187.903
After sweep 23 energy=-255.3562  maxlinkdim=1000 maxerr=2.14E-06 time=190.926
After sweep 24 energy=-255.41595  maxlinkdim=1000 maxerr=6.22E-07 time=192.983
After sweep 25 energy=-255.46751  maxlinkdim=1000 maxerr=2.32E-06 time=193.206
After sweep 26 energy=-255.51758  maxlinkdim=1000 maxerr=6.63E-07 time=195.572
After sweep 27 energy=-255.55017  maxlinkdim=1000 maxerr=3.39E-07 time=202.664
After sweep 28 energy=-255.57501  maxlinkdim=1000 maxerr=2.28E-07 time=211.330
After sweep 29 energy=-255.5947  maxlinkdim=1000 maxerr=2.09E-07 time=207.950
After sweep 30 energy=-255.60567  maxlinkdim=1000 maxerr=1.38E-07 time=211.712
Not same mu, searching again
After sweep 1 energy=-237.67175  maxlinkdim=10 maxerr=5.30E-03 time=1.366
After sweep 2 energy=-245.88336  maxlinkdim=20 maxerr=2.20E-03 time=1.517
After sweep 3 energy=-249.8471  maxlinkdim=100 maxerr=8.84E-06 time=2.606
After sweep 4 energy=-250.27718  maxlinkdim=1000 maxerr=3.45E-10 time=63.120
After sweep 5 energy=-250.80458  maxlinkdim=1000 maxerr=2.63E-08 time=129.327
After sweep 6 energy=-251.24458  maxlinkdim=1000 maxerr=1.37E-08 time=107.247
After sweep 7 energy=-251.59645  maxlinkdim=1000 maxerr=2.67E-09 time=116.528
After sweep 8 energy=-251.87195  maxlinkdim=1000 maxerr=7.05E-08 time=129.166
After sweep 9 energy=-252.0546  maxlinkdim=1000 maxerr=1.07E-07 time=126.251
After sweep 10 energy=-252.19673  maxlinkdim=1000 maxerr=3.23E-08 time=126.210
After sweep 11 energy=-252.32776  maxlinkdim=1000 maxerr=1.38E-07 time=139.642
After sweep 12 energy=-252.47885  maxlinkdim=1000 maxerr=1.65E-07 time=155.076
After sweep 13 energy=-252.65123  maxlinkdim=1000 maxerr=5.75E-07 time=167.163
After sweep 14 energy=-252.83365  maxlinkdim=1000 maxerr=5.99E-07 time=173.794
After sweep 15 energy=-253.02455  maxlinkdim=1000 maxerr=1.17E-06 time=180.528
After sweep 16 energy=-253.19731  maxlinkdim=1000 maxerr=9.09E-07 time=174.541
After sweep 17 energy=-253.3636  maxlinkdim=1000 maxerr=2.11E-05 time=176.698
After sweep 18 energy=-253.53174  maxlinkdim=1000 maxerr=2.06E-06 time=184.861
After sweep 19 energy=-253.70042  maxlinkdim=1000 maxerr=1.08E-06 time=192.267
After sweep 20 energy=-253.83235  maxlinkdim=1000 maxerr=7.26E-07 time=199.951
After sweep 21 energy=-253.9235  maxlinkdim=1000 maxerr=1.47E-06 time=190.553
After sweep 22 energy=-254.00914  maxlinkdim=1000 maxerr=1.94E-06 time=196.225
After sweep 23 energy=-254.08987  maxlinkdim=1000 maxerr=2.00E-06 time=199.058
After sweep 24 energy=-254.16286  maxlinkdim=1000 maxerr=8.87E-07 time=199.007
After sweep 25 energy=-254.23878  maxlinkdim=1000 maxerr=3.48E-06 time=200.217
After sweep 26 energy=-254.3018  maxlinkdim=1000 maxerr=1.02E-06 time=206.892
After sweep 27 energy=-254.35422  maxlinkdim=1000 maxerr=3.29E-07 time=209.283
After sweep 28 energy=-254.39482  maxlinkdim=1000 maxerr=2.29E-07 time=207.493
After sweep 29 energy=-254.48064  maxlinkdim=1000 maxerr=3.62E-05 time=211.832
After sweep 30 energy=-254.51735  maxlinkdim=1000 maxerr=4.16E-07 time=214.073
n0: 0.9371348; n1: 0.9477107; mu0: 1.6829066616792503; mu1: 1.6929066616792503
FOUND MU; mu: 1.6829066616792503  n: 0.9371348
Target density achieved with mu=1.6829066616792503, n=0.9371348
Checking {alpha,beta} vs measured
Alpha not converged.
NOT CONVERGED; updating alpha, beta and continuing...
After sweep 1 energy=-237.14973  maxlinkdim=10 maxerr=5.66E-03 time=1.350
After sweep 2 energy=-245.87373  maxlinkdim=20 maxerr=1.99E-03 time=1.518
After sweep 3 energy=-250.08649  maxlinkdim=100 maxerr=9.72E-06 time=2.616
After sweep 4 energy=-250.51076  maxlinkdim=1000 maxerr=3.33E-10 time=60.452
After sweep 5 energy=-251.00351  maxlinkdim=1000 maxerr=1.33E-07 time=127.236
After sweep 6 energy=-251.33742  maxlinkdim=1000 maxerr=2.57E-10 time=86.382
After sweep 7 energy=-251.61002  maxlinkdim=1000 maxerr=2.74E-09 time=81.988
After sweep 8 energy=-251.83475  maxlinkdim=1000 maxerr=4.05E-08 time=89.286
After sweep 9 energy=-252.03706  maxlinkdim=1000 maxerr=6.42E-10 time=94.762
After sweep 10 energy=-252.23877  maxlinkdim=1000 maxerr=1.00E-07 time=102.919
After sweep 11 energy=-252.46524  maxlinkdim=1000 maxerr=1.21E-07 time=122.579
After sweep 12 energy=-252.68184  maxlinkdim=1000 maxerr=5.08E-08 time=138.946
After sweep 13 energy=-252.93166  maxlinkdim=1000 maxerr=6.18E-08 time=163.611
After sweep 14 energy=-253.18184  maxlinkdim=1000 maxerr=4.06E-07 time=185.312
After sweep 15 energy=-253.39362  maxlinkdim=1000 maxerr=1.08E-06 time=176.122
After sweep 16 energy=-253.54846  maxlinkdim=1000 maxerr=4.18E-08 time=182.928
After sweep 17 energy=-253.66087  maxlinkdim=1000 maxerr=3.11E-08 time=174.909
After sweep 18 energy=-253.7561  maxlinkdim=1000 maxerr=5.69E-08 time=179.253
After sweep 19 energy=-253.84924  maxlinkdim=1000 maxerr=4.65E-07 time=182.067
After sweep 20 energy=-253.92928  maxlinkdim=1000 maxerr=3.97E-08 time=185.407
After sweep 21 energy=-254.01137  maxlinkdim=1000 maxerr=3.54E-07 time=186.033
After sweep 22 energy=-254.10378  maxlinkdim=1000 maxerr=5.05E-07 time=201.581
After sweep 23 energy=-254.16489  maxlinkdim=1000 maxerr=2.54E-07 time=207.175
After sweep 24 energy=-254.20909  maxlinkdim=1000 maxerr=4.03E-07 time=207.177
After sweep 25 energy=-254.24428  maxlinkdim=1000 maxerr=9.20E-07 time=213.581
After sweep 26 energy=-254.28075  maxlinkdim=1000 maxerr=2.14E-07 time=212.365
After sweep 27 energy=-254.31407  maxlinkdim=1000 maxerr=3.74E-07 time=216.756
After sweep 28 energy=-254.36317  maxlinkdim=1000 maxerr=2.49E-07 time=214.056
After sweep 29 energy=-254.41553  maxlinkdim=1000 maxerr=6.98E-07 time=215.568
After sweep 30 energy=-254.47336  maxlinkdim=1000 maxerr=4.73E-07 time=224.176
Not same mu, searching again
After sweep 1 energy=-236.47739  maxlinkdim=10 maxerr=7.37E-03 time=1.365
After sweep 2 energy=-244.87602  maxlinkdim=20 maxerr=2.09E-03 time=1.530
After sweep 3 energy=-248.79637  maxlinkdim=100 maxerr=1.18E-05 time=2.602
After sweep 4 energy=-249.24864  maxlinkdim=1000 maxerr=3.75E-10 time=59.603
After sweep 5 energy=-249.7646  maxlinkdim=1000 maxerr=2.21E-08 time=124.973
After sweep 6 energy=-250.06444  maxlinkdim=996 maxerr=5.10E-08 time=83.443
After sweep 7 energy=-250.25746  maxlinkdim=1000 maxerr=8.21E-08 time=64.958
After sweep 8 energy=-250.43001  maxlinkdim=1000 maxerr=6.32E-08 time=72.895
After sweep 9 energy=-250.60667  maxlinkdim=1000 maxerr=5.06E-08 time=91.709
After sweep 10 energy=-250.76973  maxlinkdim=1000 maxerr=1.42E-07 time=100.812
After sweep 11 energy=-250.93462  maxlinkdim=1000 maxerr=1.13E-08 time=114.565
After sweep 12 energy=-251.11702  maxlinkdim=1000 maxerr=1.25E-09 time=123.884
After sweep 13 energy=-251.29465  maxlinkdim=1000 maxerr=4.83E-08 time=125.918
After sweep 14 energy=-251.51414  maxlinkdim=1000 maxerr=2.83E-07 time=141.297
After sweep 15 energy=-251.83499  maxlinkdim=1000 maxerr=1.22E-06 time=170.252
After sweep 16 energy=-252.10748  maxlinkdim=1000 maxerr=4.49E-08 time=178.718
After sweep 17 energy=-252.29695  maxlinkdim=1000 maxerr=4.10E-07 time=160.874
After sweep 18 energy=-252.46907  maxlinkdim=1000 maxerr=3.50E-07 time=177.968
After sweep 19 energy=-252.64162  maxlinkdim=1000 maxerr=4.46E-06 time=186.673
After sweep 20 energy=-252.75787  maxlinkdim=1000 maxerr=1.47E-06 time=182.236
After sweep 21 energy=-252.84016  maxlinkdim=1000 maxerr=2.78E-07 time=190.970
After sweep 22 energy=-252.90027  maxlinkdim=1000 maxerr=1.48E-07 time=193.617
After sweep 23 energy=-252.94194  maxlinkdim=1000 maxerr=2.66E-07 time=204.153
After sweep 24 energy=-252.97954  maxlinkdim=1000 maxerr=5.92E-07 time=204.811
After sweep 25 energy=-253.00746  maxlinkdim=1000 maxerr=1.26E-07 time=209.292
After sweep 26 energy=-253.03845  maxlinkdim=1000 maxerr=1.94E-07 time=213.342
After sweep 27 energy=-253.09573  maxlinkdim=1000 maxerr=3.70E-07 time=217.831
After sweep 28 energy=-253.15451  maxlinkdim=1000 maxerr=1.70E-07 time=221.205
After sweep 29 energy=-253.20587  maxlinkdim=1000 maxerr=2.83E-07 time=215.988
After sweep 30 energy=-253.24945  maxlinkdim=1000 maxerr=2.62E-07 time=213.721
n0: 0.9414293; n1: 0.9387873; mu0: 1.6729066616792503; mu1: 1.6829066616792503
n_target < n1 and n_target < n0 triggered
After sweep 1 energy=-235.3697  maxlinkdim=10 maxerr=7.71E-03 time=1.372
After sweep 2 energy=-243.7301  maxlinkdim=20 maxerr=1.97E-03 time=1.519
After sweep 3 energy=-247.5759  maxlinkdim=100 maxerr=8.37E-06 time=2.590
After sweep 4 energy=-248.01192  maxlinkdim=1000 maxerr=3.29E-10 time=60.583
After sweep 5 energy=-248.54005  maxlinkdim=1000 maxerr=8.72E-08 time=126.861
After sweep 6 energy=-248.84343  maxlinkdim=1000 maxerr=1.64E-07 time=88.366
After sweep 7 energy=-249.06958  maxlinkdim=1000 maxerr=2.52E-09 time=72.788
After sweep 8 energy=-249.29337  maxlinkdim=1000 maxerr=6.41E-09 time=105.352
After sweep 9 energy=-249.53838  maxlinkdim=1000 maxerr=1.58E-08 time=128.605
After sweep 10 energy=-249.78828  maxlinkdim=1000 maxerr=9.75E-08 time=137.888
After sweep 11 energy=-249.99721  maxlinkdim=1000 maxerr=1.15E-07 time=151.935
After sweep 12 energy=-250.18198  maxlinkdim=1000 maxerr=1.02E-08 time=151.197
After sweep 13 energy=-250.3447  maxlinkdim=1000 maxerr=8.31E-08 time=157.715
After sweep 14 energy=-250.53204  maxlinkdim=1000 maxerr=2.35E-08 time=171.920
After sweep 15 energy=-250.74416  maxlinkdim=1000 maxerr=6.91E-08 time=185.345
After sweep 16 energy=-250.93922  maxlinkdim=1000 maxerr=1.79E-08 time=189.632
After sweep 17 energy=-251.1511  maxlinkdim=1000 maxerr=2.33E-07 time=193.926
After sweep 18 energy=-251.38664  maxlinkdim=1000 maxerr=2.30E-07 time=207.230
After sweep 19 energy=-251.5893  maxlinkdim=1000 maxerr=4.56E-07 time=216.092
After sweep 20 energy=-251.73921  maxlinkdim=1000 maxerr=7.10E-07 time=217.304
After sweep 21 energy=-251.82771  maxlinkdim=1000 maxerr=1.75E-06 time=219.406
After sweep 22 energy=-251.9116  maxlinkdim=1000 maxerr=1.21E-07 time=228.801
After sweep 23 energy=-251.95636  maxlinkdim=1000 maxerr=1.41E-07 time=229.651
After sweep 24 energy=-252.00832  maxlinkdim=1000 maxerr=7.71E-07 time=230.902
After sweep 25 energy=-252.06982  maxlinkdim=1000 maxerr=2.70E-07 time=235.331
After sweep 26 energy=-252.10304  maxlinkdim=1000 maxerr=2.98E-07 time=235.723
After sweep 27 energy=-252.12967  maxlinkdim=1000 maxerr=4.29E-07 time=235.163
After sweep 28 energy=-252.15009  maxlinkdim=1000 maxerr=3.72E-07 time=238.077
After sweep 29 energy=-252.15823  maxlinkdim=1000 maxerr=4.15E-07 time=236.237
After sweep 30 energy=-252.16566  maxlinkdim=1000 maxerr=4.66E-07 time=241.180
n0: 0.9332765; n1: 0.9414293; mu0: 1.6629066616792503; mu1: 1.6729066616792503

Range found between mu0: 1.6629066616792503 (n0: 0.9332765) and mu1: 1.6729066616792503 (n1: 0.9414293); refining...
n0: 0.9332765; n1: 0.9414293; mu0: 1.6629066616792503; mu1: 1.6729066616792503
Trying secant step...
After sweep 1 energy=-236.06477  maxlinkdim=10 maxerr=8.00E-03 time=1.244
After sweep 2 energy=-244.01178  maxlinkdim=20 maxerr=2.18E-03 time=1.659
After sweep 3 energy=-248.17737  maxlinkdim=100 maxerr=1.01E-05 time=2.682
After sweep 4 energy=-248.60585  maxlinkdim=1000 maxerr=4.06E-10 time=61.341
After sweep 5 energy=-249.12766  maxlinkdim=1000 maxerr=5.76E-08 time=132.691
After sweep 6 energy=-249.53586  maxlinkdim=1000 maxerr=4.91E-09 time=104.899
After sweep 7 energy=-249.80609  maxlinkdim=1000 maxerr=1.54E-08 time=91.463
After sweep 8 energy=-250.02725  maxlinkdim=1000 maxerr=1.33E-09 time=94.594
After sweep 9 energy=-250.244  maxlinkdim=1000 maxerr=3.75E-08 time=110.980
After sweep 10 energy=-250.47485  maxlinkdim=1000 maxerr=1.19E-07 time=126.438
After sweep 11 energy=-250.86769  maxlinkdim=1000 maxerr=1.14E-07 time=155.342
After sweep 12 energy=-251.15474  maxlinkdim=1000 maxerr=1.88E-07 time=161.926
After sweep 13 energy=-251.41563  maxlinkdim=1000 maxerr=3.75E-06 time=168.462
After sweep 14 energy=-251.71558  maxlinkdim=1000 maxerr=1.44E-06 time=172.428
After sweep 15 energy=-251.92705  maxlinkdim=1000 maxerr=2.62E-07 time=178.081
After sweep 16 energy=-252.11192  maxlinkdim=1000 maxerr=2.61E-07 time=175.279
After sweep 17 energy=-252.2805  maxlinkdim=1000 maxerr=4.45E-06 time=181.228
After sweep 18 energy=-252.42314  maxlinkdim=1000 maxerr=3.87E-07 time=186.289
After sweep 19 energy=-252.51556  maxlinkdim=1000 maxerr=4.89E-07 time=190.043
After sweep 20 energy=-252.60553  maxlinkdim=1000 maxerr=1.08E-07 time=197.884
After sweep 21 energy=-252.67639  maxlinkdim=1000 maxerr=2.28E-07 time=212.306
After sweep 22 energy=-252.72357  maxlinkdim=1000 maxerr=8.22E-07 time=212.025
After sweep 23 energy=-252.74821  maxlinkdim=1000 maxerr=2.27E-07 time=210.566
After sweep 24 energy=-252.76404  maxlinkdim=1000 maxerr=3.65E-07 time=215.468
After sweep 25 energy=-252.77536  maxlinkdim=1000 maxerr=4.28E-07 time=218.310
After sweep 26 energy=-252.7857  maxlinkdim=1000 maxerr=1.71E-07 time=222.976
After sweep 27 energy=-252.79033  maxlinkdim=1000 maxerr=4.33E-07 time=225.688
After sweep 28 energy=-252.7968  maxlinkdim=1000 maxerr=2.22E-07 time=233.093
After sweep 29 energy=-252.80064  maxlinkdim=1000 maxerr=2.00E-07 time=236.632
After sweep 30 energy=-252.80316  maxlinkdim=1000 maxerr=1.81E-07 time=239.911
FOUND MU (secant); mu: 1.6680870947771724  n: 0.93736774
Target density achieved with mu=1.6680870947771724, n=0.93736774
Checking {alpha,beta} vs measured
Alpha not converged.
NOT CONVERGED; updating alpha, beta and continuing...
After sweep 1 energy=-236.15022  maxlinkdim=10 maxerr=4.15E-03 time=1.382
After sweep 2 energy=-244.06934  maxlinkdim=20 maxerr=2.37E-03 time=1.530
After sweep 3 energy=-248.01003  maxlinkdim=100 maxerr=7.91E-06 time=2.624
After sweep 4 energy=-248.47708  maxlinkdim=1000 maxerr=4.12E-10 time=61.117
After sweep 5 energy=-249.02867  maxlinkdim=1000 maxerr=3.02E-08 time=134.965
After sweep 6 energy=-249.44148  maxlinkdim=1000 maxerr=8.33E-09 time=98.890
After sweep 7 energy=-249.71437  maxlinkdim=1000 maxerr=6.94E-08 time=86.532
After sweep 8 energy=-249.97342  maxlinkdim=1000 maxerr=8.59E-08 time=81.428
After sweep 9 energy=-250.19229  maxlinkdim=1000 maxerr=1.48E-08 time=97.207
After sweep 10 energy=-250.39912  maxlinkdim=1000 maxerr=6.79E-08 time=110.728
After sweep 11 energy=-250.60443  maxlinkdim=1000 maxerr=5.95E-08 time=121.133
After sweep 12 energy=-250.81163  maxlinkdim=1000 maxerr=4.63E-08 time=134.146
After sweep 13 energy=-251.05019  maxlinkdim=1000 maxerr=7.28E-08 time=148.613
After sweep 14 energy=-251.25368  maxlinkdim=1000 maxerr=1.27E-07 time=156.371
After sweep 15 energy=-251.50699  maxlinkdim=1000 maxerr=1.08E-06 time=172.751
After sweep 16 energy=-251.72371  maxlinkdim=1000 maxerr=4.44E-07 time=173.032
After sweep 17 energy=-251.86838  maxlinkdim=1000 maxerr=4.51E-07 time=171.753
After sweep 18 energy=-252.01042  maxlinkdim=1000 maxerr=1.24E-05 time=176.233
After sweep 19 energy=-252.15866  maxlinkdim=1000 maxerr=1.61E-05 time=177.204
After sweep 20 energy=-252.25652  maxlinkdim=1000 maxerr=7.71E-07 time=182.826
After sweep 21 energy=-252.33287  maxlinkdim=1000 maxerr=4.34E-07 time=189.851
After sweep 22 energy=-252.40892  maxlinkdim=1000 maxerr=3.75E-06 time=196.759
After sweep 23 energy=-252.48364  maxlinkdim=1000 maxerr=1.21E-06 time=212.076
After sweep 24 energy=-252.52904  maxlinkdim=1000 maxerr=2.12E-06 time=203.989
After sweep 25 energy=-252.568  maxlinkdim=1000 maxerr=3.31E-06 time=207.146
After sweep 26 energy=-252.61325  maxlinkdim=1000 maxerr=4.21E-07 time=211.427
After sweep 27 energy=-252.64775  maxlinkdim=1000 maxerr=9.03E-07 time=212.188
After sweep 28 energy=-252.68022  maxlinkdim=1000 maxerr=1.38E-06 time=218.497
After sweep 29 energy=-252.7089  maxlinkdim=1000 maxerr=3.62E-07 time=219.779
After sweep 30 energy=-252.72849  maxlinkdim=1000 maxerr=2.55E-07 time=227.331
Same mu: 1.6680870947771724 and continuing
Target density achieved with mu=1.6680870947771724, n=0.9369792
Checking {alpha,beta} vs measured
Alpha not converged.
NOT CONVERGED; updating alpha, beta and continuing...
After sweep 1 energy=-235.74979  maxlinkdim=10 maxerr=7.52E-03 time=1.387
After sweep 2 energy=-244.28844  maxlinkdim=20 maxerr=1.87E-03 time=1.545
After sweep 3 energy=-248.18513  maxlinkdim=100 maxerr=8.59E-06 time=2.656
After sweep 4 energy=-248.61967  maxlinkdim=1000 maxerr=3.30E-10 time=64.560
After sweep 5 energy=-249.14339  maxlinkdim=1000 maxerr=3.17E-08 time=130.298
After sweep 6 energy=-249.49304  maxlinkdim=1000 maxerr=3.30E-08 time=90.122
After sweep 7 energy=-249.71953  maxlinkdim=1000 maxerr=1.17E-08 time=75.624
After sweep 8 energy=-249.91779  maxlinkdim=1000 maxerr=4.90E-10 time=79.093
After sweep 9 energy=-250.14233  maxlinkdim=1000 maxerr=8.06E-08 time=97.747
After sweep 10 energy=-250.36343  maxlinkdim=1000 maxerr=2.83E-07 time=110.658
After sweep 11 energy=-250.53961  maxlinkdim=1000 maxerr=2.33E-07 time=118.478
After sweep 12 energy=-250.75398  maxlinkdim=1000 maxerr=1.82E-07 time=139.914
After sweep 13 energy=-251.03056  maxlinkdim=1000 maxerr=1.52E-07 time=161.560
After sweep 14 energy=-251.29323  maxlinkdim=1000 maxerr=3.84E-07 time=158.859
After sweep 15 energy=-251.57245  maxlinkdim=1000 maxerr=4.96E-06 time=172.252
After sweep 16 energy=-251.74225  maxlinkdim=1000 maxerr=1.66E-07 time=168.782
After sweep 17 energy=-251.87366  maxlinkdim=1000 maxerr=3.45E-07 time=172.346
After sweep 18 energy=-251.99779  maxlinkdim=1000 maxerr=7.63E-07 time=174.737
After sweep 19 energy=-252.09775  maxlinkdim=1000 maxerr=3.88E-07 time=181.714
After sweep 20 energy=-252.23067  maxlinkdim=1000 maxerr=1.02E-06 time=190.849
After sweep 21 energy=-252.33781  maxlinkdim=1000 maxerr=2.25E-06 time=195.908
After sweep 22 energy=-252.41495  maxlinkdim=1000 maxerr=6.37E-07 time=205.170
After sweep 23 energy=-252.47078  maxlinkdim=1000 maxerr=1.38E-07 time=198.789
After sweep 24 energy=-252.5167  maxlinkdim=1000 maxerr=1.37E-07 time=204.320
After sweep 25 energy=-252.55559  maxlinkdim=1000 maxerr=5.12E-07 time=213.924
After sweep 26 energy=-252.59235  maxlinkdim=1000 maxerr=1.97E-07 time=219.176
After sweep 27 energy=-252.62874  maxlinkdim=1000 maxerr=5.17E-07 time=220.250
After sweep 28 energy=-252.65862  maxlinkdim=1000 maxerr=2.52E-07 time=215.397
After sweep 29 energy=-252.6877  maxlinkdim=1000 maxerr=2.17E-07 time=219.662
After sweep 30 energy=-252.71542  maxlinkdim=1000 maxerr=2.93E-07 time=219.606
Not same mu, searching again
After sweep 1 energy=-234.77783  maxlinkdim=10 maxerr=6.55E-03 time=1.370
After sweep 2 energy=-243.43178  maxlinkdim=20 maxerr=1.96E-03 time=1.526
After sweep 3 energy=-246.96968  maxlinkdim=100 maxerr=8.86E-06 time=2.603
After sweep 4 energy=-247.37778  maxlinkdim=1000 maxerr=3.35E-10 time=59.176
After sweep 5 energy=-247.92097  maxlinkdim=1000 maxerr=1.85E-09 time=135.484
After sweep 6 energy=-248.2581  maxlinkdim=1000 maxerr=2.83E-08 time=94.715
After sweep 7 energy=-248.50522  maxlinkdim=1000 maxerr=1.09E-08 time=88.501
After sweep 8 energy=-248.77019  maxlinkdim=1000 maxerr=1.67E-07 time=105.927
After sweep 9 energy=-249.01366  maxlinkdim=1000 maxerr=1.57E-07 time=124.249
After sweep 10 energy=-249.23462  maxlinkdim=1000 maxerr=2.36E-07 time=134.375
After sweep 11 energy=-249.51907  maxlinkdim=1000 maxerr=4.29E-06 time=149.228
After sweep 12 energy=-249.74428  maxlinkdim=1000 maxerr=2.77E-07 time=155.376
After sweep 13 energy=-249.93672  maxlinkdim=1000 maxerr=9.20E-08 time=160.853
After sweep 14 energy=-250.11903  maxlinkdim=1000 maxerr=1.40E-07 time=164.782
After sweep 15 energy=-250.33298  maxlinkdim=1000 maxerr=5.14E-07 time=175.404
After sweep 16 energy=-250.53714  maxlinkdim=1000 maxerr=1.25E-07 time=182.168
After sweep 17 energy=-250.70639  maxlinkdim=1000 maxerr=1.18E-06 time=182.522
After sweep 18 energy=-250.87439  maxlinkdim=1000 maxerr=5.61E-06 time=188.032
After sweep 19 energy=-251.0033  maxlinkdim=1000 maxerr=1.63E-06 time=197.625
After sweep 20 energy=-251.10423  maxlinkdim=1000 maxerr=1.73E-07 time=194.257
After sweep 21 energy=-251.1751  maxlinkdim=1000 maxerr=1.25E-07 time=200.347
After sweep 22 energy=-251.23793  maxlinkdim=1000 maxerr=2.10E-07 time=206.816
After sweep 23 energy=-251.30295  maxlinkdim=1000 maxerr=6.42E-07 time=210.967
After sweep 24 energy=-251.37808  maxlinkdim=1000 maxerr=2.53E-07 time=222.811
After sweep 25 energy=-251.44485  maxlinkdim=1000 maxerr=2.89E-07 time=223.316
After sweep 26 energy=-251.49551  maxlinkdim=1000 maxerr=3.57E-07 time=224.924
After sweep 27 energy=-251.52736  maxlinkdim=1000 maxerr=1.29E-07 time=227.890
After sweep 28 energy=-251.54488  maxlinkdim=1000 maxerr=3.13E-07 time=227.524
After sweep 29 energy=-251.5614  maxlinkdim=1000 maxerr=4.68E-07 time=236.931
After sweep 30 energy=-251.57512  maxlinkdim=1000 maxerr=1.93E-07 time=240.541
n0: 0.9319852; n1: 0.9385508; mu0: 1.6580870947771724; mu1: 1.6680870947771724

Range found between mu0: 1.6580870947771724 (n0: 0.9319852) and mu1: 1.6680870947771724 (n1: 0.9385508); refining...
n0: 0.9319852; n1: 0.9385508; mu0: 1.6580870947771724; mu1: 1.6680870947771724
Trying secant step...
After sweep 1 energy=-234.9708  maxlinkdim=10 maxerr=7.60E-03 time=1.224
After sweep 2 energy=-243.8331  maxlinkdim=20 maxerr=1.98E-03 time=1.585
After sweep 3 energy=-247.97226  maxlinkdim=100 maxerr=7.94E-06 time=2.750
After sweep 4 energy=-248.41188  maxlinkdim=1000 maxerr=3.06E-10 time=59.859
After sweep 5 energy=-248.90807  maxlinkdim=1000 maxerr=4.67E-08 time=132.763
After sweep 6 energy=-249.24248  maxlinkdim=1000 maxerr=1.65E-07 time=92.486
After sweep 7 energy=-249.47284  maxlinkdim=1000 maxerr=6.00E-08 time=81.526
After sweep 8 energy=-249.68628  maxlinkdim=1000 maxerr=2.26E-08 time=98.040
After sweep 9 energy=-249.86485  maxlinkdim=1000 maxerr=8.37E-07 time=99.443
Time limit approaching, stopping DMRG early...
Time limit exceeded, exiting loop
Not completed, resubmitting...
Submitted batch job 48382023
