Calculating pair binding energy for ladder
L=64, U=8.0, V=-0.6, t0=1.0, density=0.875
============================================================
Pair binding energy for Hubbard ladder
L = 64 rungs, 128 sites
U = 8.0, V = -0.6, t = 1.0, t0 = 1.0, density = 0.875
N_base = 112
============================================================

[1/3] Computing E(N-2=110)
  Initial state: 110 particles (55 up, 55 dn)
After sweep 1 energy=-139.76466782315543  maxlinkdim=20 maxerr=2.96E-04 time=48.407
After sweep 2 energy=-145.45005962258742  maxlinkdim=50 maxerr=1.25E-05 time=31.293
After sweep 3 energy=-149.03311248928722  maxlinkdim=100 maxerr=6.90E-07 time=46.083
After sweep 4 energy=-150.92749769918402  maxlinkdim=200 maxerr=2.11E-08 time=67.370
After sweep 5 energy=-153.42682871527612  maxlinkdim=947 maxerr=1.00E-10 time=76.927
After sweep 6 energy=-154.36990464730778  maxlinkdim=1000 maxerr=3.79E-10 time=98.804
After sweep 7 energy=-155.16042327100945  maxlinkdim=1000 maxerr=1.00E-09 time=108.643
After sweep 8 energy=-155.77780025919202  maxlinkdim=1000 maxerr=9.69E-10 time=112.200
After sweep 9 energy=-156.32471775285507  maxlinkdim=1000 maxerr=1.31E-09 time=113.848
After sweep 10 energy=-156.96193501801034  maxlinkdim=1000 maxerr=3.34E-09 time=116.730
After sweep 11 energy=-157.45880446345225  maxlinkdim=1000 maxerr=5.71E-09 time=125.610
After sweep 12 energy=-158.03635873678053  maxlinkdim=1000 maxerr=2.28E-08 time=133.483
After sweep 13 energy=-158.56810730058794  maxlinkdim=1000 maxerr=4.20E-08 time=141.913
After sweep 14 energy=-158.9837040170349  maxlinkdim=1000 maxerr=5.42E-08 time=141.499
After sweep 15 energy=-159.36417323204407  maxlinkdim=1000 maxerr=6.95E-08 time=151.866
After sweep 16 energy=-159.6547454824313  maxlinkdim=1000 maxerr=6.21E-08 time=160.156
After sweep 17 energy=-159.98603814179216  maxlinkdim=1000 maxerr=1.08E-07 time=165.247
After sweep 18 energy=-160.23718772487513  maxlinkdim=1000 maxerr=1.13E-07 time=171.608
After sweep 19 energy=-160.43058936804803  maxlinkdim=1000 maxerr=7.05E-08 time=178.220
After sweep 20 energy=-160.63919803357078  maxlinkdim=1000 maxerr=1.21E-07 time=173.703
After sweep 21 energy=-160.8348209127892  maxlinkdim=1000 maxerr=1.33E-07 time=186.667
After sweep 22 energy=-161.01240451050998  maxlinkdim=1000 maxerr=1.31E-07 time=190.851
After sweep 23 energy=-161.17912452743522  maxlinkdim=1000 maxerr=1.22E-07 time=191.857
After sweep 24 energy=-161.30742299991155  maxlinkdim=1000 maxerr=6.18E-08 time=191.045
After sweep 25 energy=-161.43335931955383  maxlinkdim=1000 maxerr=6.40E-08 time=198.756
After sweep 26 energy=-161.56319534400464  maxlinkdim=1000 maxerr=7.14E-08 time=197.009
After sweep 27 energy=-161.70701333051304  maxlinkdim=1000 maxerr=1.06E-07 time=201.038
After sweep 28 energy=-161.84506796744486  maxlinkdim=1000 maxerr=1.05E-07 time=198.429
After sweep 29 energy=-162.04399932390845  maxlinkdim=1000 maxerr=5.67E-07 time=196.846
After sweep 30 energy=-162.161007610731  maxlinkdim=1000 maxerr=9.94E-08 time=198.693
After sweep 31 energy=-162.2532106407663  maxlinkdim=1000 maxerr=6.01E-08 time=199.277
After sweep 32 energy=-162.3550910171184  maxlinkdim=1000 maxerr=1.49E-07 time=197.305
After sweep 33 energy=-162.45222689213298  maxlinkdim=1000 maxerr=1.55E-07 time=196.573
After sweep 34 energy=-162.54045337080737  maxlinkdim=1000 maxerr=1.20E-07 time=207.525
After sweep 35 energy=-162.61942243996006  maxlinkdim=1000 maxerr=2.01E-07 time=207.770
After sweep 36 energy=-162.68698825419858  maxlinkdim=1000 maxerr=2.43E-07 time=208.063
After sweep 37 energy=-162.755334328522  maxlinkdim=1000 maxerr=1.29E-07 time=205.023
After sweep 38 energy=-162.86477044885342  maxlinkdim=1000 maxerr=2.22E-06 time=210.897
After sweep 39 energy=-162.95414314325296  maxlinkdim=1000 maxerr=1.45E-06 time=209.438
After sweep 40 energy=-163.01949493112272  maxlinkdim=1000 maxerr=2.67E-07 time=207.474
After sweep 41 energy=-163.0692285846205  maxlinkdim=1000 maxerr=1.36E-07 time=203.596
After sweep 42 energy=-163.11063530214554  maxlinkdim=1000 maxerr=6.01E-08 time=200.048
After sweep 43 energy=-163.1490145921201  maxlinkdim=1000 maxerr=7.07E-08 time=205.339
After sweep 44 energy=-163.18777802215862  maxlinkdim=1000 maxerr=1.04E-07 time=205.467
After sweep 45 energy=-163.22550496960898  maxlinkdim=1000 maxerr=8.94E-08 time=215.148
After sweep 46 energy=-163.2623934522219  maxlinkdim=1000 maxerr=8.84E-08 time=214.883
After sweep 47 energy=-163.29910398858647  maxlinkdim=1000 maxerr=1.24E-07 time=212.913
After sweep 48 energy=-163.33506417438255  maxlinkdim=1000 maxerr=9.80E-08 time=213.126
After sweep 49 energy=-163.37472522622838  maxlinkdim=1000 maxerr=1.32E-07 time=210.393
After sweep 50 energy=-163.41118735022317  maxlinkdim=1000 maxerr=2.62E-07 time=204.526
After sweep 51 energy=-163.4451106034485  maxlinkdim=1000 maxerr=2.50E-07 time=206.020
After sweep 52 energy=-163.47701828140885  maxlinkdim=1000 maxerr=3.60E-07 time=217.190
After sweep 53 energy=-163.50914529107004  maxlinkdim=1000 maxerr=1.09E-07 time=209.958
After sweep 54 energy=-163.54033970668172  maxlinkdim=1000 maxerr=8.11E-07 time=216.336
After sweep 55 energy=-163.57109188254626  maxlinkdim=1000 maxerr=1.18E-07 time=214.494
After sweep 56 energy=-163.60196166898749  maxlinkdim=1000 maxerr=2.37E-06 time=217.314
After sweep 57 energy=-163.6360831970232  maxlinkdim=1000 maxerr=9.78E-07 time=213.743
After sweep 58 energy=-163.6726870224708  maxlinkdim=1000 maxerr=3.47E-06 time=205.485
After sweep 59 energy=-163.71917680177603  maxlinkdim=1000 maxerr=3.49E-06 time=204.040
After sweep 60 energy=-163.75527427968402  maxlinkdim=1000 maxerr=1.17E-06 time=207.584
After sweep 61 energy=-163.79381392098867  maxlinkdim=1000 maxerr=1.59E-06 time=210.206
After sweep 62 energy=-163.82942491153375  maxlinkdim=1000 maxerr=1.69E-06 time=208.297
After sweep 63 energy=-163.86212028777285  maxlinkdim=1000 maxerr=1.15E-06 time=206.627
After sweep 64 energy=-163.89481043614842  maxlinkdim=1000 maxerr=1.39E-06 time=201.777
After sweep 65 energy=-163.9263359735055  maxlinkdim=1000 maxerr=1.77E-06 time=207.833
After sweep 66 energy=-164.068737498344  maxlinkdim=1000 maxerr=6.39E-06 time=207.064
After sweep 67 energy=-164.183179229816  maxlinkdim=1000 maxerr=7.82E-06 time=213.273
After sweep 68 energy=-164.2355025295895  maxlinkdim=1000 maxerr=8.11E-06 time=205.856
After sweep 69 energy=-164.28557180466308  maxlinkdim=1000 maxerr=8.71E-06 time=202.760
After sweep 70 energy=-164.32646898539812  maxlinkdim=1000 maxerr=1.43E-05 time=208.485
After sweep 71 energy=-164.37212940068005  maxlinkdim=1000 maxerr=1.08E-05 time=211.813
After sweep 72 energy=-164.41591549711967  maxlinkdim=1000 maxerr=1.66E-05 time=205.758
After sweep 73 energy=-164.45014966569963  maxlinkdim=1000 maxerr=1.14E-05 time=203.578
After sweep 74 energy=-164.47615728658604  maxlinkdim=1000 maxerr=1.16E-05 time=202.503
After sweep 75 energy=-164.50018570058242  maxlinkdim=1000 maxerr=1.13E-05 time=197.215
After sweep 76 energy=-164.52531067783238  maxlinkdim=1000 maxerr=1.77E-05 time=200.610
After sweep 77 energy=-164.5466961608498  maxlinkdim=1000 maxerr=1.07E-05 time=205.789
After sweep 78 energy=-164.56501051362227  maxlinkdim=1000 maxerr=1.13E-05 time=197.459
After sweep 79 energy=-164.58486957729946  maxlinkdim=1000 maxerr=1.01E-05 time=196.821
After sweep 80 energy=-164.6041937086003  maxlinkdim=1000 maxerr=1.07E-05 time=206.236
After sweep 81 energy=-164.62071978385436  maxlinkdim=1000 maxerr=9.88E-06 time=202.692
After sweep 82 energy=-164.63844949325704  maxlinkdim=1000 maxerr=1.41E-05 time=209.419
After sweep 83 energy=-164.66764507197078  maxlinkdim=1000 maxerr=1.06E-05 time=212.082
After sweep 84 energy=-164.69683968187869  maxlinkdim=1000 maxerr=9.75E-06 time=212.244
After sweep 85 energy=-164.71465087437113  maxlinkdim=1000 maxerr=1.35E-05 time=211.727
After sweep 86 energy=-164.7261856432539  maxlinkdim=1000 maxerr=9.40E-06 time=203.073
After sweep 87 energy=-164.73462184606706  maxlinkdim=1000 maxerr=9.32E-06 time=202.856
After sweep 88 energy=-164.74104707575628  maxlinkdim=1000 maxerr=8.73E-06 time=201.529
After sweep 89 energy=-164.746324582389  maxlinkdim=1000 maxerr=8.48E-06 time=197.637
After sweep 90 energy=-164.74886530081497  maxlinkdim=1000 maxerr=6.68E-06 time=195.363
After sweep 91 energy=-164.74985042749333  maxlinkdim=1000 maxerr=6.47E-06 time=201.833
After sweep 92 energy=-164.75028041473166  maxlinkdim=1000 maxerr=6.41E-06 time=201.120
After sweep 93 energy=-164.7504802808879  maxlinkdim=1000 maxerr=6.29E-06 time=196.711
After sweep 94 energy=-164.75057783201495  maxlinkdim=1000 maxerr=6.29E-06 time=196.580
After sweep 95 energy=-164.75062859966854  maxlinkdim=1000 maxerr=6.31E-06 time=197.773
After sweep 96 energy=-164.7506544688285  maxlinkdim=1000 maxerr=6.26E-06 time=207.722
After sweep 97 energy=-164.75067239760813  maxlinkdim=1000 maxerr=6.25E-06 time=198.554
After sweep 98 energy=-164.75068229337265  maxlinkdim=1000 maxerr=6.26E-06 time=197.368
After sweep 99 energy=-164.7506896879543  maxlinkdim=1000 maxerr=6.26E-06 time=206.680
After sweep 100 energy=-164.75069656037388  maxlinkdim=1000 maxerr=6.25E-06 time=206.337
  E(N-2) = -164.75069656037388

[2/3] Computing E(N-1=111)
  Initial state: 111 particles (56 up, 55 dn)
After sweep 1 energy=-140.670657678122  maxlinkdim=20 maxerr=4.55E-04 time=11.046
After sweep 2 energy=-146.66815533414493  maxlinkdim=50 maxerr=1.25E-05 time=24.059
After sweep 3 energy=-149.79739789243956  maxlinkdim=100 maxerr=3.72E-07 time=39.101
After sweep 4 energy=-151.38431478597255  maxlinkdim=200 maxerr=9.69E-09 time=57.968
After sweep 5 energy=-153.8941581539377  maxlinkdim=896 maxerr=1.00E-10 time=66.783
After sweep 6 energy=-155.31061388422484  maxlinkdim=1000 maxerr=1.15E-09 time=86.273
After sweep 7 energy=-156.21463312266096  maxlinkdim=1000 maxerr=2.81E-09 time=97.865
After sweep 8 energy=-157.0100338541677  maxlinkdim=1000 maxerr=2.82E-09 time=104.470
After sweep 9 energy=-157.79750109975308  maxlinkdim=1000 maxerr=4.74E-09 time=109.345
After sweep 10 energy=-158.73145615115473  maxlinkdim=1000 maxerr=4.48E-08 time=119.972
After sweep 11 energy=-159.20522397704735  maxlinkdim=1000 maxerr=7.29E-09 time=134.877
After sweep 12 energy=-159.60995816859813  maxlinkdim=1000 maxerr=3.15E-08 time=140.174
After sweep 13 energy=-159.93012254025712  maxlinkdim=1000 maxerr=3.81E-08 time=151.213
After sweep 14 energy=-160.21128247516833  maxlinkdim=1000 maxerr=3.44E-08 time=153.340
After sweep 15 energy=-160.51307980537453  maxlinkdim=1000 maxerr=9.01E-08 time=154.064
After sweep 16 energy=-160.81203091956453  maxlinkdim=1000 maxerr=3.47E-07 time=165.985
After sweep 17 energy=-161.0206846631707  maxlinkdim=1000 maxerr=2.53E-07 time=170.820
After sweep 18 energy=-161.23169381480497  maxlinkdim=1000 maxerr=1.59E-06 time=167.457
After sweep 19 energy=-161.4288284529626  maxlinkdim=1000 maxerr=1.37E-06 time=167.572
After sweep 20 energy=-161.6158624768419  maxlinkdim=1000 maxerr=1.54E-06 time=171.126
After sweep 21 energy=-161.7370265891882  maxlinkdim=1000 maxerr=1.12E-07 time=163.735
After sweep 22 energy=-161.8521282172563  maxlinkdim=1000 maxerr=1.93E-07 time=163.217
After sweep 23 energy=-161.9590333502628  maxlinkdim=1000 maxerr=1.70E-07 time=173.605
After sweep 24 energy=-162.07033225591795  maxlinkdim=1000 maxerr=2.29E-07 time=198.559
After sweep 25 energy=-162.18190326240355  maxlinkdim=1000 maxerr=2.38E-07 time=209.735
After sweep 26 energy=-162.28644122088485  maxlinkdim=1000 maxerr=2.59E-07 time=207.954
After sweep 27 energy=-162.38164096546612  maxlinkdim=1000 maxerr=2.28E-07 time=197.046
After sweep 28 energy=-162.47975259854132  maxlinkdim=1000 maxerr=3.19E-07 time=202.593
After sweep 29 energy=-162.57501592728735  maxlinkdim=1000 maxerr=3.17E-07 time=206.323
After sweep 30 energy=-162.67005174478953  maxlinkdim=1000 maxerr=3.23E-07 time=201.500
After sweep 31 energy=-162.76822002337252  maxlinkdim=1000 maxerr=3.79E-07 time=212.749
After sweep 32 energy=-162.84874786187393  maxlinkdim=1000 maxerr=2.51E-07 time=203.256
After sweep 33 energy=-162.926512500164  maxlinkdim=1000 maxerr=2.58E-07 time=207.365
After sweep 34 energy=-162.99952589343442  maxlinkdim=1000 maxerr=2.37E-07 time=205.163
After sweep 35 energy=-163.06641072633403  maxlinkdim=1000 maxerr=2.20E-07 time=195.542
After sweep 36 energy=-163.13142410455723  maxlinkdim=1000 maxerr=2.30E-07 time=194.534
After sweep 37 energy=-163.19423179926693  maxlinkdim=1000 maxerr=2.30E-07 time=191.492
After sweep 38 energy=-163.25287502741452  maxlinkdim=1000 maxerr=1.88E-07 time=193.320
After sweep 39 energy=-163.30837140802964  maxlinkdim=1000 maxerr=1.96E-07 time=191.471
After sweep 40 energy=-163.36128540369884  maxlinkdim=1000 maxerr=2.02E-07 time=189.509
After sweep 41 energy=-163.41148634822773  maxlinkdim=1000 maxerr=2.07E-07 time=193.375
After sweep 42 energy=-163.45841037028197  maxlinkdim=1000 maxerr=2.00E-07 time=193.826
After sweep 43 energy=-163.50516311336227  maxlinkdim=1000 maxerr=4.63E-07 time=204.218
After sweep 44 energy=-163.55101743914818  maxlinkdim=1000 maxerr=2.78E-07 time=197.738
After sweep 45 energy=-163.59625522862763  maxlinkdim=1000 maxerr=3.18E-07 time=201.900
After sweep 46 energy=-163.63891134035407  maxlinkdim=1000 maxerr=2.79E-07 time=212.803
After sweep 47 energy=-163.68030630741413  maxlinkdim=1000 maxerr=5.14E-07 time=209.852
After sweep 48 energy=-163.7179669356469  maxlinkdim=1000 maxerr=2.43E-07 time=210.784
After sweep 49 energy=-163.75547084418574  maxlinkdim=1000 maxerr=1.90E-06 time=210.589
After sweep 50 energy=-163.79009191882952  maxlinkdim=1000 maxerr=8.93E-07 time=205.746
After sweep 51 energy=-163.8253633968274  maxlinkdim=1000 maxerr=4.77E-07 time=208.251
After sweep 52 energy=-163.8605953219286  maxlinkdim=1000 maxerr=4.14E-07 time=208.139
After sweep 53 energy=-163.89541089398836  maxlinkdim=1000 maxerr=3.71E-07 time=207.421
After sweep 54 energy=-163.92762738937859  maxlinkdim=1000 maxerr=3.42E-07 time=206.592
After sweep 55 energy=-163.95991861498743  maxlinkdim=1000 maxerr=5.62E-07 time=209.969
After sweep 56 energy=-163.99045909330138  maxlinkdim=1000 maxerr=1.90E-06 time=206.933
After sweep 57 energy=-164.01739885300248  maxlinkdim=1000 maxerr=6.35E-07 time=204.152
After sweep 58 energy=-164.04389763415924  maxlinkdim=1000 maxerr=9.83E-07 time=208.363
After sweep 59 energy=-164.06884981322708  maxlinkdim=1000 maxerr=5.20E-07 time=218.670
After sweep 60 energy=-164.0936226342383  maxlinkdim=1000 maxerr=5.93E-07 time=217.147
After sweep 61 energy=-164.11867971876862  maxlinkdim=1000 maxerr=5.79E-07 time=220.234
After sweep 62 energy=-164.140937305961  maxlinkdim=1000 maxerr=9.24E-07 time=220.397
After sweep 63 energy=-164.16271531976156  maxlinkdim=1000 maxerr=9.49E-07 time=218.340
After sweep 64 energy=-164.18377186588714  maxlinkdim=1000 maxerr=4.71E-07 time=220.018
After sweep 65 energy=-164.27605539953063  maxlinkdim=1000 maxerr=1.26E-05 time=212.417
After sweep 66 energy=-164.3568769853135  maxlinkdim=1000 maxerr=1.31E-05 time=215.000
After sweep 67 energy=-164.4058456280601  maxlinkdim=1000 maxerr=1.79E-05 time=213.242
After sweep 68 energy=-164.44272656519493  maxlinkdim=1000 maxerr=1.64E-05 time=215.540
After sweep 69 energy=-164.4736221892798  maxlinkdim=1000 maxerr=1.63E-05 time=211.722
After sweep 70 energy=-164.50209676034004  maxlinkdim=1000 maxerr=1.64E-05 time=214.789
After sweep 71 energy=-164.52959077979378  maxlinkdim=1000 maxerr=1.73E-05 time=212.900
After sweep 72 energy=-164.55378521533564  maxlinkdim=1000 maxerr=1.53E-05 time=215.288
After sweep 73 energy=-164.6013257896968  maxlinkdim=1000 maxerr=1.56E-05 time=209.611
After sweep 74 energy=-164.64418855532978  maxlinkdim=1000 maxerr=1.65E-05 time=215.906
After sweep 75 energy=-164.67460541682286  maxlinkdim=1000 maxerr=1.55E-05 time=214.873
After sweep 76 energy=-164.6977844613015  maxlinkdim=1000 maxerr=1.45E-05 time=214.011
After sweep 77 energy=-164.71594993207844  maxlinkdim=1000 maxerr=1.35E-05 time=214.252
After sweep 78 energy=-164.73120415714055  maxlinkdim=1000 maxerr=1.40E-05 time=218.119
After sweep 79 energy=-164.74328515122528  maxlinkdim=1000 maxerr=1.40E-05 time=218.466
After sweep 80 energy=-164.75238437210933  maxlinkdim=1000 maxerr=1.38E-05 time=217.646
After sweep 81 energy=-164.75951759731723  maxlinkdim=1000 maxerr=1.36E-05 time=215.387
After sweep 82 energy=-164.76506686518871  maxlinkdim=1000 maxerr=1.33E-05 time=213.893
After sweep 83 energy=-164.7681421257394  maxlinkdim=1000 maxerr=1.29E-05 time=216.199
After sweep 84 energy=-164.76974715069545  maxlinkdim=1000 maxerr=1.25E-05 time=213.364
After sweep 85 energy=-164.77053310073285  maxlinkdim=1000 maxerr=1.23E-05 time=212.098
After sweep 86 energy=-164.77094273016522  maxlinkdim=1000 maxerr=1.22E-05 time=217.334
After sweep 87 energy=-164.77117289260138  maxlinkdim=1000 maxerr=1.22E-05 time=214.253
After sweep 88 energy=-164.7713121356174  maxlinkdim=1000 maxerr=1.23E-05 time=209.074
After sweep 89 energy=-164.7714021212877  maxlinkdim=1000 maxerr=1.23E-05 time=208.780
After sweep 90 energy=-164.7714584649615  maxlinkdim=1000 maxerr=1.24E-05 time=202.326
After sweep 91 energy=-164.77149780706162  maxlinkdim=1000 maxerr=1.24E-05 time=206.600
After sweep 92 energy=-164.7715250209614  maxlinkdim=1000 maxerr=1.24E-05 time=208.064
After sweep 93 energy=-164.77154349118  maxlinkdim=1000 maxerr=1.24E-05 time=210.281
After sweep 94 energy=-164.77155735779561  maxlinkdim=1000 maxerr=1.24E-05 time=211.787
After sweep 95 energy=-164.77157051447483  maxlinkdim=1000 maxerr=1.24E-05 time=206.765
After sweep 96 energy=-164.77158100486844  maxlinkdim=1000 maxerr=1.24E-05 time=213.964
After sweep 97 energy=-164.7715892264806  maxlinkdim=1000 maxerr=1.25E-05 time=208.348
After sweep 98 energy=-164.77159668430397  maxlinkdim=1000 maxerr=1.25E-05 time=206.494
After sweep 99 energy=-164.7716030729798  maxlinkdim=1000 maxerr=1.24E-05 time=209.794
After sweep 100 energy=-164.77160759256236  maxlinkdim=1000 maxerr=1.25E-05 time=206.676
  E(N-1) = -164.77160759256236

[3/3] Computing E(N=112)
  Initial state: 112 particles (56 up, 56 dn)
After sweep 1 energy=-142.25043481841195  maxlinkdim=20 maxerr=2.57E-04 time=11.157
After sweep 2 energy=-148.34267782499845  maxlinkdim=50 maxerr=1.06E-05 time=25.481
After sweep 3 energy=-151.12557509681858  maxlinkdim=100 maxerr=3.03E-07 time=39.002
After sweep 4 energy=-153.01778359703349  maxlinkdim=200 maxerr=1.95E-08 time=63.488
After sweep 5 energy=-154.7247694293379  maxlinkdim=765 maxerr=1.00E-10 time=64.730
After sweep 6 energy=-155.91486321086794  maxlinkdim=1000 maxerr=1.93E-10 time=90.812
After sweep 7 energy=-156.78908317000526  maxlinkdim=1000 maxerr=1.22E-09 time=101.464
After sweep 8 energy=-157.50951079592764  maxlinkdim=1000 maxerr=1.60E-09 time=110.827
After sweep 9 energy=-158.1020021315529  maxlinkdim=1000 maxerr=1.46E-09 time=113.950
After sweep 10 energy=-158.67162531700507  maxlinkdim=1000 maxerr=3.74E-09 time=121.596
After sweep 11 energy=-159.18871640642124  maxlinkdim=1000 maxerr=7.18E-09 time=121.041
After sweep 12 energy=-159.62976929047005  maxlinkdim=1000 maxerr=1.19E-08 time=124.746
After sweep 13 energy=-159.90368464466005  maxlinkdim=1000 maxerr=4.93E-09 time=131.452
After sweep 14 energy=-160.13893067764064  maxlinkdim=1000 maxerr=5.59E-09 time=135.407
After sweep 15 energy=-160.3685551433867  maxlinkdim=1000 maxerr=1.53E-08 time=141.777
After sweep 16 energy=-160.6545837652104  maxlinkdim=1000 maxerr=5.35E-08 time=147.476
After sweep 17 energy=-160.87289802308194  maxlinkdim=1000 maxerr=3.25E-08 time=153.975
After sweep 18 energy=-161.03185972036206  maxlinkdim=1000 maxerr=2.65E-08 time=165.374
After sweep 19 energy=-161.18220014740677  maxlinkdim=1000 maxerr=3.10E-08 time=163.569
After sweep 20 energy=-161.34728233940655  maxlinkdim=1000 maxerr=3.72E-08 time=161.244
After sweep 21 energy=-161.52808141517488  maxlinkdim=1000 maxerr=8.52E-08 time=167.394
After sweep 22 energy=-161.67729851914507  maxlinkdim=1000 maxerr=5.26E-08 time=184.069
After sweep 23 energy=-161.81583219781638  maxlinkdim=1000 maxerr=4.03E-08 time=193.355
After sweep 24 energy=-161.9627677542216  maxlinkdim=1000 maxerr=7.04E-08 time=196.379
After sweep 25 energy=-162.09647499273018  maxlinkdim=1000 maxerr=6.54E-08 time=200.847
After sweep 26 energy=-162.2377060321042  maxlinkdim=1000 maxerr=8.50E-08 time=201.562
After sweep 27 energy=-162.36617591593242  maxlinkdim=1000 maxerr=8.02E-08 time=203.140
After sweep 28 energy=-162.48664324818782  maxlinkdim=1000 maxerr=7.80E-08 time=202.299
After sweep 29 energy=-162.58762703318135  maxlinkdim=1000 maxerr=5.04E-08 time=201.098
After sweep 30 energy=-162.69848844786623  maxlinkdim=1000 maxerr=7.78E-08 time=199.942
After sweep 31 energy=-162.7850944255418  maxlinkdim=1000 maxerr=5.10E-08 time=199.156
After sweep 32 energy=-162.86271420996286  maxlinkdim=1000 maxerr=5.41E-08 time=198.838
After sweep 33 energy=-162.93525337642126  maxlinkdim=1000 maxerr=7.89E-08 time=202.663
After sweep 34 energy=-163.00455188781368  maxlinkdim=1000 maxerr=6.34E-08 time=206.331
After sweep 35 energy=-163.075336228236  maxlinkdim=1000 maxerr=1.17E-06 time=202.927
After sweep 36 energy=-163.14158124376547  maxlinkdim=1000 maxerr=1.12E-07 time=205.459
After sweep 37 energy=-163.21125037895595  maxlinkdim=1000 maxerr=2.19E-07 time=211.447
After sweep 38 energy=-163.2743171390125  maxlinkdim=1000 maxerr=2.37E-07 time=206.020
After sweep 39 energy=-163.3353884903316  maxlinkdim=1000 maxerr=1.40E-07 time=206.588
After sweep 40 energy=-163.39799978340164  maxlinkdim=1000 maxerr=2.99E-07 time=211.056
After sweep 41 energy=-163.47184826946955  maxlinkdim=1000 maxerr=1.06E-05 time=209.202
After sweep 42 energy=-163.5473833551844  maxlinkdim=1000 maxerr=2.25E-06 time=209.342
After sweep 43 energy=-163.6204234518593  maxlinkdim=1000 maxerr=1.05E-06 time=206.769
After sweep 44 energy=-163.68283699784382  maxlinkdim=1000 maxerr=3.24E-06 time=203.849
After sweep 45 energy=-163.7390920643367  maxlinkdim=1000 maxerr=8.57E-07 time=206.873
After sweep 46 energy=-163.79058027510544  maxlinkdim=1000 maxerr=3.91E-06 time=205.576
After sweep 47 energy=-163.84454175953158  maxlinkdim=1000 maxerr=1.70E-06 time=203.363
After sweep 48 energy=-163.89615073682793  maxlinkdim=1000 maxerr=6.95E-07 time=202.633
After sweep 49 energy=-163.94478785293327  maxlinkdim=1000 maxerr=6.85E-07 time=205.820
After sweep 50 energy=-163.98784167517633  maxlinkdim=1000 maxerr=1.49E-06 time=206.631
After sweep 51 energy=-164.02732142076732  maxlinkdim=1000 maxerr=6.40E-07 time=205.245
After sweep 52 energy=-164.05962725016542  maxlinkdim=1000 maxerr=8.71E-07 time=208.991
After sweep 53 energy=-164.09053707226892  maxlinkdim=1000 maxerr=1.31E-06 time=207.203
After sweep 54 energy=-164.12223904766108  maxlinkdim=1000 maxerr=9.01E-07 time=214.077
After sweep 55 energy=-164.15277985977488  maxlinkdim=1000 maxerr=9.29E-07 time=213.967
After sweep 56 energy=-164.1902096514208  maxlinkdim=1000 maxerr=7.38E-06 time=219.009
After sweep 57 energy=-164.21980317283794  maxlinkdim=1000 maxerr=6.90E-07 time=214.623
After sweep 58 energy=-164.25492570487415  maxlinkdim=1000 maxerr=7.94E-06 time=213.827
After sweep 59 energy=-164.28318359186585  maxlinkdim=1000 maxerr=8.38E-06 time=217.046
After sweep 60 energy=-164.31160752107274  maxlinkdim=1000 maxerr=7.91E-06 time=215.006
After sweep 61 energy=-164.338227283435  maxlinkdim=1000 maxerr=5.03E-06 time=213.148
After sweep 62 energy=-164.36327404897966  maxlinkdim=1000 maxerr=8.42E-07 time=202.212
After sweep 63 energy=-164.38677586508112  maxlinkdim=1000 maxerr=7.80E-07 time=202.787
After sweep 64 energy=-164.40926039909866  maxlinkdim=1000 maxerr=1.25E-06 time=201.523
After sweep 65 energy=-164.43134410823575  maxlinkdim=1000 maxerr=9.27E-07 time=195.448
After sweep 66 energy=-164.45260784260975  maxlinkdim=1000 maxerr=4.19E-06 time=202.280
After sweep 67 energy=-164.47979424315736  maxlinkdim=1000 maxerr=7.16E-06 time=203.897
After sweep 68 energy=-164.50376511283645  maxlinkdim=1000 maxerr=3.18E-06 time=198.557
After sweep 69 energy=-164.52361161439907  maxlinkdim=1000 maxerr=1.39E-06 time=200.648
After sweep 70 energy=-164.54297900563503  maxlinkdim=1000 maxerr=1.20E-06 time=195.148
After sweep 71 energy=-164.56211701600424  maxlinkdim=1000 maxerr=2.57E-06 time=202.504
After sweep 72 energy=-164.57942645132124  maxlinkdim=1000 maxerr=1.51E-06 time=199.971
After sweep 73 energy=-164.59615652296307  maxlinkdim=1000 maxerr=1.67E-06 time=201.298
After sweep 74 energy=-164.61241325404146  maxlinkdim=1000 maxerr=2.04E-06 time=198.762
After sweep 75 energy=-164.6964423774299  maxlinkdim=1000 maxerr=8.69E-06 time=201.319
After sweep 76 energy=-164.7574263934006  maxlinkdim=1000 maxerr=8.29E-06 time=212.816
After sweep 77 energy=-164.79162212319244  maxlinkdim=1000 maxerr=7.25E-06 time=203.549
After sweep 78 energy=-164.8183079565828  maxlinkdim=1000 maxerr=7.61E-06 time=206.365
After sweep 79 energy=-164.84241676807434  maxlinkdim=1000 maxerr=1.08E-05 time=208.504
After sweep 80 energy=-164.86243130347756  maxlinkdim=1000 maxerr=9.26E-06 time=209.522
After sweep 81 energy=-164.8789886721444  maxlinkdim=1000 maxerr=7.10E-06 time=210.648
After sweep 82 energy=-164.89281084821553  maxlinkdim=1000 maxerr=7.73E-06 time=206.001
After sweep 83 energy=-164.9043434910188  maxlinkdim=1000 maxerr=9.26E-06 time=207.951
After sweep 84 energy=-164.91396216911417  maxlinkdim=1000 maxerr=9.14E-06 time=205.614
After sweep 85 energy=-164.9217459372303  maxlinkdim=1000 maxerr=7.95E-06 time=204.854
After sweep 86 energy=-164.92766423434097  maxlinkdim=1000 maxerr=7.43E-06 time=208.228
After sweep 87 energy=-164.93188527112483  maxlinkdim=1000 maxerr=7.50E-06 time=207.123
After sweep 88 energy=-164.9351989816769  maxlinkdim=1000 maxerr=6.79E-06 time=208.736
After sweep 89 energy=-164.93723696340936  maxlinkdim=1000 maxerr=6.22E-06 time=207.333
After sweep 90 energy=-164.93827201834478  maxlinkdim=1000 maxerr=5.45E-06 time=210.519
After sweep 91 energy=-164.93874904733346  maxlinkdim=1000 maxerr=5.12E-06 time=212.792
After sweep 92 energy=-164.9389805412752  maxlinkdim=1000 maxerr=4.99E-06 time=212.791
After sweep 93 energy=-164.9391042136512  maxlinkdim=1000 maxerr=4.93E-06 time=213.596
After sweep 94 energy=-164.93916563641915  maxlinkdim=1000 maxerr=4.93E-06 time=215.550
After sweep 95 energy=-164.9392019116963  maxlinkdim=1000 maxerr=4.96E-06 time=213.244
After sweep 96 energy=-164.93921760438505  maxlinkdim=1000 maxerr=4.99E-06 time=210.119
After sweep 97 energy=-164.93923224128332  maxlinkdim=1000 maxerr=5.01E-06 time=208.539
After sweep 98 energy=-164.93923956868238  maxlinkdim=1000 maxerr=5.01E-06 time=206.443
After sweep 99 energy=-164.93924445786973  maxlinkdim=1000 maxerr=5.02E-06 time=207.022
After sweep 100 energy=-164.93925035358848  maxlinkdim=1000 maxerr=5.02E-06 time=213.135
  E(N) = -164.93925035358848

============================================================
RESULTS:
  E(110) = -164.75069656037388
  E(111) = -164.77160759256236
  E(112)     = -164.93925035358848
  E_p = -0.14673173  (attractive hole pairing)
============================================================
RESULT: E_p = -0.146731728837608
E_p calculation completed
