outfile_name: results_U_-4.0_t_p_0.05.h5
[ Info:  started timer at: 2025-11-11T20:57:38.493
Starting fresh run
Running with t_p=0.05 U=-4.0 L=100 chi_max=300 E_p=1.476 mu_init=-2.65
After sweep 1 energy=-5.05746673463769  maxlinkdim=16 maxerr=9.66E-11 time=30.152
After sweep 2 energy=-6.053417613211573  maxlinkdim=73 maxerr=9.99E-11 time=2.580
After sweep 3 energy=-6.24683677056315  maxlinkdim=83 maxerr=9.98E-11 time=3.484
After sweep 4 energy=-6.36923344085553  maxlinkdim=104 maxerr=9.99E-11 time=3.963
After sweep 5 energy=-6.459529792399825  maxlinkdim=94 maxerr=9.99E-11 time=4.520
After sweep 6 energy=-6.526552399688072  maxlinkdim=115 maxerr=9.99E-11 time=4.167
After sweep 7 energy=-6.569498785504686  maxlinkdim=164 maxerr=1.00E-10 time=4.462
After sweep 8 energy=-6.599285577219885  maxlinkdim=136 maxerr=9.99E-11 time=4.492
After sweep 9 energy=-6.626889086216282  maxlinkdim=109 maxerr=9.98E-11 time=4.713
After sweep 10 energy=-6.645021654591066  maxlinkdim=107 maxerr=1.00E-10 time=5.302
After sweep 11 energy=-6.651642118628496  maxlinkdim=123 maxerr=1.00E-10 time=5.282
After sweep 12 energy=-6.6558321293356615  maxlinkdim=151 maxerr=1.00E-10 time=5.415
After sweep 13 energy=-6.659204535912971  maxlinkdim=173 maxerr=9.97E-11 time=5.706
After sweep 14 energy=-6.660670487064061  maxlinkdim=180 maxerr=1.00E-10 time=6.320
After sweep 15 energy=-6.6611171396615205  maxlinkdim=162 maxerr=1.00E-10 time=6.341
After sweep 16 energy=-6.661332395840387  maxlinkdim=165 maxerr=1.00E-10 time=6.485
After sweep 17 energy=-6.661443368137832  maxlinkdim=153 maxerr=9.99E-11 time=6.644
After sweep 18 energy=-6.661490864133546  maxlinkdim=160 maxerr=9.99E-11 time=7.032
After sweep 19 energy=-6.661499841411037  maxlinkdim=130 maxerr=1.00E-10 time=7.305
After sweep 20 energy=-6.661500387645222  maxlinkdim=128 maxerr=1.00E-10 time=7.716
After sweep 21 energy=-6.661500399276653  maxlinkdim=119 maxerr=1.00E-10 time=7.531
After sweep 22 energy=-6.6615003991598565  maxlinkdim=119 maxerr=9.92E-11 time=7.354
After sweep 23 energy=-6.661500399209157  maxlinkdim=119 maxerr=9.92E-11 time=7.422
After sweep 24 energy=-6.661500399213445  maxlinkdim=119 maxerr=9.92E-11 time=7.180
After sweep 25 energy=-6.661500399213646  maxlinkdim=119 maxerr=9.92E-11 time=7.397
After sweep 26 energy=-6.66150039921384  maxlinkdim=119 maxerr=9.92E-11 time=7.365
After sweep 27 energy=-6.661500399214103  maxlinkdim=119 maxerr=9.92E-11 time=7.186
After sweep 28 energy=-6.661500399214319  maxlinkdim=119 maxerr=9.92E-11 time=7.361
After sweep 29 energy=-6.661500399214531  maxlinkdim=119 maxerr=9.92E-11 time=7.152
After sweep 30 energy=-6.661500399214686  maxlinkdim=119 maxerr=9.92E-11 time=7.142
Not same mu, searching again
After sweep 1 energy=-4.562620778630908  maxlinkdim=16 maxerr=8.01E-11 time=0.791
After sweep 2 energy=-5.576729878455707  maxlinkdim=74 maxerr=9.99E-11 time=2.782
After sweep 3 energy=-5.772185080039359  maxlinkdim=97 maxerr=9.99E-11 time=3.703
After sweep 4 energy=-5.892156915605196  maxlinkdim=107 maxerr=9.99E-11 time=4.014
After sweep 5 energy=-5.984995077475154  maxlinkdim=146 maxerr=1.00E-10 time=4.319
After sweep 6 energy=-6.048235468853893  maxlinkdim=117 maxerr=9.99E-11 time=4.961
After sweep 7 energy=-6.089568922259215  maxlinkdim=162 maxerr=9.99E-11 time=4.657
After sweep 8 energy=-6.117437195789578  maxlinkdim=154 maxerr=9.99E-11 time=4.768
After sweep 9 energy=-6.135882441824414  maxlinkdim=123 maxerr=1.00E-10 time=4.721
After sweep 10 energy=-6.149720850206764  maxlinkdim=115 maxerr=9.99E-11 time=4.975
After sweep 11 energy=-6.159925578806823  maxlinkdim=159 maxerr=1.00E-10 time=5.474
After sweep 12 energy=-6.164730608887927  maxlinkdim=123 maxerr=9.98E-11 time=5.958
After sweep 13 energy=-6.166090064290899  maxlinkdim=119 maxerr=9.99E-11 time=6.151
After sweep 14 energy=-6.166594214430343  maxlinkdim=161 maxerr=9.99E-11 time=5.872
After sweep 15 energy=-6.166848394528092  maxlinkdim=147 maxerr=1.00E-10 time=6.376
After sweep 16 energy=-6.166906217060854  maxlinkdim=154 maxerr=1.00E-10 time=6.553
After sweep 17 energy=-6.16691162336928  maxlinkdim=125 maxerr=1.00E-10 time=6.912
After sweep 18 energy=-6.166911929040122  maxlinkdim=122 maxerr=9.99E-11 time=6.874
After sweep 19 energy=-6.166911929204699  maxlinkdim=115 maxerr=1.00E-10 time=6.946
After sweep 20 energy=-6.1669119295717945  maxlinkdim=115 maxerr=9.85E-11 time=6.745
After sweep 21 energy=-6.166911929616909  maxlinkdim=115 maxerr=9.87E-11 time=6.891
After sweep 22 energy=-6.166911929632919  maxlinkdim=115 maxerr=9.87E-11 time=6.719
After sweep 23 energy=-6.166911929643102  maxlinkdim=115 maxerr=9.88E-11 time=6.857
After sweep 24 energy=-6.166911929648375  maxlinkdim=115 maxerr=9.88E-11 time=6.717
After sweep 25 energy=-6.166911929651684  maxlinkdim=115 maxerr=9.88E-11 time=6.897
After sweep 26 energy=-6.166911929655873  maxlinkdim=115 maxerr=9.88E-11 time=6.696
After sweep 27 energy=-6.166911929661934  maxlinkdim=115 maxerr=9.88E-11 time=6.929
After sweep 28 energy=-6.16691192967038  maxlinkdim=115 maxerr=9.88E-11 time=6.687
After sweep 29 energy=-6.166911929681392  maxlinkdim=115 maxerr=9.88E-11 time=6.728
After sweep 30 energy=-6.166911929690856  maxlinkdim=115 maxerr=9.88E-11 time=6.879
n0: 0.48825920010538404; n1: 0.5008471265787137; mu0: -2.6599999999999997; mu1: -2.65

Range found between mu0: -2.6599999999999997 (n0: 0.48825920010538404) and mu1: -2.65 (n1: 0.5008471265787137); refining...
n0: 0.48825920010538404; n1: 0.5008471265787137; mu0: -2.6599999999999997; mu1: -2.65
Trying secant step...
After sweep 1 energy=-5.023370849298267  maxlinkdim=16 maxerr=9.74E-11 time=0.779
After sweep 2 energy=-6.017482267390143  maxlinkdim=78 maxerr=9.97E-11 time=2.574
After sweep 3 energy=-6.210995449666978  maxlinkdim=89 maxerr=1.00E-10 time=3.622
After sweep 4 energy=-6.324345817520853  maxlinkdim=84 maxerr=9.98E-11 time=3.745
After sweep 5 energy=-6.418709352561873  maxlinkdim=140 maxerr=1.00E-10 time=3.826
After sweep 6 energy=-6.485003448875232  maxlinkdim=128 maxerr=9.99E-11 time=4.019
After sweep 7 energy=-6.534006540408383  maxlinkdim=157 maxerr=1.00E-10 time=4.343
After sweep 8 energy=-6.565714528683787  maxlinkdim=155 maxerr=9.98E-11 time=4.495
After sweep 9 energy=-6.585165243176212  maxlinkdim=161 maxerr=1.00E-10 time=4.527
After sweep 10 energy=-6.599441367594294  maxlinkdim=131 maxerr=9.99E-11 time=4.231
After sweep 11 energy=-6.609633101124797  maxlinkdim=138 maxerr=9.99E-11 time=4.324
After sweep 12 energy=-6.616845140387729  maxlinkdim=154 maxerr=1.00E-10 time=4.526
After sweep 13 energy=-6.6226509958529585  maxlinkdim=158 maxerr=1.00E-10 time=5.054
After sweep 14 energy=-6.625785197520666  maxlinkdim=145 maxerr=1.00E-10 time=5.709
After sweep 15 energy=-6.6269775383944864  maxlinkdim=159 maxerr=9.99E-11 time=5.929
After sweep 16 energy=-6.627643983239376  maxlinkdim=155 maxerr=1.00E-10 time=6.058
After sweep 17 energy=-6.6277851513570765  maxlinkdim=133 maxerr=9.99E-11 time=6.444
After sweep 18 energy=-6.627817740084953  maxlinkdim=132 maxerr=1.00E-10 time=6.692
After sweep 19 energy=-6.6278228135285735  maxlinkdim=132 maxerr=1.00E-10 time=7.127
After sweep 20 energy=-6.627823064180131  maxlinkdim=123 maxerr=1.00E-10 time=7.004
After sweep 21 energy=-6.6278230657829  maxlinkdim=119 maxerr=9.99E-11 time=6.993
After sweep 22 energy=-6.627823066074026  maxlinkdim=119 maxerr=9.91E-11 time=7.178
After sweep 23 energy=-6.627823066102496  maxlinkdim=119 maxerr=9.90E-11 time=6.960
After sweep 24 energy=-6.627823066103787  maxlinkdim=119 maxerr=9.90E-11 time=6.964
After sweep 25 energy=-6.627823066103714  maxlinkdim=119 maxerr=9.90E-11 time=6.988
After sweep 26 energy=-6.627823066104115  maxlinkdim=119 maxerr=9.90E-11 time=7.179
After sweep 27 energy=-6.6278230661047575  maxlinkdim=119 maxerr=9.90E-11 time=6.943
After sweep 28 energy=-6.627823066105276  maxlinkdim=119 maxerr=9.90E-11 time=6.985
After sweep 29 energy=-6.627823066105671  maxlinkdim=119 maxerr=9.90E-11 time=6.972
After sweep 30 energy=-6.627823066105926  maxlinkdim=119 maxerr=9.90E-11 time=7.184
n0: 0.500013113366649; n1: 0.5008471265787137; mu0: -2.650672967530044; mu1: -2.65
Trying secant step...
After sweep 1 energy=-5.01831205816505  maxlinkdim=16 maxerr=9.81E-11 time=0.784
After sweep 2 energy=-6.016628991816224  maxlinkdim=73 maxerr=9.98E-11 time=2.566
After sweep 3 energy=-6.215330585216533  maxlinkdim=83 maxerr=9.99E-11 time=3.566
After sweep 4 energy=-6.335769578573599  maxlinkdim=114 maxerr=1.00E-10 time=3.889
After sweep 5 energy=-6.423513892808065  maxlinkdim=112 maxerr=9.97E-11 time=4.111
After sweep 6 energy=-6.490825352027507  maxlinkdim=159 maxerr=1.00E-10 time=4.266
After sweep 7 energy=-6.532618955696081  maxlinkdim=121 maxerr=9.99E-11 time=4.557
After sweep 8 energy=-6.562728386860704  maxlinkdim=142 maxerr=1.00E-10 time=4.322
After sweep 9 energy=-6.583489005822704  maxlinkdim=141 maxerr=9.98E-11 time=4.351
After sweep 10 energy=-6.598863964924886  maxlinkdim=133 maxerr=9.99E-11 time=4.589
After sweep 11 energy=-6.609756609252818  maxlinkdim=141 maxerr=9.99E-11 time=4.572
After sweep 12 energy=-6.616413066206528  maxlinkdim=149 maxerr=9.99E-11 time=4.698
After sweep 13 energy=-6.6209887583667095  maxlinkdim=175 maxerr=1.00E-10 time=4.959
After sweep 14 energy=-6.624340066696684  maxlinkdim=169 maxerr=1.00E-10 time=5.566
After sweep 15 energy=-6.62550089382387  maxlinkdim=169 maxerr=1.00E-10 time=5.583
After sweep 16 energy=-6.626267903936049  maxlinkdim=166 maxerr=9.99E-11 time=5.458
After sweep 17 energy=-6.6268391167749225  maxlinkdim=171 maxerr=9.99E-11 time=5.823
After sweep 18 energy=-6.6270823753752595  maxlinkdim=149 maxerr=9.99E-11 time=6.244
After sweep 19 energy=-6.627223323158007  maxlinkdim=142 maxerr=9.99E-11 time=6.337
After sweep 20 energy=-6.627282915815645  maxlinkdim=162 maxerr=1.00E-10 time=6.599
After sweep 21 energy=-6.627293660193396  maxlinkdim=144 maxerr=1.00E-10 time=6.974
After sweep 22 energy=-6.627293998118842  maxlinkdim=124 maxerr=1.00E-10 time=7.123
After sweep 23 energy=-6.627293998448453  maxlinkdim=119 maxerr=1.00E-10 time=7.158
After sweep 24 energy=-6.627293998769967  maxlinkdim=119 maxerr=9.91E-11 time=6.930
After sweep 25 energy=-6.627293998800528  maxlinkdim=119 maxerr=9.91E-11 time=7.028
After sweep 26 energy=-6.627293998802129  maxlinkdim=119 maxerr=9.91E-11 time=7.080
After sweep 27 energy=-6.627293998801078  maxlinkdim=119 maxerr=9.91E-11 time=7.007
After sweep 28 energy=-6.627293998800189  maxlinkdim=119 maxerr=9.91E-11 time=7.152
After sweep 29 energy=-6.6272939987996935  maxlinkdim=119 maxerr=9.91E-11 time=6.892
After sweep 30 energy=-6.627293998799325  maxlinkdim=119 maxerr=9.91E-11 time=6.906
FOUND MU (secant); mu: -2.6506835487412728  n: 0.4999999853470337
Target density achieved with mu=-2.6506835487412728, n=0.4999999853470337
Checking {alpha,beta} vs measured
NOT CONVERGED; updating alpha, beta and continuing...
After sweep 1 energy=-4.742919150813973  maxlinkdim=16 maxerr=7.32E-11 time=0.973
After sweep 2 energy=-5.804941534526926  maxlinkdim=104 maxerr=9.99E-11 time=4.399
After sweep 3 energy=-5.89657711069551  maxlinkdim=106 maxerr=9.99E-11 time=7.676
After sweep 4 energy=-5.948739684653978  maxlinkdim=155 maxerr=1.00E-10 time=8.593
After sweep 5 energy=-5.977547266951797  maxlinkdim=111 maxerr=9.95E-11 time=8.151
After sweep 6 energy=-6.000138266519071  maxlinkdim=102 maxerr=9.99E-11 time=7.824
After sweep 7 energy=-6.021127916709723  maxlinkdim=110 maxerr=1.00E-10 time=8.160
After sweep 8 energy=-6.042954219089892  maxlinkdim=139 maxerr=9.99E-11 time=9.525
After sweep 9 energy=-6.053627168002915  maxlinkdim=174 maxerr=1.00E-10 time=9.694
After sweep 10 energy=-6.063269733590559  maxlinkdim=197 maxerr=1.00E-10 time=9.739
After sweep 11 energy=-6.070487858890182  maxlinkdim=217 maxerr=1.00E-10 time=10.478
After sweep 12 energy=-6.074793888893324  maxlinkdim=137 maxerr=9.98E-11 time=10.801
After sweep 13 energy=-6.077535185401113  maxlinkdim=138 maxerr=9.98E-11 time=10.455
After sweep 14 energy=-6.080097937363734  maxlinkdim=244 maxerr=9.97E-11 time=11.729
After sweep 15 energy=-6.081689225894505  maxlinkdim=181 maxerr=1.00E-10 time=13.468
After sweep 16 energy=-6.082820080971597  maxlinkdim=198 maxerr=9.99E-11 time=14.562
After sweep 17 energy=-6.0832750493172  maxlinkdim=255 maxerr=1.00E-10 time=16.263
After sweep 18 energy=-6.083422241354539  maxlinkdim=236 maxerr=1.00E-10 time=16.918
After sweep 19 energy=-6.083520812215139  maxlinkdim=228 maxerr=9.99E-11 time=17.685
After sweep 20 energy=-6.08357644640143  maxlinkdim=251 maxerr=1.00E-10 time=19.385
After sweep 21 energy=-6.083592974951234  maxlinkdim=222 maxerr=9.99E-11 time=21.706
After sweep 22 energy=-6.083597046311709  maxlinkdim=214 maxerr=1.00E-10 time=23.509
After sweep 23 energy=-6.083597704532962  maxlinkdim=205 maxerr=1.00E-10 time=25.195
After sweep 24 energy=-6.083597788857035  maxlinkdim=194 maxerr=1.00E-10 time=26.051
After sweep 25 energy=-6.083597791806414  maxlinkdim=187 maxerr=1.00E-10 time=25.849
After sweep 26 energy=-6.083597792467458  maxlinkdim=186 maxerr=1.00E-10 time=25.551
After sweep 27 energy=-6.083597792838585  maxlinkdim=186 maxerr=1.00E-10 time=25.378
After sweep 28 energy=-6.083597793116068  maxlinkdim=187 maxerr=9.99E-11 time=25.587
After sweep 29 energy=-6.083597793222003  maxlinkdim=187 maxerr=9.99E-11 time=25.566
After sweep 30 energy=-6.083597793509192  maxlinkdim=187 maxerr=1.00E-10 time=25.596
Not same mu, searching again
After sweep 1 energy=-5.240731219344041  maxlinkdim=16 maxerr=7.54E-11 time=0.985
After sweep 2 energy=-6.303298474036241  maxlinkdim=104 maxerr=9.99E-11 time=4.415
After sweep 3 energy=-6.391679355115376  maxlinkdim=108 maxerr=1.00E-10 time=7.642
After sweep 4 energy=-6.441860453756898  maxlinkdim=119 maxerr=1.00E-10 time=7.924
After sweep 5 energy=-6.4761763976670945  maxlinkdim=125 maxerr=9.99E-11 time=8.026
After sweep 6 energy=-6.5012811591932  maxlinkdim=130 maxerr=9.99E-11 time=8.095
After sweep 7 energy=-6.528901716136266  maxlinkdim=163 maxerr=9.99E-11 time=9.532
After sweep 8 energy=-6.548776011652931  maxlinkdim=154 maxerr=1.00E-10 time=10.227
After sweep 9 energy=-6.559806248509117  maxlinkdim=123 maxerr=9.99E-11 time=9.748
After sweep 10 energy=-6.568444453830401  maxlinkdim=130 maxerr=1.00E-10 time=9.682
After sweep 11 energy=-6.5740392540953145  maxlinkdim=152 maxerr=9.98E-11 time=9.828
After sweep 12 energy=-6.580739997842812  maxlinkdim=268 maxerr=1.00E-10 time=11.030
After sweep 13 energy=-6.58370152409096  maxlinkdim=165 maxerr=9.99E-11 time=11.879
After sweep 14 energy=-6.585674887200408  maxlinkdim=143 maxerr=1.00E-10 time=11.719
After sweep 15 energy=-6.587962420437469  maxlinkdim=224 maxerr=9.99E-11 time=12.814
After sweep 16 energy=-6.588756005174527  maxlinkdim=295 maxerr=1.00E-10 time=14.733
After sweep 17 energy=-6.589189168410101  maxlinkdim=257 maxerr=1.00E-10 time=15.144
After sweep 18 energy=-6.589398564988212  maxlinkdim=267 maxerr=1.00E-10 time=16.338
After sweep 19 energy=-6.589482675817393  maxlinkdim=257 maxerr=9.99E-11 time=17.859
After sweep 20 energy=-6.589527915912128  maxlinkdim=284 maxerr=1.00E-10 time=20.598
After sweep 21 energy=-6.589534576826248  maxlinkdim=265 maxerr=1.00E-10 time=23.502
After sweep 22 energy=-6.589535913580448  maxlinkdim=233 maxerr=9.99E-11 time=26.451
After sweep 23 energy=-6.589536109168186  maxlinkdim=207 maxerr=1.00E-10 time=28.229
After sweep 24 energy=-6.58953612043543  maxlinkdim=195 maxerr=1.00E-10 time=27.834
After sweep 25 energy=-6.589536120716951  maxlinkdim=194 maxerr=1.00E-10 time=26.960
After sweep 26 energy=-6.589536121453354  maxlinkdim=194 maxerr=1.00E-10 time=26.793
After sweep 27 energy=-6.58953612186377  maxlinkdim=194 maxerr=1.00E-10 time=26.722
After sweep 28 energy=-6.589536121968346  maxlinkdim=194 maxerr=1.00E-10 time=26.853
After sweep 29 energy=-6.589536122096793  maxlinkdim=194 maxerr=1.00E-10 time=26.852
After sweep 30 energy=-6.589536122325555  maxlinkdim=194 maxerr=1.00E-10 time=27.230
n0: 0.49972354345753817; n1: 0.5120876662330791; mu0: -2.6506835487412728; mu1: -2.640683548741273

Range found between mu0: -2.6506835487412728 (n0: 0.49972354345753817) and mu1: -2.640683548741273 (n1: 0.5120876662330791); refining...
n0: 0.49972354345753817; n1: 0.5120876662330791; mu0: -2.6506835487412728; mu1: -2.640683548741273
Trying secant step...
After sweep 1 energy=-4.7539394858587825  maxlinkdim=16 maxerr=7.33E-11 time=1.058
After sweep 2 energy=-5.816007763290633  maxlinkdim=104 maxerr=1.00E-10 time=4.395
After sweep 3 energy=-5.908091467070326  maxlinkdim=113 maxerr=1.00E-10 time=7.833
After sweep 4 energy=-5.958816392308564  maxlinkdim=136 maxerr=9.99E-11 time=8.402
After sweep 5 energy=-5.989448559113325  maxlinkdim=141 maxerr=9.99E-11 time=8.459
After sweep 6 energy=-6.01326952381273  maxlinkdim=121 maxerr=1.00E-10 time=8.213
After sweep 7 energy=-6.0350593076697185  maxlinkdim=165 maxerr=1.00E-10 time=8.521
After sweep 8 energy=-6.055803114586626  maxlinkdim=165 maxerr=9.99E-11 time=9.618
After sweep 9 energy=-6.069676302635699  maxlinkdim=127 maxerr=9.99E-11 time=10.306
After sweep 10 energy=-6.07609276246743  maxlinkdim=118 maxerr=9.98E-11 time=9.826
After sweep 11 energy=-6.081487741840319  maxlinkdim=119 maxerr=1.00E-10 time=9.182
After sweep 12 energy=-6.085209918271848  maxlinkdim=133 maxerr=9.99E-11 time=9.441
After sweep 13 energy=-6.08833367271027  maxlinkdim=191 maxerr=9.99E-11 time=9.843
After sweep 14 energy=-6.090885412386283  maxlinkdim=206 maxerr=9.98E-11 time=11.196
After sweep 15 energy=-6.092140963366644  maxlinkdim=141 maxerr=9.99E-11 time=11.831
After sweep 16 energy=-6.093041027352503  maxlinkdim=220 maxerr=1.00E-10 time=11.119
After sweep 17 energy=-6.093938292210799  maxlinkdim=233 maxerr=1.00E-10 time=12.220
After sweep 18 energy=-6.094438801750392  maxlinkdim=194 maxerr=9.99E-11 time=15.402
After sweep 19 energy=-6.094598680810375  maxlinkdim=241 maxerr=9.99E-11 time=15.407
After sweep 20 energy=-6.094712423080214  maxlinkdim=264 maxerr=9.99E-11 time=16.658
After sweep 21 energy=-6.094756861746088  maxlinkdim=241 maxerr=9.99E-11 time=18.665
After sweep 22 energy=-6.0947694987455066  maxlinkdim=241 maxerr=1.00E-10 time=20.414
After sweep 23 energy=-6.09477342509473  maxlinkdim=215 maxerr=1.00E-10 time=22.623
After sweep 24 energy=-6.094774346572759  maxlinkdim=237 maxerr=1.00E-10 time=25.092
After sweep 25 energy=-6.094774527431215  maxlinkdim=200 maxerr=1.00E-10 time=26.093
After sweep 26 energy=-6.094774537800817  maxlinkdim=188 maxerr=1.00E-10 time=25.785
After sweep 27 energy=-6.094774538757484  maxlinkdim=186 maxerr=1.00E-10 time=25.804
After sweep 28 energy=-6.094774539110033  maxlinkdim=187 maxerr=1.00E-10 time=25.751
After sweep 29 energy=-6.094774539552024  maxlinkdim=187 maxerr=1.00E-10 time=25.768
After sweep 30 energy=-6.094774539745894  maxlinkdim=187 maxerr=1.00E-10 time=25.844
FOUND MU (secant); mu: -2.6504599529816053  n: 0.5000043107244155
Target density achieved with mu=-2.6504599529816053, n=0.5000043107244155
Checking {alpha,beta} vs measured
NOT CONVERGED; updating alpha, beta and continuing...
After sweep 1 energy=-4.723410186876657  maxlinkdim=16 maxerr=8.68E-11 time=1.062
After sweep 2 energy=-5.797720252306759  maxlinkdim=100 maxerr=1.00E-10 time=4.212
After sweep 3 energy=-5.88859723752345  maxlinkdim=107 maxerr=1.00E-10 time=7.312
After sweep 4 energy=-5.9356878682555365  maxlinkdim=113 maxerr=9.99E-11 time=7.802
After sweep 5 energy=-5.965452738168803  maxlinkdim=104 maxerr=1.00E-10 time=7.740
After sweep 6 energy=-5.988500943456663  maxlinkdim=106 maxerr=9.99E-11 time=7.733
After sweep 7 energy=-6.01452222426483  maxlinkdim=151 maxerr=1.00E-10 time=8.881
After sweep 8 energy=-6.030181751220264  maxlinkdim=155 maxerr=1.00E-10 time=9.985
After sweep 9 energy=-6.038660759886143  maxlinkdim=116 maxerr=9.99E-11 time=9.137
After sweep 10 energy=-6.045445451834552  maxlinkdim=112 maxerr=9.99E-11 time=8.662
After sweep 11 energy=-6.05128509652964  maxlinkdim=146 maxerr=9.99E-11 time=9.117
After sweep 12 energy=-6.057479805431369  maxlinkdim=185 maxerr=9.99E-11 time=9.657
After sweep 13 energy=-6.063307784910688  maxlinkdim=224 maxerr=1.00E-10 time=12.244
After sweep 14 energy=-6.065307339278102  maxlinkdim=220 maxerr=1.00E-10 time=12.856
After sweep 15 energy=-6.066539578342939  maxlinkdim=194 maxerr=9.99E-11 time=12.479
After sweep 16 energy=-6.0674308710939915  maxlinkdim=229 maxerr=9.99E-11 time=13.623
After sweep 17 energy=-6.067951585522845  maxlinkdim=300 maxerr=1.19E-10 time=14.868
After sweep 18 energy=-6.068187783993476  maxlinkdim=241 maxerr=1.00E-10 time=15.089
After sweep 19 energy=-6.068347914369364  maxlinkdim=206 maxerr=1.00E-10 time=15.868
After sweep 20 energy=-6.0684517472559225  maxlinkdim=261 maxerr=1.00E-10 time=18.783
After sweep 21 energy=-6.068476475471091  maxlinkdim=246 maxerr=1.00E-10 time=20.536
After sweep 22 energy=-6.068483239149872  maxlinkdim=283 maxerr=1.00E-10 time=23.399
After sweep 23 energy=-6.068484456802492  maxlinkdim=247 maxerr=1.00E-10 time=25.797
After sweep 24 energy=-6.068484699581231  maxlinkdim=225 maxerr=1.00E-10 time=28.258
After sweep 25 energy=-6.068484725297835  maxlinkdim=211 maxerr=9.99E-11 time=28.553
After sweep 26 energy=-6.0684847253980525  maxlinkdim=207 maxerr=1.00E-10 time=28.022
After sweep 27 energy=-6.068484725686355  maxlinkdim=207 maxerr=1.00E-10 time=27.532
After sweep 28 energy=-6.068484726195398  maxlinkdim=207 maxerr=1.00E-10 time=27.648
After sweep 29 energy=-6.068484726366066  maxlinkdim=207 maxerr=1.00E-10 time=27.958
After sweep 30 energy=-6.068484726763972  maxlinkdim=207 maxerr=1.00E-10 time=28.190
Not same mu, searching again
After sweep 1 energy=-4.23317456930803  maxlinkdim=16 maxerr=8.95E-11 time=1.028
After sweep 2 energy=-5.306001418054059  maxlinkdim=100 maxerr=1.00E-10 time=4.284
After sweep 3 energy=-5.391409920854975  maxlinkdim=109 maxerr=9.99E-11 time=7.417
After sweep 4 energy=-5.4379901285853665  maxlinkdim=116 maxerr=9.99E-11 time=8.071
After sweep 5 energy=-5.4683250461722706  maxlinkdim=127 maxerr=1.00E-10 time=7.995
After sweep 6 energy=-5.494019359083188  maxlinkdim=202 maxerr=9.98E-11 time=8.217
After sweep 7 energy=-5.521666374593748  maxlinkdim=196 maxerr=9.99E-11 time=9.155
After sweep 8 energy=-5.537794142359595  maxlinkdim=159 maxerr=9.99E-11 time=10.318
After sweep 9 energy=-5.545815019870087  maxlinkdim=122 maxerr=9.99E-11 time=9.245
After sweep 10 energy=-5.552758209558151  maxlinkdim=228 maxerr=9.98E-11 time=8.819
After sweep 11 energy=-5.559573045649997  maxlinkdim=221 maxerr=1.00E-10 time=9.619
After sweep 12 energy=-5.564905884282203  maxlinkdim=232 maxerr=9.98E-11 time=11.184
After sweep 13 energy=-5.568167177699417  maxlinkdim=162 maxerr=9.99E-11 time=11.150
After sweep 14 energy=-5.570178544183928  maxlinkdim=299 maxerr=9.98E-11 time=11.129
After sweep 15 energy=-5.571739827591119  maxlinkdim=223 maxerr=9.99E-11 time=11.645
After sweep 16 energy=-5.572677730455791  maxlinkdim=265 maxerr=1.37E-10 time=12.368
After sweep 17 energy=-5.573252110830584  maxlinkdim=228 maxerr=1.00E-10 time=12.472
After sweep 18 energy=-5.573680291020453  maxlinkdim=254 maxerr=1.00E-10 time=13.334
After sweep 19 energy=-5.574123984797014  maxlinkdim=247 maxerr=1.00E-10 time=14.467
After sweep 20 energy=-5.57429732277071  maxlinkdim=285 maxerr=1.00E-10 time=15.870
After sweep 21 energy=-5.574411888583949  maxlinkdim=282 maxerr=9.99E-11 time=17.373
After sweep 22 energy=-5.574458173046132  maxlinkdim=270 maxerr=1.00E-10 time=18.673
After sweep 23 energy=-5.574474502911464  maxlinkdim=236 maxerr=1.00E-10 time=21.512
After sweep 24 energy=-5.5744807142268815  maxlinkdim=217 maxerr=1.00E-10 time=23.128
After sweep 25 energy=-5.574482387170304  maxlinkdim=241 maxerr=1.00E-10 time=25.043
After sweep 26 energy=-5.5744827317623376  maxlinkdim=217 maxerr=1.00E-10 time=26.130
After sweep 27 energy=-5.574482788953673  maxlinkdim=211 maxerr=1.00E-10 time=26.017
After sweep 28 energy=-5.574482792164128  maxlinkdim=199 maxerr=9.99E-11 time=26.254
After sweep 29 energy=-5.5744827928149885  maxlinkdim=199 maxerr=1.00E-10 time=25.226
After sweep 30 energy=-5.574482793270079  maxlinkdim=199 maxerr=1.00E-10 time=24.973
n0: 0.4875549408050681; n1: 0.5003595080783826; mu0: -2.660459952981605; mu1: -2.6504599529816053

Range found between mu0: -2.660459952981605 (n0: 0.4875549408050681) and mu1: -2.6504599529816053 (n1: 0.5003595080783826); refining...
n0: 0.4875549408050681; n1: 0.5003595080783826; mu0: -2.660459952981605; mu1: -2.6504599529816053
Trying secant step...
After sweep 1 energy=-4.709557310240358  maxlinkdim=16 maxerr=8.66E-11 time=1.058
After sweep 2 energy=-5.784076841220567  maxlinkdim=100 maxerr=9.98E-11 time=4.281
After sweep 3 energy=-5.874563527855216  maxlinkdim=109 maxerr=1.00E-10 time=7.266
After sweep 4 energy=-5.9226354870695905  maxlinkdim=115 maxerr=9.98E-11 time=7.901
After sweep 5 energy=-5.952186137350376  maxlinkdim=108 maxerr=9.99E-11 time=7.779
After sweep 6 energy=-5.976919933289787  maxlinkdim=167 maxerr=1.00E-10 time=7.717
After sweep 7 energy=-6.002682646908802  maxlinkdim=161 maxerr=1.00E-10 time=8.844
After sweep 8 energy=-6.020938970264841  maxlinkdim=172 maxerr=1.00E-10 time=10.256
After sweep 9 energy=-6.0306068381046805  maxlinkdim=170 maxerr=1.00E-10 time=10.061
After sweep 10 energy=-6.036356485161061  maxlinkdim=197 maxerr=9.99E-11 time=9.716
After sweep 11 energy=-6.04083663686523  maxlinkdim=198 maxerr=9.99E-11 time=9.682
After sweep 12 energy=-6.04478156046829  maxlinkdim=172 maxerr=1.00E-10 time=9.567
After sweep 13 energy=-6.048772215745505  maxlinkdim=169 maxerr=9.99E-11 time=11.016
After sweep 14 energy=-6.050868381006436  maxlinkdim=180 maxerr=1.00E-10 time=12.248
After sweep 15 energy=-6.051909733152841  maxlinkdim=195 maxerr=1.00E-10 time=11.979
After sweep 16 energy=-6.053086054850954  maxlinkdim=216 maxerr=9.99E-11 time=13.068
After sweep 17 energy=-6.053874862781321  maxlinkdim=273 maxerr=1.00E-10 time=14.950
After sweep 18 energy=-6.054134418630436  maxlinkdim=251 maxerr=1.00E-10 time=15.392
After sweep 19 energy=-6.054263897923065  maxlinkdim=290 maxerr=1.00E-10 time=16.170
After sweep 20 energy=-6.054347205457088  maxlinkdim=255 maxerr=1.00E-10 time=16.744
After sweep 21 energy=-6.054417312172998  maxlinkdim=270 maxerr=1.00E-10 time=19.016
After sweep 22 energy=-6.054437772639924  maxlinkdim=271 maxerr=1.00E-10 time=21.989
After sweep 23 energy=-6.054440636493872  maxlinkdim=256 maxerr=1.00E-10 time=24.648
After sweep 24 energy=-6.054441224263176  maxlinkdim=238 maxerr=1.00E-10 time=27.356
After sweep 25 energy=-6.054441300835093  maxlinkdim=218 maxerr=1.00E-10 time=27.767
After sweep 26 energy=-6.054441304850875  maxlinkdim=208 maxerr=9.99E-11 time=27.199
After sweep 27 energy=-6.054441305456188  maxlinkdim=207 maxerr=1.00E-10 time=26.961
After sweep 28 energy=-6.05444130581276  maxlinkdim=207 maxerr=1.00E-10 time=26.724
After sweep 29 energy=-6.054441305956948  maxlinkdim=207 maxerr=1.00E-10 time=27.237
After sweep 30 energy=-6.054441306243982  maxlinkdim=207 maxerr=9.99E-11 time=26.675
n0: 0.5000069455127506; n1: 0.5003595080783826; mu0: -2.6507407184855922; mu1: -2.6504599529816053
Trying secant step...
After sweep 1 energy=-4.709292690588178  maxlinkdim=16 maxerr=8.66E-11 time=1.071
After sweep 2 energy=-5.783840569179291  maxlinkdim=100 maxerr=1.00E-10 time=4.287
After sweep 3 energy=-5.87467141717322  maxlinkdim=109 maxerr=1.00E-10 time=7.308
After sweep 4 energy=-5.922245333950558  maxlinkdim=117 maxerr=9.99E-11 time=7.867
After sweep 5 energy=-5.951740792126495  maxlinkdim=108 maxerr=1.00E-10 time=7.845
After sweep 6 energy=-5.973892654079071  maxlinkdim=138 maxerr=9.99E-11 time=7.687
After sweep 7 energy=-5.997384604404356  maxlinkdim=178 maxerr=9.99E-11 time=8.359
After sweep 8 energy=-6.013213488059942  maxlinkdim=133 maxerr=1.00E-10 time=9.311
After sweep 9 energy=-6.023266006666941  maxlinkdim=130 maxerr=1.00E-10 time=9.121
After sweep 10 energy=-6.032250509418193  maxlinkdim=177 maxerr=1.00E-10 time=9.277
After sweep 11 energy=-6.0408117146995295  maxlinkdim=178 maxerr=1.00E-10 time=10.861
After sweep 12 energy=-6.045046688994272  maxlinkdim=230 maxerr=1.00E-10 time=11.282
After sweep 13 energy=-6.048120343586502  maxlinkdim=240 maxerr=9.97E-11 time=12.011
After sweep 14 energy=-6.050571774942307  maxlinkdim=246 maxerr=1.00E-10 time=12.688
After sweep 15 energy=-6.051952230170292  maxlinkdim=237 maxerr=9.99E-11 time=13.069
After sweep 16 energy=-6.053102765938826  maxlinkdim=232 maxerr=1.00E-10 time=13.736
After sweep 17 energy=-6.05382460262113  maxlinkdim=256 maxerr=1.00E-10 time=16.072
After sweep 18 energy=-6.053996967959954  maxlinkdim=238 maxerr=1.00E-10 time=16.738
After sweep 19 energy=-6.0541069158259475  maxlinkdim=266 maxerr=1.00E-10 time=17.766
After sweep 20 energy=-6.054149864432004  maxlinkdim=259 maxerr=1.00E-10 time=18.951
After sweep 21 energy=-6.054161771285272  maxlinkdim=256 maxerr=1.00E-10 time=21.921
After sweep 22 energy=-6.0541641535087045  maxlinkdim=247 maxerr=1.00E-10 time=23.429
After sweep 23 energy=-6.054164685555555  maxlinkdim=228 maxerr=9.99E-11 time=26.982
After sweep 24 energy=-6.0541647458466255  maxlinkdim=214 maxerr=1.00E-10 time=27.975
After sweep 25 energy=-6.054164747029726  maxlinkdim=207 maxerr=1.00E-10 time=27.338
After sweep 26 energy=-6.054164748225401  maxlinkdim=207 maxerr=1.00E-10 time=27.503
After sweep 27 energy=-6.054164748397803  maxlinkdim=207 maxerr=1.00E-10 time=26.949
After sweep 28 energy=-6.054164748566281  maxlinkdim=207 maxerr=1.00E-10 time=27.557
After sweep 29 energy=-6.054164748806544  maxlinkdim=207 maxerr=9.99E-11 time=26.959
After sweep 30 energy=-6.0541647489899795  maxlinkdim=207 maxerr=1.00E-10 time=26.906
FOUND MU (secant); mu: -2.650746249590077  n: 0.49999999718495786
Target density achieved with mu=-2.650746249590077, n=0.49999999718495786
Checking {alpha,beta} vs measured
NOT CONVERGED; updating alpha, beta and continuing...
After sweep 1 energy=-4.716076532947596  maxlinkdim=16 maxerr=9.80E-11 time=1.095
After sweep 2 energy=-5.787539625946005  maxlinkdim=101 maxerr=9.98E-11 time=4.354
After sweep 3 energy=-5.874326348587412  maxlinkdim=114 maxerr=9.99E-11 time=7.137
After sweep 4 energy=-5.917526236625491  maxlinkdim=108 maxerr=9.99E-11 time=7.562
After sweep 5 energy=-5.947563008924583  maxlinkdim=116 maxerr=1.00E-10 time=7.512
After sweep 6 energy=-5.97032439516654  maxlinkdim=118 maxerr=1.00E-10 time=7.680
After sweep 7 energy=-5.989576420061185  maxlinkdim=118 maxerr=1.00E-10 time=8.162
After sweep 8 energy=-6.0041452303337985  maxlinkdim=127 maxerr=9.99E-11 time=8.457
After sweep 9 energy=-6.0199963750339585  maxlinkdim=178 maxerr=1.00E-10 time=9.158
After sweep 10 energy=-6.030655510427922  maxlinkdim=206 maxerr=1.00E-10 time=10.762
After sweep 11 energy=-6.036228736807382  maxlinkdim=197 maxerr=9.97E-11 time=11.316
After sweep 12 energy=-6.040117903193004  maxlinkdim=246 maxerr=1.00E-10 time=11.645
After sweep 13 energy=-6.044025855775303  maxlinkdim=280 maxerr=1.00E-10 time=11.965
After sweep 14 energy=-6.045545948845418  maxlinkdim=212 maxerr=1.00E-10 time=12.476
After sweep 15 energy=-6.0466143920463695  maxlinkdim=241 maxerr=9.99E-11 time=12.319
After sweep 16 energy=-6.047570050813305  maxlinkdim=296 maxerr=9.99E-11 time=13.350
After sweep 17 energy=-6.048204391957362  maxlinkdim=263 maxerr=9.99E-11 time=14.643
After sweep 18 energy=-6.0487516909838215  maxlinkdim=211 maxerr=1.00E-10 time=16.601
After sweep 19 energy=-6.048934451912623  maxlinkdim=253 maxerr=1.00E-10 time=17.678
After sweep 20 energy=-6.049005339263247  maxlinkdim=226 maxerr=1.13E-10 time=18.297
After sweep 21 energy=-6.049046517528106  maxlinkdim=284 maxerr=1.00E-10 time=19.042
After sweep 22 energy=-6.049069157610487  maxlinkdim=257 maxerr=1.00E-10 time=20.705
After sweep 23 energy=-6.049079134327621  maxlinkdim=219 maxerr=1.00E-10 time=22.757
After sweep 24 energy=-6.0490825977958265  maxlinkdim=251 maxerr=1.00E-10 time=25.745
After sweep 25 energy=-6.049083163311036  maxlinkdim=251 maxerr=1.00E-10 time=27.179
After sweep 26 energy=-6.04908326928352  maxlinkdim=224 maxerr=1.00E-10 time=28.958
After sweep 27 energy=-6.049083277543542  maxlinkdim=214 maxerr=9.99E-11 time=28.580
After sweep 28 energy=-6.0490832783409925  maxlinkdim=212 maxerr=9.99E-11 time=27.895
After sweep 29 energy=-6.049083278714864  maxlinkdim=212 maxerr=1.00E-10 time=27.935
After sweep 30 energy=-6.04908327882081  maxlinkdim=212 maxerr=9.99E-11 time=27.924
Not same mu, searching again
After sweep 1 energy=-4.203319890783641  maxlinkdim=16 maxerr=9.67E-11 time=1.106
After sweep 2 energy=-5.279989621447279  maxlinkdim=101 maxerr=9.99E-11 time=4.366
After sweep 3 energy=-5.373048071583571  maxlinkdim=114 maxerr=9.99E-11 time=7.156
After sweep 4 energy=-5.421378513536776  maxlinkdim=120 maxerr=9.99E-11 time=7.873
After sweep 5 energy=-5.4535497722964665  maxlinkdim=172 maxerr=1.00E-10 time=8.050
After sweep 6 energy=-5.4781978894268875  maxlinkdim=185 maxerr=1.00E-10 time=8.290
After sweep 7 energy=-5.500499950350575  maxlinkdim=214 maxerr=9.98E-11 time=8.815
After sweep 8 energy=-5.5180246257419086  maxlinkdim=148 maxerr=1.00E-10 time=9.715
After sweep 9 energy=-5.528387308531216  maxlinkdim=133 maxerr=9.96E-11 time=9.743
After sweep 10 energy=-5.534806633268102  maxlinkdim=120 maxerr=9.99E-11 time=9.266
After sweep 11 energy=-5.540204251909198  maxlinkdim=235 maxerr=1.00E-10 time=9.171
After sweep 12 energy=-5.544425232556622  maxlinkdim=253 maxerr=9.98E-11 time=9.888
After sweep 13 energy=-5.547780679977121  maxlinkdim=180 maxerr=9.99E-11 time=10.376
After sweep 14 energy=-5.550615770413595  maxlinkdim=260 maxerr=1.00E-10 time=11.243
After sweep 15 energy=-5.552761032276051  maxlinkdim=201 maxerr=1.13E-10 time=12.732
After sweep 16 energy=-5.55375953576229  maxlinkdim=218 maxerr=9.99E-11 time=13.024
After sweep 17 energy=-5.554385690632417  maxlinkdim=183 maxerr=1.00E-10 time=13.673
After sweep 18 energy=-5.555042761334837  maxlinkdim=208 maxerr=1.19E-10 time=14.973
After sweep 19 energy=-5.555220624498985  maxlinkdim=284 maxerr=1.00E-10 time=16.736
After sweep 20 energy=-5.555290994218079  maxlinkdim=228 maxerr=9.99E-11 time=16.293
After sweep 21 energy=-5.555358015876309  maxlinkdim=243 maxerr=9.99E-11 time=17.606
After sweep 22 energy=-5.555369711556123  maxlinkdim=253 maxerr=1.00E-10 time=20.153
After sweep 23 energy=-5.555374003247934  maxlinkdim=239 maxerr=1.00E-10 time=22.547
After sweep 24 energy=-5.555374952322397  maxlinkdim=241 maxerr=1.00E-10 time=25.316
After sweep 25 energy=-5.555375142480329  maxlinkdim=227 maxerr=1.00E-10 time=26.865
After sweep 26 energy=-5.555375160063791  maxlinkdim=207 maxerr=1.00E-10 time=26.134
After sweep 27 energy=-5.555375160521636  maxlinkdim=204 maxerr=1.00E-10 time=25.813
After sweep 28 energy=-5.555375161193422  maxlinkdim=204 maxerr=1.00E-10 time=25.590
After sweep 29 energy=-5.55537516145871  maxlinkdim=204 maxerr=9.99E-11 time=26.403
After sweep 30 energy=-5.555375161616041  maxlinkdim=204 maxerr=1.00E-10 time=26.081
n0: 0.4872440895782436; n1: 0.5000755299730834; mu0: -2.6607462495900767; mu1: -2.650746249590077

Range found between mu0: -2.6607462495900767 (n0: 0.4872440895782436) and mu1: -2.650746249590077 (n1: 0.5000755299730834); refining...
n0: 0.4872440895782436; n1: 0.5000755299730834; mu0: -2.6607462495900767; mu1: -2.650746249590077
Trying secant step...
After sweep 1 energy=-4.713187863993782  maxlinkdim=16 maxerr=9.78E-11 time=1.113
After sweep 2 energy=-5.78453429853461  maxlinkdim=101 maxerr=9.99E-11 time=4.390
After sweep 3 energy=-5.871044474152694  maxlinkdim=114 maxerr=9.99E-11 time=7.100
After sweep 4 energy=-5.915077212556223  maxlinkdim=109 maxerr=9.98E-11 time=7.536
After sweep 5 energy=-5.945783599924926  maxlinkdim=143 maxerr=9.98E-11 time=7.522
After sweep 6 energy=-5.96838761900891  maxlinkdim=118 maxerr=9.99E-11 time=7.632
After sweep 7 energy=-5.9876091775902545  maxlinkdim=134 maxerr=9.99E-11 time=8.018
After sweep 8 energy=-6.00293144373359  maxlinkdim=128 maxerr=9.98E-11 time=8.630
After sweep 9 energy=-6.013663567037909  maxlinkdim=125 maxerr=9.99E-11 time=8.836
After sweep 10 energy=-6.021094276505054  maxlinkdim=161 maxerr=1.00E-10 time=8.984
After sweep 11 energy=-6.028383611254001  maxlinkdim=234 maxerr=1.00E-10 time=9.056
After sweep 12 energy=-6.033885226569409  maxlinkdim=206 maxerr=1.00E-10 time=10.240
After sweep 13 energy=-6.038251516412993  maxlinkdim=248 maxerr=9.99E-11 time=11.615
After sweep 14 energy=-6.040491932205268  maxlinkdim=238 maxerr=9.99E-11 time=11.511
After sweep 15 energy=-6.042017481985549  maxlinkdim=252 maxerr=9.99E-11 time=11.183
After sweep 16 energy=-6.0432489264684035  maxlinkdim=279 maxerr=1.00E-10 time=11.579
After sweep 17 energy=-6.044803308094123  maxlinkdim=242 maxerr=1.00E-10 time=13.417
After sweep 18 energy=-6.045307136115304  maxlinkdim=201 maxerr=1.00E-10 time=14.597
After sweep 19 energy=-6.045665859673601  maxlinkdim=199 maxerr=9.99E-11 time=14.778
After sweep 20 energy=-6.046005774303464  maxlinkdim=260 maxerr=1.00E-10 time=16.949
After sweep 21 energy=-6.046093959819168  maxlinkdim=193 maxerr=9.99E-11 time=18.865
After sweep 22 energy=-6.046125908563565  maxlinkdim=279 maxerr=1.00E-10 time=19.919
After sweep 23 energy=-6.046135898512229  maxlinkdim=236 maxerr=1.00E-10 time=22.493
After sweep 24 energy=-6.046138924113945  maxlinkdim=236 maxerr=1.00E-10 time=25.752
After sweep 25 energy=-6.046139687934044  maxlinkdim=235 maxerr=1.00E-10 time=26.905
After sweep 26 energy=-6.046139869876614  maxlinkdim=231 maxerr=1.00E-10 time=28.697
After sweep 27 energy=-6.046139889373954  maxlinkdim=216 maxerr=1.00E-10 time=28.526
After sweep 28 energy=-6.046139890588239  maxlinkdim=212 maxerr=1.00E-10 time=28.311
After sweep 29 energy=-6.046139891193364  maxlinkdim=212 maxerr=1.00E-10 time=28.070
After sweep 30 energy=-6.046139891355488  maxlinkdim=212 maxerr=9.99E-11 time=27.998
FOUND MU (secant); mu: -2.6508051127969807  n: 0.5000016112563569
Target density achieved with mu=-2.6508051127969807, n=0.5000016112563569
Checking {alpha,beta} vs measured
NOT CONVERGED; updating alpha, beta and continuing...
After sweep 1 energy=-4.7093662310736155  maxlinkdim=16 maxerr=9.49E-11 time=1.089
After sweep 2 energy=-5.776270340132548  maxlinkdim=99 maxerr=9.99E-11 time=4.344
After sweep 3 energy=-5.867511215462146  maxlinkdim=122 maxerr=9.99E-11 time=6.995
After sweep 4 energy=-5.91647783306183  maxlinkdim=129 maxerr=9.99E-11 time=7.700
After sweep 5 energy=-5.951105203310211  maxlinkdim=145 maxerr=1.00E-10 time=8.606
After sweep 6 energy=-5.973570201276995  maxlinkdim=140 maxerr=1.00E-10 time=8.300
After sweep 7 energy=-5.99148712789623  maxlinkdim=147 maxerr=9.99E-11 time=8.582
After sweep 8 energy=-6.004996329190602  maxlinkdim=199 maxerr=9.99E-11 time=9.104
After sweep 9 energy=-6.015003294256058  maxlinkdim=191 maxerr=2.60E-10 time=9.272
After sweep 10 energy=-6.025420308908282  maxlinkdim=209 maxerr=1.00E-10 time=10.269
After sweep 11 energy=-6.032427223713598  maxlinkdim=187 maxerr=9.99E-11 time=11.559
After sweep 12 energy=-6.036149107799367  maxlinkdim=194 maxerr=9.99E-11 time=11.307
After sweep 13 energy=-6.0386773682579795  maxlinkdim=194 maxerr=1.00E-10 time=11.231
After sweep 14 energy=-6.041760981171163  maxlinkdim=275 maxerr=1.00E-10 time=12.264
After sweep 15 energy=-6.043241113407645  maxlinkdim=225 maxerr=1.00E-10 time=13.968
After sweep 16 energy=-6.043916507288498  maxlinkdim=240 maxerr=1.00E-10 time=14.461
After sweep 17 energy=-6.0443052186825685  maxlinkdim=232 maxerr=9.99E-11 time=15.090
After sweep 18 energy=-6.044633658079319  maxlinkdim=286 maxerr=9.99E-11 time=16.392
After sweep 19 energy=-6.044793863578901  maxlinkdim=267 maxerr=1.00E-10 time=18.154
After sweep 20 energy=-6.044849937940288  maxlinkdim=224 maxerr=2.02E-10 time=20.990
After sweep 21 energy=-6.044859123295273  maxlinkdim=228 maxerr=9.99E-11 time=23.000
After sweep 22 energy=-6.044861501641064  maxlinkdim=236 maxerr=1.00E-10 time=25.884
After sweep 23 energy=-6.044862118295145  maxlinkdim=232 maxerr=1.00E-10 time=27.598
After sweep 24 energy=-6.044862235581527  maxlinkdim=231 maxerr=1.00E-10 time=28.933
After sweep 25 energy=-6.044862245434222  maxlinkdim=215 maxerr=1.00E-10 time=29.047
After sweep 26 energy=-6.044862246318616  maxlinkdim=213 maxerr=1.00E-10 time=28.059
After sweep 27 energy=-6.044862246672563  maxlinkdim=213 maxerr=1.00E-10 time=28.388
After sweep 28 energy=-6.044862246790749  maxlinkdim=214 maxerr=1.00E-10 time=27.711
After sweep 29 energy=-6.044862247212084  maxlinkdim=214 maxerr=1.00E-10 time=27.710
After sweep 30 energy=-6.0448622473908475  maxlinkdim=214 maxerr=1.00E-10 time=28.384
Not same mu, searching again
After sweep 1 energy=-4.210713087737725  maxlinkdim=16 maxerr=8.39E-11 time=1.083
After sweep 2 energy=-5.276452253800705  maxlinkdim=102 maxerr=1.00E-10 time=4.410
After sweep 3 energy=-5.367031626681666  maxlinkdim=124 maxerr=9.99E-11 time=6.918
After sweep 4 energy=-5.4167361727309515  maxlinkdim=118 maxerr=9.99E-11 time=7.435
After sweep 5 energy=-5.449953708528452  maxlinkdim=129 maxerr=9.99E-11 time=7.568
After sweep 6 energy=-5.475571914594545  maxlinkdim=201 maxerr=9.99E-11 time=8.066
After sweep 7 energy=-5.497234206890535  maxlinkdim=168 maxerr=9.98E-11 time=8.877
After sweep 8 energy=-5.513559523967556  maxlinkdim=136 maxerr=1.00E-10 time=9.613
After sweep 9 energy=-5.522657910567555  maxlinkdim=193 maxerr=9.98E-11 time=9.428
After sweep 10 energy=-5.529424660170212  maxlinkdim=186 maxerr=9.99E-11 time=9.568
After sweep 11 energy=-5.534783465841534  maxlinkdim=222 maxerr=9.98E-11 time=9.565
After sweep 12 energy=-5.539252871913425  maxlinkdim=234 maxerr=1.00E-10 time=9.943
After sweep 13 energy=-5.542830537758673  maxlinkdim=203 maxerr=1.00E-10 time=10.448
After sweep 14 energy=-5.546327773136396  maxlinkdim=212 maxerr=1.00E-10 time=11.349
After sweep 15 energy=-5.549130120137304  maxlinkdim=256 maxerr=9.99E-11 time=14.054
After sweep 16 energy=-5.550104410067322  maxlinkdim=256 maxerr=1.00E-10 time=15.064
After sweep 17 energy=-5.5505808534201115  maxlinkdim=250 maxerr=1.00E-10 time=15.121
After sweep 18 energy=-5.550930140587929  maxlinkdim=275 maxerr=9.99E-11 time=15.641
After sweep 19 energy=-5.551127439470647  maxlinkdim=259 maxerr=1.00E-10 time=17.647
After sweep 20 energy=-5.551188258893598  maxlinkdim=239 maxerr=1.00E-10 time=19.047
After sweep 21 energy=-5.551203970118378  maxlinkdim=289 maxerr=1.00E-10 time=20.975
After sweep 22 energy=-5.551209397514756  maxlinkdim=246 maxerr=9.99E-11 time=22.894
After sweep 23 energy=-5.55121083559382  maxlinkdim=242 maxerr=1.00E-10 time=25.677
After sweep 24 energy=-5.551211112535247  maxlinkdim=229 maxerr=1.00E-10 time=27.138
After sweep 25 energy=-5.551211134117812  maxlinkdim=209 maxerr=1.00E-10 time=27.122
After sweep 26 energy=-5.551211134695493  maxlinkdim=205 maxerr=9.99E-11 time=26.582
After sweep 27 energy=-5.551211134950028  maxlinkdim=205 maxerr=1.00E-10 time=25.941
After sweep 28 energy=-5.551211135408338  maxlinkdim=205 maxerr=1.00E-10 time=26.519
After sweep 29 energy=-5.551211135639662  maxlinkdim=205 maxerr=1.00E-10 time=26.354
After sweep 30 energy=-5.551211135898808  maxlinkdim=205 maxerr=9.99E-11 time=26.761
n0: 0.4871823826332111; n1: 0.5000209004173787; mu0: -2.6608051127969805; mu1: -2.6508051127969807

Range found between mu0: -2.6608051127969805 (n0: 0.4871823826332111) and mu1: -2.6508051127969807 (n1: 0.5000209004173787); refining...
n0: 0.4871823826332111; n1: 0.5000209004173787; mu0: -2.6608051127969805; mu1: -2.6508051127969807
Trying secant step...
After sweep 1 energy=-4.708451882706736  maxlinkdim=16 maxerr=9.52E-11 time=1.103
After sweep 2 energy=-5.775299895231794  maxlinkdim=99 maxerr=1.00E-10 time=4.344
After sweep 3 energy=-5.866386395209352  maxlinkdim=122 maxerr=9.99E-11 time=6.980
After sweep 4 energy=-5.915378832706181  maxlinkdim=133 maxerr=1.00E-10 time=7.690
After sweep 5 energy=-5.949576684806101  maxlinkdim=129 maxerr=9.99E-11 time=8.338
After sweep 6 energy=-5.972122847340202  maxlinkdim=137 maxerr=9.99E-11 time=8.149
After sweep 7 energy=-5.99061179105963  maxlinkdim=167 maxerr=1.00E-10 time=8.483
After sweep 8 energy=-6.006533404625234  maxlinkdim=186 maxerr=9.99E-11 time=9.101
After sweep 9 energy=-6.015566309758743  maxlinkdim=201 maxerr=1.00E-10 time=9.252
After sweep 10 energy=-6.022017166071155  maxlinkdim=172 maxerr=1.00E-10 time=9.231
After sweep 11 energy=-6.0270361388991684  maxlinkdim=157 maxerr=9.99E-11 time=9.134
After sweep 12 energy=-6.031317698572867  maxlinkdim=164 maxerr=9.99E-11 time=9.530
After sweep 13 energy=-6.03606157546031  maxlinkdim=209 maxerr=1.00E-10 time=10.709
After sweep 14 energy=-6.038984781997899  maxlinkdim=256 maxerr=9.98E-11 time=12.418
After sweep 15 energy=-6.0405422938754025  maxlinkdim=285 maxerr=1.00E-10 time=12.440
After sweep 16 energy=-6.041737740525546  maxlinkdim=216 maxerr=1.00E-10 time=12.775
After sweep 17 energy=-6.043261592766199  maxlinkdim=226 maxerr=1.00E-10 time=15.172
After sweep 18 energy=-6.043636269036465  maxlinkdim=218 maxerr=9.99E-11 time=16.253
After sweep 19 energy=-6.043855100072251  maxlinkdim=203 maxerr=1.00E-10 time=16.706
After sweep 20 energy=-6.0439543826950395  maxlinkdim=225 maxerr=1.00E-10 time=17.486
After sweep 21 energy=-6.044012815007396  maxlinkdim=250 maxerr=1.00E-10 time=18.289
After sweep 22 energy=-6.044036494062428  maxlinkdim=247 maxerr=1.00E-10 time=20.433
After sweep 23 energy=-6.044045844511205  maxlinkdim=237 maxerr=1.00E-10 time=23.617
After sweep 24 energy=-6.044047840921481  maxlinkdim=264 maxerr=1.00E-10 time=26.559
After sweep 25 energy=-6.044048213030557  maxlinkdim=242 maxerr=1.00E-10 time=28.031
After sweep 26 energy=-6.044048253654491  maxlinkdim=220 maxerr=1.00E-10 time=28.787
After sweep 27 energy=-6.044048254992502  maxlinkdim=214 maxerr=1.00E-10 time=28.546
After sweep 28 energy=-6.044048255777498  maxlinkdim=213 maxerr=9.99E-11 time=28.359
After sweep 29 energy=-6.044048255994818  maxlinkdim=213 maxerr=9.99E-11 time=28.014
After sweep 30 energy=-6.044048256296726  maxlinkdim=214 maxerr=9.99E-11 time=28.015
FOUND MU (secant); mu: -2.6508213922598673  n: 0.5000004542823949
Target density achieved with mu=-2.6508213922598673, n=0.5000004542823949
Checking {alpha,beta} vs measured
NOT CONVERGED; updating alpha, beta and continuing...
After sweep 1 energy=-4.7106280918621115  maxlinkdim=16 maxerr=8.87E-11 time=1.111
After sweep 2 energy=-5.781124112671086  maxlinkdim=101 maxerr=1.00E-10 time=4.477
After sweep 3 energy=-5.868460648021095  maxlinkdim=122 maxerr=9.99E-11 time=7.233
After sweep 4 energy=-5.913975133335718  maxlinkdim=118 maxerr=9.99E-11 time=7.726
After sweep 5 energy=-5.945871828552843  maxlinkdim=137 maxerr=1.00E-10 time=8.269
After sweep 6 energy=-5.9686356984158255  maxlinkdim=117 maxerr=1.00E-10 time=7.945
After sweep 7 energy=-5.9917579521097935  maxlinkdim=163 maxerr=1.00E-10 time=8.628
After sweep 8 energy=-6.007000048105993  maxlinkdim=200 maxerr=9.99E-11 time=9.724
After sweep 9 energy=-6.015109960972604  maxlinkdim=158 maxerr=1.00E-10 time=9.734
After sweep 10 energy=-6.02236649505617  maxlinkdim=154 maxerr=1.00E-10 time=9.518
After sweep 11 energy=-6.03035886396658  maxlinkdim=186 maxerr=9.99E-11 time=10.993
After sweep 12 energy=-6.034397090874192  maxlinkdim=219 maxerr=1.00E-10 time=11.867
After sweep 13 energy=-6.037222635253881  maxlinkdim=170 maxerr=9.99E-11 time=11.730
After sweep 14 energy=-6.039398375429749  maxlinkdim=261 maxerr=9.99E-11 time=11.857
After sweep 15 energy=-6.040747311818863  maxlinkdim=240 maxerr=1.00E-10 time=12.491
After sweep 16 energy=-6.041629417100353  maxlinkdim=252 maxerr=1.00E-10 time=12.946
After sweep 17 energy=-6.042688809223144  maxlinkdim=277 maxerr=1.00E-10 time=13.884
After sweep 18 energy=-6.043337313640042  maxlinkdim=269 maxerr=9.98E-11 time=16.690
After sweep 19 energy=-6.043536620585549  maxlinkdim=251 maxerr=1.00E-10 time=17.896
After sweep 20 energy=-6.043631301109603  maxlinkdim=300 maxerr=1.14E-10 time=18.115
After sweep 21 energy=-6.043672204955184  maxlinkdim=228 maxerr=1.00E-10 time=19.231
After sweep 22 energy=-6.0436962274353  maxlinkdim=275 maxerr=1.00E-10 time=20.913
After sweep 23 energy=-6.043701887535485  maxlinkdim=265 maxerr=1.00E-10 time=24.772
After sweep 24 energy=-6.043702843252744  maxlinkdim=247 maxerr=1.00E-10 time=27.013
After sweep 25 energy=-6.043703113157453  maxlinkdim=235 maxerr=1.00E-10 time=28.429
After sweep 26 energy=-6.043703153949207  maxlinkdim=221 maxerr=1.00E-10 time=28.419
After sweep 27 energy=-6.04370315620439  maxlinkdim=214 maxerr=1.00E-10 time=28.101
After sweep 28 energy=-6.043703156613526  maxlinkdim=213 maxerr=1.00E-10 time=28.171
After sweep 29 energy=-6.043703157282983  maxlinkdim=214 maxerr=1.00E-10 time=28.103
After sweep 30 energy=-6.0437031576697535  maxlinkdim=214 maxerr=1.00E-10 time=28.011
Not same mu, searching again
After sweep 1 energy=-4.210964227399465  maxlinkdim=16 maxerr=9.00E-11 time=1.127
After sweep 2 energy=-5.278542986355354  maxlinkdim=99 maxerr=1.00E-10 time=4.431
After sweep 3 energy=-5.369392048271063  maxlinkdim=123 maxerr=9.99E-11 time=7.056
After sweep 4 energy=-5.416956803139591  maxlinkdim=137 maxerr=1.00E-10 time=7.730
After sweep 5 energy=-5.446375545792285  maxlinkdim=126 maxerr=9.99E-11 time=7.972
After sweep 6 energy=-5.468645607681599  maxlinkdim=139 maxerr=1.00E-10 time=7.829
After sweep 7 energy=-5.4936763754358715  maxlinkdim=176 maxerr=1.00E-10 time=8.613
After sweep 8 energy=-5.509796030187737  maxlinkdim=142 maxerr=9.99E-11 time=9.611
After sweep 9 energy=-5.518400546483478  maxlinkdim=154 maxerr=9.97E-11 time=8.921
After sweep 10 energy=-5.526479601942515  maxlinkdim=218 maxerr=1.00E-10 time=8.730
After sweep 11 energy=-5.532585611104363  maxlinkdim=152 maxerr=9.99E-11 time=9.420
After sweep 12 energy=-5.537313214035841  maxlinkdim=242 maxerr=9.99E-11 time=9.748
After sweep 13 energy=-5.5403360099142285  maxlinkdim=214 maxerr=1.00E-10 time=9.829
After sweep 14 energy=-5.5429156709605065  maxlinkdim=241 maxerr=9.99E-11 time=9.675
After sweep 15 energy=-5.544786567358211  maxlinkdim=199 maxerr=1.00E-10 time=10.575
After sweep 16 energy=-5.5474603801816675  maxlinkdim=269 maxerr=9.99E-11 time=11.560
After sweep 17 energy=-5.548613708244462  maxlinkdim=236 maxerr=1.00E-10 time=13.707
After sweep 18 energy=-5.549157500048783  maxlinkdim=211 maxerr=1.00E-10 time=14.008
After sweep 19 energy=-5.549567835016937  maxlinkdim=268 maxerr=1.00E-10 time=14.868
After sweep 20 energy=-5.549832914321442  maxlinkdim=300 maxerr=1.07E-10 time=16.685
After sweep 21 energy=-5.549958067781265  maxlinkdim=238 maxerr=9.99E-11 time=17.629
After sweep 22 energy=-5.5500208886126625  maxlinkdim=254 maxerr=1.00E-10 time=18.573
After sweep 23 energy=-5.550046800590321  maxlinkdim=249 maxerr=1.00E-10 time=19.769
After sweep 24 energy=-5.5500595935091415  maxlinkdim=231 maxerr=1.00E-10 time=21.940
After sweep 25 energy=-5.550065655158864  maxlinkdim=244 maxerr=1.00E-10 time=23.719
After sweep 26 energy=-5.550067545656288  maxlinkdim=254 maxerr=1.00E-10 time=25.358
After sweep 27 energy=-5.5500678644056745  maxlinkdim=231 maxerr=9.99E-11 time=27.565
After sweep 28 energy=-5.550067893370778  maxlinkdim=213 maxerr=1.00E-10 time=27.672
After sweep 29 energy=-5.550067893186078  maxlinkdim=205 maxerr=1.00E-10 time=26.931
After sweep 30 energy=-5.550067893612876  maxlinkdim=205 maxerr=1.00E-10 time=26.840
n0: 0.48716527636138446; n1: 0.5000057404615009; mu0: -2.660821392259867; mu1: -2.6508213922598673

Range found between mu0: -2.660821392259867 (n0: 0.48716527636138446) and mu1: -2.6508213922598673 (n1: 0.5000057404615009); refining...
n0: 0.48716527636138446; n1: 0.5000057404615009; mu0: -2.660821392259867; mu1: -2.6508213922598673
Trying secant step...
After sweep 1 energy=-4.710404692686961  maxlinkdim=16 maxerr=8.85E-11 time=1.150
After sweep 2 energy=-5.780925289099091  maxlinkdim=101 maxerr=1.00E-10 time=4.418
After sweep 3 energy=-5.868130115470382  maxlinkdim=122 maxerr=1.00E-10 time=7.114
After sweep 4 energy=-5.913969761608768  maxlinkdim=117 maxerr=9.99E-11 time=7.644
After sweep 5 energy=-5.9456932577944475  maxlinkdim=185 maxerr=9.98E-11 time=7.963
After sweep 6 energy=-5.969268997552502  maxlinkdim=233 maxerr=9.98E-11 time=8.029
After sweep 7 energy=-5.990219793453679  maxlinkdim=199 maxerr=9.99E-11 time=8.883
After sweep 8 energy=-6.0058774931237116  maxlinkdim=211 maxerr=1.00E-10 time=9.904
After sweep 9 energy=-6.0146760485558355  maxlinkdim=226 maxerr=9.99E-11 time=9.744
After sweep 10 energy=-6.021531077909217  maxlinkdim=285 maxerr=9.99E-11 time=9.514
After sweep 11 energy=-6.027789003295825  maxlinkdim=281 maxerr=1.00E-10 time=10.191
After sweep 12 energy=-6.032423620483119  maxlinkdim=226 maxerr=9.97E-11 time=10.875
After sweep 13 energy=-6.035624937406345  maxlinkdim=300 maxerr=9.99E-11 time=11.282
After sweep 14 energy=-6.037772510352348  maxlinkdim=179 maxerr=9.98E-11 time=11.219
After sweep 15 energy=-6.03946703473284  maxlinkdim=193 maxerr=9.97E-11 time=11.501
After sweep 16 energy=-6.041359410812918  maxlinkdim=201 maxerr=1.00E-10 time=13.060
After sweep 17 energy=-6.042531067009397  maxlinkdim=226 maxerr=1.00E-10 time=15.368
After sweep 18 energy=-6.04293730179156  maxlinkdim=200 maxerr=9.99E-11 time=15.542
After sweep 19 energy=-6.043162587969669  maxlinkdim=232 maxerr=1.00E-10 time=15.705
After sweep 20 energy=-6.043279094708003  maxlinkdim=280 maxerr=9.98E-11 time=15.386
After sweep 21 energy=-6.043409044326978  maxlinkdim=258 maxerr=1.04E-10 time=16.926
After sweep 22 energy=-6.043462291781618  maxlinkdim=300 maxerr=1.43E-10 time=20.118
After sweep 23 energy=-6.043476279770977  maxlinkdim=262 maxerr=1.00E-10 time=22.944
After sweep 24 energy=-6.043479070344539  maxlinkdim=250 maxerr=1.00E-10 time=25.655
After sweep 25 energy=-6.043479542509541  maxlinkdim=241 maxerr=1.00E-10 time=28.411
After sweep 26 energy=-6.043479619545939  maxlinkdim=223 maxerr=1.00E-10 time=29.156
After sweep 27 energy=-6.043479624174831  maxlinkdim=215 maxerr=1.00E-10 time=28.093
After sweep 28 energy=-6.043479624952906  maxlinkdim=213 maxerr=1.00E-10 time=27.758
After sweep 29 energy=-6.043479625547359  maxlinkdim=214 maxerr=1.00E-10 time=28.226
After sweep 30 energy=-6.043479625989567  maxlinkdim=214 maxerr=1.00E-10 time=28.202
FOUND MU (secant); mu: -2.650825862862687  n: 0.5000001238297507
Target density achieved with mu=-2.650825862862687, n=0.5000001238297507
Checking {alpha,beta} vs measured
NOT CONVERGED; updating alpha, beta and continuing...
After sweep 1 energy=-4.702140135689402  maxlinkdim=16 maxerr=8.46E-11 time=1.150
After sweep 2 energy=-5.776285114104578  maxlinkdim=97 maxerr=9.96E-11 time=4.541
After sweep 3 energy=-5.868797660541797  maxlinkdim=118 maxerr=1.00E-10 time=7.020
After sweep 4 energy=-5.918092712855149  maxlinkdim=131 maxerr=1.00E-10 time=8.180
After sweep 5 energy=-5.947031486243275  maxlinkdim=121 maxerr=1.00E-10 time=8.051
After sweep 6 energy=-5.970513997445025  maxlinkdim=150 maxerr=9.99E-11 time=8.004
After sweep 7 energy=-5.987157062164278  maxlinkdim=150 maxerr=1.00E-10 time=8.098
After sweep 8 energy=-6.002299567359182  maxlinkdim=210 maxerr=1.00E-10 time=8.636
After sweep 9 energy=-6.011565591889246  maxlinkdim=209 maxerr=1.00E-10 time=8.976
After sweep 10 energy=-6.0204286361991945  maxlinkdim=215 maxerr=9.99E-11 time=9.567
After sweep 11 energy=-6.027936857885193  maxlinkdim=218 maxerr=9.99E-11 time=10.830
After sweep 12 energy=-6.031808710974016  maxlinkdim=145 maxerr=1.00E-10 time=10.783
After sweep 13 energy=-6.036363387617438  maxlinkdim=211 maxerr=9.99E-11 time=10.901
After sweep 14 energy=-6.0383826867790855  maxlinkdim=157 maxerr=1.00E-10 time=11.124
After sweep 15 energy=-6.039771825076079  maxlinkdim=212 maxerr=9.98E-11 time=10.797
After sweep 16 energy=-6.040890143872351  maxlinkdim=258 maxerr=1.00E-10 time=11.179
After sweep 17 energy=-6.042145443030507  maxlinkdim=276 maxerr=1.00E-10 time=13.318
After sweep 18 energy=-6.042980464577471  maxlinkdim=219 maxerr=9.99E-11 time=16.058
After sweep 19 energy=-6.0432225810393305  maxlinkdim=270 maxerr=9.99E-11 time=17.010
After sweep 20 energy=-6.043319459724067  maxlinkdim=235 maxerr=1.00E-10 time=18.358
After sweep 21 energy=-6.043357727798191  maxlinkdim=300 maxerr=1.14E-10 time=19.779
After sweep 22 energy=-6.0433741141236474  maxlinkdim=236 maxerr=1.00E-10 time=21.278
After sweep 23 energy=-6.043381180185677  maxlinkdim=243 maxerr=9.99E-11 time=23.690
After sweep 24 energy=-6.043383355063342  maxlinkdim=241 maxerr=1.00E-10 time=25.537
After sweep 25 energy=-6.043383875472318  maxlinkdim=239 maxerr=1.00E-10 time=28.059
After sweep 26 energy=-6.043383960369816  maxlinkdim=226 maxerr=1.00E-10 time=29.121
After sweep 27 energy=-6.043383965282539  maxlinkdim=215 maxerr=1.00E-10 time=28.793
After sweep 28 energy=-6.043383965809381  maxlinkdim=214 maxerr=1.00E-10 time=27.561
After sweep 29 energy=-6.043383966378027  maxlinkdim=214 maxerr=1.00E-10 time=27.535
After sweep 30 energy=-6.043383966501468  maxlinkdim=214 maxerr=9.99E-11 time=27.461
Same mu: -2.650825862862687 and continuing
Target density achieved with mu=-2.650825862862687, n=0.500001599001216
Checking {alpha,beta} vs measured
NOT CONVERGED; updating alpha, beta and continuing...
After sweep 1 energy=-4.709187629187493  maxlinkdim=16 maxerr=8.42E-11 time=1.163
After sweep 2 energy=-5.77573662704272  maxlinkdim=96 maxerr=9.99E-11 time=4.541
After sweep 3 energy=-5.868178607275066  maxlinkdim=114 maxerr=9.99E-11 time=6.981
After sweep 4 energy=-5.9161119823239545  maxlinkdim=117 maxerr=1.00E-10 time=7.711
After sweep 5 energy=-5.944940129516699  maxlinkdim=118 maxerr=9.99E-11 time=7.737
After sweep 6 energy=-5.968007630958032  maxlinkdim=134 maxerr=1.00E-10 time=7.442
After sweep 7 energy=-5.988198317021056  maxlinkdim=141 maxerr=1.00E-10 time=8.102
After sweep 8 energy=-6.002257267957113  maxlinkdim=151 maxerr=1.00E-10 time=8.768
After sweep 9 energy=-6.011968701550115  maxlinkdim=147 maxerr=9.99E-11 time=8.572
After sweep 10 energy=-6.019510414357584  maxlinkdim=178 maxerr=9.99E-11 time=8.661
After sweep 11 energy=-6.026495241450998  maxlinkdim=188 maxerr=1.00E-10 time=9.323
After sweep 12 energy=-6.031976294791002  maxlinkdim=246 maxerr=9.99E-11 time=10.285
After sweep 13 energy=-6.035999408913188  maxlinkdim=210 maxerr=1.00E-10 time=11.203
After sweep 14 energy=-6.039947343948275  maxlinkdim=190 maxerr=1.00E-10 time=12.537
After sweep 15 energy=-6.04175530834453  maxlinkdim=200 maxerr=1.00E-10 time=14.120
After sweep 16 energy=-6.042637404849672  maxlinkdim=189 maxerr=1.00E-10 time=14.853
After sweep 17 energy=-6.043015797958156  maxlinkdim=198 maxerr=1.00E-10 time=14.940
After sweep 18 energy=-6.0432272604684885  maxlinkdim=261 maxerr=1.00E-10 time=16.088
After sweep 19 energy=-6.043320449111446  maxlinkdim=271 maxerr=1.00E-10 time=18.050
After sweep 20 energy=-6.0433448175984665  maxlinkdim=265 maxerr=1.00E-10 time=19.954
After sweep 21 energy=-6.043353454410725  maxlinkdim=245 maxerr=1.00E-10 time=22.123
After sweep 22 energy=-6.0433558710734765  maxlinkdim=251 maxerr=1.00E-10 time=25.137
After sweep 23 energy=-6.043356564507289  maxlinkdim=235 maxerr=1.00E-10 time=28.132
After sweep 24 energy=-6.043356667589093  maxlinkdim=230 maxerr=1.00E-10 time=27.845
After sweep 25 energy=-6.043356674119552  maxlinkdim=216 maxerr=9.99E-11 time=27.861
After sweep 26 energy=-6.043356674894814  maxlinkdim=214 maxerr=1.00E-10 time=27.520
After sweep 27 energy=-6.043356675536072  maxlinkdim=214 maxerr=1.00E-10 time=27.622
After sweep 28 energy=-6.043356675789009  maxlinkdim=214 maxerr=1.00E-10 time=28.088
After sweep 29 energy=-6.043356675921935  maxlinkdim=214 maxerr=1.00E-10 time=27.538
After sweep 30 energy=-6.043356676066113  maxlinkdim=214 maxerr=1.00E-10 time=27.141
Same mu: -2.650825862862687 and continuing
Target density achieved with mu=-2.650825862862687, n=0.5000019931119031
Checking {alpha,beta} vs measured
NOT CONVERGED; updating alpha, beta and continuing...
After sweep 1 energy=-4.698092443679776  maxlinkdim=16 maxerr=6.80E-11 time=1.153
After sweep 2 energy=-5.771940215436176  maxlinkdim=96 maxerr=1.00E-10 time=4.425
After sweep 3 energy=-5.864109559639434  maxlinkdim=118 maxerr=1.00E-10 time=6.795
After sweep 4 energy=-5.913139452689447  maxlinkdim=122 maxerr=1.00E-10 time=7.572
After sweep 5 energy=-5.9445523600837396  maxlinkdim=121 maxerr=1.00E-10 time=7.845
After sweep 6 energy=-5.969146424813706  maxlinkdim=162 maxerr=1.00E-10 time=7.886
After sweep 7 energy=-5.991536743157657  maxlinkdim=182 maxerr=9.99E-11 time=8.797
After sweep 8 energy=-6.007470475329548  maxlinkdim=177 maxerr=1.00E-10 time=9.800
After sweep 9 energy=-6.016222762326994  maxlinkdim=161 maxerr=1.00E-10 time=9.410
After sweep 10 energy=-6.023911915873663  maxlinkdim=194 maxerr=1.00E-10 time=9.612
After sweep 11 energy=-6.0293003483617955  maxlinkdim=197 maxerr=9.99E-11 time=10.172
After sweep 12 energy=-6.033680424348558  maxlinkdim=253 maxerr=1.00E-10 time=11.013
After sweep 13 energy=-6.036973710785594  maxlinkdim=199 maxerr=1.00E-10 time=12.194
After sweep 14 energy=-6.039785929468686  maxlinkdim=215 maxerr=1.00E-10 time=13.227
After sweep 15 energy=-6.040995245980532  maxlinkdim=278 maxerr=9.99E-11 time=13.420
After sweep 16 energy=-6.0417697350767225  maxlinkdim=203 maxerr=1.00E-10 time=13.652
After sweep 17 energy=-6.042441404176928  maxlinkdim=256 maxerr=1.00E-10 time=14.721
After sweep 18 energy=-6.042851637366542  maxlinkdim=224 maxerr=1.00E-10 time=15.990
After sweep 19 energy=-6.043034426428629  maxlinkdim=266 maxerr=1.00E-10 time=15.933
After sweep 20 energy=-6.043232500763041  maxlinkdim=256 maxerr=1.00E-10 time=17.364
After sweep 21 energy=-6.043305173085932  maxlinkdim=212 maxerr=1.00E-10 time=19.000
After sweep 22 energy=-6.043326763493534  maxlinkdim=231 maxerr=1.00E-10 time=18.931
After sweep 23 energy=-6.043339724874835  maxlinkdim=251 maxerr=9.99E-11 time=20.295
After sweep 24 energy=-6.043346537782439  maxlinkdim=242 maxerr=1.00E-10 time=23.180
After sweep 25 energy=-6.043348609154459  maxlinkdim=260 maxerr=1.00E-10 time=26.638
After sweep 26 energy=-6.043348927087546  maxlinkdim=235 maxerr=1.00E-10 time=28.892
After sweep 27 energy=-6.043348965297332  maxlinkdim=224 maxerr=1.00E-10 time=28.500
After sweep 28 energy=-6.043348967368878  maxlinkdim=214 maxerr=1.00E-10 time=27.815
After sweep 29 energy=-6.043348968021854  maxlinkdim=214 maxerr=1.00E-10 time=27.487
After sweep 30 energy=-6.043348968674001  maxlinkdim=214 maxerr=1.00E-10 time=27.494
Same mu: -2.650825862862687 and continuing
Target density achieved with mu=-2.650825862862687, n=0.5000020983267115
Checking {alpha,beta} vs measured
NOT CONVERGED; updating alpha, beta and continuing...
After sweep 1 energy=-4.698325645187138  maxlinkdim=16 maxerr=6.78E-11 time=1.158
After sweep 2 energy=-5.7724200203066935  maxlinkdim=96 maxerr=1.00E-10 time=4.573
After sweep 3 energy=-5.863991450470247  maxlinkdim=124 maxerr=1.00E-10 time=7.004
After sweep 4 energy=-5.914390995674014  maxlinkdim=129 maxerr=1.00E-10 time=7.802
After sweep 5 energy=-5.944466028684125  maxlinkdim=124 maxerr=1.00E-10 time=8.150
After sweep 6 energy=-5.96804083551781  maxlinkdim=143 maxerr=9.99E-11 time=8.116
After sweep 7 energy=-5.991580912199318  maxlinkdim=236 maxerr=1.00E-10 time=9.106
After sweep 8 energy=-6.007414689066151  maxlinkdim=139 maxerr=1.00E-10 time=10.115
After sweep 9 energy=-6.016486448699683  maxlinkdim=188 maxerr=9.98E-11 time=9.759
After sweep 10 energy=-6.024285518911566  maxlinkdim=192 maxerr=1.00E-10 time=10.070
After sweep 11 energy=-6.030195404778912  maxlinkdim=161 maxerr=1.00E-10 time=11.256
After sweep 12 energy=-6.034470862074219  maxlinkdim=220 maxerr=2.18E-10 time=11.954
After sweep 13 energy=-6.0381201098064485  maxlinkdim=170 maxerr=9.99E-11 time=12.274
After sweep 14 energy=-6.040264811212641  maxlinkdim=179 maxerr=1.00E-10 time=13.007
After sweep 15 energy=-6.041213096519424  maxlinkdim=195 maxerr=9.99E-11 time=13.079
After sweep 16 energy=-6.041920216382292  maxlinkdim=286 maxerr=1.00E-10 time=12.589
After sweep 17 energy=-6.042593465421388  maxlinkdim=227 maxerr=9.99E-11 time=13.660
After sweep 18 energy=-6.04291834036235  maxlinkdim=300 maxerr=1.04E-10 time=15.720
After sweep 19 energy=-6.0430876905807285  maxlinkdim=291 maxerr=1.00E-10 time=16.827
After sweep 20 energy=-6.043198648594577  maxlinkdim=275 maxerr=1.00E-10 time=17.744
After sweep 21 energy=-6.043262185393591  maxlinkdim=224 maxerr=1.00E-10 time=18.002
After sweep 22 energy=-6.043311516341654  maxlinkdim=260 maxerr=9.99E-11 time=19.449
After sweep 23 energy=-6.04334121281405  maxlinkdim=283 maxerr=1.00E-10 time=23.082
After sweep 24 energy=-6.043345862008146  maxlinkdim=272 maxerr=1.00E-10 time=26.423
After sweep 25 energy=-6.0433466809457155  maxlinkdim=252 maxerr=1.00E-10 time=27.496
After sweep 26 energy=-6.043346791545791  maxlinkdim=224 maxerr=1.00E-10 time=28.406
After sweep 27 energy=-6.043346798103927  maxlinkdim=215 maxerr=1.00E-10 time=27.864
After sweep 28 energy=-6.043346798852023  maxlinkdim=214 maxerr=1.00E-10 time=27.723
After sweep 29 energy=-6.043346799612344  maxlinkdim=214 maxerr=1.00E-10 time=27.886
After sweep 30 energy=-6.043346799688317  maxlinkdim=214 maxerr=1.00E-10 time=27.931
Same mu: -2.650825862862687 and continuing
Target density achieved with mu=-2.650825862862687, n=0.5000021349569123
Checking {alpha,beta} vs measured
NOT CONVERGED; updating alpha, beta and continuing...
After sweep 1 energy=-4.699346087906357  maxlinkdim=16 maxerr=9.89E-11 time=1.152
After sweep 2 energy=-5.774099039277824  maxlinkdim=96 maxerr=1.00E-10 time=4.608
After sweep 3 energy=-5.869286680971861  maxlinkdim=120 maxerr=1.00E-10 time=6.994
After sweep 4 energy=-5.917842432741991  maxlinkdim=127 maxerr=9.99E-11 time=7.867
After sweep 5 energy=-5.947843671747047  maxlinkdim=139 maxerr=9.99E-11 time=8.423
After sweep 6 energy=-5.967941746113178  maxlinkdim=114 maxerr=1.00E-10 time=7.982
After sweep 7 energy=-5.987283216070881  maxlinkdim=194 maxerr=9.99E-11 time=8.024
After sweep 8 energy=-6.001692778233904  maxlinkdim=201 maxerr=1.00E-10 time=8.699
After sweep 9 energy=-6.0138631571651855  maxlinkdim=203 maxerr=1.00E-10 time=9.331
After sweep 10 energy=-6.021201120930203  maxlinkdim=242 maxerr=9.99E-11 time=9.832
After sweep 11 energy=-6.026715511535568  maxlinkdim=221 maxerr=9.98E-11 time=9.822
After sweep 12 energy=-6.030829062048472  maxlinkdim=176 maxerr=9.99E-11 time=9.874
After sweep 13 energy=-6.036060465006727  maxlinkdim=204 maxerr=9.99E-11 time=10.618
After sweep 14 energy=-6.039432243607426  maxlinkdim=208 maxerr=1.00E-10 time=12.993
After sweep 15 energy=-6.040914230281329  maxlinkdim=206 maxerr=9.99E-11 time=13.067
After sweep 16 energy=-6.042146441489126  maxlinkdim=173 maxerr=1.00E-10 time=14.182
After sweep 17 energy=-6.042697047690537  maxlinkdim=238 maxerr=9.99E-11 time=15.013
After sweep 18 energy=-6.043065842873106  maxlinkdim=269 maxerr=9.99E-11 time=16.414
After sweep 19 energy=-6.043252065059987  maxlinkdim=268 maxerr=1.00E-10 time=18.173
After sweep 20 energy=-6.043317620102531  maxlinkdim=231 maxerr=1.00E-10 time=19.672
After sweep 21 energy=-6.043337100794455  maxlinkdim=278 maxerr=1.00E-10 time=20.442
After sweep 22 energy=-6.043343738238949  maxlinkdim=239 maxerr=1.00E-10 time=23.372
After sweep 23 energy=-6.043345716770032  maxlinkdim=238 maxerr=1.00E-10 time=25.331
After sweep 24 energy=-6.043346125624714  maxlinkdim=240 maxerr=1.00E-10 time=28.008
After sweep 25 energy=-6.04334617374715  maxlinkdim=221 maxerr=1.00E-10 time=28.380
After sweep 26 energy=-6.043346175878546  maxlinkdim=214 maxerr=1.00E-10 time=28.066
After sweep 27 energy=-6.043346176522118  maxlinkdim=214 maxerr=1.00E-10 time=27.960
After sweep 28 energy=-6.043346177157909  maxlinkdim=214 maxerr=1.00E-10 time=27.912
After sweep 29 energy=-6.043346177413795  maxlinkdim=214 maxerr=1.00E-10 time=28.095
After sweep 30 energy=-6.04334617762125  maxlinkdim=214 maxerr=1.00E-10 time=28.004
Same mu: -2.650825862862687 and continuing
Target density achieved with mu=-2.650825862862687, n=0.5000021470312961
Checking {alpha,beta} vs measured
NOT CONVERGED; updating alpha, beta and continuing...
After sweep 1 energy=-4.699117416314674  maxlinkdim=16 maxerr=9.74E-11 time=1.170
After sweep 2 energy=-5.773800825961354  maxlinkdim=96 maxerr=1.00E-10 time=4.487
After sweep 3 energy=-5.869211675381847  maxlinkdim=120 maxerr=1.00E-10 time=6.966
After sweep 4 energy=-5.9198244640689035  maxlinkdim=136 maxerr=9.99E-11 time=8.086
After sweep 5 energy=-5.949752725006253  maxlinkdim=130 maxerr=1.00E-10 time=8.432
After sweep 6 energy=-5.971030030729174  maxlinkdim=130 maxerr=9.99E-11 time=8.450
After sweep 7 energy=-5.989872297235211  maxlinkdim=145 maxerr=9.99E-11 time=8.807
After sweep 8 energy=-6.005592738058742  maxlinkdim=166 maxerr=1.00E-10 time=9.843
After sweep 9 energy=-6.015332947930654  maxlinkdim=231 maxerr=9.98E-11 time=10.172
After sweep 10 energy=-6.023518644803557  maxlinkdim=239 maxerr=9.99E-11 time=11.062
After sweep 11 energy=-6.028916843408564  maxlinkdim=172 maxerr=9.99E-11 time=11.260
After sweep 12 energy=-6.032662986779395  maxlinkdim=202 maxerr=9.99E-11 time=10.946
After sweep 13 energy=-6.037112745952107  maxlinkdim=272 maxerr=1.00E-10 time=11.756
After sweep 14 energy=-6.039666530853775  maxlinkdim=234 maxerr=9.99E-11 time=13.349
After sweep 15 energy=-6.041112597675221  maxlinkdim=221 maxerr=1.00E-10 time=13.717
After sweep 16 energy=-6.042268084375317  maxlinkdim=218 maxerr=1.00E-10 time=15.119
After sweep 17 energy=-6.042782195602887  maxlinkdim=258 maxerr=9.99E-11 time=16.005
After sweep 18 energy=-6.043186734453826  maxlinkdim=228 maxerr=9.99E-11 time=17.010
After sweep 19 energy=-6.04328375780722  maxlinkdim=209 maxerr=1.00E-10 time=17.931
After sweep 20 energy=-6.043324079275807  maxlinkdim=212 maxerr=1.00E-10 time=19.008
After sweep 21 energy=-6.0433413649175005  maxlinkdim=255 maxerr=1.00E-10 time=20.926
After sweep 22 energy=-6.043344982652384  maxlinkdim=250 maxerr=1.00E-10 time=23.718
After sweep 23 energy=-6.043345819116369  maxlinkdim=236 maxerr=1.00E-10 time=26.654
After sweep 24 energy=-6.043345977533419  maxlinkdim=232 maxerr=1.00E-10 time=28.059
After sweep 25 energy=-6.0433459928236335  maxlinkdim=217 maxerr=1.00E-10 time=28.165
After sweep 26 energy=-6.0433459936130705  maxlinkdim=214 maxerr=9.99E-11 time=27.819
After sweep 27 energy=-6.043345994219745  maxlinkdim=214 maxerr=9.99E-11 time=27.716
After sweep 28 energy=-6.043345994788696  maxlinkdim=214 maxerr=1.00E-10 time=27.886
After sweep 29 energy=-6.043345994911036  maxlinkdim=214 maxerr=9.99E-11 time=27.676
After sweep 30 energy=-6.04334599505124  maxlinkdim=214 maxerr=1.00E-10 time=27.506
Same mu: -2.650825862862687 and continuing
Target density achieved with mu=-2.650825862862687, n=0.5000021490265437
Checking {alpha,beta} vs measured
NOT CONVERGED; updating alpha, beta and continuing...
After sweep 1 energy=-4.69903486779959  maxlinkdim=16 maxerr=9.69E-11 time=1.170
After sweep 2 energy=-5.773842259267173  maxlinkdim=96 maxerr=1.00E-10 time=4.548
After sweep 3 energy=-5.868392567877255  maxlinkdim=119 maxerr=1.00E-10 time=6.998
After sweep 4 energy=-5.9173211338748715  maxlinkdim=125 maxerr=9.99E-11 time=7.753
After sweep 5 energy=-5.9466148800843746  maxlinkdim=118 maxerr=9.99E-11 time=7.989
After sweep 6 energy=-5.969421566863058  maxlinkdim=144 maxerr=1.00E-10 time=8.093
After sweep 7 energy=-5.991136634694666  maxlinkdim=175 maxerr=1.00E-10 time=8.838
After sweep 8 energy=-6.007185841684455  maxlinkdim=230 maxerr=9.99E-11 time=9.992
After sweep 9 energy=-6.016024754621145  maxlinkdim=242 maxerr=9.99E-11 time=10.206
After sweep 10 energy=-6.02248477712682  maxlinkdim=250 maxerr=1.00E-10 time=10.155
After sweep 11 energy=-6.027878974738835  maxlinkdim=220 maxerr=9.99E-11 time=10.240
After sweep 12 energy=-6.03200820503184  maxlinkdim=222 maxerr=1.00E-10 time=10.343
After sweep 13 energy=-6.035750189667772  maxlinkdim=183 maxerr=9.99E-11 time=11.140
After sweep 14 energy=-6.038506869519952  maxlinkdim=180 maxerr=1.00E-10 time=12.095
After sweep 15 energy=-6.040666949243467  maxlinkdim=199 maxerr=1.00E-10 time=13.205
After sweep 16 energy=-6.041748369263337  maxlinkdim=222 maxerr=1.00E-10 time=13.919
After sweep 17 energy=-6.042391103474909  maxlinkdim=273 maxerr=1.00E-10 time=14.338
After sweep 18 energy=-6.042895197239353  maxlinkdim=300 maxerr=1.49E-10 time=16.162
After sweep 19 energy=-6.043119570193078  maxlinkdim=250 maxerr=1.00E-10 time=17.373
After sweep 20 energy=-6.043236986291572  maxlinkdim=259 maxerr=1.00E-10 time=18.028
After sweep 21 energy=-6.043317177140974  maxlinkdim=244 maxerr=1.00E-10 time=19.058
After sweep 22 energy=-6.0433382381618745  maxlinkdim=275 maxerr=1.00E-10 time=21.641
After sweep 23 energy=-6.0433446096280115  maxlinkdim=268 maxerr=1.00E-10 time=23.511
After sweep 24 energy=-6.0433457183904435  maxlinkdim=249 maxerr=9.99E-11 time=26.715
After sweep 25 energy=-6.043345919577727  maxlinkdim=228 maxerr=1.00E-10 time=28.281
After sweep 26 energy=-6.043345941166557  maxlinkdim=219 maxerr=1.00E-10 time=28.072
After sweep 27 energy=-6.0433459422302125  maxlinkdim=214 maxerr=1.00E-10 time=27.627
After sweep 28 energy=-6.043345942658281  maxlinkdim=214 maxerr=1.00E-10 time=27.702
After sweep 29 energy=-6.043345943132232  maxlinkdim=214 maxerr=9.99E-11 time=27.838
After sweep 30 energy=-6.043345943375423  maxlinkdim=214 maxerr=1.00E-10 time=27.321
Same mu: -2.650825862862687 and continuing
Target density achieved with mu=-2.650825862862687, n=0.5000021502854742
Checking {alpha,beta} vs measured
Converged {alpha,beta}. mu=-2.650825862862687, n=0.5000021502854742
Exiting loop
ERROR: LoadError: BoundsError: attempt to access Tuple{Matrix{Float64}, Array{Float64, 3}, Float64, Float64, MPS, Float64, Vector{Index{Vector{Pair{QN, Int64}}}}, MPO} at index [9]
Stacktrace:
 [1] indexed_iterate
   @ ./tuple.jl:159 [inlined]
 [2] run_loop(L::Int64, t::Float64, U::Float64, t_p::Float64, mu_init::Float64, n_target::Float64, r_range::Int64, z_c::Int64, E_p::Float64, chi_max::Int64; nsweeps::Int64, cutoff::Float64)
   @ Main /global/u2/k/kwang98/MPS-MFT/main_loop_script.jl:417
 [3] run_loop(L::Int64, t::Float64, U::Float64, t_p::Float64, mu_init::Float64, n_target::Float64, r_range::Int64, z_c::Int64, E_p::Float64, chi_max::Int64)
   @ Main /global/u2/k/kwang98/MPS-MFT/main_loop_script.jl:377
 [4] top-level scope
   @ /global/u2/k/kwang98/MPS-MFT/main_loop_script.jl:554
in expression starting at /global/u2/k/kwang98/MPS-MFT/main_loop_script.jl:554
srun: error: nid008280: task 0: Exited with exit code 1
srun: Terminating StepId=45136282.0
Not completed, resubmitting...
Submitted batch job 45146790
