outfile_name: results_U_-4.0_t_p_0.05.h5
[ Info:  started timer at: 2025-11-11T09:21:53.028
Resuming from checkpoint results_U_-4.0_t_p_0.05.h5
Resuming with mu_init=-2.650683311277465
Running with t_p=0.05 U=-4.0 L=100 chi_max=300 E_p=1.476 mu_init=-2.650683311277465
After sweep 1 energy=-4.742959152103166  maxlinkdim=16 maxerr=7.32E-11 time=29.428
After sweep 2 energy=-5.804998359496816  maxlinkdim=104 maxerr=9.98E-11 time=4.828
After sweep 3 energy=-5.899566120320778  maxlinkdim=135 maxerr=9.99E-11 time=8.466
After sweep 4 energy=-5.94940949617197  maxlinkdim=169 maxerr=9.99E-11 time=9.894
After sweep 5 energy=-5.97998229057492  maxlinkdim=174 maxerr=9.99E-11 time=9.053
After sweep 6 energy=-6.003906613849641  maxlinkdim=168 maxerr=1.00E-10 time=8.790
After sweep 7 energy=-6.02619662279913  maxlinkdim=144 maxerr=1.00E-10 time=9.542
After sweep 8 energy=-6.045040751774833  maxlinkdim=148 maxerr=1.00E-10 time=10.477
After sweep 9 energy=-6.055940608397133  maxlinkdim=208 maxerr=9.99E-11 time=10.748
After sweep 10 energy=-6.064345497754033  maxlinkdim=146 maxerr=1.00E-10 time=10.943
After sweep 11 energy=-6.073276596454107  maxlinkdim=178 maxerr=1.00E-10 time=12.007
After sweep 12 energy=-6.07698594834823  maxlinkdim=143 maxerr=1.00E-10 time=13.009
After sweep 13 energy=-6.079878009305476  maxlinkdim=180 maxerr=9.99E-11 time=12.513
After sweep 14 energy=-6.081320706974388  maxlinkdim=178 maxerr=1.00E-10 time=13.700
After sweep 15 energy=-6.082176589088379  maxlinkdim=236 maxerr=9.99E-11 time=14.114
After sweep 16 energy=-6.082606823705485  maxlinkdim=249 maxerr=9.98E-11 time=13.740
After sweep 17 energy=-6.082952997974189  maxlinkdim=290 maxerr=9.99E-11 time=14.470
After sweep 18 energy=-6.08324257812802  maxlinkdim=257 maxerr=1.00E-10 time=16.061
After sweep 19 energy=-6.0833972732832615  maxlinkdim=251 maxerr=1.00E-10 time=16.457
After sweep 20 energy=-6.083492560803031  maxlinkdim=233 maxerr=1.00E-10 time=16.917
Not same mu, searching again
After sweep 1 energy=-7.232841857893879  maxlinkdim=16 maxerr=9.26E-11 time=0.980
After sweep 2 energy=-8.300137183144162  maxlinkdim=104 maxerr=9.99E-11 time=4.776
After sweep 3 energy=-8.392640178825173  maxlinkdim=119 maxerr=1.00E-10 time=8.116
After sweep 4 energy=-8.443028127178689  maxlinkdim=111 maxerr=1.00E-10 time=8.544
After sweep 5 energy=-8.478711810870017  maxlinkdim=106 maxerr=9.99E-11 time=8.542
After sweep 6 energy=-8.50965891939629  maxlinkdim=126 maxerr=1.00E-10 time=8.352
After sweep 7 energy=-8.539473660097133  maxlinkdim=122 maxerr=9.99E-11 time=8.778
After sweep 8 energy=-8.567263760365224  maxlinkdim=131 maxerr=1.00E-10 time=8.835
After sweep 9 energy=-8.591184591222033  maxlinkdim=112 maxerr=9.97E-11 time=8.777
After sweep 10 energy=-8.613722863224952  maxlinkdim=105 maxerr=9.99E-11 time=8.840
After sweep 11 energy=-8.636136483559113  maxlinkdim=161 maxerr=9.98E-11 time=8.872
After sweep 12 energy=-8.65911262007609  maxlinkdim=197 maxerr=9.99E-11 time=9.558
After sweep 13 energy=-8.68390750007747  maxlinkdim=220 maxerr=9.99E-11 time=10.957
After sweep 14 energy=-8.70698080851166  maxlinkdim=266 maxerr=1.00E-10 time=13.522
After sweep 15 energy=-8.717206018048696  maxlinkdim=300 maxerr=1.01E-10 time=14.803
After sweep 16 energy=-8.723513046446882  maxlinkdim=220 maxerr=9.99E-11 time=14.771
After sweep 17 energy=-8.726969908855397  maxlinkdim=300 maxerr=1.00E-10 time=14.990
After sweep 18 energy=-8.729658842771672  maxlinkdim=254 maxerr=1.00E-10 time=17.679
After sweep 19 energy=-8.730438274021257  maxlinkdim=281 maxerr=1.00E-10 time=17.691
After sweep 20 energy=-8.730923382647987  maxlinkdim=219 maxerr=1.00E-10 time=18.273
n0: 0.499427673077372; n1: 0.5562534679657881; mu0: -2.650683311277465; mu1: -2.600683311277465

Range found between mu0: -2.650683311277465 (n0: 0.499427673077372) and mu1: -2.600683311277465 (n1: 0.5562534679657881); refining...
n0: 0.499427673077372; n1: 0.5562534679657881; mu0: -2.650683311277465; mu1: -2.600683311277465
Trying secant step...
After sweep 1 energy=-4.767793352416923  maxlinkdim=16 maxerr=7.34E-11 time=1.006
After sweep 2 energy=-5.830219637108569  maxlinkdim=104 maxerr=9.99E-11 time=4.651
After sweep 3 energy=-5.920130630925937  maxlinkdim=112 maxerr=1.00E-10 time=8.028
After sweep 4 energy=-5.969658363924425  maxlinkdim=119 maxerr=9.99E-11 time=8.413
After sweep 5 energy=-6.000916476111185  maxlinkdim=104 maxerr=1.00E-10 time=8.342
After sweep 6 energy=-6.0263686137944585  maxlinkdim=182 maxerr=9.99E-11 time=8.294
After sweep 7 energy=-6.051980428447129  maxlinkdim=201 maxerr=1.00E-10 time=9.418
After sweep 8 energy=-6.069955652350175  maxlinkdim=133 maxerr=9.99E-11 time=10.043
After sweep 9 energy=-6.081229186379818  maxlinkdim=122 maxerr=9.99E-11 time=9.778
After sweep 10 energy=-6.088429945791755  maxlinkdim=112 maxerr=9.98E-11 time=9.531
After sweep 11 energy=-6.094250361883426  maxlinkdim=148 maxerr=9.99E-11 time=9.443
After sweep 12 energy=-6.098204615852147  maxlinkdim=144 maxerr=9.99E-11 time=9.567
After sweep 13 energy=-6.102084960467527  maxlinkdim=136 maxerr=9.99E-11 time=10.044
After sweep 14 energy=-6.105193661170808  maxlinkdim=230 maxerr=9.99E-11 time=11.947
After sweep 15 energy=-6.106802421575013  maxlinkdim=167 maxerr=9.99E-11 time=13.376
After sweep 16 energy=-6.107556999968122  maxlinkdim=214 maxerr=9.99E-11 time=13.357
After sweep 17 energy=-6.10813999121472  maxlinkdim=274 maxerr=1.00E-10 time=13.904
After sweep 18 energy=-6.108498501730184  maxlinkdim=251 maxerr=1.00E-10 time=15.444
After sweep 19 energy=-6.108673963507639  maxlinkdim=224 maxerr=9.99E-11 time=16.257
After sweep 20 energy=-6.108759235214948  maxlinkdim=229 maxerr=1.00E-10 time=18.022
n0: 0.5562534679657881; n1: 0.5001903698345042; mu0: -2.600683311277465; mu1: -2.650179731060284
Trying secant step...
After sweep 1 energy=-4.759495472077702  maxlinkdim=16 maxerr=7.33E-11 time=1.035
After sweep 2 energy=-5.8218070031444515  maxlinkdim=104 maxerr=1.00E-10 time=4.641
After sweep 3 energy=-5.914169449338581  maxlinkdim=116 maxerr=9.98E-11 time=8.060
After sweep 4 energy=-5.965513532960925  maxlinkdim=171 maxerr=1.00E-10 time=8.750
After sweep 5 energy=-5.996091049688019  maxlinkdim=135 maxerr=1.00E-10 time=9.035
After sweep 6 energy=-6.018479460483815  maxlinkdim=180 maxerr=9.99E-11 time=8.266
After sweep 7 energy=-6.040104130657931  maxlinkdim=160 maxerr=1.00E-10 time=8.312
After sweep 8 energy=-6.061055011326798  maxlinkdim=132 maxerr=1.00E-10 time=9.943
After sweep 9 energy=-6.074235050382745  maxlinkdim=249 maxerr=1.00E-10 time=10.742
After sweep 10 energy=-6.082656360253697  maxlinkdim=185 maxerr=9.99E-11 time=11.401
After sweep 11 energy=-6.089232318631816  maxlinkdim=207 maxerr=9.99E-11 time=11.944
After sweep 12 energy=-6.09276664249337  maxlinkdim=185 maxerr=1.00E-10 time=11.994
After sweep 13 energy=-6.095442908794094  maxlinkdim=185 maxerr=9.99E-11 time=12.024
After sweep 14 energy=-6.097417993934485  maxlinkdim=215 maxerr=1.00E-10 time=12.564
After sweep 15 energy=-6.0988207663853675  maxlinkdim=256 maxerr=9.99E-11 time=13.716
After sweep 16 energy=-6.099415264919037  maxlinkdim=251 maxerr=9.99E-11 time=14.137
After sweep 17 energy=-6.099788278385998  maxlinkdim=241 maxerr=1.00E-10 time=15.374
After sweep 18 energy=-6.100019213519434  maxlinkdim=207 maxerr=9.99E-11 time=15.922
After sweep 19 energy=-6.100241686504064  maxlinkdim=215 maxerr=1.00E-10 time=17.296
After sweep 20 energy=-6.100363173769599  maxlinkdim=217 maxerr=1.00E-10 time=20.046
n0: 0.5001903698345042; n1: 0.5000676144419746; mu0: -2.650179731060284; mu1: -2.6503478028500473
Trying secant step...
After sweep 1 energy=-4.754928917049062  maxlinkdim=16 maxerr=7.33E-11 time=1.033
After sweep 2 energy=-5.817002188464366  maxlinkdim=104 maxerr=1.00E-10 time=4.632
After sweep 3 energy=-5.909328157011701  maxlinkdim=115 maxerr=9.99E-11 time=8.041
After sweep 4 energy=-5.957313515419094  maxlinkdim=130 maxerr=1.00E-10 time=8.553
After sweep 5 energy=-5.987040860873742  maxlinkdim=126 maxerr=1.00E-10 time=8.378
After sweep 6 energy=-6.01075684351008  maxlinkdim=139 maxerr=1.00E-10 time=8.143
After sweep 7 energy=-6.036835364593628  maxlinkdim=163 maxerr=9.99E-11 time=9.075
After sweep 8 energy=-6.05679208976911  maxlinkdim=166 maxerr=1.00E-10 time=10.092
After sweep 9 energy=-6.066930072496196  maxlinkdim=159 maxerr=9.99E-11 time=9.894
After sweep 10 energy=-6.074962221966605  maxlinkdim=136 maxerr=9.99E-11 time=9.824
After sweep 11 energy=-6.0812276658584  maxlinkdim=140 maxerr=1.00E-10 time=10.012
After sweep 12 energy=-6.086665418792478  maxlinkdim=199 maxerr=1.00E-10 time=11.069
After sweep 13 energy=-6.090871853501211  maxlinkdim=188 maxerr=1.00E-10 time=12.545
After sweep 14 energy=-6.093377007469589  maxlinkdim=207 maxerr=1.00E-10 time=14.578
After sweep 15 energy=-6.094332749815001  maxlinkdim=202 maxerr=1.00E-10 time=14.545
After sweep 16 energy=-6.095145894449904  maxlinkdim=207 maxerr=9.99E-11 time=15.190
After sweep 17 energy=-6.0954508321211165  maxlinkdim=235 maxerr=1.00E-10 time=16.245
After sweep 18 energy=-6.095620886572071  maxlinkdim=214 maxerr=1.00E-10 time=16.221
After sweep 19 energy=-6.095701491584514  maxlinkdim=232 maxerr=1.00E-10 time=17.103
After sweep 20 energy=-6.095744649045297  maxlinkdim=261 maxerr=1.00E-10 time=19.880
n0: 0.5000676144419746; n1: 0.49995922283017885; mu0: -2.6503478028500473; mu1: -2.6504403778485246
Trying secant step...
After sweep 1 energy=-4.756646533910132  maxlinkdim=16 maxerr=7.33E-11 time=1.016
After sweep 2 energy=-5.818723886458251  maxlinkdim=104 maxerr=1.00E-10 time=4.609
After sweep 3 energy=-5.910979517955967  maxlinkdim=116 maxerr=1.00E-10 time=7.819
After sweep 4 energy=-5.960243285594195  maxlinkdim=148 maxerr=9.99E-11 time=8.554
After sweep 5 energy=-5.991556054293072  maxlinkdim=159 maxerr=1.00E-10 time=8.640
After sweep 6 energy=-6.014497780518368  maxlinkdim=131 maxerr=9.97E-11 time=8.254
After sweep 7 energy=-6.037297796701565  maxlinkdim=214 maxerr=9.99E-11 time=8.718
After sweep 8 energy=-6.057670589714695  maxlinkdim=200 maxerr=9.99E-11 time=9.957
After sweep 9 energy=-6.069180235287844  maxlinkdim=190 maxerr=9.99E-11 time=10.333
After sweep 10 energy=-6.076985137943201  maxlinkdim=158 maxerr=1.00E-10 time=10.516
After sweep 11 energy=-6.08511158546196  maxlinkdim=248 maxerr=1.00E-10 time=10.449
After sweep 12 energy=-6.090813923112205  maxlinkdim=254 maxerr=9.99E-11 time=12.056
After sweep 13 energy=-6.093325052743964  maxlinkdim=227 maxerr=9.99E-11 time=12.662
After sweep 14 energy=-6.094688449913315  maxlinkdim=238 maxerr=1.00E-10 time=12.062
After sweep 15 energy=-6.095992261109248  maxlinkdim=241 maxerr=9.98E-11 time=12.568
After sweep 16 energy=-6.096994987408735  maxlinkdim=221 maxerr=9.99E-11 time=14.990
After sweep 17 energy=-6.097291453239582  maxlinkdim=215 maxerr=9.99E-11 time=16.291
After sweep 18 energy=-6.09741652228856  maxlinkdim=252 maxerr=9.99E-11 time=16.730
After sweep 19 energy=-6.097464447968586  maxlinkdim=220 maxerr=1.00E-10 time=17.509
After sweep 20 energy=-6.097491155078358  maxlinkdim=212 maxerr=1.00E-10 time=19.715
n0: 0.49995922283017885; n1: 0.5000341828613308; mu0: -2.6504403778485246; mu1: -2.650405550924452
Trying secant step...
After sweep 1 energy=-4.755863215633633  maxlinkdim=16 maxerr=7.33E-11 time=1.101
After sweep 2 energy=-5.8179375920231635  maxlinkdim=104 maxerr=1.00E-10 time=4.611
After sweep 3 energy=-5.90981678494057  maxlinkdim=111 maxerr=9.99E-11 time=7.765
After sweep 4 energy=-5.960807015019919  maxlinkdim=140 maxerr=9.99E-11 time=8.667
After sweep 5 energy=-5.990868196376051  maxlinkdim=123 maxerr=1.00E-10 time=8.521
After sweep 6 energy=-6.013430499697255  maxlinkdim=120 maxerr=9.99E-11 time=8.154
After sweep 7 energy=-6.032248925434068  maxlinkdim=130 maxerr=1.00E-10 time=8.202
After sweep 8 energy=-6.052481741520635  maxlinkdim=190 maxerr=1.00E-10 time=9.008
After sweep 9 energy=-6.067704804565898  maxlinkdim=219 maxerr=1.00E-10 time=10.133
After sweep 10 energy=-6.077344327267063  maxlinkdim=167 maxerr=9.98E-11 time=10.675
After sweep 11 energy=-6.082901655319042  maxlinkdim=128 maxerr=1.00E-10 time=10.043
After sweep 12 energy=-6.088436366984011  maxlinkdim=141 maxerr=9.99E-11 time=10.137
After sweep 13 energy=-6.093761878687496  maxlinkdim=200 maxerr=9.99E-11 time=12.253
After sweep 14 energy=-6.095413625025113  maxlinkdim=215 maxerr=9.99E-11 time=14.015
After sweep 15 energy=-6.0961788761625835  maxlinkdim=266 maxerr=1.00E-10 time=15.098
After sweep 16 energy=-6.096479994968961  maxlinkdim=229 maxerr=9.99E-11 time=15.319
After sweep 17 energy=-6.096613881309543  maxlinkdim=246 maxerr=1.00E-10 time=16.428
After sweep 18 energy=-6.096668165769526  maxlinkdim=263 maxerr=1.00E-10 time=17.882
After sweep 19 energy=-6.096692265452355  maxlinkdim=258 maxerr=1.00E-10 time=20.416
After sweep 20 energy=-6.096699153212477  maxlinkdim=240 maxerr=1.00E-10 time=22.192
n0: 0.5000341828613308; n1: 0.5000329073090107; mu0: -2.650405550924452; mu1: -2.650421432506915
Trying secant step...
After sweep 1 energy=-4.73568425794911  maxlinkdim=16 maxerr=7.31E-11 time=1.297
After sweep 2 energy=-5.797686852653299  maxlinkdim=104 maxerr=9.98E-11 time=4.644
After sweep 3 energy=-5.88913836059829  maxlinkdim=106 maxerr=1.00E-10 time=7.727
After sweep 4 energy=-5.939434244463536  maxlinkdim=134 maxerr=9.99E-11 time=8.288
After sweep 5 energy=-5.9712543389896275  maxlinkdim=118 maxerr=1.00E-10 time=8.408
After sweep 6 energy=-5.995866253768884  maxlinkdim=158 maxerr=1.00E-10 time=8.194
After sweep 7 energy=-6.020351770597818  maxlinkdim=129 maxerr=1.00E-10 time=8.943
After sweep 8 energy=-6.0383769252956245  maxlinkdim=148 maxerr=9.99E-11 time=9.730
After sweep 9 energy=-6.0486442563726355  maxlinkdim=145 maxerr=9.98E-11 time=9.523
After sweep 10 energy=-6.057613843515683  maxlinkdim=210 maxerr=9.99E-11 time=9.776
After sweep 11 energy=-6.066334668538072  maxlinkdim=237 maxerr=9.99E-11 time=10.888
After sweep 12 energy=-6.071228054622943  maxlinkdim=153 maxerr=1.00E-10 time=12.198
After sweep 13 energy=-6.0740790694915  maxlinkdim=163 maxerr=9.99E-11 time=12.941
After sweep 14 energy=-6.075139267626054  maxlinkdim=167 maxerr=1.00E-10 time=13.831
After sweep 15 energy=-6.07557729733328  maxlinkdim=177 maxerr=1.00E-10 time=13.306
After sweep 16 energy=-6.075969329288617  maxlinkdim=226 maxerr=1.00E-10 time=14.285
After sweep 17 energy=-6.076156001266499  maxlinkdim=192 maxerr=1.00E-10 time=16.052
After sweep 18 energy=-6.076204096300717  maxlinkdim=233 maxerr=9.99E-11 time=17.069
After sweep 19 energy=-6.076219210557314  maxlinkdim=200 maxerr=1.00E-10 time=18.721
After sweep 20 energy=-6.0762234271050675  maxlinkdim=209 maxerr=9.99E-11 time=22.183
n0: 0.5000329073090107; n1: 0.4995258807010145; mu0: -2.650421432506915; mu1: -2.650831153169447
Trying secant step...
After sweep 1 energy=-4.754551870950776  maxlinkdim=16 maxerr=7.33E-11 time=1.098
After sweep 2 energy=-5.816610946785429  maxlinkdim=104 maxerr=1.00E-10 time=4.575
After sweep 3 energy=-5.908866766542668  maxlinkdim=123 maxerr=1.00E-10 time=7.697
After sweep 4 energy=-5.96089077314013  maxlinkdim=168 maxerr=9.98E-11 time=8.639
After sweep 5 energy=-5.991627915047897  maxlinkdim=169 maxerr=9.99E-11 time=8.672
After sweep 6 energy=-6.01634854963916  maxlinkdim=211 maxerr=1.00E-10 time=8.457
After sweep 7 energy=-6.039066431772848  maxlinkdim=234 maxerr=9.99E-11 time=9.088
After sweep 8 energy=-6.059353322710732  maxlinkdim=184 maxerr=1.00E-10 time=10.516
After sweep 9 energy=-6.070421231761577  maxlinkdim=208 maxerr=9.99E-11 time=10.690
After sweep 10 energy=-6.07685543785482  maxlinkdim=207 maxerr=1.00E-10 time=10.742
After sweep 11 energy=-6.08316862773833  maxlinkdim=163 maxerr=9.99E-11 time=10.268
After sweep 12 energy=-6.089637749010709  maxlinkdim=213 maxerr=9.99E-11 time=12.015
After sweep 13 energy=-6.0921081434771835  maxlinkdim=193 maxerr=9.99E-11 time=13.041
After sweep 14 energy=-6.093380992309418  maxlinkdim=271 maxerr=9.99E-11 time=13.227
After sweep 15 energy=-6.094547117261647  maxlinkdim=239 maxerr=9.99E-11 time=14.338
After sweep 16 energy=-6.094942264907847  maxlinkdim=267 maxerr=9.99E-11 time=15.597
After sweep 17 energy=-6.095174394478336  maxlinkdim=228 maxerr=1.00E-10 time=16.058
After sweep 18 energy=-6.0952906104821665  maxlinkdim=203 maxerr=9.99E-11 time=17.206
After sweep 19 energy=-6.0953346064377865  maxlinkdim=219 maxerr=1.00E-10 time=18.035
After sweep 20 energy=-6.095363058935456  maxlinkdim=235 maxerr=1.00E-10 time=19.943
n0: 0.4995258807010145; n1: 0.499971626870109; mu0: -2.650831153169447; mu1: -2.650448024414001
Trying secant step...
After sweep 1 energy=-4.755754503091264  maxlinkdim=16 maxerr=7.33E-11 time=1.107
After sweep 2 energy=-5.817828466073157  maxlinkdim=104 maxerr=1.00E-10 time=4.595
After sweep 3 energy=-5.909362422762498  maxlinkdim=108 maxerr=9.99E-11 time=7.688
After sweep 4 energy=-5.960122535964197  maxlinkdim=135 maxerr=1.00E-10 time=8.569
After sweep 5 energy=-5.99073634952149  maxlinkdim=131 maxerr=9.99E-11 time=8.361
After sweep 6 energy=-6.014605689290895  maxlinkdim=150 maxerr=9.99E-11 time=8.102
After sweep 7 energy=-6.038838296335554  maxlinkdim=254 maxerr=1.00E-10 time=8.571
After sweep 8 energy=-6.060948864348342  maxlinkdim=207 maxerr=9.99E-11 time=10.400
After sweep 9 energy=-6.069639642628494  maxlinkdim=151 maxerr=1.00E-10 time=10.332
After sweep 10 energy=-6.075892044945472  maxlinkdim=155 maxerr=1.00E-10 time=9.641
After sweep 11 energy=-6.082579450607497  maxlinkdim=196 maxerr=9.99E-11 time=9.896
After sweep 12 energy=-6.087580547709592  maxlinkdim=156 maxerr=9.99E-11 time=11.145
After sweep 13 energy=-6.091962842664461  maxlinkdim=260 maxerr=1.00E-10 time=11.465
After sweep 14 energy=-6.094168704983339  maxlinkdim=277 maxerr=9.99E-11 time=12.920
After sweep 15 energy=-6.095331295443802  maxlinkdim=246 maxerr=1.00E-10 time=13.411
After sweep 16 energy=-6.095905072428795  maxlinkdim=188 maxerr=1.00E-10 time=14.673
After sweep 17 energy=-6.09617234226822  maxlinkdim=206 maxerr=9.99E-11 time=14.383
After sweep 18 energy=-6.09646519807312  maxlinkdim=257 maxerr=1.00E-10 time=15.864
After sweep 19 energy=-6.096534802275971  maxlinkdim=226 maxerr=9.99E-11 time=17.289
After sweep 20 energy=-6.096576097315402  maxlinkdim=289 maxerr=1.00E-10 time=19.256
n0: 0.499971626870109; n1: 0.49998365895295516; mu0: -2.650448024414001; mu1: -2.650423637077223
Trying secant step...
After sweep 1 energy=-4.757388158551166  maxlinkdim=16 maxerr=7.33E-11 time=1.080
After sweep 2 energy=-5.819468353443647  maxlinkdim=104 maxerr=1.00E-10 time=4.601
After sweep 3 energy=-5.911421382784207  maxlinkdim=111 maxerr=1.00E-10 time=7.757
After sweep 4 energy=-5.961834637395673  maxlinkdim=151 maxerr=9.99E-11 time=8.479
After sweep 5 energy=-5.993300621076809  maxlinkdim=132 maxerr=9.99E-11 time=8.734
After sweep 6 energy=-6.016285522341964  maxlinkdim=126 maxerr=9.99E-11 time=8.166
After sweep 7 energy=-6.038566008556581  maxlinkdim=126 maxerr=1.00E-10 time=8.537
After sweep 8 energy=-6.056798395481813  maxlinkdim=184 maxerr=9.99E-11 time=9.456
After sweep 9 energy=-6.067377417221607  maxlinkdim=260 maxerr=9.98E-11 time=9.775
After sweep 10 energy=-6.075366773985044  maxlinkdim=284 maxerr=9.99E-11 time=9.964
After sweep 11 energy=-6.0833854854401315  maxlinkdim=237 maxerr=9.99E-11 time=10.964
After sweep 12 energy=-6.090391573507897  maxlinkdim=215 maxerr=9.99E-11 time=12.040
After sweep 13 energy=-6.09292358690415  maxlinkdim=244 maxerr=1.00E-10 time=12.133
After sweep 14 energy=-6.09458997924073  maxlinkdim=227 maxerr=9.95E-11 time=11.636
slurmstepd: error: *** STEP 45101387.0 ON nid006545 CANCELLED AT 2025-11-11T18:02:40 ***
slurmstepd: error: *** JOB 45101387 ON nid006545 CANCELLED AT 2025-11-11T18:02:40 ***

[690162] signal 15: Terminated
in expression starting at /global/u2/k/kwang98/MPS-MFT/main_loop_script_cpu.jl:541
