L=64, U=8.0, t0=1.0, density=0.9375
============================================================
Pair binding energy for Hubbard ladder
L = 64 rungs, 128 sites
U = 8.0, t = 1.0, t0 = 1.0, density = 0.9375
N_base = 120
============================================================

[1/3] Computing E(N-2=118)
  Initial state: 118 particles (59 up, 59 dn)
After sweep 1 energy=-50.185227251366975  maxlinkdim=20 maxerr=4.84E-04 time=36.570
After sweep 2 energy=-60.37661598772782  maxlinkdim=50 maxerr=2.40E-05 time=11.475
After sweep 3 energy=-63.15372012446336  maxlinkdim=100 maxerr=2.69E-06 time=20.470
After sweep 4 energy=-64.34453867610011  maxlinkdim=200 maxerr=2.60E-07 time=40.768
After sweep 5 energy=-65.6058120443771  maxlinkdim=1000 maxerr=1.58E-10 time=133.589
After sweep 6 energy=-66.33663606515847  maxlinkdim=1000 maxerr=5.25E-10 time=340.572
After sweep 7 energy=-66.89967871124367  maxlinkdim=1000 maxerr=2.01E-09 time=511.032
After sweep 8 energy=-67.33991812928292  maxlinkdim=1000 maxerr=2.71E-09 time=491.762
After sweep 9 energy=-67.71919106618535  maxlinkdim=1000 maxerr=5.38E-09 time=543.071
After sweep 10 energy=-68.09994052164835  maxlinkdim=1000 maxerr=1.04E-08 time=562.365
srun: Job step aborted: Waiting up to 32 seconds for job step to finish.
slurmstepd: error: *** JOB 47461482 ON nid007136 CANCELLED AT 2026-01-06T22:23:33 ***
slurmstepd: error: *** STEP 47461482.0 ON nid007136 CANCELLED AT 2026-01-06T22:23:33 ***

[1407630] signal 15: Terminated
in expression starting at /global/cfs/cdirs/m4863/MPS-MFT/calculate_E_p_ladder.jl:217
pthread_cond_wait at /lib64/libpthread.so.0 (unknown line)
