Calculating pair binding energy for ladder
L=64, U=8.0, V=0.2, t0=1.0, density=0.875
============================================================
Pair binding energy for Hubbard ladder
L = 64 rungs, 128 sites
U = 8.0, V = 0.2, t = 1.0, t0 = 1.0, density = 0.875
N_base = 112
============================================================

[1/3] Computing E(N-2=110)
  Initial state: 110 particles (55 up, 55 dn)
After sweep 1 energy=-19.817552515530547  maxlinkdim=20 maxerr=4.12E-04 time=48.213
After sweep 2 energy=-30.372189656070915  maxlinkdim=50 maxerr=4.04E-05 time=33.313
After sweep 3 energy=-35.19822672735878  maxlinkdim=100 maxerr=1.11E-05 time=48.981
After sweep 4 energy=-38.49056501774957  maxlinkdim=200 maxerr=5.34E-07 time=71.033
After sweep 5 energy=-41.05524698846489  maxlinkdim=1000 maxerr=7.65E-10 time=97.436
After sweep 6 energy=-42.58399941601664  maxlinkdim=1000 maxerr=1.08E-09 time=127.542
After sweep 7 energy=-44.50607123721057  maxlinkdim=1000 maxerr=4.24E-09 time=138.326
After sweep 8 energy=-46.24245064528533  maxlinkdim=1000 maxerr=1.17E-08 time=148.268
After sweep 9 energy=-47.406357286217705  maxlinkdim=1000 maxerr=2.07E-08 time=163.041
After sweep 10 energy=-48.45579262837475  maxlinkdim=1000 maxerr=4.44E-08 time=171.864
After sweep 11 energy=-49.22960581194207  maxlinkdim=1000 maxerr=4.31E-08 time=176.587
After sweep 12 energy=-49.728284429546335  maxlinkdim=1000 maxerr=2.48E-08 time=174.253
After sweep 13 energy=-50.13990308094014  maxlinkdim=1000 maxerr=2.44E-08 time=174.147
After sweep 14 energy=-50.54565077280666  maxlinkdim=1000 maxerr=2.18E-08 time=181.039
After sweep 15 energy=-51.0492547181276  maxlinkdim=1000 maxerr=9.43E-08 time=182.269
After sweep 16 energy=-51.35091084430462  maxlinkdim=1000 maxerr=3.03E-08 time=196.248
After sweep 17 energy=-51.65002052730374  maxlinkdim=1000 maxerr=3.07E-08 time=206.050
After sweep 18 energy=-51.92365881239945  maxlinkdim=1000 maxerr=3.45E-08 time=209.990
After sweep 19 energy=-52.1537869693573  maxlinkdim=1000 maxerr=2.55E-08 time=208.725
After sweep 20 energy=-52.403360321130805  maxlinkdim=1000 maxerr=4.46E-08 time=210.982
After sweep 21 energy=-52.71535843614719  maxlinkdim=1000 maxerr=9.82E-08 time=208.423
After sweep 22 energy=-52.97915212100264  maxlinkdim=1000 maxerr=8.51E-08 time=211.088
After sweep 23 energy=-53.21810082080619  maxlinkdim=1000 maxerr=9.11E-08 time=208.998
After sweep 24 energy=-53.46331125697814  maxlinkdim=1000 maxerr=1.22E-07 time=213.090
After sweep 25 energy=-53.67638816119055  maxlinkdim=1000 maxerr=1.18E-07 time=213.671
After sweep 26 energy=-53.88439043695182  maxlinkdim=1000 maxerr=1.23E-07 time=215.486
After sweep 27 energy=-54.06709536578943  maxlinkdim=1000 maxerr=2.32E-07 time=212.901
After sweep 28 energy=-54.262419061313146  maxlinkdim=1000 maxerr=2.34E-07 time=210.299
After sweep 29 energy=-54.44343798802675  maxlinkdim=1000 maxerr=2.89E-07 time=207.439
After sweep 30 energy=-54.62095385995368  maxlinkdim=1000 maxerr=1.85E-06 time=206.483
After sweep 31 energy=-54.75590027364981  maxlinkdim=1000 maxerr=4.70E-06 time=209.226
After sweep 32 energy=-54.865039379671565  maxlinkdim=1000 maxerr=4.18E-07 time=208.281
After sweep 33 energy=-54.98406574440459  maxlinkdim=1000 maxerr=1.65E-05 time=206.827
After sweep 34 energy=-55.09274296894371  maxlinkdim=1000 maxerr=5.72E-06 time=207.893
After sweep 35 energy=-55.201927585778954  maxlinkdim=1000 maxerr=8.32E-06 time=203.513
After sweep 36 energy=-55.30324879078045  maxlinkdim=1000 maxerr=4.29E-06 time=199.330
After sweep 37 energy=-55.39718826111965  maxlinkdim=1000 maxerr=6.52E-06 time=196.069
After sweep 38 energy=-55.486980284114026  maxlinkdim=1000 maxerr=9.04E-06 time=188.877
After sweep 39 energy=-55.57859011143085  maxlinkdim=1000 maxerr=4.64E-06 time=189.168
After sweep 40 energy=-55.67072813262296  maxlinkdim=1000 maxerr=4.68E-06 time=190.955
After sweep 41 energy=-55.75820820397807  maxlinkdim=1000 maxerr=7.15E-06 time=191.949
After sweep 42 energy=-55.848512617592036  maxlinkdim=1000 maxerr=2.04E-06 time=196.275
After sweep 43 energy=-55.935266876580094  maxlinkdim=1000 maxerr=1.63E-06 time=196.004
After sweep 44 energy=-56.00876186008794  maxlinkdim=1000 maxerr=2.29E-06 time=196.130
After sweep 45 energy=-56.09215487542901  maxlinkdim=1000 maxerr=2.54E-06 time=195.601
After sweep 46 energy=-56.16811614299362  maxlinkdim=1000 maxerr=2.36E-06 time=191.592
After sweep 47 energy=-56.24355844825356  maxlinkdim=1000 maxerr=2.43E-06 time=196.537
After sweep 48 energy=-56.3181421741565  maxlinkdim=1000 maxerr=2.89E-06 time=197.899
After sweep 49 energy=-56.388880801809776  maxlinkdim=1000 maxerr=9.59E-06 time=194.886
After sweep 50 energy=-56.45384595444339  maxlinkdim=1000 maxerr=9.07E-06 time=211.059
After sweep 51 energy=-56.5112571505455  maxlinkdim=1000 maxerr=3.51E-06 time=195.469
After sweep 52 energy=-56.56448499095131  maxlinkdim=1000 maxerr=3.04E-06 time=195.899
After sweep 53 energy=-56.62144691160599  maxlinkdim=1000 maxerr=3.86E-06 time=190.367
After sweep 54 energy=-56.67564627927589  maxlinkdim=1000 maxerr=3.87E-06 time=201.650
After sweep 55 energy=-56.72508909824157  maxlinkdim=1000 maxerr=4.13E-06 time=209.673
After sweep 56 energy=-56.77081957888992  maxlinkdim=1000 maxerr=4.60E-06 time=208.345
After sweep 57 energy=-56.81669419590926  maxlinkdim=1000 maxerr=5.80E-06 time=202.812
After sweep 58 energy=-56.860359420184196  maxlinkdim=1000 maxerr=5.18E-06 time=188.000
After sweep 59 energy=-56.89797876953173  maxlinkdim=1000 maxerr=5.12E-06 time=188.538
After sweep 60 energy=-57.10634920665625  maxlinkdim=1000 maxerr=1.14E-05 time=192.536
After sweep 61 energy=-57.245037153096185  maxlinkdim=1000 maxerr=1.11E-05 time=200.792
After sweep 62 energy=-57.308283315999546  maxlinkdim=1000 maxerr=1.72E-05 time=202.125
After sweep 63 energy=-57.355777888087104  maxlinkdim=1000 maxerr=1.20E-05 time=199.676
After sweep 64 energy=-57.3934572388664  maxlinkdim=1000 maxerr=1.53E-05 time=200.243
After sweep 65 energy=-57.42479558367883  maxlinkdim=1000 maxerr=1.50E-05 time=207.100
After sweep 66 energy=-57.450949220514985  maxlinkdim=1000 maxerr=1.33E-05 time=202.227
After sweep 67 energy=-57.46946248072755  maxlinkdim=1000 maxerr=1.32E-05 time=205.101
After sweep 68 energy=-57.4834917544031  maxlinkdim=1000 maxerr=1.43E-05 time=206.894
After sweep 69 energy=-57.494138364453256  maxlinkdim=1000 maxerr=1.40E-05 time=206.898
After sweep 70 energy=-57.502004071769065  maxlinkdim=1000 maxerr=1.23E-05 time=215.627
After sweep 71 energy=-57.50920333998829  maxlinkdim=1000 maxerr=1.30E-05 time=203.777
After sweep 72 energy=-57.51337537580819  maxlinkdim=1000 maxerr=1.26E-05 time=196.553
After sweep 73 energy=-57.514864381646994  maxlinkdim=1000 maxerr=1.19E-05 time=206.070
After sweep 74 energy=-57.515555428306655  maxlinkdim=1000 maxerr=1.17E-05 time=204.436
After sweep 75 energy=-57.515925711042414  maxlinkdim=1000 maxerr=1.17E-05 time=217.913
After sweep 76 energy=-57.51613949595918  maxlinkdim=1000 maxerr=1.18E-05 time=205.050
After sweep 77 energy=-57.516264257442934  maxlinkdim=1000 maxerr=1.18E-05 time=204.716
After sweep 78 energy=-57.516340978040745  maxlinkdim=1000 maxerr=1.18E-05 time=210.495
After sweep 79 energy=-57.51638406743056  maxlinkdim=1000 maxerr=1.18E-05 time=206.873
After sweep 80 energy=-57.51641418300707  maxlinkdim=1000 maxerr=1.18E-05 time=201.696
After sweep 81 energy=-57.51643163562989  maxlinkdim=1000 maxerr=1.18E-05 time=199.665
After sweep 82 energy=-57.51644663516637  maxlinkdim=1000 maxerr=1.18E-05 time=204.997
After sweep 83 energy=-57.516454315608726  maxlinkdim=1000 maxerr=1.18E-05 time=205.941
After sweep 84 energy=-57.516458780510696  maxlinkdim=1000 maxerr=1.18E-05 time=203.833
After sweep 85 energy=-57.51646272654729  maxlinkdim=1000 maxerr=1.18E-05 time=209.464
After sweep 86 energy=-57.516465347027655  maxlinkdim=1000 maxerr=1.18E-05 time=204.545
After sweep 87 energy=-57.516466165231044  maxlinkdim=1000 maxerr=1.18E-05 time=200.890
After sweep 88 energy=-57.516468039614324  maxlinkdim=1000 maxerr=1.18E-05 time=204.227
After sweep 89 energy=-57.51646892127061  maxlinkdim=1000 maxerr=1.18E-05 time=203.098
After sweep 90 energy=-57.516469782666434  maxlinkdim=1000 maxerr=1.18E-05 time=204.191
After sweep 91 energy=-57.51646912718061  maxlinkdim=1000 maxerr=1.18E-05 time=206.588
After sweep 92 energy=-57.51647041887907  maxlinkdim=1000 maxerr=1.18E-05 time=212.177
After sweep 93 energy=-57.51647024206528  maxlinkdim=1000 maxerr=1.18E-05 time=206.772
After sweep 94 energy=-57.51646999643852  maxlinkdim=1000 maxerr=1.18E-05 time=201.595
After sweep 95 energy=-57.51647102379242  maxlinkdim=1000 maxerr=1.18E-05 time=203.819
After sweep 96 energy=-57.51646961474485  maxlinkdim=1000 maxerr=1.18E-05 time=205.155
After sweep 97 energy=-57.51647075263034  maxlinkdim=1000 maxerr=1.18E-05 time=204.168
After sweep 98 energy=-57.5164706168889  maxlinkdim=1000 maxerr=1.18E-05 time=207.591
After sweep 99 energy=-57.516470804000505  maxlinkdim=1000 maxerr=1.18E-05 time=213.366
After sweep 100 energy=-57.51647140611124  maxlinkdim=1000 maxerr=1.18E-05 time=209.482
  E(N-2) = -57.51647140611124

[2/3] Computing E(N-1=111)
  Initial state: 111 particles (56 up, 55 dn)
After sweep 1 energy=-21.07524728012666  maxlinkdim=20 maxerr=4.60E-04 time=10.689
After sweep 2 energy=-30.589178568462245  maxlinkdim=50 maxerr=1.02E-04 time=26.054
After sweep 3 energy=-35.284797951051985  maxlinkdim=100 maxerr=5.79E-06 time=36.215
After sweep 4 energy=-38.2502317566607  maxlinkdim=200 maxerr=5.10E-07 time=61.581
After sweep 5 energy=-40.35357838582499  maxlinkdim=1000 maxerr=1.27E-10 time=80.999
After sweep 6 energy=-42.48580741457937  maxlinkdim=1000 maxerr=2.05E-09 time=110.165
After sweep 7 energy=-44.19793105387632  maxlinkdim=1000 maxerr=6.74E-09 time=121.306
After sweep 8 energy=-45.613936923761536  maxlinkdim=1000 maxerr=4.94E-08 time=132.706
After sweep 9 energy=-46.37861803910862  maxlinkdim=1000 maxerr=1.19E-08 time=137.833
After sweep 10 energy=-47.19563185809922  maxlinkdim=1000 maxerr=2.73E-08 time=146.290
After sweep 11 energy=-47.992701984519435  maxlinkdim=1000 maxerr=6.18E-08 time=166.231
After sweep 12 energy=-48.57428036122269  maxlinkdim=1000 maxerr=6.85E-08 time=170.856
After sweep 13 energy=-48.97164033191169  maxlinkdim=1000 maxerr=3.84E-08 time=174.116
After sweep 14 energy=-49.33526896506078  maxlinkdim=1000 maxerr=5.24E-08 time=172.047
After sweep 15 energy=-49.664628519231144  maxlinkdim=1000 maxerr=3.33E-08 time=174.360
After sweep 16 energy=-49.953600974899636  maxlinkdim=1000 maxerr=3.91E-08 time=181.409
After sweep 17 energy=-50.21228704470813  maxlinkdim=1000 maxerr=4.15E-08 time=191.614
After sweep 18 energy=-50.48116521677475  maxlinkdim=1000 maxerr=6.18E-08 time=191.931
After sweep 19 energy=-50.71036420731819  maxlinkdim=1000 maxerr=6.80E-08 time=194.786
After sweep 20 energy=-50.95724176821255  maxlinkdim=1000 maxerr=9.84E-08 time=201.110
After sweep 21 energy=-51.22636369450646  maxlinkdim=1000 maxerr=2.19E-07 time=197.697
After sweep 22 energy=-51.45436870400182  maxlinkdim=1000 maxerr=3.56E-07 time=204.308
After sweep 23 energy=-51.643382206456444  maxlinkdim=1000 maxerr=7.79E-07 time=196.760
After sweep 24 energy=-51.80615874201539  maxlinkdim=1000 maxerr=3.85E-07 time=201.551
After sweep 25 energy=-51.96669867059668  maxlinkdim=1000 maxerr=1.83E-06 time=203.149
After sweep 26 energy=-52.121338854063744  maxlinkdim=1000 maxerr=3.06E-06 time=208.607
After sweep 27 energy=-52.27323513403159  maxlinkdim=1000 maxerr=1.55E-06 time=210.914
After sweep 28 energy=-52.4507139678631  maxlinkdim=1000 maxerr=1.77E-05 time=207.086
After sweep 29 energy=-52.669234277083085  maxlinkdim=1000 maxerr=2.79E-06 time=207.680
After sweep 30 energy=-52.872575224323526  maxlinkdim=1000 maxerr=2.10E-06 time=211.900
After sweep 31 energy=-53.04003444500041  maxlinkdim=1000 maxerr=3.11E-06 time=210.414
After sweep 32 energy=-53.186942274398945  maxlinkdim=1000 maxerr=3.77E-06 time=216.181
After sweep 33 energy=-53.34100931192089  maxlinkdim=1000 maxerr=5.45E-06 time=209.507
After sweep 34 energy=-53.499611714626006  maxlinkdim=1000 maxerr=4.06E-06 time=218.816
After sweep 35 energy=-53.66936784823853  maxlinkdim=1000 maxerr=5.92E-06 time=212.977
After sweep 36 energy=-53.77591908826955  maxlinkdim=1000 maxerr=1.41E-06 time=210.454
After sweep 37 energy=-53.863050782510754  maxlinkdim=1000 maxerr=3.19E-06 time=207.876
After sweep 38 energy=-53.926247839385056  maxlinkdim=1000 maxerr=9.39E-07 time=216.151
After sweep 39 energy=-53.983947679100275  maxlinkdim=1000 maxerr=6.34E-07 time=211.298
After sweep 40 energy=-54.04013510240751  maxlinkdim=1000 maxerr=7.79E-07 time=206.430
After sweep 41 energy=-54.095218960597855  maxlinkdim=1000 maxerr=6.53E-07 time=206.138
After sweep 42 energy=-54.15278883465477  maxlinkdim=1000 maxerr=1.89E-06 time=207.066
After sweep 43 energy=-54.21292122046866  maxlinkdim=1000 maxerr=1.89E-06 time=200.454
After sweep 44 energy=-54.27443481957902  maxlinkdim=1000 maxerr=2.92E-06 time=203.447
After sweep 45 energy=-54.33546231395292  maxlinkdim=1000 maxerr=3.19E-06 time=204.028
After sweep 46 energy=-54.40266799372423  maxlinkdim=1000 maxerr=4.60E-06 time=218.860
After sweep 47 energy=-54.458740943708364  maxlinkdim=1000 maxerr=9.56E-06 time=222.956
After sweep 48 energy=-54.515438785962466  maxlinkdim=1000 maxerr=3.00E-06 time=221.466
After sweep 49 energy=-54.5742941546667  maxlinkdim=1000 maxerr=7.75E-06 time=221.592
After sweep 50 energy=-54.62410336506389  maxlinkdim=1000 maxerr=9.06E-06 time=218.238
After sweep 51 energy=-54.67676444625243  maxlinkdim=1000 maxerr=1.03E-05 time=205.573
After sweep 52 energy=-54.72731715909674  maxlinkdim=1000 maxerr=6.27E-06 time=196.678
After sweep 53 energy=-54.77449196905636  maxlinkdim=1000 maxerr=6.31E-06 time=199.917
After sweep 54 energy=-54.97095573226505  maxlinkdim=1000 maxerr=1.44E-05 time=199.800
After sweep 55 energy=-55.09834486684771  maxlinkdim=1000 maxerr=1.46E-05 time=208.122
After sweep 56 energy=-55.16810959539147  maxlinkdim=1000 maxerr=3.34E-05 time=205.942
After sweep 57 energy=-55.22138779024911  maxlinkdim=1000 maxerr=2.21E-05 time=206.454
After sweep 58 energy=-55.2624414412591  maxlinkdim=1000 maxerr=2.15E-05 time=203.639
After sweep 59 energy=-55.29637354084504  maxlinkdim=1000 maxerr=2.44E-05 time=208.313
After sweep 60 energy=-55.32940522256644  maxlinkdim=1000 maxerr=2.20E-05 time=209.580
After sweep 61 energy=-55.351887338178  maxlinkdim=1000 maxerr=1.91E-05 time=218.023
After sweep 62 energy=-55.36657076691331  maxlinkdim=1000 maxerr=1.93E-05 time=221.776
After sweep 63 energy=-55.377401406612776  maxlinkdim=1000 maxerr=1.81E-05 time=213.710
After sweep 64 energy=-55.389833648567176  maxlinkdim=1000 maxerr=1.75E-05 time=225.243
After sweep 65 energy=-55.39421011893263  maxlinkdim=1000 maxerr=1.72E-05 time=226.395
After sweep 66 energy=-55.39599871505762  maxlinkdim=1000 maxerr=1.72E-05 time=225.365
After sweep 67 energy=-55.39687080439504  maxlinkdim=1000 maxerr=1.71E-05 time=222.274
After sweep 68 energy=-55.39736345240578  maxlinkdim=1000 maxerr=1.73E-05 time=219.075
After sweep 69 energy=-55.39767795081165  maxlinkdim=1000 maxerr=1.74E-05 time=219.954
After sweep 70 energy=-55.39789242884888  maxlinkdim=1000 maxerr=1.75E-05 time=217.784
After sweep 71 energy=-55.39805106059818  maxlinkdim=1000 maxerr=1.76E-05 time=214.956
After sweep 72 energy=-55.39817601499866  maxlinkdim=1000 maxerr=1.76E-05 time=223.593
After sweep 73 energy=-55.39828085129779  maxlinkdim=1000 maxerr=1.76E-05 time=218.804
After sweep 74 energy=-55.398359717226626  maxlinkdim=1000 maxerr=1.76E-05 time=212.710
After sweep 75 energy=-55.39843929920008  maxlinkdim=1000 maxerr=1.76E-05 time=211.050
After sweep 76 energy=-55.39850050990216  maxlinkdim=1000 maxerr=1.76E-05 time=220.472
After sweep 77 energy=-55.39855476226559  maxlinkdim=1000 maxerr=1.77E-05 time=215.639
After sweep 78 energy=-55.39860800971032  maxlinkdim=1000 maxerr=1.77E-05 time=215.732
After sweep 79 energy=-55.398652708968655  maxlinkdim=1000 maxerr=1.76E-05 time=215.115
After sweep 80 energy=-55.398694521607815  maxlinkdim=1000 maxerr=1.76E-05 time=217.526
After sweep 81 energy=-55.398733534745624  maxlinkdim=1000 maxerr=1.76E-05 time=214.833
After sweep 82 energy=-55.398771135468074  maxlinkdim=1000 maxerr=1.76E-05 time=218.099
After sweep 83 energy=-55.39880105198795  maxlinkdim=1000 maxerr=1.77E-05 time=215.198
After sweep 84 energy=-55.398832465445395  maxlinkdim=1000 maxerr=1.77E-05 time=212.127
After sweep 85 energy=-55.3988635922938  maxlinkdim=1000 maxerr=1.77E-05 time=215.918
After sweep 86 energy=-55.39888776812276  maxlinkdim=1000 maxerr=1.77E-05 time=212.653
After sweep 87 energy=-55.39890853467499  maxlinkdim=1000 maxerr=1.77E-05 time=213.094
After sweep 88 energy=-55.39893573119605  maxlinkdim=1000 maxerr=1.77E-05 time=214.010
After sweep 89 energy=-55.39895549739703  maxlinkdim=1000 maxerr=1.77E-05 time=217.110
After sweep 90 energy=-55.39897569235047  maxlinkdim=1000 maxerr=1.77E-05 time=220.830
After sweep 91 energy=-55.39899525335699  maxlinkdim=1000 maxerr=1.77E-05 time=221.449
After sweep 92 energy=-55.399014919924866  maxlinkdim=1000 maxerr=1.77E-05 time=220.477
After sweep 93 energy=-55.39902972645686  maxlinkdim=1000 maxerr=1.77E-05 time=219.200
After sweep 94 energy=-55.399047374207  maxlinkdim=1000 maxerr=1.77E-05 time=217.239
After sweep 95 energy=-55.39906039888786  maxlinkdim=1000 maxerr=1.77E-05 time=215.931
After sweep 96 energy=-55.3990776883349  maxlinkdim=1000 maxerr=1.77E-05 time=214.079
After sweep 97 energy=-55.39909060828599  maxlinkdim=1000 maxerr=1.77E-05 time=216.126
After sweep 98 energy=-55.39910888832139  maxlinkdim=1000 maxerr=1.77E-05 time=211.683
After sweep 99 energy=-55.39912117606086  maxlinkdim=1000 maxerr=1.77E-05 time=210.120
After sweep 100 energy=-55.399134712813016  maxlinkdim=1000 maxerr=1.77E-05 time=210.264
  E(N-1) = -55.399134712813016

[3/3] Computing E(N=112)
  Initial state: 112 particles (56 up, 56 dn)
After sweep 1 energy=-20.283346880508184  maxlinkdim=20 maxerr=3.36E-04 time=11.456
After sweep 2 energy=-30.420014594395674  maxlinkdim=50 maxerr=6.38E-05 time=27.872
After sweep 3 energy=-34.483699633003795  maxlinkdim=100 maxerr=2.90E-06 time=41.855
After sweep 4 energy=-37.288064149858236  maxlinkdim=200 maxerr=2.79E-07 time=66.406
After sweep 5 energy=-39.84320713536087  maxlinkdim=1000 maxerr=2.49E-10 time=87.877
After sweep 6 energy=-41.70440957228498  maxlinkdim=1000 maxerr=2.88E-09 time=115.431
After sweep 7 energy=-43.35964714166247  maxlinkdim=1000 maxerr=1.26E-08 time=126.799
After sweep 8 energy=-44.32706168189589  maxlinkdim=1000 maxerr=1.38E-08 time=137.688
After sweep 9 energy=-45.33451353891565  maxlinkdim=1000 maxerr=3.42E-08 time=147.690
After sweep 10 energy=-46.12751126353763  maxlinkdim=1000 maxerr=4.28E-08 time=155.860
After sweep 11 energy=-46.67555848375318  maxlinkdim=1000 maxerr=3.90E-08 time=159.783
After sweep 12 energy=-47.353631306379214  maxlinkdim=1000 maxerr=3.53E-07 time=166.409
After sweep 13 energy=-47.689887592142874  maxlinkdim=1000 maxerr=4.07E-08 time=169.389
After sweep 14 energy=-47.993657569318174  maxlinkdim=1000 maxerr=2.49E-08 time=171.737
After sweep 15 energy=-48.300561799546884  maxlinkdim=1000 maxerr=4.23E-08 time=182.321
After sweep 16 energy=-48.57982450495951  maxlinkdim=1000 maxerr=3.27E-08 time=187.553
After sweep 17 energy=-48.83269568278244  maxlinkdim=1000 maxerr=5.36E-08 time=193.504
After sweep 18 energy=-49.04988036844921  maxlinkdim=1000 maxerr=2.72E-08 time=199.942
After sweep 19 energy=-49.263941391687695  maxlinkdim=1000 maxerr=3.35E-08 time=206.306
After sweep 20 energy=-49.48873193994533  maxlinkdim=1000 maxerr=6.16E-08 time=204.222
After sweep 21 energy=-49.70600211191646  maxlinkdim=1000 maxerr=1.32E-07 time=205.912
After sweep 22 energy=-49.9062244082998  maxlinkdim=1000 maxerr=5.49E-07 time=208.644
After sweep 23 energy=-50.15199617252374  maxlinkdim=1000 maxerr=7.88E-06 time=204.366
After sweep 24 energy=-50.312071756019456  maxlinkdim=1000 maxerr=1.86E-07 time=208.151
After sweep 25 energy=-50.447758823169806  maxlinkdim=1000 maxerr=5.42E-07 time=206.442
After sweep 26 energy=-50.60419364378985  maxlinkdim=1000 maxerr=1.77E-06 time=206.738
After sweep 27 energy=-50.73679778321597  maxlinkdim=1000 maxerr=1.47E-06 time=208.694
After sweep 28 energy=-50.88671564288771  maxlinkdim=1000 maxerr=8.21E-07 time=213.365
After sweep 29 energy=-51.02244759322787  maxlinkdim=1000 maxerr=1.41E-06 time=212.791
After sweep 30 energy=-51.15695157286147  maxlinkdim=1000 maxerr=2.86E-06 time=214.404
After sweep 31 energy=-51.27934708824734  maxlinkdim=1000 maxerr=1.49E-05 time=212.030
After sweep 32 energy=-51.4401404277469  maxlinkdim=1000 maxerr=2.36E-06 time=213.465
After sweep 33 energy=-51.55619783688473  maxlinkdim=1000 maxerr=1.80E-06 time=210.610
After sweep 34 energy=-51.660532634866826  maxlinkdim=1000 maxerr=1.81E-06 time=212.642
After sweep 35 energy=-51.760852461946264  maxlinkdim=1000 maxerr=5.29E-06 time=209.077
After sweep 36 energy=-51.85056238821803  maxlinkdim=1000 maxerr=1.86E-06 time=209.590
After sweep 37 energy=-51.938188942334655  maxlinkdim=1000 maxerr=4.23E-06 time=210.982
After sweep 38 energy=-52.02086668541303  maxlinkdim=1000 maxerr=8.56E-06 time=209.213
After sweep 39 energy=-52.10055766140891  maxlinkdim=1000 maxerr=4.85E-06 time=211.672
After sweep 40 energy=-52.17402245073964  maxlinkdim=1000 maxerr=2.22E-06 time=216.070
After sweep 41 energy=-52.23316195430665  maxlinkdim=1000 maxerr=3.59E-06 time=216.047
After sweep 42 energy=-52.307093355993494  maxlinkdim=1000 maxerr=5.58E-06 time=211.510
After sweep 43 energy=-52.36660130976922  maxlinkdim=1000 maxerr=6.83E-06 time=212.241
After sweep 44 energy=-52.42319497734936  maxlinkdim=1000 maxerr=3.52E-06 time=220.019
After sweep 45 energy=-52.47550861214488  maxlinkdim=1000 maxerr=7.00E-06 time=219.493
After sweep 46 energy=-52.53008156074954  maxlinkdim=1000 maxerr=5.44E-06 time=218.820
After sweep 47 energy=-52.58149616987049  maxlinkdim=1000 maxerr=6.80E-06 time=218.376
After sweep 48 energy=-52.63079151558355  maxlinkdim=1000 maxerr=8.08E-06 time=217.426
After sweep 49 energy=-52.681455127928025  maxlinkdim=1000 maxerr=1.31E-05 time=215.818
After sweep 50 energy=-52.72319890915869  maxlinkdim=1000 maxerr=8.26E-06 time=219.296
After sweep 51 energy=-52.76644008722306  maxlinkdim=1000 maxerr=1.00E-05 time=219.915
After sweep 52 energy=-52.805235377770856  maxlinkdim=1000 maxerr=9.30E-06 time=215.010
After sweep 53 energy=-52.8453897729448  maxlinkdim=1000 maxerr=6.69E-06 time=213.261
After sweep 54 energy=-52.88425836910581  maxlinkdim=1000 maxerr=8.42E-06 time=208.740
After sweep 55 energy=-52.92340043544636  maxlinkdim=1000 maxerr=1.07E-05 time=212.467
After sweep 56 energy=-53.082727021771596  maxlinkdim=1000 maxerr=1.41E-05 time=214.455
After sweep 57 energy=-53.18957040162303  maxlinkdim=1000 maxerr=1.24E-05 time=214.416
After sweep 58 energy=-53.24331472192806  maxlinkdim=1000 maxerr=1.00E-05 time=213.223
After sweep 59 energy=-53.27859119345063  maxlinkdim=1000 maxerr=1.06E-05 time=215.795
After sweep 60 energy=-53.3033580059652  maxlinkdim=1000 maxerr=1.21E-05 time=217.966
After sweep 61 energy=-53.32318194737982  maxlinkdim=1000 maxerr=1.26E-05 time=215.158
After sweep 62 energy=-53.337997841731145  maxlinkdim=1000 maxerr=1.18E-05 time=216.152
After sweep 63 energy=-53.34808801088706  maxlinkdim=1000 maxerr=1.39E-05 time=217.037
After sweep 64 energy=-53.35317979704866  maxlinkdim=1000 maxerr=1.24E-05 time=214.310
After sweep 65 energy=-53.35539347517858  maxlinkdim=1000 maxerr=1.11E-05 time=211.184
After sweep 66 energy=-53.35634466321139  maxlinkdim=1000 maxerr=1.06E-05 time=215.730
After sweep 67 energy=-53.35679099723931  maxlinkdim=1000 maxerr=1.07E-05 time=212.300
After sweep 68 energy=-53.357017955549054  maxlinkdim=1000 maxerr=1.06E-05 time=215.915
After sweep 69 energy=-53.35712869100927  maxlinkdim=1000 maxerr=1.06E-05 time=212.170
After sweep 70 energy=-53.35718538230616  maxlinkdim=1000 maxerr=1.06E-05 time=212.964
After sweep 71 energy=-53.35721943161736  maxlinkdim=1000 maxerr=1.06E-05 time=208.597
After sweep 72 energy=-53.35723664777102  maxlinkdim=1000 maxerr=1.06E-05 time=217.939
After sweep 73 energy=-53.35724931503814  maxlinkdim=1000 maxerr=1.06E-05 time=214.401
After sweep 74 energy=-53.3572555432606  maxlinkdim=1000 maxerr=1.05E-05 time=218.062
After sweep 75 energy=-53.35726011738353  maxlinkdim=1000 maxerr=1.05E-05 time=220.018
After sweep 76 energy=-53.35726250736208  maxlinkdim=1000 maxerr=1.06E-05 time=217.588
After sweep 77 energy=-53.357264146856124  maxlinkdim=1000 maxerr=1.06E-05 time=219.959
After sweep 78 energy=-53.35726553500329  maxlinkdim=1000 maxerr=1.05E-05 time=217.412
After sweep 79 energy=-53.35726732839356  maxlinkdim=1000 maxerr=1.05E-05 time=219.328
After sweep 80 energy=-53.35726564742128  maxlinkdim=1000 maxerr=1.06E-05 time=219.861
After sweep 81 energy=-53.35726972316094  maxlinkdim=1000 maxerr=1.06E-05 time=213.508
After sweep 82 energy=-53.35726999228063  maxlinkdim=1000 maxerr=1.06E-05 time=214.963
After sweep 83 energy=-53.357270471638046  maxlinkdim=1000 maxerr=1.06E-05 time=213.773
After sweep 84 energy=-53.357271285892324  maxlinkdim=1000 maxerr=1.06E-05 time=220.797
After sweep 85 energy=-53.35727149304617  maxlinkdim=1000 maxerr=1.06E-05 time=221.142
After sweep 86 energy=-53.35727202764332  maxlinkdim=1000 maxerr=1.06E-05 time=224.340
After sweep 87 energy=-53.35727224604908  maxlinkdim=1000 maxerr=1.06E-05 time=219.940
After sweep 88 energy=-53.357272388839924  maxlinkdim=1000 maxerr=1.06E-05 time=219.071
After sweep 89 energy=-53.357272310871096  maxlinkdim=1000 maxerr=1.06E-05 time=216.709
After sweep 90 energy=-53.357272352728906  maxlinkdim=1000 maxerr=1.06E-05 time=216.443
After sweep 91 energy=-53.35727279170412  maxlinkdim=1000 maxerr=1.06E-05 time=215.789
After sweep 92 energy=-53.35727285062437  maxlinkdim=1000 maxerr=1.06E-05 time=213.930
After sweep 93 energy=-53.35727249401867  maxlinkdim=1000 maxerr=1.06E-05 time=217.394
After sweep 94 energy=-53.357273229690755  maxlinkdim=1000 maxerr=1.06E-05 time=212.291
After sweep 95 energy=-53.357273103719024  maxlinkdim=1000 maxerr=1.06E-05 time=213.644
After sweep 96 energy=-53.357272650897485  maxlinkdim=1000 maxerr=1.06E-05 time=211.966
After sweep 97 energy=-53.35727324871192  maxlinkdim=1000 maxerr=1.06E-05 time=211.195
After sweep 98 energy=-53.357273178236746  maxlinkdim=1000 maxerr=1.06E-05 time=214.643
After sweep 99 energy=-53.35727371520009  maxlinkdim=1000 maxerr=1.06E-05 time=216.276
After sweep 100 energy=-53.35727377795066  maxlinkdim=1000 maxerr=1.06E-05 time=215.920
  E(N) = -53.35727377795066

============================================================
RESULTS:
  E(110) = -57.51647140611124
  E(111) = -55.399134712813016
  E(112)     = -53.35727377795066
  E_p = -0.07547576  (attractive hole pairing)
============================================================
RESULT: E_p = -0.0754757584358714
E_p calculation completed
