outfile_name: results_U_-4.0_t_p_0.025.h5
[ Info:  started timer at: 2025-11-11T08:16:12.516
Starting fresh run
Running with t_p=0.025 U=-4.0 L=100 chi_max=300 E_p=1.476 mu_init=-2.645
After sweep 1 energy=-5.208912117130523  maxlinkdim=16 maxerr=9.78E-11 time=29.976
After sweep 2 energy=-6.2809447420812266  maxlinkdim=103 maxerr=9.99E-11 time=3.266
After sweep 3 energy=-6.3679168107116535  maxlinkdim=113 maxerr=1.00E-10 time=5.202
After sweep 4 energy=-6.414710464551241  maxlinkdim=101 maxerr=1.00E-10 time=5.561
After sweep 5 energy=-6.448503805092266  maxlinkdim=108 maxerr=9.98E-11 time=5.264
After sweep 6 energy=-6.473158352934619  maxlinkdim=126 maxerr=1.00E-10 time=5.084
After sweep 7 energy=-6.494159200480222  maxlinkdim=119 maxerr=9.99E-11 time=5.414
After sweep 8 energy=-6.510564472675166  maxlinkdim=107 maxerr=1.00E-10 time=5.744
After sweep 9 energy=-6.522094303160007  maxlinkdim=119 maxerr=9.95E-11 time=5.688
After sweep 10 energy=-6.533645533925027  maxlinkdim=211 maxerr=1.00E-10 time=5.997
After sweep 11 energy=-6.5451307514893395  maxlinkdim=167 maxerr=9.99E-11 time=7.402
After sweep 12 energy=-6.5499648647974045  maxlinkdim=220 maxerr=9.99E-11 time=7.392
After sweep 13 energy=-6.55258205060302  maxlinkdim=191 maxerr=9.97E-11 time=7.212
After sweep 14 energy=-6.555295666773961  maxlinkdim=221 maxerr=1.00E-10 time=7.962
After sweep 15 energy=-6.556346809017199  maxlinkdim=260 maxerr=9.99E-11 time=8.536
After sweep 16 energy=-6.556903077197083  maxlinkdim=163 maxerr=9.99E-11 time=8.635
After sweep 17 energy=-6.557267479672806  maxlinkdim=258 maxerr=1.00E-10 time=8.602
After sweep 18 energy=-6.557539762070886  maxlinkdim=247 maxerr=1.00E-10 time=9.739
After sweep 19 energy=-6.557628597014934  maxlinkdim=188 maxerr=9.99E-11 time=9.641
After sweep 20 energy=-6.557704801988113  maxlinkdim=271 maxerr=9.99E-11 time=10.396
Not same mu, searching again
After sweep 1 energy=-7.702701329003484  maxlinkdim=16 maxerr=9.12E-11 time=0.886
After sweep 2 energy=-8.781464350199712  maxlinkdim=103 maxerr=9.98E-11 time=3.294
After sweep 3 energy=-8.873018654580147  maxlinkdim=112 maxerr=9.99E-11 time=5.038
After sweep 4 energy=-8.924418796806764  maxlinkdim=106 maxerr=1.00E-10 time=5.214
After sweep 5 energy=-8.96405313992285  maxlinkdim=104 maxerr=1.00E-10 time=5.433
After sweep 6 energy=-8.99772578456589  maxlinkdim=105 maxerr=9.98E-11 time=5.217
After sweep 7 energy=-9.033998886947957  maxlinkdim=123 maxerr=1.00E-10 time=5.324
After sweep 8 energy=-9.074052284337407  maxlinkdim=129 maxerr=1.00E-10 time=5.898
After sweep 9 energy=-9.109369197131775  maxlinkdim=117 maxerr=9.99E-11 time=5.841
After sweep 10 energy=-9.142932421523186  maxlinkdim=129 maxerr=9.99E-11 time=5.956
After sweep 11 energy=-9.171907068911676  maxlinkdim=141 maxerr=9.98E-11 time=6.346
After sweep 12 energy=-9.194764560312448  maxlinkdim=146 maxerr=1.00E-10 time=6.415
After sweep 13 energy=-9.217231014168954  maxlinkdim=214 maxerr=9.99E-11 time=6.941
After sweep 14 energy=-9.233623221028939  maxlinkdim=176 maxerr=1.00E-10 time=7.858
After sweep 15 energy=-9.241652120389347  maxlinkdim=272 maxerr=9.96E-11 time=7.883
After sweep 16 energy=-9.245719678604615  maxlinkdim=204 maxerr=9.98E-11 time=8.171
After sweep 17 energy=-9.248540732393096  maxlinkdim=165 maxerr=9.99E-11 time=8.301
After sweep 18 energy=-9.25032544323723  maxlinkdim=300 maxerr=1.86E-10 time=9.054
After sweep 19 energy=-9.251464297616115  maxlinkdim=300 maxerr=1.02E-10 time=10.024
After sweep 20 energy=-9.251758899253103  maxlinkdim=242 maxerr=9.99E-11 time=11.199
After sweep 1 energy=-5.208912117130523  maxlinkdim=16 maxerr=9.78E-11 time=0.839
After sweep 2 energy=-6.2809447420812266  maxlinkdim=103 maxerr=9.99E-11 time=3.324
After sweep 3 energy=-6.3679168107116535  maxlinkdim=113 maxerr=1.00E-10 time=5.231
After sweep 4 energy=-6.414710464551241  maxlinkdim=101 maxerr=1.00E-10 time=5.149
After sweep 5 energy=-6.448503805092266  maxlinkdim=108 maxerr=9.98E-11 time=5.190
After sweep 6 energy=-6.473158352934619  maxlinkdim=126 maxerr=1.00E-10 time=5.218
After sweep 7 energy=-6.494159200480222  maxlinkdim=119 maxerr=9.99E-11 time=5.409
After sweep 8 energy=-6.510564472675166  maxlinkdim=107 maxerr=1.00E-10 time=5.929
After sweep 9 energy=-6.522094303160007  maxlinkdim=119 maxerr=9.95E-11 time=5.689
After sweep 10 energy=-6.533645533925027  maxlinkdim=211 maxerr=1.00E-10 time=6.046
After sweep 11 energy=-6.5451307514893395  maxlinkdim=167 maxerr=9.99E-11 time=7.179
After sweep 12 energy=-6.5499648647974045  maxlinkdim=220 maxerr=9.99E-11 time=7.215
After sweep 13 energy=-6.55258205060302  maxlinkdim=191 maxerr=9.97E-11 time=7.277
After sweep 14 energy=-6.555295666773961  maxlinkdim=221 maxerr=1.00E-10 time=7.522
After sweep 15 energy=-6.556346809017199  maxlinkdim=260 maxerr=9.99E-11 time=8.233
After sweep 16 energy=-6.556903077197083  maxlinkdim=163 maxerr=9.99E-11 time=8.378
After sweep 17 energy=-6.557267479672806  maxlinkdim=258 maxerr=1.00E-10 time=8.410
After sweep 18 energy=-6.557539762070886  maxlinkdim=247 maxerr=1.00E-10 time=9.384
After sweep 19 energy=-6.557628597014934  maxlinkdim=188 maxerr=9.99E-11 time=9.756
After sweep 20 energy=-6.557704801988113  maxlinkdim=271 maxerr=9.99E-11 time=9.946
n_target < n1 and n_target < n0 triggered
n0: 0.5653315505953024; n1: 0.5097577754066304; mu1: -2.645
After sweep 1 energy=-2.717965830650233  maxlinkdim=16 maxerr=8.51E-11 time=0.836
After sweep 2 energy=-3.7921223265175286  maxlinkdim=103 maxerr=9.99E-11 time=3.331
After sweep 3 energy=-3.8859604519474256  maxlinkdim=139 maxerr=1.00E-10 time=5.162
After sweep 4 energy=-3.943147774024651  maxlinkdim=122 maxerr=1.00E-10 time=5.587
After sweep 5 energy=-3.9823328387580816  maxlinkdim=113 maxerr=9.99E-11 time=5.253
After sweep 6 energy=-4.016438904185998  maxlinkdim=107 maxerr=9.99E-11 time=5.169
After sweep 7 energy=-4.0623178326148865  maxlinkdim=130 maxerr=9.99E-11 time=5.450
After sweep 8 energy=-4.094976475895847  maxlinkdim=118 maxerr=9.99E-11 time=5.927
After sweep 9 energy=-4.116208274009564  maxlinkdim=107 maxerr=9.99E-11 time=5.779
After sweep 10 energy=-4.130486185594771  maxlinkdim=110 maxerr=9.96E-11 time=5.647
After sweep 11 energy=-4.141609671954203  maxlinkdim=111 maxerr=9.98E-11 time=5.340
After sweep 12 energy=-4.1507081419920455  maxlinkdim=144 maxerr=1.00E-10 time=5.367
After sweep 13 energy=-4.157896873945872  maxlinkdim=122 maxerr=9.99E-11 time=5.838
After sweep 14 energy=-4.160670817553154  maxlinkdim=112 maxerr=9.99E-11 time=5.544
After sweep 15 energy=-4.162763108607988  maxlinkdim=103 maxerr=9.96E-11 time=5.289
After sweep 16 energy=-4.165176776315269  maxlinkdim=208 maxerr=9.98E-11 time=5.584
After sweep 17 energy=-4.166765310232376  maxlinkdim=179 maxerr=1.00E-10 time=6.097
After sweep 18 energy=-4.167599896880012  maxlinkdim=208 maxerr=1.00E-10 time=6.529
After sweep 19 energy=-4.167930837167342  maxlinkdim=213 maxerr=9.99E-11 time=6.989
After sweep 20 energy=-4.16807970553285  maxlinkdim=197 maxerr=1.00E-10 time=7.283
n_target < n1 and n_target < n0 triggered
n0: 0.5097577754066304; n1: 0.4446327191510941; mu1: -2.695
Trying secant step...
After sweep 1 energy=-4.8354031377149145  maxlinkdim=16 maxerr=7.53E-11 time=0.866
After sweep 2 energy=-5.904485643637753  maxlinkdim=103 maxerr=9.99E-11 time=3.315
After sweep 3 energy=-5.992752516500032  maxlinkdim=117 maxerr=1.00E-10 time=5.104
After sweep 4 energy=-6.040634721576761  maxlinkdim=117 maxerr=1.00E-10 time=5.376
After sweep 5 energy=-6.072830043191369  maxlinkdim=112 maxerr=9.98E-11 time=5.432
After sweep 6 energy=-6.098445988637328  maxlinkdim=118 maxerr=1.00E-10 time=5.326
After sweep 7 energy=-6.125203740960534  maxlinkdim=165 maxerr=1.00E-10 time=6.095
After sweep 8 energy=-6.141813047123508  maxlinkdim=115 maxerr=9.99E-11 time=6.200
After sweep 9 energy=-6.150486142574251  maxlinkdim=110 maxerr=9.99E-11 time=5.900
After sweep 10 energy=-6.157600725880661  maxlinkdim=112 maxerr=1.00E-10 time=5.706
After sweep 11 energy=-6.163395636261356  maxlinkdim=125 maxerr=1.00E-10 time=5.639
After sweep 12 energy=-6.168823383484159  maxlinkdim=132 maxerr=1.00E-10 time=5.991
After sweep 13 energy=-6.174256678968275  maxlinkdim=165 maxerr=1.00E-10 time=7.051
After sweep 14 energy=-6.176278594423775  maxlinkdim=150 maxerr=1.00E-10 time=7.309
After sweep 15 energy=-6.177255236271717  maxlinkdim=138 maxerr=9.99E-11 time=7.011
After sweep 16 energy=-6.177954945002179  maxlinkdim=142 maxerr=1.00E-10 time=6.998
After sweep 17 energy=-6.17856234293109  maxlinkdim=200 maxerr=9.99E-11 time=7.694
After sweep 18 energy=-6.178944464746206  maxlinkdim=216 maxerr=1.00E-10 time=8.860
After sweep 19 energy=-6.179034568719503  maxlinkdim=206 maxerr=9.99E-11 time=9.695
After sweep 20 energy=-6.179070373772012  maxlinkdim=197 maxerr=1.00E-10 time=10.324
Trying secant step...
After sweep 1 energy=-4.8101257912191295  maxlinkdim=16 maxerr=7.55E-11 time=0.931
After sweep 2 energy=-5.879653642665909  maxlinkdim=103 maxerr=9.99E-11 time=3.351
After sweep 3 energy=-5.9682412544513035  maxlinkdim=117 maxerr=1.00E-10 time=5.105
After sweep 4 energy=-6.0151488709526735  maxlinkdim=112 maxerr=1.00E-10 time=5.351
After sweep 5 energy=-6.047414619878827  maxlinkdim=105 maxerr=1.00E-10 time=5.321
After sweep 6 energy=-6.074397673784409  maxlinkdim=155 maxerr=1.00E-10 time=5.369
After sweep 7 energy=-6.098042600702276  maxlinkdim=173 maxerr=1.00E-10 time=5.898
After sweep 8 energy=-6.115469923376743  maxlinkdim=187 maxerr=1.00E-10 time=6.412
After sweep 9 energy=-6.126340364682253  maxlinkdim=182 maxerr=9.99E-11 time=6.641
After sweep 10 energy=-6.135482639696913  maxlinkdim=235 maxerr=9.98E-11 time=6.577
After sweep 11 energy=-6.14068875853427  maxlinkdim=241 maxerr=9.99E-11 time=6.481
After sweep 12 energy=-6.144267922305779  maxlinkdim=157 maxerr=9.99E-11 time=6.312
After sweep 13 energy=-6.147056682183533  maxlinkdim=238 maxerr=9.99E-11 time=6.380
After sweep 14 energy=-6.149498657167921  maxlinkdim=246 maxerr=1.00E-10 time=6.752
After sweep 15 energy=-6.151952415328847  maxlinkdim=207 maxerr=9.99E-11 time=8.062
After sweep 16 energy=-6.1527283458654285  maxlinkdim=169 maxerr=9.99E-11 time=8.117
After sweep 17 energy=-6.153128095090684  maxlinkdim=229 maxerr=9.99E-11 time=8.075
After sweep 18 energy=-6.153461232256115  maxlinkdim=248 maxerr=9.99E-11 time=8.632
After sweep 19 energy=-6.153642258639199  maxlinkdim=258 maxerr=1.00E-10 time=9.238
After sweep 20 energy=-6.153699769384397  maxlinkdim=245 maxerr=1.00E-10 time=10.383
Trying secant step...
After sweep 1 energy=-4.8028712674922645  maxlinkdim=16 maxerr=7.55E-11 time=1.040
After sweep 2 energy=-5.87243378557294  maxlinkdim=103 maxerr=9.98E-11 time=3.353
After sweep 3 energy=-5.960988361048184  maxlinkdim=117 maxerr=1.00E-10 time=5.099
After sweep 4 energy=-6.008098396128774  maxlinkdim=117 maxerr=1.00E-10 time=5.369
After sweep 5 energy=-6.040206111192656  maxlinkdim=104 maxerr=9.98E-11 time=5.361
After sweep 6 energy=-6.066346343791735  maxlinkdim=137 maxerr=9.99E-11 time=5.344
After sweep 7 energy=-6.0895448543695085  maxlinkdim=128 maxerr=1.00E-10 time=5.752
After sweep 8 energy=-6.108186884001885  maxlinkdim=208 maxerr=9.99E-11 time=6.251
After sweep 9 energy=-6.118767748113516  maxlinkdim=186 maxerr=1.00E-10 time=6.300
After sweep 10 energy=-6.126060549457194  maxlinkdim=170 maxerr=9.99E-11 time=6.165
After sweep 11 energy=-6.133558751688056  maxlinkdim=204 maxerr=1.00E-10 time=6.596
After sweep 12 energy=-6.1377544896824485  maxlinkdim=195 maxerr=1.00E-10 time=6.819
After sweep 13 energy=-6.140736246546699  maxlinkdim=141 maxerr=9.99E-11 time=6.777
After sweep 14 energy=-6.142694058491993  maxlinkdim=143 maxerr=9.99E-11 time=6.715
After sweep 15 energy=-6.143827146892446  maxlinkdim=163 maxerr=9.99E-11 time=6.623
After sweep 16 energy=-6.144633998400094  maxlinkdim=226 maxerr=9.98E-11 time=6.487
After sweep 17 energy=-6.145331800745691  maxlinkdim=204 maxerr=9.99E-11 time=6.948
After sweep 18 energy=-6.146030687047434  maxlinkdim=245 maxerr=9.99E-11 time=8.161
After sweep 19 energy=-6.146277733713992  maxlinkdim=245 maxerr=1.00E-10 time=9.149
After sweep 20 energy=-6.146391898897367  maxlinkdim=258 maxerr=1.00E-10 time=9.481
Trying secant step...
After sweep 1 energy=-4.8068472446682335  maxlinkdim=16 maxerr=7.55E-11 time=0.878
After sweep 2 energy=-5.876365676471196  maxlinkdim=103 maxerr=9.99E-11 time=3.320
After sweep 3 energy=-5.964918898813503  maxlinkdim=117 maxerr=1.00E-10 time=5.329
After sweep 4 energy=-6.011536037737193  maxlinkdim=115 maxerr=9.98E-11 time=5.304
After sweep 5 energy=-6.043603907294321  maxlinkdim=103 maxerr=1.00E-10 time=5.319
After sweep 6 energy=-6.069690038147748  maxlinkdim=160 maxerr=1.00E-10 time=5.257
After sweep 7 energy=-6.091510797790584  maxlinkdim=123 maxerr=9.97E-11 time=5.638
After sweep 8 energy=-6.112140603240242  maxlinkdim=143 maxerr=9.99E-11 time=6.084
After sweep 9 energy=-6.123969177454013  maxlinkdim=127 maxerr=9.98E-11 time=6.204
After sweep 10 energy=-6.131847690233142  maxlinkdim=118 maxerr=9.98E-11 time=6.112
After sweep 11 energy=-6.139616169104118  maxlinkdim=181 maxerr=1.00E-10 time=6.503
After sweep 12 energy=-6.145430822527815  maxlinkdim=162 maxerr=1.00E-10 time=7.632
After sweep 13 energy=-6.148072560777701  maxlinkdim=168 maxerr=1.00E-10 time=7.830
After sweep 14 energy=-6.149338887089518  maxlinkdim=239 maxerr=1.00E-10 time=7.975
After sweep 15 energy=-6.149756583865316  maxlinkdim=182 maxerr=9.99E-11 time=7.997
After sweep 16 energy=-6.149967525310486  maxlinkdim=179 maxerr=9.99E-11 time=7.684
After sweep 17 energy=-6.150210589614324  maxlinkdim=195 maxerr=9.99E-11 time=7.806
After sweep 18 energy=-6.150345926055728  maxlinkdim=266 maxerr=1.00E-10 time=9.007
After sweep 19 energy=-6.150385254465092  maxlinkdim=230 maxerr=9.99E-11 time=9.775
After sweep 20 energy=-6.150421005298358  maxlinkdim=240 maxerr=1.00E-10 time=10.562
Trying secant step...
After sweep 1 energy=-4.806211884722926  maxlinkdim=16 maxerr=7.55E-11 time=1.097
After sweep 2 energy=-5.875735088879691  maxlinkdim=103 maxerr=1.00E-10 time=3.503
After sweep 3 energy=-5.964292363625352  maxlinkdim=117 maxerr=1.00E-10 time=5.071
After sweep 4 energy=-6.010960889810913  maxlinkdim=115 maxerr=9.98E-11 time=5.303
After sweep 5 energy=-6.04297685285025  maxlinkdim=104 maxerr=9.99E-11 time=5.282
After sweep 6 energy=-6.0689133353276  maxlinkdim=159 maxerr=1.00E-10 time=5.285
After sweep 7 energy=-6.091882444037852  maxlinkdim=121 maxerr=9.99E-11 time=5.694
After sweep 8 energy=-6.110934127817603  maxlinkdim=133 maxerr=9.99E-11 time=6.111
After sweep 9 energy=-6.122478901691768  maxlinkdim=176 maxerr=9.99E-11 time=6.187
After sweep 10 energy=-6.13097080427393  maxlinkdim=127 maxerr=9.98E-11 time=6.202
After sweep 11 energy=-6.137256800850827  maxlinkdim=142 maxerr=9.99E-11 time=6.426
After sweep 12 energy=-6.143107790854671  maxlinkdim=242 maxerr=9.99E-11 time=7.251
After sweep 13 energy=-6.145743046651035  maxlinkdim=214 maxerr=1.00E-10 time=7.368
After sweep 14 energy=-6.147226752731992  maxlinkdim=190 maxerr=9.99E-11 time=7.366
After sweep 15 energy=-6.148072550860227  maxlinkdim=207 maxerr=9.98E-11 time=7.305
After sweep 16 energy=-6.148790853719685  maxlinkdim=231 maxerr=9.99E-11 time=7.545
After sweep 17 energy=-6.1495211818261994  maxlinkdim=190 maxerr=9.99E-11 time=8.805
After sweep 18 energy=-6.149712698680236  maxlinkdim=226 maxerr=1.00E-10 time=9.902
After sweep 19 energy=-6.149769779397936  maxlinkdim=265 maxerr=1.00E-10 time=10.126
After sweep 20 energy=-6.1497871794393655  maxlinkdim=235 maxerr=1.00E-10 time=11.069
Trying secant step...
After sweep 1 energy=-4.809815273055262  maxlinkdim=16 maxerr=7.55E-11 time=0.896
After sweep 2 energy=-5.879345178710972  maxlinkdim=103 maxerr=1.00E-10 time=3.317
After sweep 3 energy=-5.967933529232716  maxlinkdim=117 maxerr=1.00E-10 time=5.059
After sweep 4 energy=-6.014408514121876  maxlinkdim=110 maxerr=1.00E-10 time=5.296
After sweep 5 energy=-6.04682248679644  maxlinkdim=104 maxerr=9.99E-11 time=5.266
After sweep 6 energy=-6.073767623725464  maxlinkdim=165 maxerr=1.00E-10 time=5.510
After sweep 7 energy=-6.099962199202383  maxlinkdim=135 maxerr=1.00E-10 time=5.852
After sweep 8 energy=-6.115912670489351  maxlinkdim=118 maxerr=1.00E-10 time=6.181
After sweep 9 energy=-6.126084843591181  maxlinkdim=164 maxerr=1.00E-10 time=6.019
After sweep 10 energy=-6.133458994343625  maxlinkdim=134 maxerr=1.00E-10 time=5.998
After sweep 11 energy=-6.139135979941913  maxlinkdim=150 maxerr=1.00E-10 time=6.038
After sweep 12 energy=-6.143512608283455  maxlinkdim=229 maxerr=9.99E-11 time=6.233
After sweep 13 energy=-6.147324375170056  maxlinkdim=239 maxerr=9.99E-11 time=6.871
After sweep 14 energy=-6.14956481795937  maxlinkdim=213 maxerr=9.98E-11 time=7.261
After sweep 15 energy=-6.150847822988451  maxlinkdim=232 maxerr=9.99E-11 time=7.417
After sweep 16 energy=-6.151658816748837  maxlinkdim=172 maxerr=9.99E-11 time=7.495
After sweep 17 energy=-6.152385021742437  maxlinkdim=177 maxerr=1.00E-10 time=7.448
After sweep 18 energy=-6.153029797786521  maxlinkdim=202 maxerr=9.99E-11 time=8.447
After sweep 19 energy=-6.1532766868653  maxlinkdim=212 maxerr=9.99E-11 time=9.244
After sweep 20 energy=-6.153378553920729  maxlinkdim=212 maxerr=1.00E-10 time=10.174
Trying secant step...
After sweep 1 energy=-4.8224052008796665  maxlinkdim=16 maxerr=7.54E-11 time=0.906
After sweep 2 energy=-5.891849084031131  maxlinkdim=103 maxerr=9.99E-11 time=3.327
After sweep 3 energy=-5.980621102537196  maxlinkdim=117 maxerr=1.00E-10 time=5.076
After sweep 4 energy=-6.028877533584911  maxlinkdim=118 maxerr=1.00E-10 time=5.339
After sweep 5 energy=-6.062241549203348  maxlinkdim=109 maxerr=1.00E-10 time=5.647
After sweep 6 energy=-6.088444019100939  maxlinkdim=165 maxerr=9.99E-11 time=5.365
After sweep 7 energy=-6.111102784136417  maxlinkdim=191 maxerr=1.00E-10 time=5.788
After sweep 8 energy=-6.131123909039234  maxlinkdim=233 maxerr=1.00E-10 time=6.334
After sweep 9 energy=-6.140876495686032  maxlinkdim=187 maxerr=1.00E-10 time=6.473
After sweep 10 energy=-6.148319726326679  maxlinkdim=223 maxerr=9.99E-11 time=6.491
After sweep 11 energy=-6.1562281911676235  maxlinkdim=227 maxerr=1.00E-10 time=7.113
After sweep 12 energy=-6.160256182515289  maxlinkdim=172 maxerr=1.00E-10 time=7.415
After sweep 13 energy=-6.162769886984909  maxlinkdim=221 maxerr=9.98E-11 time=7.379
After sweep 14 energy=-6.1638990744362125  maxlinkdim=228 maxerr=9.99E-11 time=7.427
After sweep 15 energy=-6.164754110460247  maxlinkdim=250 maxerr=1.00E-10 time=7.760
After sweep 16 energy=-6.165461754761696  maxlinkdim=216 maxerr=1.00E-10 time=7.905
After sweep 17 energy=-6.1658521364559515  maxlinkdim=201 maxerr=1.00E-10 time=9.046
After sweep 18 energy=-6.165971581722135  maxlinkdim=198 maxerr=9.99E-11 time=9.407
After sweep 19 energy=-6.166018977549021  maxlinkdim=268 maxerr=1.00E-10 time=9.716
After sweep 20 energy=-6.166032218480864  maxlinkdim=221 maxerr=1.00E-10 time=11.313
Trying secant step...
After sweep 1 energy=-4.8088997316806665  maxlinkdim=16 maxerr=7.55E-11 time=1.170
After sweep 2 energy=-5.878380823794159  maxlinkdim=103 maxerr=9.99E-11 time=3.522
After sweep 3 energy=-5.966951459699179  maxlinkdim=117 maxerr=1.00E-10 time=5.047
After sweep 4 energy=-6.0137496339553635  maxlinkdim=115 maxerr=9.99E-11 time=5.287
After sweep 5 energy=-6.047211248474101  maxlinkdim=105 maxerr=9.99E-11 time=5.299
After sweep 6 energy=-6.073623819358818  maxlinkdim=163 maxerr=1.00E-10 time=5.321
After sweep 7 energy=-6.096616025779487  maxlinkdim=149 maxerr=9.99E-11 time=5.799
After sweep 8 energy=-6.114962891456884  maxlinkdim=149 maxerr=9.97E-11 time=6.257
After sweep 9 energy=-6.124733727526806  maxlinkdim=211 maxerr=9.99E-11 time=6.176
After sweep 10 energy=-6.132260125004551  maxlinkdim=241 maxerr=1.00E-10 time=6.205
After sweep 11 energy=-6.138088035573202  maxlinkdim=197 maxerr=1.00E-10 time=6.287
After sweep 12 energy=-6.142705842695884  maxlinkdim=205 maxerr=9.98E-11 time=6.626
After sweep 13 energy=-6.14598744216607  maxlinkdim=189 maxerr=9.99E-11 time=6.868
After sweep 14 energy=-6.148468651597671  maxlinkdim=211 maxerr=1.00E-10 time=7.344
After sweep 15 energy=-6.149934476773809  maxlinkdim=178 maxerr=1.00E-10 time=7.645
After sweep 16 energy=-6.151137470181101  maxlinkdim=253 maxerr=1.00E-10 time=7.796
After sweep 17 energy=-6.152004032006439  maxlinkdim=205 maxerr=1.00E-10 time=8.584
After sweep 18 energy=-6.152268248470483  maxlinkdim=172 maxerr=1.00E-10 time=9.089
After sweep 19 energy=-6.152371436351413  maxlinkdim=217 maxerr=1.00E-10 time=9.110
After sweep 20 energy=-6.1524315572607415  maxlinkdim=245 maxerr=9.99E-11 time=9.669
Trying secant step...
After sweep 1 energy=-4.808297026597186  maxlinkdim=16 maxerr=7.55E-11 time=0.955
After sweep 2 energy=-5.8778046371362995  maxlinkdim=103 maxerr=9.99E-11 time=3.387
After sweep 3 energy=-5.9663340308568165  maxlinkdim=117 maxerr=1.00E-10 time=5.052
After sweep 4 energy=-6.013027681310097  maxlinkdim=115 maxerr=1.00E-10 time=5.300
After sweep 5 energy=-6.044870975485923  maxlinkdim=103 maxerr=9.99E-11 time=5.514
After sweep 6 energy=-6.070677706496112  maxlinkdim=158 maxerr=1.00E-10 time=5.198
After sweep 7 energy=-6.093261339808769  maxlinkdim=117 maxerr=9.99E-11 time=5.596
After sweep 8 energy=-6.1159257110523155  maxlinkdim=157 maxerr=9.97E-11 time=6.063
After sweep 9 energy=-6.1264532484774685  maxlinkdim=122 maxerr=1.00E-10 time=6.210
After sweep 10 energy=-6.133887656622176  maxlinkdim=140 maxerr=9.98E-11 time=5.928
After sweep 11 energy=-6.1394120332562485  maxlinkdim=157 maxerr=9.99E-11 time=6.001
After sweep 12 energy=-6.143659938996274  maxlinkdim=125 maxerr=1.00E-10 time=6.281
After sweep 13 energy=-6.147305014866859  maxlinkdim=193 maxerr=1.00E-10 time=6.767
After sweep 14 energy=-6.149142034074911  maxlinkdim=187 maxerr=1.00E-10 time=7.298
After sweep 15 energy=-6.150339564965617  maxlinkdim=212 maxerr=9.98E-11 time=7.326
After sweep 16 energy=-6.151211298286617  maxlinkdim=203 maxerr=1.00E-10 time=7.929
After sweep 17 energy=-6.151605791240065  maxlinkdim=223 maxerr=1.00E-10 time=8.693
After sweep 18 energy=-6.151789772667414  maxlinkdim=205 maxerr=1.00E-10 time=9.072
After sweep 19 energy=-6.151847694831669  maxlinkdim=187 maxerr=9.99E-11 time=9.615
After sweep 20 energy=-6.151869550822752  maxlinkdim=215 maxerr=1.00E-10 time=10.014
Trying secant step...
After sweep 1 energy=-4.809664386100551  maxlinkdim=16 maxerr=7.55E-11 time=0.955
After sweep 2 energy=-5.879163743775342  maxlinkdim=103 maxerr=9.99E-11 time=3.399
After sweep 3 energy=-5.967744311141039  maxlinkdim=117 maxerr=9.99E-11 time=5.046
After sweep 4 energy=-6.014647373259537  maxlinkdim=114 maxerr=1.00E-10 time=5.290
After sweep 5 energy=-6.04814037259302  maxlinkdim=112 maxerr=9.99E-11 time=5.274
After sweep 6 energy=-6.076810994136457  maxlinkdim=163 maxerr=1.00E-10 time=5.420
After sweep 7 energy=-6.098208005889708  maxlinkdim=192 maxerr=9.99E-11 time=5.968
After sweep 8 energy=-6.117255355104769  maxlinkdim=163 maxerr=1.00E-10 time=6.259
After sweep 9 energy=-6.127075183453998  maxlinkdim=152 maxerr=9.98E-11 time=6.595
After sweep 10 energy=-6.133689251303534  maxlinkdim=151 maxerr=9.99E-11 time=5.894
After sweep 11 energy=-6.139275289178563  maxlinkdim=177 maxerr=9.98E-11 time=5.874
After sweep 12 energy=-6.142971182055173  maxlinkdim=134 maxerr=1.00E-10 time=5.911
After sweep 13 energy=-6.146247800119546  maxlinkdim=140 maxerr=9.97E-11 time=6.087
After sweep 14 energy=-6.148452174917865  maxlinkdim=222 maxerr=1.00E-10 time=6.344
After sweep 15 energy=-6.150208736667357  maxlinkdim=210 maxerr=9.99E-11 time=6.813
After sweep 16 energy=-6.152379737262764  maxlinkdim=201 maxerr=1.00E-10 time=7.947
After sweep 17 energy=-6.152939879210792  maxlinkdim=230 maxerr=1.00E-10 time=9.071
After sweep 18 energy=-6.153107066691926  maxlinkdim=214 maxerr=9.99E-11 time=9.349
After sweep 19 energy=-6.1532011420450194  maxlinkdim=231 maxerr=1.00E-10 time=9.808
After sweep 20 energy=-6.1532382955646385  maxlinkdim=241 maxerr=9.99E-11 time=10.626
Trying secant step...
After sweep 1 energy=-4.8074144340173435  maxlinkdim=16 maxerr=7.55E-11 time=0.915
After sweep 2 energy=-5.876928596614816  maxlinkdim=103 maxerr=9.99E-11 time=3.355
After sweep 3 energy=-5.965472788055052  maxlinkdim=117 maxerr=1.00E-10 time=5.026
After sweep 4 energy=-6.012085065807396  maxlinkdim=115 maxerr=9.99E-11 time=5.244
After sweep 5 energy=-6.044224711404801  maxlinkdim=104 maxerr=9.99E-11 time=5.226
After sweep 6 energy=-6.070297689151599  maxlinkdim=158 maxerr=1.00E-10 time=5.236
After sweep 7 energy=-6.0944853318536545  maxlinkdim=145 maxerr=9.99E-11 time=5.669
After sweep 8 energy=-6.113722400405109  maxlinkdim=143 maxerr=1.00E-10 time=6.185
After sweep 9 energy=-6.124483710785778  maxlinkdim=134 maxerr=9.99E-11 time=6.155
After sweep 10 energy=-6.131177853904766  maxlinkdim=113 maxerr=9.98E-11 time=5.962
After sweep 11 energy=-6.136873374153516  maxlinkdim=218 maxerr=1.00E-10 time=5.945
After sweep 12 energy=-6.14174772710029  maxlinkdim=209 maxerr=9.98E-11 time=6.310
After sweep 13 energy=-6.146551225806081  maxlinkdim=222 maxerr=1.00E-10 time=7.138
After sweep 14 energy=-6.148813805049857  maxlinkdim=245 maxerr=1.00E-10 time=7.866
After sweep 15 energy=-6.149780631675671  maxlinkdim=221 maxerr=1.00E-10 time=8.266
After sweep 16 energy=-6.150291844498985  maxlinkdim=177 maxerr=1.00E-10 time=7.787
After sweep 17 energy=-6.150589581450917  maxlinkdim=243 maxerr=1.00E-10 time=7.856
After sweep 18 energy=-6.150820877487089  maxlinkdim=226 maxerr=9.99E-11 time=8.677
After sweep 19 energy=-6.150909845055149  maxlinkdim=195 maxerr=1.00E-10 time=9.272
After sweep 20 energy=-6.150964666129842  maxlinkdim=186 maxerr=1.00E-10 time=9.755
Trying secant step...
After sweep 1 energy=-4.807241732815798  maxlinkdim=16 maxerr=7.55E-11 time=0.953
After sweep 2 energy=-5.876757202997437  maxlinkdim=103 maxerr=9.99E-11 time=3.385
After sweep 3 energy=-5.965304161202019  maxlinkdim=117 maxerr=1.00E-10 time=5.047
After sweep 4 energy=-6.011920754302814  maxlinkdim=115 maxerr=1.00E-10 time=5.246
After sweep 5 energy=-6.044062423713571  maxlinkdim=104 maxerr=1.00E-10 time=5.264
After sweep 6 energy=-6.070153631228206  maxlinkdim=158 maxerr=9.99E-11 time=5.221
After sweep 7 energy=-6.094087907660603  maxlinkdim=134 maxerr=9.98E-11 time=5.681
After sweep 8 energy=-6.115168388935664  maxlinkdim=148 maxerr=1.00E-10 time=6.225
After sweep 9 energy=-6.125629643094993  maxlinkdim=122 maxerr=1.00E-10 time=6.462
After sweep 10 energy=-6.132176682799198  maxlinkdim=113 maxerr=9.99E-11 time=5.789
After sweep 11 energy=-6.138092990932481  maxlinkdim=153 maxerr=9.99E-11 time=5.846
After sweep 12 energy=-6.144181330728395  maxlinkdim=191 maxerr=9.99E-11 time=6.696
After sweep 13 energy=-6.14647023888326  maxlinkdim=141 maxerr=1.00E-10 time=7.023
After sweep 14 energy=-6.148239960785341  maxlinkdim=164 maxerr=1.00E-10 time=6.942
After sweep 15 energy=-6.149139098505368  maxlinkdim=218 maxerr=1.00E-10 time=6.937
After sweep 16 energy=-6.149772056769038  maxlinkdim=146 maxerr=9.99E-11 time=7.142
After sweep 17 energy=-6.150418275323824  maxlinkdim=238 maxerr=1.00E-10 time=7.746
After sweep 18 energy=-6.150662514841437  maxlinkdim=244 maxerr=1.00E-10 time=9.007
After sweep 19 energy=-6.150750555774251  maxlinkdim=237 maxerr=1.00E-10 time=9.285
After sweep 20 energy=-6.150797507675626  maxlinkdim=284 maxerr=1.00E-10 time=9.967
FOUND MU (secant); mu: -2.6530561945336553  n: 0.5000032736367995
Target density achieved with mu=-2.6530561945336553, n=0.5000032736367995
Checking {alpha,beta} vs measured
NOT CONVERGED; updating alpha, beta and continuing...
After sweep 1 energy=-4.68654269301081  maxlinkdim=16 maxerr=6.44E-11 time=1.142
After sweep 2 energy=-5.795353285443392  maxlinkdim=99 maxerr=9.98E-11 time=4.511
After sweep 3 energy=-5.8852077206311275  maxlinkdim=117 maxerr=1.00E-10 time=7.711
After sweep 4 energy=-5.931703176806008  maxlinkdim=127 maxerr=1.00E-10 time=8.815
After sweep 5 energy=-5.9591811497416405  maxlinkdim=128 maxerr=9.99E-11 time=9.146
After sweep 6 energy=-5.979131104035263  maxlinkdim=146 maxerr=1.00E-10 time=8.977
After sweep 7 energy=-5.995787436256178  maxlinkdim=138 maxerr=9.98E-11 time=9.500
After sweep 8 energy=-6.007202012271117  maxlinkdim=207 maxerr=1.00E-10 time=10.335
After sweep 9 energy=-6.013330070906023  maxlinkdim=176 maxerr=1.00E-10 time=10.689
After sweep 10 energy=-6.018336624906273  maxlinkdim=218 maxerr=9.99E-11 time=11.000
After sweep 11 energy=-6.024171111376908  maxlinkdim=200 maxerr=1.00E-10 time=12.833
After sweep 12 energy=-6.027427028811784  maxlinkdim=157 maxerr=1.00E-10 time=13.236
After sweep 13 energy=-6.030581838466457  maxlinkdim=230 maxerr=1.00E-10 time=14.000
After sweep 14 energy=-6.032902245112664  maxlinkdim=300 maxerr=2.77E-10 time=15.760
After sweep 15 energy=-6.034116362127442  maxlinkdim=300 maxerr=3.00E-10 time=17.047
After sweep 16 energy=-6.034920524752012  maxlinkdim=300 maxerr=4.94E-10 time=16.652
After sweep 17 energy=-6.035553343409997  maxlinkdim=278 maxerr=1.00E-10 time=17.427
After sweep 18 energy=-6.036110065340939  maxlinkdim=300 maxerr=2.01E-10 time=18.888
After sweep 19 energy=-6.036703432945877  maxlinkdim=300 maxerr=1.97E-10 time=22.254
After sweep 20 energy=-6.036977574002189  maxlinkdim=300 maxerr=3.10E-09 time=26.009
Not same mu, searching again
After sweep 1 energy=-7.184271716248479  maxlinkdim=16 maxerr=6.46E-11 time=1.151
After sweep 2 energy=-8.292508197399505  maxlinkdim=98 maxerr=1.00E-10 time=4.498
After sweep 3 energy=-8.383153598001751  maxlinkdim=112 maxerr=1.00E-10 time=7.362
After sweep 4 energy=-8.432413307269128  maxlinkdim=146 maxerr=9.99E-11 time=8.460
After sweep 5 energy=-8.460962940473877  maxlinkdim=139 maxerr=9.98E-11 time=9.049
After sweep 6 energy=-8.480140455067051  maxlinkdim=149 maxerr=9.99E-11 time=9.037
After sweep 7 energy=-8.495048949111721  maxlinkdim=180 maxerr=1.00E-10 time=9.092
After sweep 8 energy=-8.508364666451405  maxlinkdim=191 maxerr=9.99E-11 time=10.303
After sweep 9 energy=-8.521026252270257  maxlinkdim=300 maxerr=2.25E-10 time=10.824
After sweep 10 energy=-8.53666188180362  maxlinkdim=198 maxerr=9.99E-11 time=11.661
After sweep 11 energy=-8.554142720776625  maxlinkdim=248 maxerr=9.99E-11 time=12.100
After sweep 12 energy=-8.586710059522586  maxlinkdim=300 maxerr=2.47E-09 time=12.818
After sweep 13 energy=-8.607795477367711  maxlinkdim=214 maxerr=9.99E-11 time=13.264
After sweep 14 energy=-8.63404576897457  maxlinkdim=300 maxerr=1.08E-09 time=14.365
After sweep 15 energy=-8.64948787918936  maxlinkdim=253 maxerr=1.00E-10 time=14.777
After sweep 16 energy=-8.662920406679833  maxlinkdim=203 maxerr=9.99E-11 time=14.767
After sweep 17 energy=-8.670470033906307  maxlinkdim=300 maxerr=1.62E-10 time=15.924
After sweep 18 energy=-8.674361156752022  maxlinkdim=300 maxerr=3.18E-10 time=16.223
After sweep 19 energy=-8.677650644454012  maxlinkdim=255 maxerr=1.00E-10 time=16.022
After sweep 20 energy=-8.679829826570588  maxlinkdim=299 maxerr=1.24E-09 time=16.584
After sweep 1 energy=-4.68654269301081  maxlinkdim=16 maxerr=6.44E-11 time=1.167
After sweep 2 energy=-5.795353285443392  maxlinkdim=99 maxerr=9.98E-11 time=4.535
After sweep 3 energy=-5.8852077206311275  maxlinkdim=117 maxerr=1.00E-10 time=7.458
After sweep 4 energy=-5.931703176806008  maxlinkdim=127 maxerr=1.00E-10 time=8.466
After sweep 5 energy=-5.9591811497416405  maxlinkdim=128 maxerr=9.99E-11 time=8.787
After sweep 6 energy=-5.979131104035263  maxlinkdim=146 maxerr=1.00E-10 time=8.921
After sweep 7 energy=-5.995787436256178  maxlinkdim=138 maxerr=9.98E-11 time=9.249
After sweep 8 energy=-6.007202012271117  maxlinkdim=207 maxerr=1.00E-10 time=9.971
After sweep 9 energy=-6.013330070906023  maxlinkdim=176 maxerr=1.00E-10 time=10.275
After sweep 10 energy=-6.018336624906273  maxlinkdim=218 maxerr=9.99E-11 time=10.514
After sweep 11 energy=-6.024171111376908  maxlinkdim=200 maxerr=1.00E-10 time=11.854
After sweep 12 energy=-6.027427028811784  maxlinkdim=157 maxerr=1.00E-10 time=12.692
After sweep 13 energy=-6.030581838466457  maxlinkdim=230 maxerr=1.00E-10 time=13.409
After sweep 14 energy=-6.032902245112664  maxlinkdim=300 maxerr=2.77E-10 time=15.510
After sweep 15 energy=-6.034116362127442  maxlinkdim=300 maxerr=3.00E-10 time=16.330
After sweep 16 energy=-6.034920524752012  maxlinkdim=300 maxerr=4.94E-10 time=16.500
After sweep 17 energy=-6.035553343409997  maxlinkdim=278 maxerr=1.00E-10 time=17.636
After sweep 18 energy=-6.036110065340939  maxlinkdim=300 maxerr=2.01E-10 time=18.902
After sweep 19 energy=-6.036703432945877  maxlinkdim=300 maxerr=1.97E-10 time=21.834
After sweep 20 energy=-6.036977574002189  maxlinkdim=300 maxerr=3.10E-09 time=25.835
n_target < n1 and n_target < n0 triggered
n0: 0.5497341322152561; n1: 0.5000054576324713; mu1: -2.6530561945336553
After sweep 1 energy=-2.198187093113304  maxlinkdim=16 maxerr=8.47E-11 time=1.159
After sweep 2 energy=-3.3015015216761876  maxlinkdim=100 maxerr=1.00E-10 time=4.586
After sweep 3 energy=-3.392343965908531  maxlinkdim=121 maxerr=1.00E-10 time=7.562
After sweep 4 energy=-3.4366598598269333  maxlinkdim=139 maxerr=1.00E-10 time=8.831
After sweep 5 energy=-3.4626594967479143  maxlinkdim=125 maxerr=9.99E-11 time=8.561
After sweep 6 energy=-3.486566173528639  maxlinkdim=194 maxerr=9.99E-11 time=8.588
After sweep 7 energy=-3.514915571014028  maxlinkdim=234 maxerr=9.98E-11 time=9.973
After sweep 8 energy=-3.55236079595984  maxlinkdim=168 maxerr=9.99E-11 time=10.561
After sweep 9 energy=-3.5758738829299355  maxlinkdim=224 maxerr=9.99E-11 time=9.904
After sweep 10 energy=-3.602858646784766  maxlinkdim=281 maxerr=9.98E-11 time=9.841
After sweep 11 energy=-3.625698635978403  maxlinkdim=246 maxerr=9.98E-11 time=10.529
After sweep 12 energy=-3.637831161024924  maxlinkdim=166 maxerr=1.00E-10 time=9.919
After sweep 13 energy=-3.647775429282743  maxlinkdim=134 maxerr=9.99E-11 time=9.051
After sweep 14 energy=-3.657384467682931  maxlinkdim=123 maxerr=9.99E-11 time=8.810
After sweep 15 energy=-3.668399394804497  maxlinkdim=126 maxerr=1.00E-10 time=8.926
After sweep 16 energy=-3.675654712112575  maxlinkdim=117 maxerr=9.99E-11 time=9.309
After sweep 17 energy=-3.6831427929276117  maxlinkdim=289 maxerr=9.98E-11 time=9.664
After sweep 18 energy=-3.6872602492310613  maxlinkdim=167 maxerr=9.99E-11 time=9.983
After sweep 19 energy=-3.6912215687925927  maxlinkdim=169 maxerr=1.00E-10 time=10.183
After sweep 20 energy=-3.6946493352531546  maxlinkdim=161 maxerr=1.00E-10 time=11.081
n_target < n1 and n_target < n0 triggered
n0: 0.5000054576324713; n1: 0.44216833779898884; mu1: -2.703056194533655
Trying secant step...
After sweep 1 energy=-4.686306555844478  maxlinkdim=16 maxerr=6.44E-11 time=1.158
After sweep 2 energy=-5.7951106921787625  maxlinkdim=99 maxerr=9.98E-11 time=4.608
After sweep 3 energy=-5.88497211828639  maxlinkdim=117 maxerr=9.99E-11 time=7.495
After sweep 4 energy=-5.931746596356493  maxlinkdim=128 maxerr=1.00E-10 time=8.487
After sweep 5 energy=-5.960405643519222  maxlinkdim=173 maxerr=9.98E-11 time=8.881
After sweep 6 energy=-5.979747457441197  maxlinkdim=144 maxerr=9.99E-11 time=9.123
After sweep 7 energy=-5.9977632182545335  maxlinkdim=166 maxerr=9.99E-11 time=9.622
After sweep 8 energy=-6.00792772722169  maxlinkdim=219 maxerr=1.00E-10 time=10.398
After sweep 9 energy=-6.014428242885304  maxlinkdim=266 maxerr=9.99E-11 time=10.271
After sweep 10 energy=-6.022724123480719  maxlinkdim=225 maxerr=9.98E-11 time=12.400
After sweep 11 energy=-6.026348960339099  maxlinkdim=264 maxerr=9.99E-11 time=13.528
After sweep 12 energy=-6.028272552030283  maxlinkdim=213 maxerr=1.00E-10 time=12.737
After sweep 13 energy=-6.030996762173434  maxlinkdim=255 maxerr=1.00E-10 time=13.933
After sweep 14 energy=-6.032968605017751  maxlinkdim=294 maxerr=1.00E-10 time=15.536
After sweep 15 energy=-6.034571520427642  maxlinkdim=260 maxerr=1.00E-10 time=17.330
After sweep 16 energy=-6.035443107593735  maxlinkdim=273 maxerr=1.00E-10 time=19.227
After sweep 17 energy=-6.036202615065449  maxlinkdim=300 maxerr=4.20E-10 time=19.311
After sweep 18 energy=-6.036506251372748  maxlinkdim=270 maxerr=6.88E-10 time=20.749
After sweep 19 energy=-6.036665268414835  maxlinkdim=286 maxerr=9.99E-11 time=21.233
After sweep 20 energy=-6.036792160362496  maxlinkdim=300 maxerr=7.55E-10 time=21.790
Trying secant step...
After sweep 1 energy=-4.692243403387636  maxlinkdim=16 maxerr=6.43E-11 time=1.136
After sweep 2 energy=-5.8009174567193735  maxlinkdim=99 maxerr=9.98E-11 time=4.569
After sweep 3 energy=-5.8914145718607065  maxlinkdim=117 maxerr=9.99E-11 time=7.365
After sweep 4 energy=-5.935580392684727  maxlinkdim=121 maxerr=1.00E-10 time=8.228
After sweep 5 energy=-5.961662461221997  maxlinkdim=120 maxerr=9.99E-11 time=8.215
After sweep 6 energy=-5.981414187183396  maxlinkdim=119 maxerr=1.00E-10 time=8.069
After sweep 7 energy=-6.002378675393771  maxlinkdim=126 maxerr=1.00E-10 time=9.574
After sweep 8 energy=-6.013190687156438  maxlinkdim=153 maxerr=1.00E-10 time=9.970
After sweep 9 energy=-6.020118585354313  maxlinkdim=146 maxerr=1.00E-10 time=9.869
After sweep 10 energy=-6.0278300194975785  maxlinkdim=179 maxerr=1.00E-10 time=11.435
After sweep 11 energy=-6.03232210204912  maxlinkdim=246 maxerr=1.00E-10 time=13.098
slurmstepd: error: *** STEP 45099672.0 ON nid006619 CANCELLED AT 2025-11-11T17:13:11 ***
slurmstepd: error: *** JOB 45099672 ON nid006619 CANCELLED AT 2025-11-11T17:13:11 ***
srun: Job step aborted: Waiting up to 32 seconds for job step to finish.
