Calculating pair binding energy for ladder
L=64, U=8.0, V=-0.6, t0=1.0, density=0.9375
============================================================
Pair binding energy for Hubbard ladder
L = 64 rungs, 128 sites
U = 8.0, V = -0.6, t = 1.0, t0 = 1.0, density = 0.9375
N_base = 120
============================================================

[1/3] Computing E(N-2=118)
  Initial state: 118 particles (59 up, 59 dn)
After sweep 1 energy=-149.15643659717313  maxlinkdim=20 maxerr=2.89E-04 time=49.157
After sweep 2 energy=-154.93360812928645  maxlinkdim=50 maxerr=1.40E-05 time=30.943
After sweep 3 energy=-158.41613818261865  maxlinkdim=100 maxerr=1.03E-06 time=45.517
After sweep 4 energy=-159.44308034870969  maxlinkdim=200 maxerr=1.45E-08 time=68.990
After sweep 5 energy=-160.24284186457544  maxlinkdim=497 maxerr=1.00E-10 time=74.834
After sweep 6 energy=-161.14046065077454  maxlinkdim=986 maxerr=1.00E-10 time=91.190
After sweep 7 energy=-161.8746453091971  maxlinkdim=1000 maxerr=2.56E-09 time=105.149
After sweep 8 energy=-162.31495466695188  maxlinkdim=1000 maxerr=7.74E-09 time=108.130
After sweep 9 energy=-162.624323815066  maxlinkdim=1000 maxerr=1.46E-08 time=116.150
After sweep 10 energy=-162.91254246412657  maxlinkdim=1000 maxerr=3.66E-08 time=121.142
After sweep 11 energy=-163.17546647974967  maxlinkdim=1000 maxerr=9.80E-08 time=125.500
After sweep 12 energy=-163.36093308164328  maxlinkdim=1000 maxerr=5.82E-08 time=128.174
After sweep 13 energy=-163.52733554329077  maxlinkdim=1000 maxerr=1.32E-07 time=129.779
After sweep 14 energy=-163.72656331922343  maxlinkdim=1000 maxerr=2.93E-07 time=145.763
After sweep 15 energy=-163.83898330425544  maxlinkdim=1000 maxerr=6.59E-08 time=150.810
After sweep 16 energy=-163.91763361388163  maxlinkdim=1000 maxerr=3.33E-08 time=149.521
After sweep 17 energy=-164.00301224954592  maxlinkdim=1000 maxerr=1.13E-07 time=151.479
After sweep 18 energy=-164.08979882760764  maxlinkdim=1000 maxerr=1.30E-07 time=155.395
After sweep 19 energy=-164.15941271667035  maxlinkdim=1000 maxerr=6.59E-08 time=155.843
After sweep 20 energy=-164.25463578342283  maxlinkdim=1000 maxerr=1.47E-06 time=157.326
After sweep 21 energy=-164.30979795057036  maxlinkdim=1000 maxerr=5.52E-07 time=159.496
After sweep 22 energy=-164.3795735254027  maxlinkdim=1000 maxerr=6.69E-07 time=156.046
After sweep 23 energy=-164.44979462042733  maxlinkdim=1000 maxerr=8.67E-07 time=172.893
After sweep 24 energy=-164.5061376605655  maxlinkdim=1000 maxerr=1.11E-06 time=180.003
After sweep 25 energy=-164.57026020443246  maxlinkdim=1000 maxerr=7.04E-06 time=183.327
After sweep 26 energy=-164.62503778806555  maxlinkdim=1000 maxerr=1.65E-05 time=179.892
After sweep 27 energy=-164.67185370461357  maxlinkdim=1000 maxerr=9.23E-06 time=180.043
After sweep 28 energy=-164.71933632082747  maxlinkdim=1000 maxerr=5.42E-06 time=185.395
After sweep 29 energy=-164.77689402187306  maxlinkdim=1000 maxerr=2.81E-05 time=191.653
After sweep 30 energy=-164.812251705333  maxlinkdim=1000 maxerr=5.13E-06 time=199.065
After sweep 31 energy=-164.83924578128455  maxlinkdim=1000 maxerr=3.71E-06 time=199.171
After sweep 32 energy=-164.86567012224882  maxlinkdim=1000 maxerr=4.07E-06 time=203.803
After sweep 33 energy=-164.8885956288392  maxlinkdim=1000 maxerr=8.23E-06 time=197.843
After sweep 34 energy=-164.90637394068912  maxlinkdim=1000 maxerr=1.00E-05 time=197.710
After sweep 35 energy=-164.93006368950998  maxlinkdim=1000 maxerr=1.58E-05 time=206.191
After sweep 36 energy=-164.9521771435248  maxlinkdim=1000 maxerr=5.34E-06 time=206.672
After sweep 37 energy=-164.96876368795947  maxlinkdim=1000 maxerr=1.23E-05 time=201.576
After sweep 38 energy=-164.98497878894983  maxlinkdim=1000 maxerr=9.12E-06 time=209.671
After sweep 39 energy=-164.99878067551185  maxlinkdim=1000 maxerr=9.41E-06 time=216.789
After sweep 40 energy=-165.01837847062927  maxlinkdim=1000 maxerr=1.04E-05 time=212.436
After sweep 41 energy=-165.04040594792167  maxlinkdim=1000 maxerr=2.21E-05 time=210.475
After sweep 42 energy=-165.05990450799735  maxlinkdim=1000 maxerr=7.89E-06 time=203.251
After sweep 43 energy=-165.07587952704276  maxlinkdim=1000 maxerr=8.46E-06 time=207.883
After sweep 44 energy=-165.08886197802002  maxlinkdim=1000 maxerr=8.13E-06 time=208.113
After sweep 45 energy=-165.1005145020109  maxlinkdim=1000 maxerr=8.00E-06 time=206.944
After sweep 46 energy=-165.11233187849405  maxlinkdim=1000 maxerr=6.64E-06 time=205.870
After sweep 47 energy=-165.123850794148  maxlinkdim=1000 maxerr=6.64E-06 time=206.815
After sweep 48 energy=-165.13328349347495  maxlinkdim=1000 maxerr=5.76E-06 time=206.385
After sweep 49 energy=-165.14184953710534  maxlinkdim=1000 maxerr=9.40E-06 time=210.743
After sweep 50 energy=-165.15049374711595  maxlinkdim=1000 maxerr=4.94E-06 time=206.014
After sweep 51 energy=-165.15838118269255  maxlinkdim=1000 maxerr=5.88E-06 time=200.864
After sweep 52 energy=-165.1664322866275  maxlinkdim=1000 maxerr=5.68E-06 time=203.961
After sweep 53 energy=-165.1747985230344  maxlinkdim=1000 maxerr=5.96E-06 time=216.681
After sweep 54 energy=-165.18216703616505  maxlinkdim=1000 maxerr=4.20E-06 time=217.495
After sweep 55 energy=-165.18852009265643  maxlinkdim=1000 maxerr=4.95E-06 time=214.954
After sweep 56 energy=-165.19437255311752  maxlinkdim=1000 maxerr=4.26E-06 time=218.003
After sweep 57 energy=-165.19937501956653  maxlinkdim=1000 maxerr=4.13E-06 time=213.156
After sweep 58 energy=-165.20366971536026  maxlinkdim=1000 maxerr=3.60E-06 time=206.270
After sweep 59 energy=-165.20745066429242  maxlinkdim=1000 maxerr=3.85E-06 time=206.721
After sweep 60 energy=-165.21057425732357  maxlinkdim=1000 maxerr=3.59E-06 time=202.717
After sweep 61 energy=-165.213330479054  maxlinkdim=1000 maxerr=3.29E-06 time=200.191
After sweep 62 energy=-165.21565841532836  maxlinkdim=1000 maxerr=3.42E-06 time=197.560
After sweep 63 energy=-165.2175355923839  maxlinkdim=1000 maxerr=3.03E-06 time=205.027
After sweep 64 energy=-165.21909857859958  maxlinkdim=1000 maxerr=2.82E-06 time=209.347
After sweep 65 energy=-165.2202371816898  maxlinkdim=1000 maxerr=2.72E-06 time=200.243
After sweep 66 energy=-165.22097173555503  maxlinkdim=1000 maxerr=2.58E-06 time=207.275
After sweep 67 energy=-165.221415950621  maxlinkdim=1000 maxerr=2.53E-06 time=211.685
After sweep 68 energy=-165.22167005417535  maxlinkdim=1000 maxerr=2.49E-06 time=214.691
After sweep 69 energy=-165.22181747854648  maxlinkdim=1000 maxerr=2.45E-06 time=208.295
After sweep 70 energy=-165.22191077158362  maxlinkdim=1000 maxerr=2.42E-06 time=211.995
After sweep 71 energy=-165.22196599135953  maxlinkdim=1000 maxerr=2.41E-06 time=219.789
After sweep 72 energy=-165.22200190179672  maxlinkdim=1000 maxerr=2.41E-06 time=220.287
After sweep 73 energy=-165.22202552271455  maxlinkdim=1000 maxerr=2.40E-06 time=219.059
After sweep 74 energy=-165.2220419775853  maxlinkdim=1000 maxerr=2.40E-06 time=210.437
After sweep 75 energy=-165.22205064397835  maxlinkdim=1000 maxerr=2.40E-06 time=208.926
After sweep 76 energy=-165.22206043318423  maxlinkdim=1000 maxerr=2.40E-06 time=211.635
After sweep 77 energy=-165.22206519593726  maxlinkdim=1000 maxerr=2.40E-06 time=213.689
After sweep 78 energy=-165.22206782944392  maxlinkdim=1000 maxerr=2.41E-06 time=216.958
After sweep 79 energy=-165.22207106963387  maxlinkdim=1000 maxerr=2.41E-06 time=205.994
After sweep 80 energy=-165.22207110241305  maxlinkdim=1000 maxerr=2.41E-06 time=191.130
After sweep 81 energy=-165.22207299329187  maxlinkdim=1000 maxerr=2.42E-06 time=206.187
After sweep 82 energy=-165.22207436620994  maxlinkdim=1000 maxerr=2.42E-06 time=217.329
After sweep 83 energy=-165.22207584172494  maxlinkdim=1000 maxerr=2.41E-06 time=216.819
After sweep 84 energy=-165.22207667819748  maxlinkdim=1000 maxerr=2.41E-06 time=210.067
After sweep 85 energy=-165.22207843195847  maxlinkdim=1000 maxerr=2.41E-06 time=212.128
After sweep 86 energy=-165.22207917806742  maxlinkdim=1000 maxerr=2.41E-06 time=212.684
After sweep 87 energy=-165.22207988152437  maxlinkdim=1000 maxerr=2.41E-06 time=211.709
After sweep 88 energy=-165.2220800430307  maxlinkdim=1000 maxerr=2.41E-06 time=210.633
After sweep 89 energy=-165.22208051667326  maxlinkdim=1000 maxerr=2.41E-06 time=207.813
After sweep 90 energy=-165.22208029072584  maxlinkdim=1000 maxerr=2.41E-06 time=201.901
After sweep 91 energy=-165.22208115602663  maxlinkdim=1000 maxerr=2.41E-06 time=214.576
After sweep 92 energy=-165.22208201282547  maxlinkdim=1000 maxerr=2.41E-06 time=215.879
After sweep 93 energy=-165.22208202272054  maxlinkdim=1000 maxerr=2.41E-06 time=217.973
After sweep 94 energy=-165.22208219325535  maxlinkdim=1000 maxerr=2.41E-06 time=216.077
After sweep 95 energy=-165.22208245013942  maxlinkdim=1000 maxerr=2.41E-06 time=210.439
After sweep 96 energy=-165.22208238638794  maxlinkdim=1000 maxerr=2.41E-06 time=215.331
After sweep 97 energy=-165.22208280366553  maxlinkdim=1000 maxerr=2.41E-06 time=211.645
After sweep 98 energy=-165.22208331151285  maxlinkdim=1000 maxerr=2.41E-06 time=210.654
After sweep 99 energy=-165.22208335627187  maxlinkdim=1000 maxerr=2.41E-06 time=214.615
After sweep 100 energy=-165.22208368219555  maxlinkdim=1000 maxerr=2.41E-06 time=208.613
  E(N-2) = -165.22208368219555

[2/3] Computing E(N-1=119)
  Initial state: 119 particles (60 up, 59 dn)
After sweep 1 energy=-150.0588571479512  maxlinkdim=20 maxerr=3.55E-04 time=12.558
After sweep 2 energy=-156.03320550300054  maxlinkdim=50 maxerr=1.42E-05 time=26.722
After sweep 3 energy=-159.03658299270535  maxlinkdim=100 maxerr=6.38E-07 time=39.476
After sweep 4 energy=-160.14547220757433  maxlinkdim=200 maxerr=1.43E-08 time=62.799
After sweep 5 energy=-160.92068769349598  maxlinkdim=517 maxerr=1.00E-10 time=70.757
After sweep 6 energy=-161.4218896503069  maxlinkdim=685 maxerr=1.00E-10 time=79.433
After sweep 7 energy=-161.95795690619113  maxlinkdim=998 maxerr=1.00E-10 time=91.150
After sweep 8 energy=-162.50260797931887  maxlinkdim=1000 maxerr=2.96E-09 time=106.954
After sweep 9 energy=-162.8251526183862  maxlinkdim=1000 maxerr=3.84E-09 time=119.106
After sweep 10 energy=-163.10724705151637  maxlinkdim=1000 maxerr=1.54E-08 time=124.306
After sweep 11 energy=-163.37211276318166  maxlinkdim=1000 maxerr=7.01E-08 time=129.766
After sweep 12 energy=-163.62965465287198  maxlinkdim=1000 maxerr=2.13E-07 time=136.215
After sweep 13 energy=-163.7856584171165  maxlinkdim=1000 maxerr=1.24E-07 time=140.312
After sweep 14 energy=-163.92146999999497  maxlinkdim=1000 maxerr=3.09E-07 time=150.120
After sweep 15 energy=-164.04631644772797  maxlinkdim=1000 maxerr=3.08E-07 time=152.211
After sweep 16 energy=-164.15589970836055  maxlinkdim=1000 maxerr=4.44E-07 time=157.997
After sweep 17 energy=-164.3343354014682  maxlinkdim=1000 maxerr=2.07E-05 time=161.768
After sweep 18 energy=-164.39043296608784  maxlinkdim=1000 maxerr=1.10E-06 time=164.251
After sweep 19 energy=-164.43629082877524  maxlinkdim=1000 maxerr=3.36E-07 time=161.727
After sweep 20 energy=-164.47871991752552  maxlinkdim=1000 maxerr=5.83E-07 time=166.677
After sweep 21 energy=-164.51938760769158  maxlinkdim=1000 maxerr=8.88E-07 time=169.644
After sweep 22 energy=-164.5658431246304  maxlinkdim=1000 maxerr=1.51E-06 time=176.457
After sweep 23 energy=-164.59757110667988  maxlinkdim=1000 maxerr=7.31E-07 time=185.590
After sweep 24 energy=-164.6279527993528  maxlinkdim=1000 maxerr=6.92E-07 time=186.458
After sweep 25 energy=-164.6615317539134  maxlinkdim=1000 maxerr=1.19E-06 time=190.350
After sweep 26 energy=-164.69331267756556  maxlinkdim=1000 maxerr=3.73E-06 time=196.736
After sweep 27 energy=-164.73981902658994  maxlinkdim=1000 maxerr=1.30E-05 time=204.613
After sweep 28 energy=-164.77252046197543  maxlinkdim=1000 maxerr=1.97E-05 time=204.437
After sweep 29 energy=-164.80104483796015  maxlinkdim=1000 maxerr=1.10E-05 time=201.065
After sweep 30 energy=-164.83091430740873  maxlinkdim=1000 maxerr=1.65E-05 time=204.427
After sweep 31 energy=-164.857632186879  maxlinkdim=1000 maxerr=1.67E-05 time=215.706
After sweep 32 energy=-164.88191436180736  maxlinkdim=1000 maxerr=2.08E-05 time=212.621
After sweep 33 energy=-164.90252945069386  maxlinkdim=1000 maxerr=1.77E-05 time=210.445
After sweep 34 energy=-164.92067778293637  maxlinkdim=1000 maxerr=1.41E-05 time=212.334
After sweep 35 energy=-164.9366209193719  maxlinkdim=1000 maxerr=1.17E-05 time=211.362
After sweep 36 energy=-164.95016416084744  maxlinkdim=1000 maxerr=1.17E-05 time=212.164
After sweep 37 energy=-164.96295428817214  maxlinkdim=1000 maxerr=1.19E-05 time=213.279
After sweep 38 energy=-164.9783901490372  maxlinkdim=1000 maxerr=1.13E-05 time=204.856
After sweep 39 energy=-164.99559352596745  maxlinkdim=1000 maxerr=1.68E-05 time=203.702
After sweep 40 energy=-165.00909178075952  maxlinkdim=1000 maxerr=1.12E-05 time=207.403
After sweep 41 energy=-165.0219230078569  maxlinkdim=1000 maxerr=1.07E-05 time=205.824
After sweep 42 energy=-165.03216622204278  maxlinkdim=1000 maxerr=1.04E-05 time=201.794
After sweep 43 energy=-165.04125885037027  maxlinkdim=1000 maxerr=1.01E-05 time=204.972
After sweep 44 energy=-165.04952431182605  maxlinkdim=1000 maxerr=1.00E-05 time=202.389
After sweep 45 energy=-165.05742038665326  maxlinkdim=1000 maxerr=1.01E-05 time=200.452
After sweep 46 energy=-165.06517693137863  maxlinkdim=1000 maxerr=9.92E-06 time=210.295
After sweep 47 energy=-165.07261071477043  maxlinkdim=1000 maxerr=9.15E-06 time=214.185
After sweep 48 energy=-165.07906754052792  maxlinkdim=1000 maxerr=8.89E-06 time=221.342
After sweep 49 energy=-165.0854677145403  maxlinkdim=1000 maxerr=8.64E-06 time=220.572
After sweep 50 energy=-165.0913810766545  maxlinkdim=1000 maxerr=8.42E-06 time=221.987
After sweep 51 energy=-165.0970785295104  maxlinkdim=1000 maxerr=8.33E-06 time=220.059
After sweep 52 energy=-165.10211260422955  maxlinkdim=1000 maxerr=8.17E-06 time=218.033
After sweep 53 energy=-165.10677305039977  maxlinkdim=1000 maxerr=8.03E-06 time=209.869
After sweep 54 energy=-165.11098247842185  maxlinkdim=1000 maxerr=7.93E-06 time=212.805
After sweep 55 energy=-165.11510363380697  maxlinkdim=1000 maxerr=7.79E-06 time=213.788
After sweep 56 energy=-165.1186736216667  maxlinkdim=1000 maxerr=7.63E-06 time=213.232
After sweep 57 energy=-165.1219567015204  maxlinkdim=1000 maxerr=7.43E-06 time=216.591
After sweep 58 energy=-165.12483128171172  maxlinkdim=1000 maxerr=7.26E-06 time=214.871
After sweep 59 energy=-165.12732439589172  maxlinkdim=1000 maxerr=7.09E-06 time=215.163
After sweep 60 energy=-165.12947902101078  maxlinkdim=1000 maxerr=6.91E-06 time=211.923
After sweep 61 energy=-165.1314129986542  maxlinkdim=1000 maxerr=6.73E-06 time=213.825
After sweep 62 energy=-165.13297830506153  maxlinkdim=1000 maxerr=6.56E-06 time=218.837
After sweep 63 energy=-165.13427202323336  maxlinkdim=1000 maxerr=6.37E-06 time=221.938
After sweep 64 energy=-165.1353617082103  maxlinkdim=1000 maxerr=6.19E-06 time=213.163
After sweep 65 energy=-165.1361885866392  maxlinkdim=1000 maxerr=6.04E-06 time=216.618
After sweep 66 energy=-165.1368254740883  maxlinkdim=1000 maxerr=5.86E-06 time=218.988
After sweep 67 energy=-165.137296400121  maxlinkdim=1000 maxerr=5.70E-06 time=219.954
After sweep 68 energy=-165.1376345650977  maxlinkdim=1000 maxerr=5.58E-06 time=221.408
After sweep 69 energy=-165.13787949706315  maxlinkdim=1000 maxerr=5.44E-06 time=220.383
After sweep 70 energy=-165.1380616982013  maxlinkdim=1000 maxerr=5.35E-06 time=210.746
After sweep 71 energy=-165.13820110787915  maxlinkdim=1000 maxerr=5.27E-06 time=212.055
After sweep 72 energy=-165.13831102828655  maxlinkdim=1000 maxerr=5.20E-06 time=214.435
After sweep 73 energy=-165.13839674163876  maxlinkdim=1000 maxerr=5.14E-06 time=213.940
After sweep 74 energy=-165.1384651022304  maxlinkdim=1000 maxerr=5.09E-06 time=223.836
After sweep 75 energy=-165.1385211426154  maxlinkdim=1000 maxerr=5.05E-06 time=220.810
After sweep 76 energy=-165.13856632188373  maxlinkdim=1000 maxerr=5.00E-06 time=221.310
After sweep 77 energy=-165.13860567392808  maxlinkdim=1000 maxerr=4.96E-06 time=221.211
After sweep 78 energy=-165.13863764538524  maxlinkdim=1000 maxerr=4.93E-06 time=219.234
After sweep 79 energy=-165.13866550441568  maxlinkdim=1000 maxerr=4.91E-06 time=217.427
After sweep 80 energy=-165.13868989277185  maxlinkdim=1000 maxerr=4.89E-06 time=216.384
After sweep 81 energy=-165.13871118778758  maxlinkdim=1000 maxerr=4.87E-06 time=217.005
After sweep 82 energy=-165.1387275483994  maxlinkdim=1000 maxerr=4.84E-06 time=220.059
After sweep 83 energy=-165.1387445154149  maxlinkdim=1000 maxerr=4.83E-06 time=218.897
After sweep 84 energy=-165.13875680856046  maxlinkdim=1000 maxerr=4.82E-06 time=223.209
After sweep 85 energy=-165.13877027982127  maxlinkdim=1000 maxerr=4.80E-06 time=221.451
After sweep 86 energy=-165.1387802838019  maxlinkdim=1000 maxerr=4.79E-06 time=218.253
After sweep 87 energy=-165.13878992303376  maxlinkdim=1000 maxerr=4.78E-06 time=220.414
After sweep 88 energy=-165.1387982684617  maxlinkdim=1000 maxerr=4.78E-06 time=219.193
After sweep 89 energy=-165.13880337799023  maxlinkdim=1000 maxerr=4.77E-06 time=222.680
After sweep 90 energy=-165.13881088300616  maxlinkdim=1000 maxerr=4.77E-06 time=220.883
After sweep 91 energy=-165.13881520648306  maxlinkdim=1000 maxerr=4.76E-06 time=221.556
After sweep 92 energy=-165.13881999783402  maxlinkdim=1000 maxerr=4.75E-06 time=221.531
After sweep 93 energy=-165.13882351763385  maxlinkdim=1000 maxerr=4.75E-06 time=220.206
After sweep 94 energy=-165.13882653076746  maxlinkdim=1000 maxerr=4.75E-06 time=211.989
After sweep 95 energy=-165.13882991593002  maxlinkdim=1000 maxerr=4.75E-06 time=210.166
After sweep 96 energy=-165.1388323499946  maxlinkdim=1000 maxerr=4.74E-06 time=208.483
After sweep 97 energy=-165.13883478937888  maxlinkdim=1000 maxerr=4.74E-06 time=208.970
After sweep 98 energy=-165.13883618085933  maxlinkdim=1000 maxerr=4.74E-06 time=211.408
After sweep 99 energy=-165.13883795432744  maxlinkdim=1000 maxerr=4.74E-06 time=210.139
After sweep 100 energy=-165.13883986178317  maxlinkdim=1000 maxerr=4.74E-06 time=209.602
  E(N-1) = -165.13883986178317

[3/3] Computing E(N=120)
  Initial state: 120 particles (60 up, 60 dn)
After sweep 1 energy=-151.45313316330623  maxlinkdim=20 maxerr=2.93E-04 time=12.563
After sweep 2 energy=-157.1950350901006  maxlinkdim=50 maxerr=1.39E-05 time=27.760
After sweep 3 energy=-160.4676752983294  maxlinkdim=100 maxerr=3.28E-06 time=42.375
After sweep 4 energy=-161.36576069993419  maxlinkdim=200 maxerr=1.42E-08 time=64.783
After sweep 5 energy=-161.97627846059606  maxlinkdim=465 maxerr=1.00E-10 time=70.700
After sweep 6 energy=-162.3524056225034  maxlinkdim=620 maxerr=1.00E-10 time=82.462
After sweep 7 energy=-162.86417541365415  maxlinkdim=1000 maxerr=3.50E-10 time=93.292
After sweep 8 energy=-163.25003707491572  maxlinkdim=1000 maxerr=4.57E-09 time=105.811
After sweep 9 energy=-163.4413832461402  maxlinkdim=1000 maxerr=2.63E-09 time=109.158
After sweep 10 energy=-163.60981881603286  maxlinkdim=1000 maxerr=5.62E-09 time=112.008
After sweep 11 energy=-163.8215177078365  maxlinkdim=1000 maxerr=2.87E-08 time=117.338
After sweep 12 energy=-163.94422058385834  maxlinkdim=1000 maxerr=1.41E-08 time=124.030
After sweep 13 energy=-164.03618285249257  maxlinkdim=1000 maxerr=1.34E-08 time=128.291
After sweep 14 energy=-164.1472074544196  maxlinkdim=1000 maxerr=2.01E-08 time=135.402
After sweep 15 energy=-164.23131046752238  maxlinkdim=1000 maxerr=3.37E-08 time=140.735
After sweep 16 energy=-164.2980618686375  maxlinkdim=1000 maxerr=2.08E-08 time=143.166
After sweep 17 energy=-164.36502242314452  maxlinkdim=1000 maxerr=4.69E-08 time=146.640
After sweep 18 energy=-164.44491190541402  maxlinkdim=1000 maxerr=1.32E-07 time=153.627
After sweep 19 energy=-164.55927384561  maxlinkdim=1000 maxerr=7.99E-07 time=155.235
After sweep 20 energy=-164.60838297780234  maxlinkdim=1000 maxerr=1.08E-07 time=163.127
After sweep 21 energy=-164.65143915908268  maxlinkdim=1000 maxerr=1.24E-07 time=165.638
After sweep 22 energy=-164.68832165399473  maxlinkdim=1000 maxerr=8.34E-08 time=170.957
After sweep 23 energy=-164.72355378482698  maxlinkdim=1000 maxerr=1.16E-07 time=176.518
After sweep 24 energy=-164.7612291250552  maxlinkdim=1000 maxerr=1.77E-07 time=179.945
After sweep 25 energy=-164.809653909554  maxlinkdim=1000 maxerr=7.47E-07 time=181.643
After sweep 26 energy=-164.84236086972103  maxlinkdim=1000 maxerr=1.59E-06 time=192.322
After sweep 27 energy=-164.86162755422117  maxlinkdim=1000 maxerr=1.78E-07 time=192.263
After sweep 28 energy=-164.87604934697666  maxlinkdim=1000 maxerr=1.01E-07 time=192.067
After sweep 29 energy=-164.89378980022076  maxlinkdim=1000 maxerr=1.45E-07 time=197.160
After sweep 30 energy=-164.90846827172436  maxlinkdim=1000 maxerr=1.31E-07 time=197.830
After sweep 31 energy=-164.92400405484838  maxlinkdim=1000 maxerr=2.68E-07 time=198.828
After sweep 32 energy=-164.93741974793025  maxlinkdim=1000 maxerr=1.90E-07 time=196.746
After sweep 33 energy=-164.95011771657573  maxlinkdim=1000 maxerr=1.93E-07 time=204.366
After sweep 34 energy=-164.96286046798866  maxlinkdim=1000 maxerr=2.21E-07 time=201.358
After sweep 35 energy=-164.97602583217332  maxlinkdim=1000 maxerr=3.86E-07 time=202.244
After sweep 36 energy=-164.99959629811153  maxlinkdim=1000 maxerr=8.86E-06 time=203.375
After sweep 37 energy=-165.01909169687505  maxlinkdim=1000 maxerr=1.52E-05 time=200.920
After sweep 38 energy=-165.03757249091962  maxlinkdim=1000 maxerr=1.46E-05 time=201.042
After sweep 39 energy=-165.05177019370674  maxlinkdim=1000 maxerr=6.64E-06 time=202.013
After sweep 40 energy=-165.06367195434512  maxlinkdim=1000 maxerr=8.36E-06 time=203.022
After sweep 41 energy=-165.0754872554854  maxlinkdim=1000 maxerr=6.96E-06 time=202.003
After sweep 42 energy=-165.08893257120758  maxlinkdim=1000 maxerr=8.26E-06 time=202.586
After sweep 43 energy=-165.10226172372444  maxlinkdim=1000 maxerr=9.81E-06 time=204.244
After sweep 44 energy=-165.11951595034026  maxlinkdim=1000 maxerr=7.62E-06 time=217.341
After sweep 45 energy=-165.1335512949214  maxlinkdim=1000 maxerr=5.43E-06 time=221.199
After sweep 46 energy=-165.14519400262105  maxlinkdim=1000 maxerr=6.84E-06 time=218.499
After sweep 47 energy=-165.15552710194595  maxlinkdim=1000 maxerr=4.41E-06 time=216.809
After sweep 48 energy=-165.16489148275934  maxlinkdim=1000 maxerr=8.80E-06 time=219.981
After sweep 49 energy=-165.17352132916855  maxlinkdim=1000 maxerr=4.76E-06 time=218.844
After sweep 50 energy=-165.18134724076302  maxlinkdim=1000 maxerr=4.66E-06 time=215.100
After sweep 51 energy=-165.1883576798564  maxlinkdim=1000 maxerr=5.86E-06 time=219.648
After sweep 52 energy=-165.1944896881632  maxlinkdim=1000 maxerr=5.61E-06 time=216.995
After sweep 53 energy=-165.1998809357276  maxlinkdim=1000 maxerr=4.77E-06 time=220.615
After sweep 54 energy=-165.2050911108425  maxlinkdim=1000 maxerr=4.62E-06 time=218.846
After sweep 55 energy=-165.20983646697132  maxlinkdim=1000 maxerr=4.50E-06 time=220.372
After sweep 56 energy=-165.2143073409381  maxlinkdim=1000 maxerr=3.54E-06 time=214.597
After sweep 57 energy=-165.2185711479067  maxlinkdim=1000 maxerr=3.11E-06 time=213.743
After sweep 58 energy=-165.22242592897211  maxlinkdim=1000 maxerr=2.87E-06 time=219.080
After sweep 59 energy=-165.22590428070458  maxlinkdim=1000 maxerr=2.75E-06 time=215.584
After sweep 60 energy=-165.22914875966416  maxlinkdim=1000 maxerr=2.67E-06 time=217.398
After sweep 61 energy=-165.23216575363946  maxlinkdim=1000 maxerr=2.55E-06 time=216.576
After sweep 62 energy=-165.23495570247522  maxlinkdim=1000 maxerr=2.85E-06 time=217.592
After sweep 63 energy=-165.2376488986495  maxlinkdim=1000 maxerr=3.02E-06 time=214.589
After sweep 64 energy=-165.24006574109328  maxlinkdim=1000 maxerr=2.89E-06 time=216.202
After sweep 65 energy=-165.24217230815935  maxlinkdim=1000 maxerr=2.85E-06 time=214.897
After sweep 66 energy=-165.24393158334047  maxlinkdim=1000 maxerr=2.55E-06 time=212.757
After sweep 67 energy=-165.24547597486492  maxlinkdim=1000 maxerr=2.42E-06 time=216.704
After sweep 68 energy=-165.24680367118455  maxlinkdim=1000 maxerr=2.31E-06 time=216.279
After sweep 69 energy=-165.24792533281413  maxlinkdim=1000 maxerr=2.21E-06 time=216.397
After sweep 70 energy=-165.24886838075113  maxlinkdim=1000 maxerr=2.12E-06 time=217.876
After sweep 71 energy=-165.24960624781122  maxlinkdim=1000 maxerr=2.08E-06 time=217.433
After sweep 72 energy=-165.25018264610327  maxlinkdim=1000 maxerr=2.03E-06 time=219.268
After sweep 73 energy=-165.25057684768154  maxlinkdim=1000 maxerr=1.95E-06 time=219.445
After sweep 74 energy=-165.25084182488897  maxlinkdim=1000 maxerr=1.91E-06 time=215.863
After sweep 75 energy=-165.25102191250963  maxlinkdim=1000 maxerr=1.87E-06 time=218.770
After sweep 76 energy=-165.25114573608553  maxlinkdim=1000 maxerr=1.84E-06 time=214.348
After sweep 77 energy=-165.25122684362017  maxlinkdim=1000 maxerr=1.84E-06 time=223.161
After sweep 78 energy=-165.25128238989382  maxlinkdim=1000 maxerr=1.84E-06 time=216.769
After sweep 79 energy=-165.2513205426193  maxlinkdim=1000 maxerr=1.83E-06 time=215.257
After sweep 80 energy=-165.251345059482  maxlinkdim=1000 maxerr=1.82E-06 time=215.567
After sweep 81 energy=-165.2513656202071  maxlinkdim=1000 maxerr=1.83E-06 time=215.471
After sweep 82 energy=-165.2513796310698  maxlinkdim=1000 maxerr=1.83E-06 time=216.888
After sweep 83 energy=-165.25138911107078  maxlinkdim=1000 maxerr=1.83E-06 time=216.734
After sweep 84 energy=-165.25139602820445  maxlinkdim=1000 maxerr=1.84E-06 time=219.763
After sweep 85 energy=-165.25140089653735  maxlinkdim=1000 maxerr=1.85E-06 time=217.439
After sweep 86 energy=-165.2514046933277  maxlinkdim=1000 maxerr=1.86E-06 time=216.459
After sweep 87 energy=-165.25140723023736  maxlinkdim=1000 maxerr=1.86E-06 time=217.699
After sweep 88 energy=-165.25140941764255  maxlinkdim=1000 maxerr=1.86E-06 time=218.914
After sweep 89 energy=-165.25141116045057  maxlinkdim=1000 maxerr=1.86E-06 time=218.197
After sweep 90 energy=-165.25141257591412  maxlinkdim=1000 maxerr=1.86E-06 time=216.726
After sweep 91 energy=-165.25141445465758  maxlinkdim=1000 maxerr=1.86E-06 time=214.835
After sweep 92 energy=-165.25141494930224  maxlinkdim=1000 maxerr=1.85E-06 time=214.974
After sweep 93 energy=-165.2514152432316  maxlinkdim=1000 maxerr=1.85E-06 time=215.859
After sweep 94 energy=-165.25141663062686  maxlinkdim=1000 maxerr=1.85E-06 time=214.405
After sweep 95 energy=-165.25141700659378  maxlinkdim=1000 maxerr=1.85E-06 time=212.396
After sweep 96 energy=-165.2514175516379  maxlinkdim=1000 maxerr=1.85E-06 time=212.488
After sweep 97 energy=-165.25141832080635  maxlinkdim=1000 maxerr=1.85E-06 time=213.127
After sweep 98 energy=-165.251418559828  maxlinkdim=1000 maxerr=1.85E-06 time=212.044
After sweep 99 energy=-165.25141948306685  maxlinkdim=1000 maxerr=1.85E-06 time=210.291
After sweep 100 energy=-165.25141965485795  maxlinkdim=1000 maxerr=1.85E-06 time=218.771
  E(N) = -165.25141965485795

============================================================
RESULTS:
  E(118) = -165.22208368219555
  E(119) = -165.13883986178317
  E(120)     = -165.25141965485795
  E_p = -0.19582361  (attractive hole pairing)
============================================================
RESULT: E_p = -0.19582361348716404
E_p calculation completed
