/global/homes/k/kwang98/.conda/envs/tenpy-env/lib/python3.11/site-packages/tenpy/tools/params.py:232: UserWarning: unused options for config H_MF:
['conserve', 'iter', 't_p', 'verbose']
  warnings.warn(msg.format(keys=sorted(unused), name=self.name))
/global/homes/k/kwang98/.conda/envs/tenpy-env/lib/python3.11/site-packages/tenpy/tools/params.py:232: UserWarning: unused option ['verbose'] for config TwoSiteDMRGEngine
  warnings.warn(msg.format(keys=sorted(unused), name=self.name))
/global/homes/k/kwang98/.conda/envs/tenpy-env/lib/python3.11/site-packages/tenpy/tools/params.py:232: UserWarning: unused options for config H_MF:
['conserve', 'iter', 't_p', 'verbose']
  warnings.warn(msg.format(keys=sorted(unused), name=self.name))
/global/homes/k/kwang98/.conda/envs/tenpy-env/lib/python3.11/site-packages/tenpy/tools/params.py:232: UserWarning: unused option ['verbose'] for config TwoSiteDMRGEngine
  warnings.warn(msg.format(keys=sorted(unused), name=self.name))
/global/homes/k/kwang98/.conda/envs/tenpy-env/lib/python3.11/site-packages/tenpy/tools/params.py:232: UserWarning: unused options for config H_MF:
['conserve', 'iter', 't_p', 'verbose']
  warnings.warn(msg.format(keys=sorted(unused), name=self.name))
/global/homes/k/kwang98/.conda/envs/tenpy-env/lib/python3.11/site-packages/tenpy/tools/params.py:232: UserWarning: unused option ['verbose'] for config TwoSiteDMRGEngine
  warnings.warn(msg.format(keys=sorted(unused), name=self.name))
/global/homes/k/kwang98/.conda/envs/tenpy-env/lib/python3.11/site-packages/tenpy/tools/params.py:232: UserWarning: unused options for config H_MF:
['conserve', 'iter', 't_p', 'verbose']
  warnings.warn(msg.format(keys=sorted(unused), name=self.name))
/global/homes/k/kwang98/.conda/envs/tenpy-env/lib/python3.11/site-packages/tenpy/tools/params.py:232: UserWarning: unused option ['verbose'] for config TwoSiteDMRGEngine
  warnings.warn(msg.format(keys=sorted(unused), name=self.name))
/global/homes/k/kwang98/.conda/envs/tenpy-env/lib/python3.11/site-packages/tenpy/tools/params.py:232: UserWarning: unused options for config H_MF:
['conserve', 'iter', 't_p', 'verbose']
  warnings.warn(msg.format(keys=sorted(unused), name=self.name))
/global/homes/k/kwang98/.conda/envs/tenpy-env/lib/python3.11/site-packages/tenpy/tools/params.py:232: UserWarning: unused option ['verbose'] for config TwoSiteDMRGEngine
  warnings.warn(msg.format(keys=sorted(unused), name=self.name))
/global/homes/k/kwang98/.conda/envs/tenpy-env/lib/python3.11/site-packages/tenpy/tools/params.py:232: UserWarning: unused options for config H_MF:
['conserve', 'iter', 't_p', 'verbose']
  warnings.warn(msg.format(keys=sorted(unused), name=self.name))
/global/homes/k/kwang98/.conda/envs/tenpy-env/lib/python3.11/site-packages/tenpy/tools/params.py:232: UserWarning: unused option ['verbose'] for config TwoSiteDMRGEngine
  warnings.warn(msg.format(keys=sorted(unused), name=self.name))
/global/homes/k/kwang98/.conda/envs/tenpy-env/lib/python3.11/site-packages/tenpy/tools/params.py:232: UserWarning: unused options for config H_MF:
['conserve', 'iter', 't_p', 'verbose']
  warnings.warn(msg.format(keys=sorted(unused), name=self.name))
/global/homes/k/kwang98/.conda/envs/tenpy-env/lib/python3.11/site-packages/tenpy/tools/params.py:232: UserWarning: unused option ['verbose'] for config TwoSiteDMRGEngine
  warnings.warn(msg.format(keys=sorted(unused), name=self.name))
/global/homes/k/kwang98/.conda/envs/tenpy-env/lib/python3.11/site-packages/tenpy/tools/params.py:232: UserWarning: unused options for config H_MF:
['conserve', 'iter', 't_p', 'verbose']
  warnings.warn(msg.format(keys=sorted(unused), name=self.name))
/global/homes/k/kwang98/.conda/envs/tenpy-env/lib/python3.11/site-packages/tenpy/tools/params.py:232: UserWarning: unused option ['verbose'] for config TwoSiteDMRGEngine
  warnings.warn(msg.format(keys=sorted(unused), name=self.name))
/global/homes/k/kwang98/.conda/envs/tenpy-env/lib/python3.11/site-packages/tenpy/tools/params.py:232: UserWarning: unused options for config H_MF:
['conserve', 'iter', 't_p', 'verbose']
  warnings.warn(msg.format(keys=sorted(unused), name=self.name))
/global/homes/k/kwang98/.conda/envs/tenpy-env/lib/python3.11/site-packages/tenpy/tools/params.py:232: UserWarning: unused option ['verbose'] for config TwoSiteDMRGEngine
  warnings.warn(msg.format(keys=sorted(unused), name=self.name))
/global/homes/k/kwang98/.conda/envs/tenpy-env/lib/python3.11/site-packages/tenpy/tools/params.py:232: UserWarning: unused options for config H_MF:
['conserve', 'iter', 't_p', 'verbose']
  warnings.warn(msg.format(keys=sorted(unused), name=self.name))
/global/homes/k/kwang98/.conda/envs/tenpy-env/lib/python3.11/site-packages/tenpy/tools/params.py:232: UserWarning: unused option ['verbose'] for config TwoSiteDMRGEngine
  warnings.warn(msg.format(keys=sorted(unused), name=self.name))
/global/homes/k/kwang98/.conda/envs/tenpy-env/lib/python3.11/site-packages/tenpy/tools/params.py:232: UserWarning: unused options for config H_MF:
['conserve', 'iter', 't_p', 'verbose']
  warnings.warn(msg.format(keys=sorted(unused), name=self.name))
/global/homes/k/kwang98/.conda/envs/tenpy-env/lib/python3.11/site-packages/tenpy/tools/params.py:232: UserWarning: unused option ['verbose'] for config TwoSiteDMRGEngine
  warnings.warn(msg.format(keys=sorted(unused), name=self.name))
/global/homes/k/kwang98/.conda/envs/tenpy-env/lib/python3.11/site-packages/tenpy/tools/params.py:232: UserWarning: unused options for config H_MF:
['conserve', 'iter', 't_p', 'verbose']
  warnings.warn(msg.format(keys=sorted(unused), name=self.name))
/global/homes/k/kwang98/.conda/envs/tenpy-env/lib/python3.11/site-packages/tenpy/tools/params.py:232: UserWarning: unused option ['verbose'] for config TwoSiteDMRGEngine
  warnings.warn(msg.format(keys=sorted(unused), name=self.name))
/global/homes/k/kwang98/.conda/envs/tenpy-env/lib/python3.11/site-packages/tenpy/tools/params.py:232: UserWarning: unused options for config H_MF:
['conserve', 'iter', 't_p', 'verbose']
  warnings.warn(msg.format(keys=sorted(unused), name=self.name))
/global/homes/k/kwang98/.conda/envs/tenpy-env/lib/python3.11/site-packages/tenpy/tools/params.py:232: UserWarning: unused option ['verbose'] for config TwoSiteDMRGEngine
  warnings.warn(msg.format(keys=sorted(unused), name=self.name))
/global/homes/k/kwang98/.conda/envs/tenpy-env/lib/python3.11/site-packages/tenpy/tools/params.py:232: UserWarning: unused options for config H_MF:
['conserve', 'iter', 't_p', 'verbose']
  warnings.warn(msg.format(keys=sorted(unused), name=self.name))
/global/homes/k/kwang98/.conda/envs/tenpy-env/lib/python3.11/site-packages/tenpy/tools/params.py:232: UserWarning: unused option ['verbose'] for config TwoSiteDMRGEngine
  warnings.warn(msg.format(keys=sorted(unused), name=self.name))
/global/homes/k/kwang98/.conda/envs/tenpy-env/lib/python3.11/site-packages/tenpy/tools/params.py:232: UserWarning: unused options for config H_MF:
['conserve', 'iter', 't_p', 'verbose']
  warnings.warn(msg.format(keys=sorted(unused), name=self.name))
/global/homes/k/kwang98/.conda/envs/tenpy-env/lib/python3.11/site-packages/tenpy/tools/params.py:232: UserWarning: unused option ['verbose'] for config TwoSiteDMRGEngine
  warnings.warn(msg.format(keys=sorted(unused), name=self.name))
/global/homes/k/kwang98/.conda/envs/tenpy-env/lib/python3.11/site-packages/tenpy/tools/params.py:232: UserWarning: unused options for config H_MF:
['conserve', 'iter', 't_p', 'verbose']
  warnings.warn(msg.format(keys=sorted(unused), name=self.name))
/global/homes/k/kwang98/.conda/envs/tenpy-env/lib/python3.11/site-packages/tenpy/tools/params.py:232: UserWarning: unused option ['verbose'] for config TwoSiteDMRGEngine
  warnings.warn(msg.format(keys=sorted(unused), name=self.name))
/global/homes/k/kwang98/.conda/envs/tenpy-env/lib/python3.11/site-packages/tenpy/tools/params.py:232: UserWarning: unused options for config H_MF:
['conserve', 'iter', 't_p', 'verbose']
  warnings.warn(msg.format(keys=sorted(unused), name=self.name))
/global/homes/k/kwang98/.conda/envs/tenpy-env/lib/python3.11/site-packages/tenpy/tools/params.py:232: UserWarning: unused option ['verbose'] for config TwoSiteDMRGEngine
  warnings.warn(msg.format(keys=sorted(unused), name=self.name))
/global/homes/k/kwang98/.conda/envs/tenpy-env/lib/python3.11/site-packages/tenpy/tools/params.py:232: UserWarning: unused options for config H_MF:
['conserve', 'iter', 't_p', 'verbose']
  warnings.warn(msg.format(keys=sorted(unused), name=self.name))
/global/homes/k/kwang98/.conda/envs/tenpy-env/lib/python3.11/site-packages/tenpy/tools/params.py:232: UserWarning: unused option ['verbose'] for config TwoSiteDMRGEngine
  warnings.warn(msg.format(keys=sorted(unused), name=self.name))
/global/homes/k/kwang98/.conda/envs/tenpy-env/lib/python3.11/site-packages/tenpy/tools/params.py:232: UserWarning: unused options for config H_MF:
['conserve', 'iter', 't_p', 'verbose']
  warnings.warn(msg.format(keys=sorted(unused), name=self.name))
/global/homes/k/kwang98/.conda/envs/tenpy-env/lib/python3.11/site-packages/tenpy/tools/params.py:232: UserWarning: unused option ['verbose'] for config TwoSiteDMRGEngine
  warnings.warn(msg.format(keys=sorted(unused), name=self.name))
/global/homes/k/kwang98/.conda/envs/tenpy-env/lib/python3.11/site-packages/tenpy/tools/params.py:232: UserWarning: unused options for config H_MF:
['conserve', 'iter', 't_p', 'verbose']
  warnings.warn(msg.format(keys=sorted(unused), name=self.name))
/global/homes/k/kwang98/.conda/envs/tenpy-env/lib/python3.11/site-packages/tenpy/tools/params.py:232: UserWarning: unused option ['verbose'] for config TwoSiteDMRGEngine
  warnings.warn(msg.format(keys=sorted(unused), name=self.name))
/global/homes/k/kwang98/.conda/envs/tenpy-env/lib/python3.11/site-packages/tenpy/tools/params.py:232: UserWarning: unused options for config H_MF:
['conserve', 'iter', 't_p', 'verbose']
  warnings.warn(msg.format(keys=sorted(unused), name=self.name))
/global/homes/k/kwang98/.conda/envs/tenpy-env/lib/python3.11/site-packages/tenpy/tools/params.py:232: UserWarning: unused option ['verbose'] for config TwoSiteDMRGEngine
  warnings.warn(msg.format(keys=sorted(unused), name=self.name))
/global/homes/k/kwang98/.conda/envs/tenpy-env/lib/python3.11/site-packages/tenpy/tools/params.py:232: UserWarning: unused options for config H_MF:
['conserve', 'iter', 't_p', 'verbose']
  warnings.warn(msg.format(keys=sorted(unused), name=self.name))
/global/homes/k/kwang98/.conda/envs/tenpy-env/lib/python3.11/site-packages/tenpy/tools/params.py:232: UserWarning: unused option ['verbose'] for config TwoSiteDMRGEngine
  warnings.warn(msg.format(keys=sorted(unused), name=self.name))
/global/homes/k/kwang98/.conda/envs/tenpy-env/lib/python3.11/site-packages/tenpy/tools/params.py:232: UserWarning: unused options for config H_MF:
['conserve', 'iter', 't_p', 'verbose']
  warnings.warn(msg.format(keys=sorted(unused), name=self.name))
/global/homes/k/kwang98/.conda/envs/tenpy-env/lib/python3.11/site-packages/tenpy/tools/params.py:232: UserWarning: unused option ['verbose'] for config TwoSiteDMRGEngine
  warnings.warn(msg.format(keys=sorted(unused), name=self.name))
/global/homes/k/kwang98/.conda/envs/tenpy-env/lib/python3.11/site-packages/tenpy/tools/params.py:232: UserWarning: unused options for config H_MF:
['conserve', 'iter', 't_p', 'verbose']
  warnings.warn(msg.format(keys=sorted(unused), name=self.name))
/global/homes/k/kwang98/.conda/envs/tenpy-env/lib/python3.11/site-packages/tenpy/tools/params.py:232: UserWarning: unused option ['verbose'] for config TwoSiteDMRGEngine
  warnings.warn(msg.format(keys=sorted(unused), name=self.name))
/global/homes/k/kwang98/.conda/envs/tenpy-env/lib/python3.11/site-packages/tenpy/tools/params.py:232: UserWarning: unused options for config H_MF:
['conserve', 'iter', 't_p', 'verbose']
  warnings.warn(msg.format(keys=sorted(unused), name=self.name))
/global/homes/k/kwang98/.conda/envs/tenpy-env/lib/python3.11/site-packages/tenpy/tools/params.py:232: UserWarning: unused option ['verbose'] for config TwoSiteDMRGEngine
  warnings.warn(msg.format(keys=sorted(unused), name=self.name))
/global/homes/k/kwang98/.conda/envs/tenpy-env/lib/python3.11/site-packages/tenpy/tools/params.py:232: UserWarning: unused options for config H_MF:
['conserve', 'iter', 't_p', 'verbose']
  warnings.warn(msg.format(keys=sorted(unused), name=self.name))
/global/homes/k/kwang98/.conda/envs/tenpy-env/lib/python3.11/site-packages/tenpy/tools/params.py:232: UserWarning: unused option ['verbose'] for config TwoSiteDMRGEngine
  warnings.warn(msg.format(keys=sorted(unused), name=self.name))
/global/homes/k/kwang98/.conda/envs/tenpy-env/lib/python3.11/site-packages/tenpy/tools/params.py:232: UserWarning: unused options for config H_MF:
['conserve', 'iter', 't_p', 'verbose']
  warnings.warn(msg.format(keys=sorted(unused), name=self.name))
/global/homes/k/kwang98/.conda/envs/tenpy-env/lib/python3.11/site-packages/tenpy/tools/params.py:232: UserWarning: unused option ['verbose'] for config TwoSiteDMRGEngine
  warnings.warn(msg.format(keys=sorted(unused), name=self.name))
/global/homes/k/kwang98/.conda/envs/tenpy-env/lib/python3.11/site-packages/tenpy/tools/params.py:232: UserWarning: unused options for config H_MF:
['conserve', 'iter', 't_p', 'verbose']
  warnings.warn(msg.format(keys=sorted(unused), name=self.name))
/global/homes/k/kwang98/.conda/envs/tenpy-env/lib/python3.11/site-packages/tenpy/tools/params.py:232: UserWarning: unused option ['verbose'] for config TwoSiteDMRGEngine
  warnings.warn(msg.format(keys=sorted(unused), name=self.name))
/global/homes/k/kwang98/.conda/envs/tenpy-env/lib/python3.11/site-packages/tenpy/tools/params.py:232: UserWarning: unused options for config H_MF:
['conserve', 'iter', 't_p', 'verbose']
  warnings.warn(msg.format(keys=sorted(unused), name=self.name))
/global/homes/k/kwang98/.conda/envs/tenpy-env/lib/python3.11/site-packages/tenpy/tools/params.py:232: UserWarning: unused option ['verbose'] for config TwoSiteDMRGEngine
  warnings.warn(msg.format(keys=sorted(unused), name=self.name))
/global/homes/k/kwang98/.conda/envs/tenpy-env/lib/python3.11/site-packages/tenpy/tools/params.py:232: UserWarning: unused options for config H_MF:
['conserve', 'iter', 't_p', 'verbose']
  warnings.warn(msg.format(keys=sorted(unused), name=self.name))
/global/homes/k/kwang98/.conda/envs/tenpy-env/lib/python3.11/site-packages/tenpy/tools/params.py:232: UserWarning: unused option ['verbose'] for config TwoSiteDMRGEngine
  warnings.warn(msg.format(keys=sorted(unused), name=self.name))
/global/homes/k/kwang98/.conda/envs/tenpy-env/lib/python3.11/site-packages/tenpy/tools/params.py:232: UserWarning: unused options for config H_MF:
['conserve', 'iter', 't_p', 'verbose']
  warnings.warn(msg.format(keys=sorted(unused), name=self.name))
/global/homes/k/kwang98/.conda/envs/tenpy-env/lib/python3.11/site-packages/tenpy/tools/params.py:232: UserWarning: unused option ['verbose'] for config TwoSiteDMRGEngine
  warnings.warn(msg.format(keys=sorted(unused), name=self.name))
/global/homes/k/kwang98/.conda/envs/tenpy-env/lib/python3.11/site-packages/tenpy/tools/params.py:232: UserWarning: unused options for config H_MF:
['conserve', 'iter', 't_p', 'verbose']
  warnings.warn(msg.format(keys=sorted(unused), name=self.name))
/global/homes/k/kwang98/.conda/envs/tenpy-env/lib/python3.11/site-packages/tenpy/tools/params.py:232: UserWarning: unused option ['verbose'] for config TwoSiteDMRGEngine
  warnings.warn(msg.format(keys=sorted(unused), name=self.name))
/global/homes/k/kwang98/.conda/envs/tenpy-env/lib/python3.11/site-packages/tenpy/tools/params.py:232: UserWarning: unused options for config H_MF:
['conserve', 'iter', 't_p', 'verbose']
  warnings.warn(msg.format(keys=sorted(unused), name=self.name))
/global/homes/k/kwang98/.conda/envs/tenpy-env/lib/python3.11/site-packages/tenpy/tools/params.py:232: UserWarning: unused option ['verbose'] for config TwoSiteDMRGEngine
  warnings.warn(msg.format(keys=sorted(unused), name=self.name))
/global/homes/k/kwang98/.conda/envs/tenpy-env/lib/python3.11/site-packages/tenpy/tools/params.py:232: UserWarning: unused options for config H_MF:
['conserve', 'iter', 't_p', 'verbose']
  warnings.warn(msg.format(keys=sorted(unused), name=self.name))
/global/homes/k/kwang98/.conda/envs/tenpy-env/lib/python3.11/site-packages/tenpy/tools/params.py:232: UserWarning: unused option ['verbose'] for config TwoSiteDMRGEngine
  warnings.warn(msg.format(keys=sorted(unused), name=self.name))
/global/homes/k/kwang98/.conda/envs/tenpy-env/lib/python3.11/site-packages/tenpy/tools/params.py:232: UserWarning: unused options for config H_MF:
['conserve', 'iter', 't_p', 'verbose']
  warnings.warn(msg.format(keys=sorted(unused), name=self.name))
/global/homes/k/kwang98/.conda/envs/tenpy-env/lib/python3.11/site-packages/tenpy/tools/params.py:232: UserWarning: unused option ['verbose'] for config TwoSiteDMRGEngine
  warnings.warn(msg.format(keys=sorted(unused), name=self.name))
/global/homes/k/kwang98/.conda/envs/tenpy-env/lib/python3.11/site-packages/tenpy/tools/params.py:232: UserWarning: unused options for config H_MF:
['conserve', 'iter', 't_p', 'verbose']
  warnings.warn(msg.format(keys=sorted(unused), name=self.name))
/global/homes/k/kwang98/.conda/envs/tenpy-env/lib/python3.11/site-packages/tenpy/tools/params.py:232: UserWarning: unused option ['verbose'] for config TwoSiteDMRGEngine
  warnings.warn(msg.format(keys=sorted(unused), name=self.name))
/global/homes/k/kwang98/.conda/envs/tenpy-env/lib/python3.11/site-packages/tenpy/tools/params.py:232: UserWarning: unused options for config H_MF:
['conserve', 'iter', 't_p', 'verbose']
  warnings.warn(msg.format(keys=sorted(unused), name=self.name))
slurmstepd: error: *** JOB 41635013 ON nid005940 CANCELLED AT 2025-08-16T00:11:08 DUE TO TIME LIMIT ***
