L=64, U=-4.0, t0=0.0, density=0.5
============================================================
Pair binding energy for Hubbard ladder
L = 64 rungs, 128 sites
U = -4.0, t = 1.0, t0 = 0.0, density = 0.5
N_base = 64
============================================================

[3/3] Computing E(N=64)
  Initial state: 64 particles (32 up, 32 dn)
After sweep 1 energy=-58.593952859258366  maxlinkdim=20 maxerr=2.57E-05 time=34.154
After sweep 2 energy=-125.03567858689694  maxlinkdim=50 maxerr=1.48E-05 time=6.757
After sweep 3 energy=-132.52963165780372  maxlinkdim=100 maxerr=1.69E-07 time=10.466
After sweep 4 energy=-135.0842272822319  maxlinkdim=200 maxerr=1.61E-09 time=18.120
After sweep 5 energy=-142.1309516671144  maxlinkdim=507 maxerr=1.00E-10 time=24.467
After sweep 6 energy=-152.12591785941373  maxlinkdim=1000 maxerr=2.17E-10 time=194.817
After sweep 7 energy=-160.23558907729526  maxlinkdim=1000 maxerr=5.66E-09 time=769.018
After sweep 8 energy=-165.0328503074299  maxlinkdim=1000 maxerr=5.05E-08 time=831.432
After sweep 9 energy=-167.28868516727672  maxlinkdim=1000 maxerr=8.88E-08 time=634.965
After sweep 10 energy=-168.45458080609632  maxlinkdim=1000 maxerr=1.97E-07 time=621.091
After sweep 11 energy=-169.05777968689634  maxlinkdim=1000 maxerr=4.75E-07 time=754.735
After sweep 12 energy=-169.62969478635875  maxlinkdim=1000 maxerr=2.45E-06 time=951.750
After sweep 13 energy=-170.06503243988155  maxlinkdim=1000 maxerr=7.19E-07 time=992.612
After sweep 14 energy=-170.42371521691703  maxlinkdim=1000 maxerr=1.63E-06 time=848.523
slurmstepd: error: *** STEP 47461472.0 ON nid007066 CANCELLED AT 2026-01-06T22:23:33 ***
slurmstepd: error: *** JOB 47461472 ON nid007066 CANCELLED AT 2026-01-06T22:23:33 ***
srun: Job step aborted: Waiting up to 32 seconds for job step to finish.
