Calculating pair binding energy for ladder
L=64, U=8.0, V=0.4, t0=1.0, density=0.875
============================================================
Pair binding energy for Hubbard ladder
L = 64 rungs, 128 sites
U = 8.0, V = 0.4, t = 1.0, t0 = 1.0, density = 0.875
N_base = 112
============================================================

[1/3] Computing E(N-2=110)
  Initial state: 110 particles (55 up, 55 dn)
After sweep 1 energy=15.711405343880418  maxlinkdim=20 maxerr=3.31E-04 time=49.876
After sweep 2 energy=5.863073852854162  maxlinkdim=50 maxerr=2.20E-05 time=29.247
After sweep 3 energy=0.28172417543229544  maxlinkdim=100 maxerr=5.70E-07 time=42.207
After sweep 4 energy=-2.505602682922302  maxlinkdim=200 maxerr=3.40E-07 time=62.971
After sweep 5 energy=-5.786796227767408  maxlinkdim=735 maxerr=1.00E-10 time=78.444
After sweep 6 energy=-10.530947790732572  maxlinkdim=1000 maxerr=2.49E-09 time=102.730
After sweep 7 energy=-13.86471108737666  maxlinkdim=1000 maxerr=1.16E-08 time=119.639
After sweep 8 energy=-15.596299464236925  maxlinkdim=1000 maxerr=6.88E-09 time=128.952
After sweep 9 energy=-17.68486918200458  maxlinkdim=1000 maxerr=1.99E-08 time=132.144
After sweep 10 energy=-19.142140084028807  maxlinkdim=1000 maxerr=3.61E-08 time=138.105
After sweep 11 energy=-20.229426722008505  maxlinkdim=1000 maxerr=4.49E-08 time=146.314
After sweep 12 energy=-21.250710430392925  maxlinkdim=1000 maxerr=6.05E-08 time=152.390
After sweep 13 energy=-22.032970346146254  maxlinkdim=1000 maxerr=4.68E-08 time=158.844
After sweep 14 energy=-22.896089200153956  maxlinkdim=1000 maxerr=1.24E-07 time=159.068
After sweep 15 energy=-23.347548050949158  maxlinkdim=1000 maxerr=3.52E-08 time=158.900
After sweep 16 energy=-23.754230836344632  maxlinkdim=1000 maxerr=2.95E-08 time=170.493
After sweep 17 energy=-24.163412541829693  maxlinkdim=1000 maxerr=4.31E-08 time=175.585
After sweep 18 energy=-24.50768767010032  maxlinkdim=1000 maxerr=3.38E-08 time=191.717
After sweep 19 energy=-24.834169997880927  maxlinkdim=1000 maxerr=3.81E-08 time=193.462
After sweep 20 energy=-25.126721676816103  maxlinkdim=1000 maxerr=3.77E-08 time=202.768
After sweep 21 energy=-25.417314785417783  maxlinkdim=1000 maxerr=2.96E-07 time=199.320
After sweep 22 energy=-25.690129203062458  maxlinkdim=1000 maxerr=4.23E-08 time=204.827
After sweep 23 energy=-25.963740090710935  maxlinkdim=1000 maxerr=1.35E-07 time=203.487
After sweep 24 energy=-26.186276761198858  maxlinkdim=1000 maxerr=6.46E-08 time=211.423
After sweep 25 energy=-26.415939927640185  maxlinkdim=1000 maxerr=7.87E-06 time=207.980
After sweep 26 energy=-26.652994281949358  maxlinkdim=1000 maxerr=1.02E-06 time=205.644
After sweep 27 energy=-26.875817082681408  maxlinkdim=1000 maxerr=5.54E-06 time=206.739
After sweep 28 energy=-27.113683398267227  maxlinkdim=1000 maxerr=1.02E-06 time=207.710
After sweep 29 energy=-27.326461065455355  maxlinkdim=1000 maxerr=1.31E-06 time=204.748
After sweep 30 energy=-27.543719088702755  maxlinkdim=1000 maxerr=8.17E-06 time=203.626
After sweep 31 energy=-27.7702328406831  maxlinkdim=1000 maxerr=3.34E-05 time=204.125
After sweep 32 energy=-28.017387170220605  maxlinkdim=1000 maxerr=9.34E-06 time=205.962
After sweep 33 energy=-28.22789981061929  maxlinkdim=1000 maxerr=5.87E-06 time=211.578
After sweep 34 energy=-28.39140974055128  maxlinkdim=1000 maxerr=2.14E-06 time=213.194
After sweep 35 energy=-28.59169982322786  maxlinkdim=1000 maxerr=2.31E-06 time=208.848
After sweep 36 energy=-28.708529555335925  maxlinkdim=1000 maxerr=6.61E-06 time=206.174
After sweep 37 energy=-28.819239574818827  maxlinkdim=1000 maxerr=5.40E-06 time=207.526
After sweep 38 energy=-28.934688892569277  maxlinkdim=1000 maxerr=5.13E-06 time=209.454
After sweep 39 energy=-29.0461363725998  maxlinkdim=1000 maxerr=4.41E-06 time=208.966
After sweep 40 energy=-29.146354153497644  maxlinkdim=1000 maxerr=3.60E-06 time=205.680
After sweep 41 energy=-29.251259470095587  maxlinkdim=1000 maxerr=3.51E-06 time=209.782
After sweep 42 energy=-29.349084991753784  maxlinkdim=1000 maxerr=7.82E-06 time=211.340
After sweep 43 energy=-29.44328224597228  maxlinkdim=1000 maxerr=6.72E-06 time=210.225
After sweep 44 energy=-29.53177111095804  maxlinkdim=1000 maxerr=6.74E-06 time=207.539
After sweep 45 energy=-29.612856484435866  maxlinkdim=1000 maxerr=1.97E-06 time=204.711
After sweep 46 energy=-29.691682729392173  maxlinkdim=1000 maxerr=6.54E-06 time=201.046
After sweep 47 energy=-29.765270636335153  maxlinkdim=1000 maxerr=2.84E-06 time=188.529
After sweep 48 energy=-29.83760595225045  maxlinkdim=1000 maxerr=1.13E-05 time=192.025
After sweep 49 energy=-29.90718022564475  maxlinkdim=1000 maxerr=4.03E-06 time=194.348
After sweep 50 energy=-29.97492375085863  maxlinkdim=1000 maxerr=1.06E-05 time=199.212
After sweep 51 energy=-30.039423137174932  maxlinkdim=1000 maxerr=6.50E-06 time=204.638
After sweep 52 energy=-30.10909812576173  maxlinkdim=1000 maxerr=6.95E-06 time=206.306
After sweep 53 energy=-30.168771458561224  maxlinkdim=1000 maxerr=6.62E-06 time=200.196
After sweep 54 energy=-30.229838633450242  maxlinkdim=1000 maxerr=1.22E-05 time=199.619
After sweep 55 energy=-30.29741422289068  maxlinkdim=1000 maxerr=1.32E-05 time=197.798
After sweep 56 energy=-30.55786523534816  maxlinkdim=1000 maxerr=1.56E-05 time=196.685
After sweep 57 energy=-30.706317151595258  maxlinkdim=1000 maxerr=1.55E-05 time=202.967
After sweep 58 energy=-30.778913764912282  maxlinkdim=1000 maxerr=1.01E-05 time=201.546
After sweep 59 energy=-30.83331633680966  maxlinkdim=1000 maxerr=1.29E-05 time=202.515
After sweep 60 energy=-30.880767796282118  maxlinkdim=1000 maxerr=1.82E-05 time=201.572
After sweep 61 energy=-30.913477518434473  maxlinkdim=1000 maxerr=1.39E-05 time=208.754
After sweep 62 energy=-30.935193767991606  maxlinkdim=1000 maxerr=1.73E-05 time=206.126
After sweep 63 energy=-30.950345346007417  maxlinkdim=1000 maxerr=1.53E-05 time=202.173
After sweep 64 energy=-30.958872465112265  maxlinkdim=1000 maxerr=1.38E-05 time=204.194
After sweep 65 energy=-30.963381735970547  maxlinkdim=1000 maxerr=1.39E-05 time=205.521
After sweep 66 energy=-30.965942204159578  maxlinkdim=1000 maxerr=1.33E-05 time=206.177
After sweep 67 energy=-30.96715331879899  maxlinkdim=1000 maxerr=1.26E-05 time=203.642
After sweep 68 energy=-30.967843769188363  maxlinkdim=1000 maxerr=1.26E-05 time=207.397
After sweep 69 energy=-30.968277567741204  maxlinkdim=1000 maxerr=1.29E-05 time=212.596
After sweep 70 energy=-30.9685599169816  maxlinkdim=1000 maxerr=1.30E-05 time=213.833
After sweep 71 energy=-30.968750201802028  maxlinkdim=1000 maxerr=1.31E-05 time=217.360
After sweep 72 energy=-30.968881028863795  maxlinkdim=1000 maxerr=1.32E-05 time=215.713
After sweep 73 energy=-30.96896882491375  maxlinkdim=1000 maxerr=1.32E-05 time=216.641
After sweep 74 energy=-30.969030019632992  maxlinkdim=1000 maxerr=1.33E-05 time=214.347
After sweep 75 energy=-30.969069721932893  maxlinkdim=1000 maxerr=1.33E-05 time=208.487
After sweep 76 energy=-30.969097304648564  maxlinkdim=1000 maxerr=1.33E-05 time=211.745
After sweep 77 energy=-30.969114752465128  maxlinkdim=1000 maxerr=1.34E-05 time=213.312
After sweep 78 energy=-30.969129674490915  maxlinkdim=1000 maxerr=1.34E-05 time=216.405
After sweep 79 energy=-30.96914065594472  maxlinkdim=1000 maxerr=1.34E-05 time=195.256
After sweep 80 energy=-30.96914780735211  maxlinkdim=1000 maxerr=1.34E-05 time=194.497
After sweep 81 energy=-30.969150475301007  maxlinkdim=1000 maxerr=1.34E-05 time=198.090
After sweep 82 energy=-30.96915418909892  maxlinkdim=1000 maxerr=1.34E-05 time=194.055
After sweep 83 energy=-30.969156441507817  maxlinkdim=1000 maxerr=1.34E-05 time=197.264
After sweep 84 energy=-30.969157258061795  maxlinkdim=1000 maxerr=1.34E-05 time=195.066
After sweep 85 energy=-30.969158163733756  maxlinkdim=1000 maxerr=1.34E-05 time=205.180
After sweep 86 energy=-30.96916078289057  maxlinkdim=1000 maxerr=1.34E-05 time=203.023
After sweep 87 energy=-30.969161250607876  maxlinkdim=1000 maxerr=1.34E-05 time=200.842
After sweep 88 energy=-30.969162597552813  maxlinkdim=1000 maxerr=1.34E-05 time=207.276
After sweep 89 energy=-30.9691599309348  maxlinkdim=1000 maxerr=1.34E-05 time=202.261
After sweep 90 energy=-30.96916179281165  maxlinkdim=1000 maxerr=1.34E-05 time=212.249
After sweep 91 energy=-30.96916222196621  maxlinkdim=1000 maxerr=1.34E-05 time=205.704
After sweep 92 energy=-30.96916363667886  maxlinkdim=1000 maxerr=1.34E-05 time=204.548
After sweep 93 energy=-30.969164260199523  maxlinkdim=1000 maxerr=1.34E-05 time=207.841
After sweep 94 energy=-30.969163619494946  maxlinkdim=1000 maxerr=1.34E-05 time=209.443
After sweep 95 energy=-30.96916427152556  maxlinkdim=1000 maxerr=1.34E-05 time=210.749
After sweep 96 energy=-30.96916450080055  maxlinkdim=1000 maxerr=1.34E-05 time=210.645
After sweep 97 energy=-30.969164263235974  maxlinkdim=1000 maxerr=1.34E-05 time=212.049
After sweep 98 energy=-30.96916450595895  maxlinkdim=1000 maxerr=1.34E-05 time=211.667
After sweep 99 energy=-30.9691645058116  maxlinkdim=1000 maxerr=1.34E-05 time=209.461
After sweep 100 energy=-30.969164191987275  maxlinkdim=1000 maxerr=1.34E-05 time=210.289
  E(N-2) = -30.969164191987275

[2/3] Computing E(N-1=111)
  Initial state: 111 particles (56 up, 55 dn)
After sweep 1 energy=15.021716812234796  maxlinkdim=20 maxerr=3.62E-04 time=10.477
After sweep 2 energy=5.930321224013674  maxlinkdim=50 maxerr=1.95E-05 time=24.468
After sweep 3 energy=0.1469543071602829  maxlinkdim=100 maxerr=2.74E-06 time=37.421
After sweep 4 energy=-2.8739582116270013  maxlinkdim=200 maxerr=1.58E-07 time=61.988
After sweep 5 energy=-5.091377565306113  maxlinkdim=611 maxerr=1.00E-10 time=69.166
After sweep 6 energy=-9.062763200897761  maxlinkdim=1000 maxerr=5.32E-10 time=85.014
After sweep 7 energy=-11.305578799961983  maxlinkdim=1000 maxerr=5.11E-09 time=99.245
After sweep 8 energy=-13.372240312236036  maxlinkdim=1000 maxerr=4.95E-09 time=112.354
After sweep 9 energy=-15.0493303125045  maxlinkdim=1000 maxerr=5.57E-09 time=124.541
After sweep 10 energy=-16.53524228304911  maxlinkdim=1000 maxerr=6.63E-09 time=135.167
After sweep 11 energy=-17.557916666184006  maxlinkdim=1000 maxerr=1.37E-08 time=133.478
After sweep 12 energy=-18.435630910385346  maxlinkdim=1000 maxerr=2.29E-08 time=144.631
After sweep 13 energy=-19.298469715881716  maxlinkdim=1000 maxerr=3.93E-08 time=154.273
After sweep 14 energy=-19.88176434198992  maxlinkdim=1000 maxerr=5.11E-08 time=159.259
After sweep 15 energy=-20.384260621313256  maxlinkdim=1000 maxerr=2.08E-08 time=164.371
After sweep 16 energy=-20.82344206744655  maxlinkdim=1000 maxerr=1.64E-08 time=166.689
After sweep 17 energy=-21.305475576085517  maxlinkdim=1000 maxerr=3.92E-08 time=173.832
After sweep 18 energy=-21.894928099362716  maxlinkdim=1000 maxerr=1.39E-07 time=176.750
After sweep 19 energy=-22.312686142473513  maxlinkdim=1000 maxerr=1.40E-07 time=182.572
After sweep 20 energy=-22.596744459984805  maxlinkdim=1000 maxerr=3.85E-08 time=185.639
After sweep 21 energy=-22.91778199208708  maxlinkdim=1000 maxerr=1.02E-07 time=194.549
After sweep 22 energy=-23.21542357056746  maxlinkdim=1000 maxerr=6.94E-08 time=203.440
After sweep 23 energy=-23.52403088936341  maxlinkdim=1000 maxerr=1.09E-07 time=210.608
After sweep 24 energy=-23.74877847624334  maxlinkdim=1000 maxerr=5.97E-08 time=209.980
After sweep 25 energy=-23.950440072155505  maxlinkdim=1000 maxerr=4.74E-08 time=207.241
After sweep 26 energy=-24.147738427883127  maxlinkdim=1000 maxerr=7.32E-08 time=207.620
After sweep 27 energy=-24.348870994119885  maxlinkdim=1000 maxerr=1.11E-07 time=207.698
After sweep 28 energy=-24.52219093273595  maxlinkdim=1000 maxerr=1.09E-07 time=202.965
After sweep 29 energy=-24.686464559756566  maxlinkdim=1000 maxerr=1.23E-07 time=210.643
After sweep 30 energy=-24.850332077014166  maxlinkdim=1000 maxerr=1.55E-07 time=209.496
After sweep 31 energy=-24.999841421119946  maxlinkdim=1000 maxerr=1.57E-07 time=204.459
After sweep 32 energy=-25.168951194525896  maxlinkdim=1000 maxerr=2.50E-07 time=203.479
After sweep 33 energy=-25.314267676733937  maxlinkdim=1000 maxerr=2.68E-07 time=203.460
After sweep 34 energy=-25.450312648430884  maxlinkdim=1000 maxerr=2.59E-07 time=206.880
After sweep 35 energy=-25.567147803792952  maxlinkdim=1000 maxerr=1.73E-07 time=203.511
After sweep 36 energy=-25.690884730091007  maxlinkdim=1000 maxerr=2.45E-07 time=206.308
After sweep 37 energy=-25.80201489246752  maxlinkdim=1000 maxerr=2.38E-07 time=205.793
After sweep 38 energy=-25.899813562029344  maxlinkdim=1000 maxerr=2.39E-07 time=205.505
After sweep 39 energy=-26.001076802681105  maxlinkdim=1000 maxerr=4.07E-07 time=210.672
After sweep 40 energy=-26.094750516536035  maxlinkdim=1000 maxerr=3.41E-07 time=210.621
After sweep 41 energy=-26.186129143538487  maxlinkdim=1000 maxerr=4.12E-07 time=212.000
After sweep 42 energy=-26.28611040893832  maxlinkdim=1000 maxerr=2.86E-05 time=212.488
After sweep 43 energy=-26.392624094183976  maxlinkdim=1000 maxerr=2.35E-06 time=212.615
After sweep 44 energy=-26.475205042295368  maxlinkdim=1000 maxerr=3.36E-06 time=217.201
After sweep 45 energy=-26.56661218272055  maxlinkdim=1000 maxerr=7.37E-06 time=214.877
After sweep 46 energy=-26.665680458612407  maxlinkdim=1000 maxerr=6.27E-06 time=213.976
After sweep 47 energy=-26.750772910358002  maxlinkdim=1000 maxerr=2.94E-06 time=211.894
After sweep 48 energy=-26.833528123076988  maxlinkdim=1000 maxerr=5.37E-06 time=209.393
After sweep 49 energy=-26.913723535823333  maxlinkdim=1000 maxerr=4.38E-06 time=208.263
After sweep 50 energy=-27.001425329958693  maxlinkdim=1000 maxerr=6.53E-06 time=211.881
After sweep 51 energy=-27.084795823522885  maxlinkdim=1000 maxerr=4.54E-06 time=208.135
After sweep 52 energy=-27.167481953562934  maxlinkdim=1000 maxerr=7.63E-06 time=208.226
After sweep 53 energy=-27.247077487180395  maxlinkdim=1000 maxerr=1.69E-05 time=212.915
After sweep 54 energy=-27.322184247371574  maxlinkdim=1000 maxerr=9.29E-06 time=210.876
After sweep 55 energy=-27.38679190075404  maxlinkdim=1000 maxerr=5.01E-06 time=210.023
After sweep 56 energy=-27.45212207915638  maxlinkdim=1000 maxerr=4.87E-06 time=211.417
After sweep 57 energy=-27.524540144883613  maxlinkdim=1000 maxerr=1.59E-05 time=212.060
After sweep 58 energy=-27.779807449659888  maxlinkdim=1000 maxerr=1.19E-05 time=206.944
After sweep 59 energy=-27.941196358880262  maxlinkdim=1000 maxerr=1.32E-05 time=206.412
After sweep 60 energy=-28.018703847336226  maxlinkdim=1000 maxerr=1.38E-05 time=205.749
After sweep 61 energy=-28.083803478922036  maxlinkdim=1000 maxerr=2.60E-05 time=205.782
After sweep 62 energy=-28.132563628407077  maxlinkdim=1000 maxerr=2.37E-05 time=209.462
After sweep 63 energy=-28.17070346769607  maxlinkdim=1000 maxerr=2.21E-05 time=213.592
After sweep 64 energy=-28.20109201711606  maxlinkdim=1000 maxerr=2.30E-05 time=212.319
After sweep 65 energy=-28.228247888075714  maxlinkdim=1000 maxerr=1.95E-05 time=222.107
After sweep 66 energy=-28.25561035242651  maxlinkdim=1000 maxerr=2.06E-05 time=213.283
After sweep 67 energy=-28.277478636828306  maxlinkdim=1000 maxerr=1.96E-05 time=214.450
After sweep 68 energy=-28.290066768517775  maxlinkdim=1000 maxerr=1.90E-05 time=212.013
After sweep 69 energy=-28.297911559188094  maxlinkdim=1000 maxerr=1.86E-05 time=213.121
After sweep 70 energy=-28.30104078388591  maxlinkdim=1000 maxerr=1.78E-05 time=213.394
After sweep 71 energy=-28.302465929310415  maxlinkdim=1000 maxerr=1.79E-05 time=217.333
After sweep 72 energy=-28.303187316669245  maxlinkdim=1000 maxerr=1.82E-05 time=218.644
After sweep 73 energy=-28.30360516957328  maxlinkdim=1000 maxerr=1.84E-05 time=217.161
After sweep 74 energy=-28.3038696838721  maxlinkdim=1000 maxerr=1.84E-05 time=216.203
After sweep 75 energy=-28.304065595375416  maxlinkdim=1000 maxerr=1.85E-05 time=216.773
After sweep 76 energy=-28.304209977034244  maxlinkdim=1000 maxerr=1.86E-05 time=216.621
After sweep 77 energy=-28.30432870417596  maxlinkdim=1000 maxerr=1.87E-05 time=212.721
After sweep 78 energy=-28.30442705490858  maxlinkdim=1000 maxerr=1.87E-05 time=213.550
After sweep 79 energy=-28.304506960685522  maxlinkdim=1000 maxerr=1.86E-05 time=216.960
After sweep 80 energy=-28.304578002011944  maxlinkdim=1000 maxerr=1.86E-05 time=216.689
After sweep 81 energy=-28.304637752762876  maxlinkdim=1000 maxerr=1.86E-05 time=213.142
After sweep 82 energy=-28.304694724541694  maxlinkdim=1000 maxerr=1.86E-05 time=214.182
After sweep 83 energy=-28.304741628978963  maxlinkdim=1000 maxerr=1.86E-05 time=214.296
After sweep 84 energy=-28.30478929342201  maxlinkdim=1000 maxerr=1.86E-05 time=213.084
After sweep 85 energy=-28.304833191547903  maxlinkdim=1000 maxerr=1.86E-05 time=205.949
After sweep 86 energy=-28.304870170930844  maxlinkdim=1000 maxerr=1.86E-05 time=213.582
After sweep 87 energy=-28.30490838032497  maxlinkdim=1000 maxerr=1.86E-05 time=214.429
After sweep 88 energy=-28.304945302694627  maxlinkdim=1000 maxerr=1.86E-05 time=214.423
After sweep 89 energy=-28.304979670584814  maxlinkdim=1000 maxerr=1.86E-05 time=214.316
After sweep 90 energy=-28.305012064160437  maxlinkdim=1000 maxerr=1.86E-05 time=215.929
After sweep 91 energy=-28.30504128253685  maxlinkdim=1000 maxerr=1.86E-05 time=213.363
After sweep 92 energy=-28.305074229392837  maxlinkdim=1000 maxerr=1.87E-05 time=215.710
After sweep 93 energy=-28.305103020601404  maxlinkdim=1000 maxerr=1.87E-05 time=209.982
After sweep 94 energy=-28.305131509340452  maxlinkdim=1000 maxerr=1.86E-05 time=215.971
After sweep 95 energy=-28.30515898909409  maxlinkdim=1000 maxerr=1.86E-05 time=213.693
After sweep 96 energy=-28.30518788097179  maxlinkdim=1000 maxerr=1.86E-05 time=212.877
After sweep 97 energy=-28.30521451566985  maxlinkdim=1000 maxerr=1.86E-05 time=221.083
After sweep 98 energy=-28.30523999406384  maxlinkdim=1000 maxerr=1.86E-05 time=220.772
After sweep 99 energy=-28.305262996083037  maxlinkdim=1000 maxerr=1.86E-05 time=218.959
After sweep 100 energy=-28.305288936705054  maxlinkdim=1000 maxerr=1.86E-05 time=214.801
  E(N-1) = -28.305288936705054

[3/3] Computing E(N=112)
  Initial state: 112 particles (56 up, 56 dn)
After sweep 1 energy=16.30275049247259  maxlinkdim=20 maxerr=3.31E-04 time=11.708
After sweep 2 energy=6.439222596039379  maxlinkdim=50 maxerr=1.95E-05 time=26.143
After sweep 3 energy=1.4949907787425605  maxlinkdim=100 maxerr=2.85E-06 time=39.896
After sweep 4 energy=-1.0214020094075174  maxlinkdim=200 maxerr=1.48E-06 time=63.064
After sweep 5 energy=-3.7399584780164807  maxlinkdim=1000 maxerr=8.66E-10 time=77.516
After sweep 6 energy=-7.543475710173766  maxlinkdim=1000 maxerr=9.18E-10 time=99.233
After sweep 7 energy=-10.19573076923982  maxlinkdim=1000 maxerr=4.07E-09 time=112.224
After sweep 8 energy=-11.894694541424945  maxlinkdim=1000 maxerr=5.67E-09 time=118.032
After sweep 9 energy=-14.03556659695144  maxlinkdim=1000 maxerr=1.92E-08 time=127.540
After sweep 10 energy=-15.42776024523669  maxlinkdim=1000 maxerr=3.74E-08 time=137.973
After sweep 11 energy=-16.569581924260554  maxlinkdim=1000 maxerr=5.93E-08 time=140.640
After sweep 12 energy=-17.306683708297808  maxlinkdim=1000 maxerr=3.38E-08 time=146.943
After sweep 13 energy=-17.973874583092073  maxlinkdim=1000 maxerr=4.81E-08 time=154.841
After sweep 14 energy=-18.51724280532539  maxlinkdim=1000 maxerr=3.89E-08 time=160.520
After sweep 15 energy=-18.973670749594515  maxlinkdim=1000 maxerr=3.45E-08 time=165.430
After sweep 16 energy=-19.45473384457696  maxlinkdim=1000 maxerr=3.75E-08 time=172.898
After sweep 17 energy=-19.89689072887976  maxlinkdim=1000 maxerr=5.53E-08 time=183.849
After sweep 18 energy=-20.347346518072676  maxlinkdim=1000 maxerr=8.35E-08 time=191.935
After sweep 19 energy=-20.765549917898074  maxlinkdim=1000 maxerr=1.73E-07 time=199.584
After sweep 20 energy=-21.15423210165539  maxlinkdim=1000 maxerr=1.47E-07 time=203.744
After sweep 21 energy=-21.512192717603806  maxlinkdim=1000 maxerr=1.98E-07 time=206.975
After sweep 22 energy=-21.708479450224022  maxlinkdim=1000 maxerr=5.16E-08 time=206.388
After sweep 23 energy=-21.88847344940554  maxlinkdim=1000 maxerr=4.72E-08 time=207.432
After sweep 24 energy=-22.115039168049716  maxlinkdim=1000 maxerr=1.35E-07 time=206.753
After sweep 25 energy=-22.28274798787396  maxlinkdim=1000 maxerr=1.08E-07 time=206.833
After sweep 26 energy=-22.42832142086311  maxlinkdim=1000 maxerr=7.83E-08 time=205.149
After sweep 27 energy=-22.57035479868025  maxlinkdim=1000 maxerr=7.60E-08 time=206.724
After sweep 28 energy=-22.705684131619652  maxlinkdim=1000 maxerr=7.65E-08 time=207.428
After sweep 29 energy=-22.831811657688913  maxlinkdim=1000 maxerr=7.69E-08 time=207.679
After sweep 30 energy=-22.953549204453715  maxlinkdim=1000 maxerr=8.79E-08 time=204.402
After sweep 31 energy=-23.083172417302805  maxlinkdim=1000 maxerr=1.28E-07 time=203.156
After sweep 32 energy=-23.198875113007073  maxlinkdim=1000 maxerr=1.31E-07 time=204.680
After sweep 33 energy=-23.315882151925226  maxlinkdim=1000 maxerr=4.54E-07 time=204.691
After sweep 34 energy=-23.458030225333037  maxlinkdim=1000 maxerr=7.29E-06 time=199.175
After sweep 35 energy=-23.61058014693843  maxlinkdim=1000 maxerr=3.75E-06 time=205.045
After sweep 36 energy=-23.72254920608765  maxlinkdim=1000 maxerr=9.33E-07 time=200.211
After sweep 37 energy=-23.804421511041948  maxlinkdim=1000 maxerr=2.35E-07 time=201.231
After sweep 38 energy=-23.903474789863406  maxlinkdim=1000 maxerr=1.39E-05 time=201.639
After sweep 39 energy=-23.988299485242745  maxlinkdim=1000 maxerr=1.58E-05 time=203.504
After sweep 40 energy=-24.07899311439523  maxlinkdim=1000 maxerr=6.04E-06 time=202.407
After sweep 41 energy=-24.164694536638002  maxlinkdim=1000 maxerr=2.60E-06 time=200.671
After sweep 42 energy=-24.245223862631626  maxlinkdim=1000 maxerr=2.29E-06 time=201.091
After sweep 43 energy=-24.33471668402946  maxlinkdim=1000 maxerr=2.45E-06 time=207.245
After sweep 44 energy=-24.40925091714712  maxlinkdim=1000 maxerr=2.85E-06 time=199.603
After sweep 45 energy=-24.477655152500137  maxlinkdim=1000 maxerr=3.50E-06 time=201.292
After sweep 46 energy=-24.541907009343543  maxlinkdim=1000 maxerr=2.11E-06 time=203.547
After sweep 47 energy=-24.599551765800502  maxlinkdim=1000 maxerr=2.59E-06 time=204.215
After sweep 48 energy=-24.66036373802175  maxlinkdim=1000 maxerr=2.80E-06 time=198.625
After sweep 49 energy=-24.719709298270406  maxlinkdim=1000 maxerr=2.34E-06 time=198.214
After sweep 50 energy=-24.774814529368573  maxlinkdim=1000 maxerr=3.75E-06 time=204.236
After sweep 51 energy=-24.828201359473383  maxlinkdim=1000 maxerr=3.96E-06 time=209.623
After sweep 52 energy=-24.88101066027966  maxlinkdim=1000 maxerr=4.08E-06 time=210.697
After sweep 53 energy=-24.93034999731857  maxlinkdim=1000 maxerr=4.26E-06 time=209.548
After sweep 54 energy=-24.975688448989008  maxlinkdim=1000 maxerr=5.32E-06 time=206.420
After sweep 55 energy=-25.0264463359277  maxlinkdim=1000 maxerr=7.54E-06 time=208.900
After sweep 56 energy=-25.067665217142903  maxlinkdim=1000 maxerr=3.98E-06 time=209.457
After sweep 57 energy=-25.107527664085342  maxlinkdim=1000 maxerr=5.14E-06 time=210.987
After sweep 58 energy=-25.14832345228068  maxlinkdim=1000 maxerr=1.19E-05 time=210.444
After sweep 59 energy=-25.18360158105712  maxlinkdim=1000 maxerr=5.69E-06 time=214.437
After sweep 60 energy=-25.216577493675665  maxlinkdim=1000 maxerr=4.11E-06 time=212.722
After sweep 61 energy=-25.249174452887864  maxlinkdim=1000 maxerr=4.73E-06 time=212.595
After sweep 62 energy=-25.282071125493232  maxlinkdim=1000 maxerr=7.67E-06 time=214.536
After sweep 63 energy=-25.313131189651116  maxlinkdim=1000 maxerr=9.49E-06 time=216.404
After sweep 64 energy=-25.341694598302098  maxlinkdim=1000 maxerr=6.58E-06 time=216.848
After sweep 65 energy=-25.36894601812422  maxlinkdim=1000 maxerr=7.88E-06 time=213.340
After sweep 66 energy=-25.494906370657517  maxlinkdim=1000 maxerr=1.86E-05 time=205.673
After sweep 67 energy=-25.5862698755222  maxlinkdim=1000 maxerr=1.22E-05 time=210.851
After sweep 68 energy=-25.632815110536654  maxlinkdim=1000 maxerr=1.58E-05 time=211.431
After sweep 69 energy=-25.66155445340251  maxlinkdim=1000 maxerr=1.21E-05 time=213.654
After sweep 70 energy=-25.680836513399147  maxlinkdim=1000 maxerr=1.18E-05 time=215.636
After sweep 71 energy=-25.69327770920745  maxlinkdim=1000 maxerr=1.41E-05 time=211.594
After sweep 72 energy=-25.699351097262866  maxlinkdim=1000 maxerr=1.26E-05 time=210.937
After sweep 73 energy=-25.702382844091545  maxlinkdim=1000 maxerr=1.21E-05 time=210.584
After sweep 74 energy=-25.703904175698078  maxlinkdim=1000 maxerr=1.21E-05 time=209.688
After sweep 75 energy=-25.70469910666473  maxlinkdim=1000 maxerr=1.20E-05 time=211.496
After sweep 76 energy=-25.70514929696708  maxlinkdim=1000 maxerr=1.19E-05 time=211.482
After sweep 77 energy=-25.705405856453144  maxlinkdim=1000 maxerr=1.20E-05 time=208.341
After sweep 78 energy=-25.705550706848918  maxlinkdim=1000 maxerr=1.20E-05 time=207.941
After sweep 79 energy=-25.705638880010838  maxlinkdim=1000 maxerr=1.21E-05 time=206.873
After sweep 80 energy=-25.70569137281204  maxlinkdim=1000 maxerr=1.21E-05 time=211.597
After sweep 81 energy=-25.705722397114656  maxlinkdim=1000 maxerr=1.21E-05 time=215.728
After sweep 82 energy=-25.7057470087761  maxlinkdim=1000 maxerr=1.22E-05 time=217.865
After sweep 83 energy=-25.705757964165922  maxlinkdim=1000 maxerr=1.22E-05 time=218.857
After sweep 84 energy=-25.705765922731448  maxlinkdim=1000 maxerr=1.22E-05 time=215.507
After sweep 85 energy=-25.705774129666803  maxlinkdim=1000 maxerr=1.22E-05 time=215.011
After sweep 86 energy=-25.70577713204554  maxlinkdim=1000 maxerr=1.22E-05 time=215.182
After sweep 87 energy=-25.705778573226  maxlinkdim=1000 maxerr=1.22E-05 time=215.111
After sweep 88 energy=-25.705782046961428  maxlinkdim=1000 maxerr=1.22E-05 time=211.128
After sweep 89 energy=-25.705781510045476  maxlinkdim=1000 maxerr=1.22E-05 time=208.977
After sweep 90 energy=-25.705783897090544  maxlinkdim=1000 maxerr=1.22E-05 time=209.797
After sweep 91 energy=-25.705785144392753  maxlinkdim=1000 maxerr=1.22E-05 time=213.301
After sweep 92 energy=-25.705785798190206  maxlinkdim=1000 maxerr=1.22E-05 time=216.359
After sweep 93 energy=-25.705785051430336  maxlinkdim=1000 maxerr=1.22E-05 time=215.270
After sweep 94 energy=-25.705785900727975  maxlinkdim=1000 maxerr=1.22E-05 time=212.809
After sweep 95 energy=-25.705785711166236  maxlinkdim=1000 maxerr=1.22E-05 time=213.406
After sweep 96 energy=-25.705785478596287  maxlinkdim=1000 maxerr=1.22E-05 time=211.925
After sweep 97 energy=-25.705785791688566  maxlinkdim=1000 maxerr=1.22E-05 time=213.939
After sweep 98 energy=-25.70578730205092  maxlinkdim=1000 maxerr=1.22E-05 time=214.115
After sweep 99 energy=-25.70578731442654  maxlinkdim=1000 maxerr=1.22E-05 time=212.838
After sweep 100 energy=-25.705787396808987  maxlinkdim=1000 maxerr=1.22E-05 time=211.422
  E(N) = -25.705787396808987

============================================================
RESULTS:
  E(110) = -30.969164191987275
  E(111) = -28.305288936705054
  E(112)     = -25.705787396808987
  E_p = -0.06437372  (attractive hole pairing)
============================================================
RESULT: E_p = -0.06437371538615366
E_p calculation completed
