Calculating pair binding energy for ladder
L=64, U=8.0, V=0.0, t0=1.6, density=0.875
============================================================
Pair binding energy for Hubbard ladder
L = 64 rungs, 128 sites
U = 8.0, V = 0.0, t = 1.0, t0 = 1.6, density = 0.875
N_base = 112
============================================================

[1/3] Computing E(N-2=110)
  Initial state: 110 particles (55 up, 55 dn)
After sweep 1 energy=-80.2614944207402  maxlinkdim=20 maxerr=3.08E-04 time=47.247
After sweep 2 energy=-88.50673279434535  maxlinkdim=50 maxerr=1.60E-05 time=28.283
After sweep 3 energy=-93.11772602961723  maxlinkdim=100 maxerr=1.36E-06 time=40.380
After sweep 4 energy=-96.91934873670893  maxlinkdim=200 maxerr=1.14E-07 time=56.221
After sweep 5 energy=-99.92109291994652  maxlinkdim=860 maxerr=1.00E-10 time=68.360
After sweep 6 energy=-102.30277901767924  maxlinkdim=1000 maxerr=7.09E-10 time=81.969
After sweep 7 energy=-104.0916584009783  maxlinkdim=1000 maxerr=1.46E-09 time=87.093
After sweep 8 energy=-105.53132788211401  maxlinkdim=1000 maxerr=2.25E-09 time=88.618
After sweep 9 energy=-106.48817295462241  maxlinkdim=1000 maxerr=1.71E-09 time=92.712
After sweep 10 energy=-107.34185530806724  maxlinkdim=1000 maxerr=2.64E-09 time=98.132
After sweep 11 energy=-108.05158520959873  maxlinkdim=1000 maxerr=2.70E-09 time=103.204
After sweep 12 energy=-108.63210820327055  maxlinkdim=1000 maxerr=1.93E-09 time=106.938
After sweep 13 energy=-109.11627852998089  maxlinkdim=1000 maxerr=2.49E-09 time=105.416
After sweep 14 energy=-109.54323631297196  maxlinkdim=1000 maxerr=3.26E-09 time=110.514
After sweep 15 energy=-109.87373001992592  maxlinkdim=1000 maxerr=4.35E-09 time=114.924
After sweep 16 energy=-110.1485101290302  maxlinkdim=1000 maxerr=5.83E-09 time=113.437
After sweep 17 energy=-110.37998319539273  maxlinkdim=1000 maxerr=2.50E-09 time=121.813
After sweep 18 energy=-110.57919801150389  maxlinkdim=1000 maxerr=2.13E-09 time=118.094
After sweep 19 energy=-110.75574363438041  maxlinkdim=1000 maxerr=2.36E-09 time=123.346
After sweep 20 energy=-110.91066584687512  maxlinkdim=1000 maxerr=2.30E-09 time=125.621
After sweep 21 energy=-111.05268349223431  maxlinkdim=1000 maxerr=2.24E-09 time=127.074
After sweep 22 energy=-111.18246276430574  maxlinkdim=1000 maxerr=2.82E-09 time=128.406
After sweep 23 energy=-111.31681995540274  maxlinkdim=1000 maxerr=3.64E-09 time=132.928
After sweep 24 energy=-111.43494677898522  maxlinkdim=1000 maxerr=2.86E-09 time=132.566
After sweep 25 energy=-111.54451734945268  maxlinkdim=1000 maxerr=4.65E-09 time=136.872
After sweep 26 energy=-111.65212888625285  maxlinkdim=1000 maxerr=5.20E-09 time=130.551
After sweep 27 energy=-111.75606183816149  maxlinkdim=1000 maxerr=4.30E-09 time=134.210
After sweep 28 energy=-111.85904502586266  maxlinkdim=1000 maxerr=4.14E-09 time=139.179
After sweep 29 energy=-111.97305211097103  maxlinkdim=1000 maxerr=9.02E-09 time=142.899
After sweep 30 energy=-112.13177251124115  maxlinkdim=1000 maxerr=4.05E-08 time=147.959
After sweep 31 energy=-112.26549035054708  maxlinkdim=1000 maxerr=3.04E-08 time=149.162
After sweep 32 energy=-112.3642328195815  maxlinkdim=1000 maxerr=1.19E-08 time=154.902
After sweep 33 energy=-112.45539443073284  maxlinkdim=1000 maxerr=1.08E-08 time=159.717
After sweep 34 energy=-112.5216308639006  maxlinkdim=1000 maxerr=4.10E-09 time=161.547
After sweep 35 energy=-112.58553022067163  maxlinkdim=1000 maxerr=4.01E-09 time=166.519
After sweep 36 energy=-112.64404481295833  maxlinkdim=1000 maxerr=1.77E-08 time=161.934
After sweep 37 energy=-112.69885503388268  maxlinkdim=1000 maxerr=8.19E-08 time=163.303
After sweep 38 energy=-112.7524998850327  maxlinkdim=1000 maxerr=8.22E-08 time=165.703
After sweep 39 energy=-112.80640645232806  maxlinkdim=1000 maxerr=1.31E-08 time=170.197
After sweep 40 energy=-112.85717702079123  maxlinkdim=1000 maxerr=1.50E-08 time=167.962
After sweep 41 energy=-112.90603437516677  maxlinkdim=1000 maxerr=5.80E-09 time=166.268
After sweep 42 energy=-112.94815424354888  maxlinkdim=1000 maxerr=4.10E-09 time=169.476
After sweep 43 energy=-112.98811508254947  maxlinkdim=1000 maxerr=4.94E-09 time=167.493
After sweep 44 energy=-113.02541974253323  maxlinkdim=1000 maxerr=6.23E-09 time=162.096
After sweep 45 energy=-113.06178239094633  maxlinkdim=1000 maxerr=5.08E-09 time=161.095
After sweep 46 energy=-113.0961498151216  maxlinkdim=1000 maxerr=3.90E-09 time=161.647
After sweep 47 energy=-113.13027290240812  maxlinkdim=1000 maxerr=4.68E-09 time=163.106
After sweep 48 energy=-113.16364632213728  maxlinkdim=1000 maxerr=4.41E-09 time=164.850
After sweep 49 energy=-113.19526748521564  maxlinkdim=1000 maxerr=4.30E-09 time=168.061
After sweep 50 energy=-113.22830685467194  maxlinkdim=1000 maxerr=5.76E-09 time=167.608
After sweep 51 energy=-113.26019189288454  maxlinkdim=1000 maxerr=5.38E-09 time=166.729
After sweep 52 energy=-113.29231720634  maxlinkdim=1000 maxerr=5.46E-09 time=166.723
After sweep 53 energy=-113.32362477312819  maxlinkdim=1000 maxerr=6.68E-09 time=164.495
After sweep 54 energy=-113.35466744386468  maxlinkdim=1000 maxerr=4.78E-09 time=167.080
After sweep 55 energy=-113.3829150754815  maxlinkdim=1000 maxerr=5.18E-09 time=166.925
After sweep 56 energy=-113.41046634002825  maxlinkdim=1000 maxerr=1.05E-08 time=164.934
After sweep 57 energy=-113.43659028197807  maxlinkdim=1000 maxerr=1.07E-08 time=173.803
After sweep 58 energy=-113.46125817298595  maxlinkdim=1000 maxerr=5.51E-09 time=172.053
After sweep 59 energy=-113.48590371771036  maxlinkdim=1000 maxerr=5.10E-09 time=168.660
After sweep 60 energy=-113.5096154725771  maxlinkdim=1000 maxerr=5.23E-09 time=170.451
After sweep 61 energy=-113.53333866285902  maxlinkdim=1000 maxerr=7.74E-09 time=170.898
After sweep 62 energy=-113.55571863644342  maxlinkdim=1000 maxerr=5.27E-09 time=173.430
After sweep 63 energy=-113.57666045016587  maxlinkdim=1000 maxerr=5.24E-09 time=174.964
After sweep 64 energy=-113.59796431807322  maxlinkdim=1000 maxerr=5.43E-09 time=172.781
After sweep 65 energy=-113.61854510144974  maxlinkdim=1000 maxerr=6.03E-09 time=169.518
After sweep 66 energy=-113.63869062716931  maxlinkdim=1000 maxerr=7.07E-09 time=169.278
After sweep 67 energy=-113.65868402124855  maxlinkdim=1000 maxerr=7.53E-09 time=168.898
After sweep 68 energy=-113.67847652504241  maxlinkdim=1000 maxerr=8.04E-09 time=168.342
After sweep 69 energy=-113.69856617691697  maxlinkdim=1000 maxerr=8.87E-09 time=168.213
After sweep 70 energy=-113.7162044153495  maxlinkdim=1000 maxerr=7.81E-09 time=168.850
After sweep 71 energy=-113.73138177762748  maxlinkdim=1000 maxerr=6.37E-09 time=169.198
After sweep 72 energy=-113.74812579060364  maxlinkdim=1000 maxerr=1.41E-08 time=168.490
After sweep 73 energy=-113.764133898945  maxlinkdim=1000 maxerr=1.22E-08 time=165.232
After sweep 74 energy=-113.77795039683295  maxlinkdim=1000 maxerr=6.07E-09 time=167.279
After sweep 75 energy=-113.79190574529703  maxlinkdim=1000 maxerr=5.98E-09 time=171.818
After sweep 76 energy=-113.81396405284393  maxlinkdim=1000 maxerr=3.80E-08 time=169.142
After sweep 77 energy=-113.8383399707098  maxlinkdim=1000 maxerr=3.66E-08 time=172.131
After sweep 78 energy=-113.8548638816382  maxlinkdim=1000 maxerr=6.40E-09 time=171.537
After sweep 79 energy=-113.87348462592132  maxlinkdim=1000 maxerr=4.97E-09 time=173.360
After sweep 80 energy=-113.88586208365687  maxlinkdim=1000 maxerr=1.17E-08 time=173.018
After sweep 81 energy=-113.89766083862776  maxlinkdim=1000 maxerr=5.23E-09 time=172.397
After sweep 82 energy=-113.90966353155865  maxlinkdim=1000 maxerr=7.31E-09 time=174.430
After sweep 83 energy=-113.92121666508896  maxlinkdim=1000 maxerr=6.12E-09 time=171.763
After sweep 84 energy=-113.93235187472473  maxlinkdim=1000 maxerr=6.21E-09 time=171.384
After sweep 85 energy=-113.94312839714104  maxlinkdim=1000 maxerr=6.44E-09 time=173.625
After sweep 86 energy=-113.9537263170365  maxlinkdim=1000 maxerr=6.89E-09 time=175.390
After sweep 87 energy=-113.96425367182444  maxlinkdim=1000 maxerr=7.48E-09 time=177.617
After sweep 88 energy=-113.97453240806747  maxlinkdim=1000 maxerr=7.52E-09 time=175.288
After sweep 89 energy=-113.98457187582689  maxlinkdim=1000 maxerr=7.77E-09 time=174.322
After sweep 90 energy=-113.99465346446887  maxlinkdim=1000 maxerr=8.63E-09 time=176.040
After sweep 91 energy=-114.00457981644067  maxlinkdim=1000 maxerr=9.11E-09 time=177.971
After sweep 92 energy=-114.01408201872354  maxlinkdim=1000 maxerr=9.00E-09 time=175.480
After sweep 93 energy=-114.023295291149  maxlinkdim=1000 maxerr=9.05E-09 time=177.236
After sweep 94 energy=-114.03243185990712  maxlinkdim=1000 maxerr=9.59E-09 time=179.322
After sweep 95 energy=-114.04157162093466  maxlinkdim=1000 maxerr=1.12E-08 time=178.235
After sweep 96 energy=-114.05037136767614  maxlinkdim=1000 maxerr=1.02E-08 time=174.412
After sweep 97 energy=-114.05880492034315  maxlinkdim=1000 maxerr=1.04E-08 time=171.986
After sweep 98 energy=-114.0670163817052  maxlinkdim=1000 maxerr=1.08E-08 time=169.635
After sweep 99 energy=-114.07503800517591  maxlinkdim=1000 maxerr=1.04E-08 time=180.919
After sweep 100 energy=-114.0827145033065  maxlinkdim=1000 maxerr=9.88E-09 time=181.471
  E(N-2) = -114.0827145033065

[2/3] Computing E(N-1=111)
  Initial state: 111 particles (56 up, 55 dn)
After sweep 1 energy=-81.70523966483908  maxlinkdim=20 maxerr=6.46E-04 time=10.731
After sweep 2 energy=-89.49008259485647  maxlinkdim=50 maxerr=2.52E-05 time=25.306
After sweep 3 energy=-94.01159780006077  maxlinkdim=100 maxerr=1.73E-06 time=37.501
After sweep 4 energy=-97.30859412226158  maxlinkdim=200 maxerr=1.63E-07 time=58.666
After sweep 5 energy=-100.3154368441808  maxlinkdim=910 maxerr=1.00E-10 time=69.882
After sweep 6 energy=-102.21717917950653  maxlinkdim=1000 maxerr=1.03E-09 time=85.118
After sweep 7 energy=-103.93337075563318  maxlinkdim=1000 maxerr=1.93E-09 time=89.718
After sweep 8 energy=-104.99846346061827  maxlinkdim=1000 maxerr=1.73E-09 time=91.593
After sweep 9 energy=-105.89002766193818  maxlinkdim=1000 maxerr=1.75E-09 time=97.257
After sweep 10 energy=-106.62268954581441  maxlinkdim=1000 maxerr=2.26E-09 time=100.995
After sweep 11 energy=-107.21908812042442  maxlinkdim=1000 maxerr=2.67E-09 time=100.383
After sweep 12 energy=-107.6622076143199  maxlinkdim=1000 maxerr=2.30E-09 time=102.619
After sweep 13 energy=-108.02778616067518  maxlinkdim=1000 maxerr=1.76E-09 time=104.182
After sweep 14 energy=-108.34283214911649  maxlinkdim=1000 maxerr=1.42E-09 time=107.257
After sweep 15 energy=-108.62990782551793  maxlinkdim=1000 maxerr=1.84E-09 time=107.586
After sweep 16 energy=-108.874099451283  maxlinkdim=1000 maxerr=1.57E-09 time=110.195
After sweep 17 energy=-109.09652957614942  maxlinkdim=1000 maxerr=1.81E-09 time=112.412
After sweep 18 energy=-109.29493321306084  maxlinkdim=1000 maxerr=2.03E-09 time=112.672
After sweep 19 energy=-109.48025762034149  maxlinkdim=1000 maxerr=2.41E-09 time=114.858
After sweep 20 energy=-109.6442484358869  maxlinkdim=1000 maxerr=2.51E-09 time=118.110
After sweep 21 energy=-109.79431807033433  maxlinkdim=1000 maxerr=4.94E-09 time=121.494
After sweep 22 energy=-109.93568510235767  maxlinkdim=1000 maxerr=3.38E-09 time=124.666
After sweep 23 energy=-110.07014926624394  maxlinkdim=1000 maxerr=4.75E-09 time=126.969
After sweep 24 energy=-110.19528499843511  maxlinkdim=1000 maxerr=4.59E-09 time=130.136
After sweep 25 energy=-110.30898282276024  maxlinkdim=1000 maxerr=4.45E-09 time=132.077
After sweep 26 energy=-110.41702363469908  maxlinkdim=1000 maxerr=4.81E-09 time=129.793
After sweep 27 energy=-110.51274541900943  maxlinkdim=1000 maxerr=5.73E-09 time=133.444
After sweep 28 energy=-110.60627025800919  maxlinkdim=1000 maxerr=6.49E-09 time=135.062
After sweep 29 energy=-110.70475987940851  maxlinkdim=1000 maxerr=1.10E-08 time=138.189
After sweep 30 energy=-110.80740994454217  maxlinkdim=1000 maxerr=1.58E-08 time=143.771
After sweep 31 energy=-110.8947416412512  maxlinkdim=1000 maxerr=1.50E-08 time=146.566
After sweep 32 energy=-110.98149902389312  maxlinkdim=1000 maxerr=2.41E-08 time=150.990
After sweep 33 energy=-111.0905024285836  maxlinkdim=1000 maxerr=5.72E-08 time=156.757
After sweep 34 energy=-111.186239493952  maxlinkdim=1000 maxerr=2.12E-07 time=154.956
After sweep 35 energy=-111.23642769514761  maxlinkdim=1000 maxerr=6.90E-09 time=156.418
After sweep 36 energy=-111.28814738664052  maxlinkdim=1000 maxerr=1.13E-08 time=160.805
After sweep 37 energy=-111.34174974451763  maxlinkdim=1000 maxerr=1.80E-08 time=161.204
After sweep 38 energy=-111.39907699380348  maxlinkdim=1000 maxerr=2.21E-08 time=160.404
After sweep 39 energy=-111.4485718746934  maxlinkdim=1000 maxerr=1.21E-08 time=159.774
After sweep 40 energy=-111.48983946845506  maxlinkdim=1000 maxerr=9.62E-09 time=160.635
After sweep 41 energy=-111.53453221595205  maxlinkdim=1000 maxerr=1.32E-08 time=158.513
After sweep 42 energy=-111.58443630898057  maxlinkdim=1000 maxerr=2.95E-08 time=158.171
After sweep 43 energy=-111.6263499231359  maxlinkdim=1000 maxerr=1.58E-08 time=161.337
After sweep 44 energy=-111.65633347801653  maxlinkdim=1000 maxerr=1.85E-08 time=163.724
After sweep 45 energy=-111.69195285590985  maxlinkdim=1000 maxerr=1.58E-08 time=172.049
After sweep 46 energy=-111.71840778805178  maxlinkdim=1000 maxerr=7.16E-09 time=172.336
After sweep 47 energy=-111.74225391661568  maxlinkdim=1000 maxerr=5.33E-09 time=177.697
After sweep 48 energy=-111.76776970742682  maxlinkdim=1000 maxerr=8.46E-09 time=176.600
After sweep 49 energy=-111.79429744126041  maxlinkdim=1000 maxerr=9.68E-09 time=173.206
After sweep 50 energy=-111.81863985701708  maxlinkdim=1000 maxerr=6.15E-09 time=172.271
After sweep 51 energy=-111.84293372712708  maxlinkdim=1000 maxerr=8.62E-09 time=171.102
After sweep 52 energy=-111.86784040622278  maxlinkdim=1000 maxerr=5.50E-08 time=174.107
After sweep 53 energy=-111.89507566686092  maxlinkdim=1000 maxerr=1.58E-08 time=175.102
After sweep 54 energy=-111.9234403600114  maxlinkdim=1000 maxerr=1.50E-08 time=176.816
After sweep 55 energy=-111.95445702425835  maxlinkdim=1000 maxerr=1.84E-08 time=173.005
After sweep 56 energy=-111.98182045459451  maxlinkdim=1000 maxerr=2.56E-07 time=176.052
After sweep 57 energy=-112.0055750942412  maxlinkdim=1000 maxerr=2.09E-08 time=175.354
After sweep 58 energy=-112.02985715304696  maxlinkdim=1000 maxerr=1.65E-08 time=176.734
After sweep 59 energy=-112.05433856016579  maxlinkdim=1000 maxerr=1.42E-08 time=175.046
After sweep 60 energy=-112.07315604665276  maxlinkdim=1000 maxerr=4.39E-08 time=170.741
After sweep 61 energy=-112.09082346183737  maxlinkdim=1000 maxerr=9.58E-09 time=176.855
After sweep 62 energy=-112.10770935200256  maxlinkdim=1000 maxerr=9.98E-09 time=175.024
After sweep 63 energy=-112.12439955203045  maxlinkdim=1000 maxerr=2.75E-08 time=172.444
After sweep 64 energy=-112.14105475083076  maxlinkdim=1000 maxerr=1.24E-08 time=173.819
After sweep 65 energy=-112.15741084346988  maxlinkdim=1000 maxerr=1.21E-08 time=173.572
After sweep 66 energy=-112.17377396403187  maxlinkdim=1000 maxerr=1.12E-08 time=172.870
After sweep 67 energy=-112.18997260075429  maxlinkdim=1000 maxerr=1.45E-08 time=172.380
After sweep 68 energy=-112.20463360908525  maxlinkdim=1000 maxerr=2.71E-08 time=171.712
After sweep 69 energy=-112.2179682085589  maxlinkdim=1000 maxerr=8.64E-09 time=173.375
After sweep 70 energy=-112.23022289520299  maxlinkdim=1000 maxerr=6.87E-09 time=173.635
After sweep 71 energy=-112.24238261745612  maxlinkdim=1000 maxerr=8.28E-09 time=171.551
After sweep 72 energy=-112.25512045931106  maxlinkdim=1000 maxerr=1.35E-08 time=166.591
After sweep 73 energy=-112.26700184930728  maxlinkdim=1000 maxerr=8.33E-09 time=171.024
After sweep 74 energy=-112.27860894867597  maxlinkdim=1000 maxerr=1.51E-08 time=173.356
After sweep 75 energy=-112.28979232388511  maxlinkdim=1000 maxerr=9.39E-09 time=170.154
After sweep 76 energy=-112.30081504401335  maxlinkdim=1000 maxerr=2.59E-08 time=173.039
After sweep 77 energy=-112.312361623554  maxlinkdim=1000 maxerr=1.23E-08 time=180.212
After sweep 78 energy=-112.32416945237571  maxlinkdim=1000 maxerr=1.43E-08 time=176.749
After sweep 79 energy=-112.33567446859733  maxlinkdim=1000 maxerr=1.16E-08 time=174.459
After sweep 80 energy=-112.34658370836806  maxlinkdim=1000 maxerr=1.39E-08 time=175.476
After sweep 81 energy=-112.35740290776234  maxlinkdim=1000 maxerr=1.32E-08 time=176.058
After sweep 82 energy=-112.36778028722627  maxlinkdim=1000 maxerr=1.20E-08 time=172.860
After sweep 83 energy=-112.37745337928342  maxlinkdim=1000 maxerr=1.27E-08 time=168.472
After sweep 84 energy=-112.38670171302307  maxlinkdim=1000 maxerr=1.35E-08 time=167.817
After sweep 85 energy=-112.3957495024902  maxlinkdim=1000 maxerr=1.37E-08 time=170.380
After sweep 86 energy=-112.40455119192539  maxlinkdim=1000 maxerr=1.41E-08 time=168.395
After sweep 87 energy=-112.41352935215103  maxlinkdim=1000 maxerr=1.54E-08 time=168.491
After sweep 88 energy=-112.42171531413591  maxlinkdim=1000 maxerr=1.36E-08 time=168.523
After sweep 89 energy=-112.4300726738625  maxlinkdim=1000 maxerr=1.56E-08 time=172.206
After sweep 90 energy=-112.4385966568829  maxlinkdim=1000 maxerr=1.60E-08 time=173.767
After sweep 91 energy=-112.44678942704572  maxlinkdim=1000 maxerr=1.68E-08 time=170.805
After sweep 92 energy=-112.45488749209119  maxlinkdim=1000 maxerr=1.91E-08 time=170.738
After sweep 93 energy=-112.46276638705528  maxlinkdim=1000 maxerr=1.89E-08 time=168.655
After sweep 94 energy=-112.47011624212197  maxlinkdim=1000 maxerr=1.78E-08 time=172.854
After sweep 95 energy=-112.47695130244122  maxlinkdim=1000 maxerr=1.68E-08 time=174.616
After sweep 96 energy=-112.483629079356  maxlinkdim=1000 maxerr=1.53E-08 time=176.608
After sweep 97 energy=-112.48974770427868  maxlinkdim=1000 maxerr=1.51E-08 time=176.048
After sweep 98 energy=-112.50025881729249  maxlinkdim=1000 maxerr=2.70E-07 time=170.724
After sweep 99 energy=-112.51083687370287  maxlinkdim=1000 maxerr=2.29E-07 time=172.275
After sweep 100 energy=-112.51577434871322  maxlinkdim=1000 maxerr=2.08E-08 time=175.593
  E(N-1) = -112.51577434871322

[3/3] Computing E(N=112)
  Initial state: 112 particles (56 up, 56 dn)
After sweep 1 energy=-81.41787408072877  maxlinkdim=20 maxerr=3.05E-04 time=9.690
After sweep 2 energy=-89.60708890250602  maxlinkdim=50 maxerr=3.41E-05 time=22.607
After sweep 3 energy=-93.8237404097325  maxlinkdim=100 maxerr=2.15E-06 time=35.442
After sweep 4 energy=-97.37877797938181  maxlinkdim=200 maxerr=1.85E-07 time=53.889
After sweep 5 energy=-100.14053204438737  maxlinkdim=960 maxerr=1.00E-10 time=66.612
After sweep 6 energy=-102.12689492737455  maxlinkdim=1000 maxerr=1.06E-09 time=80.286
After sweep 7 energy=-103.3074856417297  maxlinkdim=1000 maxerr=1.70E-09 time=82.235
After sweep 8 energy=-104.24189648206217  maxlinkdim=1000 maxerr=1.49E-09 time=88.586
After sweep 9 energy=-104.9906571746219  maxlinkdim=1000 maxerr=1.63E-09 time=89.477
After sweep 10 energy=-105.59838448420074  maxlinkdim=1000 maxerr=1.39E-09 time=90.184
After sweep 11 energy=-106.06162882664361  maxlinkdim=1000 maxerr=1.36E-09 time=92.942
After sweep 12 energy=-106.4555314888488  maxlinkdim=1000 maxerr=1.64E-09 time=94.727
After sweep 13 energy=-106.80065273395809  maxlinkdim=1000 maxerr=1.69E-09 time=95.533
After sweep 14 energy=-107.09713919219392  maxlinkdim=1000 maxerr=1.94E-09 time=97.705
After sweep 15 energy=-107.36332278652628  maxlinkdim=1000 maxerr=2.57E-09 time=99.741
After sweep 16 energy=-107.6043821855061  maxlinkdim=1000 maxerr=3.55E-09 time=101.827
After sweep 17 energy=-107.82691410935112  maxlinkdim=1000 maxerr=4.18E-09 time=103.357
After sweep 18 energy=-108.01697180363689  maxlinkdim=1000 maxerr=4.03E-09 time=104.349
After sweep 19 energy=-108.18849803616581  maxlinkdim=1000 maxerr=4.47E-09 time=105.845
After sweep 20 energy=-108.3414890577935  maxlinkdim=1000 maxerr=4.38E-09 time=104.254
After sweep 21 energy=-108.48434837277317  maxlinkdim=1000 maxerr=3.91E-09 time=108.866
After sweep 22 energy=-108.61435323541549  maxlinkdim=1000 maxerr=4.42E-09 time=116.301
After sweep 23 energy=-108.74235159958894  maxlinkdim=1000 maxerr=5.39E-09 time=118.108
After sweep 24 energy=-108.8590200101767  maxlinkdim=1000 maxerr=5.83E-09 time=116.115
After sweep 25 energy=-108.96913689961102  maxlinkdim=1000 maxerr=7.32E-09 time=123.529
After sweep 26 energy=-109.06986170633024  maxlinkdim=1000 maxerr=7.27E-09 time=125.284
After sweep 27 energy=-109.15793432077777  maxlinkdim=1000 maxerr=5.62E-09 time=129.859
After sweep 28 energy=-109.23980817016268  maxlinkdim=1000 maxerr=6.37E-09 time=137.507
After sweep 29 energy=-109.31941766034588  maxlinkdim=1000 maxerr=5.42E-09 time=142.238
After sweep 30 energy=-109.39372215758078  maxlinkdim=1000 maxerr=6.12E-09 time=140.729
After sweep 31 energy=-109.47525148414066  maxlinkdim=1000 maxerr=1.00E-08 time=144.732
After sweep 32 energy=-109.55299839134645  maxlinkdim=1000 maxerr=1.42E-08 time=149.443
After sweep 33 energy=-109.64362068514777  maxlinkdim=1000 maxerr=3.62E-08 time=154.488
After sweep 34 energy=-109.69769582060039  maxlinkdim=1000 maxerr=6.85E-09 time=155.848
After sweep 35 energy=-109.75095878901026  maxlinkdim=1000 maxerr=7.78E-09 time=154.990
After sweep 36 energy=-109.7983505118992  maxlinkdim=1000 maxerr=4.03E-09 time=161.077
After sweep 37 energy=-109.84377275042539  maxlinkdim=1000 maxerr=1.20E-08 time=159.574
After sweep 38 energy=-109.8821333517894  maxlinkdim=1000 maxerr=1.47E-08 time=160.673
After sweep 39 energy=-109.91651328962867  maxlinkdim=1000 maxerr=1.04E-08 time=160.575
After sweep 40 energy=-109.94940677440287  maxlinkdim=1000 maxerr=3.26E-09 time=161.357
After sweep 41 energy=-109.98479617438642  maxlinkdim=1000 maxerr=6.34E-09 time=162.286
After sweep 42 energy=-110.02247767480591  maxlinkdim=1000 maxerr=1.10E-08 time=167.214
After sweep 43 energy=-110.07192407518872  maxlinkdim=1000 maxerr=2.22E-08 time=168.012
After sweep 44 energy=-110.11986248249448  maxlinkdim=1000 maxerr=2.81E-08 time=174.283
After sweep 45 energy=-110.14834771738312  maxlinkdim=1000 maxerr=7.97E-09 time=176.566
After sweep 46 energy=-110.17400686592559  maxlinkdim=1000 maxerr=6.09E-09 time=176.892
After sweep 47 energy=-110.20035040346633  maxlinkdim=1000 maxerr=7.60E-09 time=178.482
After sweep 48 energy=-110.22707674409352  maxlinkdim=1000 maxerr=1.65E-08 time=175.777
After sweep 49 energy=-110.25145286796617  maxlinkdim=1000 maxerr=6.43E-08 time=171.689
After sweep 50 energy=-110.27309901755808  maxlinkdim=1000 maxerr=7.82E-09 time=176.073
After sweep 51 energy=-110.29191136223298  maxlinkdim=1000 maxerr=4.97E-09 time=176.088
After sweep 52 energy=-110.311497115434  maxlinkdim=1000 maxerr=8.51E-09 time=174.055
After sweep 53 energy=-110.32952974453993  maxlinkdim=1000 maxerr=1.45E-08 time=173.611
After sweep 54 energy=-110.35013156739083  maxlinkdim=1000 maxerr=2.13E-08 time=178.011
After sweep 55 energy=-110.37046758054282  maxlinkdim=1000 maxerr=4.20E-08 time=173.986
After sweep 56 energy=-110.38946108436501  maxlinkdim=1000 maxerr=9.38E-09 time=175.737
After sweep 57 energy=-110.40765365391353  maxlinkdim=1000 maxerr=1.87E-08 time=176.954
After sweep 58 energy=-110.42508116742795  maxlinkdim=1000 maxerr=1.64E-08 time=175.082
After sweep 59 energy=-110.44387299224985  maxlinkdim=1000 maxerr=1.39E-08 time=175.552
After sweep 60 energy=-110.459236803436  maxlinkdim=1000 maxerr=6.77E-08 time=174.056
After sweep 61 energy=-110.47697044143351  maxlinkdim=1000 maxerr=1.40E-08 time=171.899
After sweep 62 energy=-110.49187054867687  maxlinkdim=1000 maxerr=8.20E-09 time=175.427
After sweep 63 energy=-110.50626166955078  maxlinkdim=1000 maxerr=5.87E-08 time=174.373
After sweep 64 energy=-110.52186305334547  maxlinkdim=1000 maxerr=8.37E-09 time=173.367
After sweep 65 energy=-110.53932552180815  maxlinkdim=1000 maxerr=1.74E-08 time=176.032
After sweep 66 energy=-110.55577954249495  maxlinkdim=1000 maxerr=3.14E-08 time=174.790
After sweep 67 energy=-110.56886850821536  maxlinkdim=1000 maxerr=1.31E-08 time=175.278
After sweep 68 energy=-110.58159876037828  maxlinkdim=1000 maxerr=8.05E-09 time=170.371
After sweep 69 energy=-110.59479698436127  maxlinkdim=1000 maxerr=1.25E-08 time=168.651
After sweep 70 energy=-110.60958306009648  maxlinkdim=1000 maxerr=4.27E-08 time=168.246
After sweep 71 energy=-110.62150837351122  maxlinkdim=1000 maxerr=1.93E-08 time=178.431
After sweep 72 energy=-110.63311371805864  maxlinkdim=1000 maxerr=6.74E-09 time=179.625
After sweep 73 energy=-110.64486901874741  maxlinkdim=1000 maxerr=8.82E-09 time=173.841
After sweep 74 energy=-110.6552049467406  maxlinkdim=1000 maxerr=8.20E-09 time=175.271
After sweep 75 energy=-110.66658859557523  maxlinkdim=1000 maxerr=1.63E-08 time=177.341
After sweep 76 energy=-110.67720633041533  maxlinkdim=1000 maxerr=2.90E-08 time=181.005
After sweep 77 energy=-110.68718680956667  maxlinkdim=1000 maxerr=5.28E-08 time=180.558
After sweep 78 energy=-110.6967081983383  maxlinkdim=1000 maxerr=1.57E-08 time=178.282
After sweep 79 energy=-110.7069289128606  maxlinkdim=1000 maxerr=1.17E-08 time=180.285
After sweep 80 energy=-110.71790747221928  maxlinkdim=1000 maxerr=1.47E-08 time=181.453
After sweep 81 energy=-110.72794411901516  maxlinkdim=1000 maxerr=1.37E-08 time=180.571
After sweep 82 energy=-110.73735023259482  maxlinkdim=1000 maxerr=1.01E-08 time=182.979
After sweep 83 energy=-110.74557777680411  maxlinkdim=1000 maxerr=5.87E-09 time=178.442
After sweep 84 energy=-110.75429565452598  maxlinkdim=1000 maxerr=1.86E-08 time=176.718
After sweep 85 energy=-110.7622758179893  maxlinkdim=1000 maxerr=6.27E-09 time=169.195
After sweep 86 energy=-110.76989314096454  maxlinkdim=1000 maxerr=1.03E-08 time=176.999
After sweep 87 energy=-110.77721209592814  maxlinkdim=1000 maxerr=1.35E-08 time=173.975
After sweep 88 energy=-110.78407289797458  maxlinkdim=1000 maxerr=1.04E-08 time=170.846
After sweep 89 energy=-110.79087434097883  maxlinkdim=1000 maxerr=7.21E-09 time=175.908
After sweep 90 energy=-110.79975933822962  maxlinkdim=1000 maxerr=5.01E-08 time=172.421
After sweep 91 energy=-110.80765901103557  maxlinkdim=1000 maxerr=1.07E-08 time=179.057
After sweep 92 energy=-110.81592444231083  maxlinkdim=1000 maxerr=3.59E-08 time=175.165
After sweep 93 energy=-110.8242505765064  maxlinkdim=1000 maxerr=1.68E-07 time=170.543
After sweep 94 energy=-110.83266624442912  maxlinkdim=1000 maxerr=2.61E-07 time=170.071
After sweep 95 energy=-110.84150453896176  maxlinkdim=1000 maxerr=9.68E-08 time=171.510
After sweep 96 energy=-110.84988838464656  maxlinkdim=1000 maxerr=2.72E-07 time=172.001
After sweep 97 energy=-110.85988255426786  maxlinkdim=1000 maxerr=4.02E-07 time=171.818
After sweep 98 energy=-110.86778148818445  maxlinkdim=1000 maxerr=1.66E-07 time=171.628
After sweep 99 energy=-110.87529278644479  maxlinkdim=1000 maxerr=4.82E-07 time=175.694
After sweep 100 energy=-110.88212431996948  maxlinkdim=1000 maxerr=1.06E-07 time=179.138
  E(N) = -110.88212431996948

============================================================
RESULTS:
  E(110) = -114.0827145033065
  E(111) = -112.51577434871322
  E(112)     = -110.88212431996948
  E_p = 0.06670987  (repulsive hole pairing)
============================================================
RESULT: E_p = 0.0667098741504617
E_p calculation completed
