Calculating pair binding energy for ladder
L=64, U=4.0, V=-0.8, t0=1.0, density=0.875
============================================================
Pair binding energy for Hubbard ladder
L = 64 rungs, 128 sites
U = 4.0, V = -0.8, t = 1.0, t0 = 1.0, density = 0.875
N_base = 112
============================================================

[1/3] Computing E(N-2=110)
  Initial state: 110 particles (55 up, 55 dn)
After sweep 1 energy=-201.4004414204671  maxlinkdim=20 maxerr=7.05E-04 time=50.072
After sweep 2 energy=-207.51581568726144  maxlinkdim=50 maxerr=3.40E-04 time=35.931
After sweep 3 energy=-209.94146633227652  maxlinkdim=100 maxerr=2.90E-04 time=51.618
After sweep 4 energy=-211.20643268602566  maxlinkdim=200 maxerr=9.69E-05 time=75.233
After sweep 5 energy=-212.01472984607614  maxlinkdim=1500 maxerr=6.61E-08 time=163.766
After sweep 6 energy=-212.51075099083945  maxlinkdim=1500 maxerr=4.62E-08 time=321.404
After sweep 7 energy=-212.80635294274643  maxlinkdim=1500 maxerr=5.16E-08 time=327.145
After sweep 8 energy=-213.05141905242078  maxlinkdim=1500 maxerr=7.52E-08 time=328.664
After sweep 9 energy=-213.32651866294802  maxlinkdim=1500 maxerr=4.72E-07 time=336.459
After sweep 10 energy=-213.56109508235846  maxlinkdim=1500 maxerr=4.11E-07 time=336.752
After sweep 11 energy=-213.7470611950876  maxlinkdim=1500 maxerr=7.11E-07 time=341.341
After sweep 12 energy=-213.92951853735  maxlinkdim=1500 maxerr=2.35E-06 time=343.041
After sweep 13 energy=-214.0845401444497  maxlinkdim=1500 maxerr=8.31E-07 time=342.677
After sweep 14 energy=-214.21236590621106  maxlinkdim=1500 maxerr=9.38E-07 time=341.547
After sweep 15 energy=-214.35035451602488  maxlinkdim=1500 maxerr=8.83E-07 time=340.546
After sweep 16 energy=-214.53277742061877  maxlinkdim=1500 maxerr=1.76E-06 time=342.187
After sweep 17 energy=-214.69262732176514  maxlinkdim=1500 maxerr=2.50E-06 time=344.232
After sweep 18 energy=-214.8239365075156  maxlinkdim=1500 maxerr=1.66E-06 time=338.978
After sweep 19 energy=-214.95008360700757  maxlinkdim=1500 maxerr=3.01E-06 time=335.701
After sweep 20 energy=-215.11385610190038  maxlinkdim=1500 maxerr=7.66E-06 time=339.586
After sweep 21 energy=-215.23535395747305  maxlinkdim=1500 maxerr=5.07E-06 time=341.751
After sweep 22 energy=-215.32774415674956  maxlinkdim=1500 maxerr=2.13E-06 time=336.628
After sweep 23 energy=-215.42271233858358  maxlinkdim=1500 maxerr=5.89E-06 time=342.170
After sweep 24 energy=-215.48157051448493  maxlinkdim=1500 maxerr=1.39E-06 time=345.396
After sweep 25 energy=-215.54630850716197  maxlinkdim=1500 maxerr=7.55E-07 time=341.401
After sweep 26 energy=-215.59674379107875  maxlinkdim=1500 maxerr=7.87E-07 time=335.458
After sweep 27 energy=-215.65108496730826  maxlinkdim=1500 maxerr=7.06E-07 time=339.662
After sweep 28 energy=-215.70806664550773  maxlinkdim=1500 maxerr=8.13E-07 time=333.162
After sweep 29 energy=-215.76080682080854  maxlinkdim=1500 maxerr=1.60E-06 time=337.579
After sweep 30 energy=-215.81193699815304  maxlinkdim=1500 maxerr=1.96E-06 time=335.590
After sweep 31 energy=-215.86318970436403  maxlinkdim=1500 maxerr=3.66E-06 time=335.732
After sweep 32 energy=-215.90966753645324  maxlinkdim=1500 maxerr=9.11E-06 time=336.205
After sweep 33 energy=-215.9554237213992  maxlinkdim=1500 maxerr=5.96E-06 time=337.700
After sweep 34 energy=-215.99718598454527  maxlinkdim=1500 maxerr=6.02E-06 time=334.437
After sweep 35 energy=-216.03941606198285  maxlinkdim=1500 maxerr=4.58E-06 time=335.475
After sweep 36 energy=-216.07978685747332  maxlinkdim=1500 maxerr=3.50E-06 time=333.128
After sweep 37 energy=-216.11516659799253  maxlinkdim=1500 maxerr=3.64E-06 time=337.346
After sweep 38 energy=-216.1532359013942  maxlinkdim=1500 maxerr=3.85E-06 time=339.171
After sweep 39 energy=-216.18537695340453  maxlinkdim=1500 maxerr=5.90E-06 time=338.841
After sweep 40 energy=-216.22160906613274  maxlinkdim=1500 maxerr=4.23E-06 time=335.218
After sweep 41 energy=-216.25169863485652  maxlinkdim=1500 maxerr=3.79E-06 time=336.876
After sweep 42 energy=-216.2807992050159  maxlinkdim=1500 maxerr=4.24E-06 time=336.732
After sweep 43 energy=-216.39635996752594  maxlinkdim=1500 maxerr=1.04E-05 time=332.987
After sweep 44 energy=-216.48448398952115  maxlinkdim=1500 maxerr=1.36E-05 time=338.710
After sweep 45 energy=-216.53056474228953  maxlinkdim=1500 maxerr=1.18E-05 time=337.251
After sweep 46 energy=-216.5647889406599  maxlinkdim=1500 maxerr=1.67E-05 time=337.358
After sweep 47 energy=-216.58902593929304  maxlinkdim=1500 maxerr=1.84E-05 time=343.003
After sweep 48 energy=-216.60596878624975  maxlinkdim=1500 maxerr=1.60E-05 time=340.409
After sweep 49 energy=-216.61803301670756  maxlinkdim=1500 maxerr=1.82E-05 time=341.163
After sweep 50 energy=-216.6262698962511  maxlinkdim=1500 maxerr=1.70E-05 time=341.814
After sweep 51 energy=-216.63201520116547  maxlinkdim=1500 maxerr=1.73E-05 time=339.020
After sweep 52 energy=-216.63499454107864  maxlinkdim=1500 maxerr=1.87E-05 time=338.131
After sweep 53 energy=-216.6359785331728  maxlinkdim=1500 maxerr=1.58E-05 time=349.356
After sweep 54 energy=-216.63628523094897  maxlinkdim=1500 maxerr=1.51E-05 time=344.177
After sweep 55 energy=-216.63639310645027  maxlinkdim=1500 maxerr=1.49E-05 time=340.904
Stopping DMRG after sweep 55
  E(N-2) = -216.63639310645027

[2/3] Computing E(N-1=111)
  Initial state: 111 particles (56 up, 55 dn)
After sweep 1 energy=-203.64027462644665  maxlinkdim=20 maxerr=6.78E-04 time=11.246
After sweep 2 energy=-209.22424864321633  maxlinkdim=50 maxerr=3.74E-04 time=28.138
After sweep 3 energy=-211.5148073392559  maxlinkdim=100 maxerr=2.59E-04 time=46.129
After sweep 4 energy=-212.83941378052228  maxlinkdim=200 maxerr=1.03E-04 time=75.058
After sweep 5 energy=-213.53869190893045  maxlinkdim=1500 maxerr=1.61E-07 time=157.082
After sweep 6 energy=-213.88926743041847  maxlinkdim=1500 maxerr=8.04E-08 time=317.164
After sweep 7 energy=-214.1964416397178  maxlinkdim=1500 maxerr=6.23E-08 time=318.245
After sweep 8 energy=-214.49817286298156  maxlinkdim=1500 maxerr=1.88E-07 time=326.085
After sweep 9 energy=-214.72913358845256  maxlinkdim=1500 maxerr=7.47E-07 time=336.030
After sweep 10 energy=-214.9083990098262  maxlinkdim=1500 maxerr=8.48E-06 time=348.240
After sweep 11 energy=-215.04369989970826  maxlinkdim=1500 maxerr=2.42E-06 time=348.906
After sweep 12 energy=-215.17576343505277  maxlinkdim=1500 maxerr=2.68E-06 time=350.484
After sweep 13 energy=-215.3142998880406  maxlinkdim=1500 maxerr=6.35E-06 time=345.453
After sweep 14 energy=-215.4447235166357  maxlinkdim=1500 maxerr=1.58E-05 time=343.136
After sweep 15 energy=-215.57401972131083  maxlinkdim=1500 maxerr=7.89E-06 time=343.637
After sweep 16 energy=-215.69550049079243  maxlinkdim=1500 maxerr=5.53E-06 time=339.577
After sweep 17 energy=-215.81305044231604  maxlinkdim=1500 maxerr=5.83E-06 time=338.231
After sweep 18 energy=-215.96414142531538  maxlinkdim=1500 maxerr=4.38E-06 time=334.497
After sweep 19 energy=-216.10777989468914  maxlinkdim=1500 maxerr=3.24E-06 time=340.569
After sweep 20 energy=-216.2049250991136  maxlinkdim=1500 maxerr=8.42E-07 time=344.113
After sweep 21 energy=-216.285837726346  maxlinkdim=1500 maxerr=7.57E-07 time=331.437
After sweep 22 energy=-216.35439211788366  maxlinkdim=1500 maxerr=7.64E-07 time=339.397
After sweep 23 energy=-216.4192865636872  maxlinkdim=1500 maxerr=8.43E-07 time=341.350
After sweep 24 energy=-216.47987278478735  maxlinkdim=1500 maxerr=7.10E-07 time=343.263
After sweep 25 energy=-216.54567272198366  maxlinkdim=1500 maxerr=7.04E-07 time=343.136
After sweep 26 energy=-216.61804987427368  maxlinkdim=1500 maxerr=1.29E-06 time=337.825
After sweep 27 energy=-216.68781745243112  maxlinkdim=1500 maxerr=1.58E-06 time=338.554
After sweep 28 energy=-216.74929942271697  maxlinkdim=1500 maxerr=3.75E-06 time=348.153
After sweep 29 energy=-216.79754528208528  maxlinkdim=1500 maxerr=3.80E-06 time=342.616
After sweep 30 energy=-216.8464884649556  maxlinkdim=1500 maxerr=2.59E-06 time=343.127
After sweep 31 energy=-216.8947646741854  maxlinkdim=1500 maxerr=3.21E-06 time=338.846
After sweep 32 energy=-216.9443519982952  maxlinkdim=1500 maxerr=8.89E-06 time=331.633
After sweep 33 energy=-216.98816031040514  maxlinkdim=1500 maxerr=5.38E-06 time=333.849
After sweep 34 energy=-217.02856531956618  maxlinkdim=1500 maxerr=7.63E-06 time=337.287
After sweep 35 energy=-217.07757818114436  maxlinkdim=1500 maxerr=1.35E-05 time=334.592
After sweep 36 energy=-217.12064112821912  maxlinkdim=1500 maxerr=5.11E-06 time=336.790
After sweep 37 energy=-217.1590053349416  maxlinkdim=1500 maxerr=6.17E-06 time=333.843
After sweep 38 energy=-217.19593752389326  maxlinkdim=1500 maxerr=8.22E-06 time=336.143
After sweep 39 energy=-217.2326777065073  maxlinkdim=1500 maxerr=1.13E-05 time=336.906
After sweep 40 energy=-217.26778131911465  maxlinkdim=1500 maxerr=1.37E-05 time=339.483
After sweep 41 energy=-217.29934924124402  maxlinkdim=1500 maxerr=1.23E-05 time=341.989
After sweep 42 energy=-217.32976342029912  maxlinkdim=1500 maxerr=9.16E-06 time=335.244
After sweep 43 energy=-217.35820696873068  maxlinkdim=1500 maxerr=1.23E-05 time=339.812
After sweep 44 energy=-217.46055642905864  maxlinkdim=1500 maxerr=1.78E-05 time=335.949
After sweep 45 energy=-217.5269629690044  maxlinkdim=1500 maxerr=1.07E-05 time=349.786
After sweep 46 energy=-217.56090172834183  maxlinkdim=1500 maxerr=1.31E-05 time=345.451
After sweep 47 energy=-217.58491328067979  maxlinkdim=1500 maxerr=1.48E-05 time=347.655
After sweep 48 energy=-217.60339471623848  maxlinkdim=1500 maxerr=1.52E-05 time=345.754
After sweep 49 energy=-217.61676050494987  maxlinkdim=1500 maxerr=1.82E-05 time=348.410
After sweep 50 energy=-217.62651299424667  maxlinkdim=1500 maxerr=2.09E-05 time=349.095
After sweep 51 energy=-217.63240931900992  maxlinkdim=1500 maxerr=2.30E-05 time=347.881
After sweep 52 energy=-217.63552515598036  maxlinkdim=1500 maxerr=2.22E-05 time=348.792
After sweep 53 energy=-217.63696934800382  maxlinkdim=1500 maxerr=2.19E-05 time=337.124
After sweep 54 energy=-217.63766283036352  maxlinkdim=1500 maxerr=2.20E-05 time=345.550
After sweep 55 energy=-217.63803305461735  maxlinkdim=1500 maxerr=2.22E-05 time=341.796
After sweep 56 energy=-217.63825491284587  maxlinkdim=1500 maxerr=2.26E-05 time=347.841
After sweep 57 energy=-217.63840895725596  maxlinkdim=1500 maxerr=2.30E-05 time=346.114
Stopping DMRG after sweep 57
  E(N-1) = -217.63840895725596

[3/3] Computing E(N=112)
  Initial state: 112 particles (56 up, 56 dn)
After sweep 1 energy=-205.09798533277268  maxlinkdim=20 maxerr=9.26E-04 time=11.417
After sweep 2 energy=-210.85246029384842  maxlinkdim=50 maxerr=2.45E-04 time=28.507
After sweep 3 energy=-213.06855426555728  maxlinkdim=100 maxerr=2.57E-04 time=43.169
After sweep 4 energy=-214.2414666467841  maxlinkdim=200 maxerr=1.40E-04 time=62.778
After sweep 5 energy=-214.95835711431943  maxlinkdim=1500 maxerr=3.53E-07 time=156.886
After sweep 6 energy=-215.28495186448274  maxlinkdim=1500 maxerr=3.34E-08 time=323.796
After sweep 7 energy=-215.5734977597723  maxlinkdim=1500 maxerr=8.53E-08 time=321.161
After sweep 8 energy=-215.83298429167272  maxlinkdim=1500 maxerr=5.07E-07 time=327.661
After sweep 9 energy=-216.04881662531736  maxlinkdim=1500 maxerr=2.83E-07 time=328.362
After sweep 10 energy=-216.21706340308026  maxlinkdim=1500 maxerr=3.99E-07 time=333.979
After sweep 11 energy=-216.37620227687535  maxlinkdim=1500 maxerr=2.42E-06 time=333.605
After sweep 12 energy=-216.5157489453398  maxlinkdim=1500 maxerr=1.62E-06 time=339.108
After sweep 13 energy=-216.63773787633787  maxlinkdim=1500 maxerr=9.61E-07 time=341.390
After sweep 14 energy=-216.75031410522135  maxlinkdim=1500 maxerr=2.34E-06 time=344.074
After sweep 15 energy=-216.8573271177914  maxlinkdim=1500 maxerr=8.83E-07 time=343.599
After sweep 16 energy=-216.95242924229177  maxlinkdim=1500 maxerr=1.53E-06 time=343.295
After sweep 17 energy=-217.05225963672922  maxlinkdim=1500 maxerr=1.23E-05 time=335.589
After sweep 18 energy=-217.15063598183903  maxlinkdim=1500 maxerr=3.49E-06 time=340.301
After sweep 19 energy=-217.24819402540857  maxlinkdim=1500 maxerr=3.45E-06 time=340.648
After sweep 20 energy=-217.37598332588146  maxlinkdim=1500 maxerr=4.25E-06 time=337.946
After sweep 21 energy=-217.47309864329142  maxlinkdim=1500 maxerr=2.66E-06 time=336.880
After sweep 22 energy=-217.5475213419978  maxlinkdim=1500 maxerr=8.37E-07 time=341.549
After sweep 23 energy=-217.6080462776622  maxlinkdim=1500 maxerr=5.49E-07 time=336.395
After sweep 24 energy=-217.66552194334818  maxlinkdim=1500 maxerr=5.85E-07 time=333.808
After sweep 25 energy=-217.7373605452236  maxlinkdim=1500 maxerr=7.28E-07 time=337.288
After sweep 26 energy=-217.7911610144915  maxlinkdim=1500 maxerr=7.07E-07 time=338.613
After sweep 27 energy=-217.84401864173714  maxlinkdim=1500 maxerr=7.03E-07 time=338.870
After sweep 28 energy=-217.89695132710273  maxlinkdim=1500 maxerr=7.04E-07 time=339.595
After sweep 29 energy=-217.94509244806179  maxlinkdim=1500 maxerr=7.05E-07 time=341.133
After sweep 30 energy=-217.99054945750825  maxlinkdim=1500 maxerr=7.05E-07 time=336.872
After sweep 31 energy=-218.0321623520126  maxlinkdim=1500 maxerr=7.27E-07 time=334.700
After sweep 32 energy=-218.0732625065106  maxlinkdim=1500 maxerr=1.35E-06 time=337.989
After sweep 33 energy=-218.11144042820956  maxlinkdim=1500 maxerr=1.88E-06 time=343.776
After sweep 34 energy=-218.14952984807144  maxlinkdim=1500 maxerr=1.09E-06 time=340.060
After sweep 35 energy=-218.18587966501858  maxlinkdim=1500 maxerr=1.61E-06 time=333.581
After sweep 36 energy=-218.22471642437313  maxlinkdim=1500 maxerr=2.12E-06 time=331.166
After sweep 37 energy=-218.26066877012917  maxlinkdim=1500 maxerr=7.07E-06 time=332.710
After sweep 38 energy=-218.30154562375944  maxlinkdim=1500 maxerr=8.61E-06 time=331.789
After sweep 39 energy=-218.33339131312837  maxlinkdim=1500 maxerr=2.38E-06 time=330.330
After sweep 40 energy=-218.45939131210986  maxlinkdim=1500 maxerr=2.03E-05 time=328.114
After sweep 41 energy=-218.54520598594496  maxlinkdim=1500 maxerr=8.71E-06 time=337.473
After sweep 42 energy=-218.59105366053862  maxlinkdim=1500 maxerr=9.43E-06 time=335.403
After sweep 43 energy=-218.62969370526307  maxlinkdim=1500 maxerr=1.81E-05 time=334.415
After sweep 44 energy=-218.66140008061163  maxlinkdim=1500 maxerr=1.12E-05 time=333.119
After sweep 45 energy=-218.6875095616839  maxlinkdim=1500 maxerr=1.57E-05 time=337.074
After sweep 46 energy=-218.7084138752222  maxlinkdim=1500 maxerr=1.31E-05 time=339.130
After sweep 47 energy=-218.72294231292753  maxlinkdim=1500 maxerr=1.46E-05 time=336.831
After sweep 48 energy=-218.73289075219657  maxlinkdim=1500 maxerr=1.55E-05 time=344.592
After sweep 49 energy=-218.739552192687  maxlinkdim=1500 maxerr=1.59E-05 time=342.859
After sweep 50 energy=-218.7428483274023  maxlinkdim=1500 maxerr=1.55E-05 time=342.728
After sweep 51 energy=-218.74410413454413  maxlinkdim=1500 maxerr=1.40E-05 time=338.722
After sweep 52 energy=-218.74451266707234  maxlinkdim=1500 maxerr=1.27E-05 time=339.453
After sweep 53 energy=-218.74465204951102  maxlinkdim=1500 maxerr=1.27E-05 time=337.249
Stopping DMRG after sweep 53
  E(N) = -218.74465204951102

============================================================
RESULTS:
  E(110) = -216.63639310645027
  E(111) = -217.63840895725596
  E(112)     = -218.74465204951102
  E_p = -0.10422724  (attractive hole pairing)
============================================================
RESULT: E_p = -0.10422724144933682
E_p calculation completed
