Calculating pair binding energy for ladder
L=64, U=8.0, V=-0.2, t0=1.0, density=0.875
============================================================
Pair binding energy for Hubbard ladder
L = 64 rungs, 128 sites
U = 8.0, V = -0.2, t = 1.0, t0 = 1.0, density = 0.875
N_base = 112
============================================================

[1/3] Computing E(N-2=110)
  Initial state: 110 particles (55 up, 55 dn)
After sweep 1 energy=-80.29119100727453  maxlinkdim=20 maxerr=3.45E-04 time=48.454
After sweep 2 energy=-86.91396353658125  maxlinkdim=50 maxerr=1.56E-05 time=32.430
After sweep 3 energy=-89.43199897076475  maxlinkdim=100 maxerr=5.12E-06 time=46.405
After sweep 4 energy=-91.25512773937653  maxlinkdim=200 maxerr=2.85E-07 time=68.404
After sweep 5 energy=-93.84029879010535  maxlinkdim=939 maxerr=1.00E-10 time=78.254
After sweep 6 energy=-96.6572914371956  maxlinkdim=1000 maxerr=1.15E-09 time=96.744
After sweep 7 energy=-98.25667368710954  maxlinkdim=1000 maxerr=3.60E-09 time=106.802
After sweep 8 energy=-99.23415018599655  maxlinkdim=1000 maxerr=5.26E-09 time=111.287
After sweep 9 energy=-100.22212837306404  maxlinkdim=1000 maxerr=6.27E-09 time=118.044
After sweep 10 energy=-101.13925003188551  maxlinkdim=1000 maxerr=8.74E-09 time=125.487
After sweep 11 energy=-101.77768225808886  maxlinkdim=1000 maxerr=7.72E-09 time=129.253
After sweep 12 energy=-102.5945133703347  maxlinkdim=1000 maxerr=1.93E-08 time=138.125
After sweep 13 energy=-103.22592440097532  maxlinkdim=1000 maxerr=3.99E-08 time=141.898
After sweep 14 energy=-103.89110679103236  maxlinkdim=1000 maxerr=6.78E-08 time=155.254
After sweep 15 energy=-104.4421616537686  maxlinkdim=1000 maxerr=6.87E-08 time=162.670
After sweep 16 energy=-104.78658311307582  maxlinkdim=1000 maxerr=3.41E-08 time=161.325
After sweep 17 energy=-105.1048404716275  maxlinkdim=1000 maxerr=4.50E-08 time=168.162
After sweep 18 energy=-105.34194114847809  maxlinkdim=1000 maxerr=2.91E-08 time=166.708
After sweep 19 energy=-105.63884938049034  maxlinkdim=1000 maxerr=6.61E-08 time=168.331
After sweep 20 energy=-105.89077629818689  maxlinkdim=1000 maxerr=3.36E-08 time=173.445
After sweep 21 energy=-106.13754759887478  maxlinkdim=1000 maxerr=4.42E-08 time=175.950
After sweep 22 energy=-106.3778146868028  maxlinkdim=1000 maxerr=5.95E-08 time=193.111
After sweep 23 energy=-106.66029877797679  maxlinkdim=1000 maxerr=1.57E-07 time=190.241
After sweep 24 energy=-106.97191716712149  maxlinkdim=1000 maxerr=2.68E-07 time=197.133
After sweep 25 energy=-107.20059224988405  maxlinkdim=1000 maxerr=1.47E-07 time=196.698
After sweep 26 energy=-107.36402106847785  maxlinkdim=1000 maxerr=4.29E-08 time=192.595
After sweep 27 energy=-107.52557946118638  maxlinkdim=1000 maxerr=7.24E-08 time=195.576
After sweep 28 energy=-107.6597418054088  maxlinkdim=1000 maxerr=6.38E-08 time=206.291
After sweep 29 energy=-107.79747452877388  maxlinkdim=1000 maxerr=3.68E-07 time=204.906
After sweep 30 energy=-107.93362783047957  maxlinkdim=1000 maxerr=9.99E-08 time=212.256
After sweep 31 energy=-108.0534239173925  maxlinkdim=1000 maxerr=1.08E-07 time=204.593
After sweep 32 energy=-108.16015056798271  maxlinkdim=1000 maxerr=1.06E-07 time=201.693
After sweep 33 energy=-108.25696848273626  maxlinkdim=1000 maxerr=1.05E-07 time=206.420
After sweep 34 energy=-108.35182082906256  maxlinkdim=1000 maxerr=1.13E-07 time=207.338
After sweep 35 energy=-108.44552808156295  maxlinkdim=1000 maxerr=1.38E-07 time=212.882
After sweep 36 energy=-108.55707971142522  maxlinkdim=1000 maxerr=2.43E-07 time=209.586
After sweep 37 energy=-108.65745532149543  maxlinkdim=1000 maxerr=2.58E-07 time=217.121
After sweep 38 energy=-108.77388165067279  maxlinkdim=1000 maxerr=4.04E-06 time=210.559
After sweep 39 energy=-108.90950317768035  maxlinkdim=1000 maxerr=4.44E-06 time=202.675
After sweep 40 energy=-108.99246743948416  maxlinkdim=1000 maxerr=5.05E-07 time=208.343
After sweep 41 energy=-109.05852782241669  maxlinkdim=1000 maxerr=6.48E-07 time=211.431
After sweep 42 energy=-109.11901571935734  maxlinkdim=1000 maxerr=8.30E-07 time=210.357
After sweep 43 energy=-109.18643517179962  maxlinkdim=1000 maxerr=7.12E-07 time=214.025
After sweep 44 energy=-109.25414138642213  maxlinkdim=1000 maxerr=5.74E-07 time=214.452
After sweep 45 energy=-109.31638337633287  maxlinkdim=1000 maxerr=1.88E-06 time=208.253
After sweep 46 energy=-109.3764945140863  maxlinkdim=1000 maxerr=1.80E-06 time=208.731
After sweep 47 energy=-109.43244171403627  maxlinkdim=1000 maxerr=1.14E-06 time=212.694
After sweep 48 energy=-109.48597450923528  maxlinkdim=1000 maxerr=1.61E-06 time=213.173
After sweep 49 energy=-109.53846186393822  maxlinkdim=1000 maxerr=5.49E-06 time=217.772
After sweep 50 energy=-109.59635193325491  maxlinkdim=1000 maxerr=2.03E-06 time=218.098
After sweep 51 energy=-109.65225948655552  maxlinkdim=1000 maxerr=4.11E-06 time=216.223
After sweep 52 energy=-109.70659471449957  maxlinkdim=1000 maxerr=1.13E-06 time=204.128
After sweep 53 energy=-109.75814409464726  maxlinkdim=1000 maxerr=1.05E-06 time=198.033
After sweep 54 energy=-109.80871044730776  maxlinkdim=1000 maxerr=1.08E-06 time=201.398
After sweep 55 energy=-109.8566907632263  maxlinkdim=1000 maxerr=1.71E-06 time=203.204
After sweep 56 energy=-109.90266417403461  maxlinkdim=1000 maxerr=9.86E-07 time=199.940
After sweep 57 energy=-109.94699970970935  maxlinkdim=1000 maxerr=1.11E-06 time=206.073
After sweep 58 energy=-109.99035008413391  maxlinkdim=1000 maxerr=1.28E-06 time=204.828
After sweep 59 energy=-110.03285628242216  maxlinkdim=1000 maxerr=1.34E-06 time=206.959
After sweep 60 energy=-110.07050719327735  maxlinkdim=1000 maxerr=1.30E-06 time=204.931
After sweep 61 energy=-110.1087602154988  maxlinkdim=1000 maxerr=1.46E-06 time=202.774
After sweep 62 energy=-110.14664239107606  maxlinkdim=1000 maxerr=1.64E-06 time=199.144
After sweep 63 energy=-110.18147903213641  maxlinkdim=1000 maxerr=1.29E-06 time=201.514
After sweep 64 energy=-110.21701892437912  maxlinkdim=1000 maxerr=2.17E-06 time=204.520
After sweep 65 energy=-110.36094239140107  maxlinkdim=1000 maxerr=7.98E-06 time=198.243
After sweep 66 energy=-110.47646811129202  maxlinkdim=1000 maxerr=9.51E-06 time=199.529
After sweep 67 energy=-110.55111012512197  maxlinkdim=1000 maxerr=2.01E-05 time=198.321
After sweep 68 energy=-110.6112168308655  maxlinkdim=1000 maxerr=1.06E-05 time=194.755
After sweep 69 energy=-110.66226522335857  maxlinkdim=1000 maxerr=1.18E-05 time=200.815
After sweep 70 energy=-110.70192876757332  maxlinkdim=1000 maxerr=1.16E-05 time=198.188
After sweep 71 energy=-110.73553392394167  maxlinkdim=1000 maxerr=1.16E-05 time=205.279
After sweep 72 energy=-110.77265973929363  maxlinkdim=1000 maxerr=1.16E-05 time=210.803
After sweep 73 energy=-110.81320494484709  maxlinkdim=1000 maxerr=2.31E-05 time=217.147
After sweep 74 energy=-110.84464609735437  maxlinkdim=1000 maxerr=1.52E-05 time=211.126
After sweep 75 energy=-110.86494037334197  maxlinkdim=1000 maxerr=1.27E-05 time=208.623
After sweep 76 energy=-110.87925024819535  maxlinkdim=1000 maxerr=1.24E-05 time=210.805
After sweep 77 energy=-110.88942311186167  maxlinkdim=1000 maxerr=1.14E-05 time=211.623
After sweep 78 energy=-110.89758186064464  maxlinkdim=1000 maxerr=1.23E-05 time=209.203
After sweep 79 energy=-110.9017680565185  maxlinkdim=1000 maxerr=1.04E-05 time=211.980
After sweep 80 energy=-110.90329366123747  maxlinkdim=1000 maxerr=9.62E-06 time=208.306
After sweep 81 energy=-110.90390323755518  maxlinkdim=1000 maxerr=9.33E-06 time=215.419
After sweep 82 energy=-110.90417866929315  maxlinkdim=1000 maxerr=9.01E-06 time=208.748
After sweep 83 energy=-110.90430057927024  maxlinkdim=1000 maxerr=8.96E-06 time=214.821
After sweep 84 energy=-110.90436400510129  maxlinkdim=1000 maxerr=8.90E-06 time=210.597
After sweep 85 energy=-110.90439189185797  maxlinkdim=1000 maxerr=8.89E-06 time=208.265
After sweep 86 energy=-110.90441355474594  maxlinkdim=1000 maxerr=8.88E-06 time=212.269
After sweep 87 energy=-110.904423867206  maxlinkdim=1000 maxerr=8.89E-06 time=211.991
After sweep 88 energy=-110.90443501509355  maxlinkdim=1000 maxerr=8.92E-06 time=215.005
After sweep 89 energy=-110.9044393910095  maxlinkdim=1000 maxerr=8.95E-06 time=214.960
After sweep 90 energy=-110.90444081160707  maxlinkdim=1000 maxerr=8.97E-06 time=214.030
After sweep 91 energy=-110.90444499001829  maxlinkdim=1000 maxerr=8.99E-06 time=210.404
After sweep 92 energy=-110.90444638278728  maxlinkdim=1000 maxerr=9.00E-06 time=209.394
After sweep 93 energy=-110.90444781315283  maxlinkdim=1000 maxerr=9.00E-06 time=210.913
After sweep 94 energy=-110.90444885970469  maxlinkdim=1000 maxerr=9.01E-06 time=211.752
After sweep 95 energy=-110.90445134844317  maxlinkdim=1000 maxerr=9.01E-06 time=206.526
After sweep 96 energy=-110.90445321466129  maxlinkdim=1000 maxerr=9.01E-06 time=211.470
After sweep 97 energy=-110.90445379970583  maxlinkdim=1000 maxerr=9.02E-06 time=210.269
After sweep 98 energy=-110.90445370722801  maxlinkdim=1000 maxerr=9.02E-06 time=217.122
After sweep 99 energy=-110.904453061467  maxlinkdim=1000 maxerr=9.02E-06 time=211.409
After sweep 100 energy=-110.90445390319971  maxlinkdim=1000 maxerr=9.02E-06 time=214.144
  E(N-2) = -110.90445390319971

[2/3] Computing E(N-1=111)
  Initial state: 111 particles (56 up, 55 dn)
After sweep 1 energy=-82.05776322080999  maxlinkdim=20 maxerr=3.72E-04 time=11.611
After sweep 2 energy=-87.84478461844438  maxlinkdim=50 maxerr=1.56E-05 time=26.023
After sweep 3 energy=-90.25423993046682  maxlinkdim=100 maxerr=7.77E-06 time=40.742
After sweep 4 energy=-91.81696174464777  maxlinkdim=200 maxerr=4.75E-07 time=64.227
After sweep 5 energy=-94.25574271735647  maxlinkdim=933 maxerr=1.00E-10 time=74.705
After sweep 6 energy=-96.43301940770313  maxlinkdim=1000 maxerr=3.51E-10 time=95.465
After sweep 7 energy=-97.8048610557769  maxlinkdim=1000 maxerr=1.89E-09 time=111.512
After sweep 8 energy=-98.76910907655005  maxlinkdim=1000 maxerr=3.12E-09 time=114.290
After sweep 9 energy=-99.66066207509705  maxlinkdim=1000 maxerr=3.71E-09 time=121.127
After sweep 10 energy=-100.51513675361836  maxlinkdim=1000 maxerr=5.15E-09 time=124.515
After sweep 11 energy=-101.45364259986098  maxlinkdim=1000 maxerr=1.38E-08 time=126.717
After sweep 12 energy=-102.2376584308901  maxlinkdim=1000 maxerr=2.03E-08 time=132.662
After sweep 13 energy=-102.8684232391065  maxlinkdim=1000 maxerr=4.15E-08 time=136.704
After sweep 14 energy=-103.40039125066164  maxlinkdim=1000 maxerr=4.22E-08 time=138.468
After sweep 15 energy=-103.87047336064569  maxlinkdim=1000 maxerr=8.07E-08 time=152.277
After sweep 16 energy=-104.15005848446951  maxlinkdim=1000 maxerr=2.69E-08 time=155.864
After sweep 17 energy=-104.4069871387312  maxlinkdim=1000 maxerr=2.41E-08 time=156.393
After sweep 18 energy=-104.71830995200756  maxlinkdim=1000 maxerr=7.61E-08 time=161.076
After sweep 19 energy=-105.15233082136041  maxlinkdim=1000 maxerr=2.44E-07 time=167.434
After sweep 20 energy=-105.4994796082025  maxlinkdim=1000 maxerr=4.61E-07 time=178.911
After sweep 21 energy=-105.72037918507068  maxlinkdim=1000 maxerr=1.15E-07 time=182.983
After sweep 22 energy=-105.88324872288834  maxlinkdim=1000 maxerr=5.83E-08 time=189.542
After sweep 23 energy=-106.03080538381548  maxlinkdim=1000 maxerr=4.47E-08 time=196.101
After sweep 24 energy=-106.20257959148847  maxlinkdim=1000 maxerr=6.08E-08 time=202.127
After sweep 25 energy=-106.39441179796182  maxlinkdim=1000 maxerr=6.97E-08 time=198.985
After sweep 26 energy=-106.59393749946118  maxlinkdim=1000 maxerr=2.12E-07 time=203.460
After sweep 27 energy=-106.75293564355985  maxlinkdim=1000 maxerr=1.44E-07 time=207.222
After sweep 28 energy=-106.90630959729867  maxlinkdim=1000 maxerr=1.98E-07 time=203.882
After sweep 29 energy=-107.09225303640524  maxlinkdim=1000 maxerr=1.29E-06 time=212.001
After sweep 30 energy=-107.24343446153327  maxlinkdim=1000 maxerr=2.61E-07 time=207.838
After sweep 31 energy=-107.3629387422732  maxlinkdim=1000 maxerr=2.22E-07 time=206.083
After sweep 32 energy=-107.48787098114853  maxlinkdim=1000 maxerr=3.41E-07 time=208.620
After sweep 33 energy=-107.59242313211139  maxlinkdim=1000 maxerr=2.35E-06 time=209.750
After sweep 34 energy=-107.69034768143547  maxlinkdim=1000 maxerr=2.09E-07 time=208.923
After sweep 35 energy=-107.78150225128357  maxlinkdim=1000 maxerr=2.43E-07 time=210.815
After sweep 36 energy=-107.8550201485626  maxlinkdim=1000 maxerr=1.87E-07 time=201.301
After sweep 37 energy=-107.9253873830763  maxlinkdim=1000 maxerr=1.95E-07 time=201.119
After sweep 38 energy=-108.00334067496642  maxlinkdim=1000 maxerr=3.36E-07 time=205.925
After sweep 39 energy=-108.08138466539121  maxlinkdim=1000 maxerr=3.52E-07 time=205.359
After sweep 40 energy=-108.15888404799988  maxlinkdim=1000 maxerr=4.47E-07 time=204.652
After sweep 41 energy=-108.21982654415994  maxlinkdim=1000 maxerr=2.68E-07 time=203.556
After sweep 42 energy=-108.27547440603321  maxlinkdim=1000 maxerr=1.90E-07 time=205.631
After sweep 43 energy=-108.33883788171461  maxlinkdim=1000 maxerr=1.00E-05 time=209.125
After sweep 44 energy=-108.41081954989528  maxlinkdim=1000 maxerr=9.39E-06 time=204.113
After sweep 45 energy=-108.46821970697653  maxlinkdim=1000 maxerr=6.75E-06 time=206.125
After sweep 46 energy=-108.53447637323738  maxlinkdim=1000 maxerr=5.37E-07 time=205.727
After sweep 47 energy=-108.58487105507749  maxlinkdim=1000 maxerr=2.18E-06 time=205.493
After sweep 48 energy=-108.63205381019307  maxlinkdim=1000 maxerr=1.50E-06 time=206.458
After sweep 49 energy=-108.6765152274047  maxlinkdim=1000 maxerr=1.14E-06 time=206.716
After sweep 50 energy=-108.72071905685945  maxlinkdim=1000 maxerr=2.06E-06 time=206.918
After sweep 51 energy=-108.76571732464893  maxlinkdim=1000 maxerr=2.52E-06 time=202.081
After sweep 52 energy=-108.81212039025823  maxlinkdim=1000 maxerr=3.70E-07 time=205.649
After sweep 53 energy=-108.85396463481999  maxlinkdim=1000 maxerr=5.31E-07 time=207.318
After sweep 54 energy=-108.89846627597889  maxlinkdim=1000 maxerr=1.02E-06 time=196.947
After sweep 55 energy=-108.94129479833671  maxlinkdim=1000 maxerr=8.95E-07 time=205.437
After sweep 56 energy=-108.99539534582817  maxlinkdim=1000 maxerr=3.03E-06 time=205.814
After sweep 57 energy=-109.03761612949879  maxlinkdim=1000 maxerr=2.03E-06 time=208.132
After sweep 58 energy=-109.07624654995193  maxlinkdim=1000 maxerr=2.15E-06 time=207.253
After sweep 59 energy=-109.11614120304647  maxlinkdim=1000 maxerr=2.05E-06 time=206.683
After sweep 60 energy=-109.1535830268404  maxlinkdim=1000 maxerr=1.04E-06 time=208.614
After sweep 61 energy=-109.1904085533729  maxlinkdim=1000 maxerr=2.04E-06 time=205.676
After sweep 62 energy=-109.22659085239235  maxlinkdim=1000 maxerr=1.89E-06 time=207.713
After sweep 63 energy=-109.35758973010462  maxlinkdim=1000 maxerr=1.21E-05 time=204.654
After sweep 64 energy=-109.474407928672  maxlinkdim=1000 maxerr=2.48E-05 time=207.338
After sweep 65 energy=-109.54338131134423  maxlinkdim=1000 maxerr=1.23E-05 time=210.614
After sweep 66 energy=-109.59606071898034  maxlinkdim=1000 maxerr=1.24E-05 time=208.148
After sweep 67 energy=-109.64169262573043  maxlinkdim=1000 maxerr=1.86E-05 time=208.296
After sweep 68 energy=-109.68124303062847  maxlinkdim=1000 maxerr=1.69E-05 time=210.007
After sweep 69 energy=-109.71525729155748  maxlinkdim=1000 maxerr=1.97E-05 time=207.482
After sweep 70 energy=-109.74516751962388  maxlinkdim=1000 maxerr=1.82E-05 time=208.914
After sweep 71 energy=-109.7689999144361  maxlinkdim=1000 maxerr=1.93E-05 time=213.820
After sweep 72 energy=-109.78863137782699  maxlinkdim=1000 maxerr=1.69E-05 time=209.949
After sweep 73 energy=-109.80422524659683  maxlinkdim=1000 maxerr=1.71E-05 time=209.560
After sweep 74 energy=-109.81664561131656  maxlinkdim=1000 maxerr=1.65E-05 time=210.863
After sweep 75 energy=-109.83076410058237  maxlinkdim=1000 maxerr=1.62E-05 time=214.378
After sweep 76 energy=-109.84701700583535  maxlinkdim=1000 maxerr=2.20E-05 time=218.744
After sweep 77 energy=-109.85782842903645  maxlinkdim=1000 maxerr=1.71E-05 time=212.117
After sweep 78 energy=-109.86204163794484  maxlinkdim=1000 maxerr=1.65E-05 time=215.981
After sweep 79 energy=-109.86395259639009  maxlinkdim=1000 maxerr=1.61E-05 time=214.566
After sweep 80 energy=-109.86492238347765  maxlinkdim=1000 maxerr=1.59E-05 time=211.769
After sweep 81 energy=-109.86546617358444  maxlinkdim=1000 maxerr=1.58E-05 time=215.331
After sweep 82 energy=-109.86579225779802  maxlinkdim=1000 maxerr=1.57E-05 time=213.696
After sweep 83 energy=-109.86599751394232  maxlinkdim=1000 maxerr=1.57E-05 time=213.358
After sweep 84 energy=-109.86614365804095  maxlinkdim=1000 maxerr=1.58E-05 time=218.041
After sweep 85 energy=-109.86625258860116  maxlinkdim=1000 maxerr=1.59E-05 time=220.423
After sweep 86 energy=-109.86633497794854  maxlinkdim=1000 maxerr=1.60E-05 time=214.951
After sweep 87 energy=-109.8664056657134  maxlinkdim=1000 maxerr=1.60E-05 time=215.310
After sweep 88 energy=-109.86646255673162  maxlinkdim=1000 maxerr=1.60E-05 time=211.155
After sweep 89 energy=-109.86650931191873  maxlinkdim=1000 maxerr=1.61E-05 time=211.311
After sweep 90 energy=-109.86654681307974  maxlinkdim=1000 maxerr=1.61E-05 time=214.132
After sweep 91 energy=-109.86658420914706  maxlinkdim=1000 maxerr=1.61E-05 time=216.059
After sweep 92 energy=-109.86661226110587  maxlinkdim=1000 maxerr=1.62E-05 time=213.867
After sweep 93 energy=-109.8666398835173  maxlinkdim=1000 maxerr=1.62E-05 time=210.368
After sweep 94 energy=-109.86666300665398  maxlinkdim=1000 maxerr=1.62E-05 time=209.848
After sweep 95 energy=-109.8666828746476  maxlinkdim=1000 maxerr=1.62E-05 time=209.565
After sweep 96 energy=-109.86670040045549  maxlinkdim=1000 maxerr=1.62E-05 time=215.777
After sweep 97 energy=-109.86671780119967  maxlinkdim=1000 maxerr=1.62E-05 time=211.834
After sweep 98 energy=-109.8667322224615  maxlinkdim=1000 maxerr=1.62E-05 time=214.319
After sweep 99 energy=-109.86674689442266  maxlinkdim=1000 maxerr=1.62E-05 time=214.991
After sweep 100 energy=-109.86675587678204  maxlinkdim=1000 maxerr=1.62E-05 time=214.347
  E(N-1) = -109.86675587678204

[3/3] Computing E(N=112)
  Initial state: 112 particles (56 up, 56 dn)
After sweep 1 energy=-81.62548571989535  maxlinkdim=20 maxerr=2.71E-04 time=12.320
After sweep 2 energy=-88.41348708953983  maxlinkdim=50 maxerr=1.50E-05 time=26.881
After sweep 3 energy=-90.59904568463233  maxlinkdim=100 maxerr=5.24E-06 time=44.774
After sweep 4 energy=-92.37209076300674  maxlinkdim=200 maxerr=1.50E-06 time=67.058
After sweep 5 energy=-94.6215594595058  maxlinkdim=765 maxerr=1.00E-10 time=75.182
After sweep 6 energy=-96.61545168135878  maxlinkdim=1000 maxerr=5.44E-10 time=94.091
After sweep 7 energy=-98.27775764606578  maxlinkdim=1000 maxerr=6.48E-09 time=106.036
After sweep 8 energy=-99.57884716001276  maxlinkdim=1000 maxerr=7.72E-09 time=113.545
After sweep 9 energy=-100.65923090707163  maxlinkdim=1000 maxerr=1.14E-08 time=121.902
After sweep 10 energy=-101.58706976952695  maxlinkdim=1000 maxerr=1.36E-08 time=130.896
After sweep 11 energy=-102.09046556687694  maxlinkdim=1000 maxerr=1.33E-08 time=137.045
After sweep 12 energy=-102.6439323906156  maxlinkdim=1000 maxerr=3.19E-08 time=134.230
After sweep 13 energy=-103.07302804585822  maxlinkdim=1000 maxerr=3.92E-08 time=143.660
After sweep 14 energy=-103.38266977253708  maxlinkdim=1000 maxerr=2.49E-08 time=152.375
After sweep 15 energy=-103.70832388099015  maxlinkdim=1000 maxerr=4.03E-08 time=155.803
After sweep 16 energy=-104.02457893872274  maxlinkdim=1000 maxerr=5.27E-08 time=167.779
After sweep 17 energy=-104.30452887683239  maxlinkdim=1000 maxerr=4.70E-08 time=162.334
After sweep 18 energy=-104.55556905527091  maxlinkdim=1000 maxerr=4.63E-08 time=170.709
After sweep 19 energy=-104.77477715220898  maxlinkdim=1000 maxerr=2.56E-08 time=183.671
After sweep 20 energy=-105.02444369315461  maxlinkdim=1000 maxerr=6.31E-08 time=187.045
After sweep 21 energy=-105.26538698780853  maxlinkdim=1000 maxerr=8.32E-08 time=193.231
After sweep 22 energy=-105.4951596750974  maxlinkdim=1000 maxerr=9.59E-08 time=201.187
After sweep 23 energy=-105.72473070074166  maxlinkdim=1000 maxerr=1.62E-07 time=202.099
After sweep 24 energy=-105.94036259482677  maxlinkdim=1000 maxerr=2.04E-07 time=195.671
After sweep 25 energy=-106.1280859764681  maxlinkdim=1000 maxerr=1.84E-07 time=195.663
After sweep 26 energy=-106.28625393622451  maxlinkdim=1000 maxerr=2.58E-07 time=194.466
After sweep 27 energy=-106.43822632085026  maxlinkdim=1000 maxerr=1.69E-06 time=205.030
After sweep 28 energy=-106.59455573655553  maxlinkdim=1000 maxerr=8.18E-06 time=208.733
After sweep 29 energy=-106.75707070658402  maxlinkdim=1000 maxerr=2.93E-06 time=204.961
After sweep 30 energy=-106.88229217103641  maxlinkdim=1000 maxerr=7.36E-06 time=205.580
After sweep 31 energy=-106.98978284485635  maxlinkdim=1000 maxerr=5.32E-07 time=194.380
After sweep 32 energy=-107.08783757561088  maxlinkdim=1000 maxerr=1.12E-06 time=202.052
After sweep 33 energy=-107.19836488959899  maxlinkdim=1000 maxerr=4.91E-06 time=202.372
After sweep 34 energy=-107.3132308703738  maxlinkdim=1000 maxerr=6.69E-06 time=204.434
After sweep 35 energy=-107.39700567542259  maxlinkdim=1000 maxerr=1.16E-06 time=202.677
After sweep 36 energy=-107.46853297416936  maxlinkdim=1000 maxerr=3.89E-06 time=204.534
After sweep 37 energy=-107.55053836856946  maxlinkdim=1000 maxerr=4.39E-06 time=204.116
After sweep 38 energy=-107.61319474306652  maxlinkdim=1000 maxerr=3.76E-06 time=203.866
After sweep 39 energy=-107.67390711503661  maxlinkdim=1000 maxerr=8.84E-06 time=207.234
After sweep 40 energy=-107.73408440760359  maxlinkdim=1000 maxerr=3.21E-06 time=206.149
After sweep 41 energy=-107.79350813672025  maxlinkdim=1000 maxerr=6.33E-06 time=206.361
After sweep 42 energy=-107.85022620104507  maxlinkdim=1000 maxerr=2.06E-06 time=204.884
After sweep 43 energy=-107.90250230353317  maxlinkdim=1000 maxerr=1.90E-06 time=206.803
After sweep 44 energy=-107.95127597869035  maxlinkdim=1000 maxerr=4.69E-06 time=207.319
After sweep 45 energy=-108.0000012459203  maxlinkdim=1000 maxerr=1.59E-06 time=203.202
After sweep 46 energy=-108.04582683320692  maxlinkdim=1000 maxerr=1.77E-06 time=206.784
After sweep 47 energy=-108.0940226857568  maxlinkdim=1000 maxerr=4.90E-06 time=207.419
After sweep 48 energy=-108.14215576928792  maxlinkdim=1000 maxerr=2.40E-06 time=202.370
After sweep 49 energy=-108.18959401149799  maxlinkdim=1000 maxerr=5.21E-06 time=201.435
After sweep 50 energy=-108.23561451166123  maxlinkdim=1000 maxerr=1.77E-06 time=207.498
After sweep 51 energy=-108.27642386759095  maxlinkdim=1000 maxerr=3.51E-06 time=205.885
After sweep 52 energy=-108.31816687259942  maxlinkdim=1000 maxerr=1.04E-05 time=206.455
After sweep 53 energy=-108.3562080715114  maxlinkdim=1000 maxerr=5.26E-06 time=207.610
After sweep 54 energy=-108.39354039816145  maxlinkdim=1000 maxerr=2.01E-06 time=209.720
After sweep 55 energy=-108.42752171447147  maxlinkdim=1000 maxerr=4.67E-06 time=208.345
After sweep 56 energy=-108.45763715741892  maxlinkdim=1000 maxerr=4.08E-06 time=207.392
After sweep 57 energy=-108.48783215863106  maxlinkdim=1000 maxerr=4.42E-06 time=211.354
After sweep 58 energy=-108.51523956970905  maxlinkdim=1000 maxerr=5.83E-06 time=208.201
After sweep 59 energy=-108.64396294266172  maxlinkdim=1000 maxerr=9.02E-06 time=212.507
After sweep 60 energy=-108.7399395612975  maxlinkdim=1000 maxerr=9.26E-06 time=213.766
After sweep 61 energy=-108.79296259167083  maxlinkdim=1000 maxerr=8.19E-06 time=210.951
After sweep 62 energy=-108.83294286732664  maxlinkdim=1000 maxerr=1.22E-05 time=211.035
After sweep 63 energy=-108.86341276405462  maxlinkdim=1000 maxerr=1.21E-05 time=207.968
After sweep 64 energy=-108.88532349577159  maxlinkdim=1000 maxerr=1.05E-05 time=206.074
After sweep 65 energy=-108.9017994706866  maxlinkdim=1000 maxerr=1.05E-05 time=207.845
After sweep 66 energy=-108.91363153011295  maxlinkdim=1000 maxerr=1.53E-05 time=205.249
After sweep 67 energy=-108.92328279778229  maxlinkdim=1000 maxerr=1.01E-05 time=204.909
After sweep 68 energy=-108.92978719710226  maxlinkdim=1000 maxerr=9.77E-06 time=208.470
After sweep 69 energy=-108.93308601738624  maxlinkdim=1000 maxerr=9.31E-06 time=207.215
After sweep 70 energy=-108.93448349645848  maxlinkdim=1000 maxerr=8.51E-06 time=210.334
After sweep 71 energy=-108.93508915787501  maxlinkdim=1000 maxerr=7.91E-06 time=209.034
After sweep 72 energy=-108.93534512974257  maxlinkdim=1000 maxerr=7.76E-06 time=209.356
After sweep 73 energy=-108.93547094550767  maxlinkdim=1000 maxerr=7.70E-06 time=212.472
After sweep 74 energy=-108.93552855153796  maxlinkdim=1000 maxerr=7.69E-06 time=213.240
After sweep 75 energy=-108.93555903936644  maxlinkdim=1000 maxerr=7.69E-06 time=209.168
After sweep 76 energy=-108.9355767196798  maxlinkdim=1000 maxerr=7.63E-06 time=205.195
After sweep 77 energy=-108.9355917988903  maxlinkdim=1000 maxerr=7.61E-06 time=208.897
After sweep 78 energy=-108.93559911953045  maxlinkdim=1000 maxerr=7.63E-06 time=212.117
After sweep 79 energy=-108.93560243754754  maxlinkdim=1000 maxerr=7.66E-06 time=212.765
After sweep 80 energy=-108.93560311320809  maxlinkdim=1000 maxerr=7.67E-06 time=205.936
After sweep 81 energy=-108.93560800328407  maxlinkdim=1000 maxerr=7.67E-06 time=205.579
After sweep 82 energy=-108.93560884548978  maxlinkdim=1000 maxerr=7.67E-06 time=208.127
After sweep 83 energy=-108.93561130880266  maxlinkdim=1000 maxerr=7.68E-06 time=203.887
After sweep 84 energy=-108.93561199588557  maxlinkdim=1000 maxerr=7.69E-06 time=205.835
After sweep 85 energy=-108.93561456187491  maxlinkdim=1000 maxerr=7.70E-06 time=208.649
After sweep 86 energy=-108.93561325239159  maxlinkdim=1000 maxerr=7.70E-06 time=209.491
After sweep 87 energy=-108.9356157693552  maxlinkdim=1000 maxerr=7.71E-06 time=207.127
After sweep 88 energy=-108.93561544280679  maxlinkdim=1000 maxerr=7.72E-06 time=209.013
After sweep 89 energy=-108.93561766745857  maxlinkdim=1000 maxerr=7.72E-06 time=207.029
After sweep 90 energy=-108.93561722520185  maxlinkdim=1000 maxerr=7.72E-06 time=208.612
After sweep 91 energy=-108.93561861991193  maxlinkdim=1000 maxerr=7.72E-06 time=211.524
After sweep 92 energy=-108.93561885823468  maxlinkdim=1000 maxerr=7.72E-06 time=212.126
After sweep 93 energy=-108.93561940713082  maxlinkdim=1000 maxerr=7.72E-06 time=213.131
After sweep 94 energy=-108.93561953143593  maxlinkdim=1000 maxerr=7.72E-06 time=210.012
After sweep 95 energy=-108.93561976489723  maxlinkdim=1000 maxerr=7.72E-06 time=212.186
After sweep 96 energy=-108.93561987677872  maxlinkdim=1000 maxerr=7.72E-06 time=211.282
After sweep 97 energy=-108.93562022247805  maxlinkdim=1000 maxerr=7.72E-06 time=210.697
After sweep 98 energy=-108.93562056719983  maxlinkdim=1000 maxerr=7.72E-06 time=211.006
After sweep 99 energy=-108.93562065468471  maxlinkdim=1000 maxerr=7.72E-06 time=210.076
After sweep 100 energy=-108.93562052650284  maxlinkdim=1000 maxerr=7.71E-06 time=208.240
  E(N) = -108.93562052650284

============================================================
RESULTS:
  E(110) = -110.90445390319971
  E(111) = -109.86675587678204
  E(112)     = -108.93562052650284
  E_p = -0.10656268  (attractive hole pairing)
============================================================
RESULT: E_p = -0.10656267613848058
E_p calculation completed
