outfile_name: results_L_64_U_8.0_t0_1.0_t_p_0.05_chi_1400_gpu.h5
[ Info:  started timer at: 2026-01-15T02:32:38.177
Starting fresh run
Running with t0=1.0 t_p=0.05 U=8.0 L=64 chi_max=1400 E_p=0.134 mu_init=1.67
After sweep 1 energy=-250.73985  maxlinkdim=10 maxerr=4.61E-03 time=30.344
After sweep 2 energy=-259.60672  maxlinkdim=20 maxerr=2.45E-03 time=1.524
After sweep 3 energy=-263.8342  maxlinkdim=100 maxerr=1.42E-05 time=2.766
After sweep 4 energy=-264.2706  maxlinkdim=583 maxerr=9.99E-11 time=11.114
After sweep 5 energy=-264.7043  maxlinkdim=737 maxerr=8.01E-08 time=14.478
After sweep 6 energy=-265.18622  maxlinkdim=1400 maxerr=2.07E-08 time=27.093
After sweep 7 energy=-265.57  maxlinkdim=1400 maxerr=5.88E-08 time=48.358
After sweep 8 energy=-265.82678  maxlinkdim=1400 maxerr=1.73E-09 time=57.535
After sweep 9 energy=-266.07764  maxlinkdim=1400 maxerr=5.39E-08 time=72.953
After sweep 10 energy=-266.30078  maxlinkdim=1400 maxerr=3.83E-08 time=79.221
After sweep 11 energy=-266.50787  maxlinkdim=1400 maxerr=3.62E-07 time=95.697
After sweep 12 energy=-266.7272  maxlinkdim=1400 maxerr=7.84E-07 time=105.308
After sweep 13 energy=-266.90686  maxlinkdim=1400 maxerr=1.25E-07 time=106.507
After sweep 14 energy=-267.0758  maxlinkdim=1400 maxerr=1.08E-07 time=111.515
After sweep 15 energy=-267.2129  maxlinkdim=1400 maxerr=1.34E-07 time=114.174
After sweep 16 energy=-267.39337  maxlinkdim=1400 maxerr=4.43E-07 time=127.229
After sweep 17 energy=-267.56067  maxlinkdim=1400 maxerr=7.18E-07 time=139.795
After sweep 18 energy=-267.70105  maxlinkdim=1400 maxerr=6.43E-07 time=144.108
After sweep 19 energy=-267.79187  maxlinkdim=1400 maxerr=5.27E-07 time=140.368
After sweep 20 energy=-267.87866  maxlinkdim=1400 maxerr=9.70E-07 time=146.377
After sweep 21 energy=-267.95544  maxlinkdim=1400 maxerr=7.82E-07 time=160.357
After sweep 22 energy=-268.0335  maxlinkdim=1400 maxerr=2.81E-07 time=175.288
After sweep 23 energy=-268.07614  maxlinkdim=1400 maxerr=1.42E-06 time=168.863
After sweep 24 energy=-268.10938  maxlinkdim=1400 maxerr=5.49E-07 time=177.743
After sweep 25 energy=-268.13107  maxlinkdim=1400 maxerr=1.38E-06 time=181.588
After sweep 26 energy=-268.16193  maxlinkdim=1400 maxerr=7.10E-07 time=193.665
After sweep 27 energy=-268.1801  maxlinkdim=1400 maxerr=7.08E-07 time=202.662
After sweep 28 energy=-268.21  maxlinkdim=1400 maxerr=8.14E-07 time=214.071
After sweep 29 energy=-268.22754  maxlinkdim=1400 maxerr=6.37E-07 time=213.070
After sweep 30 energy=-268.2397  maxlinkdim=1400 maxerr=8.21E-07 time=219.416
Not same mu, searching again
After sweep 1 energy=-252.31425  maxlinkdim=10 maxerr=4.36E-03 time=1.335
After sweep 2 energy=-261.32745  maxlinkdim=20 maxerr=2.43E-03 time=1.633
After sweep 3 energy=-265.2847  maxlinkdim=100 maxerr=9.11E-06 time=2.350
After sweep 4 energy=-265.69995  maxlinkdim=716 maxerr=1.00E-10 time=11.697
After sweep 5 energy=-266.0579  maxlinkdim=900 maxerr=4.80E-08 time=15.035
After sweep 6 energy=-266.3679  maxlinkdim=1400 maxerr=9.92E-08 time=21.983
After sweep 7 energy=-266.74225  maxlinkdim=1400 maxerr=4.66E-08 time=44.392
After sweep 8 energy=-267.00824  maxlinkdim=1400 maxerr=1.24E-09 time=49.695
After sweep 9 energy=-267.21902  maxlinkdim=1400 maxerr=5.09E-08 time=55.027
After sweep 10 energy=-267.41492  maxlinkdim=1400 maxerr=2.18E-07 time=71.045
After sweep 11 energy=-267.62506  maxlinkdim=1400 maxerr=7.04E-08 time=76.340
After sweep 12 energy=-267.83313  maxlinkdim=1400 maxerr=9.87E-07 time=91.025
After sweep 13 energy=-268.02893  maxlinkdim=1400 maxerr=1.11E-06 time=103.916
After sweep 14 energy=-268.21442  maxlinkdim=1400 maxerr=7.84E-07 time=112.278
After sweep 15 energy=-268.4159  maxlinkdim=1400 maxerr=1.44E-06 time=118.517
After sweep 16 energy=-268.603  maxlinkdim=1400 maxerr=2.98E-06 time=127.609
After sweep 17 energy=-268.76083  maxlinkdim=1400 maxerr=2.14E-06 time=127.211
After sweep 18 energy=-268.89038  maxlinkdim=1400 maxerr=7.83E-07 time=136.784
After sweep 19 energy=-268.99265  maxlinkdim=1400 maxerr=3.08E-07 time=143.753
After sweep 20 energy=-269.11182  maxlinkdim=1400 maxerr=1.30E-06 time=158.057
After sweep 21 energy=-269.1776  maxlinkdim=1400 maxerr=6.23E-07 time=154.498
After sweep 22 energy=-269.2345  maxlinkdim=1400 maxerr=1.87E-07 time=162.862
After sweep 23 energy=-269.28055  maxlinkdim=1400 maxerr=5.05E-07 time=165.481
After sweep 24 energy=-269.31915  maxlinkdim=1400 maxerr=3.96E-07 time=178.138
After sweep 25 energy=-269.34964  maxlinkdim=1400 maxerr=1.07E-06 time=175.028
After sweep 26 energy=-269.37442  maxlinkdim=1400 maxerr=6.75E-07 time=187.639
After sweep 27 energy=-269.39545  maxlinkdim=1400 maxerr=7.43E-07 time=193.894
After sweep 28 energy=-269.40997  maxlinkdim=1400 maxerr=5.01E-07 time=197.588
After sweep 29 energy=-269.42062  maxlinkdim=1400 maxerr=7.95E-07 time=201.771
After sweep 30 energy=-269.4317  maxlinkdim=1400 maxerr=1.08E-06 time=212.623
n0: 0.93743604; n1: 0.9374194; mu0: 1.67; mu1: 1.68
n_target > n1 and n_target > n0 triggered
After sweep 1 energy=-252.88002  maxlinkdim=10 maxerr=5.23E-03 time=1.346
After sweep 2 energy=-262.10623  maxlinkdim=20 maxerr=2.19E-03 time=1.498
After sweep 3 energy=-266.32498  maxlinkdim=100 maxerr=1.49E-05 time=2.501
After sweep 4 energy=-266.8201  maxlinkdim=598 maxerr=1.00E-10 time=11.059
After sweep 5 energy=-267.3304  maxlinkdim=1050 maxerr=9.68E-08 time=16.204
After sweep 6 energy=-267.71893  maxlinkdim=944 maxerr=4.20E-08 time=22.705
After sweep 7 energy=-268.0604  maxlinkdim=1400 maxerr=9.12E-09 time=36.123
After sweep 8 energy=-268.3057  maxlinkdim=1338 maxerr=6.17E-08 time=41.582
After sweep 9 energy=-268.5313  maxlinkdim=1400 maxerr=4.50E-08 time=53.570
After sweep 10 energy=-268.7525  maxlinkdim=1400 maxerr=6.25E-08 time=76.326
After sweep 11 energy=-268.99628  maxlinkdim=1400 maxerr=7.36E-07 time=90.330
After sweep 12 energy=-269.22556  maxlinkdim=1400 maxerr=4.00E-07 time=106.151
After sweep 13 energy=-269.41788  maxlinkdim=1400 maxerr=3.69E-07 time=109.697
After sweep 14 energy=-269.57504  maxlinkdim=1400 maxerr=3.51E-07 time=110.601
After sweep 15 energy=-269.7209  maxlinkdim=1400 maxerr=1.46E-06 time=112.130
After sweep 16 energy=-269.8319  maxlinkdim=1400 maxerr=2.37E-07 time=116.671
After sweep 17 energy=-269.93002  maxlinkdim=1400 maxerr=5.32E-07 time=121.072
After sweep 18 energy=-270.02222  maxlinkdim=1400 maxerr=3.56E-07 time=132.480
After sweep 19 energy=-270.13852  maxlinkdim=1400 maxerr=8.87E-07 time=147.029
After sweep 20 energy=-270.221  maxlinkdim=1400 maxerr=1.00E-06 time=144.759
After sweep 21 energy=-270.28894  maxlinkdim=1400 maxerr=1.70E-07 time=153.437
After sweep 22 energy=-270.33813  maxlinkdim=1400 maxerr=8.70E-07 time=163.746
After sweep 23 energy=-270.37555  maxlinkdim=1400 maxerr=1.24E-06 time=155.085
After sweep 24 energy=-270.4078  maxlinkdim=1400 maxerr=1.11E-07 time=163.968
After sweep 25 energy=-270.4416  maxlinkdim=1400 maxerr=5.35E-07 time=183.279
After sweep 26 energy=-270.46658  maxlinkdim=1400 maxerr=6.63E-07 time=186.537
After sweep 27 energy=-270.4839  maxlinkdim=1400 maxerr=6.75E-07 time=191.876
After sweep 28 energy=-270.50085  maxlinkdim=1400 maxerr=1.52E-06 time=203.432
After sweep 29 energy=-270.5278  maxlinkdim=1400 maxerr=2.39E-06 time=208.619
After sweep 30 energy=-270.54318  maxlinkdim=1400 maxerr=7.85E-07 time=210.977
n0: 0.9374194; n1: 0.94995105; mu0: 1.68; mu1: 1.69

Range found between mu0: 1.68 (n0: 0.9374194) and mu1: 1.69 (n1: 0.94995105); refining...
n0: 0.9374194; n1: 0.94995105; mu0: 1.68; mu1: 1.69
Trying secant step...
After sweep 1 energy=-251.81058  maxlinkdim=10 maxerr=4.90E-03 time=1.416
After sweep 2 energy=-260.9125  maxlinkdim=20 maxerr=2.12E-03 time=1.517
After sweep 3 energy=-265.14273  maxlinkdim=100 maxerr=1.13E-05 time=2.542
After sweep 4 energy=-265.55682  maxlinkdim=583 maxerr=1.00E-10 time=10.626
After sweep 5 energy=-265.95578  maxlinkdim=796 maxerr=5.84E-10 time=13.984
After sweep 6 energy=-266.25107  maxlinkdim=926 maxerr=7.09E-08 time=17.983
After sweep 7 energy=-266.61176  maxlinkdim=1400 maxerr=2.23E-10 time=37.495
After sweep 8 energy=-266.89697  maxlinkdim=1400 maxerr=2.93E-09 time=61.806
After sweep 9 energy=-267.1234  maxlinkdim=1400 maxerr=1.29E-08 time=63.798
After sweep 10 energy=-267.31396  maxlinkdim=1400 maxerr=1.22E-07 time=66.823
After sweep 11 energy=-267.4999  maxlinkdim=1400 maxerr=2.67E-07 time=82.606
After sweep 12 energy=-267.6866  maxlinkdim=1400 maxerr=4.85E-07 time=97.761
After sweep 13 energy=-267.85956  maxlinkdim=1400 maxerr=1.22E-06 time=108.207
After sweep 14 energy=-268.02814  maxlinkdim=1400 maxerr=6.52E-07 time=111.228
After sweep 15 energy=-268.20486  maxlinkdim=1400 maxerr=2.09E-06 time=125.587
After sweep 16 energy=-268.3748  maxlinkdim=1400 maxerr=3.09E-07 time=133.005
After sweep 17 energy=-268.5024  maxlinkdim=1400 maxerr=9.35E-07 time=122.122
After sweep 18 energy=-268.65625  maxlinkdim=1400 maxerr=6.62E-07 time=140.129
After sweep 19 energy=-268.77966  maxlinkdim=1400 maxerr=1.42E-06 time=142.929
After sweep 20 energy=-268.86197  maxlinkdim=1400 maxerr=2.71E-07 time=151.170
After sweep 21 energy=-268.95572  maxlinkdim=1400 maxerr=1.01E-06 time=167.345
After sweep 22 energy=-269.02393  maxlinkdim=1400 maxerr=6.55E-07 time=169.472
After sweep 23 energy=-269.09192  maxlinkdim=1400 maxerr=1.14E-06 time=181.020
After sweep 24 energy=-269.1464  maxlinkdim=1400 maxerr=8.32E-07 time=178.758
After sweep 25 energy=-269.1862  maxlinkdim=1400 maxerr=7.70E-07 time=185.856
After sweep 26 energy=-269.22467  maxlinkdim=1400 maxerr=6.13E-07 time=189.192
After sweep 27 energy=-269.26633  maxlinkdim=1400 maxerr=7.77E-07 time=199.335
After sweep 28 energy=-269.2917  maxlinkdim=1400 maxerr=9.50E-07 time=202.301
After sweep 29 energy=-269.3282  maxlinkdim=1400 maxerr=5.10E-07 time=214.902
After sweep 30 energy=-269.3591  maxlinkdim=1400 maxerr=5.20E-07 time=216.304
n0: 0.9374194; n1: 0.9448966; mu0: 1.68; mu1: 1.680064305622937
Trying secant step...
After sweep 1 energy=-252.02043  maxlinkdim=10 maxerr=4.06E-03 time=1.429
After sweep 2 energy=-260.78983  maxlinkdim=20 maxerr=2.24E-03 time=1.571
After sweep 3 energy=-265.03186  maxlinkdim=100 maxerr=1.61E-05 time=2.193
After sweep 4 energy=-265.4877  maxlinkdim=607 maxerr=1.00E-10 time=10.949
After sweep 5 energy=-265.94818  maxlinkdim=739 maxerr=3.04E-10 time=15.488
After sweep 6 energy=-266.30206  maxlinkdim=918 maxerr=3.88E-08 time=21.139
After sweep 7 energy=-266.58017  maxlinkdim=1068 maxerr=9.34E-08 time=25.769
After sweep 8 energy=-266.83057  maxlinkdim=1400 maxerr=5.92E-08 time=35.525
After sweep 9 energy=-267.08612  maxlinkdim=1400 maxerr=1.48E-08 time=57.586
After sweep 10 energy=-267.30396  maxlinkdim=1400 maxerr=2.72E-08 time=76.207
After sweep 11 energy=-267.5055  maxlinkdim=1400 maxerr=6.90E-07 time=86.187
After sweep 12 energy=-267.697  maxlinkdim=1400 maxerr=1.87E-07 time=93.936
After sweep 13 energy=-267.84824  maxlinkdim=1400 maxerr=2.19E-06 time=91.338
After sweep 14 energy=-267.9914  maxlinkdim=1400 maxerr=6.09E-07 time=97.448
After sweep 15 energy=-268.1331  maxlinkdim=1400 maxerr=8.93E-07 time=103.496
After sweep 16 energy=-268.32776  maxlinkdim=1400 maxerr=3.59E-06 time=121.724
After sweep 17 energy=-268.48495  maxlinkdim=1400 maxerr=1.36E-06 time=132.258
After sweep 18 energy=-268.631  maxlinkdim=1400 maxerr=4.75E-06 time=141.403
After sweep 19 energy=-268.775  maxlinkdim=1400 maxerr=3.87E-06 time=144.187
After sweep 20 energy=-268.8826  maxlinkdim=1400 maxerr=8.71E-07 time=146.905
After sweep 21 energy=-268.95105  maxlinkdim=1400 maxerr=2.70E-07 time=152.556
After sweep 22 energy=-269.01163  maxlinkdim=1400 maxerr=2.31E-07 time=159.264
After sweep 23 energy=-269.07397  maxlinkdim=1400 maxerr=1.12E-07 time=166.062
After sweep 24 energy=-269.1239  maxlinkdim=1400 maxerr=3.14E-07 time=168.557
After sweep 25 energy=-269.16608  maxlinkdim=1400 maxerr=3.63E-07 time=176.178
After sweep 26 energy=-269.19666  maxlinkdim=1400 maxerr=7.76E-07 time=179.884
After sweep 27 energy=-269.24734  maxlinkdim=1400 maxerr=1.18E-06 time=191.915
After sweep 28 energy=-269.28317  maxlinkdim=1400 maxerr=4.85E-07 time=186.722
After sweep 29 energy=-269.307  maxlinkdim=1400 maxerr=9.55E-07 time=193.361
After sweep 30 energy=-269.34  maxlinkdim=1400 maxerr=3.91E-06 time=200.669
n0: 0.9374194; n1: 0.94610703; mu0: 1.68; mu1: 1.680000693056791
Trying secant step...
After sweep 1 energy=-252.31425  maxlinkdim=10 maxerr=4.36E-03 time=1.355
After sweep 2 energy=-261.32745  maxlinkdim=20 maxerr=2.43E-03 time=1.513
After sweep 3 energy=-265.2847  maxlinkdim=100 maxerr=9.11E-06 time=2.495
After sweep 4 energy=-265.69995  maxlinkdim=716 maxerr=1.00E-10 time=11.320
After sweep 5 energy=-266.0579  maxlinkdim=900 maxerr=4.80E-08 time=14.662
After sweep 6 energy=-266.3679  maxlinkdim=1400 maxerr=9.92E-08 time=20.997
After sweep 7 energy=-266.74225  maxlinkdim=1400 maxerr=4.66E-08 time=43.885
After sweep 8 energy=-267.00824  maxlinkdim=1400 maxerr=1.24E-09 time=49.508
After sweep 9 energy=-267.21902  maxlinkdim=1400 maxerr=5.09E-08 time=54.977
After sweep 10 energy=-267.41492  maxlinkdim=1400 maxerr=2.18E-07 time=70.180
After sweep 11 energy=-267.62506  maxlinkdim=1400 maxerr=7.04E-08 time=76.920
After sweep 12 energy=-267.83313  maxlinkdim=1400 maxerr=9.87E-07 time=89.985
After sweep 13 energy=-268.02893  maxlinkdim=1400 maxerr=1.11E-06 time=105.471
After sweep 14 energy=-268.21442  maxlinkdim=1400 maxerr=7.84E-07 time=109.937
After sweep 15 energy=-268.4159  maxlinkdim=1400 maxerr=1.44E-06 time=118.292
After sweep 16 energy=-268.603  maxlinkdim=1400 maxerr=2.98E-06 time=127.541
After sweep 17 energy=-268.76083  maxlinkdim=1400 maxerr=2.14E-06 time=127.197
After sweep 18 energy=-268.89038  maxlinkdim=1400 maxerr=7.83E-07 time=136.963
After sweep 19 energy=-268.99265  maxlinkdim=1400 maxerr=3.08E-07 time=143.396
After sweep 20 energy=-269.11182  maxlinkdim=1400 maxerr=1.30E-06 time=160.698
After sweep 21 energy=-269.1776  maxlinkdim=1400 maxerr=6.23E-07 time=154.195
After sweep 22 energy=-269.2345  maxlinkdim=1400 maxerr=1.87E-07 time=162.515
After sweep 23 energy=-269.28055  maxlinkdim=1400 maxerr=5.05E-07 time=165.468
After sweep 24 energy=-269.31915  maxlinkdim=1400 maxerr=3.96E-07 time=177.990
After sweep 25 energy=-269.34964  maxlinkdim=1400 maxerr=1.07E-06 time=175.086
After sweep 26 energy=-269.37442  maxlinkdim=1400 maxerr=6.75E-07 time=188.213
After sweep 27 energy=-269.39545  maxlinkdim=1400 maxerr=7.43E-07 time=193.607
After sweep 28 energy=-269.40997  maxlinkdim=1400 maxerr=5.01E-07 time=196.922
After sweep 29 energy=-269.42062  maxlinkdim=1400 maxerr=7.95E-07 time=201.533
After sweep 30 energy=-269.4317  maxlinkdim=1400 maxerr=1.08E-06 time=214.895
n0: 0.9374194; n1: 0.9374194; mu0: 1.68; mu1: 1.6800000064287277
Secant unstable (n0 ≈ n1), falling back to bisection...
Densities identical and mu interval small, returning closest to target...
Target density achieved with mu=1.6800000064287277, n=0.9374194
Checking {alpha,beta} vs measured
Alpha not converged.
NOT CONVERGED; updating alpha, beta and continuing...
After sweep 1 energy=-237.1843  maxlinkdim=10 maxerr=7.34E-03 time=1.384
After sweep 2 energy=-245.23166  maxlinkdim=20 maxerr=2.07E-03 time=1.546
After sweep 3 energy=-249.0858  maxlinkdim=100 maxerr=8.59E-06 time=2.629
After sweep 4 energy=-249.57758  maxlinkdim=1400 maxerr=1.20E-10 time=81.244
After sweep 5 energy=-250.1882  maxlinkdim=1400 maxerr=5.20E-08 time=205.003
After sweep 6 energy=-250.70087  maxlinkdim=1400 maxerr=9.93E-08 time=180.921
After sweep 7 energy=-251.03976  maxlinkdim=1364 maxerr=4.28E-08 time=192.714
After sweep 8 energy=-251.23975  maxlinkdim=1400 maxerr=1.38E-07 time=175.959
After sweep 9 energy=-251.4457  maxlinkdim=1400 maxerr=6.11E-07 time=199.458
After sweep 10 energy=-251.65002  maxlinkdim=1400 maxerr=5.16E-07 time=289.351
After sweep 11 energy=-251.83551  maxlinkdim=1400 maxerr=7.83E-08 time=310.527
After sweep 12 energy=-251.97365  maxlinkdim=1400 maxerr=2.10E-08 time=303.870
After sweep 13 energy=-252.07701  maxlinkdim=1400 maxerr=2.13E-07 time=277.138
After sweep 14 energy=-252.18353  maxlinkdim=1400 maxerr=2.23E-06 time=286.633
After sweep 15 energy=-252.35486  maxlinkdim=1400 maxerr=1.37E-07 time=355.710
After sweep 16 energy=-252.51517  maxlinkdim=1400 maxerr=2.91E-06 time=396.368
After sweep 17 energy=-252.72684  maxlinkdim=1400 maxerr=1.18E-06 time=428.340
After sweep 18 energy=-252.8809  maxlinkdim=1400 maxerr=1.93E-06 time=435.129
After sweep 19 energy=-252.97287  maxlinkdim=1400 maxerr=2.11E-06 time=427.788
After sweep 20 energy=-253.06255  maxlinkdim=1400 maxerr=1.93E-06 time=457.589
After sweep 21 energy=-253.16077  maxlinkdim=1400 maxerr=2.53E-06 time=476.195
After sweep 22 energy=-253.2476  maxlinkdim=1400 maxerr=1.25E-06 time=509.020
After sweep 23 energy=-253.3141  maxlinkdim=1400 maxerr=3.57E-07 time=512.376
After sweep 24 energy=-253.35841  maxlinkdim=1400 maxerr=4.23E-07 time=539.720
After sweep 25 energy=-253.38663  maxlinkdim=1400 maxerr=9.30E-07 time=542.218
After sweep 26 energy=-253.42575  maxlinkdim=1400 maxerr=4.53E-07 time=564.202
After sweep 27 energy=-253.46384  maxlinkdim=1400 maxerr=6.18E-07 time=566.144
After sweep 28 energy=-253.50223  maxlinkdim=1400 maxerr=4.51E-07 time=581.115
After sweep 29 energy=-253.56277  maxlinkdim=1400 maxerr=1.20E-06 time=600.104
After sweep 30 energy=-253.60483  maxlinkdim=1400 maxerr=1.23E-06 time=589.147
Not same mu, searching again
After sweep 1 energy=-238.21846  maxlinkdim=10 maxerr=5.51E-03 time=1.367
After sweep 2 energy=-246.45584  maxlinkdim=20 maxerr=2.06E-03 time=1.527
After sweep 3 energy=-250.44199  maxlinkdim=100 maxerr=1.39E-05 time=2.619
After sweep 4 energy=-250.86508  maxlinkdim=1355 maxerr=1.00E-10 time=77.664
After sweep 5 energy=-251.38028  maxlinkdim=1400 maxerr=8.50E-08 time=185.871
After sweep 6 energy=-251.77617  maxlinkdim=1123 maxerr=2.55E-08 time=139.220
After sweep 7 energy=-252.04431  maxlinkdim=1339 maxerr=1.06E-10 time=135.906
After sweep 8 energy=-252.25342  maxlinkdim=1400 maxerr=2.88E-10 time=175.184
After sweep 9 energy=-252.45601  maxlinkdim=1400 maxerr=1.12E-07 time=234.607
After sweep 10 energy=-252.62082  maxlinkdim=1400 maxerr=1.39E-07 time=234.884
After sweep 11 energy=-252.77252  maxlinkdim=1400 maxerr=4.82E-08 time=269.351
After sweep 12 energy=-252.9234  maxlinkdim=1400 maxerr=1.68E-07 time=298.258
After sweep 13 energy=-253.13129  maxlinkdim=1400 maxerr=1.13E-06 time=320.000
After sweep 14 energy=-253.33351  maxlinkdim=1400 maxerr=2.58E-07 time=377.197
After sweep 15 energy=-253.50548  maxlinkdim=1400 maxerr=2.39E-07 time=385.934
After sweep 16 energy=-253.67416  maxlinkdim=1400 maxerr=1.88E-07 time=381.692
After sweep 17 energy=-253.8712  maxlinkdim=1400 maxerr=1.07E-06 time=447.384
After sweep 18 energy=-254.03317  maxlinkdim=1400 maxerr=5.19E-07 time=481.350
After sweep 19 energy=-254.17624  maxlinkdim=1400 maxerr=1.44E-07 time=513.005
After sweep 20 energy=-254.28186  maxlinkdim=1400 maxerr=7.78E-07 time=513.073
After sweep 21 energy=-254.37004  maxlinkdim=1400 maxerr=3.05E-07 time=541.320
After sweep 22 energy=-254.43861  maxlinkdim=1400 maxerr=2.27E-07 time=580.001
After sweep 23 energy=-254.49875  maxlinkdim=1400 maxerr=1.33E-06 time=570.126
After sweep 24 energy=-254.5673  maxlinkdim=1400 maxerr=5.95E-07 time=592.182
After sweep 25 energy=-254.62679  maxlinkdim=1400 maxerr=9.00E-07 time=607.936
After sweep 26 energy=-254.67276  maxlinkdim=1400 maxerr=5.23E-07 time=607.575
After sweep 27 energy=-254.71024  maxlinkdim=1400 maxerr=4.41E-07 time=614.366
After sweep 28 energy=-254.73909  maxlinkdim=1400 maxerr=5.52E-07 time=617.748
After sweep 29 energy=-254.7726  maxlinkdim=1400 maxerr=1.30E-06 time=631.138
After sweep 30 energy=-254.79749  maxlinkdim=1400 maxerr=8.38E-07 time=641.860
n0: 0.91057485; n1: 0.911122; mu0: 1.6800000064287277; mu1: 1.6900000064287277
n_target > n1 and n_target > n0 triggered
After sweep 1 energy=-239.71188  maxlinkdim=10 maxerr=5.98E-03 time=1.366
After sweep 2 energy=-248.0161  maxlinkdim=20 maxerr=2.03E-03 time=1.526
After sweep 3 energy=-251.66357  maxlinkdim=100 maxerr=9.89E-06 time=2.620
After sweep 4 energy=-252.03958  maxlinkdim=1400 maxerr=1.19E-10 time=76.997
After sweep 5 energy=-252.51978  maxlinkdim=1400 maxerr=4.96E-08 time=182.221
After sweep 6 energy=-252.87558  maxlinkdim=1102 maxerr=3.89E-08 time=120.022
After sweep 7 energy=-253.088  maxlinkdim=939 maxerr=6.12E-08 time=81.906
After sweep 8 energy=-253.30176  maxlinkdim=1400 maxerr=1.17E-07 time=98.145
After sweep 9 energy=-253.52487  maxlinkdim=1400 maxerr=5.70E-08 time=142.030
After sweep 10 energy=-253.73688  maxlinkdim=1400 maxerr=3.21E-09 time=185.124
After sweep 11 energy=-253.91522  maxlinkdim=1400 maxerr=1.20E-09 time=200.061
After sweep 12 energy=-254.10263  maxlinkdim=1400 maxerr=5.33E-08 time=239.762
After sweep 13 energy=-254.35098  maxlinkdim=1400 maxerr=4.37E-07 time=311.628
After sweep 14 energy=-254.51581  maxlinkdim=1400 maxerr=5.09E-08 time=315.881
After sweep 15 energy=-254.70987  maxlinkdim=1400 maxerr=1.74E-07 time=368.049
After sweep 16 energy=-254.8816  maxlinkdim=1400 maxerr=5.03E-07 time=396.674
After sweep 17 energy=-255.04  maxlinkdim=1400 maxerr=1.47E-07 time=413.429
After sweep 18 energy=-255.15117  maxlinkdim=1400 maxerr=6.12E-07 time=422.819
After sweep 19 energy=-255.27216  maxlinkdim=1400 maxerr=1.39E-06 time=423.053
After sweep 20 energy=-255.37263  maxlinkdim=1400 maxerr=4.44E-07 time=426.215
After sweep 21 energy=-255.47223  maxlinkdim=1400 maxerr=1.17E-07 time=458.454
After sweep 22 energy=-255.54655  maxlinkdim=1400 maxerr=1.45E-07 time=473.386
After sweep 23 energy=-255.60367  maxlinkdim=1400 maxerr=8.60E-08 time=475.220
After sweep 24 energy=-255.64842  maxlinkdim=1400 maxerr=1.04E-06 time=504.145
After sweep 25 energy=-255.6936  maxlinkdim=1400 maxerr=1.52E-06 time=506.111
After sweep 26 energy=-255.74251  maxlinkdim=1400 maxerr=5.16E-07 time=539.239
After sweep 27 energy=-255.78577  maxlinkdim=1400 maxerr=4.17E-07 time=541.079
After sweep 28 energy=-255.81947  maxlinkdim=1400 maxerr=2.19E-06 time=556.691
After sweep 29 energy=-255.84654  maxlinkdim=1400 maxerr=1.03E-06 time=560.040
After sweep 30 energy=-255.87979  maxlinkdim=1400 maxerr=6.98E-07 time=581.649
n0: 0.911122; n1: 0.92251974; mu0: 1.6900000064287277; mu1: 1.7000000064287277
n_target > n1 and n_target > n0 triggered
After sweep 1 energy=-243.73518  maxlinkdim=10 maxerr=4.73E-03 time=1.381
After sweep 2 energy=-251.728  maxlinkdim=20 maxerr=2.13E-03 time=1.538
After sweep 3 energy=-255.38025  maxlinkdim=100 maxerr=6.75E-06 time=2.642
After sweep 4 energy=-255.75739  maxlinkdim=1400 maxerr=1.10E-10 time=81.522
After sweep 5 energy=-256.2293  maxlinkdim=1311 maxerr=8.86E-09 time=178.998
After sweep 6 energy=-256.60864  maxlinkdim=1400 maxerr=2.80E-09 time=140.177
After sweep 7 energy=-256.9175  maxlinkdim=1400 maxerr=9.25E-08 time=140.816
After sweep 8 energy=-257.15454  maxlinkdim=1400 maxerr=7.44E-08 time=162.954
After sweep 9 energy=-257.36215  maxlinkdim=1400 maxerr=7.47E-09 time=194.135
After sweep 10 energy=-257.61038  maxlinkdim=1400 maxerr=4.51E-08 time=254.527
After sweep 11 energy=-257.85898  maxlinkdim=1400 maxerr=7.13E-07 time=299.532
After sweep 12 energy=-258.04465  maxlinkdim=1400 maxerr=4.01E-07 time=278.386
After sweep 13 energy=-258.19107  maxlinkdim=1400 maxerr=1.33E-07 time=277.722
After sweep 14 energy=-258.33655  maxlinkdim=1400 maxerr=1.86E-06 time=295.261
After sweep 15 energy=-258.44897  maxlinkdim=1400 maxerr=2.78E-07 time=297.999
After sweep 16 energy=-258.57178  maxlinkdim=1400 maxerr=2.02E-06 time=362.941
After sweep 17 energy=-258.72504  maxlinkdim=1400 maxerr=2.04E-06 time=413.512
After sweep 18 energy=-258.8188  maxlinkdim=1400 maxerr=3.27E-07 time=396.679
After sweep 19 energy=-258.90576  maxlinkdim=1400 maxerr=3.04E-07 time=414.510
After sweep 20 energy=-258.99377  maxlinkdim=1400 maxerr=1.17E-07 time=442.608
After sweep 21 energy=-259.05905  maxlinkdim=1400 maxerr=7.47E-08 time=453.652
After sweep 22 energy=-259.10773  maxlinkdim=1400 maxerr=1.70E-07 time=476.032
After sweep 23 energy=-259.16058  maxlinkdim=1400 maxerr=1.88E-07 time=490.232
After sweep 24 energy=-259.2024  maxlinkdim=1400 maxerr=2.08E-07 time=492.469
After sweep 25 energy=-259.24704  maxlinkdim=1400 maxerr=3.29E-07 time=510.712
After sweep 26 energy=-259.27686  maxlinkdim=1400 maxerr=1.50E-06 time=546.775
After sweep 27 energy=-259.30933  maxlinkdim=1400 maxerr=6.11E-07 time=572.676
After sweep 28 energy=-259.34442  maxlinkdim=1400 maxerr=1.29E-06 time=607.041
After sweep 29 energy=-259.3769  maxlinkdim=1400 maxerr=1.59E-06 time=605.757
After sweep 30 energy=-259.3998  maxlinkdim=1400 maxerr=6.18E-07 time=601.586
n0: 0.92251974; n1: 0.93716675; mu0: 1.7000000064287277; mu1: 1.7300000064287278
n_target > n1 and n_target > n0 triggered
After sweep 1 energy=-254.06438  maxlinkdim=10 maxerr=4.82E-03 time=1.358
After sweep 2 energy=-262.3521  maxlinkdim=20 maxerr=2.03E-03 time=1.514
After sweep 3 energy=-266.29156  maxlinkdim=100 maxerr=7.44E-06 time=2.611
After sweep 4 energy=-266.71274  maxlinkdim=1281 maxerr=1.00E-10 time=76.043
After sweep 5 energy=-267.2228  maxlinkdim=1400 maxerr=9.47E-08 time=180.477
After sweep 6 energy=-267.54288  maxlinkdim=1124 maxerr=1.33E-07 time=106.915
After sweep 7 energy=-267.75763  maxlinkdim=908 maxerr=2.37E-08 time=67.829
After sweep 8 energy=-267.96063  maxlinkdim=1222 maxerr=6.96E-08 time=72.018
After sweep 9 energy=-268.17953  maxlinkdim=1400 maxerr=7.02E-08 time=86.614
After sweep 10 energy=-268.39572  maxlinkdim=1400 maxerr=5.73E-09 time=111.161
After sweep 11 energy=-268.62814  maxlinkdim=1400 maxerr=1.24E-07 time=142.823
After sweep 12 energy=-268.84525  maxlinkdim=1400 maxerr=7.97E-08 time=178.173
After sweep 13 energy=-269.02332  maxlinkdim=1400 maxerr=2.75E-08 time=185.824
After sweep 14 energy=-269.21017  maxlinkdim=1400 maxerr=1.45E-08 time=244.443
After sweep 15 energy=-269.36975  maxlinkdim=1400 maxerr=1.24E-07 time=232.290
After sweep 16 energy=-269.48312  maxlinkdim=1400 maxerr=1.44E-07 time=208.388
After sweep 17 energy=-269.5819  maxlinkdim=1400 maxerr=3.38E-08 time=244.651
After sweep 18 energy=-269.71655  maxlinkdim=1400 maxerr=7.87E-08 time=295.004
After sweep 19 energy=-269.80246  maxlinkdim=1400 maxerr=8.96E-08 time=284.210
After sweep 20 energy=-269.9251  maxlinkdim=1400 maxerr=2.43E-06 time=357.745
After sweep 21 energy=-270.0049  maxlinkdim=1400 maxerr=1.88E-08 time=314.077
After sweep 22 energy=-270.07736  maxlinkdim=1400 maxerr=4.90E-07 time=324.402
After sweep 23 energy=-270.1777  maxlinkdim=1400 maxerr=3.21E-08 time=396.584
After sweep 24 energy=-270.24518  maxlinkdim=1400 maxerr=4.71E-08 time=365.183
After sweep 25 energy=-270.29266  maxlinkdim=1400 maxerr=3.99E-08 time=368.109
After sweep 26 energy=-270.35428  maxlinkdim=1400 maxerr=9.24E-08 time=373.494
After sweep 27 energy=-270.42343  maxlinkdim=1400 maxerr=3.51E-07 time=415.357
After sweep 28 energy=-270.4671  maxlinkdim=1400 maxerr=9.00E-09 time=388.377
After sweep 29 energy=-270.50125  maxlinkdim=1400 maxerr=2.57E-07 time=373.076
After sweep 30 energy=-270.55408  maxlinkdim=1400 maxerr=3.09E-07 time=377.896
n0: 0.93716675; n1: 0.9875523; mu0: 1.7300000064287278; mu1: 1.8200000064287278

Range found between mu0: 1.7300000064287278 (n0: 0.93716675) and mu1: 1.8200000064287278 (n1: 0.9875523); refining...
n0: 0.93716675; n1: 0.9875523; mu0: 1.7300000064287278; mu1: 1.8200000064287278
Trying secant step...
After sweep 1 energy=-243.436  maxlinkdim=10 maxerr=5.64E-03 time=1.358
After sweep 2 energy=-251.22786  maxlinkdim=20 maxerr=2.13E-03 time=1.511
After sweep 3 energy=-255.20277  maxlinkdim=100 maxerr=8.81E-06 time=2.593
After sweep 4 energy=-255.67744  maxlinkdim=1394 maxerr=1.00E-10 time=78.862
After sweep 5 energy=-256.25162  maxlinkdim=1400 maxerr=5.58E-08 time=192.503
After sweep 6 energy=-256.67908  maxlinkdim=1400 maxerr=4.98E-08 time=144.090
After sweep 7 energy=-257.00473  maxlinkdim=1400 maxerr=3.34E-08 time=163.469
After sweep 8 energy=-257.25647  maxlinkdim=1400 maxerr=7.51E-08 time=200.339
After sweep 9 energy=-257.47076  maxlinkdim=1400 maxerr=7.16E-08 time=222.981
After sweep 10 energy=-257.67212  maxlinkdim=1400 maxerr=3.44E-08 time=256.960
After sweep 11 energy=-257.87735  maxlinkdim=1400 maxerr=4.26E-07 time=275.930
After sweep 12 energy=-258.08545  maxlinkdim=1400 maxerr=6.10E-07 time=331.626
After sweep 13 energy=-258.24976  maxlinkdim=1400 maxerr=1.07E-07 time=309.897
After sweep 14 energy=-258.45297  maxlinkdim=1400 maxerr=9.57E-08 time=355.872
After sweep 15 energy=-258.6127  maxlinkdim=1400 maxerr=2.43E-07 time=380.869
After sweep 16 energy=-258.74  maxlinkdim=1400 maxerr=5.50E-07 time=361.891
After sweep 17 energy=-258.82623  maxlinkdim=1400 maxerr=1.28E-06 time=373.254
After sweep 18 energy=-258.90778  maxlinkdim=1400 maxerr=3.87E-06 time=406.372
After sweep 19 energy=-259.00226  maxlinkdim=1400 maxerr=4.58E-06 time=421.096
After sweep 20 energy=-259.07663  maxlinkdim=1400 maxerr=8.30E-07 time=427.610
After sweep 21 energy=-259.16617  maxlinkdim=1400 maxerr=3.85E-07 time=458.927
After sweep 22 energy=-259.2193  maxlinkdim=1400 maxerr=1.54E-06 time=462.938
After sweep 23 energy=-259.27124  maxlinkdim=1400 maxerr=1.65E-06 time=470.818
After sweep 24 energy=-259.3052  maxlinkdim=1400 maxerr=5.32E-06 time=515.189
After sweep 25 energy=-259.35043  maxlinkdim=1400 maxerr=8.00E-07 time=517.433
After sweep 26 energy=-259.3959  maxlinkdim=1400 maxerr=7.38E-07 time=539.015
After sweep 27 energy=-259.42712  maxlinkdim=1400 maxerr=6.93E-07 time=557.610
After sweep 28 energy=-259.46024  maxlinkdim=1400 maxerr=6.86E-07 time=563.936
After sweep 29 energy=-259.48822  maxlinkdim=1400 maxerr=8.63E-07 time=600.543
After sweep 30 energy=-259.51187  maxlinkdim=1400 maxerr=6.93E-07 time=600.403
n0: 0.93716675; n1: 0.9361841; mu0: 1.7300000064287278; mu1: 1.7305952657892845
Trying secant step...
After sweep 1 energy=-243.32973  maxlinkdim=10 maxerr=5.43E-03 time=1.343
After sweep 2 energy=-251.4154  maxlinkdim=20 maxerr=1.87E-03 time=1.498
After sweep 3 energy=-255.24976  maxlinkdim=100 maxerr=7.30E-06 time=2.590
After sweep 4 energy=-255.66876  maxlinkdim=1304 maxerr=1.00E-10 time=78.706
After sweep 5 energy=-256.19675  maxlinkdim=1378 maxerr=2.29E-09 time=185.075
After sweep 6 energy=-256.54843  maxlinkdim=1092 maxerr=1.00E-10 time=124.645
After sweep 7 energy=-256.80246  maxlinkdim=1400 maxerr=1.16E-07 time=105.968
After sweep 8 energy=-257.0251  maxlinkdim=1400 maxerr=5.56E-08 time=129.517
After sweep 9 energy=-257.22318  maxlinkdim=1400 maxerr=3.72E-08 time=161.331
After sweep 10 energy=-257.4006  maxlinkdim=1400 maxerr=2.75E-07 time=197.256
After sweep 11 energy=-257.56018  maxlinkdim=1400 maxerr=8.31E-07 time=214.801
After sweep 12 energy=-257.72733  maxlinkdim=1400 maxerr=2.79E-08 time=228.384
After sweep 13 energy=-257.8939  maxlinkdim=1400 maxerr=3.16E-06 time=230.018
After sweep 14 energy=-258.06244  maxlinkdim=1400 maxerr=8.79E-08 time=274.615
After sweep 15 energy=-258.21585  maxlinkdim=1400 maxerr=3.39E-07 time=306.916
After sweep 16 energy=-258.41647  maxlinkdim=1400 maxerr=4.83E-07 time=360.785
After sweep 17 energy=-258.63425  maxlinkdim=1400 maxerr=2.14E-06 time=419.565
After sweep 18 energy=-258.77747  maxlinkdim=1400 maxerr=9.47E-07 time=403.327
After sweep 19 energy=-258.8801  maxlinkdim=1400 maxerr=4.34E-07 time=384.475
After sweep 20 energy=-259.00113  maxlinkdim=1400 maxerr=2.09E-07 time=422.798
After sweep 21 energy=-259.10406  maxlinkdim=1400 maxerr=5.55E-07 time=458.403
After sweep 22 energy=-259.1763  maxlinkdim=1400 maxerr=4.61E-07 time=499.335
After sweep 23 energy=-259.20657  maxlinkdim=1400 maxerr=4.04E-07 time=467.097
After sweep 24 energy=-259.23886  maxlinkdim=1400 maxerr=4.84E-07 time=500.005
After sweep 25 energy=-259.25122  maxlinkdim=1400 maxerr=2.14E-06 time=488.711
After sweep 26 energy=-259.275  maxlinkdim=1400 maxerr=1.96E-06 time=507.258
After sweep 27 energy=-259.29404  maxlinkdim=1400 maxerr=7.69E-07 time=525.533
After sweep 28 energy=-259.30597  maxlinkdim=1400 maxerr=6.99E-07 time=560.099
After sweep 29 energy=-259.31793  maxlinkdim=1400 maxerr=4.76E-07 time=564.897
After sweep 30 energy=-259.32935  maxlinkdim=1400 maxerr=7.25E-07 time=575.873
n0: 0.944962; n1: 0.93716675; mu0: 1.7297981324092644; mu1: 1.7300000064287278
Trying secant step...
After sweep 1 energy=-243.3254  maxlinkdim=10 maxerr=5.08E-03 time=1.364
After sweep 2 energy=-251.37268  maxlinkdim=20 maxerr=2.09E-03 time=1.526
After sweep 3 energy=-255.31123  maxlinkdim=100 maxerr=1.05E-05 time=2.607
After sweep 4 energy=-255.69342  maxlinkdim=1321 maxerr=1.00E-10 time=76.848
After sweep 5 energy=-256.20468  maxlinkdim=1400 maxerr=5.91E-08 time=183.645
After sweep 6 energy=-256.59396  maxlinkdim=1400 maxerr=2.09E-09 time=146.364
After sweep 7 energy=-256.84274  maxlinkdim=1400 maxerr=5.68E-08 time=120.959
After sweep 8 energy=-257.03326  maxlinkdim=1400 maxerr=1.79E-09 time=151.760
After sweep 9 energy=-257.21463  maxlinkdim=1400 maxerr=9.17E-09 time=182.804
After sweep 10 energy=-257.42072  maxlinkdim=1400 maxerr=1.17E-06 time=224.514
After sweep 11 energy=-257.57068  maxlinkdim=1400 maxerr=1.41E-06 time=254.646
After sweep 12 energy=-257.72748  maxlinkdim=1400 maxerr=3.80E-07 time=267.690
After sweep 13 energy=-257.84552  maxlinkdim=1400 maxerr=3.88E-07 time=297.959
After sweep 14 energy=-258.0203  maxlinkdim=1400 maxerr=2.31E-06 time=341.971
After sweep 15 energy=-258.15677  maxlinkdim=1400 maxerr=3.55E-07 time=333.387
After sweep 16 energy=-258.28436  maxlinkdim=1400 maxerr=3.60E-06 time=340.756
After sweep 17 energy=-258.40625  maxlinkdim=1400 maxerr=3.56E-07 time=357.499
After sweep 18 energy=-258.53506  maxlinkdim=1400 maxerr=4.00E-07 time=388.498
After sweep 19 energy=-258.7428  maxlinkdim=1400 maxerr=8.04E-06 time=439.323
After sweep 20 energy=-258.85553  maxlinkdim=1400 maxerr=8.54E-07 time=402.026
After sweep 21 energy=-258.9411  maxlinkdim=1400 maxerr=1.14E-06 time=414.964
After sweep 22 energy=-259.02945  maxlinkdim=1400 maxerr=2.51E-06 time=434.560
After sweep 23 energy=-259.09875  maxlinkdim=1400 maxerr=8.70E-07 time=441.560
After sweep 24 energy=-259.1593  maxlinkdim=1400 maxerr=1.63E-07 time=463.886
After sweep 25 energy=-259.2102  maxlinkdim=1400 maxerr=1.83E-06 time=479.414
After sweep 26 energy=-259.26144  maxlinkdim=1400 maxerr=1.90E-07 time=498.826
After sweep 27 energy=-259.30313  maxlinkdim=1400 maxerr=4.01E-07 time=507.151
After sweep 28 energy=-259.33127  maxlinkdim=1400 maxerr=6.36E-07 time=530.017
After sweep 29 energy=-259.373  maxlinkdim=1400 maxerr=5.81E-07 time=558.966
After sweep 30 energy=-259.39005  maxlinkdim=1400 maxerr=3.59E-06 time=567.660
n0: 0.939717; n1: 0.93716675; mu0: 1.729991376273105; mu1: 1.7300000064287278
Trying secant step...
After sweep 1 energy=-243.12  maxlinkdim=10 maxerr=4.34E-03 time=1.361
After sweep 2 energy=-251.6305  maxlinkdim=20 maxerr=2.26E-03 time=1.522
After sweep 3 energy=-255.5018  maxlinkdim=100 maxerr=5.36E-06 time=2.601
After sweep 4 energy=-255.86903  maxlinkdim=1274 maxerr=1.00E-10 time=76.915
After sweep 5 energy=-256.27936  maxlinkdim=1192 maxerr=1.34E-07 time=160.516
After sweep 6 energy=-256.5903  maxlinkdim=1400 maxerr=1.47E-08 time=104.556
After sweep 7 energy=-256.84146  maxlinkdim=1400 maxerr=1.37E-09 time=122.447
After sweep 8 energy=-257.10043  maxlinkdim=1400 maxerr=1.12E-07 time=189.976
After sweep 9 energy=-257.3177  maxlinkdim=1400 maxerr=4.59E-08 time=203.809
After sweep 10 energy=-257.51788  maxlinkdim=1400 maxerr=4.24E-08 time=225.643
After sweep 11 energy=-257.75955  maxlinkdim=1400 maxerr=1.30E-08 time=284.463
After sweep 12 energy=-257.93005  maxlinkdim=1400 maxerr=7.49E-07 time=278.159
After sweep 13 energy=-258.13107  maxlinkdim=1400 maxerr=4.72E-07 time=316.698
After sweep 14 energy=-258.3161  maxlinkdim=1400 maxerr=1.12E-07 time=340.196
After sweep 15 energy=-258.4904  maxlinkdim=1400 maxerr=1.04E-07 time=350.226
After sweep 16 energy=-258.62357  maxlinkdim=1400 maxerr=1.65E-07 time=361.271
After sweep 17 energy=-258.73285  maxlinkdim=1400 maxerr=2.30E-07 time=358.755
After sweep 18 energy=-258.83673  maxlinkdim=1400 maxerr=9.09E-08 time=378.489
After sweep 19 energy=-258.93344  maxlinkdim=1400 maxerr=5.91E-06 time=387.442
slurmstepd: error: *** STEP 47617511.0 ON nid008589 CANCELLED AT 2026-01-16T14:43:21 ***
slurmstepd: error: *** JOB 47617511 ON nid008589 CANCELLED AT 2026-01-16T14:43:21 ***
