outfile_name: results_L_64_U_8.0_t0_1.0_t_p_0.05_chi_1000_gpu.h5
[ Info:  started timer at: 2026-01-19T02:16:26.048
Resuming from checkpoint results_L_64_U_8.0_t0_1.0_t_p_0.05_chi_1000_gpu.h5
Resuming with mu_init=1.7204252714260198
Running with t0=1.0 t_p=0.05 U=8.0 L=64 chi_max=1000 E_p=0.134 mu_init=1.7204252714260198
After sweep 1 energy=-241.95985  maxlinkdim=10 maxerr=4.95E-03 time=29.763
After sweep 2 energy=-250.41132  maxlinkdim=20 maxerr=2.33E-03 time=1.583
After sweep 3 energy=-254.22333  maxlinkdim=100 maxerr=9.63E-06 time=3.089
After sweep 4 energy=-254.60593  maxlinkdim=1000 maxerr=4.74E-10 time=69.346
After sweep 5 energy=-255.09073  maxlinkdim=1000 maxerr=6.15E-08 time=152.313
After sweep 6 energy=-255.49742  maxlinkdim=1000 maxerr=1.27E-07 time=120.738
After sweep 7 energy=-255.74068  maxlinkdim=1000 maxerr=1.19E-07 time=91.571
After sweep 8 energy=-255.94496  maxlinkdim=1000 maxerr=4.77E-08 time=106.618
After sweep 9 energy=-256.15753  maxlinkdim=1000 maxerr=2.33E-08 time=128.014
After sweep 10 energy=-256.4055  maxlinkdim=1000 maxerr=1.55E-07 time=158.901
After sweep 11 energy=-256.6665  maxlinkdim=1000 maxerr=1.54E-07 time=174.264
After sweep 12 energy=-256.8839  maxlinkdim=1000 maxerr=1.83E-07 time=176.054
After sweep 13 energy=-257.06122  maxlinkdim=1000 maxerr=1.49E-07 time=181.123
After sweep 14 energy=-257.25296  maxlinkdim=1000 maxerr=9.80E-07 time=196.595
After sweep 15 energy=-257.4363  maxlinkdim=1000 maxerr=5.22E-07 time=210.819
After sweep 16 energy=-257.54114  maxlinkdim=1000 maxerr=2.48E-07 time=195.092
After sweep 17 energy=-257.6711  maxlinkdim=1000 maxerr=2.51E-06 time=198.900
After sweep 18 energy=-257.79794  maxlinkdim=1000 maxerr=7.43E-07 time=201.648
After sweep 19 energy=-257.93207  maxlinkdim=1000 maxerr=2.57E-06 time=214.250
After sweep 20 energy=-258.03983  maxlinkdim=1000 maxerr=1.42E-06 time=219.672
After sweep 21 energy=-258.0954  maxlinkdim=1000 maxerr=2.08E-06 time=220.913
After sweep 22 energy=-258.1543  maxlinkdim=1000 maxerr=2.64E-06 time=224.510
After sweep 23 energy=-258.21527  maxlinkdim=1000 maxerr=4.65E-06 time=234.405
After sweep 24 energy=-258.26205  maxlinkdim=1000 maxerr=2.41E-06 time=241.703
After sweep 25 energy=-258.32214  maxlinkdim=1000 maxerr=3.15E-06 time=247.094
After sweep 26 energy=-258.35803  maxlinkdim=1000 maxerr=1.64E-06 time=247.591
After sweep 27 energy=-258.38583  maxlinkdim=1000 maxerr=1.66E-06 time=251.295
After sweep 28 energy=-258.40405  maxlinkdim=1000 maxerr=1.45E-06 time=255.483
After sweep 29 energy=-258.4154  maxlinkdim=1000 maxerr=1.50E-06 time=257.454
After sweep 30 energy=-258.42722  maxlinkdim=1000 maxerr=1.54E-06 time=255.711
After sweep 31 energy=-258.43637  maxlinkdim=1000 maxerr=1.53E-06 time=255.517
After sweep 32 energy=-258.4474  maxlinkdim=1000 maxerr=1.72E-06 time=257.827
After sweep 33 energy=-258.4612  maxlinkdim=1000 maxerr=1.79E-06 time=258.183
After sweep 34 energy=-258.47504  maxlinkdim=1000 maxerr=1.66E-06 time=258.235
After sweep 35 energy=-258.48523  maxlinkdim=1000 maxerr=2.15E-06 time=257.748
After sweep 36 energy=-258.4949  maxlinkdim=1000 maxerr=2.01E-06 time=259.974
After sweep 37 energy=-258.49835  maxlinkdim=1000 maxerr=1.78E-06 time=258.177
After sweep 38 energy=-258.50275  maxlinkdim=1000 maxerr=2.15E-06 time=260.246
After sweep 39 energy=-258.50336  maxlinkdim=1000 maxerr=1.75E-06 time=258.429
After sweep 40 energy=-258.5054  maxlinkdim=1000 maxerr=1.71E-06 time=258.073
After sweep 41 energy=-258.5071  maxlinkdim=1000 maxerr=1.70E-06 time=258.564
After sweep 42 energy=-258.5075  maxlinkdim=1000 maxerr=1.64E-06 time=258.315
After sweep 43 energy=-258.50922  maxlinkdim=1000 maxerr=1.77E-06 time=257.679
After sweep 44 energy=-258.51056  maxlinkdim=1000 maxerr=1.78E-06 time=257.858
After sweep 45 energy=-258.5109  maxlinkdim=1000 maxerr=1.77E-06 time=257.771
After sweep 46 energy=-258.51266  maxlinkdim=1000 maxerr=1.75E-06 time=259.590
After sweep 47 energy=-258.51312  maxlinkdim=1000 maxerr=1.66E-06 time=257.989
After sweep 48 energy=-258.51328  maxlinkdim=1000 maxerr=1.78E-06 time=260.195
After sweep 49 energy=-258.5116  maxlinkdim=1000 maxerr=1.70E-06 time=257.286
After sweep 50 energy=-258.51474  maxlinkdim=1000 maxerr=1.71E-06 time=257.874
Not same mu, searching again
After sweep 1 energy=-243.41753  maxlinkdim=10 maxerr=5.28E-03 time=1.384
After sweep 2 energy=-251.69954  maxlinkdim=20 maxerr=2.32E-03 time=1.545
After sweep 3 energy=-255.46301  maxlinkdim=100 maxerr=7.72E-06 time=2.634
After sweep 4 energy=-255.84883  maxlinkdim=1000 maxerr=3.70E-10 time=67.181
After sweep 5 energy=-256.313  maxlinkdim=1000 maxerr=1.22E-07 time=149.783
After sweep 6 energy=-256.6782  maxlinkdim=1000 maxerr=3.72E-08 time=114.067
After sweep 7 energy=-256.9568  maxlinkdim=1000 maxerr=2.89E-09 time=119.584
After sweep 8 energy=-257.17703  maxlinkdim=1000 maxerr=4.87E-08 time=125.415
After sweep 9 energy=-257.38467  maxlinkdim=1000 maxerr=4.64E-08 time=133.081
After sweep 10 energy=-257.57855  maxlinkdim=1000 maxerr=4.68E-08 time=141.693
After sweep 11 energy=-257.7778  maxlinkdim=1000 maxerr=1.61E-06 time=151.397
After sweep 12 energy=-257.9962  maxlinkdim=1000 maxerr=2.10E-07 time=163.814
After sweep 13 energy=-258.23105  maxlinkdim=1000 maxerr=2.89E-07 time=182.565
After sweep 14 energy=-258.4754  maxlinkdim=1000 maxerr=1.12E-06 time=199.949
After sweep 15 energy=-258.63126  maxlinkdim=1000 maxerr=2.63E-06 time=184.710
After sweep 16 energy=-258.77048  maxlinkdim=1000 maxerr=3.41E-06 time=184.011
After sweep 17 energy=-258.90112  maxlinkdim=1000 maxerr=2.36E-06 time=193.951
After sweep 18 energy=-259.0147  maxlinkdim=1000 maxerr=9.93E-07 time=197.874
After sweep 19 energy=-259.10852  maxlinkdim=1000 maxerr=9.37E-06 time=193.646
After sweep 20 energy=-259.19443  maxlinkdim=1000 maxerr=1.78E-06 time=206.643
After sweep 21 energy=-259.2722  maxlinkdim=1000 maxerr=2.91E-06 time=214.808
After sweep 22 energy=-259.3348  maxlinkdim=1000 maxerr=5.39E-06 time=220.269
After sweep 23 energy=-259.39465  maxlinkdim=1000 maxerr=1.24E-06 time=236.520
After sweep 24 energy=-259.42944  maxlinkdim=1000 maxerr=1.97E-06 time=230.915
After sweep 25 energy=-259.45593  maxlinkdim=1000 maxerr=2.17E-06 time=237.883
After sweep 26 energy=-259.47528  maxlinkdim=1000 maxerr=1.44E-06 time=242.315
After sweep 27 energy=-259.49582  maxlinkdim=1000 maxerr=1.34E-06 time=246.171
After sweep 28 energy=-259.51117  maxlinkdim=1000 maxerr=1.40E-06 time=249.725
After sweep 29 energy=-259.5247  maxlinkdim=1000 maxerr=1.52E-06 time=252.334
After sweep 30 energy=-259.54324  maxlinkdim=1000 maxerr=1.78E-06 time=255.869
After sweep 31 energy=-259.56207  maxlinkdim=1000 maxerr=1.84E-06 time=253.224
After sweep 32 energy=-259.593  maxlinkdim=1000 maxerr=2.00E-06 time=257.007
After sweep 33 energy=-259.60855  maxlinkdim=1000 maxerr=1.87E-06 time=257.837
After sweep 34 energy=-259.62155  maxlinkdim=1000 maxerr=2.02E-06 time=257.104
After sweep 35 energy=-259.63284  maxlinkdim=1000 maxerr=2.37E-06 time=257.421
After sweep 36 energy=-259.64197  maxlinkdim=1000 maxerr=1.87E-06 time=258.121
After sweep 37 energy=-259.6514  maxlinkdim=1000 maxerr=1.89E-06 time=258.117
After sweep 38 energy=-259.65912  maxlinkdim=1000 maxerr=1.58E-06 time=258.793
After sweep 39 energy=-259.66504  maxlinkdim=1000 maxerr=1.59E-06 time=257.542
After sweep 40 energy=-259.6734  maxlinkdim=1000 maxerr=1.50E-06 time=258.075
After sweep 41 energy=-259.677  maxlinkdim=1000 maxerr=2.03E-06 time=258.499
After sweep 42 energy=-259.68073  maxlinkdim=1000 maxerr=1.86E-06 time=258.388
After sweep 43 energy=-259.68182  maxlinkdim=1000 maxerr=1.80E-06 time=258.469
After sweep 44 energy=-259.68643  maxlinkdim=1000 maxerr=1.73E-06 time=259.438
After sweep 45 energy=-259.6867  maxlinkdim=1000 maxerr=1.71E-06 time=258.676
After sweep 46 energy=-259.6894  maxlinkdim=1000 maxerr=1.62E-06 time=258.629
After sweep 47 energy=-259.69092  maxlinkdim=1000 maxerr=1.63E-06 time=258.575
After sweep 48 energy=-259.69205  maxlinkdim=1000 maxerr=1.64E-06 time=257.815
After sweep 49 energy=-259.69315  maxlinkdim=1000 maxerr=1.61E-06 time=258.093
After sweep 50 energy=-259.6939  maxlinkdim=1000 maxerr=1.60E-06 time=258.321
n0: 0.91705555; n1: 0.9215631; mu0: 1.7204252714260198; mu1: 1.7304252714260198
n_target > n1 and n_target > n0 triggered
After sweep 1 energy=-244.50034  maxlinkdim=10 maxerr=5.73E-03 time=1.326
After sweep 2 energy=-252.60126  maxlinkdim=20 maxerr=2.13E-03 time=1.491
After sweep 3 energy=-256.46393  maxlinkdim=100 maxerr=9.28E-06 time=2.583
After sweep 4 energy=-256.93445  maxlinkdim=1000 maxerr=3.53E-10 time=66.372
After sweep 5 energy=-257.5169  maxlinkdim=1000 maxerr=1.21E-07 time=154.099
After sweep 6 energy=-257.89548  maxlinkdim=1000 maxerr=1.72E-08 time=103.003
After sweep 7 energy=-258.1804  maxlinkdim=1000 maxerr=2.66E-09 time=85.794
After sweep 8 energy=-258.44247  maxlinkdim=1000 maxerr=9.99E-09 time=108.927
After sweep 9 energy=-258.72586  maxlinkdim=1000 maxerr=5.36E-08 time=124.730
After sweep 10 energy=-258.95898  maxlinkdim=1000 maxerr=5.12E-08 time=140.978
After sweep 11 energy=-259.178  maxlinkdim=1000 maxerr=2.30E-08 time=148.981
After sweep 12 energy=-259.34134  maxlinkdim=1000 maxerr=2.47E-08 time=151.963
After sweep 13 energy=-259.5093  maxlinkdim=1000 maxerr=4.10E-06 time=158.086
After sweep 14 energy=-259.68295  maxlinkdim=1000 maxerr=1.03E-07 time=179.324
After sweep 15 energy=-259.8377  maxlinkdim=1000 maxerr=1.00E-06 time=191.865
After sweep 16 energy=-260.04144  maxlinkdim=1000 maxerr=2.81E-07 time=201.382
After sweep 17 energy=-260.21716  maxlinkdim=1000 maxerr=8.57E-07 time=216.239
After sweep 18 energy=-260.34158  maxlinkdim=1000 maxerr=3.01E-06 time=222.970
After sweep 19 energy=-260.43164  maxlinkdim=1000 maxerr=8.69E-07 time=221.219
After sweep 20 energy=-260.49762  maxlinkdim=1000 maxerr=1.72E-06 time=219.509
After sweep 21 energy=-260.53845  maxlinkdim=1000 maxerr=9.57E-07 time=223.575
After sweep 22 energy=-260.57907  maxlinkdim=1000 maxerr=1.03E-06 time=229.298
After sweep 23 energy=-260.62454  maxlinkdim=1000 maxerr=1.33E-06 time=237.598
After sweep 24 energy=-260.65628  maxlinkdim=1000 maxerr=2.41E-06 time=234.279
After sweep 25 energy=-260.6849  maxlinkdim=1000 maxerr=8.86E-07 time=244.937
After sweep 26 energy=-260.71274  maxlinkdim=1000 maxerr=6.99E-07 time=244.145
After sweep 27 energy=-260.72705  maxlinkdim=1000 maxerr=1.31E-06 time=249.138
After sweep 28 energy=-260.74353  maxlinkdim=1000 maxerr=1.03E-06 time=251.458
After sweep 29 energy=-260.75464  maxlinkdim=1000 maxerr=1.52E-06 time=252.355
After sweep 30 energy=-260.76678  maxlinkdim=1000 maxerr=1.49E-06 time=255.744
After sweep 31 energy=-260.77448  maxlinkdim=1000 maxerr=1.64E-06 time=254.981
After sweep 32 energy=-260.78363  maxlinkdim=1000 maxerr=1.67E-06 time=258.118
After sweep 33 energy=-260.79047  maxlinkdim=1000 maxerr=1.77E-06 time=258.291
After sweep 34 energy=-260.79633  maxlinkdim=1000 maxerr=1.88E-06 time=258.598
After sweep 35 energy=-260.80518  maxlinkdim=1000 maxerr=1.62E-06 time=257.494
After sweep 36 energy=-260.8134  maxlinkdim=1000 maxerr=1.85E-06 time=258.171
After sweep 37 energy=-260.8211  maxlinkdim=1000 maxerr=1.68E-06 time=258.340
After sweep 38 energy=-260.83075  maxlinkdim=1000 maxerr=1.33E-06 time=258.320
After sweep 39 energy=-260.83936  maxlinkdim=1000 maxerr=1.12E-06 time=257.930
After sweep 40 energy=-260.8476  maxlinkdim=1000 maxerr=1.17E-06 time=258.005
After sweep 41 energy=-260.8535  maxlinkdim=1000 maxerr=1.09E-06 time=257.840
After sweep 42 energy=-260.85776  maxlinkdim=1000 maxerr=1.09E-06 time=258.169
After sweep 43 energy=-260.86023  maxlinkdim=1000 maxerr=1.51E-06 time=258.148
After sweep 44 energy=-260.86328  maxlinkdim=1000 maxerr=1.29E-06 time=258.253
After sweep 45 energy=-260.86444  maxlinkdim=1000 maxerr=1.29E-06 time=258.445
After sweep 46 energy=-260.8657  maxlinkdim=1000 maxerr=1.31E-06 time=257.515
After sweep 47 energy=-260.86792  maxlinkdim=1000 maxerr=1.27E-06 time=258.026
After sweep 48 energy=-260.87018  maxlinkdim=1000 maxerr=1.35E-06 time=258.514
After sweep 49 energy=-260.8713  maxlinkdim=1000 maxerr=1.47E-06 time=260.255
After sweep 50 energy=-260.87177  maxlinkdim=1000 maxerr=1.59E-06 time=258.389
n0: 0.9215631; n1: 0.925691; mu0: 1.7304252714260198; mu1: 1.7404252714260198
n_target > n1 and n_target > n0 triggered
After sweep 1 energy=-247.58566  maxlinkdim=10 maxerr=3.15E-03 time=1.324
After sweep 2 energy=-256.2795  maxlinkdim=20 maxerr=2.12E-03 time=1.500
After sweep 3 energy=-260.19504  maxlinkdim=100 maxerr=8.37E-06 time=2.575
After sweep 4 energy=-260.62314  maxlinkdim=1000 maxerr=3.01E-10 time=68.371
After sweep 5 energy=-261.1466  maxlinkdim=1000 maxerr=5.07E-09 time=150.749
After sweep 6 energy=-261.4951  maxlinkdim=1000 maxerr=5.05E-10 time=100.262
After sweep 7 energy=-261.73654  maxlinkdim=1000 maxerr=5.60E-08 time=83.714
After sweep 8 energy=-261.97104  maxlinkdim=1000 maxerr=5.47E-08 time=99.437
After sweep 9 energy=-262.22098  maxlinkdim=1000 maxerr=1.58E-08 time=126.910
After sweep 10 energy=-262.5328  maxlinkdim=1000 maxerr=6.67E-07 time=143.553
After sweep 11 energy=-262.80743  maxlinkdim=1000 maxerr=9.74E-08 time=164.102
After sweep 12 energy=-262.98923  maxlinkdim=1000 maxerr=1.74E-07 time=168.189
After sweep 13 energy=-263.16327  maxlinkdim=1000 maxerr=5.18E-07 time=161.892
After sweep 14 energy=-263.31436  maxlinkdim=1000 maxerr=1.50E-06 time=169.785
After sweep 15 energy=-263.46973  maxlinkdim=1000 maxerr=6.64E-07 time=182.950
After sweep 16 energy=-263.584  maxlinkdim=1000 maxerr=9.09E-07 time=188.924
After sweep 17 energy=-263.71988  maxlinkdim=1000 maxerr=9.75E-07 time=192.379
After sweep 18 energy=-263.85245  maxlinkdim=1000 maxerr=1.47E-06 time=203.164
After sweep 19 energy=-263.95428  maxlinkdim=1000 maxerr=7.44E-07 time=198.654
After sweep 20 energy=-264.04233  maxlinkdim=1000 maxerr=8.08E-07 time=201.404
After sweep 21 energy=-264.13025  maxlinkdim=1000 maxerr=6.15E-07 time=209.961
After sweep 22 energy=-264.19046  maxlinkdim=1000 maxerr=4.40E-07 time=207.654
After sweep 23 energy=-264.25723  maxlinkdim=1000 maxerr=2.92E-07 time=221.642
After sweep 24 energy=-264.30978  maxlinkdim=1000 maxerr=2.34E-06 time=217.197
After sweep 25 energy=-264.3491  maxlinkdim=1000 maxerr=4.01E-07 time=216.270
After sweep 26 energy=-264.37784  maxlinkdim=1000 maxerr=6.19E-07 time=222.543
After sweep 27 energy=-264.41846  maxlinkdim=1000 maxerr=3.14E-07 time=237.421
After sweep 28 energy=-264.43958  maxlinkdim=1000 maxerr=3.02E-07 time=233.509
After sweep 29 energy=-264.4572  maxlinkdim=1000 maxerr=5.34E-07 time=243.833
After sweep 30 energy=-264.46466  maxlinkdim=1000 maxerr=6.06E-07 time=248.619
After sweep 31 energy=-264.47348  maxlinkdim=1000 maxerr=3.86E-07 time=250.701
After sweep 32 energy=-264.47974  maxlinkdim=1000 maxerr=3.83E-07 time=255.313
After sweep 33 energy=-264.48056  maxlinkdim=1000 maxerr=4.26E-07 time=254.137
After sweep 34 energy=-264.4826  maxlinkdim=1000 maxerr=3.94E-07 time=256.448
After sweep 35 energy=-264.48483  maxlinkdim=1000 maxerr=4.36E-07 time=260.320
After sweep 36 energy=-264.4867  maxlinkdim=1000 maxerr=4.86E-07 time=257.404
After sweep 37 energy=-264.4888  maxlinkdim=1000 maxerr=3.69E-07 time=257.466
After sweep 38 energy=-264.48975  maxlinkdim=1000 maxerr=4.26E-07 time=258.010
After sweep 39 energy=-264.49078  maxlinkdim=1000 maxerr=4.30E-07 time=258.181
After sweep 40 energy=-264.4922  maxlinkdim=1000 maxerr=5.09E-07 time=258.005
After sweep 41 energy=-264.49426  maxlinkdim=1000 maxerr=3.92E-07 time=257.369
After sweep 42 energy=-264.4956  maxlinkdim=1000 maxerr=4.04E-07 time=258.049
After sweep 43 energy=-264.4976  maxlinkdim=1000 maxerr=4.25E-07 time=257.781
After sweep 44 energy=-264.4989  maxlinkdim=1000 maxerr=4.31E-07 time=258.011
After sweep 45 energy=-264.49994  maxlinkdim=1000 maxerr=4.27E-07 time=258.130
After sweep 46 energy=-264.50146  maxlinkdim=1000 maxerr=3.47E-07 time=257.514
After sweep 47 energy=-264.50372  maxlinkdim=1000 maxerr=4.17E-07 time=257.763
After sweep 48 energy=-264.50403  maxlinkdim=1000 maxerr=3.93E-07 time=257.773
After sweep 49 energy=-264.50488  maxlinkdim=1000 maxerr=3.96E-07 time=258.190
After sweep 50 energy=-264.5041  maxlinkdim=1000 maxerr=3.58E-07 time=260.650
n0: 0.925691; n1: 0.96141815; mu0: 1.7404252714260198; mu1: 1.7704252714260198

Range found between mu0: 1.7404252714260198 (n0: 0.925691) and mu1: 1.7704252714260198 (n1: 0.96141815); refining...
n0: 0.925691; n1: 0.96141815; mu0: 1.7404252714260198; mu1: 1.7704252714260198
Trying secant step...
After sweep 1 energy=-246.11679  maxlinkdim=10 maxerr=5.61E-03 time=1.237
After sweep 2 energy=-253.95326  maxlinkdim=20 maxerr=2.43E-03 time=1.617
After sweep 3 energy=-257.82944  maxlinkdim=100 maxerr=7.26E-06 time=2.667
After sweep 4 energy=-258.24203  maxlinkdim=1000 maxerr=3.83E-10 time=67.655
After sweep 5 energy=-258.74045  maxlinkdim=1000 maxerr=1.19E-07 time=153.086
After sweep 6 energy=-259.10297  maxlinkdim=1000 maxerr=6.15E-08 time=108.332
After sweep 7 energy=-259.34616  maxlinkdim=1000 maxerr=1.25E-08 time=106.846
After sweep 8 energy=-259.5324  maxlinkdim=1000 maxerr=2.76E-09 time=106.134
After sweep 9 energy=-259.71024  maxlinkdim=1000 maxerr=1.50E-07 time=123.805
After sweep 10 energy=-259.8946  maxlinkdim=1000 maxerr=1.14E-08 time=132.804
After sweep 11 energy=-260.1074  maxlinkdim=1000 maxerr=6.12E-08 time=153.126
After sweep 12 energy=-260.3395  maxlinkdim=1000 maxerr=7.56E-07 time=174.032
After sweep 13 energy=-260.60806  maxlinkdim=1000 maxerr=3.48E-08 time=206.655
After sweep 14 energy=-260.86597  maxlinkdim=1000 maxerr=4.06E-07 time=203.539
After sweep 15 energy=-261.10272  maxlinkdim=1000 maxerr=4.60E-07 time=201.538
After sweep 16 energy=-261.26282  maxlinkdim=1000 maxerr=6.24E-07 time=199.905
After sweep 17 energy=-261.399  maxlinkdim=1000 maxerr=8.16E-07 time=200.776
After sweep 18 energy=-261.50598  maxlinkdim=1000 maxerr=5.12E-07 time=202.995
After sweep 19 energy=-261.58044  maxlinkdim=1000 maxerr=3.06E-07 time=205.430
After sweep 20 energy=-261.65607  maxlinkdim=1000 maxerr=3.78E-07 time=221.203
After sweep 21 energy=-261.70883  maxlinkdim=1000 maxerr=5.21E-07 time=215.493
After sweep 22 energy=-261.7458  maxlinkdim=1000 maxerr=1.03E-06 time=221.670
After sweep 23 energy=-261.78833  maxlinkdim=1000 maxerr=8.22E-07 time=227.189
After sweep 24 energy=-261.83148  maxlinkdim=1000 maxerr=7.98E-07 time=233.879
After sweep 25 energy=-261.86615  maxlinkdim=1000 maxerr=9.33E-07 time=239.094
After sweep 26 energy=-261.89343  maxlinkdim=1000 maxerr=1.23E-06 time=243.974
After sweep 27 energy=-261.91733  maxlinkdim=1000 maxerr=2.25E-06 time=247.781
After sweep 28 energy=-261.9347  maxlinkdim=1000 maxerr=1.24E-06 time=251.681
After sweep 29 energy=-261.9522  maxlinkdim=1000 maxerr=1.56E-06 time=251.484
After sweep 30 energy=-261.9699  maxlinkdim=1000 maxerr=1.59E-06 time=256.333
After sweep 31 energy=-261.98587  maxlinkdim=1000 maxerr=1.41E-06 time=257.215
After sweep 32 energy=-261.9999  maxlinkdim=1000 maxerr=1.80E-06 time=257.565
After sweep 33 energy=-262.0084  maxlinkdim=1000 maxerr=1.77E-06 time=257.113
After sweep 34 energy=-262.02112  maxlinkdim=1000 maxerr=1.76E-06 time=257.547
After sweep 35 energy=-262.02707  maxlinkdim=1000 maxerr=2.12E-06 time=260.852
After sweep 36 energy=-262.0334  maxlinkdim=1000 maxerr=2.23E-06 time=258.654
After sweep 37 energy=-262.038  maxlinkdim=1000 maxerr=1.51E-06 time=257.654
After sweep 38 energy=-262.0404  maxlinkdim=1000 maxerr=2.05E-06 time=260.180
After sweep 39 energy=-262.04123  maxlinkdim=1000 maxerr=2.00E-06 time=258.288
After sweep 40 energy=-262.04196  maxlinkdim=1000 maxerr=1.64E-06 time=259.939
After sweep 41 energy=-262.0439  maxlinkdim=1000 maxerr=1.77E-06 time=258.178
After sweep 42 energy=-262.04636  maxlinkdim=1000 maxerr=1.73E-06 time=258.051
After sweep 43 energy=-262.04715  maxlinkdim=1000 maxerr=1.41E-06 time=258.121
After sweep 44 energy=-262.04977  maxlinkdim=1000 maxerr=1.39E-06 time=258.581
After sweep 45 energy=-262.05026  maxlinkdim=1000 maxerr=1.34E-06 time=258.563
After sweep 46 energy=-262.05188  maxlinkdim=1000 maxerr=1.19E-06 time=258.860
After sweep 47 energy=-262.05215  maxlinkdim=1000 maxerr=1.10E-06 time=258.025
After sweep 48 energy=-262.05307  maxlinkdim=1000 maxerr=1.19E-06 time=258.801
After sweep 49 energy=-262.053  maxlinkdim=1000 maxerr=1.14E-06 time=258.329
After sweep 50 energy=-262.0529  maxlinkdim=1000 maxerr=1.08E-06 time=258.693
n0: 0.925691; n1: 0.93698347; mu0: 1.7404252714260198; mu1: 1.750341254355673
Trying secant step...
After sweep 1 energy=-245.63237  maxlinkdim=10 maxerr=6.70E-03 time=1.240
After sweep 2 energy=-253.91772  maxlinkdim=20 maxerr=2.01E-03 time=1.711
After sweep 3 energy=-257.93213  maxlinkdim=100 maxerr=1.19E-05 time=2.773
After sweep 4 energy=-258.313  maxlinkdim=1000 maxerr=4.11E-10 time=65.063
After sweep 5 energy=-258.79044  maxlinkdim=1000 maxerr=3.09E-08 time=150.034
After sweep 6 energy=-259.1067  maxlinkdim=1000 maxerr=1.03E-09 time=96.377
After sweep 7 energy=-259.3202  maxlinkdim=1000 maxerr=3.93E-08 time=75.011
After sweep 8 energy=-259.53714  maxlinkdim=1000 maxerr=1.24E-07 time=95.466
After sweep 9 energy=-259.77246  maxlinkdim=1000 maxerr=2.13E-07 time=122.875
After sweep 10 energy=-259.95898  maxlinkdim=1000 maxerr=6.80E-08 time=140.892
After sweep 11 energy=-260.1189  maxlinkdim=1000 maxerr=9.84E-08 time=140.413
After sweep 12 energy=-260.2995  maxlinkdim=1000 maxerr=7.77E-07 time=148.996
After sweep 13 energy=-260.51932  maxlinkdim=1000 maxerr=7.69E-07 time=174.233
After sweep 14 energy=-260.67786  maxlinkdim=1000 maxerr=5.26E-07 time=173.533
After sweep 15 energy=-260.8427  maxlinkdim=1000 maxerr=1.95E-06 time=177.300
After sweep 16 energy=-260.98987  maxlinkdim=1000 maxerr=2.46E-06 time=182.541
After sweep 17 energy=-261.12738  maxlinkdim=1000 maxerr=1.54E-05 time=183.708
After sweep 18 energy=-261.24542  maxlinkdim=1000 maxerr=1.89E-06 time=193.447
After sweep 19 energy=-261.35562  maxlinkdim=1000 maxerr=1.58E-06 time=193.256
After sweep 20 energy=-261.46893  maxlinkdim=1000 maxerr=6.49E-07 time=197.006
After sweep 21 energy=-261.5562  maxlinkdim=1000 maxerr=1.44E-06 time=205.481
After sweep 22 energy=-261.6126  maxlinkdim=1000 maxerr=4.07E-06 time=200.631
After sweep 23 energy=-261.6746  maxlinkdim=1000 maxerr=2.33E-06 time=208.573
After sweep 24 energy=-261.73474  maxlinkdim=1000 maxerr=3.40E-06 time=216.119
After sweep 25 energy=-261.786  maxlinkdim=1000 maxerr=4.49E-06 time=218.068
After sweep 26 energy=-261.83347  maxlinkdim=1000 maxerr=8.98E-07 time=219.759
After sweep 27 energy=-261.87234  maxlinkdim=1000 maxerr=7.25E-07 time=223.696
After sweep 28 energy=-261.9054  maxlinkdim=1000 maxerr=1.25E-06 time=229.476
After sweep 29 energy=-261.93066  maxlinkdim=1000 maxerr=3.97E-07 time=236.130
After sweep 30 energy=-261.9573  maxlinkdim=1000 maxerr=8.61E-07 time=240.455
After sweep 31 energy=-261.97528  maxlinkdim=1000 maxerr=6.84E-07 time=244.325
After sweep 32 energy=-261.99884  maxlinkdim=1000 maxerr=1.32E-06 time=249.862
After sweep 33 energy=-262.01547  maxlinkdim=1000 maxerr=7.47E-07 time=252.809
After sweep 34 energy=-262.0276  maxlinkdim=1000 maxerr=9.63E-07 time=254.495
After sweep 35 energy=-262.0397  maxlinkdim=1000 maxerr=1.01E-06 time=257.556
After sweep 36 energy=-262.04898  maxlinkdim=1000 maxerr=1.07E-06 time=256.578
After sweep 37 energy=-262.05576  maxlinkdim=1000 maxerr=1.36E-06 time=257.435
After sweep 38 energy=-262.06396  maxlinkdim=1000 maxerr=1.65E-06 time=258.070
After sweep 39 energy=-262.06943  maxlinkdim=1000 maxerr=1.28E-06 time=258.152
After sweep 40 energy=-262.07532  maxlinkdim=1000 maxerr=1.22E-06 time=258.040
After sweep 41 energy=-262.07877  maxlinkdim=1000 maxerr=1.11E-06 time=257.875
After sweep 42 energy=-262.08356  maxlinkdim=1000 maxerr=9.45E-07 time=257.579
After sweep 43 energy=-262.08795  maxlinkdim=1000 maxerr=8.62E-07 time=260.680
After sweep 44 energy=-262.09048  maxlinkdim=1000 maxerr=8.12E-07 time=257.771
After sweep 45 energy=-262.094  maxlinkdim=1000 maxerr=9.36E-07 time=258.489
After sweep 46 energy=-262.09625  maxlinkdim=1000 maxerr=7.13E-07 time=258.464
After sweep 47 energy=-262.09775  maxlinkdim=1000 maxerr=8.85E-07 time=257.659
After sweep 48 energy=-262.09885  maxlinkdim=1000 maxerr=7.63E-07 time=258.213
After sweep 49 energy=-262.1004  maxlinkdim=1000 maxerr=6.81E-07 time=258.325
After sweep 50 energy=-262.1014  maxlinkdim=1000 maxerr=6.49E-07 time=260.804
n0: 0.93698347; n1: 0.9492914; mu0: 1.750341254355673; mu1: 1.7507948262038506
Trying secant step...
After sweep 1 energy=-246.04045  maxlinkdim=10 maxerr=6.54E-03 time=1.217
After sweep 2 energy=-254.13943  maxlinkdim=20 maxerr=2.01E-03 time=1.612
After sweep 3 energy=-258.00537  maxlinkdim=100 maxerr=8.54E-06 time=2.680
After sweep 4 energy=-258.3893  maxlinkdim=1000 maxerr=4.13E-10 time=67.852
After sweep 5 energy=-258.84702  maxlinkdim=1000 maxerr=1.75E-09 time=147.070
After sweep 6 energy=-259.20123  maxlinkdim=1000 maxerr=1.60E-08 time=97.164
After sweep 7 energy=-259.43515  maxlinkdim=1000 maxerr=1.49E-09 time=73.783
After sweep 8 energy=-259.66757  maxlinkdim=1000 maxerr=1.92E-08 time=89.757
After sweep 9 energy=-259.90994  maxlinkdim=1000 maxerr=2.94E-08 time=111.319
After sweep 10 energy=-260.2092  maxlinkdim=1000 maxerr=3.56E-07 time=126.962
After sweep 11 energy=-260.43787  maxlinkdim=1000 maxerr=4.77E-07 time=140.280
After sweep 12 energy=-260.6356  maxlinkdim=1000 maxerr=1.79E-07 time=154.834
After sweep 13 energy=-260.79013  maxlinkdim=1000 maxerr=1.00E-07 time=157.368
After sweep 14 energy=-260.92618  maxlinkdim=1000 maxerr=4.15E-07 time=163.429
After sweep 15 energy=-261.08536  maxlinkdim=1000 maxerr=2.42E-06 time=174.647
After sweep 16 energy=-261.2107  maxlinkdim=1000 maxerr=5.46E-07 time=182.653
After sweep 17 energy=-261.32684  maxlinkdim=1000 maxerr=6.54E-07 time=190.345
After sweep 18 energy=-261.43506  maxlinkdim=1000 maxerr=1.67E-06 time=195.482
After sweep 19 energy=-261.5252  maxlinkdim=1000 maxerr=4.80E-07 time=203.073
After sweep 20 energy=-261.60733  maxlinkdim=1000 maxerr=1.89E-06 time=207.297
After sweep 21 energy=-261.6818  maxlinkdim=1000 maxerr=9.44E-07 time=221.962
After sweep 22 energy=-261.74435  maxlinkdim=1000 maxerr=4.06E-07 time=221.403
After sweep 23 energy=-261.77606  maxlinkdim=1000 maxerr=9.64E-07 time=215.728
After sweep 24 energy=-261.81467  maxlinkdim=1000 maxerr=1.03E-06 time=216.882
After sweep 25 energy=-261.84686  maxlinkdim=1000 maxerr=3.29E-07 time=224.873
After sweep 26 energy=-261.8775  maxlinkdim=1000 maxerr=2.47E-06 time=230.334
After sweep 27 energy=-261.9207  maxlinkdim=1000 maxerr=2.99E-06 time=235.235
After sweep 28 energy=-261.94922  maxlinkdim=1000 maxerr=4.18E-07 time=239.690
After sweep 29 energy=-261.9583  maxlinkdim=1000 maxerr=4.25E-07 time=240.235
After sweep 30 energy=-261.96802  maxlinkdim=1000 maxerr=5.87E-07 time=242.368
After sweep 31 energy=-261.97842  maxlinkdim=1000 maxerr=4.25E-07 time=249.632
After sweep 32 energy=-261.9849  maxlinkdim=1000 maxerr=5.01E-07 time=253.437
After sweep 33 energy=-261.99155  maxlinkdim=1000 maxerr=6.26E-07 time=258.065
After sweep 34 energy=-261.99765  maxlinkdim=1000 maxerr=4.20E-07 time=255.885
After sweep 35 energy=-262.00345  maxlinkdim=1000 maxerr=3.84E-07 time=258.343
After sweep 36 energy=-262.00998  maxlinkdim=1000 maxerr=3.98E-07 time=257.487
After sweep 37 energy=-262.0182  maxlinkdim=1000 maxerr=4.54E-07 time=255.935
After sweep 38 energy=-262.028  maxlinkdim=1000 maxerr=4.32E-07 time=258.475
After sweep 39 energy=-262.03403  maxlinkdim=1000 maxerr=4.25E-07 time=257.758
After sweep 40 energy=-262.03992  maxlinkdim=1000 maxerr=5.87E-07 time=258.336
After sweep 41 energy=-262.04376  maxlinkdim=1000 maxerr=5.14E-07 time=257.616
After sweep 42 energy=-262.04593  maxlinkdim=1000 maxerr=5.75E-07 time=258.874
After sweep 43 energy=-262.05096  maxlinkdim=1000 maxerr=5.25E-07 time=258.185
After sweep 44 energy=-262.05307  maxlinkdim=1000 maxerr=6.36E-07 time=257.581
After sweep 45 energy=-262.05615  maxlinkdim=1000 maxerr=7.18E-07 time=258.679
After sweep 46 energy=-262.05548  maxlinkdim=1000 maxerr=8.46E-07 time=257.403
After sweep 47 energy=-262.05548  maxlinkdim=1000 maxerr=7.91E-07 time=259.724
After sweep 48 energy=-262.05566  maxlinkdim=1000 maxerr=7.60E-07 time=257.903
After sweep 49 energy=-262.05664  maxlinkdim=1000 maxerr=7.86E-07 time=258.254
After sweep 50 energy=-262.05774  maxlinkdim=1000 maxerr=7.87E-07 time=258.320
n0: 0.93698347; n1: 0.9412644; mu0: 1.750341254355673; mu1: 1.7503602896432435
Trying secant step...
After sweep 1 energy=-245.31471  maxlinkdim=10 maxerr=3.97E-03 time=1.271
After sweep 2 energy=-253.922  maxlinkdim=20 maxerr=2.04E-03 time=1.398
After sweep 3 energy=-257.92654  maxlinkdim=100 maxerr=7.67E-06 time=2.841
After sweep 4 energy=-258.35178  maxlinkdim=1000 maxerr=3.18E-10 time=64.720
After sweep 5 energy=-258.92645  maxlinkdim=1000 maxerr=5.60E-09 time=160.005
After sweep 6 energy=-259.3164  maxlinkdim=1000 maxerr=4.35E-09 time=119.936
After sweep 7 energy=-259.5872  maxlinkdim=1000 maxerr=7.24E-08 time=111.649
After sweep 8 energy=-259.7981  maxlinkdim=1000 maxerr=9.45E-08 time=110.335
After sweep 9 energy=-259.9713  maxlinkdim=1000 maxerr=9.21E-08 time=111.440
After sweep 10 energy=-260.18692  maxlinkdim=1000 maxerr=3.29E-07 time=137.291
After sweep 11 energy=-260.43127  maxlinkdim=1000 maxerr=6.00E-07 time=175.737
After sweep 12 energy=-260.6294  maxlinkdim=1000 maxerr=3.78E-07 time=171.952
After sweep 13 energy=-260.81802  maxlinkdim=1000 maxerr=1.43E-06 time=186.394
After sweep 14 energy=-261.01727  maxlinkdim=1000 maxerr=8.76E-08 time=203.324
After sweep 15 energy=-261.14716  maxlinkdim=1000 maxerr=1.25E-07 time=183.945
After sweep 16 energy=-261.2676  maxlinkdim=1000 maxerr=2.06E-06 time=197.201
After sweep 17 energy=-261.38937  maxlinkdim=1000 maxerr=1.22E-07 time=201.631
After sweep 18 energy=-261.50345  maxlinkdim=1000 maxerr=8.50E-07 time=206.951
After sweep 19 energy=-261.61707  maxlinkdim=1000 maxerr=3.79E-07 time=218.694
After sweep 20 energy=-261.72806  maxlinkdim=1000 maxerr=9.51E-07 time=232.616
After sweep 21 energy=-261.80026  maxlinkdim=1000 maxerr=3.53E-07 time=236.626
After sweep 22 energy=-261.85614  maxlinkdim=1000 maxerr=7.95E-07 time=242.717
After sweep 23 energy=-261.89664  maxlinkdim=1000 maxerr=6.31E-07 time=248.084
After sweep 24 energy=-261.92667  maxlinkdim=1000 maxerr=6.55E-07 time=248.548
After sweep 25 energy=-261.94827  maxlinkdim=1000 maxerr=9.40E-07 time=251.683
After sweep 26 energy=-261.97275  maxlinkdim=1000 maxerr=1.08E-06 time=255.315
After sweep 27 energy=-261.99097  maxlinkdim=1000 maxerr=8.64E-07 time=254.461
After sweep 28 energy=-262.00845  maxlinkdim=1000 maxerr=8.24E-07 time=259.036
After sweep 29 energy=-262.01917  maxlinkdim=1000 maxerr=1.15E-06 time=259.071
After sweep 30 energy=-262.02835  maxlinkdim=1000 maxerr=1.25E-06 time=259.431
After sweep 31 energy=-262.03293  maxlinkdim=1000 maxerr=1.40E-06 time=258.454
After sweep 32 energy=-262.03622  maxlinkdim=1000 maxerr=1.95E-06 time=257.617
After sweep 33 energy=-262.0391  maxlinkdim=1000 maxerr=1.43E-06 time=258.255
After sweep 34 energy=-262.04208  maxlinkdim=1000 maxerr=1.57E-06 time=257.576
After sweep 35 energy=-262.04495  maxlinkdim=1000 maxerr=1.34E-06 time=260.051
After sweep 36 energy=-262.04617  maxlinkdim=1000 maxerr=1.19E-06 time=258.815
After sweep 37 energy=-262.0475  maxlinkdim=1000 maxerr=1.26E-06 time=257.467
After sweep 38 energy=-262.04947  maxlinkdim=1000 maxerr=1.33E-06 time=258.538
After sweep 39 energy=-262.04898  maxlinkdim=1000 maxerr=1.28E-06 time=257.684
After sweep 40 energy=-262.05237  maxlinkdim=1000 maxerr=1.26E-06 time=260.388
After sweep 41 energy=-262.0522  maxlinkdim=1000 maxerr=1.27E-06 time=258.462
After sweep 42 energy=-262.05228  maxlinkdim=1000 maxerr=1.13E-06 time=257.191
After sweep 43 energy=-262.05276  maxlinkdim=1000 maxerr=1.09E-06 time=258.233
After sweep 44 energy=-262.05444  maxlinkdim=1000 maxerr=1.17E-06 time=258.858
After sweep 45 energy=-262.0537  maxlinkdim=1000 maxerr=1.13E-06 time=257.507
After sweep 46 energy=-262.0535  maxlinkdim=1000 maxerr=1.13E-06 time=258.196
After sweep 47 energy=-262.05438  maxlinkdim=1000 maxerr=1.04E-06 time=257.562
After sweep 48 energy=-262.0541  maxlinkdim=1000 maxerr=1.10E-06 time=258.350
After sweep 49 energy=-262.05414  maxlinkdim=1000 maxerr=9.77E-07 time=257.702
After sweep 50 energy=-262.05405  maxlinkdim=1000 maxerr=1.02E-06 time=259.671
n0: 0.93698347; n1: 0.9367014; mu0: 1.750341254355673; mu1: 1.7503435511422019
Trying secant step...
After sweep 1 energy=-245.31529  maxlinkdim=10 maxerr=4.67E-03 time=1.336
After sweep 2 energy=-253.98105  maxlinkdim=20 maxerr=2.08E-03 time=1.505
After sweep 3 energy=-257.9286  maxlinkdim=100 maxerr=1.06E-05 time=2.625
After sweep 4 energy=-258.31982  maxlinkdim=1000 maxerr=4.34E-10 time=70.708
After sweep 5 energy=-258.77844  maxlinkdim=1000 maxerr=8.65E-08 time=142.831
After sweep 6 energy=-259.11594  maxlinkdim=1000 maxerr=9.17E-08 time=94.764
After sweep 7 energy=-259.33395  maxlinkdim=1000 maxerr=4.10E-08 time=76.276
After sweep 8 energy=-259.59116  maxlinkdim=1000 maxerr=1.25E-07 time=84.140
After sweep 9 energy=-259.8116  maxlinkdim=1000 maxerr=2.92E-08 time=121.934
After sweep 10 energy=-260.00647  maxlinkdim=1000 maxerr=2.54E-08 time=136.537
After sweep 11 energy=-260.18433  maxlinkdim=1000 maxerr=1.03E-07 time=146.583
After sweep 12 energy=-260.3383  maxlinkdim=1000 maxerr=6.04E-08 time=149.205
After sweep 13 energy=-260.4898  maxlinkdim=1000 maxerr=2.56E-06 time=164.277
After sweep 14 energy=-260.61325  maxlinkdim=1000 maxerr=1.57E-07 time=171.194
After sweep 15 energy=-260.76047  maxlinkdim=1000 maxerr=9.25E-06 time=176.874
After sweep 16 energy=-260.9172  maxlinkdim=1000 maxerr=2.89E-07 time=197.595
After sweep 17 energy=-261.0502  maxlinkdim=1000 maxerr=1.92E-07 time=196.359
After sweep 18 energy=-261.17532  maxlinkdim=1000 maxerr=2.60E-07 time=198.007
After sweep 19 energy=-261.2905  maxlinkdim=1000 maxerr=1.90E-06 time=193.164
After sweep 20 energy=-261.4063  maxlinkdim=1000 maxerr=1.25E-06 time=196.532
After sweep 21 energy=-261.5189  maxlinkdim=1000 maxerr=3.50E-07 time=208.994
After sweep 22 energy=-261.598  maxlinkdim=1000 maxerr=1.03E-06 time=217.752
After sweep 23 energy=-261.66083  maxlinkdim=1000 maxerr=4.32E-07 time=212.931
After sweep 24 energy=-261.71127  maxlinkdim=1000 maxerr=1.05E-06 time=218.204
After sweep 25 energy=-261.77283  maxlinkdim=1000 maxerr=2.74E-06 time=230.305
After sweep 26 energy=-261.82898  maxlinkdim=1000 maxerr=2.28E-06 time=243.587
After sweep 27 energy=-261.86514  maxlinkdim=1000 maxerr=1.05E-06 time=245.124
After sweep 28 energy=-261.88873  maxlinkdim=1000 maxerr=1.09E-06 time=246.154
After sweep 29 energy=-261.9056  maxlinkdim=1000 maxerr=1.29E-06 time=249.285
After sweep 30 energy=-261.92358  maxlinkdim=1000 maxerr=2.09E-06 time=254.431
After sweep 31 energy=-261.9369  maxlinkdim=1000 maxerr=1.48E-06 time=256.714
After sweep 32 energy=-261.94766  maxlinkdim=1000 maxerr=1.62E-06 time=257.444
After sweep 33 energy=-261.9619  maxlinkdim=1000 maxerr=1.84E-06 time=256.294
After sweep 34 energy=-261.97305  maxlinkdim=1000 maxerr=1.89E-06 time=257.103
After sweep 35 energy=-261.98248  maxlinkdim=1000 maxerr=2.09E-06 time=257.379
After sweep 36 energy=-261.99353  maxlinkdim=1000 maxerr=1.93E-06 time=258.502
After sweep 37 energy=-262.00275  maxlinkdim=1000 maxerr=2.67E-06 time=260.236
After sweep 38 energy=-262.0128  maxlinkdim=1000 maxerr=1.84E-06 time=258.366
After sweep 39 energy=-262.02264  maxlinkdim=1000 maxerr=1.40E-06 time=260.953
After sweep 40 energy=-262.02737  maxlinkdim=1000 maxerr=1.28E-06 time=257.744
After sweep 41 energy=-262.0336  maxlinkdim=1000 maxerr=1.48E-06 time=260.808
After sweep 42 energy=-262.03778  maxlinkdim=1000 maxerr=1.64E-06 time=258.736
After sweep 43 energy=-262.0402  maxlinkdim=1000 maxerr=1.52E-06 time=257.663
After sweep 44 energy=-262.04095  maxlinkdim=1000 maxerr=1.75E-06 time=258.264
After sweep 45 energy=-262.04413  maxlinkdim=1000 maxerr=1.76E-06 time=257.762
After sweep 46 energy=-262.04453  maxlinkdim=1000 maxerr=1.80E-06 time=259.651
After sweep 47 energy=-262.0452  maxlinkdim=1000 maxerr=1.70E-06 time=258.486
After sweep 48 energy=-262.0482  maxlinkdim=1000 maxerr=1.55E-06 time=257.749
After sweep 49 energy=-262.0498  maxlinkdim=1000 maxerr=1.47E-06 time=258.013
After sweep 50 energy=-262.05005  maxlinkdim=1000 maxerr=1.36E-06 time=258.502
n0: 0.937567; n1: 0.93698347; mu0: 1.7503370481105207; mu1: 1.750341254355673
Trying secant step...
After sweep 1 energy=-245.2216  maxlinkdim=10 maxerr=5.46E-03 time=1.248
After sweep 2 energy=-253.86229  maxlinkdim=20 maxerr=1.92E-03 time=1.391
After sweep 3 energy=-257.89243  maxlinkdim=100 maxerr=1.11E-05 time=2.880
After sweep 4 energy=-258.31354  maxlinkdim=1000 maxerr=4.32E-10 time=65.826
After sweep 5 energy=-258.81094  maxlinkdim=1000 maxerr=5.50E-08 time=153.900
After sweep 6 energy=-259.15292  maxlinkdim=1000 maxerr=1.13E-08 time=97.319
After sweep 7 energy=-259.428  maxlinkdim=1000 maxerr=1.74E-08 time=82.416
After sweep 8 energy=-259.6533  maxlinkdim=1000 maxerr=5.65E-08 time=89.374
After sweep 9 energy=-259.86115  maxlinkdim=1000 maxerr=1.00E-08 time=110.385
After sweep 10 energy=-260.12573  maxlinkdim=1000 maxerr=2.26E-07 time=138.457
After sweep 11 energy=-260.357  maxlinkdim=1000 maxerr=1.35E-07 time=148.944
After sweep 12 energy=-260.51495  maxlinkdim=1000 maxerr=1.03E-08 time=149.728
After sweep 13 energy=-260.6418  maxlinkdim=1000 maxerr=6.04E-08 time=149.255
After sweep 14 energy=-260.76584  maxlinkdim=1000 maxerr=8.83E-09 time=166.984
After sweep 15 energy=-260.86844  maxlinkdim=1000 maxerr=5.71E-08 time=159.483
After sweep 16 energy=-261.02866  maxlinkdim=1000 maxerr=8.57E-08 time=193.656
After sweep 17 energy=-261.1531  maxlinkdim=1000 maxerr=1.06E-07 time=188.240
After sweep 18 energy=-261.25165  maxlinkdim=1000 maxerr=3.67E-07 time=191.950
After sweep 19 energy=-261.35153  maxlinkdim=1000 maxerr=1.30E-07 time=204.024
After sweep 20 energy=-261.48914  maxlinkdim=1000 maxerr=1.03E-06 time=220.584
After sweep 21 energy=-261.5801  maxlinkdim=1000 maxerr=4.84E-07 time=228.243
After sweep 22 energy=-261.68045  maxlinkdim=1000 maxerr=7.09E-07 time=243.417
After sweep 23 energy=-261.7174  maxlinkdim=1000 maxerr=1.08E-06 time=235.218
After sweep 24 energy=-261.7709  maxlinkdim=1000 maxerr=1.18E-06 time=232.494
After sweep 25 energy=-261.80106  maxlinkdim=1000 maxerr=8.06E-07 time=239.433
After sweep 26 energy=-261.84055  maxlinkdim=1000 maxerr=4.18E-06 time=243.110
After sweep 27 energy=-261.8801  maxlinkdim=1000 maxerr=2.15E-06 time=248.430
After sweep 28 energy=-261.91544  maxlinkdim=1000 maxerr=1.68E-06 time=254.368
After sweep 29 energy=-261.94052  maxlinkdim=1000 maxerr=2.00E-06 time=254.786
After sweep 30 energy=-261.95587  maxlinkdim=1000 maxerr=8.67E-07 time=248.829
After sweep 31 energy=-261.97076  maxlinkdim=1000 maxerr=8.62E-07 time=255.249
After sweep 32 energy=-261.98013  maxlinkdim=1000 maxerr=1.39E-06 time=255.870
After sweep 33 energy=-261.98715  maxlinkdim=1000 maxerr=1.18E-06 time=257.040
After sweep 34 energy=-261.9944  maxlinkdim=1000 maxerr=1.48E-06 time=257.527
After sweep 35 energy=-261.99854  maxlinkdim=1000 maxerr=1.63E-06 time=258.436
After sweep 36 energy=-262.00568  maxlinkdim=1000 maxerr=1.78E-06 time=260.253
After sweep 37 energy=-262.01132  maxlinkdim=1000 maxerr=1.67E-06 time=258.052
After sweep 38 energy=-262.01807  maxlinkdim=1000 maxerr=1.60E-06 time=258.399
After sweep 39 energy=-262.0238  maxlinkdim=1000 maxerr=1.54E-06 time=258.398
After sweep 40 energy=-262.0305  maxlinkdim=1000 maxerr=2.01E-06 time=258.757
After sweep 41 energy=-262.0367  maxlinkdim=1000 maxerr=1.67E-06 time=258.471
After sweep 42 energy=-262.04236  maxlinkdim=1000 maxerr=1.60E-06 time=258.687
After sweep 43 energy=-262.04498  maxlinkdim=1000 maxerr=1.21E-06 time=257.603
After sweep 44 energy=-262.0467  maxlinkdim=1000 maxerr=1.05E-06 time=258.081
After sweep 45 energy=-262.04984  maxlinkdim=1000 maxerr=1.04E-06 time=258.200
After sweep 46 energy=-262.04977  maxlinkdim=1000 maxerr=1.02E-06 time=258.373
After sweep 47 energy=-262.05167  maxlinkdim=1000 maxerr=1.03E-06 time=259.417
After sweep 48 energy=-262.05173  maxlinkdim=1000 maxerr=1.03E-06 time=257.374
After sweep 49 energy=-262.05298  maxlinkdim=1000 maxerr=1.02E-06 time=258.217
After sweep 50 energy=-262.05502  maxlinkdim=1000 maxerr=9.98E-07 time=258.875
n0: 0.937567; n1: 0.9381604; mu0: 1.7503370481105207; mu1: 1.750337531033866
Trying secant step...
After sweep 1 energy=-245.03815  maxlinkdim=10 maxerr=5.43E-03 time=1.322
After sweep 2 energy=-253.5906  maxlinkdim=20 maxerr=2.27E-03 time=1.493
After sweep 3 energy=-257.68335  maxlinkdim=100 maxerr=1.09E-05 time=2.606
After sweep 4 energy=-258.1453  maxlinkdim=1000 maxerr=4.47E-10 time=67.255
After sweep 5 energy=-258.68994  maxlinkdim=1000 maxerr=1.31E-08 time=154.385
After sweep 6 energy=-259.0329  maxlinkdim=1000 maxerr=2.43E-10 time=101.516
After sweep 7 energy=-259.27368  maxlinkdim=1000 maxerr=7.70E-09 time=79.622
After sweep 8 energy=-259.51422  maxlinkdim=1000 maxerr=4.39E-08 time=94.922
After sweep 9 energy=-259.77292  maxlinkdim=1000 maxerr=7.30E-08 time=128.957
After sweep 10 energy=-260.04907  maxlinkdim=1000 maxerr=8.55E-08 time=159.179
After sweep 11 energy=-260.26407  maxlinkdim=1000 maxerr=2.30E-08 time=158.094
After sweep 12 energy=-260.45792  maxlinkdim=1000 maxerr=3.32E-07 time=166.304
After sweep 13 energy=-260.63568  maxlinkdim=1000 maxerr=6.23E-08 time=165.812
After sweep 14 energy=-260.7937  maxlinkdim=1000 maxerr=3.80E-07 time=177.521
After sweep 15 energy=-260.9306  maxlinkdim=1000 maxerr=9.39E-07 time=180.402
After sweep 16 energy=-261.07208  maxlinkdim=1000 maxerr=1.10E-06 time=193.225
After sweep 17 energy=-261.2143  maxlinkdim=1000 maxerr=4.40E-06 time=195.989
After sweep 18 energy=-261.3763  maxlinkdim=1000 maxerr=2.17E-06 time=202.147
After sweep 19 energy=-261.48404  maxlinkdim=1000 maxerr=9.71E-07 time=213.554
After sweep 20 energy=-261.57736  maxlinkdim=1000 maxerr=4.01E-07 time=215.350
After sweep 21 energy=-261.6378  maxlinkdim=1000 maxerr=5.10E-07 time=221.421
After sweep 22 energy=-261.69974  maxlinkdim=1000 maxerr=1.02E-06 time=224.480
After sweep 23 energy=-261.7485  maxlinkdim=1000 maxerr=1.74E-06 time=229.064
After sweep 24 energy=-261.7998  maxlinkdim=1000 maxerr=1.21E-06 time=235.228
After sweep 25 energy=-261.8465  maxlinkdim=1000 maxerr=1.63E-06 time=240.647
After sweep 26 energy=-261.88037  maxlinkdim=1000 maxerr=3.59E-06 time=240.566
After sweep 27 energy=-261.9048  maxlinkdim=1000 maxerr=1.40E-06 time=243.402
After sweep 28 energy=-261.92773  maxlinkdim=1000 maxerr=1.22E-06 time=249.488
After sweep 29 energy=-261.9488  maxlinkdim=1000 maxerr=1.58E-06 time=250.255
After sweep 30 energy=-261.97116  maxlinkdim=1000 maxerr=2.49E-06 time=253.000
After sweep 31 energy=-261.99106  maxlinkdim=1000 maxerr=1.84E-06 time=253.900
After sweep 32 energy=-262.0021  maxlinkdim=1000 maxerr=2.04E-06 time=255.104
After sweep 33 energy=-262.01526  maxlinkdim=1000 maxerr=1.10E-06 time=259.026
After sweep 34 energy=-262.02417  maxlinkdim=1000 maxerr=1.34E-06 time=256.754
After sweep 35 energy=-262.02933  maxlinkdim=1000 maxerr=1.38E-06 time=260.138
After sweep 36 energy=-262.0348  maxlinkdim=1000 maxerr=1.54E-06 time=257.557
After sweep 37 energy=-262.0386  maxlinkdim=1000 maxerr=1.75E-06 time=258.156
After sweep 38 energy=-262.04132  maxlinkdim=1000 maxerr=1.93E-06 time=260.920
After sweep 39 energy=-262.04218  maxlinkdim=1000 maxerr=1.49E-06 time=257.555
After sweep 40 energy=-262.04498  maxlinkdim=1000 maxerr=1.37E-06 time=258.361
After sweep 41 energy=-262.0454  maxlinkdim=1000 maxerr=1.28E-06 time=257.474
After sweep 42 energy=-262.0472  maxlinkdim=1000 maxerr=1.21E-06 time=258.330
After sweep 43 energy=-262.04755  maxlinkdim=1000 maxerr=1.26E-06 time=258.165
After sweep 44 energy=-262.04953  maxlinkdim=1000 maxerr=1.24E-06 time=257.484
After sweep 45 energy=-262.05096  maxlinkdim=1000 maxerr=1.15E-06 time=258.145
After sweep 46 energy=-262.051  maxlinkdim=1000 maxerr=1.22E-06 time=257.529
After sweep 47 energy=-262.05273  maxlinkdim=1000 maxerr=1.28E-06 time=258.345
After sweep 48 energy=-262.05234  maxlinkdim=1000 maxerr=1.21E-06 time=258.591
After sweep 49 energy=-262.05246  maxlinkdim=1000 maxerr=1.23E-06 time=259.802
After sweep 50 energy=-262.05325  maxlinkdim=1000 maxerr=1.13E-06 time=258.360
n0: 0.93679094; n1: 0.937567; mu0: 1.7503369935900466; mu1: 1.7503370481105207
Trying secant step...
After sweep 1 energy=-245.35268  maxlinkdim=10 maxerr=5.02E-03 time=1.242
After sweep 2 energy=-254.12645  maxlinkdim=20 maxerr=1.96E-03 time=1.619
After sweep 3 energy=-258.0292  maxlinkdim=100 maxerr=1.13E-05 time=2.730
After sweep 4 energy=-258.39734  maxlinkdim=1000 maxerr=4.03E-10 time=68.959
After sweep 5 energy=-258.83496  maxlinkdim=1000 maxerr=9.94E-10 time=147.915
After sweep 6 energy=-259.13358  maxlinkdim=1000 maxerr=1.10E-07 time=95.878
After sweep 7 energy=-259.33398  maxlinkdim=1000 maxerr=1.48E-08 time=78.135
After sweep 8 energy=-259.4981  maxlinkdim=1000 maxerr=9.04E-09 time=79.138
After sweep 9 energy=-259.66858  maxlinkdim=1000 maxerr=3.51E-09 time=92.898
After sweep 10 energy=-259.8291  maxlinkdim=1000 maxerr=1.73E-08 time=109.122
After sweep 11 energy=-260.04382  maxlinkdim=1000 maxerr=2.74E-07 time=135.353
After sweep 12 energy=-260.31772  maxlinkdim=1000 maxerr=3.13E-07 time=166.227
After sweep 13 energy=-260.54288  maxlinkdim=1000 maxerr=7.93E-08 time=168.374
After sweep 14 energy=-260.75882  maxlinkdim=1000 maxerr=4.54E-08 time=165.217
After sweep 15 energy=-260.95935  maxlinkdim=1000 maxerr=9.15E-07 time=170.071
After sweep 16 energy=-261.14963  maxlinkdim=1000 maxerr=3.38E-07 time=179.458
After sweep 17 energy=-261.28186  maxlinkdim=1000 maxerr=6.73E-07 time=180.688
After sweep 18 energy=-261.39963  maxlinkdim=1000 maxerr=5.67E-07 time=183.874
After sweep 19 energy=-261.49655  maxlinkdim=1000 maxerr=8.97E-07 time=190.772
After sweep 20 energy=-261.58856  maxlinkdim=1000 maxerr=2.95E-07 time=204.593
After sweep 21 energy=-261.66016  maxlinkdim=1000 maxerr=1.44E-06 time=202.385
After sweep 22 energy=-261.7168  maxlinkdim=1000 maxerr=8.19E-07 time=211.093
After sweep 23 energy=-261.7632  maxlinkdim=1000 maxerr=1.27E-06 time=214.126
After sweep 24 energy=-261.8046  maxlinkdim=1000 maxerr=5.45E-07 time=218.661
After sweep 25 energy=-261.83347  maxlinkdim=1000 maxerr=2.96E-06 time=222.849
After sweep 26 energy=-261.87238  maxlinkdim=1000 maxerr=7.47E-07 time=237.027
After sweep 27 energy=-261.89813  maxlinkdim=1000 maxerr=7.52E-07 time=244.132
After sweep 28 energy=-261.91437  maxlinkdim=1000 maxerr=1.09E-06 time=246.732
After sweep 29 energy=-261.92935  maxlinkdim=1000 maxerr=1.31E-06 time=247.293
After sweep 30 energy=-261.9415  maxlinkdim=1000 maxerr=4.98E-07 time=251.106
After sweep 31 energy=-261.95352  maxlinkdim=1000 maxerr=5.37E-07 time=253.901
After sweep 32 energy=-261.96896  maxlinkdim=1000 maxerr=1.59E-06 time=255.047
After sweep 33 energy=-261.98102  maxlinkdim=1000 maxerr=1.79E-06 time=255.895
After sweep 34 energy=-261.99557  maxlinkdim=1000 maxerr=7.85E-07 time=257.415
After sweep 35 energy=-262.0048  maxlinkdim=1000 maxerr=1.31E-06 time=257.164
After sweep 36 energy=-262.01578  maxlinkdim=1000 maxerr=9.43E-07 time=258.332
After sweep 37 energy=-262.0272  maxlinkdim=1000 maxerr=9.42E-07 time=257.595
After sweep 38 energy=-262.03268  maxlinkdim=1000 maxerr=1.14E-06 time=258.499
After sweep 39 energy=-262.03735  maxlinkdim=1000 maxerr=1.04E-06 time=257.504
After sweep 40 energy=-262.04324  maxlinkdim=1000 maxerr=1.11E-06 time=260.220
After sweep 41 energy=-262.0435  maxlinkdim=1000 maxerr=9.84E-07 time=258.260
After sweep 42 energy=-262.04428  maxlinkdim=1000 maxerr=8.95E-07 time=257.771
After sweep 43 energy=-262.04645  maxlinkdim=1000 maxerr=9.50E-07 time=260.307
After sweep 44 energy=-262.0476  maxlinkdim=1000 maxerr=9.26E-07 time=258.288
After sweep 45 energy=-262.04922  maxlinkdim=1000 maxerr=9.24E-07 time=259.764
After sweep 46 energy=-262.0494  maxlinkdim=1000 maxerr=9.56E-07 time=258.289
After sweep 47 energy=-262.05072  maxlinkdim=1000 maxerr=1.02E-06 time=257.671
After sweep 48 energy=-262.05142  maxlinkdim=1000 maxerr=9.41E-07 time=257.951
After sweep 49 energy=-262.0521  maxlinkdim=1000 maxerr=1.00E-06 time=257.976
After sweep 50 energy=-262.0524  maxlinkdim=1000 maxerr=1.03E-06 time=257.359
n0: 0.93740445; n1: 0.937567; mu0: 1.7503370434038377; mu1: 1.7503370481105207
Trying secant step...
After sweep 1 energy=-245.31491  maxlinkdim=10 maxerr=4.67E-03 time=1.334
After sweep 2 energy=-253.95753  maxlinkdim=20 maxerr=2.08E-03 time=1.501
After sweep 3 energy=-257.9124  maxlinkdim=100 maxerr=9.93E-06 time=2.600
After sweep 4 energy=-258.3129  maxlinkdim=1000 maxerr=3.78E-10 time=68.714
After sweep 5 energy=-258.80853  maxlinkdim=1000 maxerr=9.36E-08 time=154.976
After sweep 6 energy=-259.15762  maxlinkdim=1000 maxerr=5.49E-08 time=109.181
After sweep 7 energy=-259.3944  maxlinkdim=1000 maxerr=2.59E-09 time=100.034
After sweep 8 energy=-259.57562  maxlinkdim=1000 maxerr=2.25E-09 time=92.581
After sweep 9 energy=-259.79865  maxlinkdim=1000 maxerr=2.28E-07 time=101.380
After sweep 10 energy=-260.00653  maxlinkdim=1000 maxerr=4.69E-08 time=122.906
After sweep 11 energy=-260.19537  maxlinkdim=1000 maxerr=5.89E-08 time=149.381
After sweep 12 energy=-260.3275  maxlinkdim=1000 maxerr=1.12E-08 time=143.066
After sweep 13 energy=-260.46085  maxlinkdim=1000 maxerr=2.95E-06 time=150.242
After sweep 14 energy=-260.6218  maxlinkdim=1000 maxerr=5.15E-08 time=176.092
After sweep 15 energy=-260.7518  maxlinkdim=1000 maxerr=2.94E-08 time=177.867
After sweep 16 energy=-260.8842  maxlinkdim=1000 maxerr=6.58E-07 time=189.005
After sweep 17 energy=-261.03656  maxlinkdim=1000 maxerr=5.33E-07 time=204.923
After sweep 18 energy=-261.22107  maxlinkdim=1000 maxerr=4.00E-07 time=214.547
After sweep 19 energy=-261.36404  maxlinkdim=1000 maxerr=5.27E-07 time=216.376
After sweep 20 energy=-261.50626  maxlinkdim=1000 maxerr=7.71E-06 time=219.431
After sweep 21 energy=-261.60764  maxlinkdim=1000 maxerr=9.43E-07 time=223.221
After sweep 22 energy=-261.681  maxlinkdim=1000 maxerr=4.19E-07 time=220.322
After sweep 23 energy=-261.7362  maxlinkdim=1000 maxerr=7.47E-07 time=218.597
After sweep 24 energy=-261.80008  maxlinkdim=1000 maxerr=4.01E-07 time=226.490
After sweep 25 energy=-261.85245  maxlinkdim=1000 maxerr=8.44E-07 time=243.543
After sweep 26 energy=-261.89374  maxlinkdim=1000 maxerr=1.53E-06 time=246.293
After sweep 27 energy=-261.91507  maxlinkdim=1000 maxerr=1.51E-06 time=243.132
After sweep 28 energy=-261.93796  maxlinkdim=1000 maxerr=1.37E-06 time=249.820
After sweep 29 energy=-261.95303  maxlinkdim=1000 maxerr=8.83E-07 time=251.667
After sweep 30 energy=-261.9624  maxlinkdim=1000 maxerr=9.12E-07 time=250.144
After sweep 31 energy=-261.97324  maxlinkdim=1000 maxerr=9.81E-07 time=258.673
After sweep 32 energy=-261.98215  maxlinkdim=1000 maxerr=9.64E-07 time=257.858
After sweep 33 energy=-261.98715  maxlinkdim=1000 maxerr=1.17E-06 time=257.812
After sweep 34 energy=-261.99094  maxlinkdim=1000 maxerr=1.37E-06 time=259.567
After sweep 35 energy=-261.9953  maxlinkdim=1000 maxerr=1.45E-06 time=257.496
After sweep 36 energy=-262.00064  maxlinkdim=1000 maxerr=1.61E-06 time=260.365
After sweep 37 energy=-262.00375  maxlinkdim=1000 maxerr=1.51E-06 time=257.355
After sweep 38 energy=-262.0091  maxlinkdim=1000 maxerr=1.60E-06 time=258.164
After sweep 39 energy=-262.0164  maxlinkdim=1000 maxerr=1.49E-06 time=258.477
After sweep 40 energy=-262.01938  maxlinkdim=1000 maxerr=1.72E-06 time=257.375
After sweep 41 energy=-262.0255  maxlinkdim=1000 maxerr=1.94E-06 time=260.340
After sweep 42 energy=-262.03183  maxlinkdim=1000 maxerr=1.01E-06 time=257.754
After sweep 43 energy=-262.03458  maxlinkdim=1000 maxerr=9.05E-07 time=260.083
After sweep 44 energy=-262.04016  maxlinkdim=1000 maxerr=1.12E-06 time=258.437
After sweep 45 energy=-262.04422  maxlinkdim=1000 maxerr=8.99E-07 time=258.179
After sweep 46 energy=-262.0463  maxlinkdim=1000 maxerr=8.65E-07 time=258.726
After sweep 47 energy=-262.04852  maxlinkdim=1000 maxerr=7.55E-07 time=257.915
After sweep 48 energy=-262.0505  maxlinkdim=1000 maxerr=8.85E-07 time=258.366
After sweep 49 energy=-262.05148  maxlinkdim=1000 maxerr=7.98E-07 time=257.695
After sweep 50 energy=-262.05414  maxlinkdim=1000 maxerr=7.85E-07 time=258.405
n0: 0.94442445; n1: 0.937567; mu0: 1.7503370461705456; mu1: 1.7503370481105207
Trying secant step...
After sweep 1 energy=-245.31529  maxlinkdim=10 maxerr=4.67E-03 time=1.335
After sweep 2 energy=-253.98105  maxlinkdim=20 maxerr=2.08E-03 time=1.490
After sweep 3 energy=-257.9286  maxlinkdim=100 maxerr=1.06E-05 time=2.596
After sweep 4 energy=-258.31982  maxlinkdim=1000 maxerr=4.34E-10 time=71.132
After sweep 5 energy=-258.77844  maxlinkdim=1000 maxerr=8.65E-08 time=143.675
After sweep 6 energy=-259.11594  maxlinkdim=1000 maxerr=9.17E-08 time=95.238
After sweep 7 energy=-259.33395  maxlinkdim=1000 maxerr=4.10E-08 time=76.294
After sweep 8 energy=-259.59116  maxlinkdim=1000 maxerr=1.25E-07 time=86.529
After sweep 9 energy=-259.8116  maxlinkdim=1000 maxerr=2.92E-08 time=121.853
After sweep 10 energy=-260.00647  maxlinkdim=1000 maxerr=2.54E-08 time=136.200
After sweep 11 energy=-260.18433  maxlinkdim=1000 maxerr=1.03E-07 time=146.878
After sweep 12 energy=-260.3383  maxlinkdim=1000 maxerr=6.04E-08 time=149.062
After sweep 13 energy=-260.4898  maxlinkdim=1000 maxerr=2.56E-06 time=163.348
After sweep 14 energy=-260.61325  maxlinkdim=1000 maxerr=1.57E-07 time=171.141
After sweep 15 energy=-260.76047  maxlinkdim=1000 maxerr=9.25E-06 time=177.167
After sweep 16 energy=-260.9172  maxlinkdim=1000 maxerr=2.89E-07 time=197.046
After sweep 17 energy=-261.0502  maxlinkdim=1000 maxerr=1.92E-07 time=196.368
After sweep 18 energy=-261.17532  maxlinkdim=1000 maxerr=2.60E-07 time=197.976
After sweep 19 energy=-261.2905  maxlinkdim=1000 maxerr=1.90E-06 time=194.404
After sweep 20 energy=-261.4063  maxlinkdim=1000 maxerr=1.25E-06 time=195.920
After sweep 21 energy=-261.5189  maxlinkdim=1000 maxerr=3.50E-07 time=208.900
After sweep 22 energy=-261.598  maxlinkdim=1000 maxerr=1.03E-06 time=216.172
After sweep 23 energy=-261.66083  maxlinkdim=1000 maxerr=4.32E-07 time=213.068
After sweep 24 energy=-261.71127  maxlinkdim=1000 maxerr=1.05E-06 time=217.994
After sweep 25 energy=-261.77283  maxlinkdim=1000 maxerr=2.74E-06 time=226.744
After sweep 26 energy=-261.82898  maxlinkdim=1000 maxerr=2.28E-06 time=243.296
After sweep 27 energy=-261.86514  maxlinkdim=1000 maxerr=1.05E-06 time=244.198
After sweep 28 energy=-261.88873  maxlinkdim=1000 maxerr=1.09E-06 time=246.520
After sweep 29 energy=-261.9056  maxlinkdim=1000 maxerr=1.29E-06 time=248.787
After sweep 30 energy=-261.92358  maxlinkdim=1000 maxerr=2.09E-06 time=254.601
After sweep 31 energy=-261.9369  maxlinkdim=1000 maxerr=1.48E-06 time=256.366
After sweep 32 energy=-261.94766  maxlinkdim=1000 maxerr=1.62E-06 time=259.254
After sweep 33 energy=-261.9619  maxlinkdim=1000 maxerr=1.84E-06 time=255.657
After sweep 34 energy=-261.97305  maxlinkdim=1000 maxerr=1.89E-06 time=257.666
After sweep 35 energy=-261.98248  maxlinkdim=1000 maxerr=2.09E-06 time=257.582
After sweep 36 energy=-261.99353  maxlinkdim=1000 maxerr=1.93E-06 time=257.988
After sweep 37 energy=-262.00275  maxlinkdim=1000 maxerr=2.67E-06 time=259.070
After sweep 38 energy=-262.0128  maxlinkdim=1000 maxerr=1.84E-06 time=258.518
After sweep 39 energy=-262.02264  maxlinkdim=1000 maxerr=1.40E-06 time=259.197
After sweep 40 energy=-262.02737  maxlinkdim=1000 maxerr=1.28E-06 time=258.316
After sweep 41 energy=-262.0336  maxlinkdim=1000 maxerr=1.48E-06 time=259.663
After sweep 42 energy=-262.03778  maxlinkdim=1000 maxerr=1.64E-06 time=258.343
After sweep 43 energy=-262.0402  maxlinkdim=1000 maxerr=1.52E-06 time=258.443
After sweep 44 energy=-262.04095  maxlinkdim=1000 maxerr=1.75E-06 time=258.474
After sweep 45 energy=-262.04413  maxlinkdim=1000 maxerr=1.76E-06 time=261.033
After sweep 46 energy=-262.04453  maxlinkdim=1000 maxerr=1.80E-06 time=257.752
After sweep 47 energy=-262.0452  maxlinkdim=1000 maxerr=1.70E-06 time=259.101
After sweep 48 energy=-262.0482  maxlinkdim=1000 maxerr=1.55E-06 time=259.850
After sweep 49 energy=-262.0498  maxlinkdim=1000 maxerr=1.47E-06 time=258.587
After sweep 50 energy=-262.05005  maxlinkdim=1000 maxerr=1.36E-06 time=260.629
n0: 0.937567; n1: 0.937567; mu0: 1.7503370481105207; mu1: 1.7503370481294738
Mu interval too small (1.8953061342585897e-11), returning best result...
After sweep 1 energy=-245.31529  maxlinkdim=10 maxerr=4.67E-03 time=1.338
After sweep 2 energy=-253.98105  maxlinkdim=20 maxerr=2.08E-03 time=1.460
After sweep 3 energy=-257.9286  maxlinkdim=100 maxerr=1.06E-05 time=2.838
After sweep 4 energy=-258.31982  maxlinkdim=1000 maxerr=4.34E-10 time=68.547
After sweep 5 energy=-258.77844  maxlinkdim=1000 maxerr=8.65E-08 time=142.902
After sweep 6 energy=-259.11594  maxlinkdim=1000 maxerr=9.17E-08 time=96.281
After sweep 7 energy=-259.33395  maxlinkdim=1000 maxerr=4.10E-08 time=75.606
After sweep 8 energy=-259.59116  maxlinkdim=1000 maxerr=1.25E-07 time=84.846
After sweep 9 energy=-259.8116  maxlinkdim=1000 maxerr=2.92E-08 time=122.059
After sweep 10 energy=-260.00647  maxlinkdim=1000 maxerr=2.54E-08 time=135.879
After sweep 11 energy=-260.18433  maxlinkdim=1000 maxerr=1.03E-07 time=147.093
After sweep 12 energy=-260.3383  maxlinkdim=1000 maxerr=6.04E-08 time=149.701
After sweep 13 energy=-260.4898  maxlinkdim=1000 maxerr=2.56E-06 time=163.637
After sweep 14 energy=-260.61325  maxlinkdim=1000 maxerr=1.57E-07 time=170.727
After sweep 15 energy=-260.76047  maxlinkdim=1000 maxerr=9.25E-06 time=181.005
After sweep 16 energy=-260.9172  maxlinkdim=1000 maxerr=2.89E-07 time=194.491
After sweep 17 energy=-261.0502  maxlinkdim=1000 maxerr=1.92E-07 time=197.727
After sweep 18 energy=-261.17532  maxlinkdim=1000 maxerr=2.60E-07 time=198.404
After sweep 19 energy=-261.2905  maxlinkdim=1000 maxerr=1.90E-06 time=194.927
After sweep 20 energy=-261.4063  maxlinkdim=1000 maxerr=1.25E-06 time=195.040
After sweep 21 energy=-261.5189  maxlinkdim=1000 maxerr=3.50E-07 time=210.460
After sweep 22 energy=-261.598  maxlinkdim=1000 maxerr=1.03E-06 time=216.944
After sweep 23 energy=-261.66083  maxlinkdim=1000 maxerr=4.32E-07 time=213.407
After sweep 24 energy=-261.71127  maxlinkdim=1000 maxerr=1.05E-06 time=218.240
After sweep 25 energy=-261.77283  maxlinkdim=1000 maxerr=2.74E-06 time=226.979
After sweep 26 energy=-261.82898  maxlinkdim=1000 maxerr=2.28E-06 time=243.360
After sweep 27 energy=-261.86514  maxlinkdim=1000 maxerr=1.05E-06 time=244.812
After sweep 28 energy=-261.88873  maxlinkdim=1000 maxerr=1.09E-06 time=246.335
After sweep 29 energy=-261.9056  maxlinkdim=1000 maxerr=1.29E-06 time=249.071
After sweep 30 energy=-261.92358  maxlinkdim=1000 maxerr=2.09E-06 time=254.308
After sweep 31 energy=-261.9369  maxlinkdim=1000 maxerr=1.48E-06 time=256.742
After sweep 32 energy=-261.94766  maxlinkdim=1000 maxerr=1.62E-06 time=257.115
After sweep 33 energy=-261.9619  maxlinkdim=1000 maxerr=1.84E-06 time=255.891
After sweep 34 energy=-261.97305  maxlinkdim=1000 maxerr=1.89E-06 time=256.799
After sweep 35 energy=-261.98248  maxlinkdim=1000 maxerr=2.09E-06 time=257.181
After sweep 36 energy=-261.99353  maxlinkdim=1000 maxerr=1.93E-06 time=257.944
After sweep 37 energy=-262.00275  maxlinkdim=1000 maxerr=2.67E-06 time=258.438
After sweep 38 energy=-262.0128  maxlinkdim=1000 maxerr=1.84E-06 time=258.107
After sweep 39 energy=-262.02264  maxlinkdim=1000 maxerr=1.40E-06 time=258.300
After sweep 40 energy=-262.02737  maxlinkdim=1000 maxerr=1.28E-06 time=258.335
After sweep 41 energy=-262.0336  maxlinkdim=1000 maxerr=1.48E-06 time=257.726
After sweep 42 energy=-262.03778  maxlinkdim=1000 maxerr=1.64E-06 time=258.188
After sweep 43 energy=-262.0402  maxlinkdim=1000 maxerr=1.52E-06 time=259.837
After sweep 44 energy=-262.04095  maxlinkdim=1000 maxerr=1.75E-06 time=257.564
After sweep 45 energy=-262.04413  maxlinkdim=1000 maxerr=1.76E-06 time=258.147
After sweep 46 energy=-262.04453  maxlinkdim=1000 maxerr=1.80E-06 time=258.033
After sweep 47 energy=-262.0452  maxlinkdim=1000 maxerr=1.70E-06 time=260.273
After sweep 48 energy=-262.0482  maxlinkdim=1000 maxerr=1.55E-06 time=258.580
After sweep 49 energy=-262.0498  maxlinkdim=1000 maxerr=1.47E-06 time=257.823
After sweep 50 energy=-262.05005  maxlinkdim=1000 maxerr=1.36E-06 time=258.500
Target density achieved with mu=1.7503370481294738, n=0.937567
Checking {alpha,beta} vs measured
Alpha not converged.
NOT CONVERGED; updating alpha, beta and continuing...
After sweep 1 energy=-245.53912  maxlinkdim=10 maxerr=4.70E-03 time=1.341
After sweep 2 energy=-254.21213  maxlinkdim=20 maxerr=2.06E-03 time=1.504
After sweep 3 energy=-257.90802  maxlinkdim=100 maxerr=7.61E-06 time=2.627
After sweep 4 energy=-258.27438  maxlinkdim=1000 maxerr=3.45E-10 time=68.669
After sweep 5 energy=-258.7581  maxlinkdim=1000 maxerr=4.73E-08 time=153.875
After sweep 6 energy=-259.12262  maxlinkdim=1000 maxerr=2.60E-08 time=101.748
After sweep 7 energy=-259.33673  maxlinkdim=1000 maxerr=1.55E-07 time=86.412
After sweep 8 energy=-259.57455  maxlinkdim=1000 maxerr=7.17E-08 time=94.657
After sweep 9 energy=-259.80167  maxlinkdim=1000 maxerr=6.49E-08 time=120.003
After sweep 10 energy=-260.0037  maxlinkdim=1000 maxerr=1.04E-07 time=131.779
After sweep 11 energy=-260.1555  maxlinkdim=1000 maxerr=2.68E-08 time=126.587
After sweep 12 energy=-260.31363  maxlinkdim=1000 maxerr=1.44E-07 time=145.406
After sweep 13 energy=-260.49277  maxlinkdim=1000 maxerr=3.41E-07 time=158.564
After sweep 14 energy=-260.65405  maxlinkdim=1000 maxerr=2.65E-07 time=175.488
After sweep 15 energy=-260.8182  maxlinkdim=1000 maxerr=3.31E-07 time=181.897
After sweep 16 energy=-260.99686  maxlinkdim=1000 maxerr=5.68E-07 time=191.963
After sweep 17 energy=-261.1226  maxlinkdim=1000 maxerr=1.35E-06 time=188.486
After sweep 18 energy=-261.21725  maxlinkdim=1000 maxerr=1.10E-06 time=194.594
After sweep 19 energy=-261.3482  maxlinkdim=1000 maxerr=8.13E-07 time=204.168
After sweep 20 energy=-261.4672  maxlinkdim=1000 maxerr=1.70E-06 time=210.956
After sweep 21 energy=-261.57126  maxlinkdim=1000 maxerr=3.21E-07 time=209.276
After sweep 22 energy=-261.6491  maxlinkdim=1000 maxerr=2.75E-07 time=212.475
After sweep 23 energy=-261.7041  maxlinkdim=1000 maxerr=2.64E-06 time=215.076
After sweep 24 energy=-261.7591  maxlinkdim=1000 maxerr=2.53E-06 time=221.810
After sweep 25 energy=-261.80804  maxlinkdim=1000 maxerr=2.39E-06 time=227.462
After sweep 26 energy=-261.85013  maxlinkdim=1000 maxerr=1.51E-06 time=231.283
After sweep 27 energy=-261.87866  maxlinkdim=1000 maxerr=6.10E-07 time=253.040
After sweep 28 energy=-261.90878  maxlinkdim=1000 maxerr=6.00E-07 time=252.944
After sweep 29 energy=-261.92703  maxlinkdim=1000 maxerr=7.24E-07 time=251.225
After sweep 30 energy=-261.94144  maxlinkdim=1000 maxerr=9.13E-07 time=252.737
After sweep 31 energy=-261.95657  maxlinkdim=1000 maxerr=1.24E-06 time=250.350
After sweep 32 energy=-261.97702  maxlinkdim=1000 maxerr=2.40E-06 time=255.427
After sweep 33 energy=-261.99945  maxlinkdim=1000 maxerr=1.64E-06 time=254.216
After sweep 34 energy=-262.01767  maxlinkdim=1000 maxerr=1.35E-06 time=256.244
After sweep 35 energy=-262.03006  maxlinkdim=1000 maxerr=7.84E-07 time=256.852
After sweep 36 energy=-262.03757  maxlinkdim=1000 maxerr=9.66E-07 time=260.834
After sweep 37 energy=-262.04745  maxlinkdim=1000 maxerr=9.28E-07 time=258.192
After sweep 38 energy=-262.05673  maxlinkdim=1000 maxerr=1.01E-06 time=258.665
After sweep 39 energy=-262.06412  maxlinkdim=1000 maxerr=8.71E-07 time=258.827
After sweep 40 energy=-262.06644  maxlinkdim=1000 maxerr=9.09E-07 time=258.893
After sweep 41 energy=-262.07047  maxlinkdim=1000 maxerr=8.31E-07 time=258.903
After sweep 42 energy=-262.07367  maxlinkdim=1000 maxerr=9.55E-07 time=257.965
After sweep 43 energy=-262.0775  maxlinkdim=1000 maxerr=9.23E-07 time=258.704
After sweep 44 energy=-262.07855  maxlinkdim=1000 maxerr=8.24E-07 time=258.658
After sweep 45 energy=-262.08023  maxlinkdim=1000 maxerr=8.41E-07 time=258.344
After sweep 46 energy=-262.08115  maxlinkdim=1000 maxerr=8.18E-07 time=257.884
After sweep 47 energy=-262.08307  maxlinkdim=1000 maxerr=7.69E-07 time=258.802
After sweep 48 energy=-262.0824  maxlinkdim=1000 maxerr=7.99E-07 time=258.205
After sweep 49 energy=-262.08426  maxlinkdim=1000 maxerr=8.13E-07 time=258.461
After sweep 50 energy=-262.08643  maxlinkdim=1000 maxerr=8.19E-07 time=258.639
Not same mu, searching again
After sweep 1 energy=-246.98438  maxlinkdim=10 maxerr=5.66E-03 time=1.254
After sweep 2 energy=-255.18001  maxlinkdim=20 maxerr=2.11E-03 time=1.602
After sweep 3 energy=-259.08145  maxlinkdim=100 maxerr=9.85E-06 time=2.688
After sweep 4 energy=-259.48102  maxlinkdim=1000 maxerr=3.65E-10 time=68.572
After sweep 5 energy=-259.9585  maxlinkdim=1000 maxerr=6.43E-09 time=148.621
After sweep 6 energy=-260.3221  maxlinkdim=1000 maxerr=1.27E-07 time=105.092
After sweep 7 energy=-260.6444  maxlinkdim=1000 maxerr=1.15E-07 time=113.153
After sweep 8 energy=-260.9051  maxlinkdim=1000 maxerr=3.46E-08 time=133.418
After sweep 9 energy=-261.12842  maxlinkdim=1000 maxerr=1.08E-08 time=149.506
After sweep 10 energy=-261.33923  maxlinkdim=1000 maxerr=7.07E-08 time=152.832
After sweep 11 energy=-261.5247  maxlinkdim=1000 maxerr=7.10E-09 time=160.212
After sweep 12 energy=-261.7783  maxlinkdim=1000 maxerr=1.05E-07 time=184.978
After sweep 13 energy=-262.00714  maxlinkdim=1000 maxerr=2.75E-06 time=194.349
After sweep 14 energy=-262.1874  maxlinkdim=1000 maxerr=7.61E-08 time=198.518
After sweep 15 energy=-262.34048  maxlinkdim=1000 maxerr=1.35E-07 time=199.194
After sweep 16 energy=-262.43588  maxlinkdim=1000 maxerr=7.19E-08 time=189.040
After sweep 17 energy=-262.57657  maxlinkdim=1000 maxerr=2.98E-07 time=211.590
After sweep 18 energy=-262.6962  maxlinkdim=1000 maxerr=7.51E-07 time=229.166
After sweep 19 energy=-262.8059  maxlinkdim=1000 maxerr=1.03E-06 time=222.030
After sweep 20 energy=-262.87747  maxlinkdim=1000 maxerr=4.40E-07 time=223.521
After sweep 21 energy=-262.95926  maxlinkdim=1000 maxerr=1.56E-06 time=231.473
After sweep 22 energy=-263.0167  maxlinkdim=1000 maxerr=1.86E-06 time=233.603
After sweep 23 energy=-263.0773  maxlinkdim=1000 maxerr=5.74E-07 time=240.282
After sweep 24 energy=-263.1134  maxlinkdim=1000 maxerr=4.28E-07 time=238.515
After sweep 25 energy=-263.1577  maxlinkdim=1000 maxerr=1.46E-06 time=247.616
After sweep 26 energy=-263.1862  maxlinkdim=1000 maxerr=2.69E-07 time=251.628
After sweep 27 energy=-263.20364  maxlinkdim=1000 maxerr=1.45E-06 time=254.760
After sweep 28 energy=-263.2181  maxlinkdim=1000 maxerr=1.14E-06 time=249.498
After sweep 29 energy=-263.23038  maxlinkdim=1000 maxerr=9.17E-07 time=257.257
After sweep 30 energy=-263.2388  maxlinkdim=1000 maxerr=1.07E-06 time=255.132
After sweep 31 energy=-263.24487  maxlinkdim=1000 maxerr=1.04E-06 time=259.906
After sweep 32 energy=-263.2509  maxlinkdim=1000 maxerr=1.06E-06 time=256.386
After sweep 33 energy=-263.2561  maxlinkdim=1000 maxerr=1.00E-06 time=259.196
After sweep 34 energy=-263.25894  maxlinkdim=1000 maxerr=1.08E-06 time=257.969
After sweep 35 energy=-263.26483  maxlinkdim=1000 maxerr=1.26E-06 time=258.444
After sweep 36 energy=-263.26773  maxlinkdim=1000 maxerr=1.12E-06 time=258.401
After sweep 37 energy=-263.27234  maxlinkdim=1000 maxerr=9.12E-07 time=258.634
After sweep 38 energy=-263.27628  maxlinkdim=1000 maxerr=9.29E-07 time=258.827
After sweep 39 energy=-263.27805  maxlinkdim=1000 maxerr=8.99E-07 time=258.561
After sweep 40 energy=-263.2808  maxlinkdim=1000 maxerr=8.20E-07 time=258.069
After sweep 41 energy=-263.28226  maxlinkdim=1000 maxerr=7.51E-07 time=258.762
After sweep 42 energy=-263.28516  maxlinkdim=1000 maxerr=6.86E-07 time=259.136
After sweep 43 energy=-263.286  maxlinkdim=1000 maxerr=6.44E-07 time=258.479
After sweep 44 energy=-263.2881  maxlinkdim=1000 maxerr=6.42E-07 time=260.555
Time limit approaching, stopping DMRG early...
Time limit exceeded, exiting loop
Not completed, resubmitting...
Submitted batch job 47982008
