L=64, U=8.0, t0=1.0, density=0.9375
============================================================
Pair binding energy for Hubbard ladder
L = 64 rungs, 128 sites
U = 8.0, t = 1.0, t0 = 1.0, density = 0.9375
N_base = 120
============================================================

[3/3] Computing E(N=120)
  Initial state: 120 particles (60 up, 60 dn)
After sweep 1 energy=-50.60911910619641  maxlinkdim=20 maxerr=3.09E-04 time=36.842
After sweep 2 energy=-60.36246709273284  maxlinkdim=50 maxerr=3.10E-05 time=11.834
After sweep 3 energy=-62.505956679184614  maxlinkdim=100 maxerr=4.32E-06 time=21.161
After sweep 4 energy=-63.39085754269109  maxlinkdim=200 maxerr=2.75E-07 time=42.709
After sweep 5 energy=-64.31955123647698  maxlinkdim=1000 maxerr=1.60E-10 time=130.686
After sweep 6 energy=-64.77870394391766  maxlinkdim=1000 maxerr=1.19E-09 time=337.310
After sweep 7 energy=-65.17787488063972  maxlinkdim=1000 maxerr=4.06E-09 time=387.912
After sweep 8 energy=-65.51148221239447  maxlinkdim=1000 maxerr=9.77E-09 time=551.775
After sweep 9 energy=-65.7827171334431  maxlinkdim=1000 maxerr=1.07E-08 time=540.552
After sweep 10 energy=-66.06808587520183  maxlinkdim=1000 maxerr=3.98E-08 time=514.269
After sweep 11 energy=-66.29908008307994  maxlinkdim=1000 maxerr=6.51E-08 time=705.734
After sweep 12 energy=-66.47467458694548  maxlinkdim=1000 maxerr=6.09E-08 time=669.608
After sweep 13 energy=-66.62937758892681  maxlinkdim=1000 maxerr=7.50E-08 time=931.838
After sweep 14 energy=-66.75911335589058  maxlinkdim=1000 maxerr=1.37E-07 time=1005.284
slurmstepd: error: *** STEP 47461480.0 ON nid006273 CANCELLED AT 2026-01-06T22:23:33 ***
slurmstepd: error: *** JOB 47461480 ON nid006273 CANCELLED AT 2026-01-06T22:23:33 ***
srun: Job step aborted: Waiting up to 32 seconds for job step to finish.
