/var/spool/slurmd/job47257357/slurm_script: line 24: conda: command not found
outfile_name: results_U_-4.0_t0_0.1_t_p_0.1.h5
[ Info:  started timer at: 2026-01-01T11:22:09.002
Starting fresh run
Running with t0=0.1 t_p=0.1 U=-4.0 L=32 chi_max=1000 E_p=1.476 mu_init=-2.64
After sweep 1 energy=9.67790464551655  maxlinkdim=10 maxerr=1.13E-02 time=33.834
After sweep 2 energy=0.8621680851636663  maxlinkdim=20 maxerr=1.54E-03 time=2.288
After sweep 3 energy=-0.5098511110259647  maxlinkdim=100 maxerr=3.57E-05 time=7.679
After sweep 4 energy=-0.783752169430642  maxlinkdim=999 maxerr=1.11E-10 time=941.619
After sweep 5 energy=-2.2611380157200176  maxlinkdim=1000 maxerr=5.87E-09 time=1815.155
After sweep 6 energy=-2.466090770458588  maxlinkdim=1000 maxerr=6.79E-09 time=1536.591
After sweep 7 energy=-2.9546782963296296  maxlinkdim=1000 maxerr=1.37E-08 time=1681.407
After sweep 8 energy=-3.986912484234982  maxlinkdim=1000 maxerr=1.39E-08 time=1935.686
After sweep 9 energy=-4.270688727113702  maxlinkdim=1000 maxerr=2.90E-09 time=1874.562
After sweep 10 energy=-4.38464602454227  maxlinkdim=1000 maxerr=1.98E-09 time=2049.078
After sweep 11 energy=-4.412746199858126  maxlinkdim=1000 maxerr=1.09E-09 time=1946.529
After sweep 12 energy=-4.422889730422807  maxlinkdim=1000 maxerr=7.64E-10 time=2450.515
After sweep 13 energy=-4.427339495093691  maxlinkdim=1000 maxerr=9.84E-10 time=1989.664
After sweep 14 energy=-4.429082752669321  maxlinkdim=1000 maxerr=1.66E-09 time=2165.955
After sweep 15 energy=-4.429741174103318  maxlinkdim=1000 maxerr=2.39E-09 time=2852.842
After sweep 16 energy=-4.429926652932039  maxlinkdim=1000 maxerr=3.86E-09 time=2130.824
After sweep 17 energy=-4.429969812100481  maxlinkdim=1000 maxerr=3.50E-09 time=2520.990
After sweep 18 energy=-4.429981284799205  maxlinkdim=1000 maxerr=9.94E-09 time=1930.903
After sweep 19 energy=-4.429982037180655  maxlinkdim=1000 maxerr=3.87E-09 time=1777.504
After sweep 20 energy=-4.4299820640301215  maxlinkdim=1000 maxerr=3.01E-09 time=1699.402
After sweep 21 energy=-4.4299820689589255  maxlinkdim=1000 maxerr=3.00E-09 time=1536.440
After sweep 22 energy=-4.429982070740062  maxlinkdim=1000 maxerr=3.02E-09 time=1514.997
After sweep 23 energy=-4.4299820719711445  maxlinkdim=1000 maxerr=3.02E-09 time=1207.396
After sweep 24 energy=-4.42998207250862  maxlinkdim=1000 maxerr=3.02E-09 time=1331.697
After sweep 25 energy=-4.429982073714678  maxlinkdim=1000 maxerr=3.04E-09 time=1056.289
After sweep 26 energy=-4.429982074486864  maxlinkdim=1000 maxerr=3.04E-09 time=1202.249
After sweep 27 energy=-4.429982075116323  maxlinkdim=1000 maxerr=3.04E-09 time=1507.784
After sweep 28 energy=-4.429982075887337  maxlinkdim=1000 maxerr=3.04E-09 time=1586.974
After sweep 29 energy=-4.429982076574949  maxlinkdim=1000 maxerr=3.04E-09 time=1320.932
After sweep 30 energy=-4.429982076960655  maxlinkdim=1000 maxerr=3.04E-09 time=1463.862
Not same mu, searching again
After sweep 1 energy=8.623711585408028  maxlinkdim=10 maxerr=6.62E-03 time=1.055
After sweep 2 energy=0.38354680078781656  maxlinkdim=20 maxerr=1.09E-03 time=2.208
After sweep 3 energy=-0.8077413506092145  maxlinkdim=100 maxerr=1.86E-05 time=7.097
After sweep 4 energy=-1.0985686389682807  maxlinkdim=1000 maxerr=1.30E-10 time=445.046
After sweep 5 energy=-2.585721167315184  maxlinkdim=1000 maxerr=2.68E-09 time=1401.996
After sweep 6 energy=-2.7631268695181115  maxlinkdim=1000 maxerr=1.24E-08 time=1574.213
After sweep 7 energy=-4.092853430915131  maxlinkdim=1000 maxerr=2.12E-08 time=1335.822
After sweep 8 energy=-4.404714708543937  maxlinkdim=1000 maxerr=3.82E-09 time=1134.652
After sweep 9 energy=-4.6737784548229175  maxlinkdim=1000 maxerr=4.55E-09 time=1549.330
After sweep 10 energy=-4.728056392412973  maxlinkdim=1000 maxerr=2.74E-09 time=1517.549
After sweep 11 energy=-4.743053315839249  maxlinkdim=1000 maxerr=1.03E-09 time=1368.318
After sweep 12 energy=-4.749354709999549  maxlinkdim=1000 maxerr=4.71E-09 time=1432.863
After sweep 13 energy=-4.7515899790643115  maxlinkdim=1000 maxerr=4.99E-09 time=1793.921
After sweep 14 energy=-4.752400829503023  maxlinkdim=1000 maxerr=1.53E-08 time=1736.232
After sweep 15 energy=-4.752704787250587  maxlinkdim=1000 maxerr=1.24E-08 time=1650.212
After sweep 16 energy=-4.752809601923849  maxlinkdim=1000 maxerr=1.55E-08 time=1467.345
After sweep 17 energy=-4.752828216587933  maxlinkdim=1000 maxerr=1.07E-08 time=1896.254
After sweep 18 energy=-4.752831681468279  maxlinkdim=1000 maxerr=1.27E-08 time=1755.540
After sweep 19 energy=-4.752831765266823  maxlinkdim=1000 maxerr=3.72E-09 time=2425.025
After sweep 20 energy=-4.752831770324731  maxlinkdim=1000 maxerr=3.71E-09 time=2039.715
After sweep 21 energy=-4.752831773097234  maxlinkdim=1000 maxerr=3.71E-09 time=2568.237
After sweep 22 energy=-4.752831774659518  maxlinkdim=1000 maxerr=3.71E-09 time=1318.401
After sweep 23 energy=-4.75283177592445  maxlinkdim=1000 maxerr=3.71E-09 time=1549.050
After sweep 24 energy=-4.752831776559418  maxlinkdim=1000 maxerr=3.71E-09 time=1568.808
After sweep 25 energy=-4.752831777262241  maxlinkdim=1000 maxerr=3.71E-09 time=1961.463
After sweep 26 energy=-4.7528317776177555  maxlinkdim=1000 maxerr=3.71E-09 time=2155.269
Time limit approaching, stopping DMRG early...
Time limit exceeded, exiting loop
Traceback (most recent call last):
  File "<stdin>", line 1, in <module>
ImportError: No module named h5py
Not completed, resubmitting...
Submitted batch job 47306540
