outfile_name: results_U_-4.0_t_p_0.025.h5
[ Info:  started timer at: 2025-11-10T17:35:09.731
Starting fresh run
Running with t_p=0.025 U=-4.0 L=100 chi_max=300 E_p=1.476 mu_init=-2.645
After sweep 1 energy=-5.208912117130523  maxlinkdim=16 maxerr=9.78E-11 time=29.697
After sweep 2 energy=-6.2809447420812266  maxlinkdim=103 maxerr=9.99E-11 time=3.214
After sweep 3 energy=-6.3679168107116535  maxlinkdim=113 maxerr=1.00E-10 time=5.057
After sweep 4 energy=-6.414710464551241  maxlinkdim=101 maxerr=1.00E-10 time=5.506
After sweep 5 energy=-6.448503805092266  maxlinkdim=108 maxerr=9.98E-11 time=5.120
After sweep 6 energy=-6.473158352934619  maxlinkdim=126 maxerr=1.00E-10 time=4.932
After sweep 7 energy=-6.494159200480222  maxlinkdim=119 maxerr=9.99E-11 time=5.271
After sweep 8 energy=-6.510564472675166  maxlinkdim=107 maxerr=1.00E-10 time=5.631
After sweep 9 energy=-6.522094303160007  maxlinkdim=119 maxerr=9.95E-11 time=5.601
After sweep 10 energy=-6.533645533925027  maxlinkdim=211 maxerr=1.00E-10 time=6.076
After sweep 11 energy=-6.5451307514893395  maxlinkdim=167 maxerr=9.99E-11 time=7.048
After sweep 12 energy=-6.5499648647974045  maxlinkdim=220 maxerr=9.99E-11 time=7.410
After sweep 13 energy=-6.55258205060302  maxlinkdim=191 maxerr=9.97E-11 time=7.115
After sweep 14 energy=-6.555295666773961  maxlinkdim=221 maxerr=1.00E-10 time=7.599
After sweep 15 energy=-6.556346809017199  maxlinkdim=260 maxerr=9.99E-11 time=8.400
After sweep 16 energy=-6.556903077197083  maxlinkdim=163 maxerr=9.99E-11 time=8.466
After sweep 17 energy=-6.557267479672806  maxlinkdim=258 maxerr=1.00E-10 time=8.473
After sweep 18 energy=-6.557539762070886  maxlinkdim=247 maxerr=1.00E-10 time=9.592
After sweep 19 energy=-6.557628597014934  maxlinkdim=188 maxerr=9.99E-11 time=9.606
After sweep 20 energy=-6.557704801988113  maxlinkdim=271 maxerr=9.99E-11 time=10.031
Not same mu, searching again
After sweep 1 energy=-7.702701329003484  maxlinkdim=16 maxerr=9.12E-11 time=0.841
After sweep 2 energy=-8.781464350199712  maxlinkdim=103 maxerr=9.98E-11 time=3.221
After sweep 3 energy=-8.873018654580147  maxlinkdim=112 maxerr=9.99E-11 time=4.918
After sweep 4 energy=-8.924418796806764  maxlinkdim=106 maxerr=1.00E-10 time=5.126
After sweep 5 energy=-8.96405313992285  maxlinkdim=104 maxerr=1.00E-10 time=5.288
After sweep 6 energy=-8.99772578456589  maxlinkdim=105 maxerr=9.98E-11 time=5.133
After sweep 7 energy=-9.033998886947957  maxlinkdim=123 maxerr=1.00E-10 time=5.243
After sweep 8 energy=-9.074052284337407  maxlinkdim=129 maxerr=1.00E-10 time=5.787
After sweep 9 energy=-9.109369197131775  maxlinkdim=117 maxerr=9.99E-11 time=5.734
After sweep 10 energy=-9.142932421523186  maxlinkdim=129 maxerr=9.99E-11 time=6.022
After sweep 11 energy=-9.171907068911676  maxlinkdim=141 maxerr=9.98E-11 time=6.072
After sweep 12 energy=-9.194764560312448  maxlinkdim=146 maxerr=1.00E-10 time=6.274
After sweep 13 energy=-9.217231014168954  maxlinkdim=214 maxerr=9.99E-11 time=6.751
After sweep 14 energy=-9.233623221028939  maxlinkdim=176 maxerr=1.00E-10 time=7.660
After sweep 15 energy=-9.241652120389347  maxlinkdim=272 maxerr=9.96E-11 time=7.849
After sweep 16 energy=-9.245719678604615  maxlinkdim=204 maxerr=9.98E-11 time=7.870
After sweep 17 energy=-9.248540732393096  maxlinkdim=165 maxerr=9.99E-11 time=8.101
After sweep 18 energy=-9.25032544323723  maxlinkdim=300 maxerr=1.86E-10 time=8.817
After sweep 19 energy=-9.251464297616115  maxlinkdim=300 maxerr=1.02E-10 time=9.976
After sweep 20 energy=-9.251758899253103  maxlinkdim=242 maxerr=9.99E-11 time=10.784
After sweep 1 energy=-5.208912117130523  maxlinkdim=16 maxerr=9.78E-11 time=0.825
After sweep 2 energy=-6.2809447420812266  maxlinkdim=103 maxerr=9.99E-11 time=3.255
After sweep 3 energy=-6.3679168107116535  maxlinkdim=113 maxerr=1.00E-10 time=4.949
After sweep 4 energy=-6.414710464551241  maxlinkdim=101 maxerr=1.00E-10 time=5.066
After sweep 5 energy=-6.448503805092266  maxlinkdim=108 maxerr=9.98E-11 time=5.114
After sweep 6 energy=-6.473158352934619  maxlinkdim=126 maxerr=1.00E-10 time=5.145
After sweep 7 energy=-6.494159200480222  maxlinkdim=119 maxerr=9.99E-11 time=5.471
After sweep 8 energy=-6.510564472675166  maxlinkdim=107 maxerr=1.00E-10 time=5.567
After sweep 9 energy=-6.522094303160007  maxlinkdim=119 maxerr=9.95E-11 time=5.610
After sweep 10 energy=-6.533645533925027  maxlinkdim=211 maxerr=1.00E-10 time=5.896
After sweep 11 energy=-6.5451307514893395  maxlinkdim=167 maxerr=9.99E-11 time=7.035
After sweep 12 energy=-6.5499648647974045  maxlinkdim=220 maxerr=9.99E-11 time=7.031
After sweep 13 energy=-6.55258205060302  maxlinkdim=191 maxerr=9.97E-11 time=7.025
After sweep 14 energy=-6.555295666773961  maxlinkdim=221 maxerr=1.00E-10 time=7.522
After sweep 15 energy=-6.556346809017199  maxlinkdim=260 maxerr=9.99E-11 time=7.843
After sweep 16 energy=-6.556903077197083  maxlinkdim=163 maxerr=9.99E-11 time=8.188
After sweep 17 energy=-6.557267479672806  maxlinkdim=258 maxerr=1.00E-10 time=8.230
After sweep 18 energy=-6.557539762070886  maxlinkdim=247 maxerr=1.00E-10 time=9.318
After sweep 19 energy=-6.557628597014934  maxlinkdim=188 maxerr=9.99E-11 time=9.373
After sweep 20 energy=-6.557704801988113  maxlinkdim=271 maxerr=9.99E-11 time=9.618
n_target < n1 and n_target < n0 triggered
n0: 0.5653315505953024; n1: 0.5097577754066304; mu1: -2.645
After sweep 1 energy=-2.717965830650233  maxlinkdim=16 maxerr=8.51E-11 time=0.852
After sweep 2 energy=-3.7921223265175286  maxlinkdim=103 maxerr=9.99E-11 time=3.275
After sweep 3 energy=-3.8859604519474256  maxlinkdim=139 maxerr=1.00E-10 time=5.234
After sweep 4 energy=-3.943147774024651  maxlinkdim=122 maxerr=1.00E-10 time=5.294
After sweep 5 energy=-3.9823328387580816  maxlinkdim=113 maxerr=9.99E-11 time=5.179
After sweep 6 energy=-4.016438904185998  maxlinkdim=107 maxerr=9.99E-11 time=5.092
After sweep 7 energy=-4.0623178326148865  maxlinkdim=130 maxerr=9.99E-11 time=5.370
After sweep 8 energy=-4.094976475895847  maxlinkdim=118 maxerr=9.99E-11 time=5.829
After sweep 9 energy=-4.116208274009564  maxlinkdim=107 maxerr=9.99E-11 time=5.810
After sweep 10 energy=-4.130486185594771  maxlinkdim=110 maxerr=9.96E-11 time=5.351
After sweep 11 energy=-4.141609671954203  maxlinkdim=111 maxerr=9.98E-11 time=5.248
After sweep 12 energy=-4.1507081419920455  maxlinkdim=144 maxerr=1.00E-10 time=5.282
After sweep 13 energy=-4.157896873945872  maxlinkdim=122 maxerr=9.99E-11 time=5.777
After sweep 14 energy=-4.160670817553154  maxlinkdim=112 maxerr=9.99E-11 time=5.583
After sweep 15 energy=-4.162763108607988  maxlinkdim=103 maxerr=9.96E-11 time=5.126
After sweep 16 energy=-4.165176776315269  maxlinkdim=208 maxerr=9.98E-11 time=5.220
After sweep 17 energy=-4.166765310232376  maxlinkdim=179 maxerr=1.00E-10 time=5.980
After sweep 18 energy=-4.167599896880012  maxlinkdim=208 maxerr=1.00E-10 time=6.406
After sweep 19 energy=-4.167930837167342  maxlinkdim=213 maxerr=9.99E-11 time=7.008
After sweep 20 energy=-4.16807970553285  maxlinkdim=197 maxerr=1.00E-10 time=6.934
n_target < n1 and n_target < n0 triggered
n0: 0.5097577754066304; n1: 0.4446327191510941; mu1: -2.695
Trying secant step...
After sweep 1 energy=-4.8354031377149145  maxlinkdim=16 maxerr=7.53E-11 time=0.822
After sweep 2 energy=-5.904485643637753  maxlinkdim=103 maxerr=9.99E-11 time=3.274
After sweep 3 energy=-5.992752516500032  maxlinkdim=117 maxerr=1.00E-10 time=5.019
After sweep 4 energy=-6.040634721576761  maxlinkdim=117 maxerr=1.00E-10 time=5.442
After sweep 5 energy=-6.072830043191369  maxlinkdim=112 maxerr=9.98E-11 time=5.262
After sweep 6 energy=-6.098445988637328  maxlinkdim=118 maxerr=1.00E-10 time=5.185
After sweep 7 energy=-6.125203740960534  maxlinkdim=165 maxerr=1.00E-10 time=5.753
After sweep 8 energy=-6.141813047123508  maxlinkdim=115 maxerr=9.99E-11 time=6.134
After sweep 9 energy=-6.150486142574251  maxlinkdim=110 maxerr=9.99E-11 time=5.854
After sweep 10 energy=-6.157600725880661  maxlinkdim=112 maxerr=1.00E-10 time=5.629
After sweep 11 energy=-6.163395636261356  maxlinkdim=125 maxerr=1.00E-10 time=5.739
After sweep 12 energy=-6.168823383484159  maxlinkdim=132 maxerr=1.00E-10 time=5.786
After sweep 13 energy=-6.174256678968275  maxlinkdim=165 maxerr=1.00E-10 time=6.682
After sweep 14 energy=-6.176278594423775  maxlinkdim=150 maxerr=1.00E-10 time=7.191
After sweep 15 energy=-6.177255236271717  maxlinkdim=138 maxerr=9.99E-11 time=6.885
After sweep 16 energy=-6.177954945002179  maxlinkdim=142 maxerr=1.00E-10 time=6.975
After sweep 17 energy=-6.17856234293109  maxlinkdim=200 maxerr=9.99E-11 time=7.334
After sweep 18 energy=-6.178944464746206  maxlinkdim=216 maxerr=1.00E-10 time=8.692
After sweep 19 energy=-6.179034568719503  maxlinkdim=206 maxerr=9.99E-11 time=9.471
After sweep 20 energy=-6.179070373772012  maxlinkdim=197 maxerr=1.00E-10 time=10.267
Trying secant step...
After sweep 1 energy=-4.8101257912191295  maxlinkdim=16 maxerr=7.55E-11 time=0.847
After sweep 2 energy=-5.879653642665909  maxlinkdim=103 maxerr=9.99E-11 time=3.276
After sweep 3 energy=-5.9682412544513035  maxlinkdim=117 maxerr=1.00E-10 time=5.022
After sweep 4 energy=-6.0151488709526735  maxlinkdim=112 maxerr=1.00E-10 time=5.265
After sweep 5 energy=-6.047414619878827  maxlinkdim=105 maxerr=1.00E-10 time=5.242
After sweep 6 energy=-6.074397673784409  maxlinkdim=155 maxerr=1.00E-10 time=5.254
After sweep 7 energy=-6.098042600702276  maxlinkdim=173 maxerr=1.00E-10 time=5.798
After sweep 8 energy=-6.115469923376743  maxlinkdim=187 maxerr=1.00E-10 time=6.429
After sweep 9 energy=-6.126340364682253  maxlinkdim=182 maxerr=9.99E-11 time=6.173
After sweep 10 energy=-6.135482639696913  maxlinkdim=235 maxerr=9.98E-11 time=6.418
After sweep 11 energy=-6.14068875853427  maxlinkdim=241 maxerr=9.99E-11 time=6.388
After sweep 12 energy=-6.144267922305779  maxlinkdim=157 maxerr=9.99E-11 time=6.230
After sweep 13 energy=-6.147056682183533  maxlinkdim=238 maxerr=9.99E-11 time=6.313
After sweep 14 energy=-6.149498657167921  maxlinkdim=246 maxerr=1.00E-10 time=6.789
After sweep 15 energy=-6.151952415328847  maxlinkdim=207 maxerr=9.99E-11 time=7.670
After sweep 16 energy=-6.1527283458654285  maxlinkdim=169 maxerr=9.99E-11 time=7.978
After sweep 17 energy=-6.153128095090684  maxlinkdim=229 maxerr=9.99E-11 time=7.898
After sweep 18 energy=-6.153461232256115  maxlinkdim=248 maxerr=9.99E-11 time=8.396
After sweep 19 energy=-6.153642258639199  maxlinkdim=258 maxerr=1.00E-10 time=9.029
After sweep 20 energy=-6.153699769384397  maxlinkdim=245 maxerr=1.00E-10 time=10.321
Trying secant step...
After sweep 1 energy=-4.8028712674922645  maxlinkdim=16 maxerr=7.55E-11 time=0.853
After sweep 2 energy=-5.87243378557294  maxlinkdim=103 maxerr=9.98E-11 time=3.257
After sweep 3 energy=-5.960988361048184  maxlinkdim=117 maxerr=1.00E-10 time=5.010
After sweep 4 energy=-6.008098396128774  maxlinkdim=117 maxerr=1.00E-10 time=5.258
After sweep 5 energy=-6.040206111192656  maxlinkdim=104 maxerr=9.98E-11 time=5.260
After sweep 6 energy=-6.066346343791735  maxlinkdim=137 maxerr=9.99E-11 time=5.217
After sweep 7 energy=-6.0895448543695085  maxlinkdim=128 maxerr=1.00E-10 time=5.653
After sweep 8 energy=-6.108186884001885  maxlinkdim=208 maxerr=9.99E-11 time=6.279
After sweep 9 energy=-6.118767748113516  maxlinkdim=186 maxerr=1.00E-10 time=6.076
After sweep 10 energy=-6.126060549457194  maxlinkdim=170 maxerr=9.99E-11 time=6.004
After sweep 11 energy=-6.133558751688056  maxlinkdim=204 maxerr=1.00E-10 time=6.176
After sweep 12 energy=-6.1377544896824485  maxlinkdim=195 maxerr=1.00E-10 time=6.692
After sweep 13 energy=-6.140736246546699  maxlinkdim=141 maxerr=9.99E-11 time=6.662
After sweep 14 energy=-6.142694058491993  maxlinkdim=143 maxerr=9.99E-11 time=6.580
After sweep 15 energy=-6.143827146892446  maxlinkdim=163 maxerr=9.99E-11 time=6.675
After sweep 16 energy=-6.144633998400094  maxlinkdim=226 maxerr=9.98E-11 time=6.264
After sweep 17 energy=-6.145331800745691  maxlinkdim=204 maxerr=9.99E-11 time=6.566
After sweep 18 energy=-6.146030687047434  maxlinkdim=245 maxerr=9.99E-11 time=7.984
After sweep 19 energy=-6.146277733713992  maxlinkdim=245 maxerr=1.00E-10 time=9.038
After sweep 20 energy=-6.146391898897367  maxlinkdim=258 maxerr=1.00E-10 time=9.541
Trying secant step...
After sweep 1 energy=-4.8068472446682335  maxlinkdim=16 maxerr=7.55E-11 time=0.863
After sweep 2 energy=-5.876365676471196  maxlinkdim=103 maxerr=9.99E-11 time=3.249
After sweep 3 energy=-5.964918898813503  maxlinkdim=117 maxerr=1.00E-10 time=5.006
After sweep 4 energy=-6.011536037737193  maxlinkdim=115 maxerr=9.98E-11 time=5.222
After sweep 5 energy=-6.043603907294321  maxlinkdim=103 maxerr=1.00E-10 time=5.213
After sweep 6 energy=-6.069690038147748  maxlinkdim=160 maxerr=1.00E-10 time=5.176
After sweep 7 energy=-6.091510797790584  maxlinkdim=123 maxerr=9.97E-11 time=5.539
After sweep 8 energy=-6.112140603240242  maxlinkdim=143 maxerr=9.99E-11 time=5.979
After sweep 9 energy=-6.123969177454013  maxlinkdim=127 maxerr=9.98E-11 time=6.327
After sweep 10 energy=-6.131847690233142  maxlinkdim=118 maxerr=9.98E-11 time=5.930
After sweep 11 energy=-6.139616169104118  maxlinkdim=181 maxerr=1.00E-10 time=6.294
After sweep 12 energy=-6.145430822527815  maxlinkdim=162 maxerr=1.00E-10 time=7.241
After sweep 13 energy=-6.148072560777701  maxlinkdim=168 maxerr=1.00E-10 time=7.749
After sweep 14 energy=-6.149338887089518  maxlinkdim=239 maxerr=1.00E-10 time=7.860
After sweep 15 energy=-6.149756583865316  maxlinkdim=182 maxerr=9.99E-11 time=7.835
After sweep 16 energy=-6.149967525310486  maxlinkdim=179 maxerr=9.99E-11 time=7.718
After sweep 17 energy=-6.150210589614324  maxlinkdim=195 maxerr=9.99E-11 time=7.560
After sweep 18 energy=-6.150345926055728  maxlinkdim=266 maxerr=1.00E-10 time=8.591
After sweep 19 energy=-6.150385254465092  maxlinkdim=230 maxerr=9.99E-11 time=9.613
After sweep 20 energy=-6.150421005298358  maxlinkdim=240 maxerr=1.00E-10 time=10.548
Trying secant step...
After sweep 1 energy=-4.806211884722926  maxlinkdim=16 maxerr=7.55E-11 time=0.874
After sweep 2 energy=-5.875735088879691  maxlinkdim=103 maxerr=1.00E-10 time=3.238
After sweep 3 energy=-5.964292363625352  maxlinkdim=117 maxerr=1.00E-10 time=4.998
After sweep 4 energy=-6.010960889810913  maxlinkdim=115 maxerr=9.98E-11 time=5.211
After sweep 5 energy=-6.04297685285025  maxlinkdim=104 maxerr=9.99E-11 time=5.217
After sweep 6 energy=-6.0689133353276  maxlinkdim=159 maxerr=1.00E-10 time=5.247
After sweep 7 energy=-6.091882444037852  maxlinkdim=121 maxerr=9.99E-11 time=5.572
After sweep 8 energy=-6.110934127817603  maxlinkdim=133 maxerr=9.99E-11 time=6.209
After sweep 9 energy=-6.122478901691768  maxlinkdim=176 maxerr=9.99E-11 time=6.042
After sweep 10 energy=-6.13097080427393  maxlinkdim=127 maxerr=9.98E-11 time=6.033
After sweep 11 energy=-6.137256800850827  maxlinkdim=142 maxerr=9.99E-11 time=6.247
After sweep 12 energy=-6.143107790854671  maxlinkdim=242 maxerr=9.99E-11 time=6.802
After sweep 13 energy=-6.145743046651035  maxlinkdim=214 maxerr=1.00E-10 time=7.283
After sweep 14 energy=-6.147226752731992  maxlinkdim=190 maxerr=9.99E-11 time=7.286
After sweep 15 energy=-6.148072550860227  maxlinkdim=207 maxerr=9.98E-11 time=7.187
After sweep 16 energy=-6.148790853719685  maxlinkdim=231 maxerr=9.99E-11 time=7.621
After sweep 17 energy=-6.1495211818261994  maxlinkdim=190 maxerr=9.99E-11 time=8.532
After sweep 18 energy=-6.149712698680236  maxlinkdim=226 maxerr=1.00E-10 time=9.358
After sweep 19 energy=-6.149769779397936  maxlinkdim=265 maxerr=1.00E-10 time=9.904
After sweep 20 energy=-6.1497871794393655  maxlinkdim=235 maxerr=1.00E-10 time=11.057
Trying secant step...
After sweep 1 energy=-4.809815273055262  maxlinkdim=16 maxerr=7.55E-11 time=0.851
After sweep 2 energy=-5.879345178710972  maxlinkdim=103 maxerr=1.00E-10 time=3.234
After sweep 3 energy=-5.967933529232716  maxlinkdim=117 maxerr=1.00E-10 time=5.001
After sweep 4 energy=-6.014408514121876  maxlinkdim=110 maxerr=1.00E-10 time=5.209
After sweep 5 energy=-6.04682248679644  maxlinkdim=104 maxerr=9.99E-11 time=5.176
After sweep 6 energy=-6.073767623725464  maxlinkdim=165 maxerr=1.00E-10 time=5.201
After sweep 7 energy=-6.099962199202383  maxlinkdim=135 maxerr=1.00E-10 time=5.808
After sweep 8 energy=-6.115912670489351  maxlinkdim=118 maxerr=1.00E-10 time=6.090
After sweep 9 energy=-6.126084843591181  maxlinkdim=164 maxerr=1.00E-10 time=5.943
After sweep 10 energy=-6.133458994343625  maxlinkdim=134 maxerr=1.00E-10 time=5.965
After sweep 11 energy=-6.139135979941913  maxlinkdim=150 maxerr=1.00E-10 time=5.937
After sweep 12 energy=-6.143512608283455  maxlinkdim=229 maxerr=9.99E-11 time=6.159
After sweep 13 energy=-6.147324375170056  maxlinkdim=239 maxerr=9.99E-11 time=6.989
After sweep 14 energy=-6.14956481795937  maxlinkdim=213 maxerr=9.98E-11 time=7.014
After sweep 15 energy=-6.150847822988451  maxlinkdim=232 maxerr=9.99E-11 time=7.192
After sweep 16 energy=-6.151658816748837  maxlinkdim=172 maxerr=9.99E-11 time=7.140
After sweep 17 energy=-6.152385021742437  maxlinkdim=177 maxerr=1.00E-10 time=7.389
After sweep 18 energy=-6.153029797786521  maxlinkdim=202 maxerr=9.99E-11 time=8.288
After sweep 19 energy=-6.1532766868653  maxlinkdim=212 maxerr=9.99E-11 time=9.136
After sweep 20 energy=-6.153378553920729  maxlinkdim=212 maxerr=1.00E-10 time=10.224
Trying secant step...
After sweep 1 energy=-4.8224052008796665  maxlinkdim=16 maxerr=7.54E-11 time=0.893
After sweep 2 energy=-5.891849084031131  maxlinkdim=103 maxerr=9.99E-11 time=3.243
After sweep 3 energy=-5.980621102537196  maxlinkdim=117 maxerr=1.00E-10 time=4.978
After sweep 4 energy=-6.028877533584911  maxlinkdim=118 maxerr=1.00E-10 time=5.249
After sweep 5 energy=-6.062241549203348  maxlinkdim=109 maxerr=1.00E-10 time=5.312
After sweep 6 energy=-6.088444019100939  maxlinkdim=165 maxerr=9.99E-11 time=5.310
After sweep 7 energy=-6.111102784136417  maxlinkdim=191 maxerr=1.00E-10 time=5.704
After sweep 8 energy=-6.131123909039234  maxlinkdim=233 maxerr=1.00E-10 time=6.263
After sweep 9 energy=-6.140876495686032  maxlinkdim=187 maxerr=1.00E-10 time=6.401
After sweep 10 energy=-6.148319726326679  maxlinkdim=223 maxerr=9.99E-11 time=6.359
After sweep 11 energy=-6.1562281911676235  maxlinkdim=227 maxerr=1.00E-10 time=6.969
After sweep 12 energy=-6.160256182515289  maxlinkdim=172 maxerr=1.00E-10 time=7.496
After sweep 13 energy=-6.162769886984909  maxlinkdim=221 maxerr=9.98E-11 time=7.148
After sweep 14 energy=-6.1638990744362125  maxlinkdim=228 maxerr=9.99E-11 time=7.210
After sweep 15 energy=-6.164754110460247  maxlinkdim=250 maxerr=1.00E-10 time=7.349
After sweep 16 energy=-6.165461754761696  maxlinkdim=216 maxerr=1.00E-10 time=7.821
After sweep 17 energy=-6.1658521364559515  maxlinkdim=201 maxerr=1.00E-10 time=8.930
After sweep 18 energy=-6.165971581722135  maxlinkdim=198 maxerr=9.99E-11 time=9.276
After sweep 19 energy=-6.166018977549021  maxlinkdim=268 maxerr=1.00E-10 time=9.723
After sweep 20 energy=-6.166032218480864  maxlinkdim=221 maxerr=1.00E-10 time=10.841
Trying secant step...
After sweep 1 energy=-4.8088997316806665  maxlinkdim=16 maxerr=7.55E-11 time=0.905
After sweep 2 energy=-5.878380823794159  maxlinkdim=103 maxerr=9.99E-11 time=3.273
After sweep 3 energy=-5.966951459699179  maxlinkdim=117 maxerr=1.00E-10 time=5.007
After sweep 4 energy=-6.0137496339553635  maxlinkdim=115 maxerr=9.99E-11 time=5.194
After sweep 5 energy=-6.047211248474101  maxlinkdim=105 maxerr=9.99E-11 time=5.209
After sweep 6 energy=-6.073623819358818  maxlinkdim=163 maxerr=1.00E-10 time=5.250
After sweep 7 energy=-6.096616025779487  maxlinkdim=149 maxerr=9.99E-11 time=5.728
After sweep 8 energy=-6.114962891456884  maxlinkdim=149 maxerr=9.97E-11 time=6.149
After sweep 9 energy=-6.124733727526806  maxlinkdim=211 maxerr=9.99E-11 time=6.058
After sweep 10 energy=-6.132260125004551  maxlinkdim=241 maxerr=1.00E-10 time=6.045
After sweep 11 energy=-6.138088035573202  maxlinkdim=197 maxerr=1.00E-10 time=6.348
After sweep 12 energy=-6.142705842695884  maxlinkdim=205 maxerr=9.98E-11 time=6.359
After sweep 13 energy=-6.14598744216607  maxlinkdim=189 maxerr=9.99E-11 time=6.610
After sweep 14 energy=-6.148468651597671  maxlinkdim=211 maxerr=1.00E-10 time=7.090
After sweep 15 energy=-6.149934476773809  maxlinkdim=178 maxerr=1.00E-10 time=7.274
After sweep 16 energy=-6.151137470181101  maxlinkdim=253 maxerr=1.00E-10 time=7.694
After sweep 17 energy=-6.152004032006439  maxlinkdim=205 maxerr=1.00E-10 time=8.473
After sweep 18 energy=-6.152268248470483  maxlinkdim=172 maxerr=1.00E-10 time=8.948
After sweep 19 energy=-6.152371436351413  maxlinkdim=217 maxerr=1.00E-10 time=9.191
After sweep 20 energy=-6.1524315572607415  maxlinkdim=245 maxerr=9.99E-11 time=9.315
Trying secant step...
After sweep 1 energy=-4.808297026597186  maxlinkdim=16 maxerr=7.55E-11 time=0.912
After sweep 2 energy=-5.8778046371362995  maxlinkdim=103 maxerr=9.99E-11 time=3.305
After sweep 3 energy=-5.9663340308568165  maxlinkdim=117 maxerr=1.00E-10 time=4.977
After sweep 4 energy=-6.013027681310097  maxlinkdim=115 maxerr=1.00E-10 time=5.210
After sweep 5 energy=-6.044870975485923  maxlinkdim=103 maxerr=9.99E-11 time=5.181
After sweep 6 energy=-6.070677706496112  maxlinkdim=158 maxerr=1.00E-10 time=5.148
After sweep 7 energy=-6.093261339808769  maxlinkdim=117 maxerr=9.99E-11 time=5.537
After sweep 8 energy=-6.1159257110523155  maxlinkdim=157 maxerr=9.97E-11 time=6.016
After sweep 9 energy=-6.1264532484774685  maxlinkdim=122 maxerr=1.00E-10 time=6.139
After sweep 10 energy=-6.133887656622176  maxlinkdim=140 maxerr=9.98E-11 time=5.871
After sweep 11 energy=-6.1394120332562485  maxlinkdim=157 maxerr=9.99E-11 time=5.928
After sweep 12 energy=-6.143659938996274  maxlinkdim=125 maxerr=1.00E-10 time=6.196
After sweep 13 energy=-6.147305014866859  maxlinkdim=193 maxerr=1.00E-10 time=6.732
After sweep 14 energy=-6.149142034074911  maxlinkdim=187 maxerr=1.00E-10 time=7.286
After sweep 15 energy=-6.150339564965617  maxlinkdim=212 maxerr=9.98E-11 time=7.039
After sweep 16 energy=-6.151211298286617  maxlinkdim=203 maxerr=1.00E-10 time=7.653
After sweep 17 energy=-6.151605791240065  maxlinkdim=223 maxerr=1.00E-10 time=8.246
After sweep 18 energy=-6.151789772667414  maxlinkdim=205 maxerr=1.00E-10 time=9.030
After sweep 19 energy=-6.151847694831669  maxlinkdim=187 maxerr=9.99E-11 time=9.468
After sweep 20 energy=-6.151869550822752  maxlinkdim=215 maxerr=1.00E-10 time=9.941
Trying secant step...
After sweep 1 energy=-4.809664386100551  maxlinkdim=16 maxerr=7.55E-11 time=0.951
After sweep 2 energy=-5.879163743775342  maxlinkdim=103 maxerr=9.99E-11 time=3.320
After sweep 3 energy=-5.967744311141039  maxlinkdim=117 maxerr=9.99E-11 time=4.991
After sweep 4 energy=-6.014647373259537  maxlinkdim=114 maxerr=1.00E-10 time=5.435
After sweep 5 energy=-6.04814037259302  maxlinkdim=112 maxerr=9.99E-11 time=5.186
After sweep 6 energy=-6.076810994136457  maxlinkdim=163 maxerr=1.00E-10 time=5.272
After sweep 7 energy=-6.098208005889708  maxlinkdim=192 maxerr=9.99E-11 time=5.872
After sweep 8 energy=-6.117255355104769  maxlinkdim=163 maxerr=1.00E-10 time=6.106
After sweep 9 energy=-6.127075183453998  maxlinkdim=152 maxerr=9.98E-11 time=6.170
After sweep 10 energy=-6.133689251303534  maxlinkdim=151 maxerr=9.99E-11 time=5.834
After sweep 11 energy=-6.139275289178563  maxlinkdim=177 maxerr=9.98E-11 time=5.808
After sweep 12 energy=-6.142971182055173  maxlinkdim=134 maxerr=1.00E-10 time=5.888
After sweep 13 energy=-6.146247800119546  maxlinkdim=140 maxerr=9.97E-11 time=6.060
After sweep 14 energy=-6.148452174917865  maxlinkdim=222 maxerr=1.00E-10 time=6.261
After sweep 15 energy=-6.150208736667357  maxlinkdim=210 maxerr=9.99E-11 time=6.763
After sweep 16 energy=-6.152379737262764  maxlinkdim=201 maxerr=1.00E-10 time=7.832
After sweep 17 energy=-6.152939879210792  maxlinkdim=230 maxerr=1.00E-10 time=9.279
After sweep 18 energy=-6.153107066691926  maxlinkdim=214 maxerr=9.99E-11 time=9.020
After sweep 19 energy=-6.1532011420450194  maxlinkdim=231 maxerr=1.00E-10 time=9.386
After sweep 20 energy=-6.1532382955646385  maxlinkdim=241 maxerr=9.99E-11 time=10.143
Trying secant step...
After sweep 1 energy=-4.8074144340173435  maxlinkdim=16 maxerr=7.55E-11 time=0.945
After sweep 2 energy=-5.876928596614816  maxlinkdim=103 maxerr=9.99E-11 time=3.326
After sweep 3 energy=-5.965472788055052  maxlinkdim=117 maxerr=1.00E-10 time=4.965
After sweep 4 energy=-6.012085065807396  maxlinkdim=115 maxerr=9.99E-11 time=5.206
After sweep 5 energy=-6.044224711404801  maxlinkdim=104 maxerr=9.99E-11 time=5.185
After sweep 6 energy=-6.070297689151599  maxlinkdim=158 maxerr=1.00E-10 time=5.150
After sweep 7 energy=-6.0944853318536545  maxlinkdim=145 maxerr=9.99E-11 time=5.578
After sweep 8 energy=-6.113722400405109  maxlinkdim=143 maxerr=1.00E-10 time=6.071
After sweep 9 energy=-6.124483710785778  maxlinkdim=134 maxerr=9.99E-11 time=6.061
After sweep 10 energy=-6.131177853904766  maxlinkdim=113 maxerr=9.98E-11 time=5.856
After sweep 11 energy=-6.136873374153516  maxlinkdim=218 maxerr=1.00E-10 time=6.082
After sweep 12 energy=-6.14174772710029  maxlinkdim=209 maxerr=9.98E-11 time=6.098
After sweep 13 energy=-6.146551225806081  maxlinkdim=222 maxerr=1.00E-10 time=6.932
After sweep 14 energy=-6.148813805049857  maxlinkdim=245 maxerr=1.00E-10 time=7.634
After sweep 15 energy=-6.149780631675671  maxlinkdim=221 maxerr=1.00E-10 time=7.804
After sweep 16 energy=-6.150291844498985  maxlinkdim=177 maxerr=1.00E-10 time=7.723
After sweep 17 energy=-6.150589581450917  maxlinkdim=243 maxerr=1.00E-10 time=7.769
After sweep 18 energy=-6.150820877487089  maxlinkdim=226 maxerr=9.99E-11 time=8.558
After sweep 19 energy=-6.150909845055149  maxlinkdim=195 maxerr=1.00E-10 time=9.125
After sweep 20 energy=-6.150964666129842  maxlinkdim=186 maxerr=1.00E-10 time=9.719
Trying secant step...
After sweep 1 energy=-4.807241732815798  maxlinkdim=16 maxerr=7.55E-11 time=0.945
After sweep 2 energy=-5.876757202997437  maxlinkdim=103 maxerr=9.99E-11 time=3.659
After sweep 3 energy=-5.965304161202019  maxlinkdim=117 maxerr=1.00E-10 time=4.968
After sweep 4 energy=-6.011920754302814  maxlinkdim=115 maxerr=1.00E-10 time=5.167
After sweep 5 energy=-6.044062423713571  maxlinkdim=104 maxerr=1.00E-10 time=5.148
After sweep 6 energy=-6.070153631228206  maxlinkdim=158 maxerr=9.99E-11 time=5.134
After sweep 7 energy=-6.094087907660603  maxlinkdim=134 maxerr=9.98E-11 time=5.571
After sweep 8 energy=-6.115168388935664  maxlinkdim=148 maxerr=1.00E-10 time=6.112
After sweep 9 energy=-6.125629643094993  maxlinkdim=122 maxerr=1.00E-10 time=6.079
After sweep 10 energy=-6.132176682799198  maxlinkdim=113 maxerr=9.99E-11 time=5.750
After sweep 11 energy=-6.138092990932481  maxlinkdim=153 maxerr=9.99E-11 time=5.812
After sweep 12 energy=-6.144181330728395  maxlinkdim=191 maxerr=9.99E-11 time=6.587
After sweep 13 energy=-6.14647023888326  maxlinkdim=141 maxerr=1.00E-10 time=6.899
After sweep 14 energy=-6.148239960785341  maxlinkdim=164 maxerr=1.00E-10 time=6.846
After sweep 15 energy=-6.149139098505368  maxlinkdim=218 maxerr=1.00E-10 time=6.838
After sweep 16 energy=-6.149772056769038  maxlinkdim=146 maxerr=9.99E-11 time=7.072
After sweep 17 energy=-6.150418275323824  maxlinkdim=238 maxerr=1.00E-10 time=7.686
After sweep 18 energy=-6.150662514841437  maxlinkdim=244 maxerr=1.00E-10 time=8.932
After sweep 19 energy=-6.150750555774251  maxlinkdim=237 maxerr=1.00E-10 time=8.903
After sweep 20 energy=-6.150797507675626  maxlinkdim=284 maxerr=1.00E-10 time=9.436
FOUND MU (secant); mu: -2.6530561945336553  n: 0.5000032736367995
Target density achieved with mu=-2.6530561945336553, n=0.5000032736367995
Checking {alpha,beta} vs measured
NOT CONVERGED; updating alpha, beta and continuing...
ERROR: LoadError: UndefVarError: `outfile` not defined in `Main`
Stacktrace:
 [1] main_loop(model_params::Dict{Symbol, Any}; n_target::Float64, E_p::Float64, z_c::Int64, alpha_list::Vector{Any}, beta_list::Vector{Any}, max_iter::Int64, nsweeps::Int64, maxdim::Int64, cutoff::Float64)
   @ Main /global/u2/k/kwang98/MPS-MFT/main_loop_script_cpu.jl:345
 [2] run_loop(L::Int64, t::Float64, U::Float64, t_p::Float64, mu_init::Float64, n_target::Float64, r_range::Int64, z_c::Int64, E_p::Float64, chi_max::Int64; nsweeps::Int64, cutoff::Float64)
   @ Main /global/u2/k/kwang98/MPS-MFT/main_loop_script_cpu.jl:402
 [3] run_loop(L::Int64, t::Float64, U::Float64, t_p::Float64, mu_init::Float64, n_target::Float64, r_range::Int64, z_c::Int64, E_p::Float64, chi_max::Int64)
   @ Main /global/u2/k/kwang98/MPS-MFT/main_loop_script_cpu.jl:363
 [4] top-level scope
   @ /global/u2/k/kwang98/MPS-MFT/main_loop_script_cpu.jl:539
in expression starting at /global/u2/k/kwang98/MPS-MFT/main_loop_script_cpu.jl:539
srun: error: nid005452: task 0: Exited with exit code 1
srun: Terminating StepId=45072483.0
Check failed: name 'outfile_name' is not defined
Not completed, resubmitting...
Submitted batch job 45074181
