Calculating pair binding energy for ladder
L=64, U=8.0, V=-1.0, t0=1.0, density=0.9375
============================================================
Pair binding energy for Hubbard ladder
L = 64 rungs, 128 sites
U = 8.0, V = -1.0, t = 1.0, t0 = 1.0, density = 0.9375
N_base = 120
============================================================

[1/3] Computing E(N-2=118)
  Initial state: 118 particles (59 up, 59 dn)
After sweep 1 energy=-203.24933311732437  maxlinkdim=20 maxerr=2.70E-04 time=49.073
After sweep 2 energy=-212.93663088754798  maxlinkdim=50 maxerr=1.38E-05 time=29.063
After sweep 3 energy=-220.42359136804066  maxlinkdim=100 maxerr=2.36E-07 time=42.479
After sweep 4 energy=-223.39910669945928  maxlinkdim=200 maxerr=5.80E-09 time=64.338
After sweep 5 energy=-224.87308300367937  maxlinkdim=484 maxerr=1.00E-10 time=76.071
After sweep 6 energy=-225.89335540341236  maxlinkdim=1000 maxerr=2.76E-10 time=97.810
After sweep 7 energy=-226.30536091498678  maxlinkdim=1000 maxerr=8.31E-10 time=108.310
After sweep 8 energy=-226.46590867415483  maxlinkdim=1000 maxerr=4.00E-10 time=103.725
After sweep 9 energy=-226.59245682232702  maxlinkdim=1000 maxerr=6.25E-10 time=105.493
After sweep 10 energy=-226.86719411703737  maxlinkdim=1000 maxerr=2.16E-08 time=117.483
After sweep 11 energy=-226.98678597397185  maxlinkdim=1000 maxerr=1.26E-08 time=127.407
After sweep 12 energy=-227.1163787472538  maxlinkdim=1000 maxerr=2.84E-08 time=132.290
After sweep 13 energy=-227.2937677435505  maxlinkdim=1000 maxerr=2.06E-06 time=135.080
After sweep 14 energy=-227.4005034642148  maxlinkdim=1000 maxerr=3.59E-07 time=139.486
After sweep 15 energy=-227.54222649376436  maxlinkdim=1000 maxerr=1.16E-05 time=146.851
After sweep 16 energy=-227.60734088234847  maxlinkdim=1000 maxerr=4.88E-07 time=154.477
After sweep 17 energy=-227.66853635286466  maxlinkdim=1000 maxerr=1.61E-06 time=163.781
After sweep 18 energy=-227.73660185113408  maxlinkdim=1000 maxerr=6.38E-06 time=169.725
After sweep 19 energy=-227.79259137901695  maxlinkdim=1000 maxerr=1.87E-06 time=176.082
After sweep 20 energy=-227.8625998410401  maxlinkdim=1000 maxerr=3.65E-05 time=185.959
After sweep 21 energy=-227.89185667838728  maxlinkdim=1000 maxerr=2.34E-07 time=184.875
After sweep 22 energy=-227.91507582036294  maxlinkdim=1000 maxerr=2.66E-07 time=190.626
After sweep 23 energy=-227.93954689477096  maxlinkdim=1000 maxerr=4.89E-07 time=196.780
After sweep 24 energy=-227.9685858502288  maxlinkdim=1000 maxerr=1.03E-05 time=203.895
After sweep 25 energy=-227.99075653300847  maxlinkdim=1000 maxerr=3.90E-06 time=207.338
After sweep 26 energy=-228.04112748721377  maxlinkdim=1000 maxerr=1.62E-05 time=210.464
After sweep 27 energy=-228.06954605173826  maxlinkdim=1000 maxerr=1.68E-05 time=216.539
After sweep 28 energy=-228.08565866248358  maxlinkdim=1000 maxerr=7.94E-06 time=210.575
After sweep 29 energy=-228.09972017538672  maxlinkdim=1000 maxerr=1.40E-05 time=208.944
After sweep 30 energy=-228.11387565395742  maxlinkdim=1000 maxerr=6.60E-06 time=210.161
After sweep 31 energy=-228.12605532453705  maxlinkdim=1000 maxerr=6.18E-06 time=205.254
After sweep 32 energy=-228.14166874172102  maxlinkdim=1000 maxerr=7.78E-06 time=210.228
After sweep 33 energy=-228.1595552808655  maxlinkdim=1000 maxerr=1.21E-05 time=208.929
After sweep 34 energy=-228.18262513191863  maxlinkdim=1000 maxerr=1.22E-05 time=211.467
After sweep 35 energy=-228.20645887870313  maxlinkdim=1000 maxerr=6.77E-06 time=208.998
After sweep 36 energy=-228.22196570226367  maxlinkdim=1000 maxerr=6.36E-06 time=210.512
After sweep 37 energy=-228.23362405476874  maxlinkdim=1000 maxerr=6.31E-06 time=205.749
After sweep 38 energy=-228.24516967208453  maxlinkdim=1000 maxerr=6.26E-06 time=202.768
After sweep 39 energy=-228.25682265638795  maxlinkdim=1000 maxerr=6.22E-06 time=207.679
After sweep 40 energy=-228.2667260901367  maxlinkdim=1000 maxerr=6.40E-06 time=205.094
After sweep 41 energy=-228.27637084026816  maxlinkdim=1000 maxerr=5.72E-06 time=207.294
After sweep 42 energy=-228.28488881879673  maxlinkdim=1000 maxerr=6.07E-06 time=210.647
After sweep 43 energy=-228.2922206100733  maxlinkdim=1000 maxerr=5.22E-06 time=205.396
After sweep 44 energy=-228.29989200454827  maxlinkdim=1000 maxerr=5.87E-06 time=204.762
After sweep 45 energy=-228.31231755658635  maxlinkdim=1000 maxerr=4.26E-06 time=206.127
After sweep 46 energy=-228.46977295621485  maxlinkdim=1000 maxerr=5.09E-06 time=213.135
After sweep 47 energy=-228.56722190519733  maxlinkdim=1000 maxerr=3.96E-06 time=215.820
After sweep 48 energy=-228.58097842299986  maxlinkdim=1000 maxerr=3.93E-06 time=221.472
After sweep 49 energy=-228.58565535373916  maxlinkdim=1000 maxerr=3.66E-06 time=223.057
After sweep 50 energy=-228.5893130111002  maxlinkdim=1000 maxerr=4.15E-06 time=208.335
After sweep 51 energy=-228.59241304596475  maxlinkdim=1000 maxerr=3.59E-06 time=196.718
After sweep 52 energy=-228.5948567726636  maxlinkdim=1000 maxerr=3.20E-06 time=198.041
After sweep 53 energy=-228.59710888515522  maxlinkdim=1000 maxerr=3.29E-06 time=198.236
After sweep 54 energy=-228.59921507699883  maxlinkdim=1000 maxerr=2.67E-06 time=194.009
After sweep 55 energy=-228.60138880846443  maxlinkdim=1000 maxerr=3.09E-06 time=198.388
After sweep 56 energy=-228.6033622547985  maxlinkdim=1000 maxerr=4.34E-06 time=200.157
After sweep 57 energy=-228.60535117856443  maxlinkdim=1000 maxerr=3.01E-06 time=209.457
After sweep 58 energy=-228.60737300442088  maxlinkdim=1000 maxerr=3.39E-06 time=202.616
After sweep 59 energy=-228.6101495370088  maxlinkdim=1000 maxerr=2.86E-06 time=211.521
After sweep 60 energy=-228.6127984747358  maxlinkdim=1000 maxerr=2.78E-06 time=215.853
After sweep 61 energy=-228.61495040332804  maxlinkdim=1000 maxerr=3.22E-06 time=214.010
After sweep 62 energy=-228.61700288108733  maxlinkdim=1000 maxerr=2.65E-06 time=217.132
After sweep 63 energy=-228.61889810521387  maxlinkdim=1000 maxerr=2.37E-06 time=209.889
After sweep 64 energy=-228.6206484128245  maxlinkdim=1000 maxerr=2.00E-06 time=198.358
After sweep 65 energy=-228.62231713748542  maxlinkdim=1000 maxerr=2.58E-06 time=207.179
After sweep 66 energy=-228.6238125156016  maxlinkdim=1000 maxerr=2.51E-06 time=210.636
After sweep 67 energy=-228.6252033972993  maxlinkdim=1000 maxerr=2.06E-06 time=220.961
After sweep 68 energy=-228.62667827683885  maxlinkdim=1000 maxerr=2.47E-06 time=213.015
After sweep 69 energy=-228.62814432090707  maxlinkdim=1000 maxerr=2.47E-06 time=210.236
After sweep 70 energy=-228.62943965427147  maxlinkdim=1000 maxerr=1.94E-06 time=212.071
After sweep 71 energy=-228.63065678634072  maxlinkdim=1000 maxerr=1.74E-06 time=201.101
After sweep 72 energy=-228.63195246252803  maxlinkdim=1000 maxerr=2.00E-06 time=208.451
After sweep 73 energy=-228.63308136338566  maxlinkdim=1000 maxerr=1.70E-06 time=204.549
After sweep 74 energy=-228.63402578077074  maxlinkdim=1000 maxerr=1.55E-06 time=201.628
After sweep 75 energy=-228.6347774769258  maxlinkdim=1000 maxerr=1.44E-06 time=201.528
After sweep 76 energy=-228.63536671341902  maxlinkdim=1000 maxerr=1.36E-06 time=204.321
After sweep 77 energy=-228.63584059989262  maxlinkdim=1000 maxerr=1.26E-06 time=218.674
After sweep 78 energy=-228.63620991724292  maxlinkdim=1000 maxerr=1.21E-06 time=218.706
After sweep 79 energy=-228.63649013288244  maxlinkdim=1000 maxerr=1.17E-06 time=219.523
After sweep 80 energy=-228.63670333045854  maxlinkdim=1000 maxerr=1.16E-06 time=219.209
After sweep 81 energy=-228.63685630496857  maxlinkdim=1000 maxerr=1.13E-06 time=218.994
After sweep 82 energy=-228.63696607296077  maxlinkdim=1000 maxerr=1.12E-06 time=217.529
After sweep 83 energy=-228.63704420991013  maxlinkdim=1000 maxerr=1.11E-06 time=217.592
After sweep 84 energy=-228.63710090841695  maxlinkdim=1000 maxerr=1.10E-06 time=221.010
After sweep 85 energy=-228.63714267217128  maxlinkdim=1000 maxerr=1.09E-06 time=221.426
After sweep 86 energy=-228.63717285976028  maxlinkdim=1000 maxerr=1.08E-06 time=218.189
After sweep 87 energy=-228.63719456333226  maxlinkdim=1000 maxerr=1.09E-06 time=220.261
After sweep 88 energy=-228.63721033452984  maxlinkdim=1000 maxerr=1.09E-06 time=219.809
After sweep 89 energy=-228.63722208545687  maxlinkdim=1000 maxerr=1.09E-06 time=218.806
After sweep 90 energy=-228.63723085093667  maxlinkdim=1000 maxerr=1.09E-06 time=210.776
After sweep 91 energy=-228.63723790254093  maxlinkdim=1000 maxerr=1.07E-06 time=213.537
After sweep 92 energy=-228.6372437185595  maxlinkdim=1000 maxerr=1.07E-06 time=210.236
After sweep 93 energy=-228.63724694754413  maxlinkdim=1000 maxerr=1.07E-06 time=208.946
After sweep 94 energy=-228.6372499600588  maxlinkdim=1000 maxerr=1.07E-06 time=211.643
After sweep 95 energy=-228.63725250721123  maxlinkdim=1000 maxerr=1.07E-06 time=207.681
After sweep 96 energy=-228.63725443859565  maxlinkdim=1000 maxerr=1.07E-06 time=215.278
After sweep 97 energy=-228.63725568509201  maxlinkdim=1000 maxerr=1.07E-06 time=210.871
After sweep 98 energy=-228.6372566309971  maxlinkdim=1000 maxerr=1.07E-06 time=208.548
After sweep 99 energy=-228.63725747469775  maxlinkdim=1000 maxerr=1.07E-06 time=207.094
After sweep 100 energy=-228.6372584835731  maxlinkdim=1000 maxerr=1.07E-06 time=212.616
  E(N-2) = -228.6372584835731

[2/3] Computing E(N-1=119)
  Initial state: 119 particles (60 up, 59 dn)
After sweep 1 energy=-205.06039524675327  maxlinkdim=20 maxerr=2.70E-04 time=12.473
After sweep 2 energy=-214.58155191911368  maxlinkdim=50 maxerr=2.24E-06 time=25.603
After sweep 3 energy=-222.20450637744574  maxlinkdim=100 maxerr=7.66E-07 time=38.248
After sweep 4 energy=-225.0802576460515  maxlinkdim=200 maxerr=6.96E-09 time=58.452
After sweep 5 energy=-226.9478144157673  maxlinkdim=869 maxerr=1.00E-10 time=74.291
After sweep 6 energy=-227.45099593189602  maxlinkdim=1000 maxerr=1.87E-10 time=93.060
After sweep 7 energy=-227.69969561337803  maxlinkdim=1000 maxerr=2.77E-10 time=93.473
After sweep 8 energy=-227.86745209064196  maxlinkdim=1000 maxerr=4.67E-10 time=99.376
After sweep 9 energy=-228.01129023909647  maxlinkdim=1000 maxerr=1.33E-09 time=107.934
After sweep 10 energy=-228.1654102478673  maxlinkdim=1000 maxerr=4.55E-09 time=115.888
After sweep 11 energy=-228.26557993818994  maxlinkdim=1000 maxerr=7.77E-09 time=123.213
After sweep 12 energy=-228.35748987723792  maxlinkdim=1000 maxerr=1.77E-08 time=128.452
After sweep 13 energy=-228.4893652533965  maxlinkdim=1000 maxerr=1.76E-06 time=136.842
After sweep 14 energy=-228.61463595621345  maxlinkdim=1000 maxerr=2.77E-06 time=140.548
After sweep 15 energy=-228.68252968688697  maxlinkdim=1000 maxerr=4.19E-07 time=145.029
After sweep 16 energy=-228.7383629185223  maxlinkdim=1000 maxerr=3.65E-07 time=149.682
After sweep 17 energy=-228.83043178761724  maxlinkdim=1000 maxerr=2.24E-06 time=161.258
After sweep 18 energy=-228.89818087342695  maxlinkdim=1000 maxerr=3.54E-06 time=171.099
After sweep 19 energy=-228.96670418894973  maxlinkdim=1000 maxerr=1.41E-05 time=178.437
After sweep 20 energy=-229.00380190116368  maxlinkdim=1000 maxerr=6.73E-07 time=178.727
After sweep 21 energy=-229.0410933938051  maxlinkdim=1000 maxerr=2.40E-06 time=187.282
After sweep 22 energy=-229.06696435924482  maxlinkdim=1000 maxerr=1.48E-06 time=194.671
After sweep 23 energy=-229.11185683881394  maxlinkdim=1000 maxerr=2.89E-05 time=196.856
After sweep 24 energy=-229.1533881601905  maxlinkdim=1000 maxerr=1.30E-05 time=205.016
After sweep 25 energy=-229.1824664956566  maxlinkdim=1000 maxerr=1.61E-05 time=207.898
After sweep 26 energy=-229.2032113367354  maxlinkdim=1000 maxerr=1.15E-05 time=208.544
After sweep 27 energy=-229.2195927129046  maxlinkdim=1000 maxerr=1.01E-05 time=209.734
After sweep 28 energy=-229.23375172504967  maxlinkdim=1000 maxerr=1.14E-05 time=217.301
After sweep 29 energy=-229.24490357691164  maxlinkdim=1000 maxerr=1.24E-05 time=216.682
After sweep 30 energy=-229.2542400393975  maxlinkdim=1000 maxerr=1.38E-05 time=213.952
After sweep 31 energy=-229.26412043395828  maxlinkdim=1000 maxerr=1.25E-05 time=214.687
After sweep 32 energy=-229.27549453778045  maxlinkdim=1000 maxerr=1.47E-05 time=214.804
After sweep 33 energy=-229.2871006031228  maxlinkdim=1000 maxerr=1.19E-05 time=216.675
After sweep 34 energy=-229.29589385128725  maxlinkdim=1000 maxerr=1.14E-05 time=222.934
After sweep 35 energy=-229.3027562625883  maxlinkdim=1000 maxerr=1.18E-05 time=218.752
After sweep 36 energy=-229.30849689368154  maxlinkdim=1000 maxerr=9.96E-06 time=216.845
After sweep 37 energy=-229.3145553888793  maxlinkdim=1000 maxerr=9.57E-06 time=212.553
After sweep 38 energy=-229.32100544603702  maxlinkdim=1000 maxerr=9.46E-06 time=214.153
After sweep 39 energy=-229.32597228658216  maxlinkdim=1000 maxerr=9.09E-06 time=213.299
After sweep 40 energy=-229.33048933453304  maxlinkdim=1000 maxerr=8.70E-06 time=211.867
After sweep 41 energy=-229.33488416986233  maxlinkdim=1000 maxerr=8.48E-06 time=217.622
After sweep 42 energy=-229.33933943888422  maxlinkdim=1000 maxerr=8.32E-06 time=213.688
After sweep 43 energy=-229.3431810567433  maxlinkdim=1000 maxerr=8.01E-06 time=216.832
After sweep 44 energy=-229.34664588489287  maxlinkdim=1000 maxerr=7.72E-06 time=216.365
After sweep 45 energy=-229.34980160941902  maxlinkdim=1000 maxerr=7.44E-06 time=212.240
After sweep 46 energy=-229.35273293933287  maxlinkdim=1000 maxerr=7.11E-06 time=211.850
After sweep 47 energy=-229.35527423378136  maxlinkdim=1000 maxerr=6.85E-06 time=213.945
After sweep 48 energy=-229.35795206891495  maxlinkdim=1000 maxerr=6.58E-06 time=216.524
After sweep 49 energy=-229.36656200304822  maxlinkdim=1000 maxerr=6.34E-06 time=218.705
After sweep 50 energy=-229.5198339288055  maxlinkdim=1000 maxerr=7.46E-06 time=219.775
After sweep 51 energy=-229.61041220680352  maxlinkdim=1000 maxerr=5.53E-06 time=219.157
After sweep 52 energy=-229.6194825635631  maxlinkdim=1000 maxerr=5.07E-06 time=217.451
After sweep 53 energy=-229.62166849082342  maxlinkdim=1000 maxerr=4.86E-06 time=216.179
After sweep 54 energy=-229.6229367522087  maxlinkdim=1000 maxerr=4.69E-06 time=216.394
After sweep 55 energy=-229.62390613843647  maxlinkdim=1000 maxerr=4.53E-06 time=214.939
After sweep 56 energy=-229.62470446622078  maxlinkdim=1000 maxerr=4.40E-06 time=216.864
After sweep 57 energy=-229.62550662427944  maxlinkdim=1000 maxerr=4.27E-06 time=216.774
After sweep 58 energy=-229.62630134147687  maxlinkdim=1000 maxerr=4.13E-06 time=212.221
After sweep 59 energy=-229.62709721971652  maxlinkdim=1000 maxerr=3.98E-06 time=212.863
After sweep 60 energy=-229.62777410403524  maxlinkdim=1000 maxerr=3.83E-06 time=218.189
After sweep 61 energy=-229.62845570029648  maxlinkdim=1000 maxerr=3.69E-06 time=222.970
After sweep 62 energy=-229.629199336162  maxlinkdim=1000 maxerr=3.58E-06 time=222.366
After sweep 63 energy=-229.62984459898215  maxlinkdim=1000 maxerr=3.43E-06 time=225.121
After sweep 64 energy=-229.63045397405145  maxlinkdim=1000 maxerr=3.28E-06 time=221.430
After sweep 65 energy=-229.63109140592059  maxlinkdim=1000 maxerr=3.15E-06 time=224.152
After sweep 66 energy=-229.6317707202371  maxlinkdim=1000 maxerr=3.11E-06 time=225.651
After sweep 67 energy=-229.63239776635805  maxlinkdim=1000 maxerr=3.07E-06 time=222.088
After sweep 68 energy=-229.6329977147237  maxlinkdim=1000 maxerr=3.02E-06 time=221.372
After sweep 69 energy=-229.63357472608666  maxlinkdim=1000 maxerr=2.98E-06 time=220.632
After sweep 70 energy=-229.63411790414094  maxlinkdim=1000 maxerr=2.93E-06 time=218.323
After sweep 71 energy=-229.63462178325835  maxlinkdim=1000 maxerr=2.89E-06 time=220.883
After sweep 72 energy=-229.63510138806248  maxlinkdim=1000 maxerr=2.85E-06 time=219.777
After sweep 73 energy=-229.63552798123047  maxlinkdim=1000 maxerr=2.81E-06 time=218.612
After sweep 74 energy=-229.63592941002437  maxlinkdim=1000 maxerr=2.78E-06 time=217.481
After sweep 75 energy=-229.63628136688462  maxlinkdim=1000 maxerr=2.74E-06 time=220.748
After sweep 76 energy=-229.63660155689536  maxlinkdim=1000 maxerr=2.71E-06 time=218.496
After sweep 77 energy=-229.63687392518702  maxlinkdim=1000 maxerr=2.67E-06 time=205.560
After sweep 78 energy=-229.6370989161834  maxlinkdim=1000 maxerr=2.64E-06 time=207.186
After sweep 79 energy=-229.63729105233023  maxlinkdim=1000 maxerr=2.61E-06 time=210.447
After sweep 80 energy=-229.63745030502662  maxlinkdim=1000 maxerr=2.58E-06 time=206.017
After sweep 81 energy=-229.6375703431042  maxlinkdim=1000 maxerr=2.54E-06 time=216.530
After sweep 82 energy=-229.63766660887185  maxlinkdim=1000 maxerr=2.52E-06 time=218.177
After sweep 83 energy=-229.63774209063558  maxlinkdim=1000 maxerr=2.50E-06 time=221.127
After sweep 84 energy=-229.63780323760764  maxlinkdim=1000 maxerr=2.48E-06 time=220.231
After sweep 85 energy=-229.6378518357563  maxlinkdim=1000 maxerr=2.46E-06 time=217.206
After sweep 86 energy=-229.63789038658746  maxlinkdim=1000 maxerr=2.44E-06 time=216.287
After sweep 87 energy=-229.63792325023257  maxlinkdim=1000 maxerr=2.43E-06 time=218.840
After sweep 88 energy=-229.63794991753463  maxlinkdim=1000 maxerr=2.41E-06 time=217.885
After sweep 89 energy=-229.6379723888211  maxlinkdim=1000 maxerr=2.40E-06 time=217.979
After sweep 90 energy=-229.63799169428293  maxlinkdim=1000 maxerr=2.39E-06 time=216.274
After sweep 91 energy=-229.63800865556422  maxlinkdim=1000 maxerr=2.38E-06 time=209.874
After sweep 92 energy=-229.63802356967773  maxlinkdim=1000 maxerr=2.37E-06 time=211.177
After sweep 93 energy=-229.63803670624978  maxlinkdim=1000 maxerr=2.37E-06 time=211.585
After sweep 94 energy=-229.63804831523146  maxlinkdim=1000 maxerr=2.36E-06 time=210.336
After sweep 95 energy=-229.63805864695283  maxlinkdim=1000 maxerr=2.36E-06 time=209.390
After sweep 96 energy=-229.63806889536943  maxlinkdim=1000 maxerr=2.35E-06 time=208.966
After sweep 97 energy=-229.63807728018529  maxlinkdim=1000 maxerr=2.35E-06 time=209.181
After sweep 98 energy=-229.63808534577058  maxlinkdim=1000 maxerr=2.35E-06 time=212.339
After sweep 99 energy=-229.63809293746203  maxlinkdim=1000 maxerr=2.34E-06 time=214.608
After sweep 100 energy=-229.63810010619122  maxlinkdim=1000 maxerr=2.34E-06 time=213.510
  E(N-1) = -229.63810010619122

[3/3] Computing E(N=120)
  Initial state: 120 particles (60 up, 60 dn)
After sweep 1 energy=-206.6494294083872  maxlinkdim=20 maxerr=2.69E-04 time=12.926
After sweep 2 energy=-216.50147384665695  maxlinkdim=50 maxerr=2.23E-06 time=26.222
After sweep 3 energy=-224.11908360991853  maxlinkdim=100 maxerr=6.00E-07 time=39.662
After sweep 4 energy=-226.93586156393127  maxlinkdim=200 maxerr=8.10E-09 time=61.603
After sweep 5 energy=-228.2502870885047  maxlinkdim=581 maxerr=1.00E-10 time=75.275
After sweep 6 energy=-228.80956983879636  maxlinkdim=836 maxerr=1.00E-10 time=86.052
After sweep 7 energy=-229.11788020007933  maxlinkdim=898 maxerr=1.00E-10 time=87.758
After sweep 8 energy=-229.34737693049217  maxlinkdim=1000 maxerr=1.48E-10 time=92.942
After sweep 9 energy=-229.61028803689558  maxlinkdim=1000 maxerr=1.26E-08 time=101.586
After sweep 10 energy=-229.76506337286733  maxlinkdim=1000 maxerr=1.68E-08 time=109.962
After sweep 11 energy=-229.88120456122934  maxlinkdim=1000 maxerr=4.00E-08 time=113.986
After sweep 12 energy=-229.9594692188881  maxlinkdim=1000 maxerr=7.83E-08 time=121.840
After sweep 13 energy=-230.04463174485315  maxlinkdim=1000 maxerr=1.59E-07 time=125.117
After sweep 14 energy=-230.1632862717604  maxlinkdim=1000 maxerr=8.28E-06 time=129.582
After sweep 15 energy=-230.20488148822966  maxlinkdim=1000 maxerr=1.41E-07 time=137.299
After sweep 16 energy=-230.26016205801696  maxlinkdim=1000 maxerr=1.98E-06 time=145.795
After sweep 17 energy=-230.3221776188687  maxlinkdim=1000 maxerr=1.39E-06 time=154.189
After sweep 18 energy=-230.34548186923996  maxlinkdim=1000 maxerr=3.21E-07 time=162.701
After sweep 19 energy=-230.3642646274002  maxlinkdim=1000 maxerr=2.62E-07 time=173.777
After sweep 20 energy=-230.38313196143008  maxlinkdim=1000 maxerr=3.22E-07 time=183.930
After sweep 21 energy=-230.40076386649582  maxlinkdim=1000 maxerr=4.41E-07 time=187.738
After sweep 22 energy=-230.41658618916978  maxlinkdim=1000 maxerr=3.90E-07 time=180.009
After sweep 23 energy=-230.4301922935894  maxlinkdim=1000 maxerr=3.62E-07 time=187.217
After sweep 24 energy=-230.44571200863268  maxlinkdim=1000 maxerr=7.39E-07 time=197.872
After sweep 25 energy=-230.46470746463078  maxlinkdim=1000 maxerr=1.64E-06 time=202.665
After sweep 26 energy=-230.48154455036564  maxlinkdim=1000 maxerr=2.54E-06 time=202.507
After sweep 27 energy=-230.4942619095579  maxlinkdim=1000 maxerr=5.14E-06 time=203.818
After sweep 28 energy=-230.50807377204944  maxlinkdim=1000 maxerr=1.68E-05 time=212.994
After sweep 29 energy=-230.51902870929058  maxlinkdim=1000 maxerr=9.87E-06 time=212.102
After sweep 30 energy=-230.53538432438123  maxlinkdim=1000 maxerr=4.23E-06 time=205.818
After sweep 31 energy=-230.5489387142398  maxlinkdim=1000 maxerr=8.13E-06 time=210.649
After sweep 32 energy=-230.55863641271642  maxlinkdim=1000 maxerr=5.64E-06 time=217.598
After sweep 33 energy=-230.5666747338578  maxlinkdim=1000 maxerr=4.40E-06 time=215.142
After sweep 34 energy=-230.57312819650377  maxlinkdim=1000 maxerr=5.66E-06 time=215.096
After sweep 35 energy=-230.57948604441188  maxlinkdim=1000 maxerr=5.86E-06 time=212.083
After sweep 36 energy=-230.58519318377154  maxlinkdim=1000 maxerr=5.60E-06 time=207.651
After sweep 37 energy=-230.58999256411573  maxlinkdim=1000 maxerr=3.92E-06 time=203.854
After sweep 38 energy=-230.59502308324312  maxlinkdim=1000 maxerr=4.19E-06 time=210.461
After sweep 39 energy=-230.60008088599068  maxlinkdim=1000 maxerr=3.17E-06 time=210.709
After sweep 40 energy=-230.6055775433906  maxlinkdim=1000 maxerr=3.39E-06 time=209.139
After sweep 41 energy=-230.60982643745118  maxlinkdim=1000 maxerr=3.74E-06 time=211.014
After sweep 42 energy=-230.61393643798118  maxlinkdim=1000 maxerr=3.78E-06 time=210.903
After sweep 43 energy=-230.6175483046286  maxlinkdim=1000 maxerr=3.81E-06 time=213.830
After sweep 44 energy=-230.62086232113188  maxlinkdim=1000 maxerr=2.85E-06 time=216.645
After sweep 45 energy=-230.6256643398456  maxlinkdim=1000 maxerr=3.04E-06 time=215.538
After sweep 46 energy=-230.66469838334416  maxlinkdim=1000 maxerr=2.89E-06 time=211.159
After sweep 47 energy=-230.83125452929607  maxlinkdim=1000 maxerr=1.05E-05 time=209.756
After sweep 48 energy=-230.8773514807451  maxlinkdim=1000 maxerr=2.11E-06 time=215.671
After sweep 49 energy=-230.88674278050777  maxlinkdim=1000 maxerr=2.21E-06 time=215.495
After sweep 50 energy=-230.88968149480888  maxlinkdim=1000 maxerr=1.92E-06 time=214.533
After sweep 51 energy=-230.89175833093506  maxlinkdim=1000 maxerr=1.95E-06 time=218.344
After sweep 52 energy=-230.89287947048575  maxlinkdim=1000 maxerr=1.82E-06 time=215.444
After sweep 53 energy=-230.8938813600952  maxlinkdim=1000 maxerr=1.79E-06 time=213.829
After sweep 54 energy=-230.89483561561977  maxlinkdim=1000 maxerr=1.79E-06 time=209.974
After sweep 55 energy=-230.895681282469  maxlinkdim=1000 maxerr=1.66E-06 time=204.851
After sweep 56 energy=-230.89650080142343  maxlinkdim=1000 maxerr=1.59E-06 time=206.880
After sweep 57 energy=-230.89724875206207  maxlinkdim=1000 maxerr=1.52E-06 time=208.461
After sweep 58 energy=-230.89796637553792  maxlinkdim=1000 maxerr=1.50E-06 time=209.531
After sweep 59 energy=-230.89875634442873  maxlinkdim=1000 maxerr=1.62E-06 time=212.308
After sweep 60 energy=-230.89941953284247  maxlinkdim=1000 maxerr=1.39E-06 time=223.596
After sweep 61 energy=-230.90001225513822  maxlinkdim=1000 maxerr=1.32E-06 time=222.890
After sweep 62 energy=-230.90059192158253  maxlinkdim=1000 maxerr=1.37E-06 time=215.255
After sweep 63 energy=-230.90112063117206  maxlinkdim=1000 maxerr=1.29E-06 time=218.454
After sweep 64 energy=-230.90167031114012  maxlinkdim=1000 maxerr=1.26E-06 time=216.447
After sweep 65 energy=-230.90214428524038  maxlinkdim=1000 maxerr=1.21E-06 time=221.533
After sweep 66 energy=-230.90260100683173  maxlinkdim=1000 maxerr=1.20E-06 time=207.710
After sweep 67 energy=-230.9030225935016  maxlinkdim=1000 maxerr=1.18E-06 time=208.442
After sweep 68 energy=-230.90348918072107  maxlinkdim=1000 maxerr=1.17E-06 time=214.211
After sweep 69 energy=-230.90394578126129  maxlinkdim=1000 maxerr=1.17E-06 time=218.834
After sweep 70 energy=-230.90438422119536  maxlinkdim=1000 maxerr=1.15E-06 time=206.127
After sweep 71 energy=-230.90477149814208  maxlinkdim=1000 maxerr=1.14E-06 time=205.954
After sweep 72 energy=-230.9051491265709  maxlinkdim=1000 maxerr=1.11E-06 time=206.654
After sweep 73 energy=-230.90560103517635  maxlinkdim=1000 maxerr=1.08E-06 time=210.962
After sweep 74 energy=-230.90612916260747  maxlinkdim=1000 maxerr=1.08E-06 time=223.710
After sweep 75 energy=-230.90665036886995  maxlinkdim=1000 maxerr=1.07E-06 time=222.560
After sweep 76 energy=-230.90713129386987  maxlinkdim=1000 maxerr=1.05E-06 time=205.575
After sweep 77 energy=-230.90760453651978  maxlinkdim=1000 maxerr=1.03E-06 time=209.729
After sweep 78 energy=-230.90804680466317  maxlinkdim=1000 maxerr=1.01E-06 time=212.583
After sweep 79 energy=-230.90844625326957  maxlinkdim=1000 maxerr=9.63E-07 time=215.991
After sweep 80 energy=-230.9087977006389  maxlinkdim=1000 maxerr=9.81E-07 time=205.470
After sweep 81 energy=-230.9090991740588  maxlinkdim=1000 maxerr=9.77E-07 time=204.548
After sweep 82 energy=-230.90933679711492  maxlinkdim=1000 maxerr=8.97E-07 time=211.370
After sweep 83 energy=-230.90954067184262  maxlinkdim=1000 maxerr=8.55E-07 time=212.087
After sweep 84 energy=-230.90970382471886  maxlinkdim=1000 maxerr=8.20E-07 time=210.862
After sweep 85 energy=-230.90983361134764  maxlinkdim=1000 maxerr=8.02E-07 time=209.359
After sweep 86 energy=-230.9099312750974  maxlinkdim=1000 maxerr=7.84E-07 time=211.679
After sweep 87 energy=-230.91000696340865  maxlinkdim=1000 maxerr=7.67E-07 time=211.267
After sweep 88 energy=-230.9100663992213  maxlinkdim=1000 maxerr=7.62E-07 time=214.668
After sweep 89 energy=-230.91011220463116  maxlinkdim=1000 maxerr=7.58E-07 time=215.190
After sweep 90 energy=-230.91014802155962  maxlinkdim=1000 maxerr=7.42E-07 time=220.193
After sweep 91 energy=-230.91017530414598  maxlinkdim=1000 maxerr=7.38E-07 time=221.576
After sweep 92 energy=-230.91019669676646  maxlinkdim=1000 maxerr=7.38E-07 time=217.220
After sweep 93 energy=-230.9102130879152  maxlinkdim=1000 maxerr=7.38E-07 time=217.668
After sweep 94 energy=-230.91022581589857  maxlinkdim=1000 maxerr=7.38E-07 time=211.124
After sweep 95 energy=-230.9102355247319  maxlinkdim=1000 maxerr=7.28E-07 time=211.321
After sweep 96 energy=-230.91024351436272  maxlinkdim=1000 maxerr=7.23E-07 time=216.034
After sweep 97 energy=-230.91024962737325  maxlinkdim=1000 maxerr=7.20E-07 time=209.023
After sweep 98 energy=-230.91025485554312  maxlinkdim=1000 maxerr=7.22E-07 time=210.706
After sweep 99 energy=-230.91025862618713  maxlinkdim=1000 maxerr=7.25E-07 time=210.236
After sweep 100 energy=-230.91026131643497  maxlinkdim=1000 maxerr=7.25E-07 time=212.581
  E(N) = -230.91026131643497

============================================================
RESULTS:
  E(118) = -228.6372584835731
  E(119) = -229.63810010619122
  E(120)     = -230.91026131643497
  E_p = -0.27131959  (attractive hole pairing)
============================================================
RESULT: E_p = -0.2713195876256691
E_p calculation completed
