Calculating pair binding energy for ladder
L=64, U=8.0, V=0.0, t0=2.0, density=0.875
============================================================
Pair binding energy for Hubbard ladder
L = 64 rungs, 128 sites
U = 8.0, V = 0.0, t = 1.0, t0 = 2.0, density = 0.875
N_base = 112
============================================================

[1/3] Computing E(N-2=110)
  Initial state: 110 particles (55 up, 55 dn)
After sweep 1 energy=-107.77407620216675  maxlinkdim=20 maxerr=2.39E-04 time=48.080
After sweep 2 energy=-115.60359696253906  maxlinkdim=50 maxerr=1.71E-05 time=28.216
After sweep 3 energy=-120.40565429505614  maxlinkdim=100 maxerr=9.47E-07 time=40.469
After sweep 4 energy=-124.53676191393293  maxlinkdim=200 maxerr=1.34E-07 time=59.426
After sweep 5 energy=-127.89575928429127  maxlinkdim=851 maxerr=1.00E-10 time=63.863
After sweep 6 energy=-130.71438830496993  maxlinkdim=1429 maxerr=1.00E-10 time=75.999
After sweep 7 energy=-132.6582064622147  maxlinkdim=1500 maxerr=7.10E-10 time=89.893
After sweep 8 energy=-134.19289767960055  maxlinkdim=1500 maxerr=1.04E-09 time=98.629
After sweep 9 energy=-135.20605155253392  maxlinkdim=1500 maxerr=6.02E-10 time=103.714
After sweep 10 energy=-136.06684837280756  maxlinkdim=1500 maxerr=7.06E-10 time=105.158
After sweep 11 energy=-136.7723009156089  maxlinkdim=1500 maxerr=4.85E-10 time=108.549
After sweep 12 energy=-137.36317230529647  maxlinkdim=1500 maxerr=3.66E-10 time=108.736
After sweep 13 energy=-137.88533167319198  maxlinkdim=1500 maxerr=3.83E-10 time=111.060
After sweep 14 energy=-138.35446636412607  maxlinkdim=1500 maxerr=4.08E-10 time=111.486
After sweep 15 energy=-138.7698742895071  maxlinkdim=1500 maxerr=4.88E-10 time=113.719
After sweep 16 energy=-139.1407163270618  maxlinkdim=1500 maxerr=5.89E-10 time=117.319
After sweep 17 energy=-139.48027898553855  maxlinkdim=1500 maxerr=6.72E-10 time=117.575
After sweep 18 energy=-139.78868268155884  maxlinkdim=1500 maxerr=6.99E-10 time=119.972
After sweep 19 energy=-140.04653361586375  maxlinkdim=1500 maxerr=6.68E-10 time=126.173
After sweep 20 energy=-140.267488886987  maxlinkdim=1500 maxerr=6.77E-10 time=124.752
After sweep 21 energy=-140.4505829003566  maxlinkdim=1500 maxerr=4.53E-10 time=121.103
After sweep 22 energy=-140.6247388588519  maxlinkdim=1500 maxerr=4.30E-10 time=122.255
After sweep 23 energy=-140.79216120503017  maxlinkdim=1500 maxerr=4.32E-10 time=122.209
After sweep 24 energy=-140.93705997963252  maxlinkdim=1500 maxerr=4.08E-10 time=121.351
After sweep 25 energy=-141.07028220152938  maxlinkdim=1500 maxerr=4.51E-10 time=120.106
After sweep 26 energy=-141.19497461758996  maxlinkdim=1500 maxerr=5.36E-10 time=121.362
After sweep 27 energy=-141.31554927543883  maxlinkdim=1500 maxerr=5.49E-10 time=124.129
After sweep 28 energy=-141.42650678251545  maxlinkdim=1500 maxerr=5.41E-10 time=121.547
After sweep 29 energy=-141.53333486566297  maxlinkdim=1500 maxerr=4.76E-10 time=117.905
After sweep 30 energy=-141.63735773536126  maxlinkdim=1500 maxerr=5.46E-10 time=124.138
After sweep 31 energy=-141.72891862189388  maxlinkdim=1500 maxerr=4.44E-10 time=125.748
After sweep 32 energy=-141.82429667318098  maxlinkdim=1500 maxerr=7.72E-10 time=129.910
After sweep 33 energy=-141.92068899751112  maxlinkdim=1500 maxerr=8.55E-10 time=128.058
After sweep 34 energy=-142.02900751652996  maxlinkdim=1500 maxerr=1.36E-09 time=139.181
After sweep 35 energy=-142.16295989313548  maxlinkdim=1500 maxerr=2.10E-09 time=139.754
After sweep 36 energy=-142.28347244830883  maxlinkdim=1500 maxerr=2.54E-09 time=155.127
After sweep 37 energy=-142.37576687130786  maxlinkdim=1500 maxerr=1.41E-09 time=152.287
After sweep 38 energy=-142.44951016862407  maxlinkdim=1500 maxerr=8.94E-10 time=148.205
After sweep 39 energy=-142.51684707284096  maxlinkdim=1500 maxerr=7.47E-10 time=144.219
After sweep 40 energy=-142.57877479548569  maxlinkdim=1500 maxerr=7.14E-10 time=144.916
After sweep 41 energy=-142.6416334125174  maxlinkdim=1500 maxerr=8.64E-10 time=145.611
After sweep 42 energy=-142.70328319871314  maxlinkdim=1500 maxerr=7.57E-10 time=144.053
After sweep 43 energy=-142.76143519821073  maxlinkdim=1500 maxerr=8.12E-10 time=139.950
After sweep 44 energy=-142.8193986628847  maxlinkdim=1500 maxerr=8.22E-10 time=139.113
After sweep 45 energy=-142.87510853456675  maxlinkdim=1500 maxerr=9.79E-10 time=142.101
After sweep 46 energy=-142.93160860829354  maxlinkdim=1500 maxerr=1.06E-09 time=143.610
After sweep 47 energy=-142.98573777316457  maxlinkdim=1500 maxerr=1.08E-09 time=146.136
After sweep 48 energy=-143.04138523156135  maxlinkdim=1500 maxerr=1.37E-09 time=145.818
After sweep 49 energy=-143.09677732750015  maxlinkdim=1500 maxerr=1.56E-09 time=147.488
After sweep 50 energy=-143.1544644644963  maxlinkdim=1500 maxerr=1.80E-09 time=158.449
After sweep 51 energy=-143.21886829759842  maxlinkdim=1500 maxerr=7.81E-09 time=167.992
After sweep 52 energy=-143.2762553353657  maxlinkdim=1500 maxerr=2.88E-09 time=165.464
After sweep 53 energy=-143.3235681260289  maxlinkdim=1500 maxerr=1.33E-09 time=165.254
After sweep 54 energy=-143.3668939998047  maxlinkdim=1500 maxerr=1.21E-09 time=163.414
After sweep 55 energy=-143.4086646173273  maxlinkdim=1500 maxerr=1.27E-09 time=164.313
After sweep 56 energy=-143.44892466373577  maxlinkdim=1500 maxerr=1.29E-09 time=167.399
After sweep 57 energy=-143.48805805440406  maxlinkdim=1500 maxerr=1.35E-09 time=164.553
After sweep 58 energy=-143.52791142263  maxlinkdim=1500 maxerr=1.28E-09 time=166.945
After sweep 59 energy=-143.5661564452979  maxlinkdim=1500 maxerr=1.28E-09 time=166.802
After sweep 60 energy=-143.60213986737213  maxlinkdim=1500 maxerr=1.26E-09 time=166.568
After sweep 61 energy=-143.6360217284453  maxlinkdim=1500 maxerr=1.23E-09 time=166.007
After sweep 62 energy=-143.67365187458157  maxlinkdim=1500 maxerr=1.13E-09 time=169.451
After sweep 63 energy=-143.70632523800197  maxlinkdim=1500 maxerr=1.07E-09 time=169.893
After sweep 64 energy=-143.73653348602448  maxlinkdim=1500 maxerr=1.06E-09 time=170.515
After sweep 65 energy=-143.76676070889425  maxlinkdim=1500 maxerr=1.10E-09 time=171.578
After sweep 66 energy=-143.79772777674327  maxlinkdim=1500 maxerr=1.24E-09 time=169.352
After sweep 67 energy=-143.83178995921975  maxlinkdim=1500 maxerr=7.82E-10 time=177.806
After sweep 68 energy=-143.8605374751568  maxlinkdim=1500 maxerr=8.70E-10 time=174.777
After sweep 69 energy=-143.88954380848674  maxlinkdim=1500 maxerr=1.01E-09 time=174.730
After sweep 70 energy=-143.92110524379794  maxlinkdim=1500 maxerr=1.12E-09 time=178.640
After sweep 71 energy=-143.95179907413376  maxlinkdim=1500 maxerr=1.26E-09 time=183.641
After sweep 72 energy=-143.98549731659617  maxlinkdim=1500 maxerr=1.50E-09 time=187.408
After sweep 73 energy=-144.02581804199303  maxlinkdim=1500 maxerr=1.12E-08 time=188.941
After sweep 74 energy=-144.06853122107609  maxlinkdim=1500 maxerr=4.12E-09 time=198.793
After sweep 75 energy=-144.1172169021297  maxlinkdim=1500 maxerr=3.86E-09 time=205.408
After sweep 76 energy=-144.1642523707246  maxlinkdim=1500 maxerr=2.93E-09 time=217.506
After sweep 77 energy=-144.20873209291108  maxlinkdim=1500 maxerr=4.08E-09 time=218.085
After sweep 78 energy=-144.2431472973427  maxlinkdim=1500 maxerr=1.77E-09 time=220.599
After sweep 79 energy=-144.27434023834786  maxlinkdim=1500 maxerr=1.39E-09 time=218.541
After sweep 80 energy=-144.3020334378499  maxlinkdim=1500 maxerr=1.11E-09 time=220.096
After sweep 81 energy=-144.32444389001537  maxlinkdim=1500 maxerr=7.80E-10 time=216.755
After sweep 82 energy=-144.34566953275487  maxlinkdim=1500 maxerr=7.90E-10 time=211.988
After sweep 83 energy=-144.36768679671363  maxlinkdim=1500 maxerr=9.88E-10 time=210.313
After sweep 84 energy=-144.3874514837466  maxlinkdim=1500 maxerr=7.71E-10 time=211.400
After sweep 85 energy=-144.40549298334082  maxlinkdim=1500 maxerr=4.41E-10 time=212.034
After sweep 86 energy=-144.42438225759773  maxlinkdim=1500 maxerr=9.06E-10 time=213.196
After sweep 87 energy=-144.44100019810728  maxlinkdim=1500 maxerr=1.22E-09 time=213.228
After sweep 88 energy=-144.4575620660943  maxlinkdim=1500 maxerr=6.79E-10 time=209.477
After sweep 89 energy=-144.47628945953608  maxlinkdim=1500 maxerr=4.77E-10 time=214.844
After sweep 90 energy=-144.49609709273156  maxlinkdim=1500 maxerr=8.71E-10 time=220.949
After sweep 91 energy=-144.516061377495  maxlinkdim=1500 maxerr=8.76E-10 time=221.175
After sweep 92 energy=-144.53809342977465  maxlinkdim=1500 maxerr=1.58E-09 time=229.409
After sweep 93 energy=-144.56126516156317  maxlinkdim=1500 maxerr=1.87E-09 time=240.249
After sweep 94 energy=-144.58594308551946  maxlinkdim=1500 maxerr=1.72E-09 time=245.317
After sweep 95 energy=-144.60618816801926  maxlinkdim=1500 maxerr=1.62E-09 time=240.558
After sweep 96 energy=-144.62361421476535  maxlinkdim=1500 maxerr=1.22E-09 time=232.485
After sweep 97 energy=-144.63935081565987  maxlinkdim=1500 maxerr=1.22E-09 time=232.554
After sweep 98 energy=-144.65315317892677  maxlinkdim=1500 maxerr=9.68E-10 time=229.213
After sweep 99 energy=-144.66761906375666  maxlinkdim=1500 maxerr=1.33E-09 time=225.199
After sweep 100 energy=-144.68099694081974  maxlinkdim=1500 maxerr=1.18E-09 time=229.085
After sweep 101 energy=-144.69513897021235  maxlinkdim=1500 maxerr=1.27E-09 time=234.199
After sweep 102 energy=-144.70912675177172  maxlinkdim=1500 maxerr=1.43E-09 time=235.633
After sweep 103 energy=-144.72447905794343  maxlinkdim=1500 maxerr=1.40E-09 time=242.989
After sweep 104 energy=-144.7374113625862  maxlinkdim=1500 maxerr=1.39E-09 time=241.213
After sweep 105 energy=-144.75017178284293  maxlinkdim=1500 maxerr=1.60E-09 time=249.053
After sweep 106 energy=-144.76408291740822  maxlinkdim=1500 maxerr=2.08E-09 time=253.287
After sweep 107 energy=-144.77744722518878  maxlinkdim=1500 maxerr=2.12E-09 time=256.482
After sweep 108 energy=-144.78575210682035  maxlinkdim=1500 maxerr=6.68E-10 time=253.035
After sweep 109 energy=-144.7943180197596  maxlinkdim=1500 maxerr=8.80E-10 time=250.064
After sweep 110 energy=-144.8017164387203  maxlinkdim=1500 maxerr=5.14E-10 time=249.678
After sweep 111 energy=-144.844415522543  maxlinkdim=1500 maxerr=3.87E-08 time=268.169
After sweep 112 energy=-144.8571954674871  maxlinkdim=1500 maxerr=6.41E-09 time=291.687
After sweep 113 energy=-144.86273444440283  maxlinkdim=1500 maxerr=2.00E-09 time=269.699
After sweep 114 energy=-144.86726056050543  maxlinkdim=1500 maxerr=8.51E-10 time=269.367
After sweep 115 energy=-144.87097064599524  maxlinkdim=1500 maxerr=8.73E-10 time=270.943
After sweep 116 energy=-144.8747872946075  maxlinkdim=1500 maxerr=1.61E-09 time=275.780
After sweep 117 energy=-144.87839024752984  maxlinkdim=1500 maxerr=2.04E-09 time=279.459
After sweep 118 energy=-144.8822901540711  maxlinkdim=1500 maxerr=6.08E-09 time=279.080
After sweep 119 energy=-144.88566168320804  maxlinkdim=1500 maxerr=5.59E-09 time=284.543
After sweep 120 energy=-144.8879314522951  maxlinkdim=1500 maxerr=1.32E-09 time=279.490
After sweep 121 energy=-144.88994605074197  maxlinkdim=1500 maxerr=3.69E-09 time=280.850
After sweep 122 energy=-144.89165543265278  maxlinkdim=1500 maxerr=2.00E-09 time=282.011
After sweep 123 energy=-144.89307912813854  maxlinkdim=1500 maxerr=1.83E-09 time=280.019
After sweep 124 energy=-144.89460438298931  maxlinkdim=1500 maxerr=7.40E-09 time=281.206
After sweep 125 energy=-144.89647758806058  maxlinkdim=1500 maxerr=4.88E-08 time=293.645
After sweep 126 energy=-144.89793330821493  maxlinkdim=1500 maxerr=4.10E-08 time=285.466
After sweep 127 energy=-144.89908848964456  maxlinkdim=1500 maxerr=2.29E-08 time=288.723
After sweep 128 energy=-144.90023835175842  maxlinkdim=1500 maxerr=1.34E-07 time=293.478
After sweep 129 energy=-144.90083313496854  maxlinkdim=1500 maxerr=1.40E-07 time=293.765
After sweep 130 energy=-144.90126263924063  maxlinkdim=1500 maxerr=1.27E-07 time=293.933
After sweep 131 energy=-144.90154492856524  maxlinkdim=1500 maxerr=9.81E-08 time=288.510
After sweep 132 energy=-144.90173412394373  maxlinkdim=1500 maxerr=1.01E-07 time=290.286
After sweep 133 energy=-144.90186302235549  maxlinkdim=1500 maxerr=1.02E-07 time=289.316
Stopping DMRG after sweep 133
  E(N-2) = -144.90186302235549

[2/3] Computing E(N-1=111)
  Initial state: 111 particles (56 up, 55 dn)
After sweep 1 energy=-109.49018969091311  maxlinkdim=20 maxerr=7.75E-04 time=9.755
After sweep 2 energy=-116.33838246751219  maxlinkdim=50 maxerr=1.51E-05 time=22.272
After sweep 3 energy=-121.1528825648103  maxlinkdim=100 maxerr=1.19E-06 time=32.413
After sweep 4 energy=-124.85739879618957  maxlinkdim=200 maxerr=8.39E-08 time=52.130
After sweep 5 energy=-128.1397083171586  maxlinkdim=793 maxerr=1.00E-10 time=60.055
After sweep 6 energy=-130.3943194841  maxlinkdim=1256 maxerr=1.00E-10 time=72.211
After sweep 7 energy=-132.5712720565127  maxlinkdim=1500 maxerr=1.49E-10 time=83.967
After sweep 8 energy=-133.74052428145828  maxlinkdim=1500 maxerr=3.01E-10 time=89.719
After sweep 9 energy=-134.6779582011118  maxlinkdim=1500 maxerr=3.51E-10 time=92.760
After sweep 10 energy=-135.42237201662226  maxlinkdim=1500 maxerr=4.29E-10 time=98.628
After sweep 11 energy=-136.06794458227918  maxlinkdim=1500 maxerr=3.84E-10 time=101.513
After sweep 12 energy=-136.62782830123547  maxlinkdim=1500 maxerr=3.46E-10 time=100.905
After sweep 13 energy=-137.1235536080701  maxlinkdim=1500 maxerr=3.41E-10 time=103.238
After sweep 14 energy=-137.59047193415273  maxlinkdim=1500 maxerr=5.39E-10 time=106.653
After sweep 15 energy=-137.9189507936807  maxlinkdim=1500 maxerr=4.36E-10 time=104.263
After sweep 16 energy=-138.22638245918822  maxlinkdim=1500 maxerr=4.12E-10 time=104.195
After sweep 17 energy=-138.4986445028415  maxlinkdim=1500 maxerr=3.40E-10 time=110.310
After sweep 18 energy=-138.72829940749128  maxlinkdim=1500 maxerr=2.54E-10 time=110.309
After sweep 19 energy=-138.91086366603383  maxlinkdim=1500 maxerr=2.08E-10 time=108.599
After sweep 20 energy=-139.10612367032408  maxlinkdim=1500 maxerr=2.46E-10 time=110.128
After sweep 21 energy=-139.2672287158482  maxlinkdim=1500 maxerr=4.40E-10 time=111.486
After sweep 22 energy=-139.4324001205839  maxlinkdim=1500 maxerr=4.09E-10 time=114.124
After sweep 23 energy=-139.57958072524605  maxlinkdim=1500 maxerr=4.48E-10 time=114.791
After sweep 24 energy=-139.7153333694688  maxlinkdim=1500 maxerr=3.01E-10 time=115.527
After sweep 25 energy=-139.8392609376257  maxlinkdim=1500 maxerr=3.16E-10 time=113.818
After sweep 26 energy=-139.9535429241699  maxlinkdim=1500 maxerr=2.61E-10 time=115.610
After sweep 27 energy=-140.06005949830512  maxlinkdim=1500 maxerr=3.00E-10 time=115.229
After sweep 28 energy=-140.15899115906723  maxlinkdim=1500 maxerr=3.56E-10 time=117.503
After sweep 29 energy=-140.2596665570455  maxlinkdim=1500 maxerr=3.81E-10 time=117.554
After sweep 30 energy=-140.34662683654855  maxlinkdim=1500 maxerr=3.76E-10 time=120.064
After sweep 31 energy=-140.4341687572687  maxlinkdim=1500 maxerr=4.68E-10 time=120.428
After sweep 32 energy=-140.51781067508878  maxlinkdim=1500 maxerr=4.67E-10 time=121.197
After sweep 33 energy=-140.5936136721774  maxlinkdim=1500 maxerr=3.02E-10 time=121.687
After sweep 34 energy=-140.67418155175199  maxlinkdim=1500 maxerr=5.50E-10 time=122.651
After sweep 35 energy=-140.75549850716996  maxlinkdim=1500 maxerr=6.31E-10 time=121.591
After sweep 36 energy=-140.8317516634359  maxlinkdim=1500 maxerr=5.37E-10 time=125.699
After sweep 37 energy=-140.90148016818526  maxlinkdim=1500 maxerr=4.68E-10 time=127.230
After sweep 38 energy=-140.9636281669471  maxlinkdim=1500 maxerr=3.42E-10 time=123.592
After sweep 39 energy=-141.0303326621152  maxlinkdim=1500 maxerr=4.34E-10 time=124.404
After sweep 40 energy=-141.09326024544612  maxlinkdim=1500 maxerr=4.20E-10 time=125.530
After sweep 41 energy=-141.1622798584913  maxlinkdim=1500 maxerr=5.58E-10 time=133.933
After sweep 42 energy=-141.22392112209272  maxlinkdim=1500 maxerr=4.40E-10 time=133.709
After sweep 43 energy=-141.28100845808535  maxlinkdim=1500 maxerr=5.56E-10 time=133.013
After sweep 44 energy=-141.3353891206677  maxlinkdim=1500 maxerr=6.40E-10 time=136.613
After sweep 45 energy=-141.38905948763073  maxlinkdim=1500 maxerr=7.34E-10 time=138.288
After sweep 46 energy=-141.4438934829608  maxlinkdim=1500 maxerr=7.44E-10 time=141.798
After sweep 47 energy=-141.4932251659139  maxlinkdim=1500 maxerr=7.59E-10 time=138.899
After sweep 48 energy=-141.55028816488786  maxlinkdim=1500 maxerr=6.44E-10 time=144.300
After sweep 49 energy=-141.5953320938564  maxlinkdim=1500 maxerr=5.82E-10 time=143.708
After sweep 50 energy=-141.64314165498055  maxlinkdim=1500 maxerr=6.10E-10 time=142.549
After sweep 51 energy=-141.68663388998442  maxlinkdim=1500 maxerr=6.82E-10 time=143.984
After sweep 52 energy=-141.73187619477136  maxlinkdim=1500 maxerr=6.63E-10 time=142.250
After sweep 53 energy=-141.77224931250865  maxlinkdim=1500 maxerr=5.22E-10 time=143.503
After sweep 54 energy=-141.81407526680977  maxlinkdim=1500 maxerr=5.64E-10 time=143.822
After sweep 55 energy=-141.85997420350415  maxlinkdim=1500 maxerr=8.24E-10 time=150.251
After sweep 56 energy=-141.89793651048316  maxlinkdim=1500 maxerr=6.84E-10 time=153.872
After sweep 57 energy=-141.9369349842711  maxlinkdim=1500 maxerr=7.80E-10 time=155.335
After sweep 58 energy=-141.9745922430771  maxlinkdim=1500 maxerr=8.38E-10 time=156.162
After sweep 59 energy=-142.0139628138399  maxlinkdim=1500 maxerr=1.03E-09 time=159.560
After sweep 60 energy=-142.05111484739356  maxlinkdim=1500 maxerr=8.60E-10 time=161.905
After sweep 61 energy=-142.08760029330713  maxlinkdim=1500 maxerr=8.63E-10 time=166.687
After sweep 62 energy=-142.1200806015428  maxlinkdim=1500 maxerr=6.44E-10 time=163.572
After sweep 63 energy=-142.14941360641814  maxlinkdim=1500 maxerr=4.69E-10 time=157.175
After sweep 64 energy=-142.17687257125004  maxlinkdim=1500 maxerr=4.27E-10 time=155.481
After sweep 65 energy=-142.20784479284626  maxlinkdim=1500 maxerr=6.56E-10 time=159.039
After sweep 66 energy=-142.233901851884  maxlinkdim=1500 maxerr=4.46E-10 time=158.366
After sweep 67 energy=-142.26023975690498  maxlinkdim=1500 maxerr=5.55E-10 time=159.195
After sweep 68 energy=-142.2873300031878  maxlinkdim=1500 maxerr=6.10E-10 time=161.370
After sweep 69 energy=-142.31446172673012  maxlinkdim=1500 maxerr=7.51E-10 time=162.668
After sweep 70 energy=-142.33900042401788  maxlinkdim=1500 maxerr=5.90E-10 time=162.675
After sweep 71 energy=-142.36640787204828  maxlinkdim=1500 maxerr=8.39E-10 time=167.656
After sweep 72 energy=-142.39034791434725  maxlinkdim=1500 maxerr=6.27E-10 time=171.445
After sweep 73 energy=-142.41302215602042  maxlinkdim=1500 maxerr=6.08E-10 time=168.813
After sweep 74 energy=-142.4361698965761  maxlinkdim=1500 maxerr=7.18E-10 time=169.767
After sweep 75 energy=-142.4585897415655  maxlinkdim=1500 maxerr=7.02E-10 time=169.271
After sweep 76 energy=-142.4842284309854  maxlinkdim=1500 maxerr=4.43E-10 time=170.826
After sweep 77 energy=-142.51622254951064  maxlinkdim=1500 maxerr=2.29E-09 time=190.078
After sweep 78 energy=-142.54120520960214  maxlinkdim=1500 maxerr=1.78E-09 time=192.742
After sweep 79 energy=-142.5642644761084  maxlinkdim=1500 maxerr=8.62E-10 time=188.310
After sweep 80 energy=-142.5850309840295  maxlinkdim=1500 maxerr=4.76E-10 time=185.092
After sweep 81 energy=-142.6043100199029  maxlinkdim=1500 maxerr=3.77E-10 time=185.428
After sweep 82 energy=-142.62523281703457  maxlinkdim=1500 maxerr=7.67E-10 time=185.518
After sweep 83 energy=-142.64684072003973  maxlinkdim=1500 maxerr=6.38E-10 time=189.769
After sweep 84 energy=-142.66614737452508  maxlinkdim=1500 maxerr=6.94E-10 time=192.684
After sweep 85 energy=-142.68504810254794  maxlinkdim=1500 maxerr=8.10E-10 time=193.191
After sweep 86 energy=-142.70374372652745  maxlinkdim=1500 maxerr=8.27E-10 time=194.027
After sweep 87 energy=-142.72178835149035  maxlinkdim=1500 maxerr=8.04E-10 time=193.117
After sweep 88 energy=-142.73933103704917  maxlinkdim=1500 maxerr=7.28E-10 time=192.797
After sweep 89 energy=-142.75601975889555  maxlinkdim=1500 maxerr=6.68E-10 time=195.710
After sweep 90 energy=-142.77215430532598  maxlinkdim=1500 maxerr=7.21E-10 time=191.476
After sweep 91 energy=-142.7894246373972  maxlinkdim=1500 maxerr=5.65E-10 time=199.937
After sweep 92 energy=-142.8053344819018  maxlinkdim=1500 maxerr=6.91E-10 time=205.347
After sweep 93 energy=-142.8219170506256  maxlinkdim=1500 maxerr=7.57E-10 time=201.602
After sweep 94 energy=-142.84301718398945  maxlinkdim=1500 maxerr=6.02E-10 time=211.590
After sweep 95 energy=-142.85864049084162  maxlinkdim=1500 maxerr=6.25E-10 time=214.919
After sweep 96 energy=-142.8754261393451  maxlinkdim=1500 maxerr=9.74E-10 time=213.422
After sweep 97 energy=-142.8909772469358  maxlinkdim=1500 maxerr=3.60E-10 time=214.182
After sweep 98 energy=-142.90798882167184  maxlinkdim=1500 maxerr=1.19E-09 time=217.535
After sweep 99 energy=-142.92094117825758  maxlinkdim=1500 maxerr=3.93E-10 time=213.983
After sweep 100 energy=-142.93368360413012  maxlinkdim=1500 maxerr=7.20E-10 time=209.342
After sweep 101 energy=-142.94604481744574  maxlinkdim=1500 maxerr=7.33E-10 time=213.974
After sweep 102 energy=-142.9601005369645  maxlinkdim=1500 maxerr=1.16E-09 time=214.403
After sweep 103 energy=-142.97253617125094  maxlinkdim=1500 maxerr=6.93E-10 time=217.453
After sweep 104 energy=-142.98448494090687  maxlinkdim=1500 maxerr=5.30E-10 time=215.870
After sweep 105 energy=-142.99626719301224  maxlinkdim=1500 maxerr=5.69E-10 time=218.043
After sweep 106 energy=-143.00804759091056  maxlinkdim=1500 maxerr=5.88E-10 time=219.229
After sweep 107 energy=-143.01992650814486  maxlinkdim=1500 maxerr=6.29E-10 time=221.379
After sweep 108 energy=-143.0319472695658  maxlinkdim=1500 maxerr=6.66E-10 time=229.152
After sweep 109 energy=-143.04424375759152  maxlinkdim=1500 maxerr=6.94E-10 time=231.599
After sweep 110 energy=-143.05593583617377  maxlinkdim=1500 maxerr=7.27E-10 time=221.824
After sweep 111 energy=-143.06670023205936  maxlinkdim=1500 maxerr=8.59E-10 time=223.162
After sweep 112 energy=-143.07817717214502  maxlinkdim=1500 maxerr=8.72E-10 time=219.010
After sweep 113 energy=-143.08902681930252  maxlinkdim=1500 maxerr=1.12E-09 time=222.196
After sweep 114 energy=-143.09799493918618  maxlinkdim=1500 maxerr=7.66E-10 time=220.696
After sweep 115 energy=-143.10669042112667  maxlinkdim=1500 maxerr=7.67E-10 time=222.977
After sweep 116 energy=-143.11521227464814  maxlinkdim=1500 maxerr=7.12E-10 time=222.062
After sweep 117 energy=-143.12368696996518  maxlinkdim=1500 maxerr=7.93E-10 time=225.788
After sweep 118 energy=-143.13212154034517  maxlinkdim=1500 maxerr=8.00E-10 time=228.557
After sweep 119 energy=-143.14053231717637  maxlinkdim=1500 maxerr=8.15E-10 time=227.489
After sweep 120 energy=-143.15367815965874  maxlinkdim=1500 maxerr=4.48E-09 time=238.180
After sweep 121 energy=-143.16645998293262  maxlinkdim=1500 maxerr=1.47E-09 time=261.189
After sweep 122 energy=-143.17916729258513  maxlinkdim=1500 maxerr=1.48E-09 time=262.901
After sweep 123 energy=-143.18819082465023  maxlinkdim=1500 maxerr=5.62E-10 time=258.077
After sweep 124 energy=-143.19606456574428  maxlinkdim=1500 maxerr=4.95E-10 time=255.607
After sweep 125 energy=-143.20276459531527  maxlinkdim=1500 maxerr=1.01E-09 time=252.255
After sweep 126 energy=-143.20902221320452  maxlinkdim=1500 maxerr=8.11E-10 time=249.777
After sweep 127 energy=-143.2148985709786  maxlinkdim=1500 maxerr=6.80E-10 time=255.458
After sweep 128 energy=-143.22024678170635  maxlinkdim=1500 maxerr=5.36E-10 time=256.216
After sweep 129 energy=-143.22535223724876  maxlinkdim=1500 maxerr=7.11E-10 time=258.861
After sweep 130 energy=-143.2307148811672  maxlinkdim=1500 maxerr=1.15E-09 time=248.661
After sweep 131 energy=-143.23652191459604  maxlinkdim=1500 maxerr=1.40E-09 time=246.786
After sweep 132 energy=-143.2408797790323  maxlinkdim=1500 maxerr=5.12E-10 time=248.117
After sweep 133 energy=-143.2449338517663  maxlinkdim=1500 maxerr=7.56E-10 time=247.075
After sweep 134 energy=-143.25184653924117  maxlinkdim=1500 maxerr=5.60E-09 time=253.438
After sweep 135 energy=-143.25752709293926  maxlinkdim=1500 maxerr=1.73E-09 time=264.930
After sweep 136 energy=-143.26312207077635  maxlinkdim=1500 maxerr=4.15E-09 time=264.089
After sweep 137 energy=-143.26708440582468  maxlinkdim=1500 maxerr=7.48E-10 time=264.813
After sweep 138 energy=-143.27003812564791  maxlinkdim=1500 maxerr=9.98E-10 time=261.421
After sweep 139 energy=-143.27275224351783  maxlinkdim=1500 maxerr=8.16E-10 time=263.451
After sweep 140 energy=-143.27663537957756  maxlinkdim=1500 maxerr=1.51E-08 time=261.552
After sweep 141 energy=-143.27946873783796  maxlinkdim=1500 maxerr=1.73E-09 time=268.805
After sweep 142 energy=-143.28161225309162  maxlinkdim=1500 maxerr=9.97E-10 time=265.211
After sweep 143 energy=-143.28778315050906  maxlinkdim=1500 maxerr=1.10E-07 time=272.907
After sweep 144 energy=-143.29079583825444  maxlinkdim=1500 maxerr=1.01E-08 time=278.225
After sweep 145 energy=-143.29271960378978  maxlinkdim=1500 maxerr=9.52E-09 time=282.484
After sweep 146 energy=-143.29416407697053  maxlinkdim=1500 maxerr=1.82E-08 time=283.518
After sweep 147 energy=-143.2952709863937  maxlinkdim=1500 maxerr=2.59E-08 time=280.461
After sweep 148 energy=-143.29629007518193  maxlinkdim=1500 maxerr=9.60E-09 time=279.592
After sweep 149 energy=-143.29698926028803  maxlinkdim=1500 maxerr=7.62E-08 time=277.775
After sweep 150 energy=-143.29758119681696  maxlinkdim=1500 maxerr=1.51E-08 time=277.874
After sweep 151 energy=-143.29923969073363  maxlinkdim=1500 maxerr=1.23E-07 time=282.186
After sweep 152 energy=-143.29979567650753  maxlinkdim=1500 maxerr=6.20E-08 time=287.801
After sweep 153 energy=-143.29992176391275  maxlinkdim=1500 maxerr=5.20E-08 time=290.288
Stopping DMRG after sweep 153
  E(N-1) = -143.29992176391275

[3/3] Computing E(N=112)
  Initial state: 112 particles (56 up, 56 dn)
After sweep 1 energy=-109.45124117771361  maxlinkdim=20 maxerr=2.35E-04 time=9.994
After sweep 2 energy=-116.97898319169697  maxlinkdim=50 maxerr=1.63E-05 time=21.682
After sweep 3 energy=-121.60062681375463  maxlinkdim=100 maxerr=7.97E-07 time=32.336
After sweep 4 energy=-125.35674306468354  maxlinkdim=200 maxerr=1.07E-07 time=50.509
After sweep 5 energy=-128.30023751063925  maxlinkdim=829 maxerr=1.00E-10 time=59.792
After sweep 6 energy=-130.45419981634362  maxlinkdim=1297 maxerr=1.00E-10 time=68.684
After sweep 7 energy=-132.07036426432288  maxlinkdim=1500 maxerr=1.87E-10 time=78.735
After sweep 8 energy=-133.1821341422922  maxlinkdim=1500 maxerr=3.07E-10 time=84.822
After sweep 9 energy=-134.01708609769582  maxlinkdim=1500 maxerr=3.88E-10 time=89.123
After sweep 10 energy=-134.7066332468161  maxlinkdim=1500 maxerr=3.53E-10 time=90.420
After sweep 11 energy=-135.2521675481797  maxlinkdim=1500 maxerr=2.79E-10 time=95.936
After sweep 12 energy=-135.71386619764039  maxlinkdim=1500 maxerr=2.58E-10 time=96.683
After sweep 13 energy=-136.1063671406527  maxlinkdim=1500 maxerr=2.44E-10 time=99.023
After sweep 14 energy=-136.46245914107342  maxlinkdim=1500 maxerr=3.11E-10 time=100.914
After sweep 15 energy=-136.74861309962327  maxlinkdim=1500 maxerr=2.53E-10 time=99.326
After sweep 16 energy=-137.00406161599759  maxlinkdim=1500 maxerr=2.93E-10 time=105.799
After sweep 17 energy=-137.2350372094728  maxlinkdim=1500 maxerr=3.17E-10 time=106.570
After sweep 18 energy=-137.45055963212062  maxlinkdim=1500 maxerr=3.74E-10 time=109.564
After sweep 19 energy=-137.6409774782746  maxlinkdim=1500 maxerr=3.52E-10 time=110.465
After sweep 20 energy=-137.81374546489764  maxlinkdim=1500 maxerr=4.08E-10 time=107.836
After sweep 21 energy=-137.97659532490474  maxlinkdim=1500 maxerr=4.66E-10 time=110.647
After sweep 22 energy=-138.15576076530766  maxlinkdim=1500 maxerr=5.75E-10 time=112.528
After sweep 23 energy=-138.36256237961672  maxlinkdim=1500 maxerr=6.16E-10 time=112.926
After sweep 24 energy=-138.5969883611385  maxlinkdim=1500 maxerr=1.14E-09 time=123.063
After sweep 25 energy=-138.79311208764818  maxlinkdim=1500 maxerr=1.02E-09 time=131.613
After sweep 26 energy=-138.9278538242803  maxlinkdim=1500 maxerr=3.61E-10 time=130.419
After sweep 27 energy=-139.07029699619045  maxlinkdim=1500 maxerr=1.09E-09 time=133.720
After sweep 28 energy=-139.20778277198426  maxlinkdim=1500 maxerr=1.92E-09 time=136.567
After sweep 29 energy=-139.3230884299398  maxlinkdim=1500 maxerr=2.15E-09 time=148.062
After sweep 30 energy=-139.3977190508717  maxlinkdim=1500 maxerr=2.53E-10 time=145.445
After sweep 31 energy=-139.46775612513198  maxlinkdim=1500 maxerr=3.54E-10 time=141.267
After sweep 32 energy=-139.5300060551491  maxlinkdim=1500 maxerr=2.08E-10 time=140.647
After sweep 33 energy=-139.59402558105933  maxlinkdim=1500 maxerr=1.82E-10 time=140.247
After sweep 34 energy=-139.6606371910937  maxlinkdim=1500 maxerr=3.90E-10 time=145.406
After sweep 35 energy=-139.71888960296414  maxlinkdim=1500 maxerr=3.36E-10 time=139.886
After sweep 36 energy=-139.77371507667615  maxlinkdim=1500 maxerr=3.15E-10 time=143.120
After sweep 37 energy=-139.83345375720722  maxlinkdim=1500 maxerr=2.70E-10 time=140.328
After sweep 38 energy=-139.888872885209  maxlinkdim=1500 maxerr=2.41E-10 time=139.740
After sweep 39 energy=-139.93769560860443  maxlinkdim=1500 maxerr=2.50E-10 time=141.414
After sweep 40 energy=-139.9824835585223  maxlinkdim=1500 maxerr=2.60E-10 time=141.023
After sweep 41 energy=-140.02580850327593  maxlinkdim=1500 maxerr=3.06E-10 time=142.805
After sweep 42 energy=-140.06620387680428  maxlinkdim=1500 maxerr=3.19E-10 time=141.864
After sweep 43 energy=-140.11679896729487  maxlinkdim=1500 maxerr=5.77E-10 time=146.364
After sweep 44 energy=-140.16520123252175  maxlinkdim=1486 maxerr=1.00E-10 time=153.732
After sweep 45 energy=-140.2048947888332  maxlinkdim=1500 maxerr=3.44E-10 time=152.228
After sweep 46 energy=-140.2475811327836  maxlinkdim=1500 maxerr=4.07E-10 time=151.396
After sweep 47 energy=-140.28714533573904  maxlinkdim=1500 maxerr=3.00E-10 time=153.409
After sweep 48 energy=-140.32485305302396  maxlinkdim=1500 maxerr=3.10E-10 time=154.756
After sweep 49 energy=-140.35832923874614  maxlinkdim=1500 maxerr=2.68E-10 time=154.180
After sweep 50 energy=-140.400066072986  maxlinkdim=1500 maxerr=2.90E-10 time=156.340
After sweep 51 energy=-140.4371887687886  maxlinkdim=1500 maxerr=5.04E-10 time=161.400
After sweep 52 energy=-140.46866825176002  maxlinkdim=1500 maxerr=3.73E-10 time=158.269
After sweep 53 energy=-140.49905978619654  maxlinkdim=1500 maxerr=2.63E-10 time=159.649
After sweep 54 energy=-140.5319007124955  maxlinkdim=1500 maxerr=5.23E-10 time=162.679
After sweep 55 energy=-140.56541838073005  maxlinkdim=1500 maxerr=6.74E-10 time=162.941
After sweep 56 energy=-140.6009828019815  maxlinkdim=1500 maxerr=8.99E-10 time=169.508
After sweep 57 energy=-140.63270077383686  maxlinkdim=1500 maxerr=1.92E-10 time=171.177
After sweep 58 energy=-140.66565952964515  maxlinkdim=1500 maxerr=9.12E-10 time=175.631
After sweep 59 energy=-140.69330911690466  maxlinkdim=1500 maxerr=5.12E-10 time=176.160
After sweep 60 energy=-140.72177414881878  maxlinkdim=1500 maxerr=4.54E-10 time=172.987
After sweep 61 energy=-140.74740791283446  maxlinkdim=1500 maxerr=5.99E-10 time=172.081
After sweep 62 energy=-140.77294524951265  maxlinkdim=1500 maxerr=6.84E-10 time=171.345
After sweep 63 energy=-140.80156318367878  maxlinkdim=1500 maxerr=7.03E-10 time=173.734
After sweep 64 energy=-140.82774101842722  maxlinkdim=1500 maxerr=7.47E-10 time=175.522
After sweep 65 energy=-140.85217072676872  maxlinkdim=1500 maxerr=6.94E-10 time=171.517
After sweep 66 energy=-140.87552037445568  maxlinkdim=1500 maxerr=6.81E-10 time=173.278
After sweep 67 energy=-140.8993119043197  maxlinkdim=1500 maxerr=6.60E-10 time=175.397
After sweep 68 energy=-140.9267020537242  maxlinkdim=1500 maxerr=7.42E-10 time=180.440
After sweep 69 energy=-140.95269342447767  maxlinkdim=1500 maxerr=8.52E-10 time=188.825
After sweep 70 energy=-140.9804747429568  maxlinkdim=1500 maxerr=8.89E-10 time=197.585
After sweep 71 energy=-141.00864247245514  maxlinkdim=1500 maxerr=1.03E-09 time=202.816
After sweep 72 energy=-141.03678711574003  maxlinkdim=1500 maxerr=1.12E-09 time=200.069
After sweep 73 energy=-141.06551324404919  maxlinkdim=1500 maxerr=6.57E-10 time=206.180
After sweep 74 energy=-141.08654579597987  maxlinkdim=1500 maxerr=5.75E-10 time=199.800
After sweep 75 energy=-141.11003212699552  maxlinkdim=1500 maxerr=6.52E-10 time=196.763
After sweep 76 energy=-141.1298791395801  maxlinkdim=1500 maxerr=6.98E-10 time=195.215
After sweep 77 energy=-141.15029055455986  maxlinkdim=1500 maxerr=8.90E-10 time=193.741
After sweep 78 energy=-141.17257712909364  maxlinkdim=1500 maxerr=1.21E-09 time=194.890
After sweep 79 energy=-141.1930129476939  maxlinkdim=1500 maxerr=1.01E-09 time=195.952
After sweep 80 energy=-141.21731187460568  maxlinkdim=1500 maxerr=1.29E-09 time=203.757
After sweep 81 energy=-141.2357005592983  maxlinkdim=1500 maxerr=2.36E-10 time=213.337
After sweep 82 energy=-141.24967917343608  maxlinkdim=1500 maxerr=6.39E-10 time=208.585
After sweep 83 energy=-141.26520516953656  maxlinkdim=1500 maxerr=5.25E-10 time=204.655
After sweep 84 energy=-141.2804670594358  maxlinkdim=1500 maxerr=4.12E-10 time=202.060
After sweep 85 energy=-141.29474272149824  maxlinkdim=1500 maxerr=4.36E-10 time=200.242
After sweep 86 energy=-141.3095635770412  maxlinkdim=1500 maxerr=7.43E-10 time=208.526
After sweep 87 energy=-141.32344349779862  maxlinkdim=1500 maxerr=1.30E-09 time=210.400
After sweep 88 energy=-141.3361154593174  maxlinkdim=1500 maxerr=6.89E-10 time=206.645
After sweep 89 energy=-141.34836515224228  maxlinkdim=1500 maxerr=4.76E-10 time=211.222
After sweep 90 energy=-141.36140785979396  maxlinkdim=1500 maxerr=5.10E-10 time=216.205
After sweep 91 energy=-141.3738600606532  maxlinkdim=1500 maxerr=6.84E-10 time=215.667
After sweep 92 energy=-141.3859847849173  maxlinkdim=1500 maxerr=3.36E-10 time=218.458
After sweep 93 energy=-141.39616137359016  maxlinkdim=1500 maxerr=6.79E-10 time=221.391
After sweep 94 energy=-141.4086370457372  maxlinkdim=1500 maxerr=6.56E-10 time=216.334
After sweep 95 energy=-141.42111039249266  maxlinkdim=1500 maxerr=5.76E-10 time=224.463
After sweep 96 energy=-141.4341549826991  maxlinkdim=1500 maxerr=8.53E-10 time=226.890
After sweep 97 energy=-141.44771766518406  maxlinkdim=1500 maxerr=8.81E-10 time=232.600
After sweep 98 energy=-141.45960187468518  maxlinkdim=1500 maxerr=7.86E-10 time=229.544
After sweep 99 energy=-141.47009224281157  maxlinkdim=1500 maxerr=8.40E-10 time=227.330
After sweep 100 energy=-141.4823055993303  maxlinkdim=1500 maxerr=8.26E-10 time=231.581
After sweep 101 energy=-141.49239526802882  maxlinkdim=1500 maxerr=6.60E-10 time=233.587
After sweep 102 energy=-141.50102771489335  maxlinkdim=1500 maxerr=4.91E-10 time=231.192
After sweep 103 energy=-141.51130820206697  maxlinkdim=1500 maxerr=8.28E-10 time=237.912
After sweep 104 energy=-141.52224676817153  maxlinkdim=1500 maxerr=1.17E-09 time=240.780
After sweep 105 energy=-141.53211332485262  maxlinkdim=1500 maxerr=8.52E-10 time=246.133
After sweep 106 energy=-141.54073433795577  maxlinkdim=1500 maxerr=7.94E-10 time=235.206
After sweep 107 energy=-141.54902624886776  maxlinkdim=1500 maxerr=7.87E-10 time=238.795
After sweep 108 energy=-141.5569131421635  maxlinkdim=1500 maxerr=7.72E-10 time=242.249
After sweep 109 energy=-141.56421784023766  maxlinkdim=1500 maxerr=7.16E-10 time=237.392
After sweep 110 energy=-141.5708758798258  maxlinkdim=1500 maxerr=6.60E-10 time=236.670
After sweep 111 energy=-141.57697844412007  maxlinkdim=1500 maxerr=5.94E-10 time=237.330
After sweep 112 energy=-141.58269489638707  maxlinkdim=1500 maxerr=5.65E-10 time=238.181
After sweep 113 energy=-141.58816254068935  maxlinkdim=1500 maxerr=5.69E-10 time=234.493
After sweep 114 energy=-141.59346369487363  maxlinkdim=1500 maxerr=5.92E-10 time=236.083
After sweep 115 energy=-141.5986324212295  maxlinkdim=1500 maxerr=6.50E-10 time=236.936
After sweep 116 energy=-141.6037132774295  maxlinkdim=1500 maxerr=7.34E-10 time=240.421
After sweep 117 energy=-141.60853783617586  maxlinkdim=1500 maxerr=7.79E-10 time=243.600
After sweep 118 energy=-141.61283810993712  maxlinkdim=1500 maxerr=7.52E-10 time=244.299
After sweep 119 energy=-141.6168470093146  maxlinkdim=1500 maxerr=7.90E-10 time=242.218
After sweep 120 energy=-141.62077992864042  maxlinkdim=1500 maxerr=7.53E-10 time=235.394
After sweep 121 energy=-141.6244856794611  maxlinkdim=1500 maxerr=7.32E-10 time=235.351
After sweep 122 energy=-141.6289000034214  maxlinkdim=1500 maxerr=1.08E-09 time=242.625
After sweep 123 energy=-141.63247279824571  maxlinkdim=1500 maxerr=8.43E-10 time=243.090
After sweep 124 energy=-141.63616884495326  maxlinkdim=1500 maxerr=7.98E-10 time=248.261
After sweep 125 energy=-141.63988905279277  maxlinkdim=1500 maxerr=1.00E-09 time=253.506
After sweep 126 energy=-141.64381958342483  maxlinkdim=1500 maxerr=1.49E-09 time=257.399
After sweep 127 energy=-141.64846629457787  maxlinkdim=1500 maxerr=3.50E-09 time=267.240
After sweep 128 energy=-141.65229302926264  maxlinkdim=1500 maxerr=1.37E-09 time=277.217
After sweep 129 energy=-141.66640021765133  maxlinkdim=1500 maxerr=4.13E-08 time=263.040
After sweep 130 energy=-141.67261264533738  maxlinkdim=1500 maxerr=1.62E-08 time=275.182
After sweep 131 energy=-141.6750244924246  maxlinkdim=1500 maxerr=1.15E-08 time=274.790
After sweep 132 energy=-141.6765929201845  maxlinkdim=1500 maxerr=1.87E-08 time=273.082
After sweep 133 energy=-141.67794323364424  maxlinkdim=1500 maxerr=3.30E-08 time=274.286
After sweep 134 energy=-141.67917151861477  maxlinkdim=1500 maxerr=5.09E-08 time=273.935
After sweep 135 energy=-141.68010229468888  maxlinkdim=1500 maxerr=2.71E-08 time=273.430
After sweep 136 energy=-141.68101950277503  maxlinkdim=1500 maxerr=2.01E-07 time=280.465
After sweep 137 energy=-141.6820242154942  maxlinkdim=1500 maxerr=8.56E-08 time=282.285
After sweep 138 energy=-141.68264367627285  maxlinkdim=1500 maxerr=4.62E-08 time=281.722
After sweep 139 energy=-141.6832008429308  maxlinkdim=1500 maxerr=2.17E-07 time=282.104
After sweep 140 energy=-141.68357737379606  maxlinkdim=1500 maxerr=7.37E-08 time=282.063
After sweep 141 energy=-141.6838338343123  maxlinkdim=1500 maxerr=2.72E-07 time=282.385
After sweep 142 energy=-141.6840305519088  maxlinkdim=1500 maxerr=8.46E-08 time=286.196
After sweep 143 energy=-141.6841574937566  maxlinkdim=1500 maxerr=1.85E-07 time=286.142
Stopping DMRG after sweep 143
  E(N) = -141.6841574937566

============================================================
RESULTS:
  E(110) = -144.90186302235549
  E(111) = -143.29992176391275
  E(112)     = -141.6841574937566
  E_p = 0.01382301  (repulsive hole pairing)
============================================================
RESULT: E_p = 0.013823011713441247
E_p calculation completed
