Calculating pair binding energy for ladder
L=64, U=4.0, V=0.0, t0=1.5, density=0.9375
============================================================
Pair binding energy for Hubbard ladder
L = 64 rungs, 128 sites
U = 4.0, V = 0.0, t = 1.0, t0 = 1.5, density = 0.9375
N_base = 120
============================================================

[1/3] Computing E(N-2=118)
  Initial state: 118 particles (59 up, 59 dn)
After sweep 1 energy=-112.1634424215566  maxlinkdim=20 maxerr=8.80E-04 time=45.932
After sweep 2 energy=-121.53808795012199  maxlinkdim=50 maxerr=1.37E-04 time=28.799
After sweep 3 energy=-124.7029920220564  maxlinkdim=100 maxerr=9.12E-05 time=41.661
After sweep 4 energy=-126.35543281252338  maxlinkdim=200 maxerr=4.30E-05 time=62.841
After sweep 5 energy=-127.2614972709469  maxlinkdim=1500 maxerr=3.40E-08 time=148.672
After sweep 6 energy=-127.67263324708183  maxlinkdim=1500 maxerr=1.13E-08 time=294.637
After sweep 7 energy=-127.93292953646566  maxlinkdim=1500 maxerr=1.03E-08 time=282.348
After sweep 8 energy=-128.1681224230938  maxlinkdim=1500 maxerr=1.27E-07 time=283.836
After sweep 9 energy=-128.35071872021473  maxlinkdim=1500 maxerr=7.55E-08 time=283.411
After sweep 10 energy=-128.50751137714636  maxlinkdim=1500 maxerr=3.03E-08 time=284.296
After sweep 11 energy=-128.6472195732576  maxlinkdim=1500 maxerr=1.21E-07 time=284.352
After sweep 12 energy=-128.77592741899414  maxlinkdim=1500 maxerr=2.18E-07 time=288.787
After sweep 13 energy=-128.87845853518846  maxlinkdim=1500 maxerr=2.11E-07 time=293.674
After sweep 14 energy=-128.9614390103448  maxlinkdim=1500 maxerr=1.48E-07 time=293.020
After sweep 15 energy=-129.04342741871704  maxlinkdim=1500 maxerr=5.32E-07 time=296.458
After sweep 16 energy=-129.112960196307  maxlinkdim=1500 maxerr=1.35E-07 time=295.799
After sweep 17 energy=-129.17071395799334  maxlinkdim=1500 maxerr=1.90E-07 time=298.487
After sweep 18 energy=-129.24560671207655  maxlinkdim=1500 maxerr=3.09E-06 time=304.548
After sweep 19 energy=-129.29661787109845  maxlinkdim=1500 maxerr=9.09E-07 time=299.453
After sweep 20 energy=-129.3348635320592  maxlinkdim=1500 maxerr=4.72E-07 time=303.499
After sweep 21 energy=-129.37224147400931  maxlinkdim=1500 maxerr=1.21E-06 time=305.385
After sweep 22 energy=-129.41760584606124  maxlinkdim=1500 maxerr=2.30E-06 time=307.659
After sweep 23 energy=-129.46935063563296  maxlinkdim=1500 maxerr=1.42E-06 time=308.384
After sweep 24 energy=-129.50987547219685  maxlinkdim=1500 maxerr=2.11E-06 time=301.784
After sweep 25 energy=-129.53436886419485  maxlinkdim=1500 maxerr=1.00E-06 time=305.279
After sweep 26 energy=-129.55634787076767  maxlinkdim=1500 maxerr=5.97E-07 time=305.027
After sweep 27 energy=-129.57594000157545  maxlinkdim=1500 maxerr=1.08E-06 time=304.931
After sweep 28 energy=-129.5963631619545  maxlinkdim=1500 maxerr=1.09E-06 time=299.512
After sweep 29 energy=-129.61477690302561  maxlinkdim=1500 maxerr=8.99E-07 time=300.082
After sweep 30 energy=-129.6333754746679  maxlinkdim=1500 maxerr=2.04E-06 time=310.670
After sweep 31 energy=-129.65033725176087  maxlinkdim=1500 maxerr=1.14E-06 time=308.366
After sweep 32 energy=-129.66624620043837  maxlinkdim=1500 maxerr=2.25E-06 time=297.067
After sweep 33 energy=-129.68111662811404  maxlinkdim=1500 maxerr=2.91E-06 time=301.866
After sweep 34 energy=-129.6957505282681  maxlinkdim=1500 maxerr=4.13E-06 time=312.583
After sweep 35 energy=-129.70766375725418  maxlinkdim=1500 maxerr=3.31E-06 time=310.594
After sweep 36 energy=-129.71884386850977  maxlinkdim=1500 maxerr=2.58E-06 time=307.323
After sweep 37 energy=-129.73095760010014  maxlinkdim=1500 maxerr=2.29E-06 time=302.298
After sweep 38 energy=-129.7414160434985  maxlinkdim=1500 maxerr=6.06E-06 time=306.132
After sweep 39 energy=-129.74935062093473  maxlinkdim=1500 maxerr=2.79E-06 time=307.400
After sweep 40 energy=-129.7553317143422  maxlinkdim=1500 maxerr=2.09E-06 time=303.977
After sweep 41 energy=-129.76018227394616  maxlinkdim=1500 maxerr=2.57E-06 time=302.726
After sweep 42 energy=-129.7632670284716  maxlinkdim=1500 maxerr=3.07E-06 time=299.051
After sweep 43 energy=-129.76643621773647  maxlinkdim=1500 maxerr=4.61E-06 time=300.540
After sweep 44 energy=-129.76832081271243  maxlinkdim=1500 maxerr=3.18E-06 time=300.813
After sweep 45 energy=-129.7687802693541  maxlinkdim=1500 maxerr=2.77E-06 time=300.122
After sweep 46 energy=-129.76890705577964  maxlinkdim=1500 maxerr=2.71E-06 time=296.021
Stopping DMRG after sweep 46
  E(N-2) = -129.76890705577964

[2/3] Computing E(N-1=119)
  Initial state: 119 particles (60 up, 59 dn)
After sweep 1 energy=-112.70992056251536  maxlinkdim=20 maxerr=8.79E-04 time=9.651
After sweep 2 energy=-121.63850677691424  maxlinkdim=50 maxerr=1.21E-04 time=21.298
After sweep 3 energy=-124.40893796722001  maxlinkdim=100 maxerr=9.41E-05 time=31.664
After sweep 4 energy=-125.86840933443267  maxlinkdim=200 maxerr=5.76E-05 time=49.784
After sweep 5 energy=-126.57826074096788  maxlinkdim=1500 maxerr=1.39E-08 time=130.736
After sweep 6 energy=-126.87007794941965  maxlinkdim=1500 maxerr=6.61E-09 time=278.813
After sweep 7 energy=-127.07388146288378  maxlinkdim=1500 maxerr=1.86E-08 time=278.779
After sweep 8 energy=-127.25873216052315  maxlinkdim=1500 maxerr=2.09E-07 time=284.820
After sweep 9 energy=-127.4080550364606  maxlinkdim=1500 maxerr=7.06E-07 time=294.652
After sweep 10 energy=-127.5363512861038  maxlinkdim=1500 maxerr=1.04E-06 time=299.125
After sweep 11 energy=-127.62902975463743  maxlinkdim=1500 maxerr=5.25E-08 time=305.208
After sweep 12 energy=-127.70986175900799  maxlinkdim=1500 maxerr=3.97E-07 time=304.212
After sweep 13 energy=-127.79334137428563  maxlinkdim=1500 maxerr=2.62E-07 time=304.703
After sweep 14 energy=-127.86532273386608  maxlinkdim=1500 maxerr=7.83E-07 time=313.050
After sweep 15 energy=-127.93924778556911  maxlinkdim=1500 maxerr=1.02E-06 time=314.946
After sweep 16 energy=-127.99646106677184  maxlinkdim=1500 maxerr=3.21E-07 time=316.608
After sweep 17 energy=-128.04646121446424  maxlinkdim=1500 maxerr=4.65E-07 time=316.877
After sweep 18 energy=-128.09258697282797  maxlinkdim=1500 maxerr=1.07E-06 time=312.875
After sweep 19 energy=-128.12778810468953  maxlinkdim=1500 maxerr=1.07E-06 time=314.098
After sweep 20 energy=-128.161188058165  maxlinkdim=1500 maxerr=2.18E-06 time=314.757
After sweep 21 energy=-128.19592718303917  maxlinkdim=1500 maxerr=8.16E-07 time=317.518
After sweep 22 energy=-128.23453793721384  maxlinkdim=1500 maxerr=1.51E-06 time=316.387
After sweep 23 energy=-128.27256756880058  maxlinkdim=1500 maxerr=1.03E-05 time=316.740
After sweep 24 energy=-128.30112468286757  maxlinkdim=1500 maxerr=4.31E-06 time=311.654
After sweep 25 energy=-128.32720111241318  maxlinkdim=1500 maxerr=3.22E-06 time=316.360
After sweep 26 energy=-128.3472171298403  maxlinkdim=1500 maxerr=5.82E-06 time=311.894
After sweep 27 energy=-128.36319082031758  maxlinkdim=1500 maxerr=1.23E-06 time=314.427
After sweep 28 energy=-128.3764956333887  maxlinkdim=1500 maxerr=3.61E-06 time=314.293
After sweep 29 energy=-128.39119024925265  maxlinkdim=1500 maxerr=3.21E-06 time=313.954
After sweep 30 energy=-128.40342513772498  maxlinkdim=1500 maxerr=1.99E-06 time=315.379
After sweep 31 energy=-128.4145455802203  maxlinkdim=1500 maxerr=1.25E-05 time=313.477
After sweep 32 energy=-128.42456121939094  maxlinkdim=1500 maxerr=2.37E-06 time=310.136
After sweep 33 energy=-128.43225593915838  maxlinkdim=1500 maxerr=1.43E-06 time=303.794
After sweep 34 energy=-128.43882054589912  maxlinkdim=1500 maxerr=2.34E-06 time=293.841
After sweep 35 energy=-128.44780220091164  maxlinkdim=1500 maxerr=1.13E-05 time=292.342
After sweep 36 energy=-128.45950081864322  maxlinkdim=1500 maxerr=1.18E-05 time=293.629
After sweep 37 energy=-128.4660681562729  maxlinkdim=1500 maxerr=7.48E-06 time=296.312
After sweep 38 energy=-128.46996357928862  maxlinkdim=1500 maxerr=7.05E-06 time=298.829
After sweep 39 energy=-128.47294343076416  maxlinkdim=1500 maxerr=7.67E-06 time=308.253
After sweep 40 energy=-128.47570823178924  maxlinkdim=1500 maxerr=7.86E-06 time=301.007
After sweep 41 energy=-128.47745516078103  maxlinkdim=1500 maxerr=7.62E-06 time=307.277
After sweep 42 energy=-128.47838923495104  maxlinkdim=1500 maxerr=7.81E-06 time=302.726
After sweep 43 energy=-128.47894512409528  maxlinkdim=1500 maxerr=7.55E-06 time=306.484
After sweep 44 energy=-128.47931353147084  maxlinkdim=1500 maxerr=7.46E-06 time=305.951
After sweep 45 energy=-128.4795670133519  maxlinkdim=1500 maxerr=7.53E-06 time=303.845
After sweep 46 energy=-128.4797537926509  maxlinkdim=1500 maxerr=7.80E-06 time=304.983
After sweep 47 energy=-128.4798967016309  maxlinkdim=1500 maxerr=8.01E-06 time=310.953
After sweep 48 energy=-128.48000511027163  maxlinkdim=1500 maxerr=8.17E-06 time=309.965
Stopping DMRG after sweep 48
  E(N-1) = -128.48000511027163

[3/3] Computing E(N=120)
  Initial state: 120 particles (60 up, 60 dn)
After sweep 1 energy=-113.53739614754903  maxlinkdim=20 maxerr=8.79E-04 time=10.273
After sweep 2 energy=-121.70154134579407  maxlinkdim=50 maxerr=1.45E-04 time=24.155
After sweep 3 energy=-124.1745353368441  maxlinkdim=100 maxerr=1.28E-04 time=34.347
After sweep 4 energy=-125.3421110742721  maxlinkdim=200 maxerr=4.90E-05 time=54.105
After sweep 5 energy=-125.89282069066311  maxlinkdim=1500 maxerr=1.28E-08 time=141.563
After sweep 6 energy=-126.1233710605311  maxlinkdim=1500 maxerr=9.11E-09 time=297.667
After sweep 7 energy=-126.279848765559  maxlinkdim=1500 maxerr=2.59E-08 time=297.837
After sweep 8 energy=-126.42384927902155  maxlinkdim=1500 maxerr=2.97E-08 time=303.280
After sweep 9 energy=-126.5459881069346  maxlinkdim=1500 maxerr=1.29E-07 time=301.419
After sweep 10 energy=-126.68609208733977  maxlinkdim=1500 maxerr=1.67E-07 time=305.289
After sweep 11 energy=-126.78442136247219  maxlinkdim=1500 maxerr=1.52E-07 time=305.939
After sweep 12 energy=-126.87755713703815  maxlinkdim=1500 maxerr=1.04E-06 time=307.038
After sweep 13 energy=-126.94504877814812  maxlinkdim=1500 maxerr=1.80E-06 time=305.022
After sweep 14 energy=-126.9994180434987  maxlinkdim=1500 maxerr=7.60E-07 time=289.459
After sweep 15 energy=-127.04057959582805  maxlinkdim=1500 maxerr=2.06E-07 time=292.264
After sweep 16 energy=-127.0769037506394  maxlinkdim=1500 maxerr=2.87E-07 time=296.841
After sweep 17 energy=-127.10953341014412  maxlinkdim=1500 maxerr=6.60E-07 time=293.194
After sweep 18 energy=-127.1395318184333  maxlinkdim=1500 maxerr=1.19E-06 time=298.825
After sweep 19 energy=-127.16171691656618  maxlinkdim=1500 maxerr=3.56E-07 time=301.786
After sweep 20 energy=-127.17898100732619  maxlinkdim=1500 maxerr=2.92E-07 time=301.864
After sweep 21 energy=-127.19470777237267  maxlinkdim=1500 maxerr=4.80E-07 time=292.729
After sweep 22 energy=-127.2101180756233  maxlinkdim=1500 maxerr=8.97E-07 time=292.782
After sweep 23 energy=-127.22525794700812  maxlinkdim=1500 maxerr=3.62E-06 time=299.150
After sweep 24 energy=-127.23937430394639  maxlinkdim=1500 maxerr=9.05E-07 time=300.510
After sweep 25 energy=-127.25230673258179  maxlinkdim=1500 maxerr=7.11E-07 time=295.552
After sweep 26 energy=-127.26325189733868  maxlinkdim=1500 maxerr=7.36E-07 time=298.247
After sweep 27 energy=-127.2751446586542  maxlinkdim=1500 maxerr=7.22E-07 time=298.012
After sweep 28 energy=-127.28893052648705  maxlinkdim=1500 maxerr=7.36E-06 time=312.062
After sweep 29 energy=-127.30102462674246  maxlinkdim=1500 maxerr=1.87E-06 time=297.577
After sweep 30 energy=-127.30956054919018  maxlinkdim=1500 maxerr=9.88E-07 time=296.963
After sweep 31 energy=-127.3178913670779  maxlinkdim=1500 maxerr=1.01E-06 time=301.974
After sweep 32 energy=-127.32522891742215  maxlinkdim=1500 maxerr=2.02E-06 time=300.561
After sweep 33 energy=-127.33188389578692  maxlinkdim=1500 maxerr=1.19E-06 time=302.936
After sweep 34 energy=-127.33702238642339  maxlinkdim=1500 maxerr=1.86E-06 time=304.669
After sweep 35 energy=-127.34210627262743  maxlinkdim=1500 maxerr=3.73E-06 time=311.886
After sweep 36 energy=-127.34553539093744  maxlinkdim=1500 maxerr=1.74E-06 time=319.239
After sweep 37 energy=-127.34863933317718  maxlinkdim=1500 maxerr=1.94E-06 time=312.856
After sweep 38 energy=-127.3515104592441  maxlinkdim=1500 maxerr=2.25E-06 time=309.853
After sweep 39 energy=-127.35368259697769  maxlinkdim=1500 maxerr=2.34E-06 time=310.312
After sweep 40 energy=-127.35525042766204  maxlinkdim=1500 maxerr=3.57E-06 time=311.114
After sweep 41 energy=-127.35615536929504  maxlinkdim=1500 maxerr=2.66E-06 time=309.044
After sweep 42 energy=-127.35644066655456  maxlinkdim=1500 maxerr=2.25E-06 time=308.436
After sweep 43 energy=-127.3565280895682  maxlinkdim=1500 maxerr=2.22E-06 time=305.732
Stopping DMRG after sweep 43
  E(N) = -127.3565280895682

============================================================
RESULTS:
  E(118) = -129.76890705577964
  E(119) = -128.48000511027163
  E(120)     = -127.3565280895682
  E_p = -0.16542492  (attractive hole pairing)
============================================================
RESULT: E_p = -0.16542492480459714
E_p calculation completed
