outfile_name: results_U_-4.0_t_p_0.025.h5
[ Info:  started timer at: 2025-11-11T10:10:40.657
Resuming from checkpoint results_U_-4.0_t_p_0.025.h5
Resuming with mu_init=-2.6530561945336553
Running with t_p=0.025 U=-4.0 L=100 chi_max=300 E_p=1.476 mu_init=-2.6530561945336553
After sweep 1 energy=-4.68654269301081  maxlinkdim=16 maxerr=6.44E-11 time=29.674
After sweep 2 energy=-5.795353285443392  maxlinkdim=99 maxerr=9.98E-11 time=4.963
After sweep 3 energy=-5.8852077206311275  maxlinkdim=117 maxerr=1.00E-10 time=8.067
After sweep 4 energy=-5.931703176806008  maxlinkdim=127 maxerr=1.00E-10 time=9.024
After sweep 5 energy=-5.9591811497416405  maxlinkdim=128 maxerr=9.99E-11 time=9.319
After sweep 6 energy=-5.979131104035263  maxlinkdim=146 maxerr=1.00E-10 time=9.304
After sweep 7 energy=-5.995787436256178  maxlinkdim=138 maxerr=9.98E-11 time=9.657
After sweep 8 energy=-6.007202012271117  maxlinkdim=207 maxerr=1.00E-10 time=10.662
After sweep 9 energy=-6.013330070906023  maxlinkdim=176 maxerr=1.00E-10 time=10.949
After sweep 10 energy=-6.018336624906273  maxlinkdim=218 maxerr=9.99E-11 time=11.279
After sweep 11 energy=-6.024171111376908  maxlinkdim=200 maxerr=1.00E-10 time=12.669
After sweep 12 energy=-6.027427028811784  maxlinkdim=157 maxerr=1.00E-10 time=13.725
After sweep 13 energy=-6.030581838466457  maxlinkdim=230 maxerr=1.00E-10 time=14.423
After sweep 14 energy=-6.032902245112664  maxlinkdim=300 maxerr=2.77E-10 time=16.564
After sweep 15 energy=-6.034116362127442  maxlinkdim=300 maxerr=3.00E-10 time=18.129
After sweep 16 energy=-6.034920524752012  maxlinkdim=300 maxerr=4.94E-10 time=18.315
After sweep 17 energy=-6.035553343409997  maxlinkdim=278 maxerr=1.00E-10 time=19.153
After sweep 18 energy=-6.036110065340939  maxlinkdim=300 maxerr=2.01E-10 time=20.773
After sweep 19 energy=-6.036703432945877  maxlinkdim=300 maxerr=1.97E-10 time=25.010
After sweep 20 energy=-6.036977574002189  maxlinkdim=300 maxerr=3.10E-09 time=29.451
After sweep 21 energy=-6.037078635352705  maxlinkdim=300 maxerr=6.29E-10 time=30.689
After sweep 22 energy=-6.037182769380814  maxlinkdim=300 maxerr=1.33E-09 time=33.070
After sweep 23 energy=-6.0372253332637476  maxlinkdim=300 maxerr=9.64E-10 time=38.099
After sweep 24 energy=-6.037237834580335  maxlinkdim=300 maxerr=3.60E-10 time=40.562
After sweep 25 energy=-6.037242887354557  maxlinkdim=300 maxerr=4.92E-10 time=43.869
After sweep 26 energy=-6.0372454922323975  maxlinkdim=300 maxerr=6.27E-10 time=47.993
After sweep 27 energy=-6.037246655208447  maxlinkdim=300 maxerr=4.42E-10 time=54.531
After sweep 28 energy=-6.03724689981828  maxlinkdim=300 maxerr=3.21E-10 time=57.744
After sweep 29 energy=-6.037246932192574  maxlinkdim=300 maxerr=1.88E-10 time=57.627
After sweep 30 energy=-6.037246935851844  maxlinkdim=300 maxerr=1.49E-10 time=57.240
After sweep 31 energy=-6.037246936892909  maxlinkdim=300 maxerr=1.48E-10 time=57.019
After sweep 32 energy=-6.03724693702341  maxlinkdim=300 maxerr=1.50E-10 time=57.147
After sweep 33 energy=-6.03724693713392  maxlinkdim=300 maxerr=1.51E-10 time=56.712
After sweep 34 energy=-6.037246937149806  maxlinkdim=300 maxerr=1.52E-10 time=56.499
After sweep 35 energy=-6.03724693717143  maxlinkdim=300 maxerr=1.52E-10 time=56.155
After sweep 36 energy=-6.037246937210224  maxlinkdim=300 maxerr=1.52E-10 time=56.230
After sweep 37 energy=-6.037246937207733  maxlinkdim=300 maxerr=1.53E-10 time=56.092
After sweep 38 energy=-6.037246937176713  maxlinkdim=300 maxerr=1.53E-10 time=56.149
After sweep 39 energy=-6.037246937176418  maxlinkdim=300 maxerr=1.53E-10 time=56.062
After sweep 40 energy=-6.0372469371753645  maxlinkdim=300 maxerr=1.53E-10 time=55.757
Not same mu, searching again
After sweep 1 energy=-7.184271716248479  maxlinkdim=16 maxerr=6.46E-11 time=1.023
After sweep 2 energy=-8.292508197399505  maxlinkdim=98 maxerr=1.00E-10 time=4.436
After sweep 3 energy=-8.383153598001751  maxlinkdim=112 maxerr=1.00E-10 time=7.576
After sweep 4 energy=-8.432413307269128  maxlinkdim=146 maxerr=9.99E-11 time=8.569
After sweep 5 energy=-8.460962940473877  maxlinkdim=139 maxerr=9.98E-11 time=9.304
After sweep 6 energy=-8.480140455067051  maxlinkdim=149 maxerr=9.99E-11 time=9.258
After sweep 7 energy=-8.495048949111721  maxlinkdim=180 maxerr=1.00E-10 time=9.253
After sweep 8 energy=-8.508364666451405  maxlinkdim=191 maxerr=9.99E-11 time=10.194
After sweep 9 energy=-8.521026252270257  maxlinkdim=300 maxerr=2.25E-10 time=10.924
After sweep 10 energy=-8.53666188180362  maxlinkdim=198 maxerr=9.99E-11 time=11.993
After sweep 11 energy=-8.554142720776625  maxlinkdim=248 maxerr=9.99E-11 time=12.414
After sweep 12 energy=-8.586710059522586  maxlinkdim=300 maxerr=2.47E-09 time=13.087
After sweep 13 energy=-8.607795477367711  maxlinkdim=214 maxerr=9.99E-11 time=13.546
After sweep 14 energy=-8.63404576897457  maxlinkdim=300 maxerr=1.08E-09 time=14.472
After sweep 15 energy=-8.64948787918936  maxlinkdim=253 maxerr=1.00E-10 time=14.965
After sweep 16 energy=-8.662920406679833  maxlinkdim=203 maxerr=9.99E-11 time=15.148
After sweep 17 energy=-8.670470033906307  maxlinkdim=300 maxerr=1.62E-10 time=16.175
After sweep 18 energy=-8.674361156752022  maxlinkdim=300 maxerr=3.18E-10 time=16.334
After sweep 19 energy=-8.677650644454012  maxlinkdim=255 maxerr=1.00E-10 time=16.332
After sweep 20 energy=-8.679829826570588  maxlinkdim=299 maxerr=1.24E-09 time=16.916
After sweep 21 energy=-8.681531494344272  maxlinkdim=295 maxerr=9.99E-11 time=17.599
After sweep 22 energy=-8.68256946802462  maxlinkdim=293 maxerr=1.00E-10 time=17.653
After sweep 23 energy=-8.683621956210574  maxlinkdim=300 maxerr=7.34E-10 time=18.297
After sweep 24 energy=-8.685276138763003  maxlinkdim=300 maxerr=6.48E-10 time=25.969
After sweep 25 energy=-8.685768597517226  maxlinkdim=300 maxerr=5.11E-09 time=29.403
After sweep 26 energy=-8.686003674336513  maxlinkdim=300 maxerr=2.20E-09 time=28.948
After sweep 27 energy=-8.68621965973502  maxlinkdim=292 maxerr=3.92E-09 time=32.249
After sweep 28 energy=-8.686318504790123  maxlinkdim=300 maxerr=2.69E-10 time=36.204
After sweep 29 energy=-8.686379658179606  maxlinkdim=300 maxerr=6.31E-10 time=38.079
After sweep 30 energy=-8.686411657212012  maxlinkdim=295 maxerr=1.42E-09 time=38.863
After sweep 31 energy=-8.686433714320938  maxlinkdim=300 maxerr=2.09E-09 time=39.883
After sweep 32 energy=-8.686447881255635  maxlinkdim=300 maxerr=1.54E-09 time=44.246
After sweep 33 energy=-8.68645512041068  maxlinkdim=300 maxerr=1.45E-09 time=48.391
After sweep 34 energy=-8.686458713189907  maxlinkdim=300 maxerr=1.69E-09 time=54.428
After sweep 35 energy=-8.686460360317916  maxlinkdim=300 maxerr=1.02E-09 time=58.057
After sweep 36 energy=-8.686460703250301  maxlinkdim=300 maxerr=6.91E-10 time=59.383
After sweep 37 energy=-8.686460741545394  maxlinkdim=300 maxerr=4.44E-10 time=58.765
After sweep 38 energy=-8.686460745916541  maxlinkdim=300 maxerr=3.57E-10 time=58.237
After sweep 39 energy=-8.686460746828526  maxlinkdim=300 maxerr=3.58E-10 time=58.065
After sweep 40 energy=-8.68646074713151  maxlinkdim=300 maxerr=3.60E-10 time=58.112
n0: 0.5000869928703353; n1: 0.5587492414845763; mu0: -2.6530561945336553; mu1: -2.6030561945336554
After sweep 1 energy=-4.68654269301081  maxlinkdim=16 maxerr=6.44E-11 time=1.057
After sweep 2 energy=-5.795353285443392  maxlinkdim=99 maxerr=9.98E-11 time=4.442
After sweep 3 energy=-5.8852077206311275  maxlinkdim=117 maxerr=1.00E-10 time=7.524
After sweep 4 energy=-5.931703176806008  maxlinkdim=127 maxerr=1.00E-10 time=8.535
After sweep 5 energy=-5.9591811497416405  maxlinkdim=128 maxerr=9.99E-11 time=8.877
After sweep 6 energy=-5.979131104035263  maxlinkdim=146 maxerr=1.00E-10 time=8.899
After sweep 7 energy=-5.995787436256178  maxlinkdim=138 maxerr=9.98E-11 time=9.176
After sweep 8 energy=-6.007202012271117  maxlinkdim=207 maxerr=1.00E-10 time=10.002
After sweep 9 energy=-6.013330070906023  maxlinkdim=176 maxerr=1.00E-10 time=10.445
After sweep 10 energy=-6.018336624906273  maxlinkdim=218 maxerr=9.99E-11 time=10.473
After sweep 11 energy=-6.024171111376908  maxlinkdim=200 maxerr=1.00E-10 time=12.024
After sweep 12 energy=-6.027427028811784  maxlinkdim=157 maxerr=1.00E-10 time=12.801
After sweep 13 energy=-6.030581838466457  maxlinkdim=230 maxerr=1.00E-10 time=13.452
After sweep 14 energy=-6.032902245112664  maxlinkdim=300 maxerr=2.77E-10 time=15.085
After sweep 15 energy=-6.034116362127442  maxlinkdim=300 maxerr=3.00E-10 time=16.396
After sweep 16 energy=-6.034920524752012  maxlinkdim=300 maxerr=4.94E-10 time=16.476
After sweep 17 energy=-6.035553343409997  maxlinkdim=278 maxerr=1.00E-10 time=17.444
After sweep 18 energy=-6.036110065340939  maxlinkdim=300 maxerr=2.01E-10 time=18.679
After sweep 19 energy=-6.036703432945877  maxlinkdim=300 maxerr=1.97E-10 time=22.078
After sweep 20 energy=-6.036977574002189  maxlinkdim=300 maxerr=3.10E-09 time=25.440
After sweep 21 energy=-6.037078635352705  maxlinkdim=300 maxerr=6.29E-10 time=26.946
After sweep 22 energy=-6.037182769380814  maxlinkdim=300 maxerr=1.33E-09 time=28.573
After sweep 23 energy=-6.0372253332637476  maxlinkdim=300 maxerr=9.64E-10 time=32.906
After sweep 24 energy=-6.037237834580335  maxlinkdim=300 maxerr=3.60E-10 time=35.065
After sweep 25 energy=-6.037242887354557  maxlinkdim=300 maxerr=4.92E-10 time=38.210
After sweep 26 energy=-6.0372454922323975  maxlinkdim=300 maxerr=6.27E-10 time=41.611
After sweep 27 energy=-6.037246655208447  maxlinkdim=300 maxerr=4.42E-10 time=48.999
After sweep 28 energy=-6.03724689981828  maxlinkdim=300 maxerr=3.21E-10 time=51.582
After sweep 29 energy=-6.037246932192574  maxlinkdim=300 maxerr=1.88E-10 time=51.647
After sweep 30 energy=-6.037246935851844  maxlinkdim=300 maxerr=1.49E-10 time=51.591
After sweep 31 energy=-6.037246936892909  maxlinkdim=300 maxerr=1.48E-10 time=51.532
After sweep 32 energy=-6.03724693702341  maxlinkdim=300 maxerr=1.50E-10 time=51.245
After sweep 33 energy=-6.03724693713392  maxlinkdim=300 maxerr=1.51E-10 time=51.441
After sweep 34 energy=-6.037246937149806  maxlinkdim=300 maxerr=1.52E-10 time=51.314
After sweep 35 energy=-6.03724693717143  maxlinkdim=300 maxerr=1.52E-10 time=51.196
After sweep 36 energy=-6.037246937210224  maxlinkdim=300 maxerr=1.52E-10 time=51.375
After sweep 37 energy=-6.037246937207733  maxlinkdim=300 maxerr=1.53E-10 time=51.255
After sweep 38 energy=-6.037246937176713  maxlinkdim=300 maxerr=1.53E-10 time=50.885
After sweep 39 energy=-6.037246937176418  maxlinkdim=300 maxerr=1.53E-10 time=50.734
After sweep 40 energy=-6.0372469371753645  maxlinkdim=300 maxerr=1.53E-10 time=50.995
n_target < n1 and n_target < n0 triggered
n0: 0.5587492414845763; n1: 0.5000869928703353; mu0: -2.6030561945336554; mu1: -2.6530561945336553
After sweep 1 energy=-2.198187093113304  maxlinkdim=16 maxerr=8.47E-11 time=1.109
After sweep 2 energy=-3.3015015216761876  maxlinkdim=100 maxerr=1.00E-10 time=4.449
After sweep 3 energy=-3.392343965908531  maxlinkdim=121 maxerr=1.00E-10 time=7.597
After sweep 4 energy=-3.4366598598269333  maxlinkdim=139 maxerr=1.00E-10 time=8.627
After sweep 5 energy=-3.4626594967479143  maxlinkdim=125 maxerr=9.99E-11 time=8.504
After sweep 6 energy=-3.486566173528639  maxlinkdim=194 maxerr=9.99E-11 time=8.526
After sweep 7 energy=-3.514915571014028  maxlinkdim=234 maxerr=9.98E-11 time=9.946
After sweep 8 energy=-3.55236079595984  maxlinkdim=168 maxerr=9.99E-11 time=10.757
After sweep 9 energy=-3.5758738829299355  maxlinkdim=224 maxerr=9.99E-11 time=9.828
After sweep 10 energy=-3.602858646784766  maxlinkdim=281 maxerr=9.98E-11 time=9.783
After sweep 11 energy=-3.625698635978403  maxlinkdim=246 maxerr=9.98E-11 time=10.405
After sweep 12 energy=-3.637831161024924  maxlinkdim=166 maxerr=1.00E-10 time=10.017
After sweep 13 energy=-3.647775429282743  maxlinkdim=134 maxerr=9.99E-11 time=8.982
After sweep 14 energy=-3.657384467682931  maxlinkdim=123 maxerr=9.99E-11 time=8.742
After sweep 15 energy=-3.668399394804497  maxlinkdim=126 maxerr=1.00E-10 time=8.863
After sweep 16 energy=-3.675654712112575  maxlinkdim=117 maxerr=9.99E-11 time=8.951
After sweep 17 energy=-3.6831427929276117  maxlinkdim=289 maxerr=9.98E-11 time=9.682
After sweep 18 energy=-3.6872602492310613  maxlinkdim=167 maxerr=9.99E-11 time=10.065
After sweep 19 energy=-3.6912215687925927  maxlinkdim=169 maxerr=1.00E-10 time=10.071
After sweep 20 energy=-3.6946493352531546  maxlinkdim=161 maxerr=1.00E-10 time=10.951
After sweep 21 energy=-3.698945218485514  maxlinkdim=260 maxerr=9.99E-11 time=13.488
After sweep 22 energy=-3.699837547615626  maxlinkdim=172 maxerr=1.00E-10 time=13.918
After sweep 23 energy=-3.7005334521775595  maxlinkdim=216 maxerr=1.00E-10 time=14.143
After sweep 24 energy=-3.7010122490089845  maxlinkdim=238 maxerr=1.00E-10 time=15.328
After sweep 25 energy=-3.701253869418117  maxlinkdim=217 maxerr=1.00E-10 time=16.000
After sweep 26 energy=-3.7014486111510267  maxlinkdim=291 maxerr=1.02E-10 time=18.161
After sweep 27 energy=-3.701519112667671  maxlinkdim=246 maxerr=1.00E-10 time=20.106
After sweep 28 energy=-3.7015548521122374  maxlinkdim=278 maxerr=9.99E-11 time=21.395
After sweep 29 energy=-3.7015718511991604  maxlinkdim=252 maxerr=1.00E-10 time=24.531
After sweep 30 energy=-3.701578132062587  maxlinkdim=237 maxerr=1.00E-10 time=26.570
After sweep 31 energy=-3.7015806246982743  maxlinkdim=270 maxerr=1.00E-10 time=28.458
After sweep 32 energy=-3.701581502015469  maxlinkdim=261 maxerr=9.99E-11 time=31.710
After sweep 33 energy=-3.7015817326082465  maxlinkdim=271 maxerr=1.00E-10 time=35.113
After sweep 34 energy=-3.701581756299686  maxlinkdim=257 maxerr=1.00E-10 time=35.182
After sweep 35 energy=-3.701581755512756  maxlinkdim=253 maxerr=1.00E-10 time=33.850
After sweep 36 energy=-3.70158175607426  maxlinkdim=252 maxerr=1.00E-10 time=33.491
After sweep 37 energy=-3.7015817565026863  maxlinkdim=253 maxerr=9.98E-11 time=33.563
After sweep 38 energy=-3.701581756587407  maxlinkdim=253 maxerr=1.00E-10 time=33.620
After sweep 39 energy=-3.7015817568314  maxlinkdim=253 maxerr=1.00E-10 time=33.620
After sweep 40 energy=-3.701581756852563  maxlinkdim=253 maxerr=9.99E-11 time=33.440
n_target < n1 and n_target < n0 triggered
n0: 0.5000869928703353; n1: 0.43202646159873387; mu0: -2.6530561945336553; mu1: -2.703056194533655

Range found between mu0: -2.6530561945336553 (n0: 0.5000869928703353) and mu1: -2.703056194533655 (n1: 0.43202646159873387); refining...
n0: 0.5000869928703353; n1: 0.43202646159873387; mu0: -2.6530561945336553; mu1: -2.703056194533655
Trying secant step...
After sweep 1 energy=-4.6833398703411335  maxlinkdim=16 maxerr=6.44E-11 time=1.122
After sweep 2 energy=-5.792006606815964  maxlinkdim=99 maxerr=1.00E-10 time=4.418
After sweep 3 energy=-5.881484247051202  maxlinkdim=117 maxerr=1.00E-10 time=7.416
After sweep 4 energy=-5.928700587454576  maxlinkdim=137 maxerr=9.99E-11 time=8.379
After sweep 5 energy=-5.957768017690164  maxlinkdim=149 maxerr=9.99E-11 time=8.873
After sweep 6 energy=-5.976658281369885  maxlinkdim=155 maxerr=1.00E-10 time=8.903
After sweep 7 energy=-5.991920721522021  maxlinkdim=196 maxerr=1.00E-10 time=9.426
After sweep 8 energy=-6.003449579706186  maxlinkdim=175 maxerr=9.99E-11 time=9.933
After sweep 9 energy=-6.009940095453139  maxlinkdim=271 maxerr=1.00E-10 time=10.159
After sweep 10 energy=-6.015105971178486  maxlinkdim=236 maxerr=1.00E-10 time=10.668
After sweep 11 energy=-6.020329825870879  maxlinkdim=297 maxerr=9.99E-11 time=11.783
After sweep 12 energy=-6.023661135538845  maxlinkdim=180 maxerr=9.99E-11 time=13.348
After sweep 13 energy=-6.026252836441753  maxlinkdim=253 maxerr=1.00E-10 time=13.709
After sweep 14 energy=-6.0279871371037475  maxlinkdim=229 maxerr=9.99E-11 time=14.284
After sweep 15 energy=-6.029383978219031  maxlinkdim=243 maxerr=1.00E-10 time=14.741
After sweep 16 energy=-6.030561733630849  maxlinkdim=300 maxerr=3.68E-10 time=15.690
After sweep 17 energy=-6.031460663568849  maxlinkdim=292 maxerr=9.99E-11 time=17.148
After sweep 18 energy=-6.032131243310465  maxlinkdim=224 maxerr=9.99E-11 time=17.445
After sweep 19 energy=-6.0326422944245754  maxlinkdim=228 maxerr=1.00E-10 time=18.053
After sweep 20 energy=-6.033124611313844  maxlinkdim=281 maxerr=1.00E-10 time=18.974
After sweep 21 energy=-6.033616608733303  maxlinkdim=300 maxerr=2.55E-10 time=21.907
After sweep 22 energy=-6.033790509483006  maxlinkdim=300 maxerr=3.24E-10 time=23.711
After sweep 23 energy=-6.033889204531894  maxlinkdim=279 maxerr=1.00E-10 time=24.727
After sweep 24 energy=-6.033957985874892  maxlinkdim=286 maxerr=1.00E-10 time=25.896
After sweep 25 energy=-6.034002152160816  maxlinkdim=300 maxerr=1.38E-10 time=28.384
After sweep 26 energy=-6.0340297599917605  maxlinkdim=300 maxerr=9.64E-10 time=29.661
After sweep 27 energy=-6.03404533850395  maxlinkdim=300 maxerr=3.08E-10 time=35.047
After sweep 28 energy=-6.034049476226601  maxlinkdim=300 maxerr=5.04E-10 time=39.878
After sweep 29 energy=-6.034050752636445  maxlinkdim=300 maxerr=3.73E-10 time=45.781
After sweep 30 energy=-6.034051067159783  maxlinkdim=300 maxerr=2.55E-10 time=48.743
After sweep 31 energy=-6.034051125350183  maxlinkdim=300 maxerr=2.55E-10 time=50.118
After sweep 32 energy=-6.034051131194176  maxlinkdim=300 maxerr=1.52E-10 time=50.166
After sweep 33 energy=-6.034051132607434  maxlinkdim=300 maxerr=1.47E-10 time=49.982
After sweep 34 energy=-6.034051132890284  maxlinkdim=300 maxerr=1.49E-10 time=49.728
After sweep 35 energy=-6.03405113298083  maxlinkdim=300 maxerr=1.51E-10 time=49.606
After sweep 36 energy=-6.03405113300926  maxlinkdim=300 maxerr=1.51E-10 time=50.009
After sweep 37 energy=-6.034051133006665  maxlinkdim=300 maxerr=1.52E-10 time=49.875
After sweep 38 energy=-6.034051133144766  maxlinkdim=300 maxerr=1.52E-10 time=49.345
After sweep 39 energy=-6.034051133142803  maxlinkdim=300 maxerr=1.52E-10 time=49.508
After sweep 40 energy=-6.034051133141224  maxlinkdim=300 maxerr=1.53E-10 time=49.770
n0: 0.43202646159873387; n1: 0.5000324072330863; mu0: -2.703056194533655; mu1: -2.6531201029903704
Trying secant step...
After sweep 1 energy=-4.682145103281787  maxlinkdim=16 maxerr=6.44E-11 time=1.139
After sweep 2 energy=-5.790698039332625  maxlinkdim=99 maxerr=1.00E-10 time=4.432
After sweep 3 energy=-5.879874423565921  maxlinkdim=117 maxerr=1.00E-10 time=7.406
After sweep 4 energy=-5.925275399067403  maxlinkdim=134 maxerr=1.00E-10 time=8.312
After sweep 5 energy=-5.952084828380601  maxlinkdim=133 maxerr=9.99E-11 time=8.357
After sweep 6 energy=-5.972261515850609  maxlinkdim=119 maxerr=1.00E-10 time=8.053
After sweep 7 energy=-5.992402085193476  maxlinkdim=166 maxerr=1.00E-10 time=9.199
After sweep 8 energy=-6.003464265606932  maxlinkdim=176 maxerr=9.99E-11 time=10.297
After sweep 9 energy=-6.009576779949086  maxlinkdim=173 maxerr=1.00E-10 time=9.966
After sweep 10 energy=-6.014272427807176  maxlinkdim=187 maxerr=9.98E-11 time=10.129
After sweep 11 energy=-6.018454355820411  maxlinkdim=222 maxerr=1.00E-10 time=10.485
After sweep 12 energy=-6.023082314942946  maxlinkdim=191 maxerr=9.99E-11 time=11.917
After sweep 13 energy=-6.026759776538684  maxlinkdim=176 maxerr=1.00E-10 time=14.139
After sweep 14 energy=-6.028975418453932  maxlinkdim=255 maxerr=1.00E-10 time=15.154
After sweep 15 energy=-6.03033689123134  maxlinkdim=298 maxerr=1.00E-10 time=16.756
After sweep 16 energy=-6.031149604605093  maxlinkdim=300 maxerr=1.15E-10 time=17.528
After sweep 17 energy=-6.031614532968095  maxlinkdim=238 maxerr=1.00E-10 time=17.769
After sweep 18 energy=-6.032018419704308  maxlinkdim=295 maxerr=1.00E-10 time=17.368
After sweep 19 energy=-6.032323077866626  maxlinkdim=300 maxerr=8.10E-10 time=18.489
After sweep 20 energy=-6.032479714904888  maxlinkdim=300 maxerr=1.32E-10 time=19.482
After sweep 21 energy=-6.032607986380723  maxlinkdim=300 maxerr=1.64E-10 time=21.064
After sweep 22 energy=-6.0326882144576475  maxlinkdim=264 maxerr=1.98E-10 time=22.809
After sweep 23 energy=-6.032772889893276  maxlinkdim=287 maxerr=1.00E-10 time=24.773
After sweep 24 energy=-6.032829924014373  maxlinkdim=300 maxerr=1.52E-09 time=30.692
After sweep 25 energy=-6.0328481682197355  maxlinkdim=300 maxerr=7.17E-10 time=33.210
After sweep 26 energy=-6.0328553680903365  maxlinkdim=300 maxerr=2.94E-10 time=35.691
After sweep 27 energy=-6.03285898647241  maxlinkdim=300 maxerr=5.22E-10 time=38.563
After sweep 28 energy=-6.032860892763632  maxlinkdim=300 maxerr=4.95E-10 time=45.658
After sweep 29 energy=-6.032861220963772  maxlinkdim=300 maxerr=2.92E-10 time=50.407
After sweep 30 energy=-6.032861259173126  maxlinkdim=300 maxerr=1.79E-10 time=51.062
After sweep 31 energy=-6.032861263262158  maxlinkdim=300 maxerr=1.49E-10 time=48.841
After sweep 32 energy=-6.032861264127225  maxlinkdim=300 maxerr=1.49E-10 time=49.080
After sweep 33 energy=-6.03286126437142  maxlinkdim=300 maxerr=1.50E-10 time=49.096
After sweep 34 energy=-6.032861264492405  maxlinkdim=300 maxerr=1.51E-10 time=49.957
After sweep 35 energy=-6.032861264466666  maxlinkdim=300 maxerr=1.52E-10 time=50.064
After sweep 36 energy=-6.0328612645308155  maxlinkdim=300 maxerr=1.52E-10 time=50.180
After sweep 37 energy=-6.032861264589998  maxlinkdim=300 maxerr=1.52E-10 time=49.734
After sweep 38 energy=-6.032861264588606  maxlinkdim=300 maxerr=1.53E-10 time=50.199
After sweep 39 energy=-6.032861264586334  maxlinkdim=300 maxerr=1.53E-10 time=50.289
After sweep 40 energy=-6.032861264583753  maxlinkdim=300 maxerr=1.53E-10 time=50.195
n0: 0.5000324072330863; n1: 0.500012086671294; mu0: -2.6531201029903704; mu1: -2.653143899300281
Trying secant step...
After sweep 1 energy=-4.681433791172707  maxlinkdim=16 maxerr=6.44E-11 time=1.157
After sweep 2 energy=-5.789949809663428  maxlinkdim=99 maxerr=9.99E-11 time=4.480
After sweep 3 energy=-5.8790363122907845  maxlinkdim=116 maxerr=9.99E-11 time=7.369
After sweep 4 energy=-5.925305308834936  maxlinkdim=137 maxerr=9.99E-11 time=8.252
After sweep 5 energy=-5.95392677820131  maxlinkdim=148 maxerr=1.00E-10 time=8.594
After sweep 6 energy=-5.976783537621966  maxlinkdim=139 maxerr=9.99E-11 time=8.923
After sweep 7 energy=-5.995268334778581  maxlinkdim=167 maxerr=1.00E-10 time=10.167
After sweep 8 energy=-6.004520212557411  maxlinkdim=160 maxerr=9.99E-11 time=10.404
After sweep 9 energy=-6.010921921581097  maxlinkdim=213 maxerr=9.99E-11 time=10.344
After sweep 10 energy=-6.01589597144963  maxlinkdim=167 maxerr=9.99E-11 time=11.093
After sweep 11 energy=-6.019692054669842  maxlinkdim=253 maxerr=9.98E-11 time=11.506
After sweep 12 energy=-6.0223388794233035  maxlinkdim=175 maxerr=9.98E-11 time=11.818
After sweep 13 energy=-6.025385858781473  maxlinkdim=210 maxerr=9.99E-11 time=13.402
After sweep 14 energy=-6.027136659359535  maxlinkdim=241 maxerr=1.00E-10 time=14.694
After sweep 15 energy=-6.028508918578464  maxlinkdim=294 maxerr=9.99E-11 time=15.134
After sweep 16 energy=-6.029833390202299  maxlinkdim=220 maxerr=1.00E-10 time=17.461
After sweep 17 energy=-6.030589904197844  maxlinkdim=204 maxerr=9.99E-11 time=18.421
After sweep 18 energy=-6.031183382730474  maxlinkdim=300 maxerr=2.53E-10 time=19.377
After sweep 19 energy=-6.031501292710088  maxlinkdim=239 maxerr=9.99E-11 time=20.144
After sweep 20 energy=-6.031786768528284  maxlinkdim=233 maxerr=1.00E-10 time=21.258
After sweep 21 energy=-6.031951665636271  maxlinkdim=247 maxerr=4.05E-10 time=23.501
After sweep 22 energy=-6.032050443426646  maxlinkdim=300 maxerr=5.04E-10 time=25.407
After sweep 23 energy=-6.032104117978583  maxlinkdim=300 maxerr=2.96E-10 time=28.369
After sweep 24 energy=-6.032127414570018  maxlinkdim=300 maxerr=3.78E-10 time=30.539
After sweep 25 energy=-6.032140904026201  maxlinkdim=300 maxerr=4.52E-10 time=33.153
After sweep 26 energy=-6.0321479732436485  maxlinkdim=300 maxerr=2.19E-10 time=37.170
After sweep 27 energy=-6.032151526997056  maxlinkdim=300 maxerr=6.45E-10 time=42.330
After sweep 28 energy=-6.0321530793472  maxlinkdim=300 maxerr=3.90E-10 time=47.064
After sweep 29 energy=-6.0321534664483725  maxlinkdim=300 maxerr=3.03E-10 time=49.908
After sweep 30 energy=-6.032153543497312  maxlinkdim=300 maxerr=2.91E-10 time=49.148
After sweep 31 energy=-6.032153551741986  maxlinkdim=300 maxerr=1.59E-10 time=48.998
After sweep 32 energy=-6.032153553164047  maxlinkdim=300 maxerr=1.47E-10 time=49.394
After sweep 33 energy=-6.032153553667149  maxlinkdim=300 maxerr=1.48E-10 time=49.576
After sweep 34 energy=-6.032153553748957  maxlinkdim=300 maxerr=1.50E-10 time=49.777
After sweep 35 energy=-6.032153553774069  maxlinkdim=300 maxerr=1.51E-10 time=50.320
After sweep 36 energy=-6.032153553845089  maxlinkdim=300 maxerr=1.52E-10 time=49.779
After sweep 37 energy=-6.032153553937518  maxlinkdim=300 maxerr=1.52E-10 time=50.086
After sweep 38 energy=-6.03215355392741  maxlinkdim=300 maxerr=1.53E-10 time=50.267
After sweep 39 energy=-6.0321535539267845  maxlinkdim=300 maxerr=1.53E-10 time=49.754
After sweep 40 energy=-6.032153553898264  maxlinkdim=300 maxerr=1.53E-10 time=49.903
FOUND MU (secant); mu: -2.653158053346751  n: 0.5000000005116353
Target density achieved with mu=-2.653158053346751, n=0.5000000005116353
Checking {alpha,beta} vs measured
NOT CONVERGED; updating alpha, beta and continuing...
After sweep 1 energy=-4.684084606078204  maxlinkdim=16 maxerr=9.65E-11 time=1.142
After sweep 2 energy=-5.807000446671364  maxlinkdim=98 maxerr=9.98E-11 time=4.594
After sweep 3 energy=-5.89689606578026  maxlinkdim=117 maxerr=1.00E-10 time=7.611
After sweep 4 energy=-5.938255299358344  maxlinkdim=145 maxerr=1.00E-10 time=8.367
After sweep 5 energy=-5.962812537185445  maxlinkdim=171 maxerr=1.00E-10 time=9.008
After sweep 6 energy=-5.979110834918661  maxlinkdim=136 maxerr=1.00E-10 time=8.675
After sweep 7 energy=-5.99549188508888  maxlinkdim=213 maxerr=1.00E-10 time=9.901
After sweep 8 energy=-6.003911797116853  maxlinkdim=203 maxerr=1.00E-10 time=10.724
After sweep 9 energy=-6.008968814804941  maxlinkdim=168 maxerr=1.00E-10 time=10.644
After sweep 10 energy=-6.014513222073826  maxlinkdim=176 maxerr=9.99E-11 time=11.349
After sweep 11 energy=-6.0173683129362905  maxlinkdim=156 maxerr=1.00E-10 time=12.016
After sweep 12 energy=-6.019273593106895  maxlinkdim=143 maxerr=9.99E-11 time=11.403
After sweep 13 energy=-6.021043658275031  maxlinkdim=198 maxerr=9.99E-11 time=11.794
After sweep 14 energy=-6.022436188828056  maxlinkdim=222 maxerr=9.99E-11 time=12.751
After sweep 15 energy=-6.023812516395366  maxlinkdim=287 maxerr=9.98E-11 time=14.272
After sweep 16 energy=-6.024805017248826  maxlinkdim=300 maxerr=1.25E-10 time=14.643
After sweep 17 energy=-6.025565543369941  maxlinkdim=300 maxerr=3.07E-10 time=15.525
After sweep 18 energy=-6.026320230190363  maxlinkdim=282 maxerr=1.45E-10 time=17.399
After sweep 19 energy=-6.02719705187667  maxlinkdim=257 maxerr=1.03E-10 time=20.814
After sweep 20 energy=-6.027682806336137  maxlinkdim=277 maxerr=1.00E-10 time=24.188
After sweep 21 energy=-6.027926228003919  maxlinkdim=285 maxerr=1.81E-10 time=25.050
After sweep 22 energy=-6.028083980585024  maxlinkdim=300 maxerr=5.39E-10 time=25.594
After sweep 23 energy=-6.02820379007236  maxlinkdim=300 maxerr=1.19E-09 time=26.423
After sweep 24 energy=-6.028269072171495  maxlinkdim=300 maxerr=1.08E-09 time=30.902
After sweep 25 energy=-6.028300791901307  maxlinkdim=300 maxerr=1.24E-09 time=35.020
After sweep 26 energy=-6.028313138206609  maxlinkdim=300 maxerr=3.59E-10 time=38.376
After sweep 27 energy=-6.028319183172543  maxlinkdim=300 maxerr=2.39E-10 time=41.173
After sweep 28 energy=-6.028322241963747  maxlinkdim=300 maxerr=8.16E-10 time=45.782
After sweep 29 energy=-6.028323101230216  maxlinkdim=300 maxerr=5.08E-10 time=50.910
After sweep 30 energy=-6.028323298499733  maxlinkdim=300 maxerr=4.47E-10 time=52.753
After sweep 31 energy=-6.028323326976146  maxlinkdim=300 maxerr=2.82E-10 time=51.556
After sweep 32 energy=-6.0283233310604505  maxlinkdim=300 maxerr=2.43E-10 time=51.531
srun: Job step aborted: Waiting up to 32 seconds for job step to finish.
slurmstepd: error: *** STEP 45103371.0 ON nid005535 CANCELLED AT 2025-11-11T20:29:37 ***
slurmstepd: error: *** JOB 45103371 ON nid005535 CANCELLED AT 2025-11-11T20:29:37 ***

