outfile_name: results_U_-4.0_t_p_0.2.h5
[ Info:  started timer at: 2025-11-11T23:34:07.961
Resuming from checkpoint results_U_-4.0_t_p_0.2.h5
Resuming with mu_init=-2.5993129440376492
Running with t_p=0.2 U=-4.0 L=100 chi_max=300 E_p=1.476 mu_init=-2.5993129440376492
After sweep 1 energy=-7.633210860439512  maxlinkdim=16 maxerr=9.70E-11 time=29.483
After sweep 2 energy=-9.10121720696408  maxlinkdim=76 maxerr=1.00E-10 time=3.986
After sweep 3 energy=-9.360302755825172  maxlinkdim=110 maxerr=1.00E-10 time=7.487
After sweep 4 energy=-9.464304194378608  maxlinkdim=91 maxerr=1.00E-10 time=7.234
After sweep 5 energy=-9.520305963060755  maxlinkdim=86 maxerr=1.00E-10 time=6.822
After sweep 6 energy=-9.550669072393005  maxlinkdim=126 maxerr=9.99E-11 time=6.485
After sweep 7 energy=-9.56487152903781  maxlinkdim=119 maxerr=9.99E-11 time=6.655
After sweep 8 energy=-9.571678866006756  maxlinkdim=110 maxerr=9.98E-11 time=6.434
After sweep 9 energy=-9.574549767614299  maxlinkdim=101 maxerr=9.99E-11 time=6.438
After sweep 10 energy=-9.575194472184888  maxlinkdim=83 maxerr=1.00E-10 time=6.736
After sweep 11 energy=-9.575297740047551  maxlinkdim=83 maxerr=9.98E-11 time=6.746
After sweep 12 energy=-9.575314212565848  maxlinkdim=83 maxerr=1.00E-10 time=6.667
After sweep 13 energy=-9.575314937188812  maxlinkdim=75 maxerr=9.99E-11 time=6.917
After sweep 14 energy=-9.575314936759804  maxlinkdim=67 maxerr=9.91E-11 time=6.658
After sweep 15 energy=-9.575314936805686  maxlinkdim=67 maxerr=9.55E-11 time=6.652
After sweep 16 energy=-9.57531493680779  maxlinkdim=67 maxerr=9.55E-11 time=6.855
After sweep 17 energy=-9.575314936809239  maxlinkdim=67 maxerr=9.54E-11 time=6.815
After sweep 18 energy=-9.575314936810202  maxlinkdim=67 maxerr=9.54E-11 time=6.708
After sweep 19 energy=-9.575314936810614  maxlinkdim=67 maxerr=9.54E-11 time=6.859
After sweep 20 energy=-9.575314936810805  maxlinkdim=67 maxerr=9.54E-11 time=6.695
After sweep 21 energy=-9.575314936810894  maxlinkdim=67 maxerr=9.54E-11 time=6.779
After sweep 22 energy=-9.575314936810887  maxlinkdim=67 maxerr=9.54E-11 time=6.866
After sweep 23 energy=-9.575314936810916  maxlinkdim=67 maxerr=9.54E-11 time=6.618
After sweep 24 energy=-9.575314936810905  maxlinkdim=67 maxerr=9.54E-11 time=6.672
After sweep 25 energy=-9.57531493681098  maxlinkdim=67 maxerr=9.54E-11 time=6.904
After sweep 26 energy=-9.575314936810962  maxlinkdim=67 maxerr=9.54E-11 time=6.685
After sweep 27 energy=-9.575314936810951  maxlinkdim=67 maxerr=9.54E-11 time=6.670
After sweep 28 energy=-9.575314936810916  maxlinkdim=67 maxerr=9.54E-11 time=6.872
After sweep 29 energy=-9.575314936810921  maxlinkdim=67 maxerr=9.54E-11 time=6.660
After sweep 30 energy=-9.575314936810996  maxlinkdim=67 maxerr=9.54E-11 time=6.693
Same mu: -2.5993129440376492 and continuing
Target density achieved with mu=-2.5993129440376492, n=0.4999980267519406
Checking {alpha,beta} vs measured
Converged {alpha,beta}. mu=-2.5993129440376492, n=0.4999980267519406
Exiting loop
ERROR: LoadError: BoundsError: attempt to access Tuple{Matrix{Float64}, Array{Float64, 3}, Float64, Float64, MPS, Float64, Vector{Index{Vector{Pair{QN, Int64}}}}, MPO} at index [9]
Stacktrace:
 [1] indexed_iterate
   @ ./tuple.jl:159 [inlined]
 [2] run_loop(L::Int64, t::Float64, U::Float64, t_p::Float64, mu_init::Float64, n_target::Float64, r_range::Int64, z_c::Int64, E_p::Float64, chi_max::Int64; nsweeps::Int64, cutoff::Float64)
   @ Main /global/u2/k/kwang98/MPS-MFT/main_loop_script.jl:417
 [3] run_loop(L::Int64, t::Float64, U::Float64, t_p::Float64, mu_init::Float64, n_target::Float64, r_range::Int64, z_c::Int64, E_p::Float64, chi_max::Int64)
   @ Main /global/u2/k/kwang98/MPS-MFT/main_loop_script.jl:377
 [4] top-level scope
   @ /global/u2/k/kwang98/MPS-MFT/main_loop_script.jl:554
in expression starting at /global/u2/k/kwang98/MPS-MFT/main_loop_script.jl:554
srun: error: nid008268: task 0: Exited with exit code 1
srun: Terminating StepId=45144927.0
Not completed, resubmitting...
Submitted batch job 45145231
